[log] /scratch/users/ntu/kenneth0/FYP-SmartObjectCounter/logs/benchmark_bm_sota/benchmark_bm_sota_infer_13208526.pbs101_20260317_194831.log
[job] name=benchmark_bm_sota_infer id=13208526.pbs101 host=x1000c0s4b0n1 time=Tue Mar 17 19:48:31 +08 2026
[repo] /scratch/users/ntu/kenneth0/FYP-SmartObjectCounter
[third_party] /scratch/users/ntu/kenneth0/FYP-SmartObjectCounter/third_party/Broker-Modality-Crowd-Counting
[venv] NONE
torch 2.6.0+cu118
timm 1.0.25
numpy 2.2.4
PIL 11.1.0
NVIDIA A100-SXM4-40GB, 40960 MiB, 550.163.01
[ckpt] /scratch/users/ntu/kenneth0/FYP-SmartObjectCounter/weights/broker_modality/released_finetuned_model.ckpt
[run] fp32 synthetic
[init] using local VGG19 backbone: /scratch/users/ntu/kenneth0/FYP-SmartObjectCounter/weights/broker_modality/vgg19-dcbb9e9d.pth
_IncompatibleKeys(missing_keys=['unet.cross_att.norm.weight', 'unet.cross_att.norm.bias', 'unet.cross_att.feature.0.weight', 'unet.cross_att.feature.0.bias', 'unet.cross_att.feature.3.weight', 'unet.cross_att.feature.3.bias', 'unet.cross_att.feature.6.weight', 'unet.cross_att.feature.6.bias', 'unet.cross_att.feature.8.weight', 'unet.cross_att.feature.8.bias', 'unet.cross_att.blocks.0.norm1_q.weight', 'unet.cross_att.blocks.0.norm1_q.bias', 'unet.cross_att.blocks.0.norm1_kv.weight', 'unet.cross_att.blocks.0.norm1_kv.bias', 'unet.cross_att.blocks.0.attn.kv.weight', 'unet.cross_att.blocks.0.attn.kv.bias', 'unet.cross_att.blocks.0.attn.q.weight', 'unet.cross_att.blocks.0.attn.q.bias', 'unet.cross_att.blocks.0.attn.proj.weight', 'unet.cross_att.blocks.0.attn.proj.bias', 'unet.cross_att.blocks.0.norm2.weight', 'unet.cross_att.blocks.0.norm2.bias', 'unet.cross_att.blocks.0.mlp.fc1.weight', 'unet.cross_att.blocks.0.mlp.fc1.bias', 'unet.cross_att.blocks.0.mlp.fc2.weight', 'unet.cross_att.blocks.0.mlp.fc2.bias', 'unet.pre_conv_rgb.conv.0.weight', 'unet.pre_conv_rgb.conv.0.bias', 'unet.pre_conv_rgb.conv.2.weight', 'unet.pre_conv_rgb.conv.2.bias', 'unet.pre_conv_t.conv.0.weight', 'unet.pre_conv_t.conv.0.bias', 'unet.pre_conv_t.conv.2.weight', 'unet.pre_conv_t.conv.2.bias', 'unet.conv1.conv.0.weight', 'unet.conv1.conv.0.bias', 'unet.conv1.conv.2.weight', 'unet.conv1.conv.2.bias', 'unet.conv2.conv.0.weight', 'unet.conv2.conv.0.bias', 'unet.conv2.conv.2.weight', 'unet.conv2.conv.2.bias', 'unet.conv3.conv.0.weight', 'unet.conv3.conv.0.bias', 'unet.conv3.conv.2.weight', 'unet.conv3.conv.2.bias', 'unet.conv4.conv.0.weight', 'unet.conv4.conv.0.bias', 'unet.conv4.conv.2.weight', 'unet.conv4.conv.2.bias', 'unet.Up4.up.1.weight', 'unet.Up4.up.1.bias', 'unet.Up_conv4.conv.0.weight', 'unet.Up_conv4.conv.0.bias', 'unet.Up_conv4.conv.2.weight', 'unet.Up_conv4.conv.2.bias', 'unet.Up3.up.1.weight', 'unet.Up3.up.1.bias', 'unet.Up_conv3.conv.0.weight', 'unet.Up_conv3.conv.0.bias', 'unet.Up_conv3.conv.2.weight', 'unet.Up_conv3.conv.2.bias', 'unet.Up2.up.1.weight', 'unet.Up2.up.1.bias', 'unet.Up_conv2.conv.0.weight', 'unet.Up_conv2.conv.0.bias', 'unet.Up_conv2.conv.2.weight', 'unet.Up_conv2.conv.2.bias', 'unet.conv.weight', 'unet.conv.bias', 'encoder.patch_embed.proj.weight', 'encoder.patch_embed.proj.bias', 'encoder.blocks.0.norm1.weight', 'encoder.blocks.0.norm1.bias', 'encoder.blocks.0.attn.qkv.weight', 'encoder.blocks.0.attn.qkv.bias', 'encoder.blocks.0.attn.proj.weight', 'encoder.blocks.0.attn.proj.bias', 'encoder.blocks.0.norm2.weight', 'encoder.blocks.0.norm2.bias', 'encoder.blocks.0.mlp.fc1.weight', 'encoder.blocks.0.mlp.fc1.bias', 'encoder.blocks.0.mlp.fc2.weight', 'encoder.blocks.0.mlp.fc2.bias', 'encoder.blocks.1.norm1.weight', 'encoder.blocks.1.norm1.bias', 'encoder.blocks.1.attn.qkv.weight', 'encoder.blocks.1.attn.qkv.bias', 'encoder.blocks.1.attn.proj.weight', 'encoder.blocks.1.attn.proj.bias', 'encoder.blocks.1.norm2.weight', 'encoder.blocks.1.norm2.bias', 'encoder.blocks.1.mlp.fc1.weight', 'encoder.blocks.1.mlp.fc1.bias', 'encoder.blocks.1.mlp.fc2.weight', 'encoder.blocks.1.mlp.fc2.bias', 'encoder.norm.weight', 'encoder.norm.bias', 'reg_layer_0.0.weight', 'reg_layer_0.0.bias', 'reg_layer_0.2.weight', 'reg_layer_0.2.bias', 'reg_layer_0.4.weight', 'reg_layer_0.4.bias'], unexpected_keys=['classifier.0.weight', 'classifier.0.bias', 'classifier.3.weight', 'classifier.3.bias', 'classifier.6.weight', 'classifier.6.bias'])
[ckpt] strict load failed: Error(s) in loading state_dict for BM:
	Missing key(s) in state_dict: "features.0.weight", "features.0.bias", "features.2.weight", "features.2.bias", "features.5.weight", "features.5.bias", "features.7.weight", "features.7.bias", "features.10.weight", "features.10.bias", "features.12.weight", "features.12.bias", "features.14.weight", "features.14.bias", "features.16.weight", "features.16.bias", "features.19.weight", "features.19.bias", "features.21.weight", "features.21.bias", "features.23.weight", "features.23.bias", "features.25.weight", "features.25.bias", "features.28.weight", "features.28.bias", "features.30.weight", "features.30.bias", "features.32.weight", "features.32.bias", "features.34.weight", "features.34.bias", "reg_layer_0.0.weight", "reg_layer_0.0.bias", "reg_layer_0.2.weight", "reg_layer_0.2.bias", "reg_layer_0.4.weight", "reg_layer_0.4.bias". 
	Unexpected key(s) in state_dict: "feature.0.weight", "feature.0.bias", "feature.2.weight", "feature.2.bias", "feature.5.weight", "feature.5.bias", "feature.7.weight", "feature.7.bias", "feature.10.weight", "feature.10.bias", "feature.12.weight", "feature.12.bias", "feature.14.weight", "feature.14.bias", "feature.16.weight", "feature.16.bias", "feature.19.weight", "feature.19.bias", "feature.21.weight", "feature.21.bias", "feature.23.weight", "feature.23.bias", "feature.25.weight", "feature.25.bias", "feature.28.weight", "feature.28.bias", "feature.30.weight", "feature.30.bias", "feature.32.weight", "feature.32.bias", "feature.34.weight", "feature.34.bias", "reg.0.weight", "reg.0.bias", "reg.2.weight", "reg.2.bias", "reg.4.weight", "reg.4.bias". 
Traceback (most recent call last):
  File "/scratch/users/ntu/kenneth0/FYP-SmartObjectCounter/scripts/benchmark_bm_sota.py", line 260, in <module>
    main()
    ~~~~^^
  File "/scratch/users/ntu/kenneth0/FYP-SmartObjectCounter/scripts/benchmark_bm_sota.py", line 167, in main
    incompatible = model.load_state_dict(state_dict, strict=True)
  File "/app/apps/pytorch/2.6.0-py3-cu11.8/lib/python3.13/site-packages/torch/nn/modules/module.py", line 2581, in load_state_dict
    raise RuntimeError(
    ...<3 lines>...
    )
RuntimeError: Error(s) in loading state_dict for BM:
	Missing key(s) in state_dict: "features.0.weight", "features.0.bias", "features.2.weight", "features.2.bias", "features.5.weight", "features.5.bias", "features.7.weight", "features.7.bias", "features.10.weight", "features.10.bias", "features.12.weight", "features.12.bias", "features.14.weight", "features.14.bias", "features.16.weight", "features.16.bias", "features.19.weight", "features.19.bias", "features.21.weight", "features.21.bias", "features.23.weight", "features.23.bias", "features.25.weight", "features.25.bias", "features.28.weight", "features.28.bias", "features.30.weight", "features.30.bias", "features.32.weight", "features.32.bias", "features.34.weight", "features.34.bias", "reg_layer_0.0.weight", "reg_layer_0.0.bias", "reg_layer_0.2.weight", "reg_layer_0.2.bias", "reg_layer_0.4.weight", "reg_layer_0.4.bias". 
	Unexpected key(s) in state_dict: "feature.0.weight", "feature.0.bias", "feature.2.weight", "feature.2.bias", "feature.5.weight", "feature.5.bias", "feature.7.weight", "feature.7.bias", "feature.10.weight", "feature.10.bias", "feature.12.weight", "feature.12.bias", "feature.14.weight", "feature.14.bias", "feature.16.weight", "feature.16.bias", "feature.19.weight", "feature.19.bias", "feature.21.weight", "feature.21.bias", "feature.23.weight", "feature.23.bias", "feature.25.weight", "feature.25.bias", "feature.28.weight", "feature.28.bias", "feature.30.weight", "feature.30.bias", "feature.32.weight", "feature.32.bias", "feature.34.weight", "feature.34.bias", "reg.0.weight", "reg.0.bias", "reg.2.weight", "reg.2.bias", "reg.4.weight", "reg.4.bias". 
