[log] /scratch/users/ntu/kenneth0/FYP-SmartObjectCounter/logs/benchmark_bm_sota/benchmark_bm_sota_infer_13209072.pbs101_20260317_203020.log
[job] name=benchmark_bm_sota_infer id=13209072.pbs101 host=x1000c3s1b0n0 time=Tue Mar 17 20:30:20 +08 2026
[repo] /scratch/users/ntu/kenneth0/FYP-SmartObjectCounter
[third_party] /scratch/users/ntu/kenneth0/FYP-SmartObjectCounter/third_party/Broker-Modality-Crowd-Counting
[venv] NONE
torch 2.6.0+cu118
timm 1.0.25
numpy 2.2.4
PIL 11.1.0
NVIDIA A100-SXM4-40GB, 40960 MiB, 550.163.01
[ckpt] /scratch/users/ntu/kenneth0/FYP-SmartObjectCounter/weights/broker_modality/released_finetuned_model.ckpt
[run] fp32 synthetic
[init] using local VGG19 backbone: /scratch/users/ntu/kenneth0/FYP-SmartObjectCounter/weights/broker_modality/vgg19-dcbb9e9d.pth
_IncompatibleKeys(missing_keys=['unet.cross_att.norm.weight', 'unet.cross_att.norm.bias', 'unet.cross_att.feature.0.weight', 'unet.cross_att.feature.0.bias', 'unet.cross_att.feature.3.weight', 'unet.cross_att.feature.3.bias', 'unet.cross_att.feature.6.weight', 'unet.cross_att.feature.6.bias', 'unet.cross_att.feature.8.weight', 'unet.cross_att.feature.8.bias', 'unet.cross_att.blocks.0.norm1_q.weight', 'unet.cross_att.blocks.0.norm1_q.bias', 'unet.cross_att.blocks.0.norm1_kv.weight', 'unet.cross_att.blocks.0.norm1_kv.bias', 'unet.cross_att.blocks.0.attn.kv.weight', 'unet.cross_att.blocks.0.attn.kv.bias', 'unet.cross_att.blocks.0.attn.q.weight', 'unet.cross_att.blocks.0.attn.q.bias', 'unet.cross_att.blocks.0.attn.proj.weight', 'unet.cross_att.blocks.0.attn.proj.bias', 'unet.cross_att.blocks.0.norm2.weight', 'unet.cross_att.blocks.0.norm2.bias', 'unet.cross_att.blocks.0.mlp.fc1.weight', 'unet.cross_att.blocks.0.mlp.fc1.bias', 'unet.cross_att.blocks.0.mlp.fc2.weight', 'unet.cross_att.blocks.0.mlp.fc2.bias', 'unet.pre_conv_rgb.conv.0.weight', 'unet.pre_conv_rgb.conv.0.bias', 'unet.pre_conv_rgb.conv.2.weight', 'unet.pre_conv_rgb.conv.2.bias', 'unet.pre_conv_t.conv.0.weight', 'unet.pre_conv_t.conv.0.bias', 'unet.pre_conv_t.conv.2.weight', 'unet.pre_conv_t.conv.2.bias', 'unet.conv1.conv.0.weight', 'unet.conv1.conv.0.bias', 'unet.conv1.conv.2.weight', 'unet.conv1.conv.2.bias', 'unet.conv2.conv.0.weight', 'unet.conv2.conv.0.bias', 'unet.conv2.conv.2.weight', 'unet.conv2.conv.2.bias', 'unet.conv3.conv.0.weight', 'unet.conv3.conv.0.bias', 'unet.conv3.conv.2.weight', 'unet.conv3.conv.2.bias', 'unet.conv4.conv.0.weight', 'unet.conv4.conv.0.bias', 'unet.conv4.conv.2.weight', 'unet.conv4.conv.2.bias', 'unet.Up4.up.1.weight', 'unet.Up4.up.1.bias', 'unet.Up_conv4.conv.0.weight', 'unet.Up_conv4.conv.0.bias', 'unet.Up_conv4.conv.2.weight', 'unet.Up_conv4.conv.2.bias', 'unet.Up3.up.1.weight', 'unet.Up3.up.1.bias', 'unet.Up_conv3.conv.0.weight', 'unet.Up_conv3.conv.0.bias', 'unet.Up_conv3.conv.2.weight', 'unet.Up_conv3.conv.2.bias', 'unet.Up2.up.1.weight', 'unet.Up2.up.1.bias', 'unet.Up_conv2.conv.0.weight', 'unet.Up_conv2.conv.0.bias', 'unet.Up_conv2.conv.2.weight', 'unet.Up_conv2.conv.2.bias', 'unet.conv.weight', 'unet.conv.bias', 'encoder.patch_embed.proj.weight', 'encoder.patch_embed.proj.bias', 'encoder.blocks.0.norm1.weight', 'encoder.blocks.0.norm1.bias', 'encoder.blocks.0.attn.qkv.weight', 'encoder.blocks.0.attn.qkv.bias', 'encoder.blocks.0.attn.proj.weight', 'encoder.blocks.0.attn.proj.bias', 'encoder.blocks.0.norm2.weight', 'encoder.blocks.0.norm2.bias', 'encoder.blocks.0.mlp.fc1.weight', 'encoder.blocks.0.mlp.fc1.bias', 'encoder.blocks.0.mlp.fc2.weight', 'encoder.blocks.0.mlp.fc2.bias', 'encoder.blocks.1.norm1.weight', 'encoder.blocks.1.norm1.bias', 'encoder.blocks.1.attn.qkv.weight', 'encoder.blocks.1.attn.qkv.bias', 'encoder.blocks.1.attn.proj.weight', 'encoder.blocks.1.attn.proj.bias', 'encoder.blocks.1.norm2.weight', 'encoder.blocks.1.norm2.bias', 'encoder.blocks.1.mlp.fc1.weight', 'encoder.blocks.1.mlp.fc1.bias', 'encoder.blocks.1.mlp.fc2.weight', 'encoder.blocks.1.mlp.fc2.bias', 'encoder.norm.weight', 'encoder.norm.bias', 'reg_layer_0.0.weight', 'reg_layer_0.0.bias', 'reg_layer_0.2.weight', 'reg_layer_0.2.bias', 'reg_layer_0.4.weight', 'reg_layer_0.4.bias'], unexpected_keys=['classifier.0.weight', 'classifier.0.bias', 'classifier.3.weight', 'classifier.3.bias', 'classifier.6.weight', 'classifier.6.bias'])
[ckpt] loaded /scratch/users/ntu/kenneth0/FYP-SmartObjectCounter/weights/broker_modality/released_finetuned_model.ckpt source_key=raw_state_dict strict=True missing=0 unexpected=0

=== BM Inference Benchmark Summary ===
model: BM
repo_root: /scratch/users/ntu/kenneth0/FYP-SmartObjectCounter
third_party_root: /scratch/users/ntu/kenneth0/FYP-SmartObjectCounter/third_party/Broker-Modality-Crowd-Counting
input_mode: synthetic
batch_size: 1
img_h: 768
img_w: 1024
precision: fp32
warmup: 20
iters: 100
avg_latency_ms: 102.55456260681153
std_latency_ms: 0.01207465915934805
throughput_img_s: 9.750906976552026
peak_allocated_mb: 4876.8818359375
peak_reserved_mb: 5226.0
params_total: 40554132
params_trainable: 40554132
output_shape: [1, 1, 96, 128]
output_sum: 1.4894460439682007
gpu_name: NVIDIA A100-SXM4-40GB
cuda_device_count: 1
torch_version: 2.6.0+cu118
ckpt:
  used: True
  path: /scratch/users/ntu/kenneth0/FYP-SmartObjectCounter/weights/broker_modality/released_finetuned_model.ckpt
  source_key: raw_state_dict
  strict: True
  missing: []
  unexpected: []
[json] wrote /scratch/users/ntu/kenneth0/FYP-SmartObjectCounter/outputs/benchmark_bm_sota/13209072.pbs101_20260317_203020/bm_fp32.json
[run] amp synthetic
[init] using local VGG19 backbone: /scratch/users/ntu/kenneth0/FYP-SmartObjectCounter/weights/broker_modality/vgg19-dcbb9e9d.pth
_IncompatibleKeys(missing_keys=['unet.cross_att.norm.weight', 'unet.cross_att.norm.bias', 'unet.cross_att.feature.0.weight', 'unet.cross_att.feature.0.bias', 'unet.cross_att.feature.3.weight', 'unet.cross_att.feature.3.bias', 'unet.cross_att.feature.6.weight', 'unet.cross_att.feature.6.bias', 'unet.cross_att.feature.8.weight', 'unet.cross_att.feature.8.bias', 'unet.cross_att.blocks.0.norm1_q.weight', 'unet.cross_att.blocks.0.norm1_q.bias', 'unet.cross_att.blocks.0.norm1_kv.weight', 'unet.cross_att.blocks.0.norm1_kv.bias', 'unet.cross_att.blocks.0.attn.kv.weight', 'unet.cross_att.blocks.0.attn.kv.bias', 'unet.cross_att.blocks.0.attn.q.weight', 'unet.cross_att.blocks.0.attn.q.bias', 'unet.cross_att.blocks.0.attn.proj.weight', 'unet.cross_att.blocks.0.attn.proj.bias', 'unet.cross_att.blocks.0.norm2.weight', 'unet.cross_att.blocks.0.norm2.bias', 'unet.cross_att.blocks.0.mlp.fc1.weight', 'unet.cross_att.blocks.0.mlp.fc1.bias', 'unet.cross_att.blocks.0.mlp.fc2.weight', 'unet.cross_att.blocks.0.mlp.fc2.bias', 'unet.pre_conv_rgb.conv.0.weight', 'unet.pre_conv_rgb.conv.0.bias', 'unet.pre_conv_rgb.conv.2.weight', 'unet.pre_conv_rgb.conv.2.bias', 'unet.pre_conv_t.conv.0.weight', 'unet.pre_conv_t.conv.0.bias', 'unet.pre_conv_t.conv.2.weight', 'unet.pre_conv_t.conv.2.bias', 'unet.conv1.conv.0.weight', 'unet.conv1.conv.0.bias', 'unet.conv1.conv.2.weight', 'unet.conv1.conv.2.bias', 'unet.conv2.conv.0.weight', 'unet.conv2.conv.0.bias', 'unet.conv2.conv.2.weight', 'unet.conv2.conv.2.bias', 'unet.conv3.conv.0.weight', 'unet.conv3.conv.0.bias', 'unet.conv3.conv.2.weight', 'unet.conv3.conv.2.bias', 'unet.conv4.conv.0.weight', 'unet.conv4.conv.0.bias', 'unet.conv4.conv.2.weight', 'unet.conv4.conv.2.bias', 'unet.Up4.up.1.weight', 'unet.Up4.up.1.bias', 'unet.Up_conv4.conv.0.weight', 'unet.Up_conv4.conv.0.bias', 'unet.Up_conv4.conv.2.weight', 'unet.Up_conv4.conv.2.bias', 'unet.Up3.up.1.weight', 'unet.Up3.up.1.bias', 'unet.Up_conv3.conv.0.weight', 'unet.Up_conv3.conv.0.bias', 'unet.Up_conv3.conv.2.weight', 'unet.Up_conv3.conv.2.bias', 'unet.Up2.up.1.weight', 'unet.Up2.up.1.bias', 'unet.Up_conv2.conv.0.weight', 'unet.Up_conv2.conv.0.bias', 'unet.Up_conv2.conv.2.weight', 'unet.Up_conv2.conv.2.bias', 'unet.conv.weight', 'unet.conv.bias', 'encoder.patch_embed.proj.weight', 'encoder.patch_embed.proj.bias', 'encoder.blocks.0.norm1.weight', 'encoder.blocks.0.norm1.bias', 'encoder.blocks.0.attn.qkv.weight', 'encoder.blocks.0.attn.qkv.bias', 'encoder.blocks.0.attn.proj.weight', 'encoder.blocks.0.attn.proj.bias', 'encoder.blocks.0.norm2.weight', 'encoder.blocks.0.norm2.bias', 'encoder.blocks.0.mlp.fc1.weight', 'encoder.blocks.0.mlp.fc1.bias', 'encoder.blocks.0.mlp.fc2.weight', 'encoder.blocks.0.mlp.fc2.bias', 'encoder.blocks.1.norm1.weight', 'encoder.blocks.1.norm1.bias', 'encoder.blocks.1.attn.qkv.weight', 'encoder.blocks.1.attn.qkv.bias', 'encoder.blocks.1.attn.proj.weight', 'encoder.blocks.1.attn.proj.bias', 'encoder.blocks.1.norm2.weight', 'encoder.blocks.1.norm2.bias', 'encoder.blocks.1.mlp.fc1.weight', 'encoder.blocks.1.mlp.fc1.bias', 'encoder.blocks.1.mlp.fc2.weight', 'encoder.blocks.1.mlp.fc2.bias', 'encoder.norm.weight', 'encoder.norm.bias', 'reg_layer_0.0.weight', 'reg_layer_0.0.bias', 'reg_layer_0.2.weight', 'reg_layer_0.2.bias', 'reg_layer_0.4.weight', 'reg_layer_0.4.bias'], unexpected_keys=['classifier.0.weight', 'classifier.0.bias', 'classifier.3.weight', 'classifier.3.bias', 'classifier.6.weight', 'classifier.6.bias'])
[ckpt] loaded /scratch/users/ntu/kenneth0/FYP-SmartObjectCounter/weights/broker_modality/released_finetuned_model.ckpt source_key=raw_state_dict strict=True missing=0 unexpected=0

=== BM Inference Benchmark Summary ===
model: BM
repo_root: /scratch/users/ntu/kenneth0/FYP-SmartObjectCounter
third_party_root: /scratch/users/ntu/kenneth0/FYP-SmartObjectCounter/third_party/Broker-Modality-Crowd-Counting
input_mode: synthetic
batch_size: 1
img_h: 768
img_w: 1024
precision: amp_fp16
warmup: 20
iters: 100
avg_latency_ms: 52.387287101745606
std_latency_ms: 0.025922993556648635
throughput_img_s: 19.08860059994744
peak_allocated_mb: 3703.943359375
peak_reserved_mb: 5124.0
params_total: 40554132
params_trainable: 40554132
output_shape: [1, 1, 96, 128]
output_sum: 0.73779296875
gpu_name: NVIDIA A100-SXM4-40GB
cuda_device_count: 1
torch_version: 2.6.0+cu118
ckpt:
  used: True
  path: /scratch/users/ntu/kenneth0/FYP-SmartObjectCounter/weights/broker_modality/released_finetuned_model.ckpt
  source_key: raw_state_dict
  strict: True
  missing: []
  unexpected: []
[json] wrote /scratch/users/ntu/kenneth0/FYP-SmartObjectCounter/outputs/benchmark_bm_sota/13209072.pbs101_20260317_203020/bm_amp.json
