[log] /scratch/users/ntu/kenneth0/FYP-SmartObjectCounter/logs/train_t_e100_sanity_12717654.pbs101_20260111_173141.log
[job] name=train_t_e100_sanity id=12717654.pbs101 host=x1000c1s0b0n1 time=Sun Jan 11 17:31:41 +08 2026
[init] device = cuda
[init] PROJECT_ROOT = /scratch/users/ntu/kenneth0/FYP-SmartObjectCounter
[epoch 001/100] lr = 1.00e-05 | train loss = 7.9320 (base 7.9320, count 0.0000, game 0.0000, temp 0.0000, illum 0.0000) | val RMSE = 61.913, MAE = 33.914, GAME0 = 33.914, GAME1 = 59.714, GAME2 = 81.246, GAME3 = 92.207 | time = 162.5s
[epoch 002/100] lr = 1.00e-05 | train loss = 0.0008 (base 0.0008, count 0.0000, game 0.0000, temp 0.0000, illum 0.0000) | val RMSE = 58.275, MAE = 33.024, GAME0 = 33.024, GAME1 = 51.131, GAME2 = 68.489, GAME3 = 78.165 | time = 29.6s
[epoch 003/100] lr = 1.00e-05 | train loss = 0.0005 (base 0.0005, count 0.0000, game 0.0000, temp 0.0000, illum 0.0000) | val RMSE = 53.412, MAE = 30.577, GAME0 = 30.577, GAME1 = 37.266, GAME2 = 45.322, GAME3 = 53.372 | time = 24.6s
[epoch 004/100] lr = 1.00e-05 | train loss = 0.0005 (base 0.0005, count 0.0000, game 0.0000, temp 0.0000, illum 0.0000) | val RMSE = 58.414, MAE = 29.373, GAME0 = 29.373, GAME1 = 44.167, GAME2 = 55.487, GAME3 = 63.660 | time = 24.8s
[epoch 005/100] lr = 1.00e-05 | train loss = 0.0005 (base 0.0005, count 0.0000, game 0.0000, temp 0.0000, illum 0.0000) | val RMSE = 64.593, MAE = 31.649, GAME0 = 31.649, GAME1 = 48.258, GAME2 = 60.207, GAME3 = 67.919 | time = 24.9s
[epoch 006/100] lr = 1.00e-05 | train loss = 0.0005 (base 0.0005, count 0.0000, game 0.0000, temp 0.0000, illum 0.0000) | val RMSE = 56.093, MAE = 26.717, GAME0 = 26.717, GAME1 = 37.365, GAME2 = 46.146, GAME3 = 53.395 | time = 25.0s
[epoch 007/100] lr = 1.00e-05 | train loss = 0.0005 (base 0.0005, count 0.0000, game 0.0000, temp 0.0000, illum 0.0000) | val RMSE = 51.056, MAE = 35.391, GAME0 = 35.391, GAME1 = 44.775, GAME2 = 55.397, GAME3 = 64.155 | time = 25.1s
[epoch 008/100] lr = 1.00e-05 | train loss = 0.0006 (base 0.0006, count 0.0000, game 0.0000, temp 0.0000, illum 0.0000) | val RMSE = 54.449, MAE = 34.733, GAME0 = 34.733, GAME1 = 40.543, GAME2 = 46.330, GAME3 = 52.295 | time = 25.0s
[epoch 009/100] lr = 1.00e-05 | train loss = 0.0004 (base 0.0004, count 0.0000, game 0.0000, temp 0.0000, illum 0.0000) | val RMSE = 51.417, MAE = 35.877, GAME0 = 35.877, GAME1 = 40.699, GAME2 = 45.498, GAME3 = 51.051 | time = 25.0s
[epoch 010/100] lr = 1.00e-05 | train loss = 0.0004 (base 0.0004, count 0.0000, game 0.0000, temp 0.0000, illum 0.0000) | val RMSE = 49.895, MAE = 23.860, GAME0 = 23.860, GAME1 = 32.770, GAME2 = 40.478, GAME3 = 46.897 | time = 24.9s
[epoch 011/100] lr = 1.00e-05 | train loss = 0.0007 (base 0.0007, count 0.0000, game 0.0000, temp 0.0000, illum 0.0000) | val RMSE = 58.319, MAE = 41.602, GAME0 = 41.602, GAME1 = 46.271, GAME2 = 51.181, GAME3 = 56.722 | time = 24.7s
[epoch 012/100] lr = 1.00e-05 | train loss = 0.0006 (base 0.0006, count 0.0000, game 0.0000, temp 0.0000, illum 0.0000) | val RMSE = 62.068, MAE = 38.423, GAME0 = 38.423, GAME1 = 57.833, GAME2 = 77.423, GAME3 = 88.374 | time = 24.6s
[epoch 013/100] lr = 1.00e-05 | train loss = 0.0008 (base 0.0008, count 0.0000, game 0.0000, temp 0.0000, illum 0.0000) | val RMSE = 61.883, MAE = 31.842, GAME0 = 31.842, GAME1 = 44.239, GAME2 = 53.934, GAME3 = 61.244 | time = 24.9s
[epoch 014/100] lr = 1.00e-05 | train loss = 0.0007 (base 0.0007, count 0.0000, game 0.0000, temp 0.0000, illum 0.0000) | val RMSE = 68.421, MAE = 53.301, GAME0 = 53.301, GAME1 = 77.138, GAME2 = 102.826, GAME3 = 117.409 | time = 25.0s
[epoch 015/100] lr = 1.00e-05 | train loss = 0.0007 (base 0.0007, count 0.0000, game 0.0000, temp 0.0000, illum 0.0000) | val RMSE = 60.958, MAE = 37.312, GAME0 = 37.312, GAME1 = 47.602, GAME2 = 57.600, GAME3 = 65.073 | time = 24.9s
[epoch 016/100] lr = 1.00e-05 | train loss = 0.0007 (base 0.0007, count 0.0000, game 0.0000, temp 0.0000, illum 0.0000) | val RMSE = 59.168, MAE = 35.619, GAME0 = 35.619, GAME1 = 44.577, GAME2 = 52.344, GAME3 = 58.870 | time = 24.8s
[epoch 017/100] lr = 1.00e-05 | train loss = 0.0008 (base 0.0008, count 0.0000, game 0.0000, temp 0.0000, illum 0.0000) | val RMSE = 58.032, MAE = 35.720, GAME0 = 35.720, GAME1 = 42.207, GAME2 = 49.041, GAME3 = 55.126 | time = 24.8s
[epoch 018/100] lr = 1.00e-05 | train loss = 0.0006 (base 0.0006, count 0.0000, game 0.0000, temp 0.0000, illum 0.0000) | val RMSE = 57.454, MAE = 29.204, GAME0 = 29.204, GAME1 = 34.954, GAME2 = 40.537, GAME3 = 45.675 | time = 24.7s
[epoch 019/100] lr = 1.00e-05 | train loss = 0.0006 (base 0.0006, count 0.0000, game 0.0000, temp 0.0000, illum 0.0000) | val RMSE = 54.118, MAE = 27.914, GAME0 = 27.914, GAME1 = 34.010, GAME2 = 40.064, GAME3 = 45.431 | time = 25.8s
[epoch 020/100] lr = 1.00e-05 | train loss = 0.0005 (base 0.0005, count 0.0000, game 0.0000, temp 0.0000, illum 0.0000) | val RMSE = 53.146, MAE = 27.698, GAME0 = 27.698, GAME1 = 33.711, GAME2 = 39.531, GAME3 = 45.273 | time = 24.5s
[epoch 021/100] lr = 1.00e-05 | train loss = 0.0004 (base 0.0004, count 0.0000, game 0.0000, temp 0.0000, illum 0.0000) | val RMSE = 53.218, MAE = 30.674, GAME0 = 30.674, GAME1 = 36.258, GAME2 = 41.137, GAME3 = 46.799 | time = 25.2s
[epoch 022/100] lr = 1.00e-05 | train loss = 0.0006 (base 0.0006, count 0.0000, game 0.0000, temp 0.0000, illum 0.0000) | val RMSE = 58.092, MAE = 29.286, GAME0 = 29.286, GAME1 = 35.919, GAME2 = 41.741, GAME3 = 46.967 | time = 25.0s
[epoch 023/100] lr = 1.00e-05 | train loss = 0.0005 (base 0.0005, count 0.0000, game 0.0000, temp 0.0000, illum 0.0000) | val RMSE = 80.158, MAE = 67.201, GAME0 = 67.201, GAME1 = 71.258, GAME2 = 76.079, GAME3 = 80.927 | time = 25.4s
[epoch 024/100] lr = 1.00e-05 | train loss = 0.0004 (base 0.0004, count 0.0000, game 0.0000, temp 0.0000, illum 0.0000) | val RMSE = 55.553, MAE = 40.352, GAME0 = 40.352, GAME1 = 47.949, GAME2 = 56.392, GAME3 = 63.832 | time = 24.8s
[epoch 025/100] lr = 1.00e-05 | train loss = 0.0006 (base 0.0006, count 0.0000, game 0.0000, temp 0.0000, illum 0.0000) | val RMSE = 53.129, MAE = 29.717, GAME0 = 29.717, GAME1 = 39.171, GAME2 = 47.963, GAME3 = 55.210 | time = 24.9s
[epoch 026/100] lr = 1.00e-05 | train loss = 0.0005 (base 0.0005, count 0.0000, game 0.0000, temp 0.0000, illum 0.0000) | val RMSE = 50.250, MAE = 26.354, GAME0 = 26.354, GAME1 = 33.547, GAME2 = 40.175, GAME3 = 46.726 | time = 25.1s
[epoch 027/100] lr = 1.00e-05 | train loss = 0.0004 (base 0.0004, count 0.0000, game 0.0000, temp 0.0000, illum 0.0000) | val RMSE = 62.767, MAE = 36.859, GAME0 = 36.859, GAME1 = 40.123, GAME2 = 43.481, GAME3 = 46.562 | time = 24.9s
[epoch 028/100] lr = 1.00e-05 | train loss = 0.0005 (base 0.0005, count 0.0000, game 0.0000, temp 0.0000, illum 0.0000) | val RMSE = 50.777, MAE = 28.356, GAME0 = 28.356, GAME1 = 33.964, GAME2 = 38.843, GAME3 = 44.609 | time = 24.9s
[epoch 029/100] lr = 1.00e-05 | train loss = 0.0006 (base 0.0006, count 0.0000, game 0.0000, temp 0.0000, illum 0.0000) | val RMSE = 54.640, MAE = 28.638, GAME0 = 28.638, GAME1 = 33.889, GAME2 = 38.567, GAME3 = 43.414 | time = 24.8s
[epoch 030/100] lr = 1.00e-05 | train loss = 0.0005 (base 0.0005, count 0.0000, game 0.0000, temp 0.0000, illum 0.0000) | val RMSE = 51.762, MAE = 27.938, GAME0 = 27.938, GAME1 = 34.743, GAME2 = 40.628, GAME3 = 46.809 | time = 25.2s
[epoch 031/100] lr = 1.00e-05 | train loss = 0.0004 (base 0.0004, count 0.0000, game 0.0000, temp 0.0000, illum 0.0000) | val RMSE = 51.290, MAE = 26.459, GAME0 = 26.459, GAME1 = 33.628, GAME2 = 39.738, GAME3 = 45.961 | time = 25.3s
[epoch 032/100] lr = 1.00e-05 | train loss = 0.0004 (base 0.0004, count 0.0000, game 0.0000, temp 0.0000, illum 0.0000) | val RMSE = 64.910, MAE = 39.722, GAME0 = 39.722, GAME1 = 42.254, GAME2 = 44.744, GAME3 = 47.222 | time = 24.8s
[epoch 033/100] lr = 1.00e-05 | train loss = 0.0004 (base 0.0004, count 0.0000, game 0.0000, temp 0.0000, illum 0.0000) | val RMSE = 48.576, MAE = 26.163, GAME0 = 26.163, GAME1 = 33.006, GAME2 = 39.098, GAME3 = 45.626 | time = 24.8s
[epoch 034/100] lr = 1.00e-05 | train loss = 0.0004 (base 0.0004, count 0.0000, game 0.0000, temp 0.0000, illum 0.0000) | val RMSE = 49.319, MAE = 26.990, GAME0 = 26.990, GAME1 = 32.455, GAME2 = 37.322, GAME3 = 42.837 | time = 24.9s
[epoch 035/100] lr = 1.00e-05 | train loss = 0.0004 (base 0.0004, count 0.0000, game 0.0000, temp 0.0000, illum 0.0000) | val RMSE = 51.465, MAE = 29.973, GAME0 = 29.973, GAME1 = 35.548, GAME2 = 40.434, GAME3 = 46.034 | time = 24.8s
[epoch 036/100] lr = 1.00e-05 | train loss = 0.0004 (base 0.0004, count 0.0000, game 0.0000, temp 0.0000, illum 0.0000) | val RMSE = 51.818, MAE = 30.530, GAME0 = 30.530, GAME1 = 36.467, GAME2 = 41.763, GAME3 = 47.687 | time = 24.9s
[epoch 037/100] lr = 1.00e-05 | train loss = 0.0006 (base 0.0006, count 0.0000, game 0.0000, temp 0.0000, illum 0.0000) | val RMSE = 63.372, MAE = 51.833, GAME0 = 51.833, GAME1 = 59.711, GAME2 = 69.480, GAME3 = 77.475 | time = 24.9s
[epoch 038/100] lr = 1.00e-05 | train loss = 0.0004 (base 0.0004, count 0.0000, game 0.0000, temp 0.0000, illum 0.0000) | val RMSE = 48.540, MAE = 28.148, GAME0 = 28.148, GAME1 = 34.861, GAME2 = 41.169, GAME3 = 47.875 | time = 24.7s
[epoch 039/100] lr = 1.00e-05 | train loss = 0.0004 (base 0.0004, count 0.0000, game 0.0000, temp 0.0000, illum 0.0000) | val RMSE = 50.695, MAE = 27.334, GAME0 = 27.334, GAME1 = 33.495, GAME2 = 38.566, GAME3 = 44.167 | time = 25.7s
[epoch 040/100] lr = 1.00e-05 | train loss = 0.0004 (base 0.0004, count 0.0000, game 0.0000, temp 0.0000, illum 0.0000) | val RMSE = 62.402, MAE = 36.596, GAME0 = 36.596, GAME1 = 41.518, GAME2 = 46.587, GAME3 = 50.301 | time = 24.9s
[epoch 041/100] lr = 1.00e-05 | train loss = 0.0005 (base 0.0005, count 0.0000, game 0.0000, temp 0.0000, illum 0.0000) | val RMSE = 55.761, MAE = 39.273, GAME0 = 39.273, GAME1 = 45.383, GAME2 = 51.537, GAME3 = 57.880 | time = 24.4s
[epoch 042/100] lr = 1.00e-05 | train loss = 0.0004 (base 0.0004, count 0.0000, game 0.0000, temp 0.0000, illum 0.0000) | val RMSE = 50.688, MAE = 27.654, GAME0 = 27.654, GAME1 = 33.703, GAME2 = 38.900, GAME3 = 44.749 | time = 25.0s
[epoch 043/100] lr = 1.00e-05 | train loss = 0.0004 (base 0.0004, count 0.0000, game 0.0000, temp 0.0000, illum 0.0000) | val RMSE = 55.949, MAE = 28.867, GAME0 = 28.867, GAME1 = 36.105, GAME2 = 42.335, GAME3 = 47.562 | time = 24.7s
[epoch 044/100] lr = 1.00e-05 | train loss = 0.0004 (base 0.0004, count 0.0000, game 0.0000, temp 0.0000, illum 0.0000) | val RMSE = 65.974, MAE = 51.241, GAME0 = 51.241, GAME1 = 55.578, GAME2 = 60.080, GAME3 = 65.121 | time = 25.5s
[epoch 045/100] lr = 1.00e-05 | train loss = 0.0004 (base 0.0004, count 0.0000, game 0.0000, temp 0.0000, illum 0.0000) | val RMSE = 52.023, MAE = 29.645, GAME0 = 29.645, GAME1 = 36.081, GAME2 = 41.945, GAME3 = 48.047 | time = 24.6s
[epoch 046/100] lr = 1.00e-05 | train loss = 0.0004 (base 0.0004, count 0.0000, game 0.0000, temp 0.0000, illum 0.0000) | val RMSE = 60.059, MAE = 34.164, GAME0 = 34.164, GAME1 = 46.338, GAME2 = 56.743, GAME3 = 62.718 | time = 24.9s
[epoch 047/100] lr = 1.00e-05 | train loss = 0.0004 (base 0.0004, count 0.0000, game 0.0000, temp 0.0000, illum 0.0000) | val RMSE = 53.086, MAE = 33.972, GAME0 = 33.972, GAME1 = 39.267, GAME2 = 44.140, GAME3 = 49.960 | time = 25.2s
[epoch 048/100] lr = 1.00e-05 | train loss = 0.0006 (base 0.0006, count 0.0000, game 0.0000, temp 0.0000, illum 0.0000) | val RMSE = 53.112, MAE = 26.799, GAME0 = 26.799, GAME1 = 32.252, GAME2 = 36.866, GAME3 = 42.100 | time = 25.0s
[epoch 049/100] lr = 1.00e-05 | train loss = 0.0004 (base 0.0004, count 0.0000, game 0.0000, temp 0.0000, illum 0.0000) | val RMSE = 54.894, MAE = 28.219, GAME0 = 28.219, GAME1 = 35.063, GAME2 = 41.144, GAME3 = 46.358 | time = 24.8s
[epoch 050/100] lr = 1.00e-05 | train loss = 0.0004 (base 0.0004, count 0.0000, game 0.0000, temp 0.0000, illum 0.0000) | val RMSE = 49.810, MAE = 26.523, GAME0 = 26.523, GAME1 = 32.768, GAME2 = 38.167, GAME3 = 44.065 | time = 25.2s
[epoch 051/100] lr = 1.00e-05 | train loss = 0.0004 (base 0.0004, count 0.0000, game 0.0000, temp 0.0000, illum 0.0000) | val RMSE = 51.362, MAE = 27.298, GAME0 = 27.298, GAME1 = 33.276, GAME2 = 38.071, GAME3 = 43.374 | time = 24.5s
[epoch 052/100] lr = 1.00e-05 | train loss = 0.0004 (base 0.0004, count 0.0000, game 0.0000, temp 0.0000, illum 0.0000) | val RMSE = 47.540, MAE = 30.135, GAME0 = 30.135, GAME1 = 36.848, GAME2 = 43.417, GAME3 = 50.560 | time = 25.2s
[epoch 053/100] lr = 1.00e-05 | train loss = 0.0005 (base 0.0005, count 0.0000, game 0.0000, temp 0.0000, illum 0.0000) | val RMSE = 51.178, MAE = 26.236, GAME0 = 26.236, GAME1 = 33.676, GAME2 = 40.035, GAME3 = 46.101 | time = 25.2s
[epoch 054/100] lr = 1.00e-05 | train loss = 0.0006 (base 0.0006, count 0.0000, game 0.0000, temp 0.0000, illum 0.0000) | val RMSE = 48.857, MAE = 27.804, GAME0 = 27.804, GAME1 = 33.378, GAME2 = 38.216, GAME3 = 44.089 | time = 26.4s
[epoch 055/100] lr = 1.00e-05 | train loss = 0.0004 (base 0.0004, count 0.0000, game 0.0000, temp 0.0000, illum 0.0000) | val RMSE = 52.074, MAE = 35.253, GAME0 = 35.253, GAME1 = 40.592, GAME2 = 45.888, GAME3 = 52.494 | time = 24.8s
[epoch 056/100] lr = 1.00e-05 | train loss = 0.0004 (base 0.0004, count 0.0000, game 0.0000, temp 0.0000, illum 0.0000) | val RMSE = 50.369, MAE = 26.798, GAME0 = 26.798, GAME1 = 33.840, GAME2 = 39.922, GAME3 = 46.320 | time = 24.9s
[epoch 057/100] lr = 1.00e-05 | train loss = 0.0004 (base 0.0004, count 0.0000, game 0.0000, temp 0.0000, illum 0.0000) | val RMSE = 48.690, MAE = 26.918, GAME0 = 26.918, GAME1 = 32.692, GAME2 = 37.664, GAME3 = 43.572 | time = 24.7s
[epoch 058/100] lr = 1.00e-05 | train loss = 0.0004 (base 0.0004, count 0.0000, game 0.0000, temp 0.0000, illum 0.0000) | val RMSE = 48.165, MAE = 26.348, GAME0 = 26.348, GAME1 = 33.143, GAME2 = 39.137, GAME3 = 45.856 | time = 24.8s
[epoch 059/100] lr = 1.00e-05 | train loss = 0.0004 (base 0.0004, count 0.0000, game 0.0000, temp 0.0000, illum 0.0000) | val RMSE = 51.229, MAE = 25.688, GAME0 = 25.688, GAME1 = 32.777, GAME2 = 38.830, GAME3 = 44.857 | time = 24.6s
[epoch 060/100] lr = 1.00e-05 | train loss = 0.0004 (base 0.0004, count 0.0000, game 0.0000, temp 0.0000, illum 0.0000) | val RMSE = 50.698, MAE = 26.054, GAME0 = 26.054, GAME1 = 31.156, GAME2 = 35.307, GAME3 = 40.569 | time = 25.3s
[epoch 061/100] lr = 1.00e-05 | train loss = 0.0004 (base 0.0004, count 0.0000, game 0.0000, temp 0.0000, illum 0.0000) | val RMSE = 51.992, MAE = 26.304, GAME0 = 26.304, GAME1 = 32.266, GAME2 = 37.218, GAME3 = 42.774 | time = 24.9s
[epoch 062/100] lr = 1.00e-05 | train loss = 0.0004 (base 0.0004, count 0.0000, game 0.0000, temp 0.0000, illum 0.0000) | val RMSE = 50.226, MAE = 29.765, GAME0 = 29.765, GAME1 = 38.512, GAME2 = 47.039, GAME3 = 54.418 | time = 24.9s
[epoch 063/100] lr = 1.00e-05 | train loss = 0.0005 (base 0.0005, count 0.0000, game 0.0000, temp 0.0000, illum 0.0000) | val RMSE = 49.726, MAE = 29.897, GAME0 = 29.897, GAME1 = 35.863, GAME2 = 41.275, GAME3 = 47.676 | time = 25.0s
[epoch 064/100] lr = 1.00e-05 | train loss = 0.0003 (base 0.0003, count 0.0000, game 0.0000, temp 0.0000, illum 0.0000) | val RMSE = 53.089, MAE = 35.410, GAME0 = 35.410, GAME1 = 41.331, GAME2 = 46.927, GAME3 = 53.353 | time = 24.6s
[epoch 065/100] lr = 1.00e-05 | train loss = 0.0005 (base 0.0005, count 0.0000, game 0.0000, temp 0.0000, illum 0.0000) | val RMSE = 48.921, MAE = 27.239, GAME0 = 27.239, GAME1 = 33.232, GAME2 = 38.436, GAME3 = 44.578 | time = 25.1s
[epoch 066/100] lr = 1.00e-05 | train loss = 0.0004 (base 0.0004, count 0.0000, game 0.0000, temp 0.0000, illum 0.0000) | val RMSE = 63.078, MAE = 48.940, GAME0 = 48.940, GAME1 = 53.865, GAME2 = 59.234, GAME3 = 64.801 | time = 25.0s
[epoch 067/100] lr = 1.00e-05 | train loss = 0.0005 (base 0.0005, count 0.0000, game 0.0000, temp 0.0000, illum 0.0000) | val RMSE = 54.664, MAE = 28.621, GAME0 = 28.621, GAME1 = 33.751, GAME2 = 38.399, GAME3 = 42.989 | time = 25.6s
[epoch 068/100] lr = 1.00e-05 | train loss = 0.0005 (base 0.0005, count 0.0000, game 0.0000, temp 0.0000, illum 0.0000) | val RMSE = 51.042, MAE = 26.036, GAME0 = 26.036, GAME1 = 32.878, GAME2 = 38.591, GAME3 = 44.591 | time = 24.8s
[epoch 069/100] lr = 1.00e-05 | train loss = 0.0005 (base 0.0005, count 0.0000, game 0.0000, temp 0.0000, illum 0.0000) | val RMSE = 51.495, MAE = 32.895, GAME0 = 32.895, GAME1 = 38.025, GAME2 = 42.795, GAME3 = 48.691 | time = 24.9s
[epoch 070/100] lr = 1.00e-05 | train loss = 0.0003 (base 0.0003, count 0.0000, game 0.0000, temp 0.0000, illum 0.0000) | val RMSE = 54.558, MAE = 27.204, GAME0 = 27.204, GAME1 = 34.200, GAME2 = 39.743, GAME3 = 45.346 | time = 25.1s
[epoch 071/100] lr = 1.00e-05 | train loss = 0.0005 (base 0.0005, count 0.0000, game 0.0000, temp 0.0000, illum 0.0000) | val RMSE = 55.007, MAE = 30.283, GAME0 = 30.283, GAME1 = 33.946, GAME2 = 36.853, GAME3 = 40.560 | time = 24.8s
[epoch 072/100] lr = 1.00e-05 | train loss = 0.0004 (base 0.0004, count 0.0000, game 0.0000, temp 0.0000, illum 0.0000) | val RMSE = 55.404, MAE = 28.121, GAME0 = 28.121, GAME1 = 35.332, GAME2 = 41.604, GAME3 = 46.966 | time = 25.1s
[epoch 073/100] lr = 1.00e-05 | train loss = 0.0005 (base 0.0005, count 0.0000, game 0.0000, temp 0.0000, illum 0.0000) | val RMSE = 49.548, MAE = 29.079, GAME0 = 29.079, GAME1 = 35.100, GAME2 = 40.530, GAME3 = 46.868 | time = 24.9s
[epoch 074/100] lr = 1.00e-05 | train loss = 0.0006 (base 0.0006, count 0.0000, game 0.0000, temp 0.0000, illum 0.0000) | val RMSE = 46.732, MAE = 27.458, GAME0 = 27.458, GAME1 = 34.401, GAME2 = 41.081, GAME3 = 48.132 | time = 24.8s
[epoch 075/100] lr = 1.00e-05 | train loss = 0.0004 (base 0.0004, count 0.0000, game 0.0000, temp 0.0000, illum 0.0000) | val RMSE = 50.295, MAE = 31.387, GAME0 = 31.387, GAME1 = 36.560, GAME2 = 41.326, GAME3 = 47.353 | time = 29.8s
[epoch 076/100] lr = 1.00e-05 | train loss = 0.0004 (base 0.0004, count 0.0000, game 0.0000, temp 0.0000, illum 0.0000) | val RMSE = 46.924, MAE = 25.132, GAME0 = 25.132, GAME1 = 32.497, GAME2 = 39.202, GAME3 = 45.924 | time = 24.8s
[epoch 077/100] lr = 1.00e-05 | train loss = 0.0005 (base 0.0005, count 0.0000, game 0.0000, temp 0.0000, illum 0.0000) | val RMSE = 51.457, MAE = 33.938, GAME0 = 33.938, GAME1 = 39.249, GAME2 = 44.438, GAME3 = 50.833 | time = 24.8s
[epoch 078/100] lr = 1.00e-05 | train loss = 0.0005 (base 0.0005, count 0.0000, game 0.0000, temp 0.0000, illum 0.0000) | val RMSE = 47.425, MAE = 24.967, GAME0 = 24.967, GAME1 = 32.605, GAME2 = 39.318, GAME3 = 45.952 | time = 24.8s
[epoch 079/100] lr = 1.00e-05 | train loss = 0.0003 (base 0.0003, count 0.0000, game 0.0000, temp 0.0000, illum 0.0000) | val RMSE = 49.397, MAE = 28.644, GAME0 = 28.644, GAME1 = 36.150, GAME2 = 42.977, GAME3 = 49.984 | time = 24.6s
[epoch 080/100] lr = 1.00e-05 | train loss = 0.0004 (base 0.0004, count 0.0000, game 0.0000, temp 0.0000, illum 0.0000) | val RMSE = 49.173, MAE = 27.093, GAME0 = 27.093, GAME1 = 34.087, GAME2 = 40.210, GAME3 = 46.922 | time = 24.4s
[epoch 081/100] lr = 1.00e-05 | train loss = 0.0005 (base 0.0005, count 0.0000, game 0.0000, temp 0.0000, illum 0.0000) | val RMSE = 50.485, MAE = 26.457, GAME0 = 26.457, GAME1 = 32.269, GAME2 = 36.970, GAME3 = 42.724 | time = 24.6s
[epoch 082/100] lr = 1.00e-05 | train loss = 0.0006 (base 0.0006, count 0.0000, game 0.0000, temp 0.0000, illum 0.0000) | val RMSE = 48.609, MAE = 25.103, GAME0 = 25.103, GAME1 = 32.766, GAME2 = 39.397, GAME3 = 45.946 | time = 24.7s
[epoch 083/100] lr = 1.00e-05 | train loss = 0.0004 (base 0.0004, count 0.0000, game 0.0000, temp 0.0000, illum 0.0000) | val RMSE = 50.704, MAE = 25.697, GAME0 = 25.697, GAME1 = 31.377, GAME2 = 36.133, GAME3 = 41.640 | time = 24.9s
[epoch 084/100] lr = 1.00e-05 | train loss = 0.0004 (base 0.0004, count 0.0000, game 0.0000, temp 0.0000, illum 0.0000) | val RMSE = 51.787, MAE = 34.690, GAME0 = 34.690, GAME1 = 40.525, GAME2 = 46.246, GAME3 = 52.791 | time = 24.9s
[epoch 085/100] lr = 1.00e-05 | train loss = 0.0005 (base 0.0005, count 0.0000, game 0.0000, temp 0.0000, illum 0.0000) | val RMSE = 51.311, MAE = 25.962, GAME0 = 25.962, GAME1 = 32.109, GAME2 = 37.105, GAME3 = 42.796 | time = 24.9s
[epoch 086/100] lr = 1.00e-05 | train loss = 0.0004 (base 0.0004, count 0.0000, game 0.0000, temp 0.0000, illum 0.0000) | val RMSE = 52.378, MAE = 33.711, GAME0 = 33.711, GAME1 = 39.087, GAME2 = 44.216, GAME3 = 50.391 | time = 24.9s
[epoch 087/100] lr = 1.00e-05 | train loss = 0.0005 (base 0.0005, count 0.0000, game 0.0000, temp 0.0000, illum 0.0000) | val RMSE = 53.093, MAE = 36.499, GAME0 = 36.499, GAME1 = 41.416, GAME2 = 46.613, GAME3 = 52.767 | time = 25.3s
[epoch 088/100] lr = 1.00e-05 | train loss = 0.0005 (base 0.0005, count 0.0000, game 0.0000, temp 0.0000, illum 0.0000) | val RMSE = 52.602, MAE = 27.305, GAME0 = 27.305, GAME1 = 33.030, GAME2 = 38.033, GAME3 = 43.159 | time = 24.9s
[epoch 089/100] lr = 1.00e-05 | train loss = 0.0005 (base 0.0005, count 0.0000, game 0.0000, temp 0.0000, illum 0.0000) | val RMSE = 111.802, MAE = 101.554, GAME0 = 101.554, GAME1 = 102.904, GAME2 = 105.728, GAME3 = 109.183 | time = 25.0s
[epoch 090/100] lr = 1.00e-05 | train loss = 0.0004 (base 0.0004, count 0.0000, game 0.0000, temp 0.0000, illum 0.0000) | val RMSE = 48.344, MAE = 26.134, GAME0 = 26.134, GAME1 = 32.604, GAME2 = 38.146, GAME3 = 44.388 | time = 24.9s
[epoch 091/100] lr = 1.00e-05 | train loss = 0.0004 (base 0.0004, count 0.0000, game 0.0000, temp 0.0000, illum 0.0000) | val RMSE = 50.187, MAE = 26.565, GAME0 = 26.565, GAME1 = 33.914, GAME2 = 40.126, GAME3 = 46.683 | time = 25.2s
[epoch 092/100] lr = 1.00e-05 | train loss = 0.0004 (base 0.0004, count 0.0000, game 0.0000, temp 0.0000, illum 0.0000) | val RMSE = 55.152, MAE = 29.467, GAME0 = 29.467, GAME1 = 33.795, GAME2 = 37.795, GAME3 = 42.143 | time = 24.5s
[epoch 093/100] lr = 1.00e-05 | train loss = 0.0004 (base 0.0004, count 0.0000, game 0.0000, temp 0.0000, illum 0.0000) | val RMSE = 52.309, MAE = 26.104, GAME0 = 26.104, GAME1 = 32.407, GAME2 = 37.980, GAME3 = 43.552 | time = 25.1s
[epoch 094/100] lr = 1.00e-05 | train loss = 0.0006 (base 0.0006, count 0.0000, game 0.0000, temp 0.0000, illum 0.0000) | val RMSE = 51.308, MAE = 30.431, GAME0 = 30.431, GAME1 = 36.443, GAME2 = 41.834, GAME3 = 47.960 | time = 24.8s
[epoch 095/100] lr = 1.00e-05 | train loss = 0.0004 (base 0.0004, count 0.0000, game 0.0000, temp 0.0000, illum 0.0000) | val RMSE = 51.827, MAE = 26.255, GAME0 = 26.255, GAME1 = 31.704, GAME2 = 36.025, GAME3 = 41.297 | time = 25.1s
[epoch 096/100] lr = 1.00e-05 | train loss = 0.0004 (base 0.0004, count 0.0000, game 0.0000, temp 0.0000, illum 0.0000) | val RMSE = 51.475, MAE = 26.694, GAME0 = 26.694, GAME1 = 33.798, GAME2 = 39.739, GAME3 = 45.475 | time = 25.1s
[epoch 097/100] lr = 1.00e-05 | train loss = 0.0005 (base 0.0005, count 0.0000, game 0.0000, temp 0.0000, illum 0.0000) | val RMSE = 48.343, MAE = 29.197, GAME0 = 29.197, GAME1 = 35.051, GAME2 = 40.621, GAME3 = 47.041 | time = 24.8s
[epoch 098/100] lr = 1.00e-05 | train loss = 0.0004 (base 0.0004, count 0.0000, game 0.0000, temp 0.0000, illum 0.0000) | val RMSE = 51.097, MAE = 26.068, GAME0 = 26.068, GAME1 = 33.339, GAME2 = 39.326, GAME3 = 45.324 | time = 25.9s
[epoch 099/100] lr = 1.00e-05 | train loss = 0.0005 (base 0.0005, count 0.0000, game 0.0000, temp 0.0000, illum 0.0000) | val RMSE = 51.750, MAE = 34.689, GAME0 = 34.689, GAME1 = 39.803, GAME2 = 44.762, GAME3 = 50.987 | time = 25.1s
[epoch 100/100] lr = 1.00e-05 | train loss = 0.0004 (base 0.0004, count 0.0000, game 0.0000, temp 0.0000, illum 0.0000) | val RMSE = 57.323, MAE = 33.001, GAME0 = 33.001, GAME1 = 38.157, GAME2 = 42.844, GAME3 = 46.855 | time = 25.4s
[done] best RMSE = 46.732
