[log] /scratch/users/ntu/kenneth0/FYP-SmartObjectCounter/logs/train_rgbt_adaptive_fpn_lite_cal_align_tuned_e400_13439060.pbs101_20260330_114647.log
[job] name=train_rgbt_adaptive_fpn_lite_cal_align_tuned_e400 id=13439060.pbs101 host=x1000c0s0b0n0 time=Mon Mar 30 11:46:48 +08 2026
torch 2.6.0+cu118 cuda True
[init] warm-start base = /scratch/users/ntu/kenneth0/FYP-SmartObjectCounter/outputs/train_rgbt_base_e400/13092178.pbs101_20260309_120948/best.pth
[init] device = cuda
[init] val_fullres = True (split=val, img=768x1024)
[init] train = 1030  val = 200  workers = 4
[init] warm-start base from /scratch/users/ntu/kenneth0/FYP-SmartObjectCounter/outputs/train_rgbt_base_e400/13092178.pbs101_20260309_120948/best.pth (missing=18 unexpected=0)
/scratch/users/ntu/kenneth0/FYP-SmartObjectCounter/scripts/train_rgbt_align.py:535: FutureWarning: `torch.cuda.amp.GradScaler(args...)` is deprecated. Please use `torch.amp.GradScaler('cuda', args...)` instead.
  scaler = GradScaler(enabled = bool(args.amp))
[init] adaptive_lite optimizer groups: backbone_params=16264064 head_params=177096
Traceback (most recent call last):
  File "/scratch/users/ntu/kenneth0/FYP-SmartObjectCounter/scripts/train_rgbt_align.py", line 790, in <module>
    main()
    ~~~~^^
  File "/scratch/users/ntu/kenneth0/FYP-SmartObjectCounter/scripts/train_rgbt_align.py", line 728, in main
    loss.backward()
    ~~~~~~~~~~~~~^^
  File "/app/apps/pytorch/2.6.0-py3-cu11.8/lib/python3.13/site-packages/torch/_tensor.py", line 626, in backward
    torch.autograd.backward(
    ~~~~~~~~~~~~~~~~~~~~~~~^
        self, gradient, retain_graph, create_graph, inputs=inputs
        ^^^^^^^^^^^^^^^^^^^^^^^^^^^^^^^^^^^^^^^^^^^^^^^^^^^^^^^^^
    )
    ^
  File "/app/apps/pytorch/2.6.0-py3-cu11.8/lib/python3.13/site-packages/torch/autograd/__init__.py", line 347, in backward
    _engine_run_backward(
    ~~~~~~~~~~~~~~~~~~~~^
        tensors,
        ^^^^^^^^
    ...<5 lines>...
        accumulate_grad=True,
        ^^^^^^^^^^^^^^^^^^^^^
    )
    ^
  File "/app/apps/pytorch/2.6.0-py3-cu11.8/lib/python3.13/site-packages/torch/autograd/graph.py", line 823, in _engine_run_backward
    return Variable._execution_engine.run_backward(  # Calls into the C++ engine to run the backward pass
           ~~~~~~~~~~~~~~~~~~~~~~~~~~~~~~~~~~~~~~~^^^^^^^^^^^^^^^^^^^^^^^^^^^^^^^^^^^^^^^^^^^^^^^^^^^^^^^
        t_outputs, *args, **kwargs
        ^^^^^^^^^^^^^^^^^^^^^^^^^^
    )  # Calls into the C++ engine to run the backward pass
    ^
RuntimeError: grid_sampler_2d_backward_cuda does not have a deterministic implementation, but you set 'torch.use_deterministic_algorithms(True)'. You can turn off determinism just for this operation, or you can use the 'warn_only=True' option, if that's acceptable for your application. You can also file an issue at https://github.com/pytorch/pytorch/issues to help us prioritize adding deterministic support for this operation.
