[log] /scratch/users/ntu/kenneth0/FYP-SmartObjectCounter/logs/train_rgbt_late_e100_12751554.pbs101_20260117_203948.log
[job] name=train_rgbt_late_e100 id=12751554.pbs101 host=x1000c1s2b0n0 time=Sat Jan 17 20:39:48 +08 2026
[init] device = cuda
[init] train = 1030  val = 200  workers = 4
/scratch/users/ntu/kenneth0/FYP-SmartObjectCounter/scripts/train_rgbt.py:383: FutureWarning: `torch.cuda.amp.GradScaler(args...)` is deprecated. Please use `torch.amp.GradScaler('cuda', args...)` instead.
  scaler = GradScaler(enabled = bool(args.amp))
[e001 s0001/1030] loss = 4.042639
[e001 s0050/1030] loss = 0.375186
[e001 s0100/1030] loss = 0.187593
[e001 s0150/1030] loss = 0.125062
[e001 s0200/1030] loss = 0.093797
[e001 s0250/1030] loss = 0.075037
[e001 s0300/1030] loss = 0.062531
[e001 s0350/1030] loss = 0.053598
[e001 s0400/1030] loss = 0.046898
[e001 s0450/1030] loss = 0.041687
[e001 s0500/1030] loss = 0.037519
[e001 s0550/1030] loss = 0.034108
[e001 s0600/1030] loss = 0.031266
[e001 s0650/1030] loss = 0.028860
[e001 s0700/1030] loss = 0.026799
[e001 s0750/1030] loss = 0.025012
[e001 s0800/1030] loss = 0.023449
[e001 s0850/1030] loss = 0.022070
[e001 s0900/1030] loss = 0.020844
[e001 s0950/1030] loss = 0.019747
[e001 s1000/1030] loss = 0.018759
Epoch 001: train_loss = 0.018213  MAE/GAME0 = 0.000  RMSE = 0.000  GAME1 = 0.000  GAME2 = 0.000  GAME3 = 0.000  lr = 1.00e-05  time = 19.7s
[e002 s0001/1030] loss = 0.000000
[e002 s0050/1030] loss = 0.000000
[e002 s0100/1030] loss = 0.000000
[e002 s0150/1030] loss = 0.000000
[e002 s0200/1030] loss = 0.000000
[e002 s0250/1030] loss = 0.000000
[e002 s0300/1030] loss = 0.000000
[e002 s0350/1030] loss = 0.000000
[e002 s0400/1030] loss = 0.000000
[e002 s0450/1030] loss = 0.000000
[e002 s0500/1030] loss = 0.000000
[e002 s0550/1030] loss = 0.000000
[e002 s0600/1030] loss = 0.000000
[e002 s0650/1030] loss = 0.000000
[e002 s0700/1030] loss = 0.000000
[e002 s0750/1030] loss = 0.000000
[e002 s0800/1030] loss = 0.000000
[e002 s0850/1030] loss = 0.000000
[e002 s0900/1030] loss = 0.000000
[e002 s0950/1030] loss = 0.000000
[e002 s1000/1030] loss = 0.000000
Epoch 002: train_loss = 0.000000  MAE/GAME0 = 0.000  RMSE = 0.000  GAME1 = 0.000  GAME2 = 0.000  GAME3 = 0.000  lr = 1.00e-05  time = 16.5s
[e003 s0001/1030] loss = 0.000000
[e003 s0050/1030] loss = 0.000000
[e003 s0100/1030] loss = 0.000000
[e003 s0150/1030] loss = 0.000000
[e003 s0200/1030] loss = 0.000000
[e003 s0250/1030] loss = 0.000000
[e003 s0300/1030] loss = 0.000000
[e003 s0350/1030] loss = 0.000000
[e003 s0400/1030] loss = 0.000000
[e003 s0450/1030] loss = 0.000000
[e003 s0500/1030] loss = 0.000000
[e003 s0550/1030] loss = 0.000000
[e003 s0600/1030] loss = 0.000000
[e003 s0650/1030] loss = 0.000000
[e003 s0700/1030] loss = 0.000000
[e003 s0750/1030] loss = 0.000000
[e003 s0800/1030] loss = 0.000000
[e003 s0850/1030] loss = 0.000000
[e003 s0900/1030] loss = 0.000000
[e003 s0950/1030] loss = 0.000000
[e003 s1000/1030] loss = 0.000000
Epoch 003: train_loss = 0.000000  MAE/GAME0 = 0.000  RMSE = 0.000  GAME1 = 0.000  GAME2 = 0.000  GAME3 = 0.000  lr = 1.00e-05  time = 16.7s
[e004 s0001/1030] loss = 0.000000
[e004 s0050/1030] loss = 0.000000
[e004 s0100/1030] loss = 0.000000
[e004 s0150/1030] loss = 0.000000
[e004 s0200/1030] loss = 0.000000
[e004 s0250/1030] loss = 0.000000
[e004 s0300/1030] loss = 0.000000
[e004 s0350/1030] loss = 0.000000
[e004 s0400/1030] loss = 0.000000
[e004 s0450/1030] loss = 0.000000
[e004 s0500/1030] loss = 0.000000
[e004 s0550/1030] loss = 0.000000
[e004 s0600/1030] loss = 0.000000
[e004 s0650/1030] loss = 0.000000
[e004 s0700/1030] loss = 0.000000
[e004 s0750/1030] loss = 0.000000
[e004 s0800/1030] loss = 0.000000
[e004 s0850/1030] loss = 0.000000
[e004 s0900/1030] loss = 0.000000
[e004 s0950/1030] loss = 0.000000
[e004 s1000/1030] loss = 0.000000
Epoch 004: train_loss = 0.000000  MAE/GAME0 = 0.000  RMSE = 0.000  GAME1 = 0.000  GAME2 = 0.000  GAME3 = 0.000  lr = 1.00e-05  time = 16.5s
[e005 s0001/1030] loss = 0.000000
[e005 s0050/1030] loss = 0.000000
[e005 s0100/1030] loss = 0.000000
[e005 s0150/1030] loss = 0.000000
[e005 s0200/1030] loss = 0.000000
[e005 s0250/1030] loss = 0.000000
[e005 s0300/1030] loss = 0.000000
[e005 s0350/1030] loss = 0.000000
[e005 s0400/1030] loss = 0.000000
[e005 s0450/1030] loss = 0.000000
[e005 s0500/1030] loss = 0.000000
[e005 s0550/1030] loss = 0.000000
[e005 s0600/1030] loss = 0.000000
[e005 s0650/1030] loss = 0.000000
[e005 s0700/1030] loss = 0.000000
[e005 s0750/1030] loss = 280.034396
[e005 s0800/1030] loss = 262.532246
[e005 s0850/1030] loss = 247.089173
[e005 s0900/1030] loss = 233.361997
[e005 s0950/1030] loss = 221.079787
[e005 s1000/1030] loss = 5381.353798
Epoch 005: train_loss = 5224.615338  MAE/GAME0 = 1107.269  RMSE = 13041.132  GAME1 = 1107.269  GAME2 = 1107.269  GAME3 = 1107.269  lr = 1.00e-05  time = 16.4s
[e006 s0001/1030] loss = 0.000001
[e006 s0050/1030] loss = 0.000019
[e006 s0100/1030] loss = 0.000021
[e006 s0150/1030] loss = 56898.773354
[e006 s0200/1030] loss = 42674.080024
[e006 s0250/1030] loss = 39167.109025
[e006 s0300/1030] loss = 56060.257528
[e006 s0350/1030] loss = 48051.649315
[e006 s0400/1030] loss = 42045.193156
[e006 s0450/1030] loss = 41526.536143
[e006 s0500/1030] loss = 37373.882533
[e006 s0550/1030] loss = 48471.261624
[e006 s0600/1030] loss = 44431.989825
[e006 s0650/1030] loss = 86223.750610
[e006 s0700/1030] loss = 80064.911283
[e006 s0750/1030] loss = 561948.623866
[e006 s0800/1030] loss = 648308.079876
[e006 s0850/1030] loss = 610172.310473
[e006 s0900/1030] loss = 576273.848781
[e006 s0950/1030] loss = 545943.646214
[e006 s1000/1030] loss = 518646.463904
Epoch 006: train_loss = 503540.256218  MAE/GAME0 = 0.385  RMSE = 0.389  GAME1 = 0.385  GAME2 = 0.385  GAME3 = 0.385  lr = 1.00e-05  time = 16.3s
[e007 s0001/1030] loss = 0.000010
[e007 s0050/1030] loss = 0.000012
[e007 s0100/1030] loss = 0.000011
[e007 s0150/1030] loss = 4464263.040010
[e007 s0200/1030] loss = 3348197.280009
[e007 s0250/1030] loss = 2678557.824009
[e007 s0300/1030] loss = 5202452.800008
[e007 s0350/1030] loss = 7527506.194293
[e007 s0400/1030] loss = 7917256.960007
[e007 s0450/1030] loss = 7037561.742228
[e007 s0500/1030] loss = 6376669.796006
[e007 s0550/1030] loss = 5796972.541823
[e007 s0600/1030] loss = 5313891.496671
[e007 s0650/1030] loss = 4905130.612312
[e007 s0700/1030] loss = 4554764.140004
[e007 s0750/1030] loss = 4251113.197337
[e007 s0800/1030] loss = 4027269.370004
[e007 s0850/1030] loss = 3790371.171768
[e007 s0900/1030] loss = 3579794.995559
[e007 s0950/1030] loss = 3391384.732635
[e007 s1000/1030] loss = 3231552.959003
Epoch 007: train_loss = 3170589.136896  MAE/GAME0 = 51588.073  RMSE = 401188.812  GAME1 = 51588.073  GAME2 = 51588.073  GAME3 = 51588.073  lr = 1.00e-05  time = 16.3s
[e008 s0001/1030] loss = 0.000000
[e008 s0050/1030] loss = 0.000000
[e008 s0100/1030] loss = 412888.260000
[e008 s0150/1030] loss = 385775.666667
[e008 s0200/1030] loss = 289331.750000
[e008 s0250/1030] loss = 244696.090000
[e008 s0300/1030] loss = 240777.628333
[e008 s0350/1030] loss = 289261.932857
[e008 s0400/1030] loss = 253104.191250
[e008 s0450/1030] loss = 234381.315000
[e008 s0500/1030] loss = 210943.183500
[e008 s0550/1030] loss = 191766.530455
[e008 s0600/1030] loss = 175785.986250
[e008 s0650/1030] loss = 162263.987308
[e008 s0700/1030] loss = 165532.031786
[e008 s0750/1030] loss = 158437.187333
[e008 s0800/1030] loss = 148534.863125
[e008 s0850/1030] loss = 143512.820000
[e008 s0900/1030] loss = 135855.346875
[e008 s0950/1030] loss = 128705.065461
[e008 s1000/1030] loss = 123278.637937
Epoch 008: train_loss = 119687.997998  MAE/GAME0 = 0.000  RMSE = 0.000  GAME1 = 0.000  GAME2 = 0.000  GAME3 = 0.000  lr = 1.00e-05  time = 16.2s
[e009 s0001/1030] loss = 0.000000
[e009 s0050/1030] loss = 3101.672187
[e009 s0100/1030] loss = 1550.836094
[e009 s0150/1030] loss = 1033.890729
[e009 s0200/1030] loss = 1070.669121
[e009 s0250/1030] loss = 985.219172
[e009 s0300/1030] loss = 821.015977
[e009 s0350/1030] loss = 1931.046618
[e009 s0400/1030] loss = 1989.388506
[e009 s0450/1030] loss = 2149.904503
[e009 s0500/1030] loss = 2133.526178
[e009 s0550/1030] loss = 2011.164466
[e009 s0600/1030] loss = 2018.687202
[e009 s0650/1030] loss = 1868.660774
[e009 s0700/1030] loss = 1735.185004
[e009 s0750/1030] loss = 1619.506004
[e009 s0800/1030] loss = 1518.286879
[e009 s0850/1030] loss = 1428.975886
[e009 s0900/1030] loss = 1353.071650
[e009 s0950/1030] loss = 1286.446542
[e009 s1000/1030] loss = 1228.771471
Epoch 009: train_loss = 1192.982011  MAE/GAME0 = 333.544  RMSE = 4717.025  GAME1 = 333.544  GAME2 = 333.544  GAME3 = 333.544  lr = 1.00e-05  time = 16.3s
[e010 s0001/1030] loss = 0.000000
[e010 s0050/1030] loss = 76.114297
[e010 s0100/1030] loss = 63.823076
[e010 s0150/1030] loss = 42.548717
[e010 s0200/1030] loss = 44.025076
[e010 s0250/1030] loss = 35.220061
[e010 s0300/1030] loss = 29.350050
[e010 s0350/1030] loss = 25.157186
[e010 s0400/1030] loss = 23.985314
[e010 s0450/1030] loss = 21.320280
[e010 s0500/1030] loss = 19.590596
[e010 s0550/1030] loss = 17.809633
[e010 s0600/1030] loss = 16.325496
[e010 s0650/1030] loss = 15.319861
[e010 s0700/1030] loss = 14.442201
[e010 s0750/1030] loss = 13.644643
[e010 s0800/1030] loss = 12.791853
[e010 s0850/1030] loss = 12.049201
[e010 s0900/1030] loss = 11.379801
[e010 s0950/1030] loss = 10.818137
[e010 s1000/1030] loss = 10.277230
Epoch 010: train_loss = 9.987679  MAE/GAME0 = 21.823  RMSE = 218.343  GAME1 = 21.823  GAME2 = 21.823  GAME3 = 21.823  lr = 1.00e-05  time = 16.5s
[e011 s0001/1030] loss = 0.000000
[e011 s0050/1030] loss = 0.000000
[e011 s0100/1030] loss = 0.052218
[e011 s0150/1030] loss = 0.034812
[e011 s0200/1030] loss = 0.030709
[e011 s0250/1030] loss = 0.033192
[e011 s0300/1030] loss = 0.036523
[e011 s0350/1030] loss = 0.032123
[e011 s0400/1030] loss = 0.029098
[e011 s0450/1030] loss = 0.026708
[e011 s0500/1030] loss = 0.024314
[e011 s0550/1030] loss = 0.022104
[e011 s0600/1030] loss = 0.020262
[e011 s0650/1030] loss = 0.018703
[e011 s0700/1030] loss = 0.017559
[e011 s0750/1030] loss = 0.016389
[e011 s0800/1030] loss = 0.015452
[e011 s0850/1030] loss = 0.014554
[e011 s0900/1030] loss = 0.013775
[e011 s0950/1030] loss = 0.013050
[e011 s1000/1030] loss = 0.012398
Epoch 011: train_loss = 0.012037  MAE/GAME0 = 0.234  RMSE = 2.355  GAME1 = 0.234  GAME2 = 0.234  GAME3 = 0.234  lr = 1.00e-05  time = 16.3s
[e012 s0001/1030] loss = 0.000000
[e012 s0050/1030] loss = 0.000000
[e012 s0100/1030] loss = 0.000039
[e012 s0150/1030] loss = 0.000026
[e012 s0200/1030] loss = 0.000019
[e012 s0250/1030] loss = 0.000016
[e012 s0300/1030] loss = 0.000013
[e012 s0350/1030] loss = 0.000011
[e012 s0400/1030] loss = 0.000010
[e012 s0450/1030] loss = 0.000009
[e012 s0500/1030] loss = 0.000008
[e012 s0550/1030] loss = 0.000007
[e012 s0600/1030] loss = 0.000007
[e012 s0650/1030] loss = 0.000006
[e012 s0700/1030] loss = 0.000006
[e012 s0750/1030] loss = 0.000005
[e012 s0800/1030] loss = 0.000005
[e012 s0850/1030] loss = 0.000005
[e012 s0900/1030] loss = 0.000004
[e012 s0950/1030] loss = 0.000004
[e012 s1000/1030] loss = 0.000004
Epoch 012: train_loss = 0.000004  MAE/GAME0 = 0.001  RMSE = 0.013  GAME1 = 0.001  GAME2 = 0.001  GAME3 = 0.001  lr = 1.00e-05  time = 16.2s
[e013 s0001/1030] loss = 0.000000
[e013 s0050/1030] loss = 0.000000
[e013 s0100/1030] loss = 0.000000
[e013 s0150/1030] loss = 0.000000
[e013 s0200/1030] loss = 0.000000
[e013 s0250/1030] loss = 0.000000
[e013 s0300/1030] loss = 0.000000
[e013 s0350/1030] loss = 0.000000
[e013 s0400/1030] loss = 0.000000
[e013 s0450/1030] loss = 0.000000
[e013 s0500/1030] loss = 0.000000
[e013 s0550/1030] loss = 0.000000
[e013 s0600/1030] loss = 0.000000
[e013 s0650/1030] loss = 0.000000
[e013 s0700/1030] loss = 0.000000
[e013 s0750/1030] loss = 0.000000
[e013 s0800/1030] loss = 0.000000
[e013 s0850/1030] loss = 0.000000
[e013 s0900/1030] loss = 0.000000
[e013 s0950/1030] loss = 0.000000
[e013 s1000/1030] loss = 0.000000
Epoch 013: train_loss = 0.000000  MAE/GAME0 = 0.000  RMSE = 0.000  GAME1 = 0.000  GAME2 = 0.000  GAME3 = 0.000  lr = 1.00e-05  time = 16.1s
[e014 s0001/1030] loss = 0.000000
[e014 s0050/1030] loss = 0.000000
[e014 s0100/1030] loss = 0.000000
[e014 s0150/1030] loss = 0.000000
[e014 s0200/1030] loss = 0.000000
[e014 s0250/1030] loss = 0.000000
[e014 s0300/1030] loss = 0.000000
[e014 s0350/1030] loss = 0.000000
[e014 s0400/1030] loss = 0.000000
[e014 s0450/1030] loss = 0.000000
[e014 s0500/1030] loss = 0.000000
[e014 s0550/1030] loss = 0.000000
[e014 s0600/1030] loss = 0.000000
[e014 s0650/1030] loss = 0.000000
[e014 s0700/1030] loss = 0.000000
[e014 s0750/1030] loss = 0.000000
[e014 s0800/1030] loss = 0.000000
[e014 s0850/1030] loss = 0.000000
[e014 s0900/1030] loss = 0.000000
[e014 s0950/1030] loss = 0.000000
[e014 s1000/1030] loss = 0.000000
Epoch 014: train_loss = 0.000000  MAE/GAME0 = 0.000  RMSE = 0.000  GAME1 = 0.000  GAME2 = 0.000  GAME3 = 0.000  lr = 1.00e-05  time = 16.6s
[e015 s0001/1030] loss = 0.000000
[e015 s0050/1030] loss = 0.000000
[e015 s0100/1030] loss = 0.000000
[e015 s0150/1030] loss = 0.000000
[e015 s0200/1030] loss = 0.000000
[e015 s0250/1030] loss = 0.000000
[e015 s0300/1030] loss = 0.000000
[e015 s0350/1030] loss = 0.000000
[e015 s0400/1030] loss = 0.000000
[e015 s0450/1030] loss = 0.000000
[e015 s0500/1030] loss = 0.000000
[e015 s0550/1030] loss = 0.000000
[e015 s0600/1030] loss = 0.000000
[e015 s0650/1030] loss = 0.000000
[e015 s0700/1030] loss = 0.000000
[e015 s0750/1030] loss = 0.000000
[e015 s0800/1030] loss = 0.000000
[e015 s0850/1030] loss = 0.000000
[e015 s0900/1030] loss = 0.000000
[e015 s0950/1030] loss = 0.000000
[e015 s1000/1030] loss = 0.000000
Epoch 015: train_loss = 0.000000  MAE/GAME0 = 0.000  RMSE = 0.000  GAME1 = 0.000  GAME2 = 0.000  GAME3 = 0.000  lr = 1.00e-05  time = 16.3s
[e016 s0001/1030] loss = 0.000000
[e016 s0050/1030] loss = 0.000000
[e016 s0100/1030] loss = 0.000000
[e016 s0150/1030] loss = 0.000000
[e016 s0200/1030] loss = 0.000000
[e016 s0250/1030] loss = 0.000000
[e016 s0300/1030] loss = 0.000000
[e016 s0350/1030] loss = 0.000000
[e016 s0400/1030] loss = 0.000000
[e016 s0450/1030] loss = 0.000000
[e016 s0500/1030] loss = 0.000000
[e016 s0550/1030] loss = 0.000000
[e016 s0600/1030] loss = 0.000000
[e016 s0650/1030] loss = 0.000000
[e016 s0700/1030] loss = 0.000000
[e016 s0750/1030] loss = 0.000000
[e016 s0800/1030] loss = 0.000000
[e016 s0850/1030] loss = 0.000000
[e016 s0900/1030] loss = 0.000000
[e016 s0950/1030] loss = 0.000000
[e016 s1000/1030] loss = 0.000000
Epoch 016: train_loss = 0.000000  MAE/GAME0 = 0.000  RMSE = 0.000  GAME1 = 0.000  GAME2 = 0.000  GAME3 = 0.000  lr = 1.00e-05  time = 16.5s
[e017 s0001/1030] loss = 0.000000
[e017 s0050/1030] loss = 0.000000
[e017 s0100/1030] loss = 0.000000
[e017 s0150/1030] loss = 0.000000
[e017 s0200/1030] loss = 0.000000
[e017 s0250/1030] loss = 0.000000
[e017 s0300/1030] loss = 0.000000
[e017 s0350/1030] loss = 0.000000
[e017 s0400/1030] loss = 0.000000
[e017 s0450/1030] loss = 0.000000
[e017 s0500/1030] loss = 0.000000
[e017 s0550/1030] loss = 0.000000
[e017 s0600/1030] loss = 0.000000
[e017 s0650/1030] loss = 0.000000
[e017 s0700/1030] loss = 0.000000
[e017 s0750/1030] loss = 0.000000
[e017 s0800/1030] loss = 0.000000
[e017 s0850/1030] loss = 0.000000
[e017 s0900/1030] loss = 0.000000
[e017 s0950/1030] loss = 0.000000
[e017 s1000/1030] loss = 0.000000
Epoch 017: train_loss = 0.000000  MAE/GAME0 = 0.000  RMSE = 0.000  GAME1 = 0.000  GAME2 = 0.000  GAME3 = 0.000  lr = 1.00e-05  time = 16.3s
[e018 s0001/1030] loss = 0.000000
[e018 s0050/1030] loss = 0.000000
[e018 s0100/1030] loss = 0.000000
[e018 s0150/1030] loss = 0.000000
[e018 s0200/1030] loss = 0.000000
[e018 s0250/1030] loss = 0.000000
[e018 s0300/1030] loss = 0.000000
[e018 s0350/1030] loss = 0.000000
[e018 s0400/1030] loss = 0.000000
[e018 s0450/1030] loss = 0.000000
[e018 s0500/1030] loss = 0.000000
[e018 s0550/1030] loss = 0.000000
[e018 s0600/1030] loss = 0.000000
[e018 s0650/1030] loss = 0.000000
[e018 s0700/1030] loss = 0.000000
[e018 s0750/1030] loss = 0.000000
[e018 s0800/1030] loss = 0.000000
[e018 s0850/1030] loss = 0.000000
[e018 s0900/1030] loss = 0.000000
[e018 s0950/1030] loss = 0.000000
[e018 s1000/1030] loss = 0.000000
Epoch 018: train_loss = 0.000000  MAE/GAME0 = 0.000  RMSE = 0.000  GAME1 = 0.000  GAME2 = 0.000  GAME3 = 0.000  lr = 1.00e-05  time = 16.4s
[e019 s0001/1030] loss = 0.000000
[e019 s0050/1030] loss = 0.000000
[e019 s0100/1030] loss = 0.000000
[e019 s0150/1030] loss = 0.000000
[e019 s0200/1030] loss = 0.000000
[e019 s0250/1030] loss = 0.000000
[e019 s0300/1030] loss = 0.000000
[e019 s0350/1030] loss = 0.000000
[e019 s0400/1030] loss = 0.000000
[e019 s0450/1030] loss = 0.000000
[e019 s0500/1030] loss = 0.000000
[e019 s0550/1030] loss = 0.000000
[e019 s0600/1030] loss = 0.000000
[e019 s0650/1030] loss = 0.000000
[e019 s0700/1030] loss = 0.000000
[e019 s0750/1030] loss = 0.000000
[e019 s0800/1030] loss = 0.000000
[e019 s0850/1030] loss = 0.000000
[e019 s0900/1030] loss = 0.000000
[e019 s0950/1030] loss = 0.000000
[e019 s1000/1030] loss = 0.000000
Epoch 019: train_loss = 0.000000  MAE/GAME0 = 0.000  RMSE = 0.000  GAME1 = 0.000  GAME2 = 0.000  GAME3 = 0.000  lr = 1.00e-05  time = 16.2s
[e020 s0001/1030] loss = 0.000000
[e020 s0050/1030] loss = 0.000000
[e020 s0100/1030] loss = 0.000000
[e020 s0150/1030] loss = 0.000000
[e020 s0200/1030] loss = 0.000000
[e020 s0250/1030] loss = 0.000000
[e020 s0300/1030] loss = 0.000000
[e020 s0350/1030] loss = 0.000000
[e020 s0400/1030] loss = 0.000000
[e020 s0450/1030] loss = 0.000000
[e020 s0500/1030] loss = 0.000000
[e020 s0550/1030] loss = 0.000000
[e020 s0600/1030] loss = 0.000000
[e020 s0650/1030] loss = 0.000000
[e020 s0700/1030] loss = 0.000000
[e020 s0750/1030] loss = 0.000000
[e020 s0800/1030] loss = 0.000000
[e020 s0850/1030] loss = 0.000000
[e020 s0900/1030] loss = 0.000000
[e020 s0950/1030] loss = 0.000000
[e020 s1000/1030] loss = 0.000000
Epoch 020: train_loss = 0.000000  MAE/GAME0 = 0.000  RMSE = 0.000  GAME1 = 0.000  GAME2 = 0.000  GAME3 = 0.000  lr = 1.00e-05  time = 16.2s
[e021 s0001/1030] loss = 0.000000
[e021 s0050/1030] loss = 0.000000
[e021 s0100/1030] loss = 0.000000
[e021 s0150/1030] loss = 0.000000
[e021 s0200/1030] loss = 0.000000
[e021 s0250/1030] loss = 0.000000
[e021 s0300/1030] loss = 0.000000
[e021 s0350/1030] loss = 0.000000
[e021 s0400/1030] loss = 0.000000
[e021 s0450/1030] loss = 0.000000
[e021 s0500/1030] loss = 0.000000
[e021 s0550/1030] loss = 0.000000
[e021 s0600/1030] loss = 0.000000
[e021 s0650/1030] loss = 0.000000
[e021 s0700/1030] loss = 0.000000
[e021 s0750/1030] loss = 0.000000
[e021 s0800/1030] loss = 0.000000
[e021 s0850/1030] loss = 0.000000
[e021 s0900/1030] loss = 0.000000
[e021 s0950/1030] loss = 0.000000
[e021 s1000/1030] loss = 0.000000
Epoch 021: train_loss = 0.000000  MAE/GAME0 = 0.000  RMSE = 0.000  GAME1 = 0.000  GAME2 = 0.000  GAME3 = 0.000  lr = 1.00e-05  time = 16.4s
[e022 s0001/1030] loss = 0.000000
[e022 s0050/1030] loss = 0.000000
[e022 s0100/1030] loss = 0.000000
[e022 s0150/1030] loss = 0.000000
[e022 s0200/1030] loss = 0.000000
[e022 s0250/1030] loss = 0.000000
[e022 s0300/1030] loss = 0.000000
[e022 s0350/1030] loss = 0.000000
[e022 s0400/1030] loss = 0.000000
[e022 s0450/1030] loss = 0.000000
[e022 s0500/1030] loss = 0.000000
[e022 s0550/1030] loss = 0.000000
[e022 s0600/1030] loss = 0.000000
[e022 s0650/1030] loss = 0.000000
[e022 s0700/1030] loss = 0.000000
[e022 s0750/1030] loss = 0.000000
[e022 s0800/1030] loss = 0.000000
[e022 s0850/1030] loss = 0.000000
[e022 s0900/1030] loss = 0.000000
[e022 s0950/1030] loss = 0.000000
[e022 s1000/1030] loss = 0.000000
Epoch 022: train_loss = 0.000000  MAE/GAME0 = 0.000  RMSE = 0.000  GAME1 = 0.000  GAME2 = 0.000  GAME3 = 0.000  lr = 1.00e-05  time = 16.1s
[e023 s0001/1030] loss = 0.000000
[e023 s0050/1030] loss = 0.000000
[e023 s0100/1030] loss = 0.000000
[e023 s0150/1030] loss = 0.000000
[e023 s0200/1030] loss = 0.000000
[e023 s0250/1030] loss = 0.000000
[e023 s0300/1030] loss = 0.000000
[e023 s0350/1030] loss = 0.000000
[e023 s0400/1030] loss = 0.000000
[e023 s0450/1030] loss = 0.000000
[e023 s0500/1030] loss = 0.000000
[e023 s0550/1030] loss = 0.000000
[e023 s0600/1030] loss = 0.000000
[e023 s0650/1030] loss = 0.000000
[e023 s0700/1030] loss = 0.000000
[e023 s0750/1030] loss = 0.000000
[e023 s0800/1030] loss = 0.000000
[e023 s0850/1030] loss = 0.000000
[e023 s0900/1030] loss = 0.000000
[e023 s0950/1030] loss = 0.000000
[e023 s1000/1030] loss = 0.000000
Epoch 023: train_loss = 0.000000  MAE/GAME0 = 0.000  RMSE = 0.000  GAME1 = 0.000  GAME2 = 0.000  GAME3 = 0.000  lr = 1.00e-05  time = 16.6s
[e024 s0001/1030] loss = 0.000000
[e024 s0050/1030] loss = 0.000000
[e024 s0100/1030] loss = 0.000000
[e024 s0150/1030] loss = 0.000000
[e024 s0200/1030] loss = 0.000000
[e024 s0250/1030] loss = 0.000000
[e024 s0300/1030] loss = 0.000000
[e024 s0350/1030] loss = 0.000000
[e024 s0400/1030] loss = 0.000000
[e024 s0450/1030] loss = 0.000000
[e024 s0500/1030] loss = 0.000000
[e024 s0550/1030] loss = 0.000000
[e024 s0600/1030] loss = 0.000000
[e024 s0650/1030] loss = 0.000000
[e024 s0700/1030] loss = 0.000000
[e024 s0750/1030] loss = 0.000000
[e024 s0800/1030] loss = 0.000000
[e024 s0850/1030] loss = 0.000000
[e024 s0900/1030] loss = 0.000000
[e024 s0950/1030] loss = 0.000000
[e024 s1000/1030] loss = 0.000000
Epoch 024: train_loss = 0.000000  MAE/GAME0 = 0.000  RMSE = 0.000  GAME1 = 0.000  GAME2 = 0.000  GAME3 = 0.000  lr = 1.00e-05  time = 16.3s
[e025 s0001/1030] loss = 0.000000
[e025 s0050/1030] loss = 0.000000
[e025 s0100/1030] loss = 0.000000
[e025 s0150/1030] loss = 0.000000
[e025 s0200/1030] loss = 0.000000
[e025 s0250/1030] loss = 0.000000
[e025 s0300/1030] loss = 0.000000
[e025 s0350/1030] loss = 0.000000
[e025 s0400/1030] loss = 0.000000
[e025 s0450/1030] loss = 0.000000
[e025 s0500/1030] loss = 0.000000
[e025 s0550/1030] loss = 0.000000
[e025 s0600/1030] loss = 0.000000
[e025 s0650/1030] loss = 0.000000
[e025 s0700/1030] loss = 0.000000
[e025 s0750/1030] loss = 0.000000
[e025 s0800/1030] loss = 0.000000
[e025 s0850/1030] loss = 0.000000
[e025 s0900/1030] loss = 0.000000
[e025 s0950/1030] loss = 0.000000
[e025 s1000/1030] loss = 0.000000
Epoch 025: train_loss = 0.000000  MAE/GAME0 = 0.000  RMSE = 0.000  GAME1 = 0.000  GAME2 = 0.000  GAME3 = 0.000  lr = 1.00e-05  time = 16.2s
[e026 s0001/1030] loss = 0.000000
[e026 s0050/1030] loss = 0.000000
[e026 s0100/1030] loss = 0.000000
[e026 s0150/1030] loss = 0.000000
[e026 s0200/1030] loss = 0.000000
[e026 s0250/1030] loss = 0.000000
[e026 s0300/1030] loss = 0.000000
[e026 s0350/1030] loss = 0.000000
[e026 s0400/1030] loss = 0.000000
[e026 s0450/1030] loss = 0.000000
[e026 s0500/1030] loss = 0.000000
[e026 s0550/1030] loss = 0.000000
[e026 s0600/1030] loss = 0.000000
[e026 s0650/1030] loss = 0.000000
[e026 s0700/1030] loss = 0.000000
[e026 s0750/1030] loss = 0.000000
[e026 s0800/1030] loss = 0.000000
[e026 s0850/1030] loss = 0.000000
[e026 s0900/1030] loss = 0.000000
[e026 s0950/1030] loss = 0.000000
[e026 s1000/1030] loss = 0.000000
Epoch 026: train_loss = 0.000000  MAE/GAME0 = 0.000  RMSE = 0.000  GAME1 = 0.000  GAME2 = 0.000  GAME3 = 0.000  lr = 1.00e-05  time = 16.1s
[e027 s0001/1030] loss = 0.000000
[e027 s0050/1030] loss = 0.000000
[e027 s0100/1030] loss = 0.000000
[e027 s0150/1030] loss = 0.000000
[e027 s0200/1030] loss = 0.000000
[e027 s0250/1030] loss = 0.000000
[e027 s0300/1030] loss = 0.000000
[e027 s0350/1030] loss = 0.000000
[e027 s0400/1030] loss = 0.000000
[e027 s0450/1030] loss = 0.000000
[e027 s0500/1030] loss = 0.000000
[e027 s0550/1030] loss = 0.000000
[e027 s0600/1030] loss = 0.000000
[e027 s0650/1030] loss = 0.000000
[e027 s0700/1030] loss = 0.000000
[e027 s0750/1030] loss = 0.000000
[e027 s0800/1030] loss = 0.000000
[e027 s0850/1030] loss = 0.000000
[e027 s0900/1030] loss = 0.000000
[e027 s0950/1030] loss = 0.000000
[e027 s1000/1030] loss = 0.000000
Epoch 027: train_loss = 0.000000  MAE/GAME0 = 0.000  RMSE = 0.000  GAME1 = 0.000  GAME2 = 0.000  GAME3 = 0.000  lr = 1.00e-05  time = 16.2s
[e028 s0001/1030] loss = 0.000000
[e028 s0050/1030] loss = 0.000000
[e028 s0100/1030] loss = 0.000000
[e028 s0150/1030] loss = 0.000000
[e028 s0200/1030] loss = 0.000000
[e028 s0250/1030] loss = 0.000000
[e028 s0300/1030] loss = 0.000000
[e028 s0350/1030] loss = 0.000000
[e028 s0400/1030] loss = 0.000000
[e028 s0450/1030] loss = 0.000000
[e028 s0500/1030] loss = 0.000000
[e028 s0550/1030] loss = 0.000000
[e028 s0600/1030] loss = 0.000000
[e028 s0650/1030] loss = 0.000000
[e028 s0700/1030] loss = 0.000000
[e028 s0750/1030] loss = 0.000000
[e028 s0800/1030] loss = 0.000000
[e028 s0850/1030] loss = 0.000000
[e028 s0900/1030] loss = 0.000000
[e028 s0950/1030] loss = 0.000000
[e028 s1000/1030] loss = 0.000000
Epoch 028: train_loss = 0.000000  MAE/GAME0 = 0.000  RMSE = 0.000  GAME1 = 0.000  GAME2 = 0.000  GAME3 = 0.000  lr = 1.00e-05  time = 16.1s
[e029 s0001/1030] loss = 0.000000
[e029 s0050/1030] loss = 0.000000
[e029 s0100/1030] loss = 0.000000
[e029 s0150/1030] loss = 0.000000
[e029 s0200/1030] loss = 0.000000
[e029 s0250/1030] loss = 0.000000
[e029 s0300/1030] loss = 0.000000
[e029 s0350/1030] loss = 0.000000
[e029 s0400/1030] loss = 0.000000
[e029 s0450/1030] loss = 0.000000
[e029 s0500/1030] loss = 0.000000
[e029 s0550/1030] loss = 0.000000
[e029 s0600/1030] loss = 0.000000
[e029 s0650/1030] loss = 0.000000
[e029 s0700/1030] loss = 0.000000
[e029 s0750/1030] loss = 0.000000
[e029 s0800/1030] loss = 0.000000
[e029 s0850/1030] loss = 0.000000
[e029 s0900/1030] loss = 0.000000
[e029 s0950/1030] loss = 0.000000
[e029 s1000/1030] loss = 0.000000
Epoch 029: train_loss = 0.000000  MAE/GAME0 = 0.000  RMSE = 0.000  GAME1 = 0.000  GAME2 = 0.000  GAME3 = 0.000  lr = 1.00e-05  time = 16.3s
[e030 s0001/1030] loss = 0.000000
[e030 s0050/1030] loss = 0.000000
[e030 s0100/1030] loss = 0.000000
[e030 s0150/1030] loss = 0.000000
[e030 s0200/1030] loss = 0.000000
[e030 s0250/1030] loss = 0.000000
[e030 s0300/1030] loss = 0.000000
[e030 s0350/1030] loss = 0.000000
[e030 s0400/1030] loss = 0.000000
[e030 s0450/1030] loss = 0.000000
[e030 s0500/1030] loss = 0.000000
[e030 s0550/1030] loss = 0.000000
[e030 s0600/1030] loss = 0.000000
[e030 s0650/1030] loss = 0.000000
[e030 s0700/1030] loss = 0.000000
[e030 s0750/1030] loss = 0.000000
[e030 s0800/1030] loss = 0.000000
[e030 s0850/1030] loss = 0.000000
[e030 s0900/1030] loss = 0.000000
[e030 s0950/1030] loss = 0.000000
[e030 s1000/1030] loss = 0.000000
Epoch 030: train_loss = 0.000000  MAE/GAME0 = 0.000  RMSE = 0.000  GAME1 = 0.000  GAME2 = 0.000  GAME3 = 0.000  lr = 1.00e-05  time = 16.1s
[e031 s0001/1030] loss = 0.000000
[e031 s0050/1030] loss = 0.000000
[e031 s0100/1030] loss = 0.000000
[e031 s0150/1030] loss = 0.000000
[e031 s0200/1030] loss = 0.000000
[e031 s0250/1030] loss = 0.000000
[e031 s0300/1030] loss = 0.000000
[e031 s0350/1030] loss = 0.000000
[e031 s0400/1030] loss = 0.000000
[e031 s0450/1030] loss = 0.000000
[e031 s0500/1030] loss = 0.000000
[e031 s0550/1030] loss = 0.000000
[e031 s0600/1030] loss = 0.000000
[e031 s0650/1030] loss = 0.000000
[e031 s0700/1030] loss = 0.000000
[e031 s0750/1030] loss = 0.000000
[e031 s0800/1030] loss = 0.000000
[e031 s0850/1030] loss = 0.000000
[e031 s0900/1030] loss = 0.000000
[e031 s0950/1030] loss = 0.000000
[e031 s1000/1030] loss = 0.000000
Epoch 031: train_loss = 0.000000  MAE/GAME0 = 0.000  RMSE = 0.000  GAME1 = 0.000  GAME2 = 0.000  GAME3 = 0.000  lr = 1.00e-05  time = 16.2s
[e032 s0001/1030] loss = 0.000000
[e032 s0050/1030] loss = 0.000000
[e032 s0100/1030] loss = 0.000000
[e032 s0150/1030] loss = 0.000000
[e032 s0200/1030] loss = 0.000000
[e032 s0250/1030] loss = 0.000000
[e032 s0300/1030] loss = 0.000000
[e032 s0350/1030] loss = 0.000000
[e032 s0400/1030] loss = 0.000000
[e032 s0450/1030] loss = 0.000000
[e032 s0500/1030] loss = 0.000000
[e032 s0550/1030] loss = 0.000000
[e032 s0600/1030] loss = 0.000000
[e032 s0650/1030] loss = 0.000000
[e032 s0700/1030] loss = 0.000000
[e032 s0750/1030] loss = 0.000000
[e032 s0800/1030] loss = 0.000000
[e032 s0850/1030] loss = 0.000000
[e032 s0900/1030] loss = 0.000000
[e032 s0950/1030] loss = 0.000000
[e032 s1000/1030] loss = 0.000000
Epoch 032: train_loss = 0.000000  MAE/GAME0 = 0.000  RMSE = 0.000  GAME1 = 0.000  GAME2 = 0.000  GAME3 = 0.000  lr = 1.00e-05  time = 16.3s
[e033 s0001/1030] loss = 0.000000
[e033 s0050/1030] loss = 0.000000
[e033 s0100/1030] loss = 0.000000
[e033 s0150/1030] loss = 0.000000
[e033 s0200/1030] loss = 0.000000
[e033 s0250/1030] loss = 0.000000
[e033 s0300/1030] loss = 0.000000
[e033 s0350/1030] loss = 0.000000
[e033 s0400/1030] loss = 0.000000
[e033 s0450/1030] loss = 0.000000
[e033 s0500/1030] loss = 0.000000
[e033 s0550/1030] loss = 0.000000
[e033 s0600/1030] loss = 0.000000
[e033 s0650/1030] loss = 0.000000
[e033 s0700/1030] loss = 0.000000
[e033 s0750/1030] loss = 0.000000
[e033 s0800/1030] loss = 0.000000
[e033 s0850/1030] loss = 0.000000
[e033 s0900/1030] loss = 0.000000
[e033 s0950/1030] loss = 0.000000
[e033 s1000/1030] loss = 0.000000
Epoch 033: train_loss = 0.000000  MAE/GAME0 = 0.000  RMSE = 0.000  GAME1 = 0.000  GAME2 = 0.000  GAME3 = 0.000  lr = 1.00e-05  time = 16.5s
[e034 s0001/1030] loss = 0.000000
[e034 s0050/1030] loss = 0.000000
[e034 s0100/1030] loss = 0.000000
[e034 s0150/1030] loss = 0.000000
[e034 s0200/1030] loss = 0.000000
[e034 s0250/1030] loss = 0.000000
[e034 s0300/1030] loss = 0.000000
[e034 s0350/1030] loss = 0.000000
[e034 s0400/1030] loss = 0.000000
[e034 s0450/1030] loss = 0.000000
[e034 s0500/1030] loss = 0.000000
[e034 s0550/1030] loss = 0.000000
[e034 s0600/1030] loss = 0.000000
[e034 s0650/1030] loss = 0.000000
[e034 s0700/1030] loss = 0.000000
[e034 s0750/1030] loss = 0.000000
[e034 s0800/1030] loss = 0.000000
[e034 s0850/1030] loss = 0.000000
[e034 s0900/1030] loss = 0.000000
[e034 s0950/1030] loss = 0.000000
[e034 s1000/1030] loss = 0.000000
Epoch 034: train_loss = 0.000000  MAE/GAME0 = 0.000  RMSE = 0.000  GAME1 = 0.000  GAME2 = 0.000  GAME3 = 0.000  lr = 1.00e-05  time = 16.3s
[e035 s0001/1030] loss = 0.000000
[e035 s0050/1030] loss = 0.000000
[e035 s0100/1030] loss = 0.000000
[e035 s0150/1030] loss = 0.000000
[e035 s0200/1030] loss = 0.000000
[e035 s0250/1030] loss = 0.000000
[e035 s0300/1030] loss = 0.000000
[e035 s0350/1030] loss = 0.000000
[e035 s0400/1030] loss = 0.000000
[e035 s0450/1030] loss = 0.000000
[e035 s0500/1030] loss = 0.000000
[e035 s0550/1030] loss = 0.000000
[e035 s0600/1030] loss = 0.000000
[e035 s0650/1030] loss = 0.000000
[e035 s0700/1030] loss = 0.000000
[e035 s0750/1030] loss = 0.000000
[e035 s0800/1030] loss = 0.000000
[e035 s0850/1030] loss = 0.000000
[e035 s0900/1030] loss = 0.000000
[e035 s0950/1030] loss = 0.000000
[e035 s1000/1030] loss = 0.000000
Epoch 035: train_loss = 0.000000  MAE/GAME0 = 0.000  RMSE = 0.000  GAME1 = 0.000  GAME2 = 0.000  GAME3 = 0.000  lr = 1.00e-05  time = 16.1s
[e036 s0001/1030] loss = 0.000000
[e036 s0050/1030] loss = 0.000000
[e036 s0100/1030] loss = 0.000000
[e036 s0150/1030] loss = 0.000000
[e036 s0200/1030] loss = 0.000000
[e036 s0250/1030] loss = 0.000000
[e036 s0300/1030] loss = 0.000000
[e036 s0350/1030] loss = 0.000000
[e036 s0400/1030] loss = 0.000000
[e036 s0450/1030] loss = 0.000000
[e036 s0500/1030] loss = 0.000000
[e036 s0550/1030] loss = 0.000000
[e036 s0600/1030] loss = 0.000000
[e036 s0650/1030] loss = 0.000000
[e036 s0700/1030] loss = 0.000000
[e036 s0750/1030] loss = 0.000000
[e036 s0800/1030] loss = 0.000000
[e036 s0850/1030] loss = 0.000000
[e036 s0900/1030] loss = 0.000000
[e036 s0950/1030] loss = 0.000000
[e036 s1000/1030] loss = 0.000000
Epoch 036: train_loss = 0.000000  MAE/GAME0 = 0.000  RMSE = 0.000  GAME1 = 0.000  GAME2 = 0.000  GAME3 = 0.000  lr = 1.00e-05  time = 16.2s
[e037 s0001/1030] loss = 0.000000
[e037 s0050/1030] loss = 0.000000
[e037 s0100/1030] loss = 0.000000
[e037 s0150/1030] loss = 0.000000
[e037 s0200/1030] loss = 0.000000
[e037 s0250/1030] loss = 0.000000
[e037 s0300/1030] loss = 0.000000
[e037 s0350/1030] loss = 0.000000
[e037 s0400/1030] loss = 0.000000
[e037 s0450/1030] loss = 0.000000
[e037 s0500/1030] loss = 0.000000
[e037 s0550/1030] loss = 0.000000
[e037 s0600/1030] loss = 0.000000
[e037 s0650/1030] loss = 0.000000
[e037 s0700/1030] loss = 0.000000
[e037 s0750/1030] loss = 0.000000
[e037 s0800/1030] loss = 0.000000
[e037 s0850/1030] loss = 0.000000
[e037 s0900/1030] loss = 0.000000
[e037 s0950/1030] loss = 0.000000
[e037 s1000/1030] loss = 0.000000
Epoch 037: train_loss = 0.000000  MAE/GAME0 = 0.000  RMSE = 0.000  GAME1 = 0.000  GAME2 = 0.000  GAME3 = 0.000  lr = 1.00e-05  time = 16.3s
[e038 s0001/1030] loss = 0.000000
[e038 s0050/1030] loss = 0.000000
[e038 s0100/1030] loss = 0.000000
[e038 s0150/1030] loss = 0.000000
[e038 s0200/1030] loss = 0.000000
[e038 s0250/1030] loss = 0.000000
[e038 s0300/1030] loss = 0.000000
[e038 s0350/1030] loss = 0.000000
[e038 s0400/1030] loss = 0.000000
[e038 s0450/1030] loss = 0.000000
[e038 s0500/1030] loss = 0.000000
[e038 s0550/1030] loss = 0.000000
[e038 s0600/1030] loss = 0.000000
[e038 s0650/1030] loss = 0.000000
[e038 s0700/1030] loss = 0.000000
[e038 s0750/1030] loss = 0.000000
[e038 s0800/1030] loss = 0.000000
[e038 s0850/1030] loss = 0.000000
[e038 s0900/1030] loss = 0.000000
[e038 s0950/1030] loss = 0.000000
[e038 s1000/1030] loss = 0.000000
Epoch 038: train_loss = 0.000000  MAE/GAME0 = 0.000  RMSE = 0.000  GAME1 = 0.000  GAME2 = 0.000  GAME3 = 0.000  lr = 1.00e-05  time = 16.4s
[e039 s0001/1030] loss = 0.000000
[e039 s0050/1030] loss = 0.000000
[e039 s0100/1030] loss = 0.000000
[e039 s0150/1030] loss = 0.000000
[e039 s0200/1030] loss = 0.000000
[e039 s0250/1030] loss = 0.000000
[e039 s0300/1030] loss = 0.000000
[e039 s0350/1030] loss = 0.000000
[e039 s0400/1030] loss = 0.000000
[e039 s0450/1030] loss = 0.000000
[e039 s0500/1030] loss = 0.000000
[e039 s0550/1030] loss = 0.000000
[e039 s0600/1030] loss = 0.000000
[e039 s0650/1030] loss = 0.000000
[e039 s0700/1030] loss = 0.000000
[e039 s0750/1030] loss = 0.000000
[e039 s0800/1030] loss = 0.000000
[e039 s0850/1030] loss = 0.000000
[e039 s0900/1030] loss = 0.000000
[e039 s0950/1030] loss = 0.000000
[e039 s1000/1030] loss = 0.000000
Epoch 039: train_loss = 0.000000  MAE/GAME0 = 0.000  RMSE = 0.000  GAME1 = 0.000  GAME2 = 0.000  GAME3 = 0.000  lr = 1.00e-05  time = 16.4s
[e040 s0001/1030] loss = 0.000000
[e040 s0050/1030] loss = 0.000000
[e040 s0100/1030] loss = 0.000000
[e040 s0150/1030] loss = 0.000000
[e040 s0200/1030] loss = 0.000000
[e040 s0250/1030] loss = 0.000000
[e040 s0300/1030] loss = 0.000000
[e040 s0350/1030] loss = 0.000000
[e040 s0400/1030] loss = 0.000000
[e040 s0450/1030] loss = 0.000000
[e040 s0500/1030] loss = 0.000000
[e040 s0550/1030] loss = 0.000000
[e040 s0600/1030] loss = 0.000000
[e040 s0650/1030] loss = 0.000000
[e040 s0700/1030] loss = 0.000000
[e040 s0750/1030] loss = 0.000000
[e040 s0800/1030] loss = 0.000000
[e040 s0850/1030] loss = 0.000000
[e040 s0900/1030] loss = 0.000000
[e040 s0950/1030] loss = 0.000000
[e040 s1000/1030] loss = 0.000000
Epoch 040: train_loss = 0.000000  MAE/GAME0 = 0.000  RMSE = 0.000  GAME1 = 0.000  GAME2 = 0.000  GAME3 = 0.000  lr = 1.00e-05  time = 16.4s
[e041 s0001/1030] loss = 0.000000
[e041 s0050/1030] loss = 0.000000
[e041 s0100/1030] loss = 0.000000
[e041 s0150/1030] loss = 0.000000
[e041 s0200/1030] loss = 0.000000
[e041 s0250/1030] loss = 0.000000
[e041 s0300/1030] loss = 0.000000
[e041 s0350/1030] loss = 0.000000
[e041 s0400/1030] loss = 0.000000
[e041 s0450/1030] loss = 0.000000
[e041 s0500/1030] loss = 0.000000
[e041 s0550/1030] loss = 0.000000
[e041 s0600/1030] loss = 0.000000
[e041 s0650/1030] loss = 0.000000
[e041 s0700/1030] loss = 0.000000
[e041 s0750/1030] loss = 0.000000
[e041 s0800/1030] loss = 0.000000
[e041 s0850/1030] loss = 0.000000
[e041 s0900/1030] loss = 0.000000
[e041 s0950/1030] loss = 0.000000
[e041 s1000/1030] loss = 0.000000
Epoch 041: train_loss = 0.000000  MAE/GAME0 = 0.000  RMSE = 0.000  GAME1 = 0.000  GAME2 = 0.000  GAME3 = 0.000  lr = 1.00e-05  time = 16.6s
[e042 s0001/1030] loss = 0.000000
[e042 s0050/1030] loss = 0.000000
[e042 s0100/1030] loss = 0.000000
[e042 s0150/1030] loss = 0.000000
[e042 s0200/1030] loss = 0.000000
[e042 s0250/1030] loss = 0.000000
[e042 s0300/1030] loss = 0.000000
[e042 s0350/1030] loss = 0.000000
[e042 s0400/1030] loss = 0.000000
[e042 s0450/1030] loss = 0.000000
[e042 s0500/1030] loss = 0.000000
[e042 s0550/1030] loss = 0.000000
[e042 s0600/1030] loss = 0.000000
[e042 s0650/1030] loss = 0.000000
[e042 s0700/1030] loss = 0.000000
[e042 s0750/1030] loss = 0.000000
[e042 s0800/1030] loss = 0.000000
[e042 s0850/1030] loss = 0.000000
[e042 s0900/1030] loss = 0.000000
[e042 s0950/1030] loss = 0.000000
[e042 s1000/1030] loss = 0.000000
Epoch 042: train_loss = 0.000000  MAE/GAME0 = 0.000  RMSE = 0.000  GAME1 = 0.000  GAME2 = 0.000  GAME3 = 0.000  lr = 1.00e-05  time = 16.3s
[e043 s0001/1030] loss = 0.000000
[e043 s0050/1030] loss = 0.000000
[e043 s0100/1030] loss = 0.000000
[e043 s0150/1030] loss = 0.000000
[e043 s0200/1030] loss = 0.000000
[e043 s0250/1030] loss = 0.000000
[e043 s0300/1030] loss = 0.000000
[e043 s0350/1030] loss = 0.000000
[e043 s0400/1030] loss = 0.000000
[e043 s0450/1030] loss = 0.000000
[e043 s0500/1030] loss = 0.000000
[e043 s0550/1030] loss = 0.000000
[e043 s0600/1030] loss = 0.000000
[e043 s0650/1030] loss = 0.000000
[e043 s0700/1030] loss = 0.000000
[e043 s0750/1030] loss = 0.000000
[e043 s0800/1030] loss = 0.000000
[e043 s0850/1030] loss = 0.000000
[e043 s0900/1030] loss = 0.000000
[e043 s0950/1030] loss = 0.000000
[e043 s1000/1030] loss = 0.000000
Epoch 043: train_loss = 0.000000  MAE/GAME0 = 0.000  RMSE = 0.000  GAME1 = 0.000  GAME2 = 0.000  GAME3 = 0.000  lr = 1.00e-05  time = 16.5s
[e044 s0001/1030] loss = 0.000000
[e044 s0050/1030] loss = 0.000000
[e044 s0100/1030] loss = 0.000000
[e044 s0150/1030] loss = 0.000000
[e044 s0200/1030] loss = 0.000000
[e044 s0250/1030] loss = 0.000000
[e044 s0300/1030] loss = 0.000000
[e044 s0350/1030] loss = 0.000000
[e044 s0400/1030] loss = 0.000000
[e044 s0450/1030] loss = 0.000000
[e044 s0500/1030] loss = 0.000000
[e044 s0550/1030] loss = 0.000000
[e044 s0600/1030] loss = 0.000000
[e044 s0650/1030] loss = 0.000000
[e044 s0700/1030] loss = 0.000000
[e044 s0750/1030] loss = 0.000000
[e044 s0800/1030] loss = 0.000000
[e044 s0850/1030] loss = 0.000000
[e044 s0900/1030] loss = 0.000000
[e044 s0950/1030] loss = 0.000000
[e044 s1000/1030] loss = 0.000000
Epoch 044: train_loss = 0.000000  MAE/GAME0 = 0.000  RMSE = 0.000  GAME1 = 0.000  GAME2 = 0.000  GAME3 = 0.000  lr = 1.00e-05  time = 16.5s
[e045 s0001/1030] loss = 0.000000
[e045 s0050/1030] loss = 0.000000
[e045 s0100/1030] loss = 0.000000
[e045 s0150/1030] loss = 0.000000
[e045 s0200/1030] loss = 0.000000
[e045 s0250/1030] loss = 0.000000
[e045 s0300/1030] loss = 0.000000
[e045 s0350/1030] loss = 0.000000
[e045 s0400/1030] loss = 0.000000
[e045 s0450/1030] loss = 0.000000
[e045 s0500/1030] loss = 0.000000
[e045 s0550/1030] loss = 0.000000
[e045 s0600/1030] loss = 0.000000
[e045 s0650/1030] loss = 0.000000
[e045 s0700/1030] loss = 0.000000
[e045 s0750/1030] loss = 0.000000
[e045 s0800/1030] loss = 0.000000
[e045 s0850/1030] loss = 0.000000
[e045 s0900/1030] loss = 0.000000
[e045 s0950/1030] loss = 0.000000
[e045 s1000/1030] loss = 0.000000
Epoch 045: train_loss = 0.000000  MAE/GAME0 = 0.000  RMSE = 0.000  GAME1 = 0.000  GAME2 = 0.000  GAME3 = 0.000  lr = 1.00e-05  time = 16.1s
[e046 s0001/1030] loss = 0.000000
[e046 s0050/1030] loss = 0.000000
[e046 s0100/1030] loss = 0.000000
[e046 s0150/1030] loss = 0.000000
[e046 s0200/1030] loss = 0.000000
[e046 s0250/1030] loss = 0.000000
[e046 s0300/1030] loss = 0.000000
[e046 s0350/1030] loss = 0.000000
[e046 s0400/1030] loss = 0.000000
[e046 s0450/1030] loss = 0.000000
[e046 s0500/1030] loss = 0.000000
[e046 s0550/1030] loss = 0.000000
[e046 s0600/1030] loss = 0.000000
[e046 s0650/1030] loss = 0.000000
[e046 s0700/1030] loss = 0.000000
[e046 s0750/1030] loss = 0.000000
[e046 s0800/1030] loss = 0.000000
[e046 s0850/1030] loss = 0.000000
[e046 s0900/1030] loss = 0.000000
[e046 s0950/1030] loss = 0.000000
[e046 s1000/1030] loss = 0.000000
Epoch 046: train_loss = 0.000000  MAE/GAME0 = 0.000  RMSE = 0.000  GAME1 = 0.000  GAME2 = 0.000  GAME3 = 0.000  lr = 1.00e-05  time = 16.3s
[e047 s0001/1030] loss = 0.000000
[e047 s0050/1030] loss = 0.000000
[e047 s0100/1030] loss = 0.000000
[e047 s0150/1030] loss = 0.000000
[e047 s0200/1030] loss = 0.000000
[e047 s0250/1030] loss = 0.000000
[e047 s0300/1030] loss = 0.000000
[e047 s0350/1030] loss = 0.000000
[e047 s0400/1030] loss = 0.000000
[e047 s0450/1030] loss = 0.000000
[e047 s0500/1030] loss = 0.000000
[e047 s0550/1030] loss = 0.000000
[e047 s0600/1030] loss = 0.000000
[e047 s0650/1030] loss = 0.000000
[e047 s0700/1030] loss = 0.000000
[e047 s0750/1030] loss = 0.000000
[e047 s0800/1030] loss = 0.000000
[e047 s0850/1030] loss = 0.000000
[e047 s0900/1030] loss = 0.000000
[e047 s0950/1030] loss = 0.000000
[e047 s1000/1030] loss = 0.000000
Epoch 047: train_loss = 0.000000  MAE/GAME0 = 0.000  RMSE = 0.000  GAME1 = 0.000  GAME2 = 0.000  GAME3 = 0.000  lr = 1.00e-05  time = 16.2s
[e048 s0001/1030] loss = 0.000000
[e048 s0050/1030] loss = 0.000000
[e048 s0100/1030] loss = 0.000000
[e048 s0150/1030] loss = 0.000000
[e048 s0200/1030] loss = 0.000000
[e048 s0250/1030] loss = 0.000000
[e048 s0300/1030] loss = 0.000000
[e048 s0350/1030] loss = 0.000000
[e048 s0400/1030] loss = 0.000000
[e048 s0450/1030] loss = 0.000000
[e048 s0500/1030] loss = 0.000000
[e048 s0550/1030] loss = 0.000000
[e048 s0600/1030] loss = 0.000000
[e048 s0650/1030] loss = 0.000000
[e048 s0700/1030] loss = 0.000000
[e048 s0750/1030] loss = 0.000000
[e048 s0800/1030] loss = 0.000000
[e048 s0850/1030] loss = 0.000000
[e048 s0900/1030] loss = 0.000000
[e048 s0950/1030] loss = 0.000000
[e048 s1000/1030] loss = 0.000000
Epoch 048: train_loss = 0.000000  MAE/GAME0 = 0.000  RMSE = 0.000  GAME1 = 0.000  GAME2 = 0.000  GAME3 = 0.000  lr = 1.00e-05  time = 16.2s
[e049 s0001/1030] loss = 0.000000
[e049 s0050/1030] loss = 0.000000
[e049 s0100/1030] loss = 0.000000
[e049 s0150/1030] loss = 0.000000
[e049 s0200/1030] loss = 0.000000
[e049 s0250/1030] loss = 0.000000
[e049 s0300/1030] loss = 0.000000
[e049 s0350/1030] loss = 0.000000
[e049 s0400/1030] loss = 0.000000
[e049 s0450/1030] loss = 0.000000
[e049 s0500/1030] loss = 0.000000
[e049 s0550/1030] loss = 0.000000
[e049 s0600/1030] loss = 0.000000
[e049 s0650/1030] loss = 0.000000
[e049 s0700/1030] loss = 0.000000
[e049 s0750/1030] loss = 0.000000
[e049 s0800/1030] loss = 0.000000
[e049 s0850/1030] loss = 0.000000
[e049 s0900/1030] loss = 0.000000
[e049 s0950/1030] loss = 0.000000
[e049 s1000/1030] loss = 0.000000
Epoch 049: train_loss = 0.000000  MAE/GAME0 = 0.000  RMSE = 0.000  GAME1 = 0.000  GAME2 = 0.000  GAME3 = 0.000  lr = 1.00e-05  time = 16.3s
[e050 s0001/1030] loss = 0.000000
[e050 s0050/1030] loss = 0.000000
[e050 s0100/1030] loss = 0.000000
[e050 s0150/1030] loss = 0.000000
[e050 s0200/1030] loss = 0.000000
[e050 s0250/1030] loss = 0.000000
[e050 s0300/1030] loss = 0.000000
[e050 s0350/1030] loss = 0.000000
[e050 s0400/1030] loss = 0.000000
[e050 s0450/1030] loss = 0.000000
[e050 s0500/1030] loss = 0.000000
[e050 s0550/1030] loss = 0.000000
[e050 s0600/1030] loss = 0.000000
[e050 s0650/1030] loss = 0.000000
[e050 s0700/1030] loss = 0.000000
[e050 s0750/1030] loss = 0.000000
[e050 s0800/1030] loss = 0.000000
[e050 s0850/1030] loss = 0.000000
[e050 s0900/1030] loss = 0.000000
[e050 s0950/1030] loss = 0.000000
[e050 s1000/1030] loss = 0.000000
Epoch 050: train_loss = 0.000000  MAE/GAME0 = 0.000  RMSE = 0.000  GAME1 = 0.000  GAME2 = 0.000  GAME3 = 0.000  lr = 1.00e-05  time = 16.1s
[e051 s0001/1030] loss = 0.000000
[e051 s0050/1030] loss = 0.000000
[e051 s0100/1030] loss = 0.000000
[e051 s0150/1030] loss = 0.000000
[e051 s0200/1030] loss = 0.000000
[e051 s0250/1030] loss = 0.000000
[e051 s0300/1030] loss = 0.000000
[e051 s0350/1030] loss = 0.000000
[e051 s0400/1030] loss = 0.000000
[e051 s0450/1030] loss = 0.000000
[e051 s0500/1030] loss = 0.000000
[e051 s0550/1030] loss = 0.000000
[e051 s0600/1030] loss = 0.000000
[e051 s0650/1030] loss = 0.000000
[e051 s0700/1030] loss = 0.000000
[e051 s0750/1030] loss = 0.000000
[e051 s0800/1030] loss = 0.000000
[e051 s0850/1030] loss = 0.000000
[e051 s0900/1030] loss = 0.000000
[e051 s0950/1030] loss = 0.000000
[e051 s1000/1030] loss = 0.000000
Epoch 051: train_loss = 0.000000  MAE/GAME0 = 0.000  RMSE = 0.000  GAME1 = 0.000  GAME2 = 0.000  GAME3 = 0.000  lr = 1.00e-05  time = 16.3s
[e052 s0001/1030] loss = 0.000000
[e052 s0050/1030] loss = 0.000000
[e052 s0100/1030] loss = 0.000000
[e052 s0150/1030] loss = 0.000000
[e052 s0200/1030] loss = 0.000000
[e052 s0250/1030] loss = 0.000000
[e052 s0300/1030] loss = 0.000000
[e052 s0350/1030] loss = 0.000000
[e052 s0400/1030] loss = 0.000000
[e052 s0450/1030] loss = 0.000000
[e052 s0500/1030] loss = 0.000000
[e052 s0550/1030] loss = 0.000000
[e052 s0600/1030] loss = 0.000000
[e052 s0650/1030] loss = 0.000000
[e052 s0700/1030] loss = 0.000000
[e052 s0750/1030] loss = 0.000000
[e052 s0800/1030] loss = 0.000000
[e052 s0850/1030] loss = 0.000000
[e052 s0900/1030] loss = 0.000000
[e052 s0950/1030] loss = 0.000000
[e052 s1000/1030] loss = 0.000000
Epoch 052: train_loss = 0.000000  MAE/GAME0 = 0.000  RMSE = 0.000  GAME1 = 0.000  GAME2 = 0.000  GAME3 = 0.000  lr = 1.00e-05  time = 16.1s
[e053 s0001/1030] loss = 0.000000
[e053 s0050/1030] loss = 0.000000
[e053 s0100/1030] loss = 0.000000
[e053 s0150/1030] loss = 0.000000
[e053 s0200/1030] loss = 0.000000
[e053 s0250/1030] loss = 0.000000
[e053 s0300/1030] loss = 0.000000
[e053 s0350/1030] loss = 0.000000
[e053 s0400/1030] loss = 0.000000
[e053 s0450/1030] loss = 0.000000
[e053 s0500/1030] loss = 0.000000
[e053 s0550/1030] loss = 0.000000
[e053 s0600/1030] loss = 0.000000
[e053 s0650/1030] loss = 0.000000
[e053 s0700/1030] loss = 0.000000
[e053 s0750/1030] loss = 0.000000
[e053 s0800/1030] loss = 0.000000
[e053 s0850/1030] loss = 0.000000
[e053 s0900/1030] loss = 0.000000
[e053 s0950/1030] loss = 0.000000
[e053 s1000/1030] loss = 0.000000
Epoch 053: train_loss = 0.000000  MAE/GAME0 = 0.000  RMSE = 0.000  GAME1 = 0.000  GAME2 = 0.000  GAME3 = 0.000  lr = 1.00e-05  time = 16.1s
[e054 s0001/1030] loss = 0.000000
[e054 s0050/1030] loss = 0.000000
[e054 s0100/1030] loss = 0.000000
[e054 s0150/1030] loss = 0.000000
[e054 s0200/1030] loss = 0.000000
[e054 s0250/1030] loss = 0.000000
[e054 s0300/1030] loss = 0.000000
[e054 s0350/1030] loss = 0.000000
[e054 s0400/1030] loss = 0.000000
[e054 s0450/1030] loss = 0.000000
[e054 s0500/1030] loss = 0.000000
[e054 s0550/1030] loss = 0.000000
[e054 s0600/1030] loss = 0.000000
[e054 s0650/1030] loss = 0.000000
[e054 s0700/1030] loss = 0.000000
[e054 s0750/1030] loss = 0.000000
[e054 s0800/1030] loss = 0.000000
[e054 s0850/1030] loss = 0.000000
[e054 s0900/1030] loss = 0.000000
[e054 s0950/1030] loss = 0.000000
[e054 s1000/1030] loss = 0.000000
Epoch 054: train_loss = 0.000000  MAE/GAME0 = 0.000  RMSE = 0.000  GAME1 = 0.000  GAME2 = 0.000  GAME3 = 0.000  lr = 1.00e-05  time = 16.3s
[e055 s0001/1030] loss = 0.000000
[e055 s0050/1030] loss = 0.000000
[e055 s0100/1030] loss = 0.000000
[e055 s0150/1030] loss = 0.000000
[e055 s0200/1030] loss = 0.000000
[e055 s0250/1030] loss = 0.000000
[e055 s0300/1030] loss = 0.000000
[e055 s0350/1030] loss = 0.000000
[e055 s0400/1030] loss = 0.000000
[e055 s0450/1030] loss = 0.000000
[e055 s0500/1030] loss = 0.000000
[e055 s0550/1030] loss = 0.000000
[e055 s0600/1030] loss = 0.000000
[e055 s0650/1030] loss = 0.000000
[e055 s0700/1030] loss = 0.000000
[e055 s0750/1030] loss = 0.000000
[e055 s0800/1030] loss = 0.000000
[e055 s0850/1030] loss = 0.000000
[e055 s0900/1030] loss = 0.000000
[e055 s0950/1030] loss = 0.000000
[e055 s1000/1030] loss = 0.000000
Epoch 055: train_loss = 0.000000  MAE/GAME0 = 0.000  RMSE = 0.000  GAME1 = 0.000  GAME2 = 0.000  GAME3 = 0.000  lr = 1.00e-05  time = 16.1s
[e056 s0001/1030] loss = 0.000000
[e056 s0050/1030] loss = 0.000000
[e056 s0100/1030] loss = 0.000000
[e056 s0150/1030] loss = 0.000000
[e056 s0200/1030] loss = 0.000000
[e056 s0250/1030] loss = 0.000000
[e056 s0300/1030] loss = 0.000000
[e056 s0350/1030] loss = 0.000000
[e056 s0400/1030] loss = 0.000000
[e056 s0450/1030] loss = 0.000000
[e056 s0500/1030] loss = 0.000000
[e056 s0550/1030] loss = 0.000000
[e056 s0600/1030] loss = 0.000000
[e056 s0650/1030] loss = 0.000000
[e056 s0700/1030] loss = 0.000000
[e056 s0750/1030] loss = 0.000000
[e056 s0800/1030] loss = 0.000000
[e056 s0850/1030] loss = 0.000000
[e056 s0900/1030] loss = 0.000000
[e056 s0950/1030] loss = 0.000000
[e056 s1000/1030] loss = 0.000000
Epoch 056: train_loss = 0.000000  MAE/GAME0 = 0.000  RMSE = 0.000  GAME1 = 0.000  GAME2 = 0.000  GAME3 = 0.000  lr = 1.00e-05  time = 16.3s
[e057 s0001/1030] loss = 0.000000
[e057 s0050/1030] loss = 0.000000
[e057 s0100/1030] loss = 0.000000
[e057 s0150/1030] loss = 0.000000
[e057 s0200/1030] loss = 0.000000
[e057 s0250/1030] loss = 0.000000
[e057 s0300/1030] loss = 0.000000
[e057 s0350/1030] loss = 0.000000
[e057 s0400/1030] loss = 0.000000
[e057 s0450/1030] loss = 0.000000
[e057 s0500/1030] loss = 0.000000
[e057 s0550/1030] loss = 0.000000
[e057 s0600/1030] loss = 0.000000
[e057 s0650/1030] loss = 0.000000
[e057 s0700/1030] loss = 0.000000
[e057 s0750/1030] loss = 0.000000
[e057 s0800/1030] loss = 0.000000
[e057 s0850/1030] loss = 0.000000
[e057 s0900/1030] loss = 0.000000
[e057 s0950/1030] loss = 0.000000
[e057 s1000/1030] loss = 0.000000
Epoch 057: train_loss = 0.000000  MAE/GAME0 = 0.000  RMSE = 0.000  GAME1 = 0.000  GAME2 = 0.000  GAME3 = 0.000  lr = 1.00e-05  time = 16.4s
[e058 s0001/1030] loss = 0.000000
[e058 s0050/1030] loss = 0.000000
[e058 s0100/1030] loss = 0.000000
[e058 s0150/1030] loss = 0.000000
[e058 s0200/1030] loss = 0.000000
[e058 s0250/1030] loss = 0.000000
[e058 s0300/1030] loss = 0.000000
[e058 s0350/1030] loss = 0.000000
[e058 s0400/1030] loss = 0.000000
[e058 s0450/1030] loss = 0.000000
[e058 s0500/1030] loss = 0.000000
[e058 s0550/1030] loss = 0.000000
[e058 s0600/1030] loss = 0.000000
[e058 s0650/1030] loss = 0.000000
[e058 s0700/1030] loss = 0.000000
[e058 s0750/1030] loss = 0.000000
[e058 s0800/1030] loss = 0.000000
[e058 s0850/1030] loss = 0.000000
[e058 s0900/1030] loss = 0.000000
[e058 s0950/1030] loss = 0.000000
[e058 s1000/1030] loss = 0.000000
Epoch 058: train_loss = 0.000000  MAE/GAME0 = 0.000  RMSE = 0.000  GAME1 = 0.000  GAME2 = 0.000  GAME3 = 0.000  lr = 1.00e-05  time = 16.2s
[e059 s0001/1030] loss = 0.000000
[e059 s0050/1030] loss = 0.000000
[e059 s0100/1030] loss = 0.000000
[e059 s0150/1030] loss = 0.000000
[e059 s0200/1030] loss = 0.000000
[e059 s0250/1030] loss = 0.000000
[e059 s0300/1030] loss = 0.000000
[e059 s0350/1030] loss = 0.000000
[e059 s0400/1030] loss = 0.000000
[e059 s0450/1030] loss = 0.000000
[e059 s0500/1030] loss = 0.000000
[e059 s0550/1030] loss = 0.000000
[e059 s0600/1030] loss = 0.000000
[e059 s0650/1030] loss = 0.000000
[e059 s0700/1030] loss = 0.000000
[e059 s0750/1030] loss = 0.000000
[e059 s0800/1030] loss = 0.000000
[e059 s0850/1030] loss = 0.000000
[e059 s0900/1030] loss = 0.000000
[e059 s0950/1030] loss = 0.000000
[e059 s1000/1030] loss = 0.000000
Epoch 059: train_loss = 0.000000  MAE/GAME0 = 0.000  RMSE = 0.000  GAME1 = 0.000  GAME2 = 0.000  GAME3 = 0.000  lr = 1.00e-05  time = 16.0s
[e060 s0001/1030] loss = 0.000000
[e060 s0050/1030] loss = 0.000000
[e060 s0100/1030] loss = 0.000000
[e060 s0150/1030] loss = 0.000000
[e060 s0200/1030] loss = 0.000000
[e060 s0250/1030] loss = 0.000000
[e060 s0300/1030] loss = 0.000000
[e060 s0350/1030] loss = 0.000000
[e060 s0400/1030] loss = 0.000000
[e060 s0450/1030] loss = 0.000000
[e060 s0500/1030] loss = 0.000000
[e060 s0550/1030] loss = 0.000000
[e060 s0600/1030] loss = 0.000000
[e060 s0650/1030] loss = 0.000000
[e060 s0700/1030] loss = 0.000000
[e060 s0750/1030] loss = 0.000000
[e060 s0800/1030] loss = 0.000000
[e060 s0850/1030] loss = 0.000000
[e060 s0900/1030] loss = 0.000000
[e060 s0950/1030] loss = 0.000000
[e060 s1000/1030] loss = 0.000000
Epoch 060: train_loss = 0.000000  MAE/GAME0 = 0.000  RMSE = 0.000  GAME1 = 0.000  GAME2 = 0.000  GAME3 = 0.000  lr = 1.00e-05  time = 16.2s
[e061 s0001/1030] loss = 0.000000
[e061 s0050/1030] loss = 0.000000
[e061 s0100/1030] loss = 0.000000
[e061 s0150/1030] loss = 0.000000
[e061 s0200/1030] loss = 0.000000
[e061 s0250/1030] loss = 0.000000
[e061 s0300/1030] loss = 0.000000
[e061 s0350/1030] loss = 0.000000
[e061 s0400/1030] loss = 0.000000
[e061 s0450/1030] loss = 0.000000
[e061 s0500/1030] loss = 0.000000
[e061 s0550/1030] loss = 0.000000
[e061 s0600/1030] loss = 0.000000
[e061 s0650/1030] loss = 0.000000
[e061 s0700/1030] loss = 0.000000
[e061 s0750/1030] loss = 0.000000
[e061 s0800/1030] loss = 0.000000
[e061 s0850/1030] loss = 0.000000
[e061 s0900/1030] loss = 0.000000
[e061 s0950/1030] loss = 0.000000
[e061 s1000/1030] loss = 0.000000
Epoch 061: train_loss = 0.000000  MAE/GAME0 = 0.000  RMSE = 0.000  GAME1 = 0.000  GAME2 = 0.000  GAME3 = 0.000  lr = 1.00e-05  time = 16.3s
[e062 s0001/1030] loss = 0.000000
[e062 s0050/1030] loss = 0.000000
[e062 s0100/1030] loss = 0.000000
[e062 s0150/1030] loss = 0.000000
[e062 s0200/1030] loss = 0.000000
[e062 s0250/1030] loss = 0.000000
[e062 s0300/1030] loss = 0.000000
[e062 s0350/1030] loss = 0.000000
[e062 s0400/1030] loss = 0.000000
[e062 s0450/1030] loss = 0.000000
[e062 s0500/1030] loss = 0.000000
[e062 s0550/1030] loss = 0.000000
[e062 s0600/1030] loss = 0.000000
[e062 s0650/1030] loss = 0.000000
[e062 s0700/1030] loss = 0.000000
[e062 s0750/1030] loss = 0.000000
[e062 s0800/1030] loss = 0.000000
[e062 s0850/1030] loss = 0.000000
[e062 s0900/1030] loss = 0.000000
[e062 s0950/1030] loss = 0.000000
[e062 s1000/1030] loss = 0.000000
Epoch 062: train_loss = 0.000000  MAE/GAME0 = 0.000  RMSE = 0.000  GAME1 = 0.000  GAME2 = 0.000  GAME3 = 0.000  lr = 1.00e-05  time = 16.3s
[e063 s0001/1030] loss = 0.000000
[e063 s0050/1030] loss = 0.000000
[e063 s0100/1030] loss = 0.000000
[e063 s0150/1030] loss = 0.000000
[e063 s0200/1030] loss = 0.000000
[e063 s0250/1030] loss = 0.000000
[e063 s0300/1030] loss = 0.000000
[e063 s0350/1030] loss = 0.000000
[e063 s0400/1030] loss = 0.000000
[e063 s0450/1030] loss = 0.000000
[e063 s0500/1030] loss = 0.000000
[e063 s0550/1030] loss = 0.000000
[e063 s0600/1030] loss = 0.000000
[e063 s0650/1030] loss = 0.000000
[e063 s0700/1030] loss = 0.000000
[e063 s0750/1030] loss = 0.000000
[e063 s0800/1030] loss = 0.000000
[e063 s0850/1030] loss = 0.000000
[e063 s0900/1030] loss = 0.000000
[e063 s0950/1030] loss = 0.000000
[e063 s1000/1030] loss = 0.000000
Epoch 063: train_loss = 0.000000  MAE/GAME0 = 0.000  RMSE = 0.000  GAME1 = 0.000  GAME2 = 0.000  GAME3 = 0.000  lr = 1.00e-05  time = 16.1s
[e064 s0001/1030] loss = 0.000000
[e064 s0050/1030] loss = 0.000000
[e064 s0100/1030] loss = 0.000000
[e064 s0150/1030] loss = 0.000000
[e064 s0200/1030] loss = 0.000000
[e064 s0250/1030] loss = 0.000000
[e064 s0300/1030] loss = 0.000000
[e064 s0350/1030] loss = 0.000000
[e064 s0400/1030] loss = 0.000000
[e064 s0450/1030] loss = 0.000000
[e064 s0500/1030] loss = 0.000000
[e064 s0550/1030] loss = 0.000000
[e064 s0600/1030] loss = 0.000000
[e064 s0650/1030] loss = 0.000000
[e064 s0700/1030] loss = 0.000000
[e064 s0750/1030] loss = 0.000000
[e064 s0800/1030] loss = 0.000000
[e064 s0850/1030] loss = 0.000000
[e064 s0900/1030] loss = 0.000000
[e064 s0950/1030] loss = 0.000000
[e064 s1000/1030] loss = 0.000000
Epoch 064: train_loss = 0.000000  MAE/GAME0 = 0.000  RMSE = 0.000  GAME1 = 0.000  GAME2 = 0.000  GAME3 = 0.000  lr = 1.00e-05  time = 16.2s
[e065 s0001/1030] loss = 0.000000
[e065 s0050/1030] loss = 0.000000
[e065 s0100/1030] loss = 0.000000
[e065 s0150/1030] loss = 0.000000
[e065 s0200/1030] loss = 0.000000
[e065 s0250/1030] loss = 0.000000
[e065 s0300/1030] loss = 0.000000
[e065 s0350/1030] loss = 0.000000
[e065 s0400/1030] loss = 0.000000
[e065 s0450/1030] loss = 0.000000
[e065 s0500/1030] loss = 0.000000
[e065 s0550/1030] loss = 0.000000
[e065 s0600/1030] loss = 0.000000
[e065 s0650/1030] loss = 0.000000
[e065 s0700/1030] loss = 0.000000
[e065 s0750/1030] loss = 0.000000
[e065 s0800/1030] loss = 0.000000
[e065 s0850/1030] loss = 0.000000
[e065 s0900/1030] loss = 0.000000
[e065 s0950/1030] loss = 0.000000
[e065 s1000/1030] loss = 0.000000
Epoch 065: train_loss = 0.000000  MAE/GAME0 = 0.000  RMSE = 0.000  GAME1 = 0.000  GAME2 = 0.000  GAME3 = 0.000  lr = 1.00e-05  time = 16.2s
[e066 s0001/1030] loss = 0.000000
[e066 s0050/1030] loss = 0.000000
[e066 s0100/1030] loss = 0.000000
[e066 s0150/1030] loss = 0.000000
[e066 s0200/1030] loss = 0.000000
[e066 s0250/1030] loss = 0.000000
[e066 s0300/1030] loss = 0.000000
[e066 s0350/1030] loss = 0.000000
[e066 s0400/1030] loss = 0.000000
[e066 s0450/1030] loss = 0.000000
[e066 s0500/1030] loss = 0.000000
[e066 s0550/1030] loss = 0.000000
[e066 s0600/1030] loss = 0.000000
[e066 s0650/1030] loss = 0.000000
[e066 s0700/1030] loss = 0.000000
[e066 s0750/1030] loss = 0.000000
[e066 s0800/1030] loss = 0.000000
[e066 s0850/1030] loss = 0.000000
[e066 s0900/1030] loss = 0.000000
[e066 s0950/1030] loss = 0.000000
[e066 s1000/1030] loss = 0.000000
Epoch 066: train_loss = 0.000000  MAE/GAME0 = 0.000  RMSE = 0.000  GAME1 = 0.000  GAME2 = 0.000  GAME3 = 0.000  lr = 1.00e-05  time = 16.2s
[e067 s0001/1030] loss = 0.000000
[e067 s0050/1030] loss = 0.000000
[e067 s0100/1030] loss = 0.000000
[e067 s0150/1030] loss = 0.000000
[e067 s0200/1030] loss = 0.000000
[e067 s0250/1030] loss = 0.000000
[e067 s0300/1030] loss = 0.000000
[e067 s0350/1030] loss = 0.000000
[e067 s0400/1030] loss = 0.000000
[e067 s0450/1030] loss = 0.000000
[e067 s0500/1030] loss = 0.000000
[e067 s0550/1030] loss = 0.000000
[e067 s0600/1030] loss = 0.000000
[e067 s0650/1030] loss = 0.000000
[e067 s0700/1030] loss = 0.000000
[e067 s0750/1030] loss = 0.000000
[e067 s0800/1030] loss = 0.000000
[e067 s0850/1030] loss = 0.000000
[e067 s0900/1030] loss = 0.000000
[e067 s0950/1030] loss = 0.000000
[e067 s1000/1030] loss = 0.000000
Epoch 067: train_loss = 0.000000  MAE/GAME0 = 0.000  RMSE = 0.000  GAME1 = 0.000  GAME2 = 0.000  GAME3 = 0.000  lr = 1.00e-05  time = 16.6s
[e068 s0001/1030] loss = 0.000000
[e068 s0050/1030] loss = 0.000000
[e068 s0100/1030] loss = 0.000000
[e068 s0150/1030] loss = 0.000000
[e068 s0200/1030] loss = 0.000000
[e068 s0250/1030] loss = 0.000000
[e068 s0300/1030] loss = 0.000000
[e068 s0350/1030] loss = 0.000000
[e068 s0400/1030] loss = 0.000000
[e068 s0450/1030] loss = 0.000000
[e068 s0500/1030] loss = 0.000000
[e068 s0550/1030] loss = 0.000000
[e068 s0600/1030] loss = 0.000000
[e068 s0650/1030] loss = 0.000000
[e068 s0700/1030] loss = 0.000000
[e068 s0750/1030] loss = 0.000000
[e068 s0800/1030] loss = 0.000000
[e068 s0850/1030] loss = 0.000000
[e068 s0900/1030] loss = 0.000000
[e068 s0950/1030] loss = 0.000000
[e068 s1000/1030] loss = 0.000000
Epoch 068: train_loss = 0.000000  MAE/GAME0 = 0.000  RMSE = 0.000  GAME1 = 0.000  GAME2 = 0.000  GAME3 = 0.000  lr = 1.00e-05  time = 16.3s
[e069 s0001/1030] loss = 0.000000
[e069 s0050/1030] loss = 0.000000
[e069 s0100/1030] loss = 0.000000
[e069 s0150/1030] loss = 0.000000
[e069 s0200/1030] loss = 0.000000
[e069 s0250/1030] loss = 0.000000
[e069 s0300/1030] loss = 0.000000
[e069 s0350/1030] loss = 0.000000
[e069 s0400/1030] loss = 0.000000
[e069 s0450/1030] loss = 0.000000
[e069 s0500/1030] loss = 0.000000
[e069 s0550/1030] loss = 0.000000
[e069 s0600/1030] loss = 0.000000
[e069 s0650/1030] loss = 0.000000
[e069 s0700/1030] loss = 0.000000
[e069 s0750/1030] loss = 0.000000
[e069 s0800/1030] loss = 0.000000
[e069 s0850/1030] loss = 0.000000
[e069 s0900/1030] loss = 0.000000
[e069 s0950/1030] loss = 0.000000
[e069 s1000/1030] loss = 0.000000
Epoch 069: train_loss = 0.000000  MAE/GAME0 = 0.000  RMSE = 0.000  GAME1 = 0.000  GAME2 = 0.000  GAME3 = 0.000  lr = 1.00e-05  time = 16.1s
[e070 s0001/1030] loss = 0.000000
[e070 s0050/1030] loss = 0.000000
[e070 s0100/1030] loss = 0.000000
[e070 s0150/1030] loss = 0.000000
[e070 s0200/1030] loss = 0.000000
[e070 s0250/1030] loss = 0.000000
[e070 s0300/1030] loss = 0.000000
[e070 s0350/1030] loss = 0.000000
[e070 s0400/1030] loss = 0.000000
[e070 s0450/1030] loss = 0.000000
[e070 s0500/1030] loss = 0.000000
[e070 s0550/1030] loss = 0.000000
[e070 s0600/1030] loss = 0.000000
[e070 s0650/1030] loss = 0.000000
[e070 s0700/1030] loss = 0.000000
[e070 s0750/1030] loss = 0.000000
[e070 s0800/1030] loss = 0.000000
[e070 s0850/1030] loss = 0.000000
[e070 s0900/1030] loss = 0.000000
[e070 s0950/1030] loss = 0.000000
[e070 s1000/1030] loss = 0.000000
Epoch 070: train_loss = 0.000000  MAE/GAME0 = 0.000  RMSE = 0.000  GAME1 = 0.000  GAME2 = 0.000  GAME3 = 0.000  lr = 1.00e-05  time = 16.2s
[e071 s0001/1030] loss = 0.000000
[e071 s0050/1030] loss = 0.000000
[e071 s0100/1030] loss = 0.000000
[e071 s0150/1030] loss = 0.000000
[e071 s0200/1030] loss = 0.000000
[e071 s0250/1030] loss = 0.000000
[e071 s0300/1030] loss = 0.000000
[e071 s0350/1030] loss = 0.000000
[e071 s0400/1030] loss = 0.000000
[e071 s0450/1030] loss = 0.000000
[e071 s0500/1030] loss = 0.000000
[e071 s0550/1030] loss = 0.000000
[e071 s0600/1030] loss = 0.000000
[e071 s0650/1030] loss = 0.000000
[e071 s0700/1030] loss = 0.000000
[e071 s0750/1030] loss = 0.000000
[e071 s0800/1030] loss = 0.000000
[e071 s0850/1030] loss = 0.000000
[e071 s0900/1030] loss = 0.000000
[e071 s0950/1030] loss = 0.000000
[e071 s1000/1030] loss = 0.000000
Epoch 071: train_loss = 0.000000  MAE/GAME0 = 0.000  RMSE = 0.000  GAME1 = 0.000  GAME2 = 0.000  GAME3 = 0.000  lr = 1.00e-05  time = 16.1s
[e072 s0001/1030] loss = 0.000000
[e072 s0050/1030] loss = 0.000000
[e072 s0100/1030] loss = 0.000000
[e072 s0150/1030] loss = 0.000000
[e072 s0200/1030] loss = 0.000000
[e072 s0250/1030] loss = 0.000000
[e072 s0300/1030] loss = 0.000000
[e072 s0350/1030] loss = 0.000000
[e072 s0400/1030] loss = 0.000000
[e072 s0450/1030] loss = 0.000000
[e072 s0500/1030] loss = 0.000000
[e072 s0550/1030] loss = 0.000000
[e072 s0600/1030] loss = 0.000000
[e072 s0650/1030] loss = 0.000000
[e072 s0700/1030] loss = 0.000000
[e072 s0750/1030] loss = 0.000000
[e072 s0800/1030] loss = 0.000000
[e072 s0850/1030] loss = 0.000000
[e072 s0900/1030] loss = 0.000000
[e072 s0950/1030] loss = 0.000000
[e072 s1000/1030] loss = 0.000000
Epoch 072: train_loss = 0.000000  MAE/GAME0 = 0.000  RMSE = 0.000  GAME1 = 0.000  GAME2 = 0.000  GAME3 = 0.000  lr = 1.00e-05  time = 16.3s
[e073 s0001/1030] loss = 0.000000
[e073 s0050/1030] loss = 0.000000
[e073 s0100/1030] loss = 0.000000
[e073 s0150/1030] loss = 0.000000
[e073 s0200/1030] loss = 0.000000
[e073 s0250/1030] loss = 0.000000
[e073 s0300/1030] loss = 0.000000
[e073 s0350/1030] loss = 0.000000
[e073 s0400/1030] loss = 0.000000
[e073 s0450/1030] loss = 0.000000
[e073 s0500/1030] loss = 0.000000
[e073 s0550/1030] loss = 0.000000
[e073 s0600/1030] loss = 0.000000
[e073 s0650/1030] loss = 0.000000
[e073 s0700/1030] loss = 0.000000
[e073 s0750/1030] loss = 0.000000
[e073 s0800/1030] loss = 0.000000
[e073 s0850/1030] loss = 0.000000
[e073 s0900/1030] loss = 0.000000
[e073 s0950/1030] loss = 0.000000
[e073 s1000/1030] loss = 0.000000
Epoch 073: train_loss = 0.000000  MAE/GAME0 = 0.000  RMSE = 0.000  GAME1 = 0.000  GAME2 = 0.000  GAME3 = 0.000  lr = 1.00e-05  time = 16.4s
[e074 s0001/1030] loss = 0.000000
[e074 s0050/1030] loss = 0.000000
[e074 s0100/1030] loss = 0.000000
[e074 s0150/1030] loss = 0.000000
[e074 s0200/1030] loss = 0.000000
[e074 s0250/1030] loss = 0.000000
[e074 s0300/1030] loss = 0.000000
[e074 s0350/1030] loss = 0.000000
[e074 s0400/1030] loss = 0.000000
[e074 s0450/1030] loss = 0.000000
[e074 s0500/1030] loss = 0.000000
[e074 s0550/1030] loss = 0.000000
[e074 s0600/1030] loss = 0.000000
[e074 s0650/1030] loss = 0.000000
[e074 s0700/1030] loss = 0.000000
[e074 s0750/1030] loss = 0.000000
[e074 s0800/1030] loss = 0.000000
[e074 s0850/1030] loss = 0.000000
[e074 s0900/1030] loss = 0.000000
[e074 s0950/1030] loss = 0.000000
[e074 s1000/1030] loss = 0.000000
Epoch 074: train_loss = 0.000000  MAE/GAME0 = 0.000  RMSE = 0.000  GAME1 = 0.000  GAME2 = 0.000  GAME3 = 0.000  lr = 1.00e-05  time = 16.5s
[e075 s0001/1030] loss = 0.000000
[e075 s0050/1030] loss = 0.000000
[e075 s0100/1030] loss = 0.000000
[e075 s0150/1030] loss = 0.000000
[e075 s0200/1030] loss = 0.000000
[e075 s0250/1030] loss = 0.000000
[e075 s0300/1030] loss = 0.000000
[e075 s0350/1030] loss = 0.000000
[e075 s0400/1030] loss = 0.000000
[e075 s0450/1030] loss = 0.000000
[e075 s0500/1030] loss = 0.000000
[e075 s0550/1030] loss = 0.000000
[e075 s0600/1030] loss = 0.000000
[e075 s0650/1030] loss = 0.000000
[e075 s0700/1030] loss = 0.000000
[e075 s0750/1030] loss = 0.000000
[e075 s0800/1030] loss = 0.000000
[e075 s0850/1030] loss = 0.000000
[e075 s0900/1030] loss = 0.000000
[e075 s0950/1030] loss = 0.000000
[e075 s1000/1030] loss = 0.000000
Epoch 075: train_loss = 0.000000  MAE/GAME0 = 0.000  RMSE = 0.000  GAME1 = 0.000  GAME2 = 0.000  GAME3 = 0.000  lr = 1.00e-05  time = 16.5s
[e076 s0001/1030] loss = 0.000000
[e076 s0050/1030] loss = 0.000000
[e076 s0100/1030] loss = 0.000000
[e076 s0150/1030] loss = 0.000000
[e076 s0200/1030] loss = 0.000000
[e076 s0250/1030] loss = 0.000000
[e076 s0300/1030] loss = 0.000000
[e076 s0350/1030] loss = 0.000000
[e076 s0400/1030] loss = 0.000000
[e076 s0450/1030] loss = 0.000000
[e076 s0500/1030] loss = 0.000000
[e076 s0550/1030] loss = 0.000000
[e076 s0600/1030] loss = 0.000000
[e076 s0650/1030] loss = 0.000000
[e076 s0700/1030] loss = 0.000000
[e076 s0750/1030] loss = 0.000000
[e076 s0800/1030] loss = 0.000000
[e076 s0850/1030] loss = 0.000000
[e076 s0900/1030] loss = 0.000000
[e076 s0950/1030] loss = 0.000000
[e076 s1000/1030] loss = 0.000000
Epoch 076: train_loss = 0.000000  MAE/GAME0 = 0.000  RMSE = 0.000  GAME1 = 0.000  GAME2 = 0.000  GAME3 = 0.000  lr = 1.00e-05  time = 16.3s
[e077 s0001/1030] loss = 0.000000
[e077 s0050/1030] loss = 0.000000
[e077 s0100/1030] loss = 0.000000
[e077 s0150/1030] loss = 0.000000
[e077 s0200/1030] loss = 0.000000
[e077 s0250/1030] loss = 0.000000
[e077 s0300/1030] loss = 0.000000
[e077 s0350/1030] loss = 0.000000
[e077 s0400/1030] loss = 0.000000
[e077 s0450/1030] loss = 0.000000
[e077 s0500/1030] loss = 0.000000
[e077 s0550/1030] loss = 0.000000
[e077 s0600/1030] loss = 0.000000
[e077 s0650/1030] loss = 0.000000
[e077 s0700/1030] loss = 0.000000
[e077 s0750/1030] loss = 0.000000
[e077 s0800/1030] loss = 0.000000
[e077 s0850/1030] loss = 0.000000
[e077 s0900/1030] loss = 0.000000
[e077 s0950/1030] loss = 0.000000
[e077 s1000/1030] loss = 0.000000
Epoch 077: train_loss = 0.000000  MAE/GAME0 = 0.000  RMSE = 0.000  GAME1 = 0.000  GAME2 = 0.000  GAME3 = 0.000  lr = 1.00e-05  time = 16.1s
[e078 s0001/1030] loss = 0.000000
[e078 s0050/1030] loss = 0.000000
[e078 s0100/1030] loss = 0.000000
[e078 s0150/1030] loss = 0.000000
[e078 s0200/1030] loss = 0.000000
[e078 s0250/1030] loss = 0.000000
[e078 s0300/1030] loss = 0.000000
[e078 s0350/1030] loss = 0.000000
[e078 s0400/1030] loss = 0.000000
[e078 s0450/1030] loss = 0.000000
[e078 s0500/1030] loss = 0.000000
[e078 s0550/1030] loss = 0.000000
[e078 s0600/1030] loss = 0.000000
[e078 s0650/1030] loss = 0.000000
[e078 s0700/1030] loss = 0.000000
[e078 s0750/1030] loss = 0.000000
[e078 s0800/1030] loss = 0.000000
[e078 s0850/1030] loss = 0.000000
[e078 s0900/1030] loss = 0.000000
[e078 s0950/1030] loss = 0.000000
[e078 s1000/1030] loss = 0.000000
Epoch 078: train_loss = 0.000000  MAE/GAME0 = 0.000  RMSE = 0.000  GAME1 = 0.000  GAME2 = 0.000  GAME3 = 0.000  lr = 1.00e-05  time = 16.5s
[e079 s0001/1030] loss = 0.000000
[e079 s0050/1030] loss = 0.000000
[e079 s0100/1030] loss = 0.000000
[e079 s0150/1030] loss = 0.000000
[e079 s0200/1030] loss = 0.000000
[e079 s0250/1030] loss = 0.000000
[e079 s0300/1030] loss = 0.000000
[e079 s0350/1030] loss = 0.000000
[e079 s0400/1030] loss = 0.000000
[e079 s0450/1030] loss = 0.000000
[e079 s0500/1030] loss = 0.000000
[e079 s0550/1030] loss = 0.000000
[e079 s0600/1030] loss = 0.000000
[e079 s0650/1030] loss = 0.000000
[e079 s0700/1030] loss = 0.000000
[e079 s0750/1030] loss = 0.000000
[e079 s0800/1030] loss = 0.000000
[e079 s0850/1030] loss = 0.000000
[e079 s0900/1030] loss = 0.000000
[e079 s0950/1030] loss = 0.000000
[e079 s1000/1030] loss = 0.000000
Epoch 079: train_loss = 0.000000  MAE/GAME0 = 0.000  RMSE = 0.000  GAME1 = 0.000  GAME2 = 0.000  GAME3 = 0.000  lr = 1.00e-05  time = 16.2s
[e080 s0001/1030] loss = 0.000000
[e080 s0050/1030] loss = 0.000000
[e080 s0100/1030] loss = 0.000000
[e080 s0150/1030] loss = 0.000000
[e080 s0200/1030] loss = 0.000000
[e080 s0250/1030] loss = 0.000000
[e080 s0300/1030] loss = 0.000000
[e080 s0350/1030] loss = 0.000000
[e080 s0400/1030] loss = 0.000000
[e080 s0450/1030] loss = 0.000000
[e080 s0500/1030] loss = 0.000000
[e080 s0550/1030] loss = 0.000000
[e080 s0600/1030] loss = 0.000000
[e080 s0650/1030] loss = 0.000000
[e080 s0700/1030] loss = 0.000000
[e080 s0750/1030] loss = 0.000000
[e080 s0800/1030] loss = 0.000000
[e080 s0850/1030] loss = 0.000000
[e080 s0900/1030] loss = 0.000000
[e080 s0950/1030] loss = 0.000000
[e080 s1000/1030] loss = 0.000000
Epoch 080: train_loss = 0.000000  MAE/GAME0 = 0.000  RMSE = 0.000  GAME1 = 0.000  GAME2 = 0.000  GAME3 = 0.000  lr = 1.00e-05  time = 16.2s
[e081 s0001/1030] loss = 0.000000
[e081 s0050/1030] loss = 0.000000
[e081 s0100/1030] loss = 0.000000
[e081 s0150/1030] loss = 0.000000
[e081 s0200/1030] loss = 0.000000
[e081 s0250/1030] loss = 0.000000
[e081 s0300/1030] loss = 0.000000
[e081 s0350/1030] loss = 0.000000
[e081 s0400/1030] loss = 0.000000
[e081 s0450/1030] loss = 0.000000
[e081 s0500/1030] loss = 0.000000
[e081 s0550/1030] loss = 0.000000
[e081 s0600/1030] loss = 0.000000
[e081 s0650/1030] loss = 0.000000
[e081 s0700/1030] loss = 0.000000
[e081 s0750/1030] loss = 0.000000
[e081 s0800/1030] loss = 0.000000
[e081 s0850/1030] loss = 0.000000
[e081 s0900/1030] loss = 0.000000
[e081 s0950/1030] loss = 0.000000
[e081 s1000/1030] loss = 0.000000
Epoch 081: train_loss = 0.000000  MAE/GAME0 = 0.000  RMSE = 0.000  GAME1 = 0.000  GAME2 = 0.000  GAME3 = 0.000  lr = 1.00e-05  time = 16.3s
[e082 s0001/1030] loss = 0.000000
[e082 s0050/1030] loss = 0.000000
[e082 s0100/1030] loss = 0.000000
[e082 s0150/1030] loss = 0.000000
[e082 s0200/1030] loss = 0.000000
[e082 s0250/1030] loss = 0.000000
[e082 s0300/1030] loss = 0.000000
[e082 s0350/1030] loss = 0.000000
[e082 s0400/1030] loss = 0.000000
[e082 s0450/1030] loss = 0.000000
[e082 s0500/1030] loss = 0.000000
[e082 s0550/1030] loss = 0.000000
[e082 s0600/1030] loss = 0.000000
[e082 s0650/1030] loss = 0.000000
[e082 s0700/1030] loss = 0.000000
[e082 s0750/1030] loss = 0.000000
[e082 s0800/1030] loss = 0.000000
[e082 s0850/1030] loss = 0.000000
[e082 s0900/1030] loss = 0.000000
[e082 s0950/1030] loss = 0.000000
[e082 s1000/1030] loss = 0.000000
Epoch 082: train_loss = 0.000000  MAE/GAME0 = 0.000  RMSE = 0.000  GAME1 = 0.000  GAME2 = 0.000  GAME3 = 0.000  lr = 1.00e-05  time = 16.3s
[e083 s0001/1030] loss = 0.000000
[e083 s0050/1030] loss = 0.000000
[e083 s0100/1030] loss = 0.000000
[e083 s0150/1030] loss = 0.000000
[e083 s0200/1030] loss = 0.000000
[e083 s0250/1030] loss = 0.000000
[e083 s0300/1030] loss = 0.000000
[e083 s0350/1030] loss = 0.000000
[e083 s0400/1030] loss = 0.000000
[e083 s0450/1030] loss = 0.000000
[e083 s0500/1030] loss = 0.000000
[e083 s0550/1030] loss = 0.000000
[e083 s0600/1030] loss = 0.000000
[e083 s0650/1030] loss = 0.000000
[e083 s0700/1030] loss = 0.000000
[e083 s0750/1030] loss = 0.000000
[e083 s0800/1030] loss = 0.000000
[e083 s0850/1030] loss = 0.000000
[e083 s0900/1030] loss = 0.000000
[e083 s0950/1030] loss = 0.000000
[e083 s1000/1030] loss = 0.000000
Epoch 083: train_loss = 0.000000  MAE/GAME0 = 0.000  RMSE = 0.000  GAME1 = 0.000  GAME2 = 0.000  GAME3 = 0.000  lr = 1.00e-05  time = 16.3s
[e084 s0001/1030] loss = 0.000000
[e084 s0050/1030] loss = 0.000000
[e084 s0100/1030] loss = 0.000000
[e084 s0150/1030] loss = 0.000000
[e084 s0200/1030] loss = 0.000000
[e084 s0250/1030] loss = 0.000000
[e084 s0300/1030] loss = 0.000000
[e084 s0350/1030] loss = 0.000000
[e084 s0400/1030] loss = 0.000000
[e084 s0450/1030] loss = 0.000000
[e084 s0500/1030] loss = 0.000000
[e084 s0550/1030] loss = 0.000000
[e084 s0600/1030] loss = 0.000000
[e084 s0650/1030] loss = 0.000000
[e084 s0700/1030] loss = 0.000000
[e084 s0750/1030] loss = 0.000000
[e084 s0800/1030] loss = 0.000000
[e084 s0850/1030] loss = 0.000000
[e084 s0900/1030] loss = 0.000000
[e084 s0950/1030] loss = 0.000000
[e084 s1000/1030] loss = 0.000000
Epoch 084: train_loss = 0.000000  MAE/GAME0 = 0.000  RMSE = 0.000  GAME1 = 0.000  GAME2 = 0.000  GAME3 = 0.000  lr = 1.00e-05  time = 16.2s
[e085 s0001/1030] loss = 0.000000
[e085 s0050/1030] loss = 0.000000
[e085 s0100/1030] loss = 0.000000
[e085 s0150/1030] loss = 0.000000
[e085 s0200/1030] loss = 0.000000
[e085 s0250/1030] loss = 0.000000
[e085 s0300/1030] loss = 0.000000
[e085 s0350/1030] loss = 0.000000
[e085 s0400/1030] loss = 0.000000
[e085 s0450/1030] loss = 0.000000
[e085 s0500/1030] loss = 0.000000
[e085 s0550/1030] loss = 0.000000
[e085 s0600/1030] loss = 0.000000
[e085 s0650/1030] loss = 0.000000
[e085 s0700/1030] loss = 0.000000
[e085 s0750/1030] loss = 0.000000
[e085 s0800/1030] loss = 0.000000
[e085 s0850/1030] loss = 0.000000
[e085 s0900/1030] loss = 0.000000
[e085 s0950/1030] loss = 0.000000
[e085 s1000/1030] loss = 0.000000
Epoch 085: train_loss = 0.000000  MAE/GAME0 = 0.000  RMSE = 0.000  GAME1 = 0.000  GAME2 = 0.000  GAME3 = 0.000  lr = 1.00e-05  time = 16.3s
[e086 s0001/1030] loss = 0.000000
[e086 s0050/1030] loss = 0.000000
[e086 s0100/1030] loss = 0.000000
[e086 s0150/1030] loss = 0.000000
[e086 s0200/1030] loss = 0.000000
[e086 s0250/1030] loss = 0.000000
[e086 s0300/1030] loss = 0.000000
[e086 s0350/1030] loss = 0.000000
[e086 s0400/1030] loss = 0.000000
[e086 s0450/1030] loss = 0.000000
[e086 s0500/1030] loss = 0.000000
[e086 s0550/1030] loss = 0.000000
[e086 s0600/1030] loss = 0.000000
[e086 s0650/1030] loss = 0.000000
[e086 s0700/1030] loss = 0.000000
[e086 s0750/1030] loss = 0.000000
[e086 s0800/1030] loss = 0.000000
[e086 s0850/1030] loss = 0.000000
[e086 s0900/1030] loss = 0.000000
[e086 s0950/1030] loss = 0.000000
[e086 s1000/1030] loss = 0.000000
Epoch 086: train_loss = 0.000000  MAE/GAME0 = 0.000  RMSE = 0.000  GAME1 = 0.000  GAME2 = 0.000  GAME3 = 0.000  lr = 1.00e-05  time = 16.3s
[e087 s0001/1030] loss = 0.000000
[e087 s0050/1030] loss = 0.000000
[e087 s0100/1030] loss = 0.000000
[e087 s0150/1030] loss = 0.000000
[e087 s0200/1030] loss = 0.000000
[e087 s0250/1030] loss = 0.000000
[e087 s0300/1030] loss = 0.000000
[e087 s0350/1030] loss = 0.000000
[e087 s0400/1030] loss = 0.000000
[e087 s0450/1030] loss = 0.000000
[e087 s0500/1030] loss = 0.000000
[e087 s0550/1030] loss = 0.000000
[e087 s0600/1030] loss = 0.000000
[e087 s0650/1030] loss = 0.000000
[e087 s0700/1030] loss = 0.000000
[e087 s0750/1030] loss = 0.000000
[e087 s0800/1030] loss = 0.000000
[e087 s0850/1030] loss = 0.000000
[e087 s0900/1030] loss = 0.000000
[e087 s0950/1030] loss = 0.000000
[e087 s1000/1030] loss = 0.000000
Epoch 087: train_loss = 0.000000  MAE/GAME0 = 0.000  RMSE = 0.000  GAME1 = 0.000  GAME2 = 0.000  GAME3 = 0.000  lr = 1.00e-05  time = 16.3s
[e088 s0001/1030] loss = 0.000000
[e088 s0050/1030] loss = 0.000000
[e088 s0100/1030] loss = 0.000000
[e088 s0150/1030] loss = 0.000000
[e088 s0200/1030] loss = 0.000000
[e088 s0250/1030] loss = 0.000000
[e088 s0300/1030] loss = 0.000000
[e088 s0350/1030] loss = 0.000000
[e088 s0400/1030] loss = 0.000000
[e088 s0450/1030] loss = 0.000000
[e088 s0500/1030] loss = 0.000000
[e088 s0550/1030] loss = 0.000000
[e088 s0600/1030] loss = 0.000000
[e088 s0650/1030] loss = 0.000000
[e088 s0700/1030] loss = 0.000000
[e088 s0750/1030] loss = 0.000000
[e088 s0800/1030] loss = 0.000000
[e088 s0850/1030] loss = 0.000000
[e088 s0900/1030] loss = 0.000000
[e088 s0950/1030] loss = 0.000000
[e088 s1000/1030] loss = 0.000000
Epoch 088: train_loss = 0.000000  MAE/GAME0 = 0.000  RMSE = 0.000  GAME1 = 0.000  GAME2 = 0.000  GAME3 = 0.000  lr = 1.00e-05  time = 16.3s
[e089 s0001/1030] loss = 0.000000
[e089 s0050/1030] loss = 0.000000
[e089 s0100/1030] loss = 0.000000
[e089 s0150/1030] loss = 0.000000
[e089 s0200/1030] loss = 0.000000
[e089 s0250/1030] loss = 0.000000
[e089 s0300/1030] loss = 0.000000
[e089 s0350/1030] loss = 0.000000
[e089 s0400/1030] loss = 0.000000
[e089 s0450/1030] loss = 0.000000
[e089 s0500/1030] loss = 0.000000
[e089 s0550/1030] loss = 0.000000
[e089 s0600/1030] loss = 0.000000
[e089 s0650/1030] loss = 0.000000
[e089 s0700/1030] loss = 0.000000
[e089 s0750/1030] loss = 0.000000
[e089 s0800/1030] loss = 0.000000
[e089 s0850/1030] loss = 0.000000
[e089 s0900/1030] loss = 0.000000
[e089 s0950/1030] loss = 0.000000
[e089 s1000/1030] loss = 0.000000
Epoch 089: train_loss = 0.000000  MAE/GAME0 = 0.000  RMSE = 0.000  GAME1 = 0.000  GAME2 = 0.000  GAME3 = 0.000  lr = 1.00e-05  time = 16.3s
[e090 s0001/1030] loss = 0.000000
[e090 s0050/1030] loss = 0.000000
[e090 s0100/1030] loss = 0.000000
[e090 s0150/1030] loss = 0.000000
[e090 s0200/1030] loss = 0.000000
[e090 s0250/1030] loss = 0.000000
[e090 s0300/1030] loss = 0.000000
[e090 s0350/1030] loss = 0.000000
[e090 s0400/1030] loss = 0.000000
[e090 s0450/1030] loss = 0.000000
[e090 s0500/1030] loss = 0.000000
[e090 s0550/1030] loss = 0.000000
[e090 s0600/1030] loss = 0.000000
[e090 s0650/1030] loss = 0.000000
[e090 s0700/1030] loss = 0.000000
[e090 s0750/1030] loss = 0.000000
[e090 s0800/1030] loss = 0.000000
[e090 s0850/1030] loss = 0.000000
[e090 s0900/1030] loss = 0.000000
[e090 s0950/1030] loss = 0.000000
[e090 s1000/1030] loss = 0.000000
Epoch 090: train_loss = 0.000000  MAE/GAME0 = 0.000  RMSE = 0.000  GAME1 = 0.000  GAME2 = 0.000  GAME3 = 0.000  lr = 1.00e-05  time = 16.3s
[e091 s0001/1030] loss = 0.000000
[e091 s0050/1030] loss = 0.000000
[e091 s0100/1030] loss = 0.000000
[e091 s0150/1030] loss = 0.000000
[e091 s0200/1030] loss = 0.000000
[e091 s0250/1030] loss = 0.000000
[e091 s0300/1030] loss = 0.000000
[e091 s0350/1030] loss = 0.000000
[e091 s0400/1030] loss = 0.000000
[e091 s0450/1030] loss = 0.000000
[e091 s0500/1030] loss = 0.000000
[e091 s0550/1030] loss = 0.000000
[e091 s0600/1030] loss = 0.000000
[e091 s0650/1030] loss = 0.000000
[e091 s0700/1030] loss = 0.000000
[e091 s0750/1030] loss = 0.000000
[e091 s0800/1030] loss = 0.000000
[e091 s0850/1030] loss = 0.000000
[e091 s0900/1030] loss = 0.000000
[e091 s0950/1030] loss = 0.000000
[e091 s1000/1030] loss = 0.000000
Epoch 091: train_loss = 0.000000  MAE/GAME0 = 0.000  RMSE = 0.000  GAME1 = 0.000  GAME2 = 0.000  GAME3 = 0.000  lr = 1.00e-05  time = 16.3s
[e092 s0001/1030] loss = 0.000000
[e092 s0050/1030] loss = 0.000000
[e092 s0100/1030] loss = 0.000000
[e092 s0150/1030] loss = 0.000000
[e092 s0200/1030] loss = 0.000000
[e092 s0250/1030] loss = 0.000000
[e092 s0300/1030] loss = 0.000000
[e092 s0350/1030] loss = 0.000000
[e092 s0400/1030] loss = 0.000000
[e092 s0450/1030] loss = 0.000000
[e092 s0500/1030] loss = 0.000000
[e092 s0550/1030] loss = 0.000000
[e092 s0600/1030] loss = 0.000000
[e092 s0650/1030] loss = 0.000000
[e092 s0700/1030] loss = 0.000000
[e092 s0750/1030] loss = 0.000000
[e092 s0800/1030] loss = 0.000000
[e092 s0850/1030] loss = 0.000000
[e092 s0900/1030] loss = 0.000000
[e092 s0950/1030] loss = 0.000000
[e092 s1000/1030] loss = 0.000000
Epoch 092: train_loss = 0.000000  MAE/GAME0 = 0.000  RMSE = 0.000  GAME1 = 0.000  GAME2 = 0.000  GAME3 = 0.000  lr = 1.00e-05  time = 16.3s
[e093 s0001/1030] loss = 0.000000
[e093 s0050/1030] loss = 0.000000
[e093 s0100/1030] loss = 0.000000
[e093 s0150/1030] loss = 0.000000
[e093 s0200/1030] loss = 0.000000
[e093 s0250/1030] loss = 0.000000
[e093 s0300/1030] loss = 0.000000
[e093 s0350/1030] loss = 0.000000
[e093 s0400/1030] loss = 0.000000
[e093 s0450/1030] loss = 0.000000
[e093 s0500/1030] loss = 0.000000
[e093 s0550/1030] loss = 0.000000
[e093 s0600/1030] loss = 0.000000
[e093 s0650/1030] loss = 0.000000
[e093 s0700/1030] loss = 0.000000
[e093 s0750/1030] loss = 0.000000
[e093 s0800/1030] loss = 0.000000
[e093 s0850/1030] loss = 0.000000
[e093 s0900/1030] loss = 0.000000
[e093 s0950/1030] loss = 0.000000
[e093 s1000/1030] loss = 0.000000
Epoch 093: train_loss = 0.000000  MAE/GAME0 = 0.000  RMSE = 0.000  GAME1 = 0.000  GAME2 = 0.000  GAME3 = 0.000  lr = 1.00e-05  time = 16.2s
[e094 s0001/1030] loss = 0.000000
[e094 s0050/1030] loss = 0.000000
[e094 s0100/1030] loss = 0.000000
[e094 s0150/1030] loss = 0.000000
[e094 s0200/1030] loss = 0.000000
[e094 s0250/1030] loss = 0.000000
[e094 s0300/1030] loss = 0.000000
[e094 s0350/1030] loss = 0.000000
[e094 s0400/1030] loss = 0.000000
[e094 s0450/1030] loss = 0.000000
[e094 s0500/1030] loss = 0.000000
[e094 s0550/1030] loss = 0.000000
[e094 s0600/1030] loss = 0.000000
[e094 s0650/1030] loss = 0.000000
[e094 s0700/1030] loss = 0.000000
[e094 s0750/1030] loss = 0.000000
[e094 s0800/1030] loss = 0.000000
[e094 s0850/1030] loss = 0.000000
[e094 s0900/1030] loss = 0.000000
[e094 s0950/1030] loss = 0.000000
[e094 s1000/1030] loss = 0.000000
Epoch 094: train_loss = 0.000000  MAE/GAME0 = 0.000  RMSE = 0.000  GAME1 = 0.000  GAME2 = 0.000  GAME3 = 0.000  lr = 1.00e-05  time = 16.2s
[e095 s0001/1030] loss = 0.000000
[e095 s0050/1030] loss = 0.000000
[e095 s0100/1030] loss = 0.000000
[e095 s0150/1030] loss = 0.000000
[e095 s0200/1030] loss = 0.000000
[e095 s0250/1030] loss = 0.000000
[e095 s0300/1030] loss = 0.000000
[e095 s0350/1030] loss = 0.000000
[e095 s0400/1030] loss = 0.000000
[e095 s0450/1030] loss = 0.000000
[e095 s0500/1030] loss = 0.000000
[e095 s0550/1030] loss = 0.000000
[e095 s0600/1030] loss = 0.000000
[e095 s0650/1030] loss = 0.000000
[e095 s0700/1030] loss = 0.000000
[e095 s0750/1030] loss = 0.000000
[e095 s0800/1030] loss = 0.000000
[e095 s0850/1030] loss = 0.000000
[e095 s0900/1030] loss = 0.000000
[e095 s0950/1030] loss = 0.000000
[e095 s1000/1030] loss = 0.000000
Epoch 095: train_loss = 0.000000  MAE/GAME0 = 0.000  RMSE = 0.000  GAME1 = 0.000  GAME2 = 0.000  GAME3 = 0.000  lr = 1.00e-05  time = 16.8s
[e096 s0001/1030] loss = 0.000000
[e096 s0050/1030] loss = 0.000000
[e096 s0100/1030] loss = 0.000000
[e096 s0150/1030] loss = 0.000000
[e096 s0200/1030] loss = 0.000000
[e096 s0250/1030] loss = 0.000000
[e096 s0300/1030] loss = 0.000000
[e096 s0350/1030] loss = 0.000000
[e096 s0400/1030] loss = 0.000000
[e096 s0450/1030] loss = 0.000000
[e096 s0500/1030] loss = 0.000000
[e096 s0550/1030] loss = 0.000000
[e096 s0600/1030] loss = 0.000000
[e096 s0650/1030] loss = 0.000000
[e096 s0700/1030] loss = 0.000000
[e096 s0750/1030] loss = 0.000000
[e096 s0800/1030] loss = 0.000000
[e096 s0850/1030] loss = 0.000000
[e096 s0900/1030] loss = 0.000000
[e096 s0950/1030] loss = 0.000000
[e096 s1000/1030] loss = 0.000000
Epoch 096: train_loss = 0.000000  MAE/GAME0 = 0.000  RMSE = 0.000  GAME1 = 0.000  GAME2 = 0.000  GAME3 = 0.000  lr = 1.00e-05  time = 16.5s
[e097 s0001/1030] loss = 0.000000
[e097 s0050/1030] loss = 0.000000
[e097 s0100/1030] loss = 0.000000
[e097 s0150/1030] loss = 0.000000
[e097 s0200/1030] loss = 0.000000
[e097 s0250/1030] loss = 0.000000
[e097 s0300/1030] loss = 0.000000
[e097 s0350/1030] loss = 0.000000
[e097 s0400/1030] loss = 0.000000
[e097 s0450/1030] loss = 0.000000
[e097 s0500/1030] loss = 0.000000
[e097 s0550/1030] loss = 0.000000
[e097 s0600/1030] loss = 0.000000
[e097 s0650/1030] loss = 0.000000
[e097 s0700/1030] loss = 0.000000
[e097 s0750/1030] loss = 0.000000
[e097 s0800/1030] loss = 0.000000
[e097 s0850/1030] loss = 0.000000
[e097 s0900/1030] loss = 0.000000
[e097 s0950/1030] loss = 0.000000
[e097 s1000/1030] loss = 0.000000
Epoch 097: train_loss = 0.000000  MAE/GAME0 = 0.000  RMSE = 0.000  GAME1 = 0.000  GAME2 = 0.000  GAME3 = 0.000  lr = 1.00e-05  time = 16.1s
[e098 s0001/1030] loss = 0.000000
[e098 s0050/1030] loss = 0.000000
[e098 s0100/1030] loss = 0.000000
[e098 s0150/1030] loss = 0.000000
[e098 s0200/1030] loss = 0.000000
[e098 s0250/1030] loss = 0.000000
[e098 s0300/1030] loss = 0.000000
[e098 s0350/1030] loss = 0.000000
[e098 s0400/1030] loss = 0.000000
[e098 s0450/1030] loss = 0.000000
[e098 s0500/1030] loss = 0.000000
[e098 s0550/1030] loss = 0.000000
[e098 s0600/1030] loss = 0.000000
[e098 s0650/1030] loss = 0.000000
[e098 s0700/1030] loss = 0.000000
[e098 s0750/1030] loss = 0.000000
[e098 s0800/1030] loss = 0.000000
[e098 s0850/1030] loss = 0.000000
[e098 s0900/1030] loss = 0.000000
[e098 s0950/1030] loss = 0.000000
[e098 s1000/1030] loss = 0.000000
Epoch 098: train_loss = 0.000000  MAE/GAME0 = 0.000  RMSE = 0.000  GAME1 = 0.000  GAME2 = 0.000  GAME3 = 0.000  lr = 1.00e-05  time = 16.2s
[e099 s0001/1030] loss = 0.000000
[e099 s0050/1030] loss = 0.000000
[e099 s0100/1030] loss = 0.000000
[e099 s0150/1030] loss = 0.000000
[e099 s0200/1030] loss = 0.000000
[e099 s0250/1030] loss = 0.000000
[e099 s0300/1030] loss = 0.000000
[e099 s0350/1030] loss = 0.000000
[e099 s0400/1030] loss = 0.000000
[e099 s0450/1030] loss = 0.000000
[e099 s0500/1030] loss = 0.000000
[e099 s0550/1030] loss = 0.000000
[e099 s0600/1030] loss = 0.000000
[e099 s0650/1030] loss = 0.000000
[e099 s0700/1030] loss = 0.000000
[e099 s0750/1030] loss = 0.000000
[e099 s0800/1030] loss = 0.000000
[e099 s0850/1030] loss = 0.000000
[e099 s0900/1030] loss = 0.000000
[e099 s0950/1030] loss = 0.000000
[e099 s1000/1030] loss = 0.000000
Epoch 099: train_loss = 0.000000  MAE/GAME0 = 0.000  RMSE = 0.000  GAME1 = 0.000  GAME2 = 0.000  GAME3 = 0.000  lr = 1.00e-05  time = 16.4s
[e100 s0001/1030] loss = 0.000000
[e100 s0050/1030] loss = 0.000000
[e100 s0100/1030] loss = 0.000000
[e100 s0150/1030] loss = 0.000000
[e100 s0200/1030] loss = 0.000000
[e100 s0250/1030] loss = 0.000000
[e100 s0300/1030] loss = 0.000000
[e100 s0350/1030] loss = 0.000000
[e100 s0400/1030] loss = 0.000000
[e100 s0450/1030] loss = 0.000000
[e100 s0500/1030] loss = 0.000000
[e100 s0550/1030] loss = 0.000000
[e100 s0600/1030] loss = 0.000000
[e100 s0650/1030] loss = 0.000000
[e100 s0700/1030] loss = 0.000000
[e100 s0750/1030] loss = 0.000000
[e100 s0800/1030] loss = 0.000000
[e100 s0850/1030] loss = 0.000000
[e100 s0900/1030] loss = 0.000000
[e100 s0950/1030] loss = 0.000000
[e100 s1000/1030] loss = 0.000000
Epoch 100: train_loss = 0.000000  MAE/GAME0 = 0.000  RMSE = 0.000  GAME1 = 0.000  GAME2 = 0.000  GAME3 = 0.000  lr = 1.00e-05  time = 16.3s
[done] best_mae = 0.000  best_path = /scratch/users/ntu/kenneth0/FYP-SmartObjectCounter/outputs/rgbt_late_e100/12751554.pbs101_20260117_203948/best.pth
