[log] /scratch/users/ntu/kenneth0/FYP-SmartObjectCounter/logs/train_rgb_e100_sanity_12717650.pbs101_20260111_173106.log
[job] name=train_rgb_e100_sanity id=12717650.pbs101 host=x1000c0s3b0n1 time=Sun Jan 11 17:31:06 +08 2026
[init] device = cuda
[init] PROJECT_ROOT = /scratch/users/ntu/kenneth0/FYP-SmartObjectCounter
[epoch 001/100] lr = 1.00e-05 | train loss = 33.1210 (base 33.1210, count 0.0000, game 0.0000, temp 0.0000, illum 0.0000) | val RMSE = 63.079, MAE = 36.851, GAME0 = 36.851, GAME1 = 61.318, GAME2 = 84.203, GAME3 = 96.923 | time = 89.4s
[epoch 002/100] lr = 1.00e-05 | train loss = 0.0008 (base 0.0008, count 0.0000, game 0.0000, temp 0.0000, illum 0.0000) | val RMSE = 69.054, MAE = 45.031, GAME0 = 45.031, GAME1 = 63.532, GAME2 = 85.278, GAME3 = 99.860 | time = 24.6s
[epoch 003/100] lr = 1.00e-05 | train loss = 0.0006 (base 0.0006, count 0.0000, game 0.0000, temp 0.0000, illum 0.0000) | val RMSE = 66.613, MAE = 40.437, GAME0 = 40.437, GAME1 = 56.146, GAME2 = 74.418, GAME3 = 88.238 | time = 24.2s
[epoch 004/100] lr = 1.00e-05 | train loss = 0.0006 (base 0.0006, count 0.0000, game 0.0000, temp 0.0000, illum 0.0000) | val RMSE = 61.028, MAE = 32.933, GAME0 = 32.933, GAME1 = 49.856, GAME2 = 65.871, GAME3 = 78.135 | time = 24.8s
[epoch 005/100] lr = 1.00e-05 | train loss = 0.0007 (base 0.0007, count 0.0000, game 0.0000, temp 0.0000, illum 0.0000) | val RMSE = 61.466, MAE = 35.757, GAME0 = 35.757, GAME1 = 52.174, GAME2 = 68.760, GAME3 = 81.176 | time = 24.8s
[epoch 006/100] lr = 1.00e-05 | train loss = 0.0006 (base 0.0006, count 0.0000, game 0.0000, temp 0.0000, illum 0.0000) | val RMSE = 62.054, MAE = 29.805, GAME0 = 29.805, GAME1 = 42.128, GAME2 = 53.048, GAME3 = 61.159 | time = 24.7s
[epoch 007/100] lr = 1.00e-05 | train loss = 0.0006 (base 0.0006, count 0.0000, game 0.0000, temp 0.0000, illum 0.0000) | val RMSE = 62.605, MAE = 38.891, GAME0 = 38.891, GAME1 = 50.557, GAME2 = 63.003, GAME3 = 72.965 | time = 24.2s
[epoch 008/100] lr = 1.00e-05 | train loss = 0.0008 (base 0.0008, count 0.0000, game 0.0000, temp 0.0000, illum 0.0000) | val RMSE = 58.876, MAE = 29.105, GAME0 = 29.105, GAME1 = 40.544, GAME2 = 50.488, GAME3 = 58.748 | time = 25.2s
[epoch 009/100] lr = 1.00e-05 | train loss = 0.0005 (base 0.0005, count 0.0000, game 0.0000, temp 0.0000, illum 0.0000) | val RMSE = 65.917, MAE = 34.375, GAME0 = 34.375, GAME1 = 41.270, GAME2 = 47.111, GAME3 = 52.396 | time = 24.9s
[epoch 010/100] lr = 1.00e-05 | train loss = 0.0005 (base 0.0005, count 0.0000, game 0.0000, temp 0.0000, illum 0.0000) | val RMSE = 60.854, MAE = 28.312, GAME0 = 28.312, GAME1 = 37.104, GAME2 = 45.197, GAME3 = 52.014 | time = 24.7s
[epoch 011/100] lr = 1.00e-05 | train loss = 0.0007 (base 0.0007, count 0.0000, game 0.0000, temp 0.0000, illum 0.0000) | val RMSE = 91.679, MAE = 75.650, GAME0 = 75.650, GAME1 = 87.075, GAME2 = 105.730, GAME3 = 120.941 | time = 24.6s
[epoch 012/100] lr = 1.00e-05 | train loss = 0.0005 (base 0.0005, count 0.0000, game 0.0000, temp 0.0000, illum 0.0000) | val RMSE = 60.525, MAE = 31.433, GAME0 = 31.433, GAME1 = 40.538, GAME2 = 48.788, GAME3 = 56.639 | time = 24.9s
[epoch 013/100] lr = 1.00e-05 | train loss = 0.0007 (base 0.0007, count 0.0000, game 0.0000, temp 0.0000, illum 0.0000) | val RMSE = 68.048, MAE = 36.931, GAME0 = 36.931, GAME1 = 43.665, GAME2 = 49.384, GAME3 = 54.162 | time = 24.3s
[epoch 014/100] lr = 1.00e-05 | train loss = 0.0006 (base 0.0006, count 0.0000, game 0.0000, temp 0.0000, illum 0.0000) | val RMSE = 66.099, MAE = 39.868, GAME0 = 39.868, GAME1 = 50.191, GAME2 = 60.609, GAME3 = 69.677 | time = 24.6s
[epoch 015/100] lr = 1.00e-05 | train loss = 0.0006 (base 0.0006, count 0.0000, game 0.0000, temp 0.0000, illum 0.0000) | val RMSE = 76.263, MAE = 53.525, GAME0 = 53.525, GAME1 = 61.744, GAME2 = 72.143, GAME3 = 81.499 | time = 24.6s
[epoch 016/100] lr = 1.00e-05 | train loss = 0.0007 (base 0.0007, count 0.0000, game 0.0000, temp 0.0000, illum 0.0000) | val RMSE = 66.258, MAE = 38.899, GAME0 = 38.899, GAME1 = 47.748, GAME2 = 57.414, GAME3 = 66.400 | time = 25.3s
[epoch 017/100] lr = 1.00e-05 | train loss = 0.0008 (base 0.0008, count 0.0000, game 0.0000, temp 0.0000, illum 0.0000) | val RMSE = 68.910, MAE = 44.177, GAME0 = 44.177, GAME1 = 53.858, GAME2 = 65.422, GAME3 = 75.094 | time = 25.5s
[epoch 018/100] lr = 1.00e-05 | train loss = 0.0007 (base 0.0007, count 0.0000, game 0.0000, temp 0.0000, illum 0.0000) | val RMSE = 60.394, MAE = 33.502, GAME0 = 33.502, GAME1 = 50.516, GAME2 = 65.463, GAME3 = 75.008 | time = 25.0s
[epoch 019/100] lr = 1.00e-05 | train loss = 0.0007 (base 0.0007, count 0.0000, game 0.0000, temp 0.0000, illum 0.0000) | val RMSE = 71.789, MAE = 41.059, GAME0 = 41.059, GAME1 = 47.222, GAME2 = 52.433, GAME3 = 56.400 | time = 24.2s
[epoch 020/100] lr = 1.00e-05 | train loss = 0.0006 (base 0.0006, count 0.0000, game 0.0000, temp 0.0000, illum 0.0000) | val RMSE = 60.931, MAE = 31.772, GAME0 = 31.772, GAME1 = 46.669, GAME2 = 58.937, GAME3 = 67.458 | time = 25.6s
[epoch 021/100] lr = 1.00e-05 | train loss = 0.0005 (base 0.0005, count 0.0000, game 0.0000, temp 0.0000, illum 0.0000) | val RMSE = 82.901, MAE = 63.274, GAME0 = 63.274, GAME1 = 71.302, GAME2 = 82.546, GAME3 = 92.048 | time = 24.5s
[epoch 022/100] lr = 1.00e-05 | train loss = 0.0007 (base 0.0007, count 0.0000, game 0.0000, temp 0.0000, illum 0.0000) | val RMSE = 65.725, MAE = 33.582, GAME0 = 33.582, GAME1 = 44.154, GAME2 = 53.033, GAME3 = 59.385 | time = 24.7s
[epoch 023/100] lr = 1.00e-05 | train loss = 0.0006 (base 0.0006, count 0.0000, game 0.0000, temp 0.0000, illum 0.0000) | val RMSE = 68.386, MAE = 44.397, GAME0 = 44.397, GAME1 = 55.869, GAME2 = 68.688, GAME3 = 78.198 | time = 24.7s
[epoch 024/100] lr = 1.00e-05 | train loss = 0.0006 (base 0.0006, count 0.0000, game 0.0000, temp 0.0000, illum 0.0000) | val RMSE = 65.246, MAE = 35.048, GAME0 = 35.048, GAME1 = 43.624, GAME2 = 52.422, GAME3 = 60.138 | time = 24.6s
[epoch 025/100] lr = 1.00e-05 | train loss = 0.0008 (base 0.0008, count 0.0000, game 0.0000, temp 0.0000, illum 0.0000) | val RMSE = 64.879, MAE = 38.601, GAME0 = 38.601, GAME1 = 50.916, GAME2 = 63.592, GAME3 = 72.789 | time = 24.5s
[epoch 026/100] lr = 1.00e-05 | train loss = 0.0007 (base 0.0007, count 0.0000, game 0.0000, temp 0.0000, illum 0.0000) | val RMSE = 62.359, MAE = 36.976, GAME0 = 36.976, GAME1 = 50.725, GAME2 = 64.008, GAME3 = 73.458 | time = 24.4s
[epoch 027/100] lr = 1.00e-05 | train loss = 0.0005 (base 0.0005, count 0.0000, game 0.0000, temp 0.0000, illum 0.0000) | val RMSE = 69.362, MAE = 37.695, GAME0 = 37.695, GAME1 = 45.667, GAME2 = 52.330, GAME3 = 57.260 | time = 24.7s
[epoch 028/100] lr = 1.00e-05 | train loss = 0.0007 (base 0.0007, count 0.0000, game 0.0000, temp 0.0000, illum 0.0000) | val RMSE = 63.435, MAE = 35.951, GAME0 = 35.951, GAME1 = 47.278, GAME2 = 58.372, GAME3 = 67.176 | time = 25.1s
[epoch 029/100] lr = 1.00e-05 | train loss = 0.0007 (base 0.0007, count 0.0000, game 0.0000, temp 0.0000, illum 0.0000) | val RMSE = 68.877, MAE = 37.192, GAME0 = 37.192, GAME1 = 44.713, GAME2 = 51.244, GAME3 = 56.167 | time = 24.7s
[epoch 030/100] lr = 1.00e-05 | train loss = 0.0007 (base 0.0007, count 0.0000, game 0.0000, temp 0.0000, illum 0.0000) | val RMSE = 62.156, MAE = 31.867, GAME0 = 31.867, GAME1 = 45.607, GAME2 = 57.457, GAME3 = 65.475 | time = 24.3s
[epoch 031/100] lr = 1.00e-05 | train loss = 0.0006 (base 0.0006, count 0.0000, game 0.0000, temp 0.0000, illum 0.0000) | val RMSE = 82.487, MAE = 58.884, GAME0 = 58.884, GAME1 = 66.553, GAME2 = 77.220, GAME3 = 86.597 | time = 24.7s
[epoch 032/100] lr = 1.00e-05 | train loss = 0.0005 (base 0.0005, count 0.0000, game 0.0000, temp 0.0000, illum 0.0000) | val RMSE = 77.013, MAE = 49.213, GAME0 = 49.213, GAME1 = 51.873, GAME2 = 54.736, GAME3 = 56.893 | time = 24.7s
[epoch 033/100] lr = 1.00e-05 | train loss = 0.0006 (base 0.0006, count 0.0000, game 0.0000, temp 0.0000, illum 0.0000) | val RMSE = 66.201, MAE = 39.863, GAME0 = 39.863, GAME1 = 51.685, GAME2 = 64.456, GAME3 = 73.650 | time = 26.0s
[epoch 034/100] lr = 1.00e-05 | train loss = 0.0006 (base 0.0006, count 0.0000, game 0.0000, temp 0.0000, illum 0.0000) | val RMSE = 65.507, MAE = 34.477, GAME0 = 34.477, GAME1 = 42.749, GAME2 = 50.725, GAME3 = 57.367 | time = 24.5s
[epoch 035/100] lr = 1.00e-05 | train loss = 0.0006 (base 0.0006, count 0.0000, game 0.0000, temp 0.0000, illum 0.0000) | val RMSE = 68.429, MAE = 42.091, GAME0 = 42.091, GAME1 = 51.437, GAME2 = 62.377, GAME3 = 71.265 | time = 24.4s
[epoch 036/100] lr = 1.00e-05 | train loss = 0.0006 (base 0.0006, count 0.0000, game 0.0000, temp 0.0000, illum 0.0000) | val RMSE = 65.047, MAE = 34.397, GAME0 = 34.397, GAME1 = 42.923, GAME2 = 51.484, GAME3 = 58.844 | time = 24.6s
[epoch 037/100] lr = 1.00e-05 | train loss = 0.0008 (base 0.0008, count 0.0000, game 0.0000, temp 0.0000, illum 0.0000) | val RMSE = 69.774, MAE = 43.978, GAME0 = 43.978, GAME1 = 54.595, GAME2 = 66.840, GAME3 = 76.262 | time = 25.4s
[epoch 038/100] lr = 1.00e-05 | train loss = 0.0005 (base 0.0005, count 0.0000, game 0.0000, temp 0.0000, illum 0.0000) | val RMSE = 65.666, MAE = 34.082, GAME0 = 34.082, GAME1 = 42.460, GAME2 = 50.323, GAME3 = 56.704 | time = 24.2s
[epoch 039/100] lr = 1.00e-05 | train loss = 0.0006 (base 0.0006, count 0.0000, game 0.0000, temp 0.0000, illum 0.0000) | val RMSE = 64.578, MAE = 34.401, GAME0 = 34.401, GAME1 = 43.864, GAME2 = 53.307, GAME3 = 60.966 | time = 24.9s
[epoch 040/100] lr = 1.00e-05 | train loss = 0.0005 (base 0.0005, count 0.0000, game 0.0000, temp 0.0000, illum 0.0000) | val RMSE = 67.747, MAE = 35.908, GAME0 = 35.908, GAME1 = 43.250, GAME2 = 49.871, GAME3 = 55.046 | time = 24.6s
[epoch 041/100] lr = 1.00e-05 | train loss = 0.0007 (base 0.0007, count 0.0000, game 0.0000, temp 0.0000, illum 0.0000) | val RMSE = 68.568, MAE = 41.480, GAME0 = 41.480, GAME1 = 51.391, GAME2 = 63.041, GAME3 = 72.121 | time = 24.6s
[epoch 042/100] lr = 1.00e-05 | train loss = 0.0006 (base 0.0006, count 0.0000, game 0.0000, temp 0.0000, illum 0.0000) | val RMSE = 66.552, MAE = 38.347, GAME0 = 38.347, GAME1 = 48.750, GAME2 = 60.156, GAME3 = 68.889 | time = 24.6s
[epoch 043/100] lr = 1.00e-05 | train loss = 0.0006 (base 0.0006, count 0.0000, game 0.0000, temp 0.0000, illum 0.0000) | val RMSE = 62.848, MAE = 32.109, GAME0 = 32.109, GAME1 = 44.333, GAME2 = 55.445, GAME3 = 63.475 | time = 24.9s
[epoch 044/100] lr = 1.00e-05 | train loss = 0.0005 (base 0.0005, count 0.0000, game 0.0000, temp 0.0000, illum 0.0000) | val RMSE = 83.592, MAE = 61.476, GAME0 = 61.476, GAME1 = 68.825, GAME2 = 79.719, GAME3 = 89.301 | time = 24.3s
[epoch 045/100] lr = 1.00e-05 | train loss = 0.0006 (base 0.0006, count 0.0000, game 0.0000, temp 0.0000, illum 0.0000) | val RMSE = 66.065, MAE = 38.480, GAME0 = 38.480, GAME1 = 48.546, GAME2 = 59.321, GAME3 = 68.004 | time = 24.9s
[epoch 046/100] lr = 1.00e-05 | train loss = 0.0006 (base 0.0006, count 0.0000, game 0.0000, temp 0.0000, illum 0.0000) | val RMSE = 67.646, MAE = 40.042, GAME0 = 40.042, GAME1 = 50.467, GAME2 = 61.984, GAME3 = 71.194 | time = 24.8s
[epoch 047/100] lr = 1.00e-05 | train loss = 0.0006 (base 0.0006, count 0.0000, game 0.0000, temp 0.0000, illum 0.0000) | val RMSE = 99.743, MAE = 81.707, GAME0 = 81.707, GAME1 = 87.635, GAME2 = 97.978, GAME3 = 108.102 | time = 24.6s
[epoch 048/100] lr = 1.00e-05 | train loss = 0.0007 (base 0.0007, count 0.0000, game 0.0000, temp 0.0000, illum 0.0000) | val RMSE = 70.489, MAE = 45.011, GAME0 = 45.011, GAME1 = 54.248, GAME2 = 65.550, GAME3 = 75.128 | time = 24.5s
[epoch 049/100] lr = 1.00e-05 | train loss = 0.0006 (base 0.0006, count 0.0000, game 0.0000, temp 0.0000, illum 0.0000) | val RMSE = 65.923, MAE = 36.752, GAME0 = 36.752, GAME1 = 46.468, GAME2 = 57.273, GAME3 = 65.764 | time = 24.7s
[epoch 050/100] lr = 1.00e-05 | train loss = 0.0006 (base 0.0006, count 0.0000, game 0.0000, temp 0.0000, illum 0.0000) | val RMSE = 72.615, MAE = 47.357, GAME0 = 47.357, GAME1 = 57.142, GAME2 = 69.507, GAME3 = 79.278 | time = 24.7s
[epoch 051/100] lr = 1.00e-05 | train loss = 0.0006 (base 0.0006, count 0.0000, game 0.0000, temp 0.0000, illum 0.0000) | val RMSE = 65.590, MAE = 33.903, GAME0 = 33.903, GAME1 = 41.972, GAME2 = 49.721, GAME3 = 56.066 | time = 24.4s
[epoch 052/100] lr = 1.00e-05 | train loss = 0.0006 (base 0.0006, count 0.0000, game 0.0000, temp 0.0000, illum 0.0000) | val RMSE = 66.519, MAE = 36.717, GAME0 = 36.717, GAME1 = 44.847, GAME2 = 54.427, GAME3 = 62.836 | time = 24.4s
[epoch 053/100] lr = 1.00e-05 | train loss = 0.0006 (base 0.0006, count 0.0000, game 0.0000, temp 0.0000, illum 0.0000) | val RMSE = 63.094, MAE = 33.330, GAME0 = 33.330, GAME1 = 45.163, GAME2 = 56.276, GAME3 = 64.763 | time = 24.5s
[epoch 054/100] lr = 1.00e-05 | train loss = 0.0007 (base 0.0007, count 0.0000, game 0.0000, temp 0.0000, illum 0.0000) | val RMSE = 64.624, MAE = 35.675, GAME0 = 35.675, GAME1 = 45.964, GAME2 = 56.772, GAME3 = 65.384 | time = 24.5s
[epoch 055/100] lr = 1.00e-05 | train loss = 0.0005 (base 0.0005, count 0.0000, game 0.0000, temp 0.0000, illum 0.0000) | val RMSE = 79.750, MAE = 54.540, GAME0 = 54.540, GAME1 = 62.147, GAME2 = 72.843, GAME3 = 82.246 | time = 24.4s
[epoch 056/100] lr = 1.00e-05 | train loss = 0.0006 (base 0.0006, count 0.0000, game 0.0000, temp 0.0000, illum 0.0000) | val RMSE = 70.084, MAE = 39.069, GAME0 = 39.069, GAME1 = 45.837, GAME2 = 52.029, GAME3 = 56.603 | time = 24.6s
[epoch 057/100] lr = 1.00e-05 | train loss = 0.0006 (base 0.0006, count 0.0000, game 0.0000, temp 0.0000, illum 0.0000) | val RMSE = 90.741, MAE = 67.693, GAME0 = 67.693, GAME1 = 73.585, GAME2 = 83.376, GAME3 = 93.052 | time = 24.1s
[epoch 058/100] lr = 1.00e-05 | train loss = 0.0006 (base 0.0006, count 0.0000, game 0.0000, temp 0.0000, illum 0.0000) | val RMSE = 69.870, MAE = 41.570, GAME0 = 41.570, GAME1 = 51.005, GAME2 = 62.519, GAME3 = 71.685 | time = 25.2s
[epoch 059/100] lr = 1.00e-05 | train loss = 0.0005 (base 0.0005, count 0.0000, game 0.0000, temp 0.0000, illum 0.0000) | val RMSE = 64.199, MAE = 33.341, GAME0 = 33.341, GAME1 = 43.750, GAME2 = 53.945, GAME3 = 61.795 | time = 24.3s
[epoch 060/100] lr = 1.00e-05 | train loss = 0.0005 (base 0.0005, count 0.0000, game 0.0000, temp 0.0000, illum 0.0000) | val RMSE = 63.912, MAE = 32.518, GAME0 = 32.518, GAME1 = 43.062, GAME2 = 53.021, GAME3 = 60.319 | time = 24.5s
[epoch 061/100] lr = 1.00e-05 | train loss = 0.0006 (base 0.0006, count 0.0000, game 0.0000, temp 0.0000, illum 0.0000) | val RMSE = 64.986, MAE = 34.237, GAME0 = 34.237, GAME1 = 44.426, GAME2 = 54.796, GAME3 = 62.628 | time = 24.4s
[epoch 062/100] lr = 1.00e-05 | train loss = 0.0006 (base 0.0006, count 0.0000, game 0.0000, temp 0.0000, illum 0.0000) | val RMSE = 65.326, MAE = 36.806, GAME0 = 36.806, GAME1 = 47.693, GAME2 = 59.591, GAME3 = 68.555 | time = 24.6s
[epoch 063/100] lr = 1.00e-05 | train loss = 0.0006 (base 0.0006, count 0.0000, game 0.0000, temp 0.0000, illum 0.0000) | val RMSE = 65.309, MAE = 33.750, GAME0 = 33.750, GAME1 = 42.921, GAME2 = 51.334, GAME3 = 57.909 | time = 24.8s
[epoch 064/100] lr = 1.00e-05 | train loss = 0.0005 (base 0.0005, count 0.0000, game 0.0000, temp 0.0000, illum 0.0000) | val RMSE = 69.602, MAE = 45.143, GAME0 = 45.143, GAME1 = 55.494, GAME2 = 68.271, GAME3 = 78.070 | time = 24.8s
[epoch 065/100] lr = 1.00e-05 | train loss = 0.0007 (base 0.0007, count 0.0000, game 0.0000, temp 0.0000, illum 0.0000) | val RMSE = 62.165, MAE = 32.136, GAME0 = 32.136, GAME1 = 46.820, GAME2 = 59.903, GAME3 = 68.545 | time = 24.5s
[epoch 066/100] lr = 1.00e-05 | train loss = 0.0006 (base 0.0006, count 0.0000, game 0.0000, temp 0.0000, illum 0.0000) | val RMSE = 74.717, MAE = 50.383, GAME0 = 50.383, GAME1 = 59.317, GAME2 = 70.792, GAME3 = 80.422 | time = 24.5s
[epoch 067/100] lr = 1.00e-05 | train loss = 0.0007 (base 0.0007, count 0.0000, game 0.0000, temp 0.0000, illum 0.0000) | val RMSE = 63.592, MAE = 32.634, GAME0 = 32.634, GAME1 = 44.599, GAME2 = 55.001, GAME3 = 62.809 | time = 25.0s
[epoch 068/100] lr = 1.00e-05 | train loss = 0.0007 (base 0.0007, count 0.0000, game 0.0000, temp 0.0000, illum 0.0000) | val RMSE = 65.504, MAE = 32.823, GAME0 = 32.823, GAME1 = 46.614, GAME2 = 57.623, GAME3 = 64.408 | time = 24.7s
[epoch 069/100] lr = 1.00e-05 | train loss = 0.0006 (base 0.0006, count 0.0000, game 0.0000, temp 0.0000, illum 0.0000) | val RMSE = 65.114, MAE = 35.481, GAME0 = 35.481, GAME1 = 45.449, GAME2 = 56.149, GAME3 = 64.558 | time = 24.6s
[epoch 070/100] lr = 1.00e-05 | train loss = 0.0005 (base 0.0005, count 0.0000, game 0.0000, temp 0.0000, illum 0.0000) | val RMSE = 63.653, MAE = 35.568, GAME0 = 35.568, GAME1 = 47.553, GAME2 = 59.770, GAME3 = 68.746 | time = 24.8s
[epoch 071/100] lr = 1.00e-05 | train loss = 0.0006 (base 0.0006, count 0.0000, game 0.0000, temp 0.0000, illum 0.0000) | val RMSE = 63.901, MAE = 33.517, GAME0 = 33.517, GAME1 = 44.094, GAME2 = 54.169, GAME3 = 62.232 | time = 24.6s
[epoch 072/100] lr = 1.00e-05 | train loss = 0.0006 (base 0.0006, count 0.0000, game 0.0000, temp 0.0000, illum 0.0000) | val RMSE = 64.042, MAE = 33.140, GAME0 = 33.140, GAME1 = 43.912, GAME2 = 53.668, GAME3 = 61.274 | time = 24.7s
[epoch 073/100] lr = 1.00e-05 | train loss = 0.0006 (base 0.0006, count 0.0000, game 0.0000, temp 0.0000, illum 0.0000) | val RMSE = 66.062, MAE = 37.541, GAME0 = 37.541, GAME1 = 47.865, GAME2 = 59.694, GAME3 = 68.640 | time = 24.4s
[epoch 074/100] lr = 1.00e-05 | train loss = 0.0008 (base 0.0008, count 0.0000, game 0.0000, temp 0.0000, illum 0.0000) | val RMSE = 68.315, MAE = 38.671, GAME0 = 38.671, GAME1 = 48.321, GAME2 = 59.865, GAME3 = 68.506 | time = 24.6s
[epoch 075/100] lr = 1.00e-05 | train loss = 0.0006 (base 0.0006, count 0.0000, game 0.0000, temp 0.0000, illum 0.0000) | val RMSE = 63.719, MAE = 32.414, GAME0 = 32.414, GAME1 = 44.375, GAME2 = 54.907, GAME3 = 62.450 | time = 24.8s
[epoch 076/100] lr = 1.00e-05 | train loss = 0.0006 (base 0.0006, count 0.0000, game 0.0000, temp 0.0000, illum 0.0000) | val RMSE = 63.526, MAE = 34.525, GAME0 = 34.525, GAME1 = 46.101, GAME2 = 57.451, GAME3 = 65.988 | time = 24.9s
[epoch 077/100] lr = 1.00e-05 | train loss = 0.0006 (base 0.0006, count 0.0000, game 0.0000, temp 0.0000, illum 0.0000) | val RMSE = 64.151, MAE = 34.237, GAME0 = 34.237, GAME1 = 45.614, GAME2 = 56.984, GAME3 = 65.331 | time = 24.6s
[epoch 078/100] lr = 1.00e-05 | train loss = 0.0006 (base 0.0006, count 0.0000, game 0.0000, temp 0.0000, illum 0.0000) | val RMSE = 64.325, MAE = 33.710, GAME0 = 33.710, GAME1 = 44.562, GAME2 = 54.985, GAME3 = 62.803 | time = 24.8s
[epoch 079/100] lr = 1.00e-05 | train loss = 0.0005 (base 0.0005, count 0.0000, game 0.0000, temp 0.0000, illum 0.0000) | val RMSE = 65.024, MAE = 36.786, GAME0 = 36.786, GAME1 = 47.954, GAME2 = 60.332, GAME3 = 69.420 | time = 24.7s
[epoch 080/100] lr = 1.00e-05 | train loss = 0.0006 (base 0.0006, count 0.0000, game 0.0000, temp 0.0000, illum 0.0000) | val RMSE = 63.315, MAE = 34.096, GAME0 = 34.096, GAME1 = 46.560, GAME2 = 58.961, GAME3 = 67.831 | time = 24.5s
[epoch 081/100] lr = 1.00e-05 | train loss = 0.0006 (base 0.0006, count 0.0000, game 0.0000, temp 0.0000, illum 0.0000) | val RMSE = 64.341, MAE = 32.707, GAME0 = 32.707, GAME1 = 43.024, GAME2 = 52.031, GAME3 = 59.045 | time = 24.9s
[epoch 082/100] lr = 1.00e-05 | train loss = 0.0008 (base 0.0008, count 0.0000, game 0.0000, temp 0.0000, illum 0.0000) | val RMSE = 76.055, MAE = 51.136, GAME0 = 51.136, GAME1 = 59.662, GAME2 = 71.710, GAME3 = 81.366 | time = 24.4s
[epoch 083/100] lr = 1.00e-05 | train loss = 0.0005 (base 0.0005, count 0.0000, game 0.0000, temp 0.0000, illum 0.0000) | val RMSE = 83.218, MAE = 59.262, GAME0 = 59.262, GAME1 = 66.609, GAME2 = 77.757, GAME3 = 87.441 | time = 24.8s
[epoch 084/100] lr = 1.00e-05 | train loss = 0.0005 (base 0.0005, count 0.0000, game 0.0000, temp 0.0000, illum 0.0000) | val RMSE = 69.401, MAE = 41.552, GAME0 = 41.552, GAME1 = 51.076, GAME2 = 62.683, GAME3 = 71.875 | time = 24.6s
[epoch 085/100] lr = 1.00e-05 | train loss = 0.0007 (base 0.0007, count 0.0000, game 0.0000, temp 0.0000, illum 0.0000) | val RMSE = 64.203, MAE = 32.853, GAME0 = 32.853, GAME1 = 44.323, GAME2 = 54.597, GAME3 = 61.988 | time = 26.0s
[epoch 086/100] lr = 1.00e-05 | train loss = 0.0005 (base 0.0005, count 0.0000, game 0.0000, temp 0.0000, illum 0.0000) | val RMSE = 63.154, MAE = 31.700, GAME0 = 31.700, GAME1 = 43.426, GAME2 = 53.946, GAME3 = 61.587 | time = 24.6s
[epoch 087/100] lr = 1.00e-05 | train loss = 0.0007 (base 0.0007, count 0.0000, game 0.0000, temp 0.0000, illum 0.0000) | val RMSE = 78.004, MAE = 52.713, GAME0 = 52.713, GAME1 = 59.992, GAME2 = 70.767, GAME3 = 80.231 | time = 24.5s
[epoch 088/100] lr = 1.00e-05 | train loss = 0.0007 (base 0.0007, count 0.0000, game 0.0000, temp 0.0000, illum 0.0000) | val RMSE = 65.585, MAE = 33.241, GAME0 = 33.241, GAME1 = 45.963, GAME2 = 56.482, GAME3 = 63.258 | time = 24.7s
[epoch 089/100] lr = 1.00e-05 | train loss = 0.0007 (base 0.0007, count 0.0000, game 0.0000, temp 0.0000, illum 0.0000) | val RMSE = 97.139, MAE = 76.985, GAME0 = 76.985, GAME1 = 82.754, GAME2 = 93.091, GAME3 = 103.117 | time = 25.8s
[epoch 090/100] lr = 1.00e-05 | train loss = 0.0006 (base 0.0006, count 0.0000, game 0.0000, temp 0.0000, illum 0.0000) | val RMSE = 64.888, MAE = 35.235, GAME0 = 35.235, GAME1 = 45.921, GAME2 = 57.183, GAME3 = 65.899 | time = 24.7s
[epoch 091/100] lr = 1.00e-05 | train loss = 0.0005 (base 0.0005, count 0.0000, game 0.0000, temp 0.0000, illum 0.0000) | val RMSE = 66.066, MAE = 33.993, GAME0 = 33.993, GAME1 = 43.281, GAME2 = 51.661, GAME3 = 58.167 | time = 25.7s
[epoch 092/100] lr = 1.00e-05 | train loss = 0.0006 (base 0.0006, count 0.0000, game 0.0000, temp 0.0000, illum 0.0000) | val RMSE = 64.114, MAE = 32.189, GAME0 = 32.189, GAME1 = 42.894, GAME2 = 52.401, GAME3 = 59.540 | time = 24.8s
[epoch 093/100] lr = 1.00e-05 | train loss = 0.0006 (base 0.0006, count 0.0000, game 0.0000, temp 0.0000, illum 0.0000) | val RMSE = 64.069, MAE = 32.064, GAME0 = 32.064, GAME1 = 43.813, GAME2 = 54.222, GAME3 = 61.603 | time = 25.9s
[epoch 094/100] lr = 1.00e-05 | train loss = 0.0007 (base 0.0007, count 0.0000, game 0.0000, temp 0.0000, illum 0.0000) | val RMSE = 64.100, MAE = 33.939, GAME0 = 33.939, GAME1 = 45.451, GAME2 = 56.738, GAME3 = 65.311 | time = 24.4s
[epoch 095/100] lr = 1.00e-05 | train loss = 0.0006 (base 0.0006, count 0.0000, game 0.0000, temp 0.0000, illum 0.0000) | val RMSE = 65.908, MAE = 34.662, GAME0 = 34.662, GAME1 = 43.181, GAME2 = 51.442, GAME3 = 58.405 | time = 24.6s
[epoch 096/100] lr = 1.00e-05 | train loss = 0.0005 (base 0.0005, count 0.0000, game 0.0000, temp 0.0000, illum 0.0000) | val RMSE = 63.888, MAE = 33.215, GAME0 = 33.215, GAME1 = 44.803, GAME2 = 55.533, GAME3 = 63.655 | time = 24.5s
[epoch 097/100] lr = 1.00e-05 | train loss = 0.0007 (base 0.0007, count 0.0000, game 0.0000, temp 0.0000, illum 0.0000) | val RMSE = 66.366, MAE = 36.909, GAME0 = 36.909, GAME1 = 47.198, GAME2 = 58.363, GAME3 = 67.005 | time = 24.5s
[epoch 098/100] lr = 1.00e-05 | train loss = 0.0006 (base 0.0006, count 0.0000, game 0.0000, temp 0.0000, illum 0.0000) | val RMSE = 67.277, MAE = 37.668, GAME0 = 37.668, GAME1 = 47.400, GAME2 = 58.520, GAME3 = 67.254 | time = 24.5s
[epoch 099/100] lr = 1.00e-05 | train loss = 0.0007 (base 0.0007, count 0.0000, game 0.0000, temp 0.0000, illum 0.0000) | val RMSE = 74.460, MAE = 47.480, GAME0 = 47.480, GAME1 = 56.583, GAME2 = 68.529, GAME3 = 78.048 | time = 24.5s
[epoch 100/100] lr = 1.00e-05 | train loss = 0.0006 (base 0.0006, count 0.0000, game 0.0000, temp 0.0000, illum 0.0000) | val RMSE = 71.846, MAE = 43.425, GAME0 = 43.425, GAME1 = 52.599, GAME2 = 64.160, GAME3 = 73.613 | time = 24.4s
[done] best RMSE = 58.876
