[log] /scratch/users/ntu/kenneth0/FYP-SmartObjectCounter/logs/train_rgbt_adaptive_late_e100_sanity_12749892.pbs101_20260117_041104.log
[job] name=train_rgbt_adaptive_late_e100_sanity id=12749892.pbs101 host=x1000c0s2b0n1 time=Sat Jan 17 04:11:04 +08 2026
[init] device = cuda
[init] train = 1030  val = 200  workers = 4
/scratch/users/ntu/kenneth0/FYP-SmartObjectCounter/scripts/train_rgbt.py:364: FutureWarning: `torch.cuda.amp.GradScaler(args...)` is deprecated. Please use `torch.amp.GradScaler('cuda', args...)` instead.
  scaler = GradScaler(enabled = bool(args.amp))
[e001 s0001/1030] loss = 1282.213135
[e001 s0050/1030] loss = 611.874799
[e001 s0100/1030] loss = 307.032025
[e001 s0150/1030] loss = 204.715481
[e001 s0200/1030] loss = 153.539260
[e001 s0250/1030] loss = 122.832432
[e001 s0300/1030] loss = 102.361064
[e001 s0350/1030] loss = 87.739209
[e001 s0400/1030] loss = 76.772255
[e001 s0450/1030] loss = 68.242317
[e001 s0500/1030] loss = 61.418437
[e001 s0550/1030] loss = 55.836277
[e001 s0600/1030] loss = 51.183669
[e001 s0650/1030] loss = 47.246768
[e001 s0700/1030] loss = 43.872189
[e001 s0750/1030] loss = 40.947553
[e001 s0800/1030] loss = 38.388570
[e001 s0850/1030] loss = 36.130576
[e001 s0900/1030] loss = 34.123453
[e001 s0950/1030] loss = 32.327672
[e001 s1000/1030] loss = 30.711387
Epoch 001: train_loss = 29.816985  MAE/GAME0 = 55.928  RMSE = 82.842  GAME1 = 69.469  GAME2 = 89.886  GAME3 = 117.504  lr = 1.00e-05  time = 24.0s
[e002 s0001/1030] loss = 0.000438
[e002 s0050/1030] loss = 0.003050
[e002 s0100/1030] loss = 0.002721
[e002 s0150/1030] loss = 0.002476
[e002 s0200/1030] loss = 0.002555
[e002 s0250/1030] loss = 0.002665
[e002 s0300/1030] loss = 0.002531
[e002 s0350/1030] loss = 0.002404
[e002 s0400/1030] loss = 0.002318
[e002 s0450/1030] loss = 0.002548
[e002 s0500/1030] loss = 0.002495
[e002 s0550/1030] loss = 0.002798
[e002 s0600/1030] loss = 0.002744
[e002 s0650/1030] loss = 0.002638
[e002 s0700/1030] loss = 0.002825
[e002 s0750/1030] loss = 0.002727
[e002 s0800/1030] loss = 0.002655
[e002 s0850/1030] loss = 0.002579
[e002 s0900/1030] loss = 0.002541
[e002 s0950/1030] loss = 0.002781
[e002 s1000/1030] loss = 0.002755
Epoch 002: train_loss = 0.002703  MAE/GAME0 = 51.161  RMSE = 84.349  GAME1 = 59.069  GAME2 = 72.815  GAME3 = 88.174  lr = 1.00e-05  time = 19.7s
[e003 s0001/1030] loss = 0.000129
[e003 s0050/1030] loss = 0.001951
[e003 s0100/1030] loss = 0.001887
[e003 s0150/1030] loss = 0.002061
[e003 s0200/1030] loss = 0.001891
[e003 s0250/1030] loss = 0.001746
[e003 s0300/1030] loss = 0.001683
[e003 s0350/1030] loss = 0.001780
[e003 s0400/1030] loss = 0.002061
[e003 s0450/1030] loss = 0.001982
[e003 s0500/1030] loss = 0.001973
[e003 s0550/1030] loss = 0.001921
[e003 s0600/1030] loss = 0.001939
[e003 s0650/1030] loss = 0.001955
[e003 s0700/1030] loss = 0.001902
[e003 s0750/1030] loss = 0.001848
[e003 s0800/1030] loss = 0.001852
[e003 s0850/1030] loss = 0.001824
[e003 s0900/1030] loss = 0.001791
[e003 s0950/1030] loss = 0.001748
[e003 s1000/1030] loss = 0.001713
Epoch 003: train_loss = 0.001730  MAE/GAME0 = 36.792  RMSE = 61.803  GAME1 = 44.509  GAME2 = 55.929  GAME3 = 69.017  lr = 1.00e-05  time = 19.2s
[e004 s0001/1030] loss = 0.000520
[e004 s0050/1030] loss = 0.001782
[e004 s0100/1030] loss = 0.001646
[e004 s0150/1030] loss = 0.001736
[e004 s0200/1030] loss = 0.001650
[e004 s0250/1030] loss = 0.001622
[e004 s0300/1030] loss = 0.001627
[e004 s0350/1030] loss = 0.001709
[e004 s0400/1030] loss = 0.001685
[e004 s0450/1030] loss = 0.001613
[e004 s0500/1030] loss = 0.001565
[e004 s0550/1030] loss = 0.001555
[e004 s0600/1030] loss = 0.001502
[e004 s0650/1030] loss = 0.001456
[e004 s0700/1030] loss = 0.001440
[e004 s0750/1030] loss = 0.001426
[e004 s0800/1030] loss = 0.001399
[e004 s0850/1030] loss = 0.001807
[e004 s0900/1030] loss = 0.001791
[e004 s0950/1030] loss = 0.001752
[e004 s1000/1030] loss = 0.001707
Epoch 004: train_loss = 0.001771  MAE/GAME0 = 29.753  RMSE = 49.337  GAME1 = 38.565  GAME2 = 49.715  GAME3 = 60.974  lr = 1.00e-05  time = 19.6s
[e005 s0001/1030] loss = 0.001397
[e005 s0050/1030] loss = 0.002649
[e005 s0100/1030] loss = 0.001806
[e005 s0150/1030] loss = 0.001760
[e005 s0200/1030] loss = 0.001591
[e005 s0250/1030] loss = 0.001519
[e005 s0300/1030] loss = 0.001819
[e005 s0350/1030] loss = 0.001774
[e005 s0400/1030] loss = 0.001652
[e005 s0450/1030] loss = 0.001776
[e005 s0500/1030] loss = 0.001728
[e005 s0550/1030] loss = 0.001657
[e005 s0600/1030] loss = 0.001582
[e005 s0650/1030] loss = 0.001525
[e005 s0700/1030] loss = 0.001465
[e005 s0750/1030] loss = 0.001481
[e005 s0800/1030] loss = 0.001471
[e005 s0850/1030] loss = 0.001473
[e005 s0900/1030] loss = 0.001476
[e005 s0950/1030] loss = 0.001498
[e005 s1000/1030] loss = 0.001467
Epoch 005: train_loss = 0.001444  MAE/GAME0 = 39.549  RMSE = 55.329  GAME1 = 56.048  GAME2 = 71.884  GAME3 = 81.414  lr = 1.00e-05  time = 19.6s
[e006 s0001/1030] loss = 0.000180
[e006 s0050/1030] loss = 0.000616
[e006 s0100/1030] loss = 0.001199
[e006 s0150/1030] loss = 0.001321
[e006 s0200/1030] loss = 0.001175
[e006 s0250/1030] loss = 0.002655
[e006 s0300/1030] loss = 0.002378
[e006 s0350/1030] loss = 0.002307
[e006 s0400/1030] loss = 0.002166
[e006 s0450/1030] loss = 0.002045
[e006 s0500/1030] loss = 0.001936
[e006 s0550/1030] loss = 0.001821
[e006 s0600/1030] loss = 0.001774
[e006 s0650/1030] loss = 0.001773
[e006 s0700/1030] loss = 0.001726
[e006 s0750/1030] loss = 0.001676
[e006 s0800/1030] loss = 0.001667
[e006 s0850/1030] loss = 0.001626
[e006 s0900/1030] loss = 0.001612
[e006 s0950/1030] loss = 0.001635
[e006 s1000/1030] loss = 0.001603
Epoch 006: train_loss = 0.001577  MAE/GAME0 = 30.223  RMSE = 57.000  GAME1 = 38.802  GAME2 = 47.469  GAME3 = 54.450  lr = 1.00e-05  time = 19.4s
[e007 s0001/1030] loss = 0.000512
[e007 s0050/1030] loss = 0.001381
[e007 s0100/1030] loss = 0.001029
[e007 s0150/1030] loss = 0.001103
[e007 s0200/1030] loss = 0.001356
[e007 s0250/1030] loss = 0.001238
[e007 s0300/1030] loss = 0.001139
[e007 s0350/1030] loss = 0.001296
[e007 s0400/1030] loss = 0.001236
[e007 s0450/1030] loss = 0.001215
[e007 s0500/1030] loss = 0.001253
[e007 s0550/1030] loss = 0.001497
[e007 s0600/1030] loss = 0.001463
[e007 s0650/1030] loss = 0.001397
[e007 s0700/1030] loss = 0.001432
[e007 s0750/1030] loss = 0.001390
[e007 s0800/1030] loss = 0.001347
[e007 s0850/1030] loss = 0.001341
[e007 s0900/1030] loss = 0.001337
[e007 s0950/1030] loss = 0.001301
[e007 s1000/1030] loss = 0.001288
Epoch 007: train_loss = 0.001294  MAE/GAME0 = 28.407  RMSE = 56.220  GAME1 = 39.706  GAME2 = 47.745  GAME3 = 53.916  lr = 1.00e-05  time = 19.5s
[e008 s0001/1030] loss = 0.000642
[e008 s0050/1030] loss = 0.001088
[e008 s0100/1030] loss = 0.001268
[e008 s0150/1030] loss = 0.001186
[e008 s0200/1030] loss = 0.001063
[e008 s0250/1030] loss = 0.000960
[e008 s0300/1030] loss = 0.001100
[e008 s0350/1030] loss = 0.001089
[e008 s0400/1030] loss = 0.001016
[e008 s0450/1030] loss = 0.001056
[e008 s0500/1030] loss = 0.001202
[e008 s0550/1030] loss = 0.001248
[e008 s0600/1030] loss = 0.001248
[e008 s0650/1030] loss = 0.001212
[e008 s0700/1030] loss = 0.001324
[e008 s0750/1030] loss = 0.001280
[e008 s0800/1030] loss = 0.001258
[e008 s0850/1030] loss = 0.001269
[e008 s0900/1030] loss = 0.001290
[e008 s0950/1030] loss = 0.001267
[e008 s1000/1030] loss = 0.001234
Epoch 008: train_loss = 0.001241  MAE/GAME0 = 31.031  RMSE = 55.338  GAME1 = 39.972  GAME2 = 48.835  GAME3 = 56.310  lr = 1.00e-05  time = 19.6s
[e009 s0001/1030] loss = 0.000369
[e009 s0050/1030] loss = 0.000503
[e009 s0100/1030] loss = 0.000714
[e009 s0150/1030] loss = 0.000737
[e009 s0200/1030] loss = 0.000723
[e009 s0250/1030] loss = 0.000982
[e009 s0300/1030] loss = 0.000933
[e009 s0350/1030] loss = 0.000951
[e009 s0400/1030] loss = 0.000941
[e009 s0450/1030] loss = 0.000961
[e009 s0500/1030] loss = 0.000935
[e009 s0550/1030] loss = 0.001033
[e009 s0600/1030] loss = 0.001029
[e009 s0650/1030] loss = 0.001015
[e009 s0700/1030] loss = 0.000987
[e009 s0750/1030] loss = 0.000985
[e009 s0800/1030] loss = 0.001026
[e009 s0850/1030] loss = 0.001004
[e009 s0900/1030] loss = 0.001027
[e009 s0950/1030] loss = 0.001475
[e009 s1000/1030] loss = 0.001445
Epoch 009: train_loss = 0.001422  MAE/GAME0 = 80.385  RMSE = 97.153  GAME1 = 80.409  GAME2 = 80.573  GAME3 = 81.219  lr = 1.00e-05  time = 19.3s
[e010 s0001/1030] loss = 0.001645
[e010 s0050/1030] loss = 0.002195
[e010 s0100/1030] loss = 0.001442
[e010 s0150/1030] loss = 0.002073
[e010 s0200/1030] loss = 0.001962
[e010 s0250/1030] loss = 0.001890
[e010 s0300/1030] loss = 0.001794
[e010 s0350/1030] loss = 0.001708
[e010 s0400/1030] loss = 0.001585
[e010 s0450/1030] loss = 0.001503
[e010 s0500/1030] loss = 0.001498
[e010 s0550/1030] loss = 0.001459
[e010 s0600/1030] loss = 0.001439
[e010 s0650/1030] loss = 0.001381
[e010 s0700/1030] loss = 0.001366
[e010 s0750/1030] loss = 0.001321
[e010 s0800/1030] loss = 0.001332
[e010 s0850/1030] loss = 0.001288
[e010 s0900/1030] loss = 0.001266
[e010 s0950/1030] loss = 0.001235
[e010 s1000/1030] loss = 0.001251
Epoch 010: train_loss = 0.001253  MAE/GAME0 = 42.750  RMSE = 68.996  GAME1 = 45.050  GAME2 = 47.997  GAME3 = 51.397  lr = 1.00e-05  time = 19.3s
[e011 s0001/1030] loss = 0.000056
[e011 s0050/1030] loss = 0.000749
[e011 s0100/1030] loss = 0.000845
[e011 s0150/1030] loss = 0.000777
[e011 s0200/1030] loss = 0.001174
[e011 s0250/1030] loss = 0.001160
[e011 s0300/1030] loss = 0.001593
[e011 s0350/1030] loss = 0.001627
[e011 s0400/1030] loss = 0.001601
[e011 s0450/1030] loss = 0.001617
[e011 s0500/1030] loss = 0.001602
[e011 s0550/1030] loss = 0.001536
[e011 s0600/1030] loss = 0.001474
[e011 s0650/1030] loss = 0.001411
[e011 s0700/1030] loss = 0.001401
[e011 s0750/1030] loss = 0.001349
[e011 s0800/1030] loss = 0.001305
[e011 s0850/1030] loss = 0.001291
[e011 s0900/1030] loss = 0.001262
[e011 s0950/1030] loss = 0.001324
[e011 s1000/1030] loss = 0.001324
Epoch 011: train_loss = 0.001298  MAE/GAME0 = 26.294  RMSE = 55.205  GAME1 = 36.908  GAME2 = 44.275  GAME3 = 49.813  lr = 1.00e-05  time = 19.1s
[e012 s0001/1030] loss = 0.000019
[e012 s0050/1030] loss = 0.000945
[e012 s0100/1030] loss = 0.001174
[e012 s0150/1030] loss = 0.001144
[e012 s0200/1030] loss = 0.001033
[e012 s0250/1030] loss = 0.001164
[e012 s0300/1030] loss = 0.001098
[e012 s0350/1030] loss = 0.001219
[e012 s0400/1030] loss = 0.001277
[e012 s0450/1030] loss = 0.001320
[e012 s0500/1030] loss = 0.001277
[e012 s0550/1030] loss = 0.001239
[e012 s0600/1030] loss = 0.001229
[e012 s0650/1030] loss = 0.001203
[e012 s0700/1030] loss = 0.001170
[e012 s0750/1030] loss = 0.001160
[e012 s0800/1030] loss = 0.001152
[e012 s0850/1030] loss = 0.001152
[e012 s0900/1030] loss = 0.001183
[e012 s0950/1030] loss = 0.001167
[e012 s1000/1030] loss = 0.001138
Epoch 012: train_loss = 0.001130  MAE/GAME0 = 46.584  RMSE = 70.628  GAME1 = 49.358  GAME2 = 51.599  GAME3 = 55.009  lr = 1.00e-05  time = 19.1s
[e013 s0001/1030] loss = 0.000306
[e013 s0050/1030] loss = 0.000884
[e013 s0100/1030] loss = 0.001128
[e013 s0150/1030] loss = 0.000996
[e013 s0200/1030] loss = 0.000909
[e013 s0250/1030] loss = 0.000897
[e013 s0300/1030] loss = 0.000903
[e013 s0350/1030] loss = 0.000857
[e013 s0400/1030] loss = 0.000919
[e013 s0450/1030] loss = 0.000880
[e013 s0500/1030] loss = 0.000860
[e013 s0550/1030] loss = 0.000889
[e013 s0600/1030] loss = 0.000883
[e013 s0650/1030] loss = 0.000906
[e013 s0700/1030] loss = 0.000903
[e013 s0750/1030] loss = 0.000907
[e013 s0800/1030] loss = 0.000916
[e013 s0850/1030] loss = 0.000898
[e013 s0900/1030] loss = 0.000875
[e013 s0950/1030] loss = 0.000949
[e013 s1000/1030] loss = 0.000962
Epoch 013: train_loss = 0.000985  MAE/GAME0 = 60.467  RMSE = 80.232  GAME1 = 60.587  GAME2 = 60.915  GAME3 = 61.807  lr = 1.00e-05  time = 19.3s
[e014 s0001/1030] loss = 0.000116
[e014 s0050/1030] loss = 0.000753
[e014 s0100/1030] loss = 0.000834
[e014 s0150/1030] loss = 0.000816
[e014 s0200/1030] loss = 0.000768
[e014 s0250/1030] loss = 0.000998
[e014 s0300/1030] loss = 0.000929
[e014 s0350/1030] loss = 0.000886
[e014 s0400/1030] loss = 0.000865
[e014 s0450/1030] loss = 0.001225
[e014 s0500/1030] loss = 0.001217
[e014 s0550/1030] loss = 0.001201
[e014 s0600/1030] loss = 0.001199
[e014 s0650/1030] loss = 0.001177
[e014 s0700/1030] loss = 0.001134
[e014 s0750/1030] loss = 0.001100
[e014 s0800/1030] loss = 0.001109
[e014 s0850/1030] loss = 0.001079
[e014 s0900/1030] loss = 0.001132
[e014 s0950/1030] loss = 0.001139
[e014 s1000/1030] loss = 0.001462
Epoch 014: train_loss = 0.001446  MAE/GAME0 = 40.455  RMSE = 64.771  GAME1 = 41.966  GAME2 = 44.025  GAME3 = 47.452  lr = 1.00e-05  time = 19.6s
[e015 s0001/1030] loss = 0.000350
[e015 s0050/1030] loss = 0.001059
[e015 s0100/1030] loss = 0.000946
[e015 s0150/1030] loss = 0.000943
[e015 s0200/1030] loss = 0.000961
[e015 s0250/1030] loss = 0.001059
[e015 s0300/1030] loss = 0.001077
[e015 s0350/1030] loss = 0.001058
[e015 s0400/1030] loss = 0.001011
[e015 s0450/1030] loss = 0.000979
[e015 s0500/1030] loss = 0.001002
[e015 s0550/1030] loss = 0.001044
[e015 s0600/1030] loss = 0.001019
[e015 s0650/1030] loss = 0.001004
[e015 s0700/1030] loss = 0.000993
[e015 s0750/1030] loss = 0.000971
[e015 s0800/1030] loss = 0.000956
[e015 s0850/1030] loss = 0.000930
[e015 s0900/1030] loss = 0.000972
[e015 s0950/1030] loss = 0.001094
[e015 s1000/1030] loss = 0.001109
Epoch 015: train_loss = 0.001129  MAE/GAME0 = 26.416  RMSE = 55.859  GAME1 = 33.254  GAME2 = 39.005  GAME3 = 45.652  lr = 1.00e-05  time = 19.3s
[e016 s0001/1030] loss = 0.000158
[e016 s0050/1030] loss = 0.000846
[e016 s0100/1030] loss = 0.001009
[e016 s0150/1030] loss = 0.001001
[e016 s0200/1030] loss = 0.001001
[e016 s0250/1030] loss = 0.001204
[e016 s0300/1030] loss = 0.001073
[e016 s0350/1030] loss = 0.001153
[e016 s0400/1030] loss = 0.001278
[e016 s0450/1030] loss = 0.001271
[e016 s0500/1030] loss = 0.001194
[e016 s0550/1030] loss = 0.001171
[e016 s0600/1030] loss = 0.001146
[e016 s0650/1030] loss = 0.001110
[e016 s0700/1030] loss = 0.001069
[e016 s0750/1030] loss = 0.001123
[e016 s0800/1030] loss = 0.001255
[e016 s0850/1030] loss = 0.001221
[e016 s0900/1030] loss = 0.001202
[e016 s0950/1030] loss = 0.001190
[e016 s1000/1030] loss = 0.001178
Epoch 016: train_loss = 0.001163  MAE/GAME0 = 30.781  RMSE = 61.091  GAME1 = 40.663  GAME2 = 48.339  GAME3 = 53.252  lr = 1.00e-05  time = 19.4s
[e017 s0001/1030] loss = 0.000015
[e017 s0050/1030] loss = 0.000879
[e017 s0100/1030] loss = 0.000808
[e017 s0150/1030] loss = 0.000817
[e017 s0200/1030] loss = 0.000921
[e017 s0250/1030] loss = 0.001043
[e017 s0300/1030] loss = 0.000990
[e017 s0350/1030] loss = 0.001038
[e017 s0400/1030] loss = 0.001010
[e017 s0450/1030] loss = 0.000973
[e017 s0500/1030] loss = 0.001173
[e017 s0550/1030] loss = 0.001125
[e017 s0600/1030] loss = 0.001102
[e017 s0650/1030] loss = 0.001132
[e017 s0700/1030] loss = 0.001129
[e017 s0750/1030] loss = 0.001081
[e017 s0800/1030] loss = 0.001055
[e017 s0850/1030] loss = 0.001020
[e017 s0900/1030] loss = 0.000986
[e017 s0950/1030] loss = 0.000968
[e017 s1000/1030] loss = 0.000965
Epoch 017: train_loss = 0.000988  MAE/GAME0 = 45.148  RMSE = 69.059  GAME1 = 50.067  GAME2 = 54.880  GAME3 = 58.073  lr = 1.00e-05  time = 19.2s
[e018 s0001/1030] loss = 0.000007
[e018 s0050/1030] loss = 0.001914
[e018 s0100/1030] loss = 0.001246
[e018 s0150/1030] loss = 0.001525
[e018 s0200/1030] loss = 0.001331
[e018 s0250/1030] loss = 0.001396
[e018 s0300/1030] loss = 0.001434
[e018 s0350/1030] loss = 0.001312
[e018 s0400/1030] loss = 0.001243
[e018 s0450/1030] loss = 0.001337
[e018 s0500/1030] loss = 0.001290
[e018 s0550/1030] loss = 0.001237
[e018 s0600/1030] loss = 0.001193
[e018 s0650/1030] loss = 0.001171
[e018 s0700/1030] loss = 0.001151
[e018 s0750/1030] loss = 0.001129
[e018 s0800/1030] loss = 0.001105
[e018 s0850/1030] loss = 0.001146
[e018 s0900/1030] loss = 0.001117
[e018 s0950/1030] loss = 0.001117
[e018 s1000/1030] loss = 0.001111
Epoch 018: train_loss = 0.001105  MAE/GAME0 = 29.536  RMSE = 58.297  GAME1 = 45.053  GAME2 = 57.024  GAME3 = 64.157  lr = 1.00e-05  time = 19.5s
[e019 s0001/1030] loss = 0.000581
[e019 s0050/1030] loss = 0.000626
[e019 s0100/1030] loss = 0.000972
[e019 s0150/1030] loss = 0.000948
[e019 s0200/1030] loss = 0.000905
[e019 s0250/1030] loss = 0.000904
[e019 s0300/1030] loss = 0.001026
[e019 s0350/1030] loss = 0.001034
[e019 s0400/1030] loss = 0.001012
[e019 s0450/1030] loss = 0.000987
[e019 s0500/1030] loss = 0.001042
[e019 s0550/1030] loss = 0.001055
[e019 s0600/1030] loss = 0.001066
[e019 s0650/1030] loss = 0.001046
[e019 s0700/1030] loss = 0.001038
[e019 s0750/1030] loss = 0.001019
[e019 s0800/1030] loss = 0.001004
[e019 s0850/1030] loss = 0.000981
[e019 s0900/1030] loss = 0.001021
[e019 s0950/1030] loss = 0.000998
[e019 s1000/1030] loss = 0.000998
Epoch 019: train_loss = 0.000995  MAE/GAME0 = 40.232  RMSE = 64.487  GAME1 = 43.048  GAME2 = 45.495  GAME3 = 48.075  lr = 1.00e-05  time = 19.5s
[e020 s0001/1030] loss = 0.000002
[e020 s0050/1030] loss = 0.001033
[e020 s0100/1030] loss = 0.000850
[e020 s0150/1030] loss = 0.000998
[e020 s0200/1030] loss = 0.001151
[e020 s0250/1030] loss = 0.001236
[e020 s0300/1030] loss = 0.001251
[e020 s0350/1030] loss = 0.001156
[e020 s0400/1030] loss = 0.001090
[e020 s0450/1030] loss = 0.001043
[e020 s0500/1030] loss = 0.000980
[e020 s0550/1030] loss = 0.001238
[e020 s0600/1030] loss = 0.001328
[e020 s0650/1030] loss = 0.001284
[e020 s0700/1030] loss = 0.001256
[e020 s0750/1030] loss = 0.001248
[e020 s0800/1030] loss = 0.001232
[e020 s0850/1030] loss = 0.001211
[e020 s0900/1030] loss = 0.001196
[e020 s0950/1030] loss = 0.001169
[e020 s1000/1030] loss = 0.001152
Epoch 020: train_loss = 0.001165  MAE/GAME0 = 32.947  RMSE = 61.835  GAME1 = 46.051  GAME2 = 56.602  GAME3 = 62.772  lr = 1.00e-05  time = 19.2s
[e021 s0001/1030] loss = 0.000287
[e021 s0050/1030] loss = 0.001211
[e021 s0100/1030] loss = 0.000904
[e021 s0150/1030] loss = 0.000877
[e021 s0200/1030] loss = 0.000907
[e021 s0250/1030] loss = 0.000893
[e021 s0300/1030] loss = 0.000845
[e021 s0350/1030] loss = 0.000905
[e021 s0400/1030] loss = 0.000911
[e021 s0450/1030] loss = 0.000910
[e021 s0500/1030] loss = 0.000861
[e021 s0550/1030] loss = 0.000838
[e021 s0600/1030] loss = 0.000812
[e021 s0650/1030] loss = 0.000779
[e021 s0700/1030] loss = 0.000795
[e021 s0750/1030] loss = 0.000820
[e021 s0800/1030] loss = 0.000833
[e021 s0850/1030] loss = 0.000843
[e021 s0900/1030] loss = 0.000856
[e021 s0950/1030] loss = 0.000920
[e021 s1000/1030] loss = 0.000906
Epoch 021: train_loss = 0.000914  MAE/GAME0 = 39.726  RMSE = 62.806  GAME1 = 42.279  GAME2 = 44.718  GAME3 = 46.962  lr = 1.00e-05  time = 19.4s
[e022 s0001/1030] loss = 0.000066
[e022 s0050/1030] loss = 0.002421
[e022 s0100/1030] loss = 0.001557
[e022 s0150/1030] loss = 0.001225
[e022 s0200/1030] loss = 0.001030
[e022 s0250/1030] loss = 0.001217
[e022 s0300/1030] loss = 0.001239
[e022 s0350/1030] loss = 0.001291
[e022 s0400/1030] loss = 0.001273
[e022 s0450/1030] loss = 0.001293
[e022 s0500/1030] loss = 0.001247
[e022 s0550/1030] loss = 0.001211
[e022 s0600/1030] loss = 0.001195
[e022 s0650/1030] loss = 0.001160
[e022 s0700/1030] loss = 0.001142
[e022 s0750/1030] loss = 0.001112
[e022 s0800/1030] loss = 0.001183
[e022 s0850/1030] loss = 0.001192
[e022 s0900/1030] loss = 0.001196
[e022 s0950/1030] loss = 0.001204
[e022 s1000/1030] loss = 0.001219
Epoch 022: train_loss = 0.001213  MAE/GAME0 = 27.776  RMSE = 53.266  GAME1 = 40.552  GAME2 = 51.011  GAME3 = 57.472  lr = 1.00e-05  time = 19.5s
[e023 s0001/1030] loss = 0.002571
[e023 s0050/1030] loss = 0.001322
[e023 s0100/1030] loss = 0.000938
[e023 s0150/1030] loss = 0.000936
[e023 s0200/1030] loss = 0.000867
[e023 s0250/1030] loss = 0.001085
[e023 s0300/1030] loss = 0.001048
[e023 s0350/1030] loss = 0.000995
[e023 s0400/1030] loss = 0.000970
[e023 s0450/1030] loss = 0.000954
[e023 s0500/1030] loss = 0.001175
[e023 s0550/1030] loss = 0.001158
[e023 s0600/1030] loss = 0.001154
[e023 s0650/1030] loss = 0.001152
[e023 s0700/1030] loss = 0.001127
[e023 s0750/1030] loss = 0.001143
[e023 s0800/1030] loss = 0.001120
[e023 s0850/1030] loss = 0.001093
[e023 s0900/1030] loss = 0.001080
[e023 s0950/1030] loss = 0.001042
[e023 s1000/1030] loss = 0.001048
Epoch 023: train_loss = 0.001036  MAE/GAME0 = 46.112  RMSE = 69.643  GAME1 = 48.385  GAME2 = 50.666  GAME3 = 52.633  lr = 1.00e-05  time = 19.5s
[e024 s0001/1030] loss = 0.000635
[e024 s0050/1030] loss = 0.000924
[e024 s0100/1030] loss = 0.000887
[e024 s0150/1030] loss = 0.000850
[e024 s0200/1030] loss = 0.000824
[e024 s0250/1030] loss = 0.000736
[e024 s0300/1030] loss = 0.000882
[e024 s0350/1030] loss = 0.000934
[e024 s0400/1030] loss = 0.000934
[e024 s0450/1030] loss = 0.000901
[e024 s0500/1030] loss = 0.000871
[e024 s0550/1030] loss = 0.000990
[e024 s0600/1030] loss = 0.001241
[e024 s0650/1030] loss = 0.001409
[e024 s0700/1030] loss = 0.001363
[e024 s0750/1030] loss = 0.001356
[e024 s0800/1030] loss = 0.001310
[e024 s0850/1030] loss = 0.001265
[e024 s0900/1030] loss = 0.001232
[e024 s0950/1030] loss = 0.001232
[e024 s1000/1030] loss = 0.001220
Epoch 024: train_loss = 0.001219  MAE/GAME0 = 54.469  RMSE = 76.310  GAME1 = 54.528  GAME2 = 54.903  GAME3 = 56.033  lr = 1.00e-05  time = 19.5s
[e025 s0001/1030] loss = 0.000029
[e025 s0050/1030] loss = 0.000422
[e025 s0100/1030] loss = 0.000541
[e025 s0150/1030] loss = 0.000732
[e025 s0200/1030] loss = 0.000977
[e025 s0250/1030] loss = 0.000941
[e025 s0300/1030] loss = 0.000943
[e025 s0350/1030] loss = 0.000976
[e025 s0400/1030] loss = 0.001156
[e025 s0450/1030] loss = 0.001099
[e025 s0500/1030] loss = 0.001086
[e025 s0550/1030] loss = 0.001111
[e025 s0600/1030] loss = 0.001311
[e025 s0650/1030] loss = 0.001325
[e025 s0700/1030] loss = 0.001461
[e025 s0750/1030] loss = 0.001432
[e025 s0800/1030] loss = 0.001417
[e025 s0850/1030] loss = 0.001377
[e025 s0900/1030] loss = 0.001326
[e025 s0950/1030] loss = 0.001279
[e025 s1000/1030] loss = 0.001261
Epoch 025: train_loss = 0.001248  MAE/GAME0 = 42.706  RMSE = 70.791  GAME1 = 52.357  GAME2 = 60.659  GAME3 = 65.505  lr = 1.00e-05  time = 19.2s
[e026 s0001/1030] loss = 0.000746
[e026 s0050/1030] loss = 0.000613
[e026 s0100/1030] loss = 0.000535
[e026 s0150/1030] loss = 0.000688
[e026 s0200/1030] loss = 0.000804
[e026 s0250/1030] loss = 0.000883
[e026 s0300/1030] loss = 0.000836
[e026 s0350/1030] loss = 0.000830
[e026 s0400/1030] loss = 0.000874
[e026 s0450/1030] loss = 0.001024
[e026 s0500/1030] loss = 0.000973
[e026 s0550/1030] loss = 0.000937
[e026 s0600/1030] loss = 0.000907
[e026 s0650/1030] loss = 0.000875
[e026 s0700/1030] loss = 0.000914
[e026 s0750/1030] loss = 0.000931
[e026 s0800/1030] loss = 0.000915
[e026 s0850/1030] loss = 0.000928
[e026 s0900/1030] loss = 0.000933
[e026 s0950/1030] loss = 0.000929
[e026 s1000/1030] loss = 0.000939
Epoch 026: train_loss = 0.000944  MAE/GAME0 = 31.351  RMSE = 54.586  GAME1 = 49.277  GAME2 = 64.676  GAME3 = 73.785  lr = 1.00e-05  time = 19.3s
[e027 s0001/1030] loss = 0.000433
[e027 s0050/1030] loss = 0.001017
[e027 s0100/1030] loss = 0.000855
[e027 s0150/1030] loss = 0.000852
[e027 s0200/1030] loss = 0.000824
[e027 s0250/1030] loss = 0.000765
[e027 s0300/1030] loss = 0.000862
[e027 s0350/1030] loss = 0.000856
[e027 s0400/1030] loss = 0.001108
[e027 s0450/1030] loss = 0.001096
[e027 s0500/1030] loss = 0.001076
[e027 s0550/1030] loss = 0.001052
[e027 s0600/1030] loss = 0.001036
[e027 s0650/1030] loss = 0.001085
[e027 s0700/1030] loss = 0.001069
[e027 s0750/1030] loss = 0.001041
[e027 s0800/1030] loss = 0.001042
[e027 s0850/1030] loss = 0.001032
[e027 s0900/1030] loss = 0.001051
[e027 s0950/1030] loss = 0.001072
[e027 s1000/1030] loss = 0.001086
Epoch 027: train_loss = 0.001084  MAE/GAME0 = 43.691  RMSE = 70.350  GAME1 = 49.051  GAME2 = 54.038  GAME3 = 56.964  lr = 1.00e-05  time = 19.1s
[e028 s0001/1030] loss = 0.000382
[e028 s0050/1030] loss = 0.000990
[e028 s0100/1030] loss = 0.000857
[e028 s0150/1030] loss = 0.000864
[e028 s0200/1030] loss = 0.000742
[e028 s0250/1030] loss = 0.001109
[e028 s0300/1030] loss = 0.001032
[e028 s0350/1030] loss = 0.001049
[e028 s0400/1030] loss = 0.001005
[e028 s0450/1030] loss = 0.001449
[e028 s0500/1030] loss = 0.001353
[e028 s0550/1030] loss = 0.001312
[e028 s0600/1030] loss = 0.001289
[e028 s0650/1030] loss = 0.001249
[e028 s0700/1030] loss = 0.001241
[e028 s0750/1030] loss = 0.001201
[e028 s0800/1030] loss = 0.001236
[e028 s0850/1030] loss = 0.001222
[e028 s0900/1030] loss = 0.001233
[e028 s0950/1030] loss = 0.001200
[e028 s1000/1030] loss = 0.001169
Epoch 028: train_loss = 0.001178  MAE/GAME0 = 33.012  RMSE = 50.964  GAME1 = 50.637  GAME2 = 68.095  GAME3 = 78.020  lr = 1.00e-05  time = 19.3s
[e029 s0001/1030] loss = 0.017988
[e029 s0050/1030] loss = 0.001345
[e029 s0100/1030] loss = 0.001034
[e029 s0150/1030] loss = 0.001329
[e029 s0200/1030] loss = 0.001179
[e029 s0250/1030] loss = 0.001303
[e029 s0300/1030] loss = 0.001194
[e029 s0350/1030] loss = 0.001165
[e029 s0400/1030] loss = 0.001120
[e029 s0450/1030] loss = 0.001147
[e029 s0500/1030] loss = 0.001089
[e029 s0550/1030] loss = 0.001060
[e029 s0600/1030] loss = 0.001036
[e029 s0650/1030] loss = 0.000989
[e029 s0700/1030] loss = 0.000939
[e029 s0750/1030] loss = 0.000959
[e029 s0800/1030] loss = 0.000961
[e029 s0850/1030] loss = 0.001010
[e029 s0900/1030] loss = 0.001006
[e029 s0950/1030] loss = 0.001090
[e029 s1000/1030] loss = 0.001070
Epoch 029: train_loss = 0.001060  MAE/GAME0 = 29.634  RMSE = 56.977  GAME1 = 38.335  GAME2 = 44.334  GAME3 = 49.462  lr = 1.00e-05  time = 19.2s
[e030 s0001/1030] loss = 0.000473
[e030 s0050/1030] loss = 0.001155
[e030 s0100/1030] loss = 0.000993
[e030 s0150/1030] loss = 0.001069
[e030 s0200/1030] loss = 0.000992
[e030 s0250/1030] loss = 0.001056
[e030 s0300/1030] loss = 0.000977
[e030 s0350/1030] loss = 0.000946
[e030 s0400/1030] loss = 0.001018
[e030 s0450/1030] loss = 0.000970
[e030 s0500/1030] loss = 0.000972
[e030 s0550/1030] loss = 0.001045
[e030 s0600/1030] loss = 0.001056
[e030 s0650/1030] loss = 0.001012
[e030 s0700/1030] loss = 0.000981
[e030 s0750/1030] loss = 0.001067
[e030 s0800/1030] loss = 0.001097
[e030 s0850/1030] loss = 0.001114
[e030 s0900/1030] loss = 0.001128
[e030 s0950/1030] loss = 0.001112
[e030 s1000/1030] loss = 0.001098
Epoch 030: train_loss = 0.001085  MAE/GAME0 = 40.298  RMSE = 66.740  GAME1 = 44.209  GAME2 = 48.875  GAME3 = 52.246  lr = 1.00e-05  time = 19.7s
[e031 s0001/1030] loss = 0.000009
[e031 s0050/1030] loss = 0.000600
[e031 s0100/1030] loss = 0.000792
[e031 s0150/1030] loss = 0.001006
[e031 s0200/1030] loss = 0.001070
[e031 s0250/1030] loss = 0.000965
[e031 s0300/1030] loss = 0.000912
[e031 s0350/1030] loss = 0.001012
[e031 s0400/1030] loss = 0.000986
[e031 s0450/1030] loss = 0.000999
[e031 s0500/1030] loss = 0.000989
[e031 s0550/1030] loss = 0.001111
[e031 s0600/1030] loss = 0.001309
[e031 s0650/1030] loss = 0.001261
[e031 s0700/1030] loss = 0.001238
[e031 s0750/1030] loss = 0.001224
[e031 s0800/1030] loss = 0.001201
[e031 s0850/1030] loss = 0.001180
[e031 s0900/1030] loss = 0.001141
[e031 s0950/1030] loss = 0.001142
[e031 s1000/1030] loss = 0.001127
Epoch 031: train_loss = 0.001150  MAE/GAME0 = 27.290  RMSE = 51.613  GAME1 = 40.273  GAME2 = 50.248  GAME3 = 57.807  lr = 1.00e-05  time = 19.3s
[e032 s0001/1030] loss = 0.000482
[e032 s0050/1030] loss = 0.000624
[e032 s0100/1030] loss = 0.000614
[e032 s0150/1030] loss = 0.000588
[e032 s0200/1030] loss = 0.000638
[e032 s0250/1030] loss = 0.000623
[e032 s0300/1030] loss = 0.000666
[e032 s0350/1030] loss = 0.000752
[e032 s0400/1030] loss = 0.000939
[e032 s0450/1030] loss = 0.000938
[e032 s0500/1030] loss = 0.000931
[e032 s0550/1030] loss = 0.000952
[e032 s0600/1030] loss = 0.000920
[e032 s0650/1030] loss = 0.000917
[e032 s0700/1030] loss = 0.000888
[e032 s0750/1030] loss = 0.001001
[e032 s0800/1030] loss = 0.001010
[e032 s0850/1030] loss = 0.001032
[e032 s0900/1030] loss = 0.001022
[e032 s0950/1030] loss = 0.001031
[e032 s1000/1030] loss = 0.001019
Epoch 032: train_loss = 0.001032  MAE/GAME0 = 38.111  RMSE = 67.608  GAME1 = 47.057  GAME2 = 54.746  GAME3 = 59.355  lr = 1.00e-05  time = 19.3s
[e033 s0001/1030] loss = 0.001049
[e033 s0050/1030] loss = 0.000946
[e033 s0100/1030] loss = 0.001186
[e033 s0150/1030] loss = 0.001104
[e033 s0200/1030] loss = 0.001690
[e033 s0250/1030] loss = 0.001550
[e033 s0300/1030] loss = 0.001429
[e033 s0350/1030] loss = 0.001604
[e033 s0400/1030] loss = 0.001497
[e033 s0450/1030] loss = 0.001415
[e033 s0500/1030] loss = 0.001403
[e033 s0550/1030] loss = 0.001467
[e033 s0600/1030] loss = 0.001468
[e033 s0650/1030] loss = 0.001401
[e033 s0700/1030] loss = 0.001357
[e033 s0750/1030] loss = 0.001321
[e033 s0800/1030] loss = 0.001270
[e033 s0850/1030] loss = 0.001246
[e033 s0900/1030] loss = 0.001215
[e033 s0950/1030] loss = 0.001213
[e033 s1000/1030] loss = 0.001216
Epoch 033: train_loss = 0.001210  MAE/GAME0 = 40.119  RMSE = 64.527  GAME1 = 41.952  GAME2 = 44.133  GAME3 = 47.001  lr = 1.00e-05  time = 19.3s
[e034 s0001/1030] loss = 0.000940
[e034 s0050/1030] loss = 0.001242
[e034 s0100/1030] loss = 0.001490
[e034 s0150/1030] loss = 0.001424
[e034 s0200/1030] loss = 0.001215
[e034 s0250/1030] loss = 0.001070
[e034 s0300/1030] loss = 0.001239
[e034 s0350/1030] loss = 0.001237
[e034 s0400/1030] loss = 0.001161
[e034 s0450/1030] loss = 0.001102
[e034 s0500/1030] loss = 0.001064
[e034 s0550/1030] loss = 0.001155
[e034 s0600/1030] loss = 0.001098
[e034 s0650/1030] loss = 0.001123
[e034 s0700/1030] loss = 0.001100
[e034 s0750/1030] loss = 0.001066
[e034 s0800/1030] loss = 0.001044
[e034 s0850/1030] loss = 0.001060
[e034 s0900/1030] loss = 0.001037
[e034 s0950/1030] loss = 0.001075
[e034 s1000/1030] loss = 0.001049
Epoch 034: train_loss = 0.001055  MAE/GAME0 = 27.100  RMSE = 48.817  GAME1 = 30.526  GAME2 = 33.967  GAME3 = 38.798  lr = 1.00e-05  time = 19.4s
[e035 s0001/1030] loss = 0.000721
[e035 s0050/1030] loss = 0.000792
[e035 s0100/1030] loss = 0.001030
[e035 s0150/1030] loss = 0.000834
[e035 s0200/1030] loss = 0.000742
[e035 s0250/1030] loss = 0.000927
[e035 s0300/1030] loss = 0.000869
[e035 s0350/1030] loss = 0.000847
[e035 s0400/1030] loss = 0.000817
[e035 s0450/1030] loss = 0.000771
[e035 s0500/1030] loss = 0.000798
[e035 s0550/1030] loss = 0.000820
[e035 s0600/1030] loss = 0.001084
[e035 s0650/1030] loss = 0.001065
[e035 s0700/1030] loss = 0.001087
[e035 s0750/1030] loss = 0.001058
[e035 s0800/1030] loss = 0.001046
[e035 s0850/1030] loss = 0.001055
[e035 s0900/1030] loss = 0.001030
[e035 s0950/1030] loss = 0.001027
[e035 s1000/1030] loss = 0.001160
Epoch 035: train_loss = 0.001157  MAE/GAME0 = 41.080  RMSE = 67.018  GAME1 = 47.423  GAME2 = 53.034  GAME3 = 56.589  lr = 1.00e-05  time = 19.3s
[e036 s0001/1030] loss = 0.000195
[e036 s0050/1030] loss = 0.000891
[e036 s0100/1030] loss = 0.000764
[e036 s0150/1030] loss = 0.000829
[e036 s0200/1030] loss = 0.000714
[e036 s0250/1030] loss = 0.001368
[e036 s0300/1030] loss = 0.001261
[e036 s0350/1030] loss = 0.001156
[e036 s0400/1030] loss = 0.001113
[e036 s0450/1030] loss = 0.001078
[e036 s0500/1030] loss = 0.001064
[e036 s0550/1030] loss = 0.001054
[e036 s0600/1030] loss = 0.001101
[e036 s0650/1030] loss = 0.001134
[e036 s0700/1030] loss = 0.001110
[e036 s0750/1030] loss = 0.001094
[e036 s0800/1030] loss = 0.001081
[e036 s0850/1030] loss = 0.001050
[e036 s0900/1030] loss = 0.001145
[e036 s0950/1030] loss = 0.001112
[e036 s1000/1030] loss = 0.001093
Epoch 036: train_loss = 0.001121  MAE/GAME0 = 45.874  RMSE = 69.582  GAME1 = 48.438  GAME2 = 51.015  GAME3 = 53.290  lr = 1.00e-05  time = 19.5s
[e037 s0001/1030] loss = 0.000634
[e037 s0050/1030] loss = 0.001085
[e037 s0100/1030] loss = 0.000817
[e037 s0150/1030] loss = 0.000756
[e037 s0200/1030] loss = 0.000668
[e037 s0250/1030] loss = 0.000708
[e037 s0300/1030] loss = 0.000709
[e037 s0350/1030] loss = 0.000795
[e037 s0400/1030] loss = 0.000779
[e037 s0450/1030] loss = 0.000878
[e037 s0500/1030] loss = 0.000895
[e037 s0550/1030] loss = 0.000877
[e037 s0600/1030] loss = 0.000874
[e037 s0650/1030] loss = 0.000869
[e037 s0700/1030] loss = 0.000859
[e037 s0750/1030] loss = 0.000916
[e037 s0800/1030] loss = 0.000924
[e037 s0850/1030] loss = 0.000916
[e037 s0900/1030] loss = 0.000935
[e037 s0950/1030] loss = 0.000930
[e037 s1000/1030] loss = 0.000913
Epoch 037: train_loss = 0.000975  MAE/GAME0 = 57.983  RMSE = 82.161  GAME1 = 58.766  GAME2 = 59.767  GAME3 = 61.063  lr = 1.00e-05  time = 19.3s
[e038 s0001/1030] loss = 0.000826
[e038 s0050/1030] loss = 0.001131
[e038 s0100/1030] loss = 0.000866
[e038 s0150/1030] loss = 0.001015
[e038 s0200/1030] loss = 0.000935
[e038 s0250/1030] loss = 0.001474
[e038 s0300/1030] loss = 0.001332
[e038 s0350/1030] loss = 0.001322
[e038 s0400/1030] loss = 0.001243
[e038 s0450/1030] loss = 0.001170
[e038 s0500/1030] loss = 0.001128
[e038 s0550/1030] loss = 0.001070
[e038 s0600/1030] loss = 0.001073
[e038 s0650/1030] loss = 0.001079
[e038 s0700/1030] loss = 0.001106
[e038 s0750/1030] loss = 0.001120
[e038 s0800/1030] loss = 0.001088
[e038 s0850/1030] loss = 0.001054
[e038 s0900/1030] loss = 0.001108
[e038 s0950/1030] loss = 0.001093
[e038 s1000/1030] loss = 0.001089
Epoch 038: train_loss = 0.001085  MAE/GAME0 = 29.174  RMSE = 55.554  GAME1 = 38.050  GAME2 = 45.698  GAME3 = 50.846  lr = 1.00e-05  time = 19.4s
[e039 s0001/1030] loss = 0.000145
[e039 s0050/1030] loss = 0.002384
[e039 s0100/1030] loss = 0.001783
[e039 s0150/1030] loss = 0.001508
[e039 s0200/1030] loss = 0.001354
[e039 s0250/1030] loss = 0.001343
[e039 s0300/1030] loss = 0.001223
[e039 s0350/1030] loss = 0.001168
[e039 s0400/1030] loss = 0.001118
[e039 s0450/1030] loss = 0.001067
[e039 s0500/1030] loss = 0.001057
[e039 s0550/1030] loss = 0.001051
[e039 s0600/1030] loss = 0.001018
[e039 s0650/1030] loss = 0.001040
[e039 s0700/1030] loss = 0.001028
[e039 s0750/1030] loss = 0.001112
[e039 s0800/1030] loss = 0.001090
[e039 s0850/1030] loss = 0.001052
[e039 s0900/1030] loss = 0.001070
[e039 s0950/1030] loss = 0.001043
[e039 s1000/1030] loss = 0.001058
Epoch 039: train_loss = 0.001048  MAE/GAME0 = 54.301  RMSE = 78.297  GAME1 = 54.431  GAME2 = 54.939  GAME3 = 55.755  lr = 1.00e-05  time = 19.5s
[e040 s0001/1030] loss = 0.000010
[e040 s0050/1030] loss = 0.000700
[e040 s0100/1030] loss = 0.000609
[e040 s0150/1030] loss = 0.000685
[e040 s0200/1030] loss = 0.000758
[e040 s0250/1030] loss = 0.000752
[e040 s0300/1030] loss = 0.000845
[e040 s0350/1030] loss = 0.000820
[e040 s0400/1030] loss = 0.000831
[e040 s0450/1030] loss = 0.000819
[e040 s0500/1030] loss = 0.000799
[e040 s0550/1030] loss = 0.000821
[e040 s0600/1030] loss = 0.000802
[e040 s0650/1030] loss = 0.000783
[e040 s0700/1030] loss = 0.000913
[e040 s0750/1030] loss = 0.000881
[e040 s0800/1030] loss = 0.000865
[e040 s0850/1030] loss = 0.000910
[e040 s0900/1030] loss = 0.000912
[e040 s0950/1030] loss = 0.000906
[e040 s1000/1030] loss = 0.000900
Epoch 040: train_loss = 0.000898  MAE/GAME0 = 48.833  RMSE = 72.194  GAME1 = 49.584  GAME2 = 51.042  GAME3 = 52.725  lr = 1.00e-05  time = 19.5s
[e041 s0001/1030] loss = 0.001446
[e041 s0050/1030] loss = 0.001086
[e041 s0100/1030] loss = 0.000881
[e041 s0150/1030] loss = 0.000760
[e041 s0200/1030] loss = 0.001023
[e041 s0250/1030] loss = 0.001005
[e041 s0300/1030] loss = 0.000972
[e041 s0350/1030] loss = 0.000985
[e041 s0400/1030] loss = 0.000942
[e041 s0450/1030] loss = 0.000907
[e041 s0500/1030] loss = 0.000919
[e041 s0550/1030] loss = 0.000929
[e041 s0600/1030] loss = 0.000898
[e041 s0650/1030] loss = 0.000871
[e041 s0700/1030] loss = 0.000864
[e041 s0750/1030] loss = 0.000890
[e041 s0800/1030] loss = 0.000940
[e041 s0850/1030] loss = 0.000940
[e041 s0900/1030] loss = 0.000925
[e041 s0950/1030] loss = 0.000940
[e041 s1000/1030] loss = 0.000999
Epoch 041: train_loss = 0.001022  MAE/GAME0 = 27.885  RMSE = 57.647  GAME1 = 38.814  GAME2 = 48.222  GAME3 = 54.243  lr = 1.00e-05  time = 19.6s
[e042 s0001/1030] loss = 0.000276
[e042 s0050/1030] loss = 0.001201
[e042 s0100/1030] loss = 0.000851
[e042 s0150/1030] loss = 0.000754
[e042 s0200/1030] loss = 0.000741
[e042 s0250/1030] loss = 0.000739
[e042 s0300/1030] loss = 0.000846
[e042 s0350/1030] loss = 0.000805
[e042 s0400/1030] loss = 0.000762
[e042 s0450/1030] loss = 0.000756
[e042 s0500/1030] loss = 0.000813
[e042 s0550/1030] loss = 0.000805
[e042 s0600/1030] loss = 0.000817
[e042 s0650/1030] loss = 0.000816
[e042 s0700/1030] loss = 0.000902
[e042 s0750/1030] loss = 0.000889
[e042 s0800/1030] loss = 0.000911
[e042 s0850/1030] loss = 0.000922
[e042 s0900/1030] loss = 0.000918
[e042 s0950/1030] loss = 0.000896
[e042 s1000/1030] loss = 0.000877
Epoch 042: train_loss = 0.000865  MAE/GAME0 = 62.614  RMSE = 84.104  GAME1 = 62.629  GAME2 = 62.689  GAME3 = 62.891  lr = 1.00e-05  time = 19.5s
[e043 s0001/1030] loss = 0.000250
[e043 s0050/1030] loss = 0.000578
[e043 s0100/1030] loss = 0.000957
[e043 s0150/1030] loss = 0.000872
[e043 s0200/1030] loss = 0.000892
[e043 s0250/1030] loss = 0.000979
[e043 s0300/1030] loss = 0.000948
[e043 s0350/1030] loss = 0.001021
[e043 s0400/1030] loss = 0.000944
[e043 s0450/1030] loss = 0.001005
[e043 s0500/1030] loss = 0.000980
[e043 s0550/1030] loss = 0.000929
[e043 s0600/1030] loss = 0.000942
[e043 s0650/1030] loss = 0.000917
[e043 s0700/1030] loss = 0.000959
[e043 s0750/1030] loss = 0.000994
[e043 s0800/1030] loss = 0.001040
[e043 s0850/1030] loss = 0.001077
[e043 s0900/1030] loss = 0.001139
[e043 s0950/1030] loss = 0.001131
[e043 s1000/1030] loss = 0.001100
Epoch 043: train_loss = 0.001207  MAE/GAME0 = 49.205  RMSE = 72.827  GAME1 = 49.868  GAME2 = 51.132  GAME3 = 52.539  lr = 1.00e-05  time = 19.5s
[e044 s0001/1030] loss = 0.000040
[e044 s0050/1030] loss = 0.000969
[e044 s0100/1030] loss = 0.000891
[e044 s0150/1030] loss = 0.000771
[e044 s0200/1030] loss = 0.000739
[e044 s0250/1030] loss = 0.000789
[e044 s0300/1030] loss = 0.000788
[e044 s0350/1030] loss = 0.000759
[e044 s0400/1030] loss = 0.000860
[e044 s0450/1030] loss = 0.000880
[e044 s0500/1030] loss = 0.000918
[e044 s0550/1030] loss = 0.000884
[e044 s0600/1030] loss = 0.001022
[e044 s0650/1030] loss = 0.001001
[e044 s0700/1030] loss = 0.000982
[e044 s0750/1030] loss = 0.001042
[e044 s0800/1030] loss = 0.001022
[e044 s0850/1030] loss = 0.001040
[e044 s0900/1030] loss = 0.001056
[e044 s0950/1030] loss = 0.001085
[e044 s1000/1030] loss = 0.001099
Epoch 044: train_loss = 0.001095  MAE/GAME0 = 26.884  RMSE = 51.637  GAME1 = 35.490  GAME2 = 43.277  GAME3 = 49.698  lr = 1.00e-05  time = 19.2s
[e045 s0001/1030] loss = 0.000128
[e045 s0050/1030] loss = 0.000617
[e045 s0100/1030] loss = 0.000688
[e045 s0150/1030] loss = 0.000902
[e045 s0200/1030] loss = 0.000764
[e045 s0250/1030] loss = 0.000715
[e045 s0300/1030] loss = 0.001048
[e045 s0350/1030] loss = 0.001008
[e045 s0400/1030] loss = 0.001122
[e045 s0450/1030] loss = 0.001141
[e045 s0500/1030] loss = 0.001155
[e045 s0550/1030] loss = 0.001157
[e045 s0600/1030] loss = 0.001156
[e045 s0650/1030] loss = 0.001167
[e045 s0700/1030] loss = 0.001133
[e045 s0750/1030] loss = 0.001112
[e045 s0800/1030] loss = 0.001095
[e045 s0850/1030] loss = 0.001105
[e045 s0900/1030] loss = 0.001087
[e045 s0950/1030] loss = 0.001064
[e045 s1000/1030] loss = 0.001045
Epoch 045: train_loss = 0.001026  MAE/GAME0 = 38.862  RMSE = 66.662  GAME1 = 42.214  GAME2 = 45.762  GAME3 = 48.387  lr = 1.00e-05  time = 19.6s
[e046 s0001/1030] loss = 0.000164
[e046 s0050/1030] loss = 0.000552
[e046 s0100/1030] loss = 0.000659
[e046 s0150/1030] loss = 0.000721
[e046 s0200/1030] loss = 0.000708
[e046 s0250/1030] loss = 0.000809
[e046 s0300/1030] loss = 0.000841
[e046 s0350/1030] loss = 0.000864
[e046 s0400/1030] loss = 0.000826
[e046 s0450/1030] loss = 0.000805
[e046 s0500/1030] loss = 0.000781
[e046 s0550/1030] loss = 0.000863
[e046 s0600/1030] loss = 0.000842
[e046 s0650/1030] loss = 0.000816
[e046 s0700/1030] loss = 0.000799
[e046 s0750/1030] loss = 0.000793
[e046 s0800/1030] loss = 0.000919
[e046 s0850/1030] loss = 0.000936
[e046 s0900/1030] loss = 0.000958
[e046 s0950/1030] loss = 0.000960
[e046 s1000/1030] loss = 0.000947
Epoch 046: train_loss = 0.000976  MAE/GAME0 = 27.592  RMSE = 48.251  GAME1 = 36.535  GAME2 = 44.107  GAME3 = 51.026  lr = 1.00e-05  time = 19.4s
[e047 s0001/1030] loss = 0.000620
[e047 s0050/1030] loss = 0.001196
[e047 s0100/1030] loss = 0.001038
[e047 s0150/1030] loss = 0.000907
[e047 s0200/1030] loss = 0.000878
[e047 s0250/1030] loss = 0.000866
[e047 s0300/1030] loss = 0.000831
[e047 s0350/1030] loss = 0.000901
[e047 s0400/1030] loss = 0.000914
[e047 s0450/1030] loss = 0.000918
[e047 s0500/1030] loss = 0.000953
[e047 s0550/1030] loss = 0.000993
[e047 s0600/1030] loss = 0.000968
[e047 s0650/1030] loss = 0.000971
[e047 s0700/1030] loss = 0.000988
[e047 s0750/1030] loss = 0.001056
[e047 s0800/1030] loss = 0.001131
[e047 s0850/1030] loss = 0.001158
[e047 s0900/1030] loss = 0.001134
[e047 s0950/1030] loss = 0.001130
[e047 s1000/1030] loss = 0.001109
Epoch 047: train_loss = 0.001161  MAE/GAME0 = 47.430  RMSE = 74.265  GAME1 = 51.505  GAME2 = 55.985  GAME3 = 58.608  lr = 1.00e-05  time = 19.2s
[e048 s0001/1030] loss = 0.000963
[e048 s0050/1030] loss = 0.002406
[e048 s0100/1030] loss = 0.001620
[e048 s0150/1030] loss = 0.001493
[e048 s0200/1030] loss = 0.001508
[e048 s0250/1030] loss = 0.001658
[e048 s0300/1030] loss = 0.001511
[e048 s0350/1030] loss = 0.001408
[e048 s0400/1030] loss = 0.001299
[e048 s0450/1030] loss = 0.001283
[e048 s0500/1030] loss = 0.001205
[e048 s0550/1030] loss = 0.001220
[e048 s0600/1030] loss = 0.001212
[e048 s0650/1030] loss = 0.001188
[e048 s0700/1030] loss = 0.001147
[e048 s0750/1030] loss = 0.001109
[e048 s0800/1030] loss = 0.001074
[e048 s0850/1030] loss = 0.001038
[e048 s0900/1030] loss = 0.001023
[e048 s0950/1030] loss = 0.001013
[e048 s1000/1030] loss = 0.000995
Epoch 048: train_loss = 0.000984  MAE/GAME0 = 56.914  RMSE = 80.894  GAME1 = 57.279  GAME2 = 57.960  GAME3 = 58.515  lr = 1.00e-05  time = 19.3s
[e049 s0001/1030] loss = 0.000116
[e049 s0050/1030] loss = 0.001458
[e049 s0100/1030] loss = 0.001534
[e049 s0150/1030] loss = 0.002005
[e049 s0200/1030] loss = 0.001798
[e049 s0250/1030] loss = 0.001754
[e049 s0300/1030] loss = 0.001573
[e049 s0350/1030] loss = 0.001445
[e049 s0400/1030] loss = 0.001361
[e049 s0450/1030] loss = 0.001301
[e049 s0500/1030] loss = 0.001312
[e049 s0550/1030] loss = 0.001231
[e049 s0600/1030] loss = 0.001233
[e049 s0650/1030] loss = 0.001222
[e049 s0700/1030] loss = 0.001280
[e049 s0750/1030] loss = 0.001218
[e049 s0800/1030] loss = 0.001205
[e049 s0850/1030] loss = 0.001199
[e049 s0900/1030] loss = 0.001201
[e049 s0950/1030] loss = 0.001186
[e049 s1000/1030] loss = 0.001180
Epoch 049: train_loss = 0.001164  MAE/GAME0 = 55.196  RMSE = 76.857  GAME1 = 55.418  GAME2 = 55.960  GAME3 = 56.750  lr = 1.00e-05  time = 19.4s
[e050 s0001/1030] loss = 0.000313
[e050 s0050/1030] loss = 0.001062
[e050 s0100/1030] loss = 0.001263
[e050 s0150/1030] loss = 0.001154
[e050 s0200/1030] loss = 0.000988
[e050 s0250/1030] loss = 0.000993
[e050 s0300/1030] loss = 0.001023
[e050 s0350/1030] loss = 0.001004
[e050 s0400/1030] loss = 0.000994
[e050 s0450/1030] loss = 0.001007
[e050 s0500/1030] loss = 0.000984
[e050 s0550/1030] loss = 0.000996
[e050 s0600/1030] loss = 0.000964
[e050 s0650/1030] loss = 0.000990
[e050 s0700/1030] loss = 0.001002
[e050 s0750/1030] loss = 0.000973
[e050 s0800/1030] loss = 0.001006
[e050 s0850/1030] loss = 0.001049
[e050 s0900/1030] loss = 0.001057
[e050 s0950/1030] loss = 0.001049
[e050 s1000/1030] loss = 0.001024
Epoch 050: train_loss = 0.001011  MAE/GAME0 = 48.867  RMSE = 74.050  GAME1 = 50.159  GAME2 = 52.000  GAME3 = 53.308  lr = 1.00e-05  time = 19.3s
[e051 s0001/1030] loss = 0.000231
[e051 s0050/1030] loss = 0.001139
[e051 s0100/1030] loss = 0.000995
[e051 s0150/1030] loss = 0.001160
[e051 s0200/1030] loss = 0.001213
[e051 s0250/1030] loss = 0.001225
[e051 s0300/1030] loss = 0.001232
[e051 s0350/1030] loss = 0.001202
[e051 s0400/1030] loss = 0.001177
[e051 s0450/1030] loss = 0.001120
[e051 s0500/1030] loss = 0.001089
[e051 s0550/1030] loss = 0.001085
[e051 s0600/1030] loss = 0.001033
[e051 s0650/1030] loss = 0.001027
[e051 s0700/1030] loss = 0.001039
[e051 s0750/1030] loss = 0.001020
[e051 s0800/1030] loss = 0.001024
[e051 s0850/1030] loss = 0.001019
[e051 s0900/1030] loss = 0.001064
[e051 s0950/1030] loss = 0.001039
[e051 s1000/1030] loss = 0.001008
Epoch 051: train_loss = 0.000994  MAE/GAME0 = 39.780  RMSE = 68.175  GAME1 = 47.725  GAME2 = 55.263  GAME3 = 59.289  lr = 1.00e-05  time = 19.4s
[e052 s0001/1030] loss = 0.000077
[e052 s0050/1030] loss = 0.000948
[e052 s0100/1030] loss = 0.000853
[e052 s0150/1030] loss = 0.001290
[e052 s0200/1030] loss = 0.001164
[e052 s0250/1030] loss = 0.001189
[e052 s0300/1030] loss = 0.001085
[e052 s0350/1030] loss = 0.001111
[e052 s0400/1030] loss = 0.001104
[e052 s0450/1030] loss = 0.001133
[e052 s0500/1030] loss = 0.001112
[e052 s0550/1030] loss = 0.001045
[e052 s0600/1030] loss = 0.001033
[e052 s0650/1030] loss = 0.001007
[e052 s0700/1030] loss = 0.001010
[e052 s0750/1030] loss = 0.001008
[e052 s0800/1030] loss = 0.000996
[e052 s0850/1030] loss = 0.000992
[e052 s0900/1030] loss = 0.000991
[e052 s0950/1030] loss = 0.000977
[e052 s1000/1030] loss = 0.000958
Epoch 052: train_loss = 0.000965  MAE/GAME0 = 31.906  RMSE = 60.031  GAME1 = 36.907  GAME2 = 41.033  GAME3 = 45.246  lr = 1.00e-05  time = 19.3s
[e053 s0001/1030] loss = 0.007516
[e053 s0050/1030] loss = 0.001838
[e053 s0100/1030] loss = 0.001654
[e053 s0150/1030] loss = 0.001276
[e053 s0200/1030] loss = 0.001199
[e053 s0250/1030] loss = 0.001197
[e053 s0300/1030] loss = 0.001095
[e053 s0350/1030] loss = 0.001055
[e053 s0400/1030] loss = 0.000996
[e053 s0450/1030] loss = 0.000972
[e053 s0500/1030] loss = 0.001070
[e053 s0550/1030] loss = 0.001132
[e053 s0600/1030] loss = 0.001108
[e053 s0650/1030] loss = 0.001089
[e053 s0700/1030] loss = 0.001119
[e053 s0750/1030] loss = 0.001094
[e053 s0800/1030] loss = 0.001074
[e053 s0850/1030] loss = 0.001074
[e053 s0900/1030] loss = 0.001092
[e053 s0950/1030] loss = 0.001076
[e053 s1000/1030] loss = 0.001056
Epoch 053: train_loss = 0.001134  MAE/GAME0 = 45.589  RMSE = 74.152  GAME1 = 52.881  GAME2 = 59.964  GAME3 = 63.934  lr = 1.00e-05  time = 19.2s
[e054 s0001/1030] loss = 0.000257
[e054 s0050/1030] loss = 0.001191
[e054 s0100/1030] loss = 0.002190
[e054 s0150/1030] loss = 0.001748
[e054 s0200/1030] loss = 0.001635
[e054 s0250/1030] loss = 0.001548
[e054 s0300/1030] loss = 0.001446
[e054 s0350/1030] loss = 0.001324
[e054 s0400/1030] loss = 0.001301
[e054 s0450/1030] loss = 0.001222
[e054 s0500/1030] loss = 0.001145
[e054 s0550/1030] loss = 0.001147
[e054 s0600/1030] loss = 0.001212
[e054 s0650/1030] loss = 0.001244
[e054 s0700/1030] loss = 0.001201
[e054 s0750/1030] loss = 0.001160
[e054 s0800/1030] loss = 0.001111
[e054 s0850/1030] loss = 0.001122
[e054 s0900/1030] loss = 0.001112
[e054 s0950/1030] loss = 0.001115
[e054 s1000/1030] loss = 0.001096
Epoch 054: train_loss = 0.001090  MAE/GAME0 = 32.027  RMSE = 62.523  GAME1 = 43.759  GAME2 = 53.512  GAME3 = 59.384  lr = 1.00e-05  time = 19.3s
[e055 s0001/1030] loss = 0.000060
[e055 s0050/1030] loss = 0.000674
[e055 s0100/1030] loss = 0.000645
[e055 s0150/1030] loss = 0.000691
[e055 s0200/1030] loss = 0.000753
[e055 s0250/1030] loss = 0.000844
[e055 s0300/1030] loss = 0.000882
[e055 s0350/1030] loss = 0.000951
[e055 s0400/1030] loss = 0.000965
[e055 s0450/1030] loss = 0.000979
[e055 s0500/1030] loss = 0.000940
[e055 s0550/1030] loss = 0.000978
[e055 s0600/1030] loss = 0.001017
[e055 s0650/1030] loss = 0.001026
[e055 s0700/1030] loss = 0.000993
[e055 s0750/1030] loss = 0.000953
[e055 s0800/1030] loss = 0.000971
[e055 s0850/1030] loss = 0.001004
[e055 s0900/1030] loss = 0.000983
[e055 s0950/1030] loss = 0.000987
[e055 s1000/1030] loss = 0.001115
Epoch 055: train_loss = 0.001130  MAE/GAME0 = 73.780  RMSE = 94.514  GAME1 = 73.780  GAME2 = 73.803  GAME3 = 73.910  lr = 1.00e-05  time = 19.3s
[e056 s0001/1030] loss = 0.000133
[e056 s0050/1030] loss = 0.000910
[e056 s0100/1030] loss = 0.001038
[e056 s0150/1030] loss = 0.001026
[e056 s0200/1030] loss = 0.000962
[e056 s0250/1030] loss = 0.000958
[e056 s0300/1030] loss = 0.000955
[e056 s0350/1030] loss = 0.000910
[e056 s0400/1030] loss = 0.000893
[e056 s0450/1030] loss = 0.000856
[e056 s0500/1030] loss = 0.000845
[e056 s0550/1030] loss = 0.000827
[e056 s0600/1030] loss = 0.000879
[e056 s0650/1030] loss = 0.000905
[e056 s0700/1030] loss = 0.000890
[e056 s0750/1030] loss = 0.000879
[e056 s0800/1030] loss = 0.000853
[e056 s0850/1030] loss = 0.001037
[e056 s0900/1030] loss = 0.001053
[e056 s0950/1030] loss = 0.001107
[e056 s1000/1030] loss = 0.001091
Epoch 056: train_loss = 0.001071  MAE/GAME0 = 54.034  RMSE = 78.201  GAME1 = 55.007  GAME2 = 56.409  GAME3 = 57.653  lr = 1.00e-05  time = 19.4s
[e057 s0001/1030] loss = 0.000100
[e057 s0050/1030] loss = 0.000596
[e057 s0100/1030] loss = 0.001289
[e057 s0150/1030] loss = 0.001255
[e057 s0200/1030] loss = 0.001254
[e057 s0250/1030] loss = 0.001131
[e057 s0300/1030] loss = 0.001115
[e057 s0350/1030] loss = 0.001037
[e057 s0400/1030] loss = 0.001049
[e057 s0450/1030] loss = 0.001095
[e057 s0500/1030] loss = 0.001082
[e057 s0550/1030] loss = 0.001074
[e057 s0600/1030] loss = 0.001091
[e057 s0650/1030] loss = 0.001370
[e057 s0700/1030] loss = 0.001334
[e057 s0750/1030] loss = 0.001305
[e057 s0800/1030] loss = 0.001256
[e057 s0850/1030] loss = 0.001256
[e057 s0900/1030] loss = 0.001255
[e057 s0950/1030] loss = 0.001250
[e057 s1000/1030] loss = 0.001219
Epoch 057: train_loss = 0.001199  MAE/GAME0 = 29.994  RMSE = 60.451  GAME1 = 40.447  GAME2 = 49.460  GAME3 = 55.255  lr = 1.00e-05  time = 19.4s
[e058 s0001/1030] loss = 0.000037
[e058 s0050/1030] loss = 0.000364
[e058 s0100/1030] loss = 0.001149
[e058 s0150/1030] loss = 0.001266
[e058 s0200/1030] loss = 0.001141
[e058 s0250/1030] loss = 0.001094
[e058 s0300/1030] loss = 0.001125
[e058 s0350/1030] loss = 0.001107
[e058 s0400/1030] loss = 0.001109
[e058 s0450/1030] loss = 0.001111
[e058 s0500/1030] loss = 0.001090
[e058 s0550/1030] loss = 0.001094
[e058 s0600/1030] loss = 0.001068
[e058 s0650/1030] loss = 0.001076
[e058 s0700/1030] loss = 0.001039
[e058 s0750/1030] loss = 0.001024
[e058 s0800/1030] loss = 0.000988
[e058 s0850/1030] loss = 0.001004
[e058 s0900/1030] loss = 0.000982
[e058 s0950/1030] loss = 0.000959
[e058 s1000/1030] loss = 0.000965
Epoch 058: train_loss = 0.000956  MAE/GAME0 = 27.363  RMSE = 57.246  GAME1 = 37.282  GAME2 = 45.347  GAME3 = 51.242  lr = 1.00e-05  time = 19.7s
[e059 s0001/1030] loss = 0.000036
[e059 s0050/1030] loss = 0.001182
[e059 s0100/1030] loss = 0.001218
[e059 s0150/1030] loss = 0.001418
[e059 s0200/1030] loss = 0.001988
[e059 s0250/1030] loss = 0.001959
[e059 s0300/1030] loss = 0.001921
[e059 s0350/1030] loss = 0.001733
[e059 s0400/1030] loss = 0.001625
[e059 s0450/1030] loss = 0.001536
[e059 s0500/1030] loss = 0.001505
[e059 s0550/1030] loss = 0.001438
[e059 s0600/1030] loss = 0.001405
[e059 s0650/1030] loss = 0.001368
[e059 s0700/1030] loss = 0.001351
[e059 s0750/1030] loss = 0.001306
[e059 s0800/1030] loss = 0.001275
[e059 s0850/1030] loss = 0.001235
[e059 s0900/1030] loss = 0.001200
[e059 s0950/1030] loss = 0.001169
[e059 s1000/1030] loss = 0.001164
Epoch 059: train_loss = 0.001154  MAE/GAME0 = 47.744  RMSE = 73.233  GAME1 = 52.184  GAME2 = 56.962  GAME3 = 59.770  lr = 1.00e-05  time = 19.5s
[e060 s0001/1030] loss = 0.000035
[e060 s0050/1030] loss = 0.001601
[e060 s0100/1030] loss = 0.001024
[e060 s0150/1030] loss = 0.001136
[e060 s0200/1030] loss = 0.001032
[e060 s0250/1030] loss = 0.001723
[e060 s0300/1030] loss = 0.001559
[e060 s0350/1030] loss = 0.001428
[e060 s0400/1030] loss = 0.001354
[e060 s0450/1030] loss = 0.001334
[e060 s0500/1030] loss = 0.001268
[e060 s0550/1030] loss = 0.001235
[e060 s0600/1030] loss = 0.001219
[e060 s0650/1030] loss = 0.001176
[e060 s0700/1030] loss = 0.001205
[e060 s0750/1030] loss = 0.001220
[e060 s0800/1030] loss = 0.001216
[e060 s0850/1030] loss = 0.001189
[e060 s0900/1030] loss = 0.001150
[e060 s0950/1030] loss = 0.001166
[e060 s1000/1030] loss = 0.001139
Epoch 060: train_loss = 0.001123  MAE/GAME0 = 56.607  RMSE = 78.302  GAME1 = 56.721  GAME2 = 57.160  GAME3 = 58.062  lr = 1.00e-05  time = 19.1s
[e061 s0001/1030] loss = 0.000001
[e061 s0050/1030] loss = 0.000519
[e061 s0100/1030] loss = 0.000892
[e061 s0150/1030] loss = 0.000974
[e061 s0200/1030] loss = 0.000968
[e061 s0250/1030] loss = 0.001012
[e061 s0300/1030] loss = 0.001143
[e061 s0350/1030] loss = 0.001151
[e061 s0400/1030] loss = 0.001122
[e061 s0450/1030] loss = 0.001105
[e061 s0500/1030] loss = 0.001067
[e061 s0550/1030] loss = 0.001091
[e061 s0600/1030] loss = 0.001073
[e061 s0650/1030] loss = 0.001062
[e061 s0700/1030] loss = 0.001033
[e061 s0750/1030] loss = 0.001033
[e061 s0800/1030] loss = 0.001006
[e061 s0850/1030] loss = 0.000994
[e061 s0900/1030] loss = 0.000985
[e061 s0950/1030] loss = 0.001024
[e061 s1000/1030] loss = 0.001004
Epoch 061: train_loss = 0.001000  MAE/GAME0 = 31.882  RMSE = 61.783  GAME1 = 41.948  GAME2 = 50.305  GAME3 = 55.801  lr = 1.00e-05  time = 19.1s
[e062 s0001/1030] loss = 0.000413
[e062 s0050/1030] loss = 0.002033
[e062 s0100/1030] loss = 0.001448
[e062 s0150/1030] loss = 0.001163
[e062 s0200/1030] loss = 0.001032
[e062 s0250/1030] loss = 0.001045
[e062 s0300/1030] loss = 0.001049
[e062 s0350/1030] loss = 0.000994
[e062 s0400/1030] loss = 0.000968
[e062 s0450/1030] loss = 0.000916
[e062 s0500/1030] loss = 0.000882
[e062 s0550/1030] loss = 0.000868
[e062 s0600/1030] loss = 0.000866
[e062 s0650/1030] loss = 0.000851
[e062 s0700/1030] loss = 0.000834
[e062 s0750/1030] loss = 0.000968
[e062 s0800/1030] loss = 0.000981
[e062 s0850/1030] loss = 0.000984
[e062 s0900/1030] loss = 0.000977
[e062 s0950/1030] loss = 0.001047
[e062 s1000/1030] loss = 0.001032
Epoch 062: train_loss = 0.001020  MAE/GAME0 = 62.054  RMSE = 84.349  GAME1 = 62.101  GAME2 = 62.223  GAME3 = 62.456  lr = 1.00e-05  time = 19.4s
[e063 s0001/1030] loss = 0.000204
[e063 s0050/1030] loss = 0.001092
[e063 s0100/1030] loss = 0.001019
[e063 s0150/1030] loss = 0.000893
[e063 s0200/1030] loss = 0.000874
[e063 s0250/1030] loss = 0.000894
[e063 s0300/1030] loss = 0.000899
[e063 s0350/1030] loss = 0.000843
[e063 s0400/1030] loss = 0.000900
[e063 s0450/1030] loss = 0.000897
[e063 s0500/1030] loss = 0.000853
[e063 s0550/1030] loss = 0.000841
[e063 s0600/1030] loss = 0.000823
[e063 s0650/1030] loss = 0.000936
[e063 s0700/1030] loss = 0.001044
[e063 s0750/1030] loss = 0.001035
[e063 s0800/1030] loss = 0.001002
[e063 s0850/1030] loss = 0.000974
[e063 s0900/1030] loss = 0.000963
[e063 s0950/1030] loss = 0.000960
[e063 s1000/1030] loss = 0.000965
Epoch 063: train_loss = 0.000964  MAE/GAME0 = 60.109  RMSE = 80.659  GAME1 = 60.113  GAME2 = 60.256  GAME3 = 60.497  lr = 1.00e-05  time = 19.2s
[e064 s0001/1030] loss = 0.003930
[e064 s0050/1030] loss = 0.000940
[e064 s0100/1030] loss = 0.000974
[e064 s0150/1030] loss = 0.001053
[e064 s0200/1030] loss = 0.001132
[e064 s0250/1030] loss = 0.001139
[e064 s0300/1030] loss = 0.001188
[e064 s0350/1030] loss = 0.001144
[e064 s0400/1030] loss = 0.001062
[e064 s0450/1030] loss = 0.001041
[e064 s0500/1030] loss = 0.001057
[e064 s0550/1030] loss = 0.001026
[e064 s0600/1030] loss = 0.001042
[e064 s0650/1030] loss = 0.001010
[e064 s0700/1030] loss = 0.001054
[e064 s0750/1030] loss = 0.001053
[e064 s0800/1030] loss = 0.001041
[e064 s0850/1030] loss = 0.001024
[e064 s0900/1030] loss = 0.001035
[e064 s0950/1030] loss = 0.001014
[e064 s1000/1030] loss = 0.001021
Epoch 064: train_loss = 0.001012  MAE/GAME0 = 40.175  RMSE = 68.152  GAME1 = 45.181  GAME2 = 49.203  GAME3 = 52.898  lr = 1.00e-05  time = 19.2s
[e065 s0001/1030] loss = 0.000322
[e065 s0050/1030] loss = 0.000555
[e065 s0100/1030] loss = 0.000687
[e065 s0150/1030] loss = 0.000693
[e065 s0200/1030] loss = 0.000643
[e065 s0250/1030] loss = 0.000634
[e065 s0300/1030] loss = 0.000623
[e065 s0350/1030] loss = 0.000659
[e065 s0400/1030] loss = 0.000659
[e065 s0450/1030] loss = 0.000656
[e065 s0500/1030] loss = 0.000632
[e065 s0550/1030] loss = 0.000666
[e065 s0600/1030] loss = 0.000695
[e065 s0650/1030] loss = 0.000739
[e065 s0700/1030] loss = 0.000736
[e065 s0750/1030] loss = 0.001083
[e065 s0800/1030] loss = 0.001100
[e065 s0850/1030] loss = 0.001090
[e065 s0900/1030] loss = 0.001109
[e065 s0950/1030] loss = 0.001093
[e065 s1000/1030] loss = 0.001142
Epoch 065: train_loss = 0.001130  MAE/GAME0 = 63.441  RMSE = 83.428  GAME1 = 63.448  GAME2 = 63.598  GAME3 = 63.905  lr = 1.00e-05  time = 19.3s
[e066 s0001/1030] loss = 0.000416
[e066 s0050/1030] loss = 0.000913
[e066 s0100/1030] loss = 0.000794
[e066 s0150/1030] loss = 0.001123
[e066 s0200/1030] loss = 0.001031
[e066 s0250/1030] loss = 0.001051
[e066 s0300/1030] loss = 0.001062
[e066 s0350/1030] loss = 0.001020
[e066 s0400/1030] loss = 0.001038
[e066 s0450/1030] loss = 0.000989
[e066 s0500/1030] loss = 0.000990
[e066 s0550/1030] loss = 0.000971
[e066 s0600/1030] loss = 0.000964
[e066 s0650/1030] loss = 0.000957
[e066 s0700/1030] loss = 0.001017
[e066 s0750/1030] loss = 0.001023
[e066 s0800/1030] loss = 0.001090
[e066 s0850/1030] loss = 0.001105
[e066 s0900/1030] loss = 0.001101
[e066 s0950/1030] loss = 0.001076
[e066 s1000/1030] loss = 0.001048
Epoch 066: train_loss = 0.001044  MAE/GAME0 = 40.583  RMSE = 64.283  GAME1 = 42.766  GAME2 = 44.972  GAME3 = 47.199  lr = 1.00e-05  time = 19.1s
[e067 s0001/1030] loss = 0.000234
[e067 s0050/1030] loss = 0.002508
[e067 s0100/1030] loss = 0.001700
[e067 s0150/1030] loss = 0.001452
[e067 s0200/1030] loss = 0.001385
[e067 s0250/1030] loss = 0.001382
[e067 s0300/1030] loss = 0.001305
[e067 s0350/1030] loss = 0.001261
[e067 s0400/1030] loss = 0.001175
[e067 s0450/1030] loss = 0.001145
[e067 s0500/1030] loss = 0.001100
[e067 s0550/1030] loss = 0.001107
[e067 s0600/1030] loss = 0.001108
[e067 s0650/1030] loss = 0.001117
[e067 s0700/1030] loss = 0.001069
[e067 s0750/1030] loss = 0.001053
[e067 s0800/1030] loss = 0.001104
[e067 s0850/1030] loss = 0.001113
[e067 s0900/1030] loss = 0.001132
[e067 s0950/1030] loss = 0.001098
[e067 s1000/1030] loss = 0.001087
Epoch 067: train_loss = 0.001077  MAE/GAME0 = 26.320  RMSE = 51.350  GAME1 = 42.210  GAME2 = 56.040  GAME3 = 64.066  lr = 1.00e-05  time = 19.2s
[e068 s0001/1030] loss = 0.000882
[e068 s0050/1030] loss = 0.000849
[e068 s0100/1030] loss = 0.000942
[e068 s0150/1030] loss = 0.001030
[e068 s0200/1030] loss = 0.001000
[e068 s0250/1030] loss = 0.000889
[e068 s0300/1030] loss = 0.000861
[e068 s0350/1030] loss = 0.000884
[e068 s0400/1030] loss = 0.000930
[e068 s0450/1030] loss = 0.000980
[e068 s0500/1030] loss = 0.000927
[e068 s0550/1030] loss = 0.000944
[e068 s0600/1030] loss = 0.000975
[e068 s0650/1030] loss = 0.000971
[e068 s0700/1030] loss = 0.000939
[e068 s0750/1030] loss = 0.000937
[e068 s0800/1030] loss = 0.000974
[e068 s0850/1030] loss = 0.000958
[e068 s0900/1030] loss = 0.000936
[e068 s0950/1030] loss = 0.000916
[e068 s1000/1030] loss = 0.000906
Epoch 068: train_loss = 0.000894  MAE/GAME0 = 64.496  RMSE = 86.318  GAME1 = 64.499  GAME2 = 64.535  GAME3 = 64.651  lr = 1.00e-05  time = 19.2s
[e069 s0001/1030] loss = 0.000606
[e069 s0050/1030] loss = 0.000918
[e069 s0100/1030] loss = 0.000860
[e069 s0150/1030] loss = 0.001394
[e069 s0200/1030] loss = 0.001415
[e069 s0250/1030] loss = 0.001433
[e069 s0300/1030] loss = 0.001345
[e069 s0350/1030] loss = 0.001401
[e069 s0400/1030] loss = 0.001308
[e069 s0450/1030] loss = 0.001228
[e069 s0500/1030] loss = 0.001219
[e069 s0550/1030] loss = 0.001234
[e069 s0600/1030] loss = 0.001203
[e069 s0650/1030] loss = 0.001201
[e069 s0700/1030] loss = 0.001188
[e069 s0750/1030] loss = 0.001160
[e069 s0800/1030] loss = 0.001122
[e069 s0850/1030] loss = 0.001119
[e069 s0900/1030] loss = 0.001103
[e069 s0950/1030] loss = 0.001072
[e069 s1000/1030] loss = 0.001059
Epoch 069: train_loss = 0.001212  MAE/GAME0 = 26.813  RMSE = 53.913  GAME1 = 39.755  GAME2 = 50.189  GAME3 = 57.077  lr = 1.00e-05  time = 19.6s
[e070 s0001/1030] loss = 0.001716
[e070 s0050/1030] loss = 0.000751
[e070 s0100/1030] loss = 0.001002
[e070 s0150/1030] loss = 0.000896
[e070 s0200/1030] loss = 0.000929
[e070 s0250/1030] loss = 0.000900
[e070 s0300/1030] loss = 0.000885
[e070 s0350/1030] loss = 0.000843
[e070 s0400/1030] loss = 0.000871
[e070 s0450/1030] loss = 0.000904
[e070 s0500/1030] loss = 0.000886
[e070 s0550/1030] loss = 0.000906
[e070 s0600/1030] loss = 0.000927
[e070 s0650/1030] loss = 0.000921
[e070 s0700/1030] loss = 0.000934
[e070 s0750/1030] loss = 0.000935
[e070 s0800/1030] loss = 0.000934
[e070 s0850/1030] loss = 0.000923
[e070 s0900/1030] loss = 0.000901
[e070 s0950/1030] loss = 0.000875
[e070 s1000/1030] loss = 0.000859
Epoch 070: train_loss = 0.000869  MAE/GAME0 = 42.892  RMSE = 70.136  GAME1 = 48.593  GAME2 = 54.122  GAME3 = 57.550  lr = 1.00e-05  time = 19.6s
[e071 s0001/1030] loss = 0.000119
[e071 s0050/1030] loss = 0.000577
[e071 s0100/1030] loss = 0.000535
[e071 s0150/1030] loss = 0.000708
[e071 s0200/1030] loss = 0.000729
[e071 s0250/1030] loss = 0.000777
[e071 s0300/1030] loss = 0.000901
[e071 s0350/1030] loss = 0.000846
[e071 s0400/1030] loss = 0.000954
[e071 s0450/1030] loss = 0.000931
[e071 s0500/1030] loss = 0.000910
[e071 s0550/1030] loss = 0.000881
[e071 s0600/1030] loss = 0.000905
[e071 s0650/1030] loss = 0.000911
[e071 s0700/1030] loss = 0.000913
[e071 s0750/1030] loss = 0.000931
[e071 s0800/1030] loss = 0.000946
[e071 s0850/1030] loss = 0.000920
[e071 s0900/1030] loss = 0.000923
[e071 s0950/1030] loss = 0.000912
[e071 s1000/1030] loss = 0.000904
Epoch 071: train_loss = 0.000909  MAE/GAME0 = 31.581  RMSE = 59.431  GAME1 = 40.630  GAME2 = 48.065  GAME3 = 53.153  lr = 1.00e-05  time = 19.4s
[e072 s0001/1030] loss = 0.000864
[e072 s0050/1030] loss = 0.000444
[e072 s0100/1030] loss = 0.000818
[e072 s0150/1030] loss = 0.000812
[e072 s0200/1030] loss = 0.001340
[e072 s0250/1030] loss = 0.001231
[e072 s0300/1030] loss = 0.001206
[e072 s0350/1030] loss = 0.001214
[e072 s0400/1030] loss = 0.001152
[e072 s0450/1030] loss = 0.001086
[e072 s0500/1030] loss = 0.001053
[e072 s0550/1030] loss = 0.001026
[e072 s0600/1030] loss = 0.001049
[e072 s0650/1030] loss = 0.001023
[e072 s0700/1030] loss = 0.001103
[e072 s0750/1030] loss = 0.001099
[e072 s0800/1030] loss = 0.001082
[e072 s0850/1030] loss = 0.001044
[e072 s0900/1030] loss = 0.001010
[e072 s0950/1030] loss = 0.000988
[e072 s1000/1030] loss = 0.000993
Epoch 072: train_loss = 0.000987  MAE/GAME0 = 38.418  RMSE = 66.536  GAME1 = 45.453  GAME2 = 51.144  GAME3 = 55.023  lr = 1.00e-05  time = 19.5s
[e073 s0001/1030] loss = 0.000189
[e073 s0050/1030] loss = 0.000709
[e073 s0100/1030] loss = 0.000712
[e073 s0150/1030] loss = 0.000658
[e073 s0200/1030] loss = 0.000617
[e073 s0250/1030] loss = 0.000690
[e073 s0300/1030] loss = 0.000819
[e073 s0350/1030] loss = 0.000917
[e073 s0400/1030] loss = 0.000871
[e073 s0450/1030] loss = 0.000864
[e073 s0500/1030] loss = 0.000892
[e073 s0550/1030] loss = 0.001015
[e073 s0600/1030] loss = 0.001060
[e073 s0650/1030] loss = 0.001020
[e073 s0700/1030] loss = 0.001028
[e073 s0750/1030] loss = 0.001015
[e073 s0800/1030] loss = 0.001065
[e073 s0850/1030] loss = 0.001027
[e073 s0900/1030] loss = 0.001012
[e073 s0950/1030] loss = 0.000989
[e073 s1000/1030] loss = 0.001012
Epoch 073: train_loss = 0.001014  MAE/GAME0 = 45.816  RMSE = 71.741  GAME1 = 49.708  GAME2 = 53.917  GAME3 = 56.547  lr = 1.00e-05  time = 19.4s
[e074 s0001/1030] loss = 0.000325
[e074 s0050/1030] loss = 0.000595
[e074 s0100/1030] loss = 0.000806
[e074 s0150/1030] loss = 0.000717
[e074 s0200/1030] loss = 0.000997
[e074 s0250/1030] loss = 0.000937
[e074 s0300/1030] loss = 0.001020
[e074 s0350/1030] loss = 0.001035
[e074 s0400/1030] loss = 0.001067
[e074 s0450/1030] loss = 0.001154
[e074 s0500/1030] loss = 0.001104
[e074 s0550/1030] loss = 0.001100
[e074 s0600/1030] loss = 0.001098
[e074 s0650/1030] loss = 0.001071
[e074 s0700/1030] loss = 0.001155
[e074 s0750/1030] loss = 0.001133
[e074 s0800/1030] loss = 0.001083
[e074 s0850/1030] loss = 0.001096
[e074 s0900/1030] loss = 0.001084
[e074 s0950/1030] loss = 0.001107
[e074 s1000/1030] loss = 0.001087
Epoch 074: train_loss = 0.001075  MAE/GAME0 = 46.907  RMSE = 71.973  GAME1 = 49.691  GAME2 = 52.863  GAME3 = 54.901  lr = 1.00e-05  time = 19.5s
[e075 s0001/1030] loss = 0.000115
[e075 s0050/1030] loss = 0.001007
[e075 s0100/1030] loss = 0.001049
[e075 s0150/1030] loss = 0.001089
[e075 s0200/1030] loss = 0.001092
[e075 s0250/1030] loss = 0.001139
[e075 s0300/1030] loss = 0.001062
[e075 s0350/1030] loss = 0.001003
[e075 s0400/1030] loss = 0.001150
[e075 s0450/1030] loss = 0.001294
[e075 s0500/1030] loss = 0.001236
[e075 s0550/1030] loss = 0.001193
[e075 s0600/1030] loss = 0.001161
[e075 s0650/1030] loss = 0.001134
[e075 s0700/1030] loss = 0.001105
[e075 s0750/1030] loss = 0.001082
[e075 s0800/1030] loss = 0.001050
[e075 s0850/1030] loss = 0.001076
[e075 s0900/1030] loss = 0.001057
[e075 s0950/1030] loss = 0.001074
[e075 s1000/1030] loss = 0.001049
Epoch 075: train_loss = 0.001031  MAE/GAME0 = 56.647  RMSE = 80.687  GAME1 = 57.726  GAME2 = 59.115  GAME3 = 60.199  lr = 1.00e-05  time = 19.2s
[e076 s0001/1030] loss = 0.000188
[e076 s0050/1030] loss = 0.001374
[e076 s0100/1030] loss = 0.001199
[e076 s0150/1030] loss = 0.001285
[e076 s0200/1030] loss = 0.001266
[e076 s0250/1030] loss = 0.001179
[e076 s0300/1030] loss = 0.001166
[e076 s0350/1030] loss = 0.001149
[e076 s0400/1030] loss = 0.001075
[e076 s0450/1030] loss = 0.001033
[e076 s0500/1030] loss = 0.001219
[e076 s0550/1030] loss = 0.001363
[e076 s0600/1030] loss = 0.001329
[e076 s0650/1030] loss = 0.001295
[e076 s0700/1030] loss = 0.001314
[e076 s0750/1030] loss = 0.001288
[e076 s0800/1030] loss = 0.001279
[e076 s0850/1030] loss = 0.001322
[e076 s0900/1030] loss = 0.001279
[e076 s0950/1030] loss = 0.001258
[e076 s1000/1030] loss = 0.001245
Epoch 076: train_loss = 0.001228  MAE/GAME0 = 44.689  RMSE = 70.908  GAME1 = 48.293  GAME2 = 52.534  GAME3 = 55.109  lr = 1.00e-05  time = 19.4s
[e077 s0001/1030] loss = 0.000279
[e077 s0050/1030] loss = 0.000774
[e077 s0100/1030] loss = 0.001387
[e077 s0150/1030] loss = 0.001274
[e077 s0200/1030] loss = 0.001458
[e077 s0250/1030] loss = 0.001279
[e077 s0300/1030] loss = 0.001172
[e077 s0350/1030] loss = 0.001096
[e077 s0400/1030] loss = 0.001065
[e077 s0450/1030] loss = 0.001016
[e077 s0500/1030] loss = 0.001027
[e077 s0550/1030] loss = 0.001038
[e077 s0600/1030] loss = 0.001040
[e077 s0650/1030] loss = 0.001040
[e077 s0700/1030] loss = 0.001016
[e077 s0750/1030] loss = 0.001107
[e077 s0800/1030] loss = 0.001253
[e077 s0850/1030] loss = 0.001242
[e077 s0900/1030] loss = 0.001213
[e077 s0950/1030] loss = 0.001193
[e077 s1000/1030] loss = 0.001175
Epoch 077: train_loss = 0.001176  MAE/GAME0 = 26.787  RMSE = 52.491  GAME1 = 39.120  GAME2 = 49.815  GAME3 = 56.905  lr = 1.00e-05  time = 19.5s
[e078 s0001/1030] loss = 0.000261
[e078 s0050/1030] loss = 0.000615
[e078 s0100/1030] loss = 0.001567
[e078 s0150/1030] loss = 0.001533
[e078 s0200/1030] loss = 0.001304
[e078 s0250/1030] loss = 0.001206
[e078 s0300/1030] loss = 0.001127
[e078 s0350/1030] loss = 0.001095
[e078 s0400/1030] loss = 0.001179
[e078 s0450/1030] loss = 0.001258
[e078 s0500/1030] loss = 0.001177
[e078 s0550/1030] loss = 0.001211
[e078 s0600/1030] loss = 0.001194
[e078 s0650/1030] loss = 0.001168
[e078 s0700/1030] loss = 0.001136
[e078 s0750/1030] loss = 0.001099
[e078 s0800/1030] loss = 0.001094
[e078 s0850/1030] loss = 0.001113
[e078 s0900/1030] loss = 0.001101
[e078 s0950/1030] loss = 0.001077
[e078 s1000/1030] loss = 0.001077
Epoch 078: train_loss = 0.001069  MAE/GAME0 = 27.871  RMSE = 56.157  GAME1 = 41.900  GAME2 = 53.597  GAME3 = 60.788  lr = 1.00e-05  time = 19.3s
[e079 s0001/1030] loss = 0.000173
[e079 s0050/1030] loss = 0.000558
[e079 s0100/1030] loss = 0.000794
[e079 s0150/1030] loss = 0.000780
[e079 s0200/1030] loss = 0.000822
[e079 s0250/1030] loss = 0.000806
[e079 s0300/1030] loss = 0.000884
[e079 s0350/1030] loss = 0.000915
[e079 s0400/1030] loss = 0.000899
[e079 s0450/1030] loss = 0.000865
[e079 s0500/1030] loss = 0.001059
[e079 s0550/1030] loss = 0.001040
[e079 s0600/1030] loss = 0.001012
[e079 s0650/1030] loss = 0.001047
[e079 s0700/1030] loss = 0.001008
[e079 s0750/1030] loss = 0.000990
[e079 s0800/1030] loss = 0.001004
[e079 s0850/1030] loss = 0.001027
[e079 s0900/1030] loss = 0.001020
[e079 s0950/1030] loss = 0.001024
[e079 s1000/1030] loss = 0.001012
Epoch 079: train_loss = 0.001007  MAE/GAME0 = 51.292  RMSE = 77.826  GAME1 = 57.393  GAME2 = 63.548  GAME3 = 66.872  lr = 1.00e-05  time = 19.2s
[e080 s0001/1030] loss = 0.000230
[e080 s0050/1030] loss = 0.001456
[e080 s0100/1030] loss = 0.001112
[e080 s0150/1030] loss = 0.001093
[e080 s0200/1030] loss = 0.000946
[e080 s0250/1030] loss = 0.001002
[e080 s0300/1030] loss = 0.000991
[e080 s0350/1030] loss = 0.000968
[e080 s0400/1030] loss = 0.000966
[e080 s0450/1030] loss = 0.000923
[e080 s0500/1030] loss = 0.000976
[e080 s0550/1030] loss = 0.001136
[e080 s0600/1030] loss = 0.001082
[e080 s0650/1030] loss = 0.001076
[e080 s0700/1030] loss = 0.001026
[e080 s0750/1030] loss = 0.000995
[e080 s0800/1030] loss = 0.000968
[e080 s0850/1030] loss = 0.000976
[e080 s0900/1030] loss = 0.001029
[e080 s0950/1030] loss = 0.001028
[e080 s1000/1030] loss = 0.001012
Epoch 080: train_loss = 0.001025  MAE/GAME0 = 47.293  RMSE = 68.786  GAME1 = 47.836  GAME2 = 48.924  GAME3 = 50.376  lr = 1.00e-05  time = 19.5s
[e081 s0001/1030] loss = 0.000073
[e081 s0050/1030] loss = 0.003382
[e081 s0100/1030] loss = 0.002137
[e081 s0150/1030] loss = 0.001736
[e081 s0200/1030] loss = 0.001556
[e081 s0250/1030] loss = 0.001472
[e081 s0300/1030] loss = 0.001519
[e081 s0350/1030] loss = 0.001368
[e081 s0400/1030] loss = 0.001361
[e081 s0450/1030] loss = 0.001289
[e081 s0500/1030] loss = 0.001230
[e081 s0550/1030] loss = 0.001179
[e081 s0600/1030] loss = 0.001218
[e081 s0650/1030] loss = 0.001194
[e081 s0700/1030] loss = 0.001157
[e081 s0750/1030] loss = 0.001117
[e081 s0800/1030] loss = 0.001096
[e081 s0850/1030] loss = 0.001079
[e081 s0900/1030] loss = 0.001055
[e081 s0950/1030] loss = 0.001080
[e081 s1000/1030] loss = 0.001053
Epoch 081: train_loss = 0.001043  MAE/GAME0 = 33.051  RMSE = 63.536  GAME1 = 43.024  GAME2 = 51.356  GAME3 = 56.366  lr = 1.00e-05  time = 19.2s
[e082 s0001/1030] loss = 0.000098
[e082 s0050/1030] loss = 0.001053
[e082 s0100/1030] loss = 0.001052
[e082 s0150/1030] loss = 0.001234
[e082 s0200/1030] loss = 0.001641
[e082 s0250/1030] loss = 0.001467
[e082 s0300/1030] loss = 0.001343
[e082 s0350/1030] loss = 0.001283
[e082 s0400/1030] loss = 0.001242
[e082 s0450/1030] loss = 0.001245
[e082 s0500/1030] loss = 0.001246
[e082 s0550/1030] loss = 0.001261
[e082 s0600/1030] loss = 0.001204
[e082 s0650/1030] loss = 0.001220
[e082 s0700/1030] loss = 0.001203
[e082 s0750/1030] loss = 0.001166
[e082 s0800/1030] loss = 0.001186
[e082 s0850/1030] loss = 0.001158
[e082 s0900/1030] loss = 0.001134
[e082 s0950/1030] loss = 0.001136
[e082 s1000/1030] loss = 0.001114
Epoch 082: train_loss = 0.001098  MAE/GAME0 = 38.693  RMSE = 66.195  GAME1 = 45.485  GAME2 = 51.875  GAME3 = 55.784  lr = 1.00e-05  time = 19.5s
[e083 s0001/1030] loss = 0.000302
[e083 s0050/1030] loss = 0.000498
[e083 s0100/1030] loss = 0.000530
[e083 s0150/1030] loss = 0.000769
[e083 s0200/1030] loss = 0.000771
[e083 s0250/1030] loss = 0.000800
[e083 s0300/1030] loss = 0.000713
[e083 s0350/1030] loss = 0.000782
[e083 s0400/1030] loss = 0.001018
[e083 s0450/1030] loss = 0.001055
[e083 s0500/1030] loss = 0.001038
[e083 s0550/1030] loss = 0.001133
[e083 s0600/1030] loss = 0.001147
[e083 s0650/1030] loss = 0.001110
[e083 s0700/1030] loss = 0.001083
[e083 s0750/1030] loss = 0.001049
[e083 s0800/1030] loss = 0.001050
[e083 s0850/1030] loss = 0.001054
[e083 s0900/1030] loss = 0.001070
[e083 s0950/1030] loss = 0.001041
[e083 s1000/1030] loss = 0.001019
Epoch 083: train_loss = 0.001006  MAE/GAME0 = 51.202  RMSE = 76.264  GAME1 = 52.998  GAME2 = 55.436  GAME3 = 56.880  lr = 1.00e-05  time = 19.4s
[e084 s0001/1030] loss = 0.000082
[e084 s0050/1030] loss = 0.000380
[e084 s0100/1030] loss = 0.000380
[e084 s0150/1030] loss = 0.000740
[e084 s0200/1030] loss = 0.000731
[e084 s0250/1030] loss = 0.000765
[e084 s0300/1030] loss = 0.000832
[e084 s0350/1030] loss = 0.000825
[e084 s0400/1030] loss = 0.000803
[e084 s0450/1030] loss = 0.000760
[e084 s0500/1030] loss = 0.000740
[e084 s0550/1030] loss = 0.000735
[e084 s0600/1030] loss = 0.000750
[e084 s0650/1030] loss = 0.000784
[e084 s0700/1030] loss = 0.000766
[e084 s0750/1030] loss = 0.000775
[e084 s0800/1030] loss = 0.000799
[e084 s0850/1030] loss = 0.000786
[e084 s0900/1030] loss = 0.000780
[e084 s0950/1030] loss = 0.000816
[e084 s1000/1030] loss = 0.000901
Epoch 084: train_loss = 0.000889  MAE/GAME0 = 51.672  RMSE = 77.079  GAME1 = 52.581  GAME2 = 53.881  GAME3 = 55.024  lr = 1.00e-05  time = 19.2s
[e085 s0001/1030] loss = 0.000391
[e085 s0050/1030] loss = 0.001024
[e085 s0100/1030] loss = 0.001125
[e085 s0150/1030] loss = 0.001026
[e085 s0200/1030] loss = 0.000975
[e085 s0250/1030] loss = 0.001140
[e085 s0300/1030] loss = 0.001149
[e085 s0350/1030] loss = 0.001051
[e085 s0400/1030] loss = 0.001000
[e085 s0450/1030] loss = 0.001061
[e085 s0500/1030] loss = 0.001045
[e085 s0550/1030] loss = 0.001045
[e085 s0600/1030] loss = 0.001033
[e085 s0650/1030] loss = 0.000999
[e085 s0700/1030] loss = 0.000976
[e085 s0750/1030] loss = 0.000968
[e085 s0800/1030] loss = 0.000949
[e085 s0850/1030] loss = 0.000931
[e085 s0900/1030] loss = 0.000934
[e085 s0950/1030] loss = 0.000978
[e085 s1000/1030] loss = 0.000979
Epoch 085: train_loss = 0.001018  MAE/GAME0 = 52.320  RMSE = 75.982  GAME1 = 52.526  GAME2 = 53.120  GAME3 = 53.977  lr = 1.00e-05  time = 19.3s
[e086 s0001/1030] loss = 0.000035
[e086 s0050/1030] loss = 0.001586
[e086 s0100/1030] loss = 0.001156
[e086 s0150/1030] loss = 0.001146
[e086 s0200/1030] loss = 0.001006
[e086 s0250/1030] loss = 0.000923
[e086 s0300/1030] loss = 0.000972
[e086 s0350/1030] loss = 0.000952
[e086 s0400/1030] loss = 0.001046
[e086 s0450/1030] loss = 0.001095
[e086 s0500/1030] loss = 0.001061
[e086 s0550/1030] loss = 0.001046
[e086 s0600/1030] loss = 0.001037
[e086 s0650/1030] loss = 0.001018
[e086 s0700/1030] loss = 0.000999
[e086 s0750/1030] loss = 0.001023
[e086 s0800/1030] loss = 0.000992
[e086 s0850/1030] loss = 0.000976
[e086 s0900/1030] loss = 0.000954
[e086 s0950/1030] loss = 0.000982
[e086 s1000/1030] loss = 0.000971
Epoch 086: train_loss = 0.000973  MAE/GAME0 = 60.925  RMSE = 83.713  GAME1 = 60.943  GAME2 = 61.030  GAME3 = 61.260  lr = 1.00e-05  time = 19.6s
[e087 s0001/1030] loss = 0.000646
[e087 s0050/1030] loss = 0.001212
[e087 s0100/1030] loss = 0.001317
[e087 s0150/1030] loss = 0.001150
[e087 s0200/1030] loss = 0.001176
[e087 s0250/1030] loss = 0.001148
[e087 s0300/1030] loss = 0.001200
[e087 s0350/1030] loss = 0.001133
[e087 s0400/1030] loss = 0.001162
[e087 s0450/1030] loss = 0.001133
[e087 s0500/1030] loss = 0.001220
[e087 s0550/1030] loss = 0.001319
[e087 s0600/1030] loss = 0.001317
[e087 s0650/1030] loss = 0.001272
[e087 s0700/1030] loss = 0.001220
[e087 s0750/1030] loss = 0.001178
[e087 s0800/1030] loss = 0.001143
[e087 s0850/1030] loss = 0.001131
[e087 s0900/1030] loss = 0.001097
[e087 s0950/1030] loss = 0.001089
[e087 s1000/1030] loss = 0.001084
Epoch 087: train_loss = 0.001069  MAE/GAME0 = 64.401  RMSE = 85.932  GAME1 = 64.442  GAME2 = 64.549  GAME3 = 64.763  lr = 1.00e-05  time = 19.3s
[e088 s0001/1030] loss = 0.000278
[e088 s0050/1030] loss = 0.000592
[e088 s0100/1030] loss = 0.000652
[e088 s0150/1030] loss = 0.000663
[e088 s0200/1030] loss = 0.000730
[e088 s0250/1030] loss = 0.000680
[e088 s0300/1030] loss = 0.000783
[e088 s0350/1030] loss = 0.000854
[e088 s0400/1030] loss = 0.000914
[e088 s0450/1030] loss = 0.000896
[e088 s0500/1030] loss = 0.000874
[e088 s0550/1030] loss = 0.000848
[e088 s0600/1030] loss = 0.000820
[e088 s0650/1030] loss = 0.000805
[e088 s0700/1030] loss = 0.000783
[e088 s0750/1030] loss = 0.000772
[e088 s0800/1030] loss = 0.000772
[e088 s0850/1030] loss = 0.001010
[e088 s0900/1030] loss = 0.001015
[e088 s0950/1030] loss = 0.001033
[e088 s1000/1030] loss = 0.001060
Epoch 088: train_loss = 0.001063  MAE/GAME0 = 52.701  RMSE = 77.014  GAME1 = 53.758  GAME2 = 55.286  GAME3 = 56.352  lr = 1.00e-05  time = 19.3s
[e089 s0001/1030] loss = 0.000192
[e089 s0050/1030] loss = 0.000639
[e089 s0100/1030] loss = 0.000787
[e089 s0150/1030] loss = 0.000782
[e089 s0200/1030] loss = 0.000778
[e089 s0250/1030] loss = 0.000830
[e089 s0300/1030] loss = 0.001277
[e089 s0350/1030] loss = 0.001170
[e089 s0400/1030] loss = 0.001129
[e089 s0450/1030] loss = 0.001167
[e089 s0500/1030] loss = 0.001118
[e089 s0550/1030] loss = 0.001063
[e089 s0600/1030] loss = 0.001043
[e089 s0650/1030] loss = 0.001018
[e089 s0700/1030] loss = 0.000989
[e089 s0750/1030] loss = 0.000964
[e089 s0800/1030] loss = 0.001011
[e089 s0850/1030] loss = 0.001037
[e089 s0900/1030] loss = 0.001028
[e089 s0950/1030] loss = 0.001011
[e089 s1000/1030] loss = 0.001025
Epoch 089: train_loss = 0.001022  MAE/GAME0 = 31.103  RMSE = 59.242  GAME1 = 45.703  GAME2 = 57.646  GAME3 = 64.373  lr = 1.00e-05  time = 19.5s
[e090 s0001/1030] loss = 0.000142
[e090 s0050/1030] loss = 0.000521
[e090 s0100/1030] loss = 0.000780
[e090 s0150/1030] loss = 0.000796
[e090 s0200/1030] loss = 0.001061
[e090 s0250/1030] loss = 0.001059
[e090 s0300/1030] loss = 0.000997
[e090 s0350/1030] loss = 0.001044
[e090 s0400/1030] loss = 0.000998
[e090 s0450/1030] loss = 0.000988
[e090 s0500/1030] loss = 0.001016
[e090 s0550/1030] loss = 0.001068
[e090 s0600/1030] loss = 0.001033
[e090 s0650/1030] loss = 0.001027
[e090 s0700/1030] loss = 0.001028
[e090 s0750/1030] loss = 0.001030
[e090 s0800/1030] loss = 0.000998
[e090 s0850/1030] loss = 0.001013
[e090 s0900/1030] loss = 0.001013
[e090 s0950/1030] loss = 0.001008
[e090 s1000/1030] loss = 0.001058
Epoch 090: train_loss = 0.001064  MAE/GAME0 = 26.311  RMSE = 52.749  GAME1 = 39.430  GAME2 = 50.160  GAME3 = 57.068  lr = 1.00e-05  time = 19.4s
[e091 s0001/1030] loss = 0.000158
[e091 s0050/1030] loss = 0.000754
[e091 s0100/1030] loss = 0.000891
[e091 s0150/1030] loss = 0.000873
[e091 s0200/1030] loss = 0.000931
[e091 s0250/1030] loss = 0.000924
[e091 s0300/1030] loss = 0.000960
[e091 s0350/1030] loss = 0.001026
[e091 s0400/1030] loss = 0.000997
[e091 s0450/1030] loss = 0.001094
[e091 s0500/1030] loss = 0.001125
[e091 s0550/1030] loss = 0.001101
[e091 s0600/1030] loss = 0.001065
[e091 s0650/1030] loss = 0.001023
[e091 s0700/1030] loss = 0.001052
[e091 s0750/1030] loss = 0.001022
[e091 s0800/1030] loss = 0.001041
[e091 s0850/1030] loss = 0.001039
[e091 s0900/1030] loss = 0.001051
[e091 s0950/1030] loss = 0.001085
[e091 s1000/1030] loss = 0.001059
Epoch 091: train_loss = 0.001061  MAE/GAME0 = 36.486  RMSE = 64.536  GAME1 = 44.151  GAME2 = 50.628  GAME3 = 54.754  lr = 1.00e-05  time = 19.4s
[e092 s0001/1030] loss = 0.003111
[e092 s0050/1030] loss = 0.001036
[e092 s0100/1030] loss = 0.001598
[e092 s0150/1030] loss = 0.002435
[e092 s0200/1030] loss = 0.002011
[e092 s0250/1030] loss = 0.001967
[e092 s0300/1030] loss = 0.001730
[e092 s0350/1030] loss = 0.001654
[e092 s0400/1030] loss = 0.001684
[e092 s0450/1030] loss = 0.001642
[e092 s0500/1030] loss = 0.001561
[e092 s0550/1030] loss = 0.001474
[e092 s0600/1030] loss = 0.001422
[e092 s0650/1030] loss = 0.001415
[e092 s0700/1030] loss = 0.001360
[e092 s0750/1030] loss = 0.001299
[e092 s0800/1030] loss = 0.001253
[e092 s0850/1030] loss = 0.001252
[e092 s0900/1030] loss = 0.001222
[e092 s0950/1030] loss = 0.001231
[e092 s1000/1030] loss = 0.001229
Epoch 092: train_loss = 0.001219  MAE/GAME0 = 57.007  RMSE = 81.350  GAME1 = 57.450  GAME2 = 58.190  GAME3 = 59.086  lr = 1.00e-05  time = 19.4s
[e093 s0001/1030] loss = 0.001576
[e093 s0050/1030] loss = 0.001534
[e093 s0100/1030] loss = 0.001019
[e093 s0150/1030] loss = 0.000895
[e093 s0200/1030] loss = 0.000906
[e093 s0250/1030] loss = 0.001162
[e093 s0300/1030] loss = 0.001214
[e093 s0350/1030] loss = 0.001135
[e093 s0400/1030] loss = 0.001109
[e093 s0450/1030] loss = 0.001049
[e093 s0500/1030] loss = 0.001086
[e093 s0550/1030] loss = 0.001086
[e093 s0600/1030] loss = 0.001115
[e093 s0650/1030] loss = 0.001109
[e093 s0700/1030] loss = 0.001106
[e093 s0750/1030] loss = 0.001089
[e093 s0800/1030] loss = 0.001064
[e093 s0850/1030] loss = 0.001051
[e093 s0900/1030] loss = 0.001046
[e093 s0950/1030] loss = 0.001020
[e093 s1000/1030] loss = 0.000999
Epoch 093: train_loss = 0.001011  MAE/GAME0 = 60.728  RMSE = 85.711  GAME1 = 61.691  GAME2 = 63.161  GAME3 = 63.923  lr = 1.00e-05  time = 19.6s
[e094 s0001/1030] loss = 0.000211
[e094 s0050/1030] loss = 0.001476
[e094 s0100/1030] loss = 0.001074
[e094 s0150/1030] loss = 0.000977
[e094 s0200/1030] loss = 0.001932
[e094 s0250/1030] loss = 0.001719
[e094 s0300/1030] loss = 0.001759
[e094 s0350/1030] loss = 0.001733
[e094 s0400/1030] loss = 0.001586
[e094 s0450/1030] loss = 0.001484
[e094 s0500/1030] loss = 0.001420
[e094 s0550/1030] loss = 0.001417
[e094 s0600/1030] loss = 0.001361
[e094 s0650/1030] loss = 0.001308
[e094 s0700/1030] loss = 0.001274
[e094 s0750/1030] loss = 0.001269
[e094 s0800/1030] loss = 0.001232
[e094 s0850/1030] loss = 0.001184
[e094 s0900/1030] loss = 0.001142
[e094 s0950/1030] loss = 0.001164
[e094 s1000/1030] loss = 0.001191
Epoch 094: train_loss = 0.001186  MAE/GAME0 = 26.915  RMSE = 56.144  GAME1 = 37.046  GAME2 = 45.364  GAME3 = 51.319  lr = 1.00e-05  time = 19.3s
[e095 s0001/1030] loss = 0.000402
[e095 s0050/1030] loss = 0.002214
[e095 s0100/1030] loss = 0.001432
[e095 s0150/1030] loss = 0.001184
[e095 s0200/1030] loss = 0.001048
[e095 s0250/1030] loss = 0.000973
[e095 s0300/1030] loss = 0.000934
[e095 s0350/1030] loss = 0.000952
[e095 s0400/1030] loss = 0.001039
[e095 s0450/1030] loss = 0.001063
[e095 s0500/1030] loss = 0.001174
[e095 s0550/1030] loss = 0.001146
[e095 s0600/1030] loss = 0.001179
[e095 s0650/1030] loss = 0.001136
[e095 s0700/1030] loss = 0.001108
[e095 s0750/1030] loss = 0.001113
[e095 s0800/1030] loss = 0.001212
[e095 s0850/1030] loss = 0.001228
[e095 s0900/1030] loss = 0.001239
[e095 s0950/1030] loss = 0.001224
[e095 s1000/1030] loss = 0.001217
Epoch 095: train_loss = 0.001236  MAE/GAME0 = 34.068  RMSE = 63.016  GAME1 = 44.743  GAME2 = 53.375  GAME3 = 58.716  lr = 1.00e-05  time = 19.2s
[e096 s0001/1030] loss = 0.000100
[e096 s0050/1030] loss = 0.000731
[e096 s0100/1030] loss = 0.000625
[e096 s0150/1030] loss = 0.000860
[e096 s0200/1030] loss = 0.000842
[e096 s0250/1030] loss = 0.000859
[e096 s0300/1030] loss = 0.000821
[e096 s0350/1030] loss = 0.000928
[e096 s0400/1030] loss = 0.000898
[e096 s0450/1030] loss = 0.000893
[e096 s0500/1030] loss = 0.000888
[e096 s0550/1030] loss = 0.000893
[e096 s0600/1030] loss = 0.000947
[e096 s0650/1030] loss = 0.000943
[e096 s0700/1030] loss = 0.000943
[e096 s0750/1030] loss = 0.000965
[e096 s0800/1030] loss = 0.000960
[e096 s0850/1030] loss = 0.000946
[e096 s0900/1030] loss = 0.000928
[e096 s0950/1030] loss = 0.000945
[e096 s1000/1030] loss = 0.000965
Epoch 096: train_loss = 0.000956  MAE/GAME0 = 56.664  RMSE = 80.453  GAME1 = 57.091  GAME2 = 57.860  GAME3 = 58.442  lr = 1.00e-05  time = 19.2s
[e097 s0001/1030] loss = 0.000375
[e097 s0050/1030] loss = 0.000633
[e097 s0100/1030] loss = 0.000760
[e097 s0150/1030] loss = 0.000782
[e097 s0200/1030] loss = 0.000786
[e097 s0250/1030] loss = 0.000911
[e097 s0300/1030] loss = 0.000883
[e097 s0350/1030] loss = 0.000997
[e097 s0400/1030] loss = 0.001025
[e097 s0450/1030] loss = 0.000993
[e097 s0500/1030] loss = 0.000986
[e097 s0550/1030] loss = 0.001048
[e097 s0600/1030] loss = 0.001048
[e097 s0650/1030] loss = 0.001033
[e097 s0700/1030] loss = 0.001133
[e097 s0750/1030] loss = 0.001106
[e097 s0800/1030] loss = 0.001075
[e097 s0850/1030] loss = 0.001057
[e097 s0900/1030] loss = 0.001056
[e097 s0950/1030] loss = 0.001025
[e097 s1000/1030] loss = 0.001011
Epoch 097: train_loss = 0.000995  MAE/GAME0 = 40.584  RMSE = 67.199  GAME1 = 44.779  GAME2 = 48.792  GAME3 = 51.574  lr = 1.00e-05  time = 19.2s
[e098 s0001/1030] loss = 0.000081
[e098 s0050/1030] loss = 0.000846
[e098 s0100/1030] loss = 0.001400
[e098 s0150/1030] loss = 0.001343
[e098 s0200/1030] loss = 0.001393
[e098 s0250/1030] loss = 0.001360
[e098 s0300/1030] loss = 0.001257
[e098 s0350/1030] loss = 0.001150
[e098 s0400/1030] loss = 0.001058
[e098 s0450/1030] loss = 0.001038
[e098 s0500/1030] loss = 0.001004
[e098 s0550/1030] loss = 0.001003
[e098 s0600/1030] loss = 0.000976
[e098 s0650/1030] loss = 0.000978
[e098 s0700/1030] loss = 0.000960
[e098 s0750/1030] loss = 0.000982
[e098 s0800/1030] loss = 0.001095
[e098 s0850/1030] loss = 0.001081
[e098 s0900/1030] loss = 0.001065
[e098 s0950/1030] loss = 0.001039
[e098 s1000/1030] loss = 0.001088
Epoch 098: train_loss = 0.001091  MAE/GAME0 = 32.456  RMSE = 53.985  GAME1 = 44.116  GAME2 = 54.205  GAME3 = 61.366  lr = 1.00e-05  time = 19.2s
[e099 s0001/1030] loss = 0.000863
[e099 s0050/1030] loss = 0.000888
[e099 s0100/1030] loss = 0.000724
[e099 s0150/1030] loss = 0.000746
[e099 s0200/1030] loss = 0.001451
[e099 s0250/1030] loss = 0.001346
[e099 s0300/1030] loss = 0.001246
[e099 s0350/1030] loss = 0.001196
[e099 s0400/1030] loss = 0.001201
[e099 s0450/1030] loss = 0.001182
[e099 s0500/1030] loss = 0.001110
[e099 s0550/1030] loss = 0.001085
[e099 s0600/1030] loss = 0.001263
[e099 s0650/1030] loss = 0.001232
[e099 s0700/1030] loss = 0.001212
[e099 s0750/1030] loss = 0.001174
[e099 s0800/1030] loss = 0.001186
[e099 s0850/1030] loss = 0.001164
[e099 s0900/1030] loss = 0.001153
[e099 s0950/1030] loss = 0.001155
[e099 s1000/1030] loss = 0.001174
Epoch 099: train_loss = 0.001154  MAE/GAME0 = 43.650  RMSE = 68.684  GAME1 = 48.441  GAME2 = 53.735  GAME3 = 56.768  lr = 1.00e-05  time = 19.6s
[e100 s0001/1030] loss = 0.000048
[e100 s0050/1030] loss = 0.000562
[e100 s0100/1030] loss = 0.000558
[e100 s0150/1030] loss = 0.000630
[e100 s0200/1030] loss = 0.000637
[e100 s0250/1030] loss = 0.000694
[e100 s0300/1030] loss = 0.000961
[e100 s0350/1030] loss = 0.000946
[e100 s0400/1030] loss = 0.001004
[e100 s0450/1030] loss = 0.000976
[e100 s0500/1030] loss = 0.000964
[e100 s0550/1030] loss = 0.000929
[e100 s0600/1030] loss = 0.000896
[e100 s0650/1030] loss = 0.000995
[e100 s0700/1030] loss = 0.001017
[e100 s0750/1030] loss = 0.001013
[e100 s0800/1030] loss = 0.001042
[e100 s0850/1030] loss = 0.001022
[e100 s0900/1030] loss = 0.001016
[e100 s0950/1030] loss = 0.001136
[e100 s1000/1030] loss = 0.001146
Epoch 100: train_loss = 0.001152  MAE/GAME0 = 28.316  RMSE = 54.819  GAME1 = 41.851  GAME2 = 52.370  GAME3 = 59.448  lr = 1.00e-05  time = 20.5s
[done] best_mae = 26.294  best_path = /scratch/users/ntu/kenneth0/FYP-SmartObjectCounter/outputs/rgbt_adaptive_late_e100_sanity/12749892.pbs101_20260117_041104/best.pth
