[log] /scratch/users/ntu/kenneth0/FYP-SmartObjectCounter/logs/train_t_e100_12735451.pbs101_20260114_143425.log
[init] device = cuda
[init] train = 1030  val = 200  workers = 4
[e001 s0001/1030] loss = 732.072388
[e001 s0050/1030] loss = 168.031578
[e001 s0100/1030] loss = 84.157386
[e001 s0150/1030] loss = 56.108674
[e001 s0200/1030] loss = 42.082315
[e001 s0250/1030] loss = 33.666228
[e001 s0300/1030] loss = 28.055405
[e001 s0350/1030] loss = 24.047626
[e001 s0400/1030] loss = 21.041814
[e001 s0450/1030] loss = 18.703959
[e001 s0500/1030] loss = 16.833693
[e001 s0550/1030] loss = 15.303423
[e001 s0600/1030] loss = 14.028223
[e001 s0650/1030] loss = 12.949187
[e001 s0700/1030] loss = 12.024311
[e001 s0750/1030] loss = 11.222744
[e001 s0800/1030] loss = 10.521372
[e001 s0850/1030] loss = 9.902505
[e001 s0900/1030] loss = 9.352399
[e001 s0950/1030] loss = 8.860215
[e001 s1000/1030] loss = 8.417253
-> saved t_best.pth (MAE/GAME0 76.52)
Epoch 001: train_loss = 8.172118  MAE/GAME0 = 76.52  RMSE = 87.84  GAME1 = 23.59  GAME2 = 7.34  GAME3 = 2.06  lr = 1.00e-05  time = 103.3s
[e002 s0001/1030] loss = 0.000522
[e002 s0050/1030] loss = 0.001609
[e002 s0100/1030] loss = 0.001070
[e002 s0150/1030] loss = 0.000885
[e002 s0200/1030] loss = 0.000751
[e002 s0250/1030] loss = 0.000778
[e002 s0300/1030] loss = 0.000790
[e002 s0350/1030] loss = 0.000750
[e002 s0400/1030] loss = 0.000762
[e002 s0450/1030] loss = 0.000723
[e002 s0500/1030] loss = 0.000739
[e002 s0550/1030] loss = 0.000746
[e002 s0600/1030] loss = 0.000730
[e002 s0650/1030] loss = 0.000699
[e002 s0700/1030] loss = 0.000666
[e002 s0750/1030] loss = 0.000637
[e002 s0800/1030] loss = 0.000633
[e002 s0850/1030] loss = 0.000624
[e002 s0900/1030] loss = 0.000608
[e002 s0950/1030] loss = 0.000683
[e002 s1000/1030] loss = 0.000682
-> saved t_best.pth (MAE/GAME0 31.58)
Epoch 002: train_loss = 0.000674  MAE/GAME0 = 31.58  RMSE = 58.41  GAME1 = 11.32  GAME2 = 3.65  GAME3 = 1.05  lr = 1.00e-05  time = 27.5s
[e003 s0001/1030] loss = 0.000036
[e003 s0050/1030] loss = 0.000238
[e003 s0100/1030] loss = 0.000435
[e003 s0150/1030] loss = 0.000647
[e003 s0200/1030] loss = 0.000578
[e003 s0250/1030] loss = 0.000650
[e003 s0300/1030] loss = 0.000703
[e003 s0350/1030] loss = 0.000673
[e003 s0400/1030] loss = 0.000624
[e003 s0450/1030] loss = 0.000580
[e003 s0500/1030] loss = 0.000559
[e003 s0550/1030] loss = 0.000580
[e003 s0600/1030] loss = 0.000553
[e003 s0650/1030] loss = 0.000546
[e003 s0700/1030] loss = 0.000623
[e003 s0750/1030] loss = 0.000623
[e003 s0800/1030] loss = 0.000628
[e003 s0850/1030] loss = 0.000617
[e003 s0900/1030] loss = 0.000601
[e003 s0950/1030] loss = 0.000593
[e003 s1000/1030] loss = 0.000578
Epoch 003: train_loss = 0.000568  MAE/GAME0 = 53.49  RMSE = 67.55  GAME1 = 14.17  GAME2 = 3.90  GAME3 = 1.09  lr = 1.00e-05  time = 26.0s
[e004 s0001/1030] loss = 0.000219
[e004 s0050/1030] loss = 0.000814
[e004 s0100/1030] loss = 0.000520
[e004 s0150/1030] loss = 0.000418
[e004 s0200/1030] loss = 0.000383
[e004 s0250/1030] loss = 0.000723
[e004 s0300/1030] loss = 0.000661
[e004 s0350/1030] loss = 0.000627
[e004 s0400/1030] loss = 0.000573
[e004 s0450/1030] loss = 0.000754
[e004 s0500/1030] loss = 0.000719
[e004 s0550/1030] loss = 0.000728
[e004 s0600/1030] loss = 0.000697
[e004 s0650/1030] loss = 0.000661
[e004 s0700/1030] loss = 0.000647
[e004 s0750/1030] loss = 0.000634
[e004 s0800/1030] loss = 0.000602
[e004 s0850/1030] loss = 0.000600
[e004 s0900/1030] loss = 0.000577
[e004 s0950/1030] loss = 0.000586
[e004 s1000/1030] loss = 0.000604
-> saved t_best.pth (MAE/GAME0 25.12)
Epoch 004: train_loss = 0.000590  MAE/GAME0 = 25.12  RMSE = 49.69  GAME1 = 8.43  GAME2 = 2.54  GAME3 = 0.78  lr = 1.00e-05  time = 24.3s
[e005 s0001/1030] loss = 0.000078
[e005 s0050/1030] loss = 0.000252
[e005 s0100/1030] loss = 0.000255
[e005 s0150/1030] loss = 0.000383
[e005 s0200/1030] loss = 0.000348
[e005 s0250/1030] loss = 0.000377
[e005 s0300/1030] loss = 0.000357
[e005 s0350/1030] loss = 0.000364
[e005 s0400/1030] loss = 0.000378
[e005 s0450/1030] loss = 0.000354
[e005 s0500/1030] loss = 0.000344
[e005 s0550/1030] loss = 0.000333
[e005 s0600/1030] loss = 0.000356
[e005 s0650/1030] loss = 0.000372
[e005 s0700/1030] loss = 0.000360
[e005 s0750/1030] loss = 0.000349
[e005 s0800/1030] loss = 0.000373
[e005 s0850/1030] loss = 0.000366
[e005 s0900/1030] loss = 0.000358
[e005 s0950/1030] loss = 0.000356
[e005 s1000/1030] loss = 0.000480
Epoch 005: train_loss = 0.000481  MAE/GAME0 = 59.57  RMSE = 79.99  GAME1 = 15.31  GAME2 = 4.09  GAME3 = 1.13  lr = 1.00e-05  time = 25.3s
[e006 s0001/1030] loss = 0.000025
[e006 s0050/1030] loss = 0.000475
[e006 s0100/1030] loss = 0.000694
[e006 s0150/1030] loss = 0.000868
[e006 s0200/1030] loss = 0.000762
[e006 s0250/1030] loss = 0.000750
[e006 s0300/1030] loss = 0.000666
[e006 s0350/1030] loss = 0.000608
[e006 s0400/1030] loss = 0.000571
[e006 s0450/1030] loss = 0.000543
[e006 s0500/1030] loss = 0.000509
[e006 s0550/1030] loss = 0.000514
[e006 s0600/1030] loss = 0.000492
[e006 s0650/1030] loss = 0.000477
[e006 s0700/1030] loss = 0.000479
[e006 s0750/1030] loss = 0.000468
[e006 s0800/1030] loss = 0.000452
[e006 s0850/1030] loss = 0.000446
[e006 s0900/1030] loss = 0.000439
[e006 s0950/1030] loss = 0.000430
[e006 s1000/1030] loss = 0.000418
Epoch 006: train_loss = 0.000418  MAE/GAME0 = 28.65  RMSE = 44.95  GAME1 = 9.24  GAME2 = 2.75  GAME3 = 0.80  lr = 1.00e-05  time = 24.1s
[e007 s0001/1030] loss = 0.000097
[e007 s0050/1030] loss = 0.000164
[e007 s0100/1030] loss = 0.000404
[e007 s0150/1030] loss = 0.000396
[e007 s0200/1030] loss = 0.000383
[e007 s0250/1030] loss = 0.000358
[e007 s0300/1030] loss = 0.000649
[e007 s0350/1030] loss = 0.000673
[e007 s0400/1030] loss = 0.000611
[e007 s0450/1030] loss = 0.000596
[e007 s0500/1030] loss = 0.000566
[e007 s0550/1030] loss = 0.000543
[e007 s0600/1030] loss = 0.000534
[e007 s0650/1030] loss = 0.000513
[e007 s0700/1030] loss = 0.000522
[e007 s0750/1030] loss = 0.000503
[e007 s0800/1030] loss = 0.000484
[e007 s0850/1030] loss = 0.000466
[e007 s0900/1030] loss = 0.000448
[e007 s0950/1030] loss = 0.000444
[e007 s1000/1030] loss = 0.000437
-> saved t_best.pth (MAE/GAME0 22.96)
Epoch 007: train_loss = 0.000430  MAE/GAME0 = 22.96  RMSE = 39.40  GAME1 = 7.44  GAME2 = 2.22  GAME3 = 0.65  lr = 1.00e-05  time = 24.3s
[e008 s0001/1030] loss = 0.000200
[e008 s0050/1030] loss = 0.000275
[e008 s0100/1030] loss = 0.000279
[e008 s0150/1030] loss = 0.000350
[e008 s0200/1030] loss = 0.000301
[e008 s0250/1030] loss = 0.000362
[e008 s0300/1030] loss = 0.000337
[e008 s0350/1030] loss = 0.000329
[e008 s0400/1030] loss = 0.000306
[e008 s0450/1030] loss = 0.000321
[e008 s0500/1030] loss = 0.000314
[e008 s0550/1030] loss = 0.000347
[e008 s0600/1030] loss = 0.000331
[e008 s0650/1030] loss = 0.000320
[e008 s0700/1030] loss = 0.000321
[e008 s0750/1030] loss = 0.000317
[e008 s0800/1030] loss = 0.000369
[e008 s0850/1030] loss = 0.000365
[e008 s0900/1030] loss = 0.000371
[e008 s0950/1030] loss = 0.000382
[e008 s1000/1030] loss = 0.000375
Epoch 008: train_loss = 0.000371  MAE/GAME0 = 33.61  RMSE = 60.48  GAME1 = 9.62  GAME2 = 2.81  GAME3 = 0.83  lr = 1.00e-05  time = 24.2s
[e009 s0001/1030] loss = 0.005772
[e009 s0050/1030] loss = 0.000262
[e009 s0100/1030] loss = 0.000290
[e009 s0150/1030] loss = 0.000312
[e009 s0200/1030] loss = 0.000488
[e009 s0250/1030] loss = 0.000433
[e009 s0300/1030] loss = 0.000436
[e009 s0350/1030] loss = 0.000487
[e009 s0400/1030] loss = 0.000456
[e009 s0450/1030] loss = 0.000418
[e009 s0500/1030] loss = 0.000409
[e009 s0550/1030] loss = 0.000393
[e009 s0600/1030] loss = 0.000420
[e009 s0650/1030] loss = 0.000399
[e009 s0700/1030] loss = 0.000405
[e009 s0750/1030] loss = 0.000392
[e009 s0800/1030] loss = 0.000390
[e009 s0850/1030] loss = 0.000384
[e009 s0900/1030] loss = 0.000367
[e009 s0950/1030] loss = 0.000358
[e009 s1000/1030] loss = 0.000354
Epoch 009: train_loss = 0.000363  MAE/GAME0 = 33.80  RMSE = 42.30  GAME1 = 9.48  GAME2 = 2.73  GAME3 = 0.79  lr = 1.00e-05  time = 24.1s
[e010 s0001/1030] loss = 0.000042
[e010 s0050/1030] loss = 0.000334
[e010 s0100/1030] loss = 0.000281
[e010 s0150/1030] loss = 0.000406
[e010 s0200/1030] loss = 0.000400
[e010 s0250/1030] loss = 0.000366
[e010 s0300/1030] loss = 0.000357
[e010 s0350/1030] loss = 0.000347
[e010 s0400/1030] loss = 0.000409
[e010 s0450/1030] loss = 0.000383
[e010 s0500/1030] loss = 0.000409
[e010 s0550/1030] loss = 0.000391
[e010 s0600/1030] loss = 0.000378
[e010 s0650/1030] loss = 0.000369
[e010 s0700/1030] loss = 0.000351
[e010 s0750/1030] loss = 0.000338
[e010 s0800/1030] loss = 0.000433
[e010 s0850/1030] loss = 0.000624
[e010 s0900/1030] loss = 0.000602
[e010 s0950/1030] loss = 0.000582
[e010 s1000/1030] loss = 0.000572
Epoch 010: train_loss = 0.000561  MAE/GAME0 = 30.71  RMSE = 46.32  GAME1 = 8.64  GAME2 = 2.46  GAME3 = 0.72  lr = 1.00e-05  time = 24.1s
