[log] /scratch/users/ntu/kenneth0/FYP-SmartObjectCounter/logs/train_rgbt_adaptive_fpn_e400_13020566.pbs101_20260301_165555.log
[job] name=train_rgbt_adaptive_fpn_e400 id=13020566.pbs101 host=x1000c0s5b0n1 time=Sun Mar  1 16:55:55 +08 2026
torch 2.6.0+cu118 cuda True
[init] warm-start rgb = outputs/train_rgb_e400/13018770.pbs101_20260301_125931/best.pth
[init] warm-start t = outputs/train_t_e400/13018771.pbs101_20260301_125932/best.pth
[init] device = cuda
[init] val_fullres = True (split=val, img=768x1024)
[init] train = 1030  val = 200  workers = 4
[init] warm-start rgb. from outputs/train_rgb_e400/13018770.pbs101_20260301_125931/best.pth (missing=0 unexpected=5)
[init] warm-start t. from outputs/train_t_e400/13018771.pbs101_20260301_125932/best.pth (missing=0 unexpected=5)
/scratch/users/ntu/kenneth0/FYP-SmartObjectCounter/scripts_v2/train_rgbt_adaptive_fpn.py:289: FutureWarning: `torch.cuda.amp.GradScaler(args...)` is deprecated. Please use `torch.amp.GradScaler('cuda', args...)` instead.
  scaler = GradScaler(enabled = bool(args.amp))
[e001 s0001/1030] loss = 162337.875000
[e001 s0050/1030] loss = 13062.228588
[e001 s0100/1030] loss = 6532.312163
[e001 s0150/1030] loss = 4355.589432
[e001 s0200/1030] loss = 3269.909097
[e001 s0250/1030] loss = 2618.012927
[e001 s0300/1030] loss = 2182.135455
[e001 s0350/1030] loss = 1871.216265
[e001 s0400/1030] loss = 1637.853547
[e001 s0450/1030] loss = 1457.102584
[e001 s0500/1030] loss = 1311.693639
[e001 s0550/1030] loss = 1192.847321
[e001 s0600/1030] loss = 1093.819527
[e001 s0650/1030] loss = 1009.956954
[e001 s0700/1030] loss = 938.157120
[e001 s0750/1030] loss = 875.932261
[e001 s0800/1030] loss = 821.454696
[e001 s0850/1030] loss = 773.506159
[e001 s0900/1030] loss = 730.774346
[e001 s0950/1030] loss = 692.745389
[e001 s1000/1030] loss = 658.316894
Epoch 001: train_loss = 639.282049  MAE/GAME0 = 906368486703918232291295086247936.000  RMSE = 1241687160824208983663354436386816.000  GAME1 = 906368486316448120017915926806528.000  GAME2 = 906368485470199988641600274169856.000  GAME3 = 906368480489425606064720551346176.000  lr = 5.07e-06  time = 50.0s
[e002 s0001/1030] loss = 1.352047
[e002 s0050/1030] loss = 2.918256
[e002 s0100/1030] loss = 3.545696
[e002 s0150/1030] loss = 3.726753
[e002 s0200/1030] loss = 3.551983
[e002 s0250/1030] loss = 98.146696
[e002 s0300/1030] loss = 82.662707
[e002 s0350/1030] loss = 72.542724
[e002 s0400/1030] loss = 64.155375
[e002 s0450/1030] loss = 58.062119
[e002 s0500/1030] loss = 52.587942
[e002 s0550/1030] loss = 48.189499
[e002 s0600/1030] loss = 44.535985
[e002 s0650/1030] loss = 41.374228
[e002 s0700/1030] loss = 38.752757
[e002 s0750/1030] loss = 36.366855
[e002 s0800/1030] loss = 34.343666
[e002 s0850/1030] loss = 32.562420
[e002 s0900/1030] loss = 30.928638
[e002 s0950/1030] loss = 29.506360
[e002 s1000/1030] loss = 28.353478
Epoch 002: train_loss = 27.616734  MAE/GAME0 = 10787793268176290.000  RMSE = 11881498363058610.000  GAME1 = 10787793244352678.000  GAME2 = 10787793249721386.000  GAME3 = 10787793228246550.000  lr = 5.28e-06  time = 38.4s
[e003 s0001/1030] loss = 1.585050
[e003 s0050/1030] loss = 2.949060
[e003 s0100/1030] loss = 3.263509
[e003 s0150/1030] loss = 5.508385
[e003 s0200/1030] loss = 7.677855
[e003 s0250/1030] loss = 6.693478
[e003 s0300/1030] loss = 6.589845
[e003 s0350/1030] loss = 5.906963
[e003 s0400/1030] loss = 5.900769
[e003 s0450/1030] loss = 5.652208
[e003 s0500/1030] loss = 5.384045
[e003 s0550/1030] loss = 5.119124
[e003 s0600/1030] loss = 5.019788
[e003 s0650/1030] loss = 4.907654
[e003 s0700/1030] loss = 4.863479
[e003 s0750/1030] loss = 4.874299
[e003 s0800/1030] loss = 4.781010
[e003 s0850/1030] loss = 4.723895
[e003 s0900/1030] loss = 4.710059
[e003 s0950/1030] loss = 4.685966
[e003 s1000/1030] loss = 4.589074
Epoch 003: train_loss = 4.629053  MAE/GAME0 = 3629.457  RMSE = 25339.359  GAME1 = 3637.272  GAME2 = 3639.606  GAME3 = 3639.919  lr = 5.62e-06  time = 38.9s
[e004 s0001/1030] loss = 0.351566
[e004 s0050/1030] loss = 3.791834
[e004 s0100/1030] loss = 3.472015
[e004 s0150/1030] loss = 3.570301
[e004 s0200/1030] loss = 3.403159
[e004 s0250/1030] loss = 3.350875
[e004 s0300/1030] loss = 3.516151
[e004 s0350/1030] loss = 3.808519
[e004 s0400/1030] loss = 3.569540
[e004 s0450/1030] loss = 3.683691
[e004 s0500/1030] loss = 3.498163
[e004 s0550/1030] loss = 3.489930
[e004 s0600/1030] loss = 3.644818
[e004 s0650/1030] loss = 3.732143
[e004 s0700/1030] loss = 3.600811
[e004 s0750/1030] loss = 3.806400
[e004 s0800/1030] loss = 3.875420
[e004 s0850/1030] loss = 18.154271
[e004 s0900/1030] loss = 17.301572
[e004 s0950/1030] loss = 16.801263
[e004 s1000/1030] loss = 16.404296
Epoch 004: train_loss = 16.125099  MAE/GAME0 = 1650.282  RMSE = 6567.274  GAME1 = 1678.447  GAME2 = 1685.472  GAME3 = 1686.849  lr = 6.10e-06  time = 67.0s
[e005 s0001/1030] loss = 0.467377
[e005 s0050/1030] loss = 2.381993
[e005 s0100/1030] loss = 238.789755
[e005 s0150/1030] loss = 160.745664
[e005 s0200/1030] loss = 121.656183
[e005 s0250/1030] loss = 98.708393
[e005 s0300/1030] loss = 82.994728
[e005 s0350/1030] loss = 71.554357
[e005 s0400/1030] loss = 63.593881
[e005 s0450/1030] loss = 56.938426
[e005 s0500/1030] loss = 51.623478
[e005 s0550/1030] loss = 47.382265
[e005 s0600/1030] loss = 43.741006
[e005 s0650/1030] loss = 41.294504
[e005 s0700/1030] loss = 38.635353
[e005 s0750/1030] loss = 36.472153
[e005 s0800/1030] loss = 34.356219
[e005 s0850/1030] loss = 32.592740
[e005 s0900/1030] loss = 30.988541
[e005 s0950/1030] loss = 29.499279
[e005 s1000/1030] loss = 28.213315
Epoch 005: train_loss = 27.497442  MAE/GAME0 = 237.478  RMSE = 1020.273  GAME1 = 248.694  GAME2 = 253.675  GAME3 = 254.068  lr = 6.71e-06  time = 67.4s
[e006 s0001/1030] loss = 1.008857
[e006 s0050/1030] loss = 1.902145
[e006 s0100/1030] loss = 2.745594
[e006 s0150/1030] loss = 3.589319
[e006 s0200/1030] loss = 3.430199
[e006 s0250/1030] loss = 3.290237
[e006 s0300/1030] loss = 3.382063
[e006 s0350/1030] loss = 3.418598
[e006 s0400/1030] loss = 4.507429
[e006 s0450/1030] loss = 4.434427
[e006 s0500/1030] loss = 4.707415
[e006 s0550/1030] loss = 4.547000
[e006 s0600/1030] loss = 4.368122
[e006 s0650/1030] loss = 4.664338
[e006 s0700/1030] loss = 4.605563
[e006 s0750/1030] loss = 4.677518
[e006 s0800/1030] loss = 4.656919
[e006 s0850/1030] loss = 4.556421
[e006 s0900/1030] loss = 4.546829
[e006 s0950/1030] loss = 4.701250
[e006 s1000/1030] loss = 4.681995
Epoch 006: train_loss = 4.658021  MAE/GAME0 = 4900.986  RMSE = 12438.893  GAME1 = 4955.095  GAME2 = 4980.783  GAME3 = 4990.072  lr = 7.45e-06  time = 68.3s
[e007 s0001/1030] loss = 1.236869
[e007 s0050/1030] loss = 3.586988
[e007 s0100/1030] loss = 3.710951
[e007 s0150/1030] loss = 3.970596
[e007 s0200/1030] loss = 3.872443
[e007 s0250/1030] loss = 4.156378
[e007 s0300/1030] loss = 3.862704
[e007 s0350/1030] loss = 4.291204
[e007 s0400/1030] loss = 5.616894
[e007 s0450/1030] loss = 5.893320
[e007 s0500/1030] loss = 5.610586
[e007 s0550/1030] loss = 5.642521
[e007 s0600/1030] loss = 5.399636
[e007 s0650/1030] loss = 5.238847
[e007 s0700/1030] loss = 5.038654
[e007 s0750/1030] loss = 4.927583
[e007 s0800/1030] loss = 4.791463
[e007 s0850/1030] loss = 4.691008
[e007 s0900/1030] loss = 4.866401
[e007 s0950/1030] loss = 4.799050
[e007 s1000/1030] loss = 4.740874
Epoch 007: train_loss = 4.730913  MAE/GAME0 = 15161.284  RMSE = 49599.917  GAME1 = 15198.980  GAME2 = 15236.709  GAME3 = 15248.954  lr = 8.32e-06  time = 67.6s
[e008 s0001/1030] loss = 15.040712
[e008 s0050/1030] loss = 2.706287
[e008 s0100/1030] loss = 3.660583
[e008 s0150/1030] loss = 4.992208
[e008 s0200/1030] loss = 4.493676
[e008 s0250/1030] loss = 4.384005
[e008 s0300/1030] loss = 4.234101
[e008 s0350/1030] loss = 4.027429
[e008 s0400/1030] loss = 3.883075
[e008 s0450/1030] loss = 5.113503
[e008 s0500/1030] loss = 5.023880
[e008 s0550/1030] loss = 4.766612
[e008 s0600/1030] loss = 5.000007
[e008 s0650/1030] loss = 5.291709
[e008 s0700/1030] loss = 5.225666
[e008 s0750/1030] loss = 5.075475
[e008 s0800/1030] loss = 4.976607
[e008 s0850/1030] loss = 4.900831
[e008 s0900/1030] loss = 4.869744
[e008 s0950/1030] loss = 4.726724
[e008 s1000/1030] loss = 4.685476
Epoch 008: train_loss = 4.629053  MAE/GAME0 = 459408.971  RMSE = 716907.405  GAME1 = 459413.696  GAME2 = 459440.269  GAME3 = 459487.482  lr = 9.30e-06  time = 67.2s
[e009 s0001/1030] loss = 1.534932
[e009 s0050/1030] loss = 8.389183
[e009 s0100/1030] loss = 6.372836
[e009 s0150/1030] loss = 6.686062
[e009 s0200/1030] loss = 7.947461
[e009 s0250/1030] loss = 6.818456
[e009 s0300/1030] loss = 6.629799
[e009 s0350/1030] loss = 6.360239
[e009 s0400/1030] loss = 6.095350
[e009 s0450/1030] loss = 5.716092
[e009 s0500/1030] loss = 5.490657
[e009 s0550/1030] loss = 5.302814
[e009 s0600/1030] loss = 5.092182
[e009 s0650/1030] loss = 6.864669
[e009 s0700/1030] loss = 6.577909
[e009 s0750/1030] loss = 6.636269
[e009 s0800/1030] loss = 6.422541
[e009 s0850/1030] loss = 6.278433
[e009 s0900/1030] loss = 6.146672
[e009 s0950/1030] loss = 5.953162
[e009 s1000/1030] loss = 5.834775
Epoch 009: train_loss = 5.892376  MAE/GAME0 = 111167420.467  RMSE = 235070583.977  GAME1 = 111167422.791  GAME2 = 111167453.603  GAME3 = 111167498.791  lr = 1.04e-05  time = 66.8s
[e010 s0001/1030] loss = 1.079379
[e010 s0050/1030] loss = 4.038631
[e010 s0100/1030] loss = 3.750319
[e010 s0150/1030] loss = 4.554699
[e010 s0200/1030] loss = 4.172010
[e010 s0250/1030] loss = 4.770296
[e010 s0300/1030] loss = 5.192918
[e010 s0350/1030] loss = 4.957570
[e010 s0400/1030] loss = 4.892921
[e010 s0450/1030] loss = 5.656189
[e010 s0500/1030] loss = 5.408873
[e010 s0550/1030] loss = 5.220128
[e010 s0600/1030] loss = 5.052217
[e010 s0650/1030] loss = 4.979842
[e010 s0700/1030] loss = 5.433790
[e010 s0750/1030] loss = 5.303582
[e010 s0800/1030] loss = 5.288421
[e010 s0850/1030] loss = 5.185703
[e010 s0900/1030] loss = 5.102428
[e010 s0950/1030] loss = 5.195079
[e010 s1000/1030] loss = 5.126375
Epoch 010: train_loss = 5.045731  MAE/GAME0 = 566081.854  RMSE = 752228.223  GAME1 = 566114.942  GAME2 = 566190.035  GAME3 = 566208.114  lr = 1.16e-05  time = 67.4s
[e011 s0001/1030] loss = 4.604608
[e011 s0050/1030] loss = 4.194952
[e011 s0100/1030] loss = 5.212433
[e011 s0150/1030] loss = 4.744995
[e011 s0200/1030] loss = 4.910018
[e011 s0250/1030] loss = 4.526540
[e011 s0300/1030] loss = 4.260277
[e011 s0350/1030] loss = 4.142367
[e011 s0400/1030] loss = 4.159186
[e011 s0450/1030] loss = 4.105287
[e011 s0500/1030] loss = 4.067168
[e011 s0550/1030] loss = 3.969391
[e011 s0600/1030] loss = 3.865554
[e011 s0650/1030] loss = 3.993694
[e011 s0700/1030] loss = 3.956843
[e011 s0750/1030] loss = 4.139687
[e011 s0800/1030] loss = 4.133151
[e011 s0850/1030] loss = 14.063876
[e011 s0900/1030] loss = 13.694938
[e011 s0950/1030] loss = 13.608785
[e011 s1000/1030] loss = 13.132063
Epoch 011: train_loss = 12.866082  MAE/GAME0 = 110.809  RMSE = 178.943  GAME1 = 126.033  GAME2 = 134.314  GAME3 = 135.747  lr = 1.29e-05  time = 67.5s
[e012 s0001/1030] loss = 1.059978
[e012 s0050/1030] loss = 2.841928
[e012 s0100/1030] loss = 2.938453
[e012 s0150/1030] loss = 3.590778
[e012 s0200/1030] loss = 3.306941
