[log] /scratch/users/ntu/kenneth0/FYP-SmartObjectCounter/logs/train_rgbt_late_e100_12738430.pbs101_20260114_204156.log
[init] device = cuda
[init] train = 1030  val = 200  workers = 4
[e001 s0001/1030] loss = 4538.189453
[e001 s0050/1030] loss = 1436.838011
[e001 s0100/1030] loss = 722.866264
[e001 s0150/1030] loss = 482.039114
[e001 s0200/1030] loss = 361.535568
[e001 s0250/1030] loss = 289.229221
[e001 s0300/1030] loss = 241.024705
[e001 s0350/1030] loss = 206.592804
[e001 s0400/1030] loss = 180.768886
[e001 s0450/1030] loss = 160.683606
[e001 s0500/1030] loss = 144.615384
[e001 s0550/1030] loss = 131.468607
[e001 s0600/1030] loss = 120.512983
[e001 s0650/1030] loss = 111.242817
[e001 s0700/1030] loss = 103.296970
[e001 s0750/1030] loss = 96.410562
[e001 s0800/1030] loss = 90.384954
[e001 s0850/1030] loss = 85.068232
[e001 s0900/1030] loss = 80.342254
[e001 s0950/1030] loss = 76.113762
[e001 s1000/1030] loss = 72.308124
-> saved late_best.pth (MAE/GAME0 51.23)
Epoch 001: train_loss = 70.202092  MAE/GAME0 = 51.23  RMSE = 71.33  GAME1 = 17.01  GAME2 = 5.79  GAME3 = 1.73  lr = 1.00e-05  time = 47.1s
[e002 s0001/1030] loss = 0.000597
[e002 s0050/1030] loss = 0.001651
[e002 s0100/1030] loss = 0.001101
[e002 s0150/1030] loss = 0.000918
[e002 s0200/1030] loss = 0.000787
[e002 s0250/1030] loss = 0.000809
[e002 s0300/1030] loss = 0.000820
[e002 s0350/1030] loss = 0.000783
[e002 s0400/1030] loss = 0.000798
[e002 s0450/1030] loss = 0.000765
[e002 s0500/1030] loss = 0.000786
[e002 s0550/1030] loss = 0.000796
[e002 s0600/1030] loss = 0.000777
[e002 s0650/1030] loss = 0.000747
[e002 s0700/1030] loss = 0.000715
[e002 s0750/1030] loss = 0.000686
[e002 s0800/1030] loss = 0.000685
[e002 s0850/1030] loss = 0.000681
[e002 s0900/1030] loss = 0.000667
[e002 s0950/1030] loss = 0.000740
[e002 s1000/1030] loss = 0.000743
-> saved late_best.pth (MAE/GAME0 37.61)
Epoch 002: train_loss = 0.000734  MAE/GAME0 = 37.61  RMSE = 72.77  GAME1 = 13.63  GAME2 = 4.72  GAME3 = 1.43  lr = 1.00e-05  time = 47.3s
[e003 s0001/1030] loss = 0.000065
[e003 s0050/1030] loss = 0.000410
[e003 s0100/1030] loss = 0.000676
[e003 s0150/1030] loss = 0.000817
[e003 s0200/1030] loss = 0.000724
[e003 s0250/1030] loss = 0.000832
[e003 s0300/1030] loss = 0.000884
[e003 s0350/1030] loss = 0.000878
[e003 s0400/1030] loss = 0.000814
[e003 s0450/1030] loss = 0.000757
[e003 s0500/1030] loss = 0.000733
[e003 s0550/1030] loss = 0.000749
[e003 s0600/1030] loss = 0.000723
[e003 s0650/1030] loss = 0.000705
[e003 s0700/1030] loss = 0.000803
[e003 s0750/1030] loss = 0.000797
[e003 s0800/1030] loss = 0.000802
[e003 s0850/1030] loss = 0.000789
[e003 s0900/1030] loss = 0.000774
[e003 s0950/1030] loss = 0.000763
[e003 s1000/1030] loss = 0.000743
Epoch 003: train_loss = 0.000734  MAE/GAME0 = 39.68  RMSE = 69.15  GAME1 = 13.46  GAME2 = 4.55  GAME3 = 1.40  lr = 1.00e-05  time = 46.9s
[e004 s0001/1030] loss = 0.000083
[e004 s0050/1030] loss = 0.000989
[e004 s0100/1030] loss = 0.000634
[e004 s0150/1030] loss = 0.000529
[e004 s0200/1030] loss = 0.000473
[e004 s0250/1030] loss = 0.000854
[e004 s0300/1030] loss = 0.000797
[e004 s0350/1030] loss = 0.000764
[e004 s0400/1030] loss = 0.000708
[e004 s0450/1030] loss = 0.000939
[e004 s0500/1030] loss = 0.000889
[e004 s0550/1030] loss = 0.000914
[e004 s0600/1030] loss = 0.000874
[e004 s0650/1030] loss = 0.000849
[e004 s0700/1030] loss = 0.000845
[e004 s0750/1030] loss = 0.000832
[e004 s0800/1030] loss = 0.000790
[e004 s0850/1030] loss = 0.000786
[e004 s0900/1030] loss = 0.000756
[e004 s0950/1030] loss = 0.000771
[e004 s1000/1030] loss = 0.000789
Epoch 004: train_loss = 0.000771  MAE/GAME0 = 40.94  RMSE = 68.89  GAME1 = 13.04  GAME2 = 3.89  GAME3 = 1.13  lr = 1.00e-05  time = 46.9s
[e005 s0001/1030] loss = 0.000064
[e005 s0050/1030] loss = 0.000360
[e005 s0100/1030] loss = 0.000392
[e005 s0150/1030] loss = 0.000502
[e005 s0200/1030] loss = 0.000458
[e005 s0250/1030] loss = 0.000540
[e005 s0300/1030] loss = 0.000522
[e005 s0350/1030] loss = 0.000537
[e005 s0400/1030] loss = 0.000575
[e005 s0450/1030] loss = 0.000538
[e005 s0500/1030] loss = 0.000527
[e005 s0550/1030] loss = 0.000513
[e005 s0600/1030] loss = 0.000547
[e005 s0650/1030] loss = 0.000548
[e005 s0700/1030] loss = 0.000530
[e005 s0750/1030] loss = 0.000521
[e005 s0800/1030] loss = 0.000545
[e005 s0850/1030] loss = 0.000535
[e005 s0900/1030] loss = 0.000526
[e005 s0950/1030] loss = 0.000522
[e005 s1000/1030] loss = 0.000687
Epoch 005: train_loss = 0.000680  MAE/GAME0 = 42.77  RMSE = 66.16  GAME1 = 12.34  GAME2 = 3.70  GAME3 = 1.10  lr = 1.00e-05  time = 46.5s
[e006 s0001/1030] loss = 0.000040
[e006 s0050/1030] loss = 0.000417
[e006 s0100/1030] loss = 0.000745
[e006 s0150/1030] loss = 0.000880
[e006 s0200/1030] loss = 0.000836
[e006 s0250/1030] loss = 0.000882
[e006 s0300/1030] loss = 0.000778
[e006 s0350/1030] loss = 0.000737
[e006 s0400/1030] loss = 0.000703
[e006 s0450/1030] loss = 0.000688
[e006 s0500/1030] loss = 0.000644
[e006 s0550/1030] loss = 0.000714
[e006 s0600/1030] loss = 0.000673
[e006 s0650/1030] loss = 0.000652
[e006 s0700/1030] loss = 0.000632
[e006 s0750/1030] loss = 0.000610
[e006 s0800/1030] loss = 0.000589
[e006 s0850/1030] loss = 0.000577
[e006 s0900/1030] loss = 0.000560
[e006 s0950/1030] loss = 0.000547
[e006 s1000/1030] loss = 0.000533
Epoch 006: train_loss = 0.000530  MAE/GAME0 = 48.92  RMSE = 64.16  GAME1 = 14.44  GAME2 = 4.35  GAME3 = 1.24  lr = 1.00e-05  time = 49.4s
[e007 s0001/1030] loss = 0.000098
[e007 s0050/1030] loss = 0.000159
[e007 s0100/1030] loss = 0.000411
[e007 s0150/1030] loss = 0.000524
[e007 s0200/1030] loss = 0.000479
[e007 s0250/1030] loss = 0.000434
[e007 s0300/1030] loss = 0.000656
[e007 s0350/1030] loss = 0.000737
[e007 s0400/1030] loss = 0.000674
[e007 s0450/1030] loss = 0.000659
[e007 s0500/1030] loss = 0.000635
[e007 s0550/1030] loss = 0.000602
[e007 s0600/1030] loss = 0.000591
[e007 s0650/1030] loss = 0.000570
[e007 s0700/1030] loss = 0.000581
[e007 s0750/1030] loss = 0.000559
[e007 s0800/1030] loss = 0.000540
[e007 s0850/1030] loss = 0.000521
[e007 s0900/1030] loss = 0.000502
[e007 s0950/1030] loss = 0.000502
[e007 s1000/1030] loss = 0.000503
-> saved late_best.pth (MAE/GAME0 25.18)
Epoch 007: train_loss = 0.000495  MAE/GAME0 = 25.18  RMSE = 51.55  GAME1 = 8.16  GAME2 = 2.57  GAME3 = 0.75  lr = 1.00e-05  time = 49.1s
[e008 s0001/1030] loss = 0.000164
[e008 s0050/1030] loss = 0.000290
[e008 s0100/1030] loss = 0.000368
[e008 s0150/1030] loss = 0.000423
[e008 s0200/1030] loss = 0.000358
[e008 s0250/1030] loss = 0.000431
[e008 s0300/1030] loss = 0.000395
[e008 s0350/1030] loss = 0.000380
[e008 s0400/1030] loss = 0.000353
[e008 s0450/1030] loss = 0.000367
[e008 s0500/1030] loss = 0.000352
[e008 s0550/1030] loss = 0.000380
[e008 s0600/1030] loss = 0.000362
[e008 s0650/1030] loss = 0.000349
[e008 s0700/1030] loss = 0.000350
[e008 s0750/1030] loss = 0.000348
[e008 s0800/1030] loss = 0.000400
[e008 s0850/1030] loss = 0.000393
[e008 s0900/1030] loss = 0.000394
[e008 s0950/1030] loss = 0.000397
[e008 s1000/1030] loss = 0.000387
Epoch 008: train_loss = 0.000383  MAE/GAME0 = 26.51  RMSE = 52.21  GAME1 = 8.08  GAME2 = 2.41  GAME3 = 0.71  lr = 1.00e-05  time = 46.9s
[e009 s0001/1030] loss = 0.004923
[e009 s0050/1030] loss = 0.000257
[e009 s0100/1030] loss = 0.000273
[e009 s0150/1030] loss = 0.000302
[e009 s0200/1030] loss = 0.000472
[e009 s0250/1030] loss = 0.000423
[e009 s0300/1030] loss = 0.000424
[e009 s0350/1030] loss = 0.000468
[e009 s0400/1030] loss = 0.000437
[e009 s0450/1030] loss = 0.000401
[e009 s0500/1030] loss = 0.000399
[e009 s0550/1030] loss = 0.000386
[e009 s0600/1030] loss = 0.000415
[e009 s0650/1030] loss = 0.000396
[e009 s0700/1030] loss = 0.000407
[e009 s0750/1030] loss = 0.000395
[e009 s0800/1030] loss = 0.000398
[e009 s0850/1030] loss = 0.000401
[e009 s0900/1030] loss = 0.000384
[e009 s0950/1030] loss = 0.000376
[e009 s1000/1030] loss = 0.000374
Epoch 009: train_loss = 0.000382  MAE/GAME0 = 32.03  RMSE = 44.16  GAME1 = 9.14  GAME2 = 2.68  GAME3 = 0.79  lr = 1.00e-05  time = 48.7s
[e010 s0001/1030] loss = 0.000039
[e010 s0050/1030] loss = 0.000395
[e010 s0100/1030] loss = 0.000312
[e010 s0150/1030] loss = 0.000424
[e010 s0200/1030] loss = 0.000438
[e010 s0250/1030] loss = 0.000400
[e010 s0300/1030] loss = 0.000386
[e010 s0350/1030] loss = 0.000379
[e010 s0400/1030] loss = 0.000417
[e010 s0450/1030] loss = 0.000390
[e010 s0500/1030] loss = 0.000407
[e010 s0550/1030] loss = 0.000390
[e010 s0600/1030] loss = 0.000377
[e010 s0650/1030] loss = 0.000368
[e010 s0700/1030] loss = 0.000351
[e010 s0750/1030] loss = 0.000338
[e010 s0800/1030] loss = 0.000426
[e010 s0850/1030] loss = 0.000581
[e010 s0900/1030] loss = 0.000574
[e010 s0950/1030] loss = 0.000559
[e010 s1000/1030] loss = 0.000550
Epoch 010: train_loss = 0.000539  MAE/GAME0 = 30.89  RMSE = 48.64  GAME1 = 8.86  GAME2 = 2.60  GAME3 = 0.77  lr = 1.00e-05  time = 48.3s
[e011 s0001/1030] loss = 0.000001
[e011 s0050/1030] loss = 0.000606
[e011 s0100/1030] loss = 0.000577
[e011 s0150/1030] loss = 0.000514
[e011 s0200/1030] loss = 0.000595
[e011 s0250/1030] loss = 0.000521
[e011 s0300/1030] loss = 0.000470
[e011 s0350/1030] loss = 0.000572
[e011 s0400/1030] loss = 0.000533
[e011 s0450/1030] loss = 0.000488
[e011 s0500/1030] loss = 0.000465
[e011 s0550/1030] loss = 0.000447
[e011 s0600/1030] loss = 0.000423
[e011 s0650/1030] loss = 0.000434
[e011 s0700/1030] loss = 0.000468
[e011 s0750/1030] loss = 0.000446
[e011 s0800/1030] loss = 0.000454
[e011 s0850/1030] loss = 0.000453
[e011 s0900/1030] loss = 0.000451
[e011 s0950/1030] loss = 0.000447
[e011 s1000/1030] loss = 0.000441
Epoch 011: train_loss = 0.000435  MAE/GAME0 = 26.89  RMSE = 52.99  GAME1 = 7.95  GAME2 = 2.37  GAME3 = 0.70  lr = 1.00e-05  time = 48.3s
[e012 s0001/1030] loss = 0.000004
[e012 s0050/1030] loss = 0.000231
[e012 s0100/1030] loss = 0.000219
[e012 s0150/1030] loss = 0.000257
[e012 s0200/1030] loss = 0.000253
[e012 s0250/1030] loss = 0.000320
[e012 s0300/1030] loss = 0.000286
[e012 s0350/1030] loss = 0.000262
[e012 s0400/1030] loss = 0.000276
[e012 s0450/1030] loss = 0.000326
[e012 s0500/1030] loss = 0.000329
[e012 s0550/1030] loss = 0.000333
[e012 s0600/1030] loss = 0.000337
[e012 s0650/1030] loss = 0.000330
[e012 s0700/1030] loss = 0.000332
[e012 s0750/1030] loss = 0.000327
[e012 s0800/1030] loss = 0.000334
[e012 s0850/1030] loss = 0.000332
[e012 s0900/1030] loss = 0.000327
[e012 s0950/1030] loss = 0.000324
[e012 s1000/1030] loss = 0.000317
Epoch 012: train_loss = 0.000336  MAE/GAME0 = 40.50  RMSE = 55.51  GAME1 = 10.92  GAME2 = 2.97  GAME3 = 0.83  lr = 1.00e-05  time = 47.3s
[e013 s0001/1030] loss = 0.000702
[e013 s0050/1030] loss = 0.000337
[e013 s0100/1030] loss = 0.000685
[e013 s0150/1030] loss = 0.000541
[e013 s0200/1030] loss = 0.000660
[e013 s0250/1030] loss = 0.000601
[e013 s0300/1030] loss = 0.000522
[e013 s0350/1030] loss = 0.000588
[e013 s0400/1030] loss = 0.000561
[e013 s0450/1030] loss = 0.000525
[e013 s0500/1030] loss = 0.000515
[e013 s0550/1030] loss = 0.000500
[e013 s0600/1030] loss = 0.000509
[e013 s0650/1030] loss = 0.000510
[e013 s0700/1030] loss = 0.000494
[e013 s0750/1030] loss = 0.000486
[e013 s0800/1030] loss = 0.000470
[e013 s0850/1030] loss = 0.000460
[e013 s0900/1030] loss = 0.000462
[e013 s0950/1030] loss = 0.000444
[e013 s1000/1030] loss = 0.000434
-> saved late_best.pth (MAE/GAME0 23.74)
Epoch 013: train_loss = 0.000429  MAE/GAME0 = 23.74  RMSE = 46.01  GAME1 = 7.29  GAME2 = 2.13  GAME3 = 0.63  lr = 1.00e-05  time = 48.8s
[e014 s0001/1030] loss = 0.000054
[e014 s0050/1030] loss = 0.000230
[e014 s0100/1030] loss = 0.000224
[e014 s0150/1030] loss = 0.000257
[e014 s0200/1030] loss = 0.000368
[e014 s0250/1030] loss = 0.000319
[e014 s0300/1030] loss = 0.000309
[e014 s0350/1030] loss = 0.000314
[e014 s0400/1030] loss = 0.000296
[e014 s0450/1030] loss = 0.000295
[e014 s0500/1030] loss = 0.000321
[e014 s0550/1030] loss = 0.000480
[e014 s0600/1030] loss = 0.000456
[e014 s0650/1030] loss = 0.000520
[e014 s0700/1030] loss = 0.000530
[e014 s0750/1030] loss = 0.000516
[e014 s0800/1030] loss = 0.000517
[e014 s0850/1030] loss = 0.000500
[e014 s0900/1030] loss = 0.000486
[e014 s0950/1030] loss = 0.000469
[e014 s1000/1030] loss = 0.000459
Epoch 014: train_loss = 0.000459  MAE/GAME0 = 35.60  RMSE = 58.90  GAME1 = 9.52  GAME2 = 2.55  GAME3 = 0.69  lr = 1.00e-05  time = 47.1s
[e015 s0001/1030] loss = 0.000099
[e015 s0050/1030] loss = 0.000168
[e015 s0100/1030] loss = 0.000517
[e015 s0150/1030] loss = 0.000459
[e015 s0200/1030] loss = 0.000418
[e015 s0250/1030] loss = 0.000373
[e015 s0300/1030] loss = 0.000404
[e015 s0350/1030] loss = 0.000393
[e015 s0400/1030] loss = 0.000408
[e015 s0450/1030] loss = 0.000391
[e015 s0500/1030] loss = 0.000376
[e015 s0550/1030] loss = 0.000371
[e015 s0600/1030] loss = 0.000366
[e015 s0650/1030] loss = 0.000359
[e015 s0700/1030] loss = 0.000361
[e015 s0750/1030] loss = 0.000353
[e015 s0800/1030] loss = 0.000350
[e015 s0850/1030] loss = 0.000369
[e015 s0900/1030] loss = 0.000360
[e015 s0950/1030] loss = 0.000404
[e015 s1000/1030] loss = 0.000402
Epoch 015: train_loss = 0.000411  MAE/GAME0 = 26.02  RMSE = 48.62  GAME1 = 7.51  GAME2 = 2.17  GAME3 = 0.63  lr = 1.00e-05  time = 46.8s
[e016 s0001/1030] loss = 0.000730
[e016 s0050/1030] loss = 0.000522
[e016 s0100/1030] loss = 0.000399
[e016 s0150/1030] loss = 0.000365
[e016 s0200/1030] loss = 0.000361
[e016 s0250/1030] loss = 0.000331
[e016 s0300/1030] loss = 0.000297
[e016 s0350/1030] loss = 0.000316
[e016 s0400/1030] loss = 0.000409
[e016 s0450/1030] loss = 0.000401
[e016 s0500/1030] loss = 0.000389
[e016 s0550/1030] loss = 0.000381
[e016 s0600/1030] loss = 0.000382
[e016 s0650/1030] loss = 0.000401
[e016 s0700/1030] loss = 0.000420
[e016 s0750/1030] loss = 0.000429
[e016 s0800/1030] loss = 0.000426
[e016 s0850/1030] loss = 0.000418
[e016 s0900/1030] loss = 0.000407
[e016 s0950/1030] loss = 0.000442
[e016 s1000/1030] loss = 0.000430
Epoch 016: train_loss = 0.000431  MAE/GAME0 = 35.51  RMSE = 51.08  GAME1 = 9.85  GAME2 = 2.75  GAME3 = 0.79  lr = 1.00e-05  time = 46.2s
[e017 s0001/1030] loss = 0.000769
[e017 s0050/1030] loss = 0.001518
[e017 s0100/1030] loss = 0.000959
[e017 s0150/1030] loss = 0.000732
[e017 s0200/1030] loss = 0.000612
[e017 s0250/1030] loss = 0.000886
[e017 s0300/1030] loss = 0.000787
[e017 s0350/1030] loss = 0.000751
[e017 s0400/1030] loss = 0.000717
[e017 s0450/1030] loss = 0.000700
[e017 s0500/1030] loss = 0.000702
[e017 s0550/1030] loss = 0.000684
[e017 s0600/1030] loss = 0.000652
[e017 s0650/1030] loss = 0.000617
[e017 s0700/1030] loss = 0.000582
[e017 s0750/1030] loss = 0.000570
[e017 s0800/1030] loss = 0.000558
[e017 s0850/1030] loss = 0.000577
[e017 s0900/1030] loss = 0.000615
[e017 s0950/1030] loss = 0.000590
[e017 s1000/1030] loss = 0.000584
Epoch 017: train_loss = 0.000573  MAE/GAME0 = 26.01  RMSE = 45.54  GAME1 = 7.76  GAME2 = 2.23  GAME3 = 0.65  lr = 1.00e-05  time = 46.7s
[e018 s0001/1030] loss = 0.000001
[e018 s0050/1030] loss = 0.000588
[e018 s0100/1030] loss = 0.000384
[e018 s0150/1030] loss = 0.000373
[e018 s0200/1030] loss = 0.000339
[e018 s0250/1030] loss = 0.000318
[e018 s0300/1030] loss = 0.000285
[e018 s0350/1030] loss = 0.000272
[e018 s0400/1030] loss = 0.000253
[e018 s0450/1030] loss = 0.000267
[e018 s0500/1030] loss = 0.000259
[e018 s0550/1030] loss = 0.000299
[e018 s0600/1030] loss = 0.000308
[e018 s0650/1030] loss = 0.000297
[e018 s0700/1030] loss = 0.000296
[e018 s0750/1030] loss = 0.000296
[e018 s0800/1030] loss = 0.000293
[e018 s0850/1030] loss = 0.000294
[e018 s0900/1030] loss = 0.000305
[e018 s0950/1030] loss = 0.000311
[e018 s1000/1030] loss = 0.000314
Epoch 018: train_loss = 0.000315  MAE/GAME0 = 29.20  RMSE = 56.62  GAME1 = 8.11  GAME2 = 2.23  GAME3 = 0.62  lr = 1.00e-05  time = 46.5s
[e019 s0001/1030] loss = 0.000544
[e019 s0050/1030] loss = 0.000446
[e019 s0100/1030] loss = 0.000518
[e019 s0150/1030] loss = 0.000470
[e019 s0200/1030] loss = 0.000433
[e019 s0250/1030] loss = 0.000498
[e019 s0300/1030] loss = 0.000440
[e019 s0350/1030] loss = 0.000414
[e019 s0400/1030] loss = 0.000396
[e019 s0450/1030] loss = 0.000377
[e019 s0500/1030] loss = 0.000414
[e019 s0550/1030] loss = 0.000402
[e019 s0600/1030] loss = 0.000402
[e019 s0650/1030] loss = 0.000387
[e019 s0700/1030] loss = 0.000369
[e019 s0750/1030] loss = 0.000358
[e019 s0800/1030] loss = 0.000356
[e019 s0850/1030] loss = 0.000349
[e019 s0900/1030] loss = 0.000348
[e019 s0950/1030] loss = 0.000341
[e019 s1000/1030] loss = 0.000340
Epoch 019: train_loss = 0.000342  MAE/GAME0 = 27.21  RMSE = 48.43  GAME1 = 7.96  GAME2 = 2.27  GAME3 = 0.65  lr = 1.00e-05  time = 48.6s
[e020 s0001/1030] loss = 0.000133
[e020 s0050/1030] loss = 0.000404
[e020 s0100/1030] loss = 0.000281
[e020 s0150/1030] loss = 0.000236
[e020 s0200/1030] loss = 0.000227
[e020 s0250/1030] loss = 0.000249
[e020 s0300/1030] loss = 0.000241
[e020 s0350/1030] loss = 0.000302
[e020 s0400/1030] loss = 0.000322
[e020 s0450/1030] loss = 0.000334
[e020 s0500/1030] loss = 0.000387
[e020 s0550/1030] loss = 0.000420
[e020 s0600/1030] loss = 0.000397
[e020 s0650/1030] loss = 0.000397
[e020 s0700/1030] loss = 0.000385
[e020 s0750/1030] loss = 0.000385
[e020 s0800/1030] loss = 0.000376
[e020 s0850/1030] loss = 0.000363
[e020 s0900/1030] loss = 0.000353
[e020 s0950/1030] loss = 0.000348
[e020 s1000/1030] loss = 0.000344
Epoch 020: train_loss = 0.000346  MAE/GAME0 = 32.82  RMSE = 49.10  GAME1 = 9.20  GAME2 = 2.54  GAME3 = 0.72  lr = 1.00e-05  time = 46.3s
[e021 s0001/1030] loss = 0.000460
[e021 s0050/1030] loss = 0.000368
[e021 s0100/1030] loss = 0.000412
[e021 s0150/1030] loss = 0.000353
[e021 s0200/1030] loss = 0.000456
[e021 s0250/1030] loss = 0.000490
[e021 s0300/1030] loss = 0.000446
[e021 s0350/1030] loss = 0.000418
[e021 s0400/1030] loss = 0.000427
[e021 s0450/1030] loss = 0.000441
[e021 s0500/1030] loss = 0.000435
[e021 s0550/1030] loss = 0.000447
[e021 s0600/1030] loss = 0.000431
[e021 s0650/1030] loss = 0.000458
[e021 s0700/1030] loss = 0.000446
[e021 s0750/1030] loss = 0.000434
[e021 s0800/1030] loss = 0.000429
[e021 s0850/1030] loss = 0.000415
[e021 s0900/1030] loss = 0.000403
[e021 s0950/1030] loss = 0.000392
[e021 s1000/1030] loss = 0.000400
Epoch 021: train_loss = 0.000398  MAE/GAME0 = 26.67  RMSE = 49.05  GAME1 = 8.40  GAME2 = 2.48  GAME3 = 0.72  lr = 1.00e-05  time = 47.1s
[e022 s0001/1030] loss = 0.000152
[e022 s0050/1030] loss = 0.000084
[e022 s0100/1030] loss = 0.000371
[e022 s0150/1030] loss = 0.000327
[e022 s0200/1030] loss = 0.000319
[e022 s0250/1030] loss = 0.000349
[e022 s0300/1030] loss = 0.000387
[e022 s0350/1030] loss = 0.000394
[e022 s0400/1030] loss = 0.000375
[e022 s0450/1030] loss = 0.000354
[e022 s0500/1030] loss = 0.000335
[e022 s0550/1030] loss = 0.000326
[e022 s0600/1030] loss = 0.000507
[e022 s0650/1030] loss = 0.000528
[e022 s0700/1030] loss = 0.000527
[e022 s0750/1030] loss = 0.000529
[e022 s0800/1030] loss = 0.000512
[e022 s0850/1030] loss = 0.000506
[e022 s0900/1030] loss = 0.000490
[e022 s0950/1030] loss = 0.000495
[e022 s1000/1030] loss = 0.000489
Epoch 022: train_loss = 0.000477  MAE/GAME0 = 33.77  RMSE = 57.60  GAME1 = 9.44  GAME2 = 2.62  GAME3 = 0.71  lr = 1.00e-05  time = 46.9s
[e023 s0001/1030] loss = 0.000001
[e023 s0050/1030] loss = 0.000241
[e023 s0100/1030] loss = 0.000312
[e023 s0150/1030] loss = 0.000513
[e023 s0200/1030] loss = 0.000769
[e023 s0250/1030] loss = 0.000711
[e023 s0300/1030] loss = 0.000715
[e023 s0350/1030] loss = 0.000665
[e023 s0400/1030] loss = 0.000607
[e023 s0450/1030] loss = 0.000572
[e023 s0500/1030] loss = 0.000559
[e023 s0550/1030] loss = 0.000526
[e023 s0600/1030] loss = 0.000525
[e023 s0650/1030] loss = 0.000510
[e023 s0700/1030] loss = 0.000482
[e023 s0750/1030] loss = 0.000484
[e023 s0800/1030] loss = 0.000466
[e023 s0850/1030] loss = 0.000464
[e023 s0900/1030] loss = 0.000465
[e023 s0950/1030] loss = 0.000455
[e023 s1000/1030] loss = 0.000442
Epoch 023: train_loss = 0.000437  MAE/GAME0 = 25.97  RMSE = 50.76  GAME1 = 7.73  GAME2 = 2.21  GAME3 = 0.63  lr = 1.00e-05  time = 47.8s
[e024 s0001/1030] loss = 0.000005
[e024 s0050/1030] loss = 0.000373
[e024 s0100/1030] loss = 0.000367
[e024 s0150/1030] loss = 0.000335
[e024 s0200/1030] loss = 0.000313
[e024 s0250/1030] loss = 0.000363
[e024 s0300/1030] loss = 0.000387
[e024 s0350/1030] loss = 0.000449
[e024 s0400/1030] loss = 0.000432
[e024 s0450/1030] loss = 0.000426
[e024 s0500/1030] loss = 0.000422
[e024 s0550/1030] loss = 0.000417
[e024 s0600/1030] loss = 0.000412
[e024 s0650/1030] loss = 0.000415
[e024 s0700/1030] loss = 0.000394
[e024 s0750/1030] loss = 0.000381
[e024 s0800/1030] loss = 0.000370
[e024 s0850/1030] loss = 0.000373
[e024 s0900/1030] loss = 0.000371
[e024 s0950/1030] loss = 0.000360
[e024 s1000/1030] loss = 0.000364
Epoch 024: train_loss = 0.000357  MAE/GAME0 = 25.59  RMSE = 46.03  GAME1 = 7.30  GAME2 = 2.06  GAME3 = 0.59  lr = 1.00e-05  time = 47.9s
[e025 s0001/1030] loss = 0.000139
[e025 s0050/1030] loss = 0.000344
[e025 s0100/1030] loss = 0.000617
[e025 s0150/1030] loss = 0.000508
[e025 s0200/1030] loss = 0.000428
[e025 s0250/1030] loss = 0.000388
[e025 s0300/1030] loss = 0.000360
[e025 s0350/1030] loss = 0.000325
[e025 s0400/1030] loss = 0.000318
[e025 s0450/1030] loss = 0.000359
[e025 s0500/1030] loss = 0.000340
[e025 s0550/1030] loss = 0.000365
[e025 s0600/1030] loss = 0.000404
[e025 s0650/1030] loss = 0.000421
[e025 s0700/1030] loss = 0.000445
[e025 s0750/1030] loss = 0.000425
[e025 s0800/1030] loss = 0.000426
[e025 s0850/1030] loss = 0.000410
[e025 s0900/1030] loss = 0.000419
[e025 s0950/1030] loss = 0.000408
[e025 s1000/1030] loss = 0.000395
Epoch 025: train_loss = 0.000387  MAE/GAME0 = 25.50  RMSE = 52.15  GAME1 = 8.54  GAME2 = 2.63  GAME3 = 0.76  lr = 1.00e-05  time = 48.9s
[e026 s0001/1030] loss = 0.000010
[e026 s0050/1030] loss = 0.000234
[e026 s0100/1030] loss = 0.000415
[e026 s0150/1030] loss = 0.000393
[e026 s0200/1030] loss = 0.000338
[e026 s0250/1030] loss = 0.000347
[e026 s0300/1030] loss = 0.000334
[e026 s0350/1030] loss = 0.000324
[e026 s0400/1030] loss = 0.000550
[e026 s0450/1030] loss = 0.000588
[e026 s0500/1030] loss = 0.000547
[e026 s0550/1030] loss = 0.000527
[e026 s0600/1030] loss = 0.000498
[e026 s0650/1030] loss = 0.000493
[e026 s0700/1030] loss = 0.000497
[e026 s0750/1030] loss = 0.000481
[e026 s0800/1030] loss = 0.000479
[e026 s0850/1030] loss = 0.000509
[e026 s0900/1030] loss = 0.000537
[e026 s0950/1030] loss = 0.000522
[e026 s1000/1030] loss = 0.000512
Epoch 026: train_loss = 0.000507  MAE/GAME0 = 24.87  RMSE = 45.36  GAME1 = 7.26  GAME2 = 2.05  GAME3 = 0.59  lr = 1.00e-05  time = 46.9s
[e027 s0001/1030] loss = 0.000004
[e027 s0050/1030] loss = 0.000224
[e027 s0100/1030] loss = 0.000212
[e027 s0150/1030] loss = 0.000270
[e027 s0200/1030] loss = 0.000257
[e027 s0250/1030] loss = 0.000327
[e027 s0300/1030] loss = 0.000324
[e027 s0350/1030] loss = 0.000318
[e027 s0400/1030] loss = 0.000342
[e027 s0450/1030] loss = 0.000323
[e027 s0500/1030] loss = 0.000312
[e027 s0550/1030] loss = 0.000321
[e027 s0600/1030] loss = 0.000331
[e027 s0650/1030] loss = 0.000327
[e027 s0700/1030] loss = 0.000326
[e027 s0750/1030] loss = 0.000335
[e027 s0800/1030] loss = 0.000324
[e027 s0850/1030] loss = 0.000336
[e027 s0900/1030] loss = 0.000375
[e027 s0950/1030] loss = 0.000398
[e027 s1000/1030] loss = 0.000402
Epoch 027: train_loss = 0.000395  MAE/GAME0 = 31.40  RMSE = 53.44  GAME1 = 8.66  GAME2 = 2.39  GAME3 = 0.65  lr = 1.00e-05  time = 47.3s
[e028 s0001/1030] loss = 0.000515
[e028 s0050/1030] loss = 0.000232
[e028 s0100/1030] loss = 0.000226
[e028 s0150/1030] loss = 0.000275
[e028 s0200/1030] loss = 0.000332
[e028 s0250/1030] loss = 0.000402
[e028 s0300/1030] loss = 0.000366
[e028 s0350/1030] loss = 0.000346
[e028 s0400/1030] loss = 0.000347
[e028 s0450/1030] loss = 0.000371
[e028 s0500/1030] loss = 0.000407
[e028 s0550/1030] loss = 0.000397
[e028 s0600/1030] loss = 0.000386
[e028 s0650/1030] loss = 0.000376
[e028 s0700/1030] loss = 0.000367
[e028 s0750/1030] loss = 0.000367
[e028 s0800/1030] loss = 0.000358
[e028 s0850/1030] loss = 0.000353
[e028 s0900/1030] loss = 0.000347
[e028 s0950/1030] loss = 0.000353
[e028 s1000/1030] loss = 0.000351
Epoch 028: train_loss = 0.000367  MAE/GAME0 = 36.23  RMSE = 48.92  GAME1 = 10.04  GAME2 = 2.82  GAME3 = 0.80  lr = 1.00e-05  time = 46.9s
[e029 s0001/1030] loss = 0.000034
[e029 s0050/1030] loss = 0.000273
[e029 s0100/1030] loss = 0.000334
[e029 s0150/1030] loss = 0.000344
[e029 s0200/1030] loss = 0.000312
[e029 s0250/1030] loss = 0.000291
[e029 s0300/1030] loss = 0.000362
[e029 s0350/1030] loss = 0.000389
[e029 s0400/1030] loss = 0.000412
[e029 s0450/1030] loss = 0.000418
[e029 s0500/1030] loss = 0.000432
[e029 s0550/1030] loss = 0.000419
[e029 s0600/1030] loss = 0.000459
[e029 s0650/1030] loss = 0.000446
[e029 s0700/1030] loss = 0.000478
[e029 s0750/1030] loss = 0.000469
[e029 s0800/1030] loss = 0.000458
[e029 s0850/1030] loss = 0.000450
[e029 s0900/1030] loss = 0.000451
[e029 s0950/1030] loss = 0.000446
[e029 s1000/1030] loss = 0.000461
Epoch 029: train_loss = 0.000459  MAE/GAME0 = 25.52  RMSE = 40.41  GAME1 = 7.55  GAME2 = 2.18  GAME3 = 0.65  lr = 1.00e-05  time = 47.0s
[e030 s0001/1030] loss = 0.001393
[e030 s0050/1030] loss = 0.000206
[e030 s0100/1030] loss = 0.000203
[e030 s0150/1030] loss = 0.000199
[e030 s0200/1030] loss = 0.000187
[e030 s0250/1030] loss = 0.000225
[e030 s0300/1030] loss = 0.000232
[e030 s0350/1030] loss = 0.000260
[e030 s0400/1030] loss = 0.000303
[e030 s0450/1030] loss = 0.000369
[e030 s0500/1030] loss = 0.000400
[e030 s0550/1030] loss = 0.000425
[e030 s0600/1030] loss = 0.000418
[e030 s0650/1030] loss = 0.000410
[e030 s0700/1030] loss = 0.000388
[e030 s0750/1030] loss = 0.000381
[e030 s0800/1030] loss = 0.000375
[e030 s0850/1030] loss = 0.000365
[e030 s0900/1030] loss = 0.000364
[e030 s0950/1030] loss = 0.000364
[e030 s1000/1030] loss = 0.000370
Epoch 030: train_loss = 0.000369  MAE/GAME0 = 25.25  RMSE = 42.79  GAME1 = 7.56  GAME2 = 2.16  GAME3 = 0.64  lr = 1.00e-05  time = 47.2s
[e031 s0001/1030] loss = 0.000000
[e031 s0050/1030] loss = 0.000275
[e031 s0100/1030] loss = 0.000284
[e031 s0150/1030] loss = 0.000496
[e031 s0200/1030] loss = 0.000461
[e031 s0250/1030] loss = 0.000570
[e031 s0300/1030] loss = 0.000535
[e031 s0350/1030] loss = 0.000496
[e031 s0400/1030] loss = 0.000463
[e031 s0450/1030] loss = 0.000464
[e031 s0500/1030] loss = 0.000463
[e031 s0550/1030] loss = 0.000443
[e031 s0600/1030] loss = 0.000420
[e031 s0650/1030] loss = 0.000525
[e031 s0700/1030] loss = 0.000499
[e031 s0750/1030] loss = 0.000517
[e031 s0800/1030] loss = 0.000506
[e031 s0850/1030] loss = 0.000486
[e031 s0900/1030] loss = 0.000494
[e031 s0950/1030] loss = 0.000478
[e031 s1000/1030] loss = 0.000485
Epoch 031: train_loss = 0.000479  MAE/GAME0 = 26.40  RMSE = 51.61  GAME1 = 7.63  GAME2 = 2.18  GAME3 = 0.62  lr = 1.00e-05  time = 46.9s
[e032 s0001/1030] loss = 0.000049
[e032 s0050/1030] loss = 0.002971
[e032 s0100/1030] loss = 0.001781
[e032 s0150/1030] loss = 0.001307
[e032 s0200/1030] loss = 0.001060
[e032 s0250/1030] loss = 0.000923
[e032 s0300/1030] loss = 0.000815
[e032 s0350/1030] loss = 0.000746
[e032 s0400/1030] loss = 0.000696
[e032 s0450/1030] loss = 0.000636
[e032 s0500/1030] loss = 0.000614
[e032 s0550/1030] loss = 0.000578
[e032 s0600/1030] loss = 0.000567
[e032 s0650/1030] loss = 0.000550
[e032 s0700/1030] loss = 0.000534
[e032 s0750/1030] loss = 0.000529
[e032 s0800/1030] loss = 0.000511
[e032 s0850/1030] loss = 0.000516
[e032 s0900/1030] loss = 0.000499
[e032 s0950/1030] loss = 0.000485
[e032 s1000/1030] loss = 0.000473
Epoch 032: train_loss = 0.000471  MAE/GAME0 = 25.97  RMSE = 49.57  GAME1 = 7.62  GAME2 = 2.21  GAME3 = 0.63  lr = 1.00e-05  time = 46.2s
[e033 s0001/1030] loss = 0.000001
[e033 s0050/1030] loss = 0.000511
[e033 s0100/1030] loss = 0.000382
[e033 s0150/1030] loss = 0.000360
[e033 s0200/1030] loss = 0.000349
[e033 s0250/1030] loss = 0.000381
[e033 s0300/1030] loss = 0.000412
[e033 s0350/1030] loss = 0.000379
[e033 s0400/1030] loss = 0.000352
[e033 s0450/1030] loss = 0.000359
[e033 s0500/1030] loss = 0.000371
[e033 s0550/1030] loss = 0.000374
[e033 s0600/1030] loss = 0.000372
[e033 s0650/1030] loss = 0.000383
[e033 s0700/1030] loss = 0.000422
[e033 s0750/1030] loss = 0.000407
[e033 s0800/1030] loss = 0.000392
[e033 s0850/1030] loss = 0.000385
[e033 s0900/1030] loss = 0.000424
[e033 s0950/1030] loss = 0.000418
[e033 s1000/1030] loss = 0.000405
Epoch 033: train_loss = 0.000406  MAE/GAME0 = 54.12  RMSE = 64.32  GAME1 = 14.33  GAME2 = 3.82  GAME3 = 1.03  lr = 1.00e-05  time = 47.5s
[e034 s0001/1030] loss = 0.000194
[e034 s0050/1030] loss = 0.000358
[e034 s0100/1030] loss = 0.000287
[e034 s0150/1030] loss = 0.000358
[e034 s0200/1030] loss = 0.000366
[e034 s0250/1030] loss = 0.000387
[e034 s0300/1030] loss = 0.000360
[e034 s0350/1030] loss = 0.000359
[e034 s0400/1030] loss = 0.000346
[e034 s0450/1030] loss = 0.000395
[e034 s0500/1030] loss = 0.000436
[e034 s0550/1030] loss = 0.000578
[e034 s0600/1030] loss = 0.000554
[e034 s0650/1030] loss = 0.000559
[e034 s0700/1030] loss = 0.000548
[e034 s0750/1030] loss = 0.000541
[e034 s0800/1030] loss = 0.000520
[e034 s0850/1030] loss = 0.000498
[e034 s0900/1030] loss = 0.000485
[e034 s0950/1030] loss = 0.000480
[e034 s1000/1030] loss = 0.000477
Epoch 034: train_loss = 0.000469  MAE/GAME0 = 42.64  RMSE = 52.37  GAME1 = 11.50  GAME2 = 3.09  GAME3 = 0.85  lr = 1.00e-05  time = 46.7s
[e035 s0001/1030] loss = 0.000027
[e035 s0050/1030] loss = 0.000371
[e035 s0100/1030] loss = 0.000472
[e035 s0150/1030] loss = 0.000483
[e035 s0200/1030] loss = 0.000506
[e035 s0250/1030] loss = 0.000455
[e035 s0300/1030] loss = 0.000459
[e035 s0350/1030] loss = 0.000452
[e035 s0400/1030] loss = 0.000421
[e035 s0450/1030] loss = 0.000392
[e035 s0500/1030] loss = 0.000379
[e035 s0550/1030] loss = 0.000360
[e035 s0600/1030] loss = 0.000408
[e035 s0650/1030] loss = 0.000405
[e035 s0700/1030] loss = 0.000467
[e035 s0750/1030] loss = 0.000447
[e035 s0800/1030] loss = 0.000449
[e035 s0850/1030] loss = 0.000442
[e035 s0900/1030] loss = 0.000445
[e035 s0950/1030] loss = 0.000435
[e035 s1000/1030] loss = 0.000433
Epoch 035: train_loss = 0.000424  MAE/GAME0 = 25.05  RMSE = 48.79  GAME1 = 7.73  GAME2 = 2.21  GAME3 = 0.64  lr = 1.00e-05  time = 48.4s
[e036 s0001/1030] loss = 0.000049
[e036 s0050/1030] loss = 0.000307
[e036 s0100/1030] loss = 0.000205
[e036 s0150/1030] loss = 0.000219
[e036 s0200/1030] loss = 0.000414
[e036 s0250/1030] loss = 0.000367
[e036 s0300/1030] loss = 0.000392
[e036 s0350/1030] loss = 0.000425
[e036 s0400/1030] loss = 0.000414
[e036 s0450/1030] loss = 0.000403
[e036 s0500/1030] loss = 0.000395
[e036 s0550/1030] loss = 0.000381
[e036 s0600/1030] loss = 0.000382
[e036 s0650/1030] loss = 0.000381
[e036 s0700/1030] loss = 0.000379
[e036 s0750/1030] loss = 0.000379
[e036 s0800/1030] loss = 0.000366
[e036 s0850/1030] loss = 0.000372
[e036 s0900/1030] loss = 0.000366
[e036 s0950/1030] loss = 0.000361
[e036 s1000/1030] loss = 0.000362
-> saved late_best.pth (MAE/GAME0 23.05)
Epoch 036: train_loss = 0.000354  MAE/GAME0 = 23.05  RMSE = 44.07  GAME1 = 6.85  GAME2 = 1.96  GAME3 = 0.57  lr = 1.00e-05  time = 47.6s
[e037 s0001/1030] loss = 0.000282
[e037 s0050/1030] loss = 0.000692
[e037 s0100/1030] loss = 0.000489
[e037 s0150/1030] loss = 0.000485
[e037 s0200/1030] loss = 0.000419
[e037 s0250/1030] loss = 0.000376
[e037 s0300/1030] loss = 0.000388
[e037 s0350/1030] loss = 0.000385
[e037 s0400/1030] loss = 0.000385
[e037 s0450/1030] loss = 0.000361
[e037 s0500/1030] loss = 0.000373
[e037 s0550/1030] loss = 0.000369
[e037 s0600/1030] loss = 0.000364
[e037 s0650/1030] loss = 0.000378
[e037 s0700/1030] loss = 0.000375
[e037 s0750/1030] loss = 0.000360
[e037 s0800/1030] loss = 0.000366
[e037 s0850/1030] loss = 0.000381
[e037 s0900/1030] loss = 0.000474
[e037 s0950/1030] loss = 0.000467
[e037 s1000/1030] loss = 0.000458
Epoch 037: train_loss = 0.000462  MAE/GAME0 = 52.67  RMSE = 64.69  GAME1 = 14.28  GAME2 = 3.90  GAME3 = 1.06  lr = 1.00e-05  time = 47.1s
[e038 s0001/1030] loss = 0.000569
[e038 s0050/1030] loss = 0.000551
[e038 s0100/1030] loss = 0.000379
[e038 s0150/1030] loss = 0.000298
[e038 s0200/1030] loss = 0.000296
[e038 s0250/1030] loss = 0.000288
[e038 s0300/1030] loss = 0.000460
[e038 s0350/1030] loss = 0.000503
[e038 s0400/1030] loss = 0.000479
[e038 s0450/1030] loss = 0.000448
[e038 s0500/1030] loss = 0.000440
[e038 s0550/1030] loss = 0.000425
[e038 s0600/1030] loss = 0.000402
[e038 s0650/1030] loss = 0.000417
[e038 s0700/1030] loss = 0.000409
[e038 s0750/1030] loss = 0.000390
[e038 s0800/1030] loss = 0.000398
[e038 s0850/1030] loss = 0.000392
[e038 s0900/1030] loss = 0.000378
[e038 s0950/1030] loss = 0.000377
[e038 s1000/1030] loss = 0.000387
Epoch 038: train_loss = 0.000383  MAE/GAME0 = 23.49  RMSE = 43.68  GAME1 = 7.15  GAME2 = 2.08  GAME3 = 0.62  lr = 1.00e-05  time = 47.1s
[e039 s0001/1030] loss = 0.000000
[e039 s0050/1030] loss = 0.000157
[e039 s0100/1030] loss = 0.000174
[e039 s0150/1030] loss = 0.000214
[e039 s0200/1030] loss = 0.000203
[e039 s0250/1030] loss = 0.000207
[e039 s0300/1030] loss = 0.000198
[e039 s0350/1030] loss = 0.000195
[e039 s0400/1030] loss = 0.000211
[e039 s0450/1030] loss = 0.000201
[e039 s0500/1030] loss = 0.000205
[e039 s0550/1030] loss = 0.000210
[e039 s0600/1030] loss = 0.000203
[e039 s0650/1030] loss = 0.000200
[e039 s0700/1030] loss = 0.000198
[e039 s0750/1030] loss = 0.000199
[e039 s0800/1030] loss = 0.000210
[e039 s0850/1030] loss = 0.000223
[e039 s0900/1030] loss = 0.000232
[e039 s0950/1030] loss = 0.000236
[e039 s1000/1030] loss = 0.000242
Epoch 039: train_loss = 0.000241  MAE/GAME0 = 25.88  RMSE = 44.75  GAME1 = 7.62  GAME2 = 2.14  GAME3 = 0.62  lr = 1.00e-05  time = 47.6s
[e040 s0001/1030] loss = 0.002167
[e040 s0050/1030] loss = 0.000242
[e040 s0100/1030] loss = 0.000198
[e040 s0150/1030] loss = 0.000184
[e040 s0200/1030] loss = 0.000431
[e040 s0250/1030] loss = 0.000360
[e040 s0300/1030] loss = 0.000404
[e040 s0350/1030] loss = 0.000381
[e040 s0400/1030] loss = 0.000379
[e040 s0450/1030] loss = 0.000369
[e040 s0500/1030] loss = 0.000362
[e040 s0550/1030] loss = 0.000352
[e040 s0600/1030] loss = 0.000336
[e040 s0650/1030] loss = 0.000335
[e040 s0700/1030] loss = 0.000338
[e040 s0750/1030] loss = 0.000327
[e040 s0800/1030] loss = 0.000326
[e040 s0850/1030] loss = 0.000326
[e040 s0900/1030] loss = 0.000335
[e040 s0950/1030] loss = 0.000327
[e040 s1000/1030] loss = 0.000334
Epoch 040: train_loss = 0.000343  MAE/GAME0 = 25.49  RMSE = 43.31  GAME1 = 7.55  GAME2 = 2.13  GAME3 = 0.62  lr = 1.00e-05  time = 47.2s
[e041 s0001/1030] loss = 0.000001
[e041 s0050/1030] loss = 0.000194
[e041 s0100/1030] loss = 0.000175
[e041 s0150/1030] loss = 0.000215
[e041 s0200/1030] loss = 0.000225
[e041 s0250/1030] loss = 0.000258
[e041 s0300/1030] loss = 0.000244
[e041 s0350/1030] loss = 0.000235
[e041 s0400/1030] loss = 0.000319
[e041 s0450/1030] loss = 0.000371
[e041 s0500/1030] loss = 0.000468
[e041 s0550/1030] loss = 0.000459
[e041 s0600/1030] loss = 0.000444
[e041 s0650/1030] loss = 0.000424
[e041 s0700/1030] loss = 0.000434
[e041 s0750/1030] loss = 0.000423
[e041 s0800/1030] loss = 0.000420
[e041 s0850/1030] loss = 0.000418
[e041 s0900/1030] loss = 0.000421
[e041 s0950/1030] loss = 0.000433
[e041 s1000/1030] loss = 0.000442
Epoch 041: train_loss = 0.000435  MAE/GAME0 = 29.37  RMSE = 49.37  GAME1 = 8.54  GAME2 = 2.44  GAME3 = 0.70  lr = 1.00e-05  time = 48.5s
[e042 s0001/1030] loss = 0.000205
[e042 s0050/1030] loss = 0.000402
[e042 s0100/1030] loss = 0.000368
[e042 s0150/1030] loss = 0.000345
[e042 s0200/1030] loss = 0.000365
[e042 s0250/1030] loss = 0.000358
[e042 s0300/1030] loss = 0.000341
[e042 s0350/1030] loss = 0.000314
[e042 s0400/1030] loss = 0.000394
[e042 s0450/1030] loss = 0.000371
[e042 s0500/1030] loss = 0.000359
[e042 s0550/1030] loss = 0.000356
[e042 s0600/1030] loss = 0.000340
[e042 s0650/1030] loss = 0.000334
[e042 s0700/1030] loss = 0.000331
[e042 s0750/1030] loss = 0.000329
[e042 s0800/1030] loss = 0.000350
[e042 s0850/1030] loss = 0.000408
[e042 s0900/1030] loss = 0.000401
[e042 s0950/1030] loss = 0.000390
[e042 s1000/1030] loss = 0.000379
Epoch 042: train_loss = 0.000374  MAE/GAME0 = 24.57  RMSE = 48.36  GAME1 = 7.64  GAME2 = 2.26  GAME3 = 0.66  lr = 1.00e-05  time = 47.8s
[e043 s0001/1030] loss = 0.000253
[e043 s0050/1030] loss = 0.000356
[e043 s0100/1030] loss = 0.000233
[e043 s0150/1030] loss = 0.000263
[e043 s0200/1030] loss = 0.000296
[e043 s0250/1030] loss = 0.000306
[e043 s0300/1030] loss = 0.000284
[e043 s0350/1030] loss = 0.000290
[e043 s0400/1030] loss = 0.000327
[e043 s0450/1030] loss = 0.000330
[e043 s0500/1030] loss = 0.000383
[e043 s0550/1030] loss = 0.000513
[e043 s0600/1030] loss = 0.000623
[e043 s0650/1030] loss = 0.000601
[e043 s0700/1030] loss = 0.000579
[e043 s0750/1030] loss = 0.000560
[e043 s0800/1030] loss = 0.000536
[e043 s0850/1030] loss = 0.000522
[e043 s0900/1030] loss = 0.000506
[e043 s0950/1030] loss = 0.000488
[e043 s1000/1030] loss = 0.000478
Epoch 043: train_loss = 0.000471  MAE/GAME0 = 24.85  RMSE = 48.52  GAME1 = 7.47  GAME2 = 2.13  GAME3 = 0.62  lr = 1.00e-05  time = 48.0s
[e044 s0001/1030] loss = 0.000001
[e044 s0050/1030] loss = 0.000463
[e044 s0100/1030] loss = 0.000356
[e044 s0150/1030] loss = 0.000342
[e044 s0200/1030] loss = 0.000336
[e044 s0250/1030] loss = 0.000419
[e044 s0300/1030] loss = 0.000398
[e044 s0350/1030] loss = 0.000371
[e044 s0400/1030] loss = 0.000419
[e044 s0450/1030] loss = 0.000436
[e044 s0500/1030] loss = 0.000457
[e044 s0550/1030] loss = 0.000453
[e044 s0600/1030] loss = 0.000435
[e044 s0650/1030] loss = 0.000429
[e044 s0700/1030] loss = 0.000418
[e044 s0750/1030] loss = 0.000415
[e044 s0800/1030] loss = 0.000403
[e044 s0850/1030] loss = 0.000436
[e044 s0900/1030] loss = 0.000429
[e044 s0950/1030] loss = 0.000431
[e044 s1000/1030] loss = 0.000418
Epoch 044: train_loss = 0.000418  MAE/GAME0 = 32.26  RMSE = 50.89  GAME1 = 9.13  GAME2 = 2.55  GAME3 = 0.73  lr = 1.00e-05  time = 47.0s
[e045 s0001/1030] loss = 0.000001
[e045 s0050/1030] loss = 0.000188
[e045 s0100/1030] loss = 0.000301
[e045 s0150/1030] loss = 0.000363
[e045 s0200/1030] loss = 0.000799
[e045 s0250/1030] loss = 0.000683
[e045 s0300/1030] loss = 0.000635
[e045 s0350/1030] loss = 0.000573
[e045 s0400/1030] loss = 0.000537
[e045 s0450/1030] loss = 0.000499
[e045 s0500/1030] loss = 0.000473
[e045 s0550/1030] loss = 0.000454
[e045 s0600/1030] loss = 0.000452
[e045 s0650/1030] loss = 0.000446
[e045 s0700/1030] loss = 0.000426
[e045 s0750/1030] loss = 0.000425
[e045 s0800/1030] loss = 0.000408
[e045 s0850/1030] loss = 0.000403
[e045 s0900/1030] loss = 0.000401
[e045 s0950/1030] loss = 0.000389
[e045 s1000/1030] loss = 0.000385
Epoch 045: train_loss = 0.000386  MAE/GAME0 = 25.60  RMSE = 48.17  GAME1 = 7.76  GAME2 = 2.22  GAME3 = 0.65  lr = 1.00e-05  time = 47.4s
[e046 s0001/1030] loss = 0.000145
[e046 s0050/1030] loss = 0.001266
[e046 s0100/1030] loss = 0.000758
[e046 s0150/1030] loss = 0.000581
[e046 s0200/1030] loss = 0.000483
[e046 s0250/1030] loss = 0.000792
[e046 s0300/1030] loss = 0.000704
[e046 s0350/1030] loss = 0.000638
[e046 s0400/1030] loss = 0.000581
[e046 s0450/1030] loss = 0.000551
[e046 s0500/1030] loss = 0.000547
[e046 s0550/1030] loss = 0.000530
[e046 s0600/1030] loss = 0.000519
[e046 s0650/1030] loss = 0.000522
[e046 s0700/1030] loss = 0.000504
[e046 s0750/1030] loss = 0.000495
[e046 s0800/1030] loss = 0.000479
[e046 s0850/1030] loss = 0.000463
[e046 s0900/1030] loss = 0.000502
[e046 s0950/1030] loss = 0.000505
[e046 s1000/1030] loss = 0.000498
Epoch 046: train_loss = 0.000494  MAE/GAME0 = 35.29  RMSE = 56.70  GAME1 = 9.29  GAME2 = 2.45  GAME3 = 0.66  lr = 1.00e-05  time = 47.0s
[e047 s0001/1030] loss = 0.000216
[e047 s0050/1030] loss = 0.000503
[e047 s0100/1030] loss = 0.000408
[e047 s0150/1030] loss = 0.000362
[e047 s0200/1030] loss = 0.000323
[e047 s0250/1030] loss = 0.000334
[e047 s0300/1030] loss = 0.000333
[e047 s0350/1030] loss = 0.000323
[e047 s0400/1030] loss = 0.000329
[e047 s0450/1030] loss = 0.000325
[e047 s0500/1030] loss = 0.000423
[e047 s0550/1030] loss = 0.000415
[e047 s0600/1030] loss = 0.000413
[e047 s0650/1030] loss = 0.000415
[e047 s0700/1030] loss = 0.000409
[e047 s0750/1030] loss = 0.000400
[e047 s0800/1030] loss = 0.000398
[e047 s0850/1030] loss = 0.000386
[e047 s0900/1030] loss = 0.000381
[e047 s0950/1030] loss = 0.000375
[e047 s1000/1030] loss = 0.000366
Epoch 047: train_loss = 0.000364  MAE/GAME0 = 29.44  RMSE = 52.97  GAME1 = 8.04  GAME2 = 2.22  GAME3 = 0.63  lr = 1.00e-05  time = 46.9s
[e048 s0001/1030] loss = 0.000158
[e048 s0050/1030] loss = 0.000499
[e048 s0100/1030] loss = 0.000320
[e048 s0150/1030] loss = 0.000389
[e048 s0200/1030] loss = 0.000369
[e048 s0250/1030] loss = 0.000358
[e048 s0300/1030] loss = 0.000323
[e048 s0350/1030] loss = 0.000329
[e048 s0400/1030] loss = 0.000348
[e048 s0450/1030] loss = 0.000339
[e048 s0500/1030] loss = 0.000326
[e048 s0550/1030] loss = 0.000322
[e048 s0600/1030] loss = 0.000308
[e048 s0650/1030] loss = 0.000300
[e048 s0700/1030] loss = 0.000295
[e048 s0750/1030] loss = 0.000313
[e048 s0800/1030] loss = 0.000306
[e048 s0850/1030] loss = 0.000328
[e048 s0900/1030] loss = 0.000333
[e048 s0950/1030] loss = 0.000349
[e048 s1000/1030] loss = 0.000352
Epoch 048: train_loss = 0.000353  MAE/GAME0 = 33.82  RMSE = 57.05  GAME1 = 8.98  GAME2 = 2.39  GAME3 = 0.65  lr = 1.00e-05  time = 48.0s
[e049 s0001/1030] loss = 0.000261
[e049 s0050/1030] loss = 0.000258
[e049 s0100/1030] loss = 0.000289
[e049 s0150/1030] loss = 0.000326
[e049 s0200/1030] loss = 0.000296
[e049 s0250/1030] loss = 0.000287
[e049 s0300/1030] loss = 0.000296
[e049 s0350/1030] loss = 0.000334
[e049 s0400/1030] loss = 0.000319
[e049 s0450/1030] loss = 0.000320
[e049 s0500/1030] loss = 0.000322
[e049 s0550/1030] loss = 0.000355
[e049 s0600/1030] loss = 0.000345
[e049 s0650/1030] loss = 0.000330
[e049 s0700/1030] loss = 0.000322
[e049 s0750/1030] loss = 0.000326
[e049 s0800/1030] loss = 0.000324
[e049 s0850/1030] loss = 0.000325
[e049 s0900/1030] loss = 0.000322
[e049 s0950/1030] loss = 0.000324
[e049 s1000/1030] loss = 0.000327
Epoch 049: train_loss = 0.000325  MAE/GAME0 = 25.15  RMSE = 47.80  GAME1 = 7.44  GAME2 = 2.12  GAME3 = 0.62  lr = 1.00e-05  time = 47.4s
[e050 s0001/1030] loss = 0.000068
[e050 s0050/1030] loss = 0.000103
[e050 s0100/1030] loss = 0.000158
[e050 s0150/1030] loss = 0.000256
[e050 s0200/1030] loss = 0.000249
[e050 s0250/1030] loss = 0.000274
[e050 s0300/1030] loss = 0.000310
[e050 s0350/1030] loss = 0.000301
[e050 s0400/1030] loss = 0.000285
[e050 s0450/1030] loss = 0.000374
[e050 s0500/1030] loss = 0.000380
[e050 s0550/1030] loss = 0.000369
[e050 s0600/1030] loss = 0.000360
[e050 s0650/1030] loss = 0.000354
[e050 s0700/1030] loss = 0.000337
[e050 s0750/1030] loss = 0.000330
[e050 s0800/1030] loss = 0.000329
[e050 s0850/1030] loss = 0.000320
[e050 s0900/1030] loss = 0.000317
[e050 s0950/1030] loss = 0.000323
[e050 s1000/1030] loss = 0.000318
Epoch 050: train_loss = 0.000349  MAE/GAME0 = 42.94  RMSE = 57.25  GAME1 = 11.89  GAME2 = 3.27  GAME3 = 0.90  lr = 1.00e-05  time = 47.0s
[e051 s0001/1030] loss = 0.000227
[e051 s0050/1030] loss = 0.000478
[e051 s0100/1030] loss = 0.000286
[e051 s0150/1030] loss = 0.000328
[e051 s0200/1030] loss = 0.000362
[e051 s0250/1030] loss = 0.000434
[e051 s0300/1030] loss = 0.000421
[e051 s0350/1030] loss = 0.000410
[e051 s0400/1030] loss = 0.000430
[e051 s0450/1030] loss = 0.000593
[e051 s0500/1030] loss = 0.000552
[e051 s0550/1030] loss = 0.000517
[e051 s0600/1030] loss = 0.000555
[e051 s0650/1030] loss = 0.000543
[e051 s0700/1030] loss = 0.000520
[e051 s0750/1030] loss = 0.000502
[e051 s0800/1030] loss = 0.000488
[e051 s0850/1030] loss = 0.000473
[e051 s0900/1030] loss = 0.000455
[e051 s0950/1030] loss = 0.000443
[e051 s1000/1030] loss = 0.000462
Epoch 051: train_loss = 0.000460  MAE/GAME0 = 26.29  RMSE = 46.24  GAME1 = 7.85  GAME2 = 2.29  GAME3 = 0.65  lr = 1.00e-05  time = 47.5s
[e052 s0001/1030] loss = 0.002287
[e052 s0050/1030] loss = 0.000574
[e052 s0100/1030] loss = 0.000496
[e052 s0150/1030] loss = 0.000421
[e052 s0200/1030] loss = 0.000364
[e052 s0250/1030] loss = 0.000363
[e052 s0300/1030] loss = 0.000372
[e052 s0350/1030] loss = 0.000361
[e052 s0400/1030] loss = 0.000443
[e052 s0450/1030] loss = 0.000461
[e052 s0500/1030] loss = 0.000465
[e052 s0550/1030] loss = 0.000446
[e052 s0600/1030] loss = 0.000456
[e052 s0650/1030] loss = 0.000444
[e052 s0700/1030] loss = 0.000430
[e052 s0750/1030] loss = 0.000426
[e052 s0800/1030] loss = 0.000415
[e052 s0850/1030] loss = 0.000399
[e052 s0900/1030] loss = 0.000392
[e052 s0950/1030] loss = 0.000412
[e052 s1000/1030] loss = 0.000417
Epoch 052: train_loss = 0.000417  MAE/GAME0 = 26.04  RMSE = 40.50  GAME1 = 8.52  GAME2 = 2.62  GAME3 = 0.77  lr = 1.00e-05  time = 46.8s
[e053 s0001/1030] loss = 0.000060
[e053 s0050/1030] loss = 0.001775
[e053 s0100/1030] loss = 0.001041
[e053 s0150/1030] loss = 0.000780
[e053 s0200/1030] loss = 0.000718
[e053 s0250/1030] loss = 0.000598
[e053 s0300/1030] loss = 0.000538
[e053 s0350/1030] loss = 0.000489
[e053 s0400/1030] loss = 0.000489
[e053 s0450/1030] loss = 0.000458
[e053 s0500/1030] loss = 0.000436
[e053 s0550/1030] loss = 0.000487
[e053 s0600/1030] loss = 0.000495
[e053 s0650/1030] loss = 0.000507
[e053 s0700/1030] loss = 0.000483
[e053 s0750/1030] loss = 0.000483
[e053 s0800/1030] loss = 0.000484
[e053 s0850/1030] loss = 0.000470
[e053 s0900/1030] loss = 0.000454
[e053 s0950/1030] loss = 0.000455
[e053 s1000/1030] loss = 0.000451
Epoch 053: train_loss = 0.000443  MAE/GAME0 = 23.50  RMSE = 42.80  GAME1 = 7.15  GAME2 = 2.06  GAME3 = 0.60  lr = 1.00e-05  time = 48.9s
[e054 s0001/1030] loss = 0.000000
[e054 s0050/1030] loss = 0.000225
[e054 s0100/1030] loss = 0.000250
[e054 s0150/1030] loss = 0.000800
[e054 s0200/1030] loss = 0.000688
[e054 s0250/1030] loss = 0.000599
[e054 s0300/1030] loss = 0.000600
[e054 s0350/1030] loss = 0.000558
[e054 s0400/1030] loss = 0.000543
[e054 s0450/1030] loss = 0.000544
[e054 s0500/1030] loss = 0.000510
[e054 s0550/1030] loss = 0.000488
[e054 s0600/1030] loss = 0.000460
[e054 s0650/1030] loss = 0.000455
[e054 s0700/1030] loss = 0.000440
[e054 s0750/1030] loss = 0.000505
[e054 s0800/1030] loss = 0.000484
[e054 s0850/1030] loss = 0.000478
[e054 s0900/1030] loss = 0.000468
[e054 s0950/1030] loss = 0.000453
[e054 s1000/1030] loss = 0.000448
Epoch 054: train_loss = 0.000447  MAE/GAME0 = 36.83  RMSE = 47.47  GAME1 = 10.32  GAME2 = 2.90  GAME3 = 0.82  lr = 1.00e-05  time = 46.5s
[e055 s0001/1030] loss = 0.000694
[e055 s0050/1030] loss = 0.000348
[e055 s0100/1030] loss = 0.000368
[e055 s0150/1030] loss = 0.000356
[e055 s0200/1030] loss = 0.000694
[e055 s0250/1030] loss = 0.000608
[e055 s0300/1030] loss = 0.000574
[e055 s0350/1030] loss = 0.000566
[e055 s0400/1030] loss = 0.000534
[e055 s0450/1030] loss = 0.000488
[e055 s0500/1030] loss = 0.000514
[e055 s0550/1030] loss = 0.000491
[e055 s0600/1030] loss = 0.000482
[e055 s0650/1030] loss = 0.000488
[e055 s0700/1030] loss = 0.000475
[e055 s0750/1030] loss = 0.000498
[e055 s0800/1030] loss = 0.000498
[e055 s0850/1030] loss = 0.000480
[e055 s0900/1030] loss = 0.000489
[e055 s0950/1030] loss = 0.000480
[e055 s1000/1030] loss = 0.000475
Epoch 055: train_loss = 0.000469  MAE/GAME0 = 47.99  RMSE = 58.60  GAME1 = 12.75  GAME2 = 3.43  GAME3 = 0.95  lr = 1.00e-05  time = 47.1s
[e056 s0001/1030] loss = 0.000370
[e056 s0050/1030] loss = 0.000372
[e056 s0100/1030] loss = 0.000337
[e056 s0150/1030] loss = 0.000303
[e056 s0200/1030] loss = 0.000286
[e056 s0250/1030] loss = 0.000278
[e056 s0300/1030] loss = 0.000264
[e056 s0350/1030] loss = 0.000283
[e056 s0400/1030] loss = 0.000304
[e056 s0450/1030] loss = 0.000309
[e056 s0500/1030] loss = 0.000312
[e056 s0550/1030] loss = 0.000310
[e056 s0600/1030] loss = 0.000302
[e056 s0650/1030] loss = 0.000296
[e056 s0700/1030] loss = 0.000308
[e056 s0750/1030] loss = 0.000312
[e056 s0800/1030] loss = 0.000310
[e056 s0850/1030] loss = 0.000307
[e056 s0900/1030] loss = 0.000299
[e056 s0950/1030] loss = 0.000290
[e056 s1000/1030] loss = 0.000289
Epoch 056: train_loss = 0.000285  MAE/GAME0 = 24.06  RMSE = 46.26  GAME1 = 7.31  GAME2 = 2.09  GAME3 = 0.61  lr = 1.00e-05  time = 46.1s
[e057 s0001/1030] loss = 0.000002
[e057 s0050/1030] loss = 0.000526
[e057 s0100/1030] loss = 0.000437
[e057 s0150/1030] loss = 0.000339
[e057 s0200/1030] loss = 0.000336
[e057 s0250/1030] loss = 0.000301
[e057 s0300/1030] loss = 0.000640
[e057 s0350/1030] loss = 0.000666
[e057 s0400/1030] loss = 0.000667
[e057 s0450/1030] loss = 0.000626
[e057 s0500/1030] loss = 0.000591
[e057 s0550/1030] loss = 0.000551
[e057 s0600/1030] loss = 0.000575
[e057 s0650/1030] loss = 0.000562
[e057 s0700/1030] loss = 0.000534
[e057 s0750/1030] loss = 0.000514
[e057 s0800/1030] loss = 0.000501
[e057 s0850/1030] loss = 0.000490
[e057 s0900/1030] loss = 0.000477
[e057 s0950/1030] loss = 0.000469
[e057 s1000/1030] loss = 0.000462
Epoch 057: train_loss = 0.000457  MAE/GAME0 = 31.14  RMSE = 52.40  GAME1 = 8.34  GAME2 = 2.24  GAME3 = 0.61  lr = 1.00e-05  time = 46.6s
[e058 s0001/1030] loss = 0.000000
[e058 s0050/1030] loss = 0.001645
[e058 s0100/1030] loss = 0.000996
[e058 s0150/1030] loss = 0.000737
[e058 s0200/1030] loss = 0.000610
[e058 s0250/1030] loss = 0.000564
[e058 s0300/1030] loss = 0.000537
[e058 s0350/1030] loss = 0.000500
[e058 s0400/1030] loss = 0.000488
[e058 s0450/1030] loss = 0.000450
[e058 s0500/1030] loss = 0.000438
[e058 s0550/1030] loss = 0.000427
[e058 s0600/1030] loss = 0.000429
[e058 s0650/1030] loss = 0.000414
[e058 s0700/1030] loss = 0.000411
[e058 s0750/1030] loss = 0.000395
[e058 s0800/1030] loss = 0.000400
[e058 s0850/1030] loss = 0.000403
[e058 s0900/1030] loss = 0.000433
[e058 s0950/1030] loss = 0.000432
[e058 s1000/1030] loss = 0.000420
Epoch 058: train_loss = 0.000415  MAE/GAME0 = 28.82  RMSE = 44.20  GAME1 = 8.46  GAME2 = 2.40  GAME3 = 0.69  lr = 1.00e-05  time = 47.4s
[e059 s0001/1030] loss = 0.000439
[e059 s0050/1030] loss = 0.000251
[e059 s0100/1030] loss = 0.000329
[e059 s0150/1030] loss = 0.000339
[e059 s0200/1030] loss = 0.000310
[e059 s0250/1030] loss = 0.000676
[e059 s0300/1030] loss = 0.000629
[e059 s0350/1030] loss = 0.000573
[e059 s0400/1030] loss = 0.000546
[e059 s0450/1030] loss = 0.000508
[e059 s0500/1030] loss = 0.000492
[e059 s0550/1030] loss = 0.000462
[e059 s0600/1030] loss = 0.000470
[e059 s0650/1030] loss = 0.000475
[e059 s0700/1030] loss = 0.000455
[e059 s0750/1030] loss = 0.000450
[e059 s0800/1030] loss = 0.000469
[e059 s0850/1030] loss = 0.000457
[e059 s0900/1030] loss = 0.000455
[e059 s0950/1030] loss = 0.000446
[e059 s1000/1030] loss = 0.000435
Epoch 059: train_loss = 0.000427  MAE/GAME0 = 23.34  RMSE = 41.00  GAME1 = 7.08  GAME2 = 2.02  GAME3 = 0.59  lr = 1.00e-05  time = 46.9s
[e060 s0001/1030] loss = 0.000051
[e060 s0050/1030] loss = 0.000415
[e060 s0100/1030] loss = 0.000350
[e060 s0150/1030] loss = 0.000283
[e060 s0200/1030] loss = 0.000338
[e060 s0250/1030] loss = 0.000356
[e060 s0300/1030] loss = 0.000347
[e060 s0350/1030] loss = 0.000345
[e060 s0400/1030] loss = 0.000328
[e060 s0450/1030] loss = 0.000341
[e060 s0500/1030] loss = 0.000335
[e060 s0550/1030] loss = 0.000335
[e060 s0600/1030] loss = 0.000346
[e060 s0650/1030] loss = 0.000363
[e060 s0700/1030] loss = 0.000346
[e060 s0750/1030] loss = 0.000339
[e060 s0800/1030] loss = 0.000344
[e060 s0850/1030] loss = 0.000337
[e060 s0900/1030] loss = 0.000343
[e060 s0950/1030] loss = 0.000339
[e060 s1000/1030] loss = 0.000339
Epoch 060: train_loss = 0.000336  MAE/GAME0 = 25.94  RMSE = 42.89  GAME1 = 7.76  GAME2 = 2.22  GAME3 = 0.65  lr = 1.00e-05  time = 47.4s
[e061 s0001/1030] loss = 0.000116
[e061 s0050/1030] loss = 0.000182
[e061 s0100/1030] loss = 0.000229
[e061 s0150/1030] loss = 0.000241
[e061 s0200/1030] loss = 0.000241
[e061 s0250/1030] loss = 0.000242
[e061 s0300/1030] loss = 0.000237
[e061 s0350/1030] loss = 0.000264
[e061 s0400/1030] loss = 0.000298
[e061 s0450/1030] loss = 0.000295
[e061 s0500/1030] loss = 0.000286
[e061 s0550/1030] loss = 0.000367
[e061 s0600/1030] loss = 0.000365
[e061 s0650/1030] loss = 0.000455
[e061 s0700/1030] loss = 0.000447
[e061 s0750/1030] loss = 0.000428
[e061 s0800/1030] loss = 0.000412
[e061 s0850/1030] loss = 0.000407
[e061 s0900/1030] loss = 0.000397
[e061 s0950/1030] loss = 0.000406
[e061 s1000/1030] loss = 0.000416
Epoch 061: train_loss = 0.000407  MAE/GAME0 = 26.89  RMSE = 49.38  GAME1 = 7.60  GAME2 = 2.12  GAME3 = 0.61  lr = 1.00e-05  time = 47.4s
[e062 s0001/1030] loss = 0.000000
[e062 s0050/1030] loss = 0.000257
[e062 s0100/1030] loss = 0.000311
[e062 s0150/1030] loss = 0.000339
[e062 s0200/1030] loss = 0.000396
[e062 s0250/1030] loss = 0.000371
[e062 s0300/1030] loss = 0.000394
[e062 s0350/1030] loss = 0.000366
[e062 s0400/1030] loss = 0.000355
[e062 s0450/1030] loss = 0.000342
[e062 s0500/1030] loss = 0.000339
[e062 s0550/1030] loss = 0.000332
[e062 s0600/1030] loss = 0.000332
[e062 s0650/1030] loss = 0.000340
[e062 s0700/1030] loss = 0.000343
[e062 s0750/1030] loss = 0.000331
[e062 s0800/1030] loss = 0.000319
[e062 s0850/1030] loss = 0.000330
[e062 s0900/1030] loss = 0.000353
[e062 s0950/1030] loss = 0.000376
[e062 s1000/1030] loss = 0.000382
Epoch 062: train_loss = 0.000375  MAE/GAME0 = 23.88  RMSE = 47.73  GAME1 = 7.67  GAME2 = 2.29  GAME3 = 0.67  lr = 1.00e-05  time = 48.9s
[e063 s0001/1030] loss = 0.000010
[e063 s0050/1030] loss = 0.000461
[e063 s0100/1030] loss = 0.000520
[e063 s0150/1030] loss = 0.000419
[e063 s0200/1030] loss = 0.000387
[e063 s0250/1030] loss = 0.000342
[e063 s0300/1030] loss = 0.000377
[e063 s0350/1030] loss = 0.000359
[e063 s0400/1030] loss = 0.000331
[e063 s0450/1030] loss = 0.000357
[e063 s0500/1030] loss = 0.000335
[e063 s0550/1030] loss = 0.000339
[e063 s0600/1030] loss = 0.000429
[e063 s0650/1030] loss = 0.000417
[e063 s0700/1030] loss = 0.000401
[e063 s0750/1030] loss = 0.000384
[e063 s0800/1030] loss = 0.000449
[e063 s0850/1030] loss = 0.000440
[e063 s0900/1030] loss = 0.000428
[e063 s0950/1030] loss = 0.000426
[e063 s1000/1030] loss = 0.000412
Epoch 063: train_loss = 0.000404  MAE/GAME0 = 28.96  RMSE = 52.57  GAME1 = 7.95  GAME2 = 2.18  GAME3 = 0.61  lr = 1.00e-05  time = 46.3s
[e064 s0001/1030] loss = 0.000000
[e064 s0050/1030] loss = 0.000338
[e064 s0100/1030] loss = 0.000288
[e064 s0150/1030] loss = 0.000304
[e064 s0200/1030] loss = 0.000273
[e064 s0250/1030] loss = 0.000286
[e064 s0300/1030] loss = 0.000270
[e064 s0350/1030] loss = 0.000263
[e064 s0400/1030] loss = 0.000261
[e064 s0450/1030] loss = 0.000260
[e064 s0500/1030] loss = 0.000257
[e064 s0550/1030] loss = 0.000261
[e064 s0600/1030] loss = 0.000280
[e064 s0650/1030] loss = 0.000280
[e064 s0700/1030] loss = 0.000295
[e064 s0750/1030] loss = 0.000297
[e064 s0800/1030] loss = 0.000327
[e064 s0850/1030] loss = 0.000362
[e064 s0900/1030] loss = 0.000363
[e064 s0950/1030] loss = 0.000363
[e064 s1000/1030] loss = 0.000358
Epoch 064: train_loss = 0.000372  MAE/GAME0 = 31.39  RMSE = 46.07  GAME1 = 8.88  GAME2 = 2.47  GAME3 = 0.71  lr = 1.00e-05  time = 46.7s
[e065 s0001/1030] loss = 0.000039
[e065 s0050/1030] loss = 0.003203
[e065 s0100/1030] loss = 0.001812
[e065 s0150/1030] loss = 0.001320
[e065 s0200/1030] loss = 0.001101
[e065 s0250/1030] loss = 0.000944
[e065 s0300/1030] loss = 0.000826
[e065 s0350/1030] loss = 0.000740
[e065 s0400/1030] loss = 0.000690
[e065 s0450/1030] loss = 0.000643
[e065 s0500/1030] loss = 0.000603
[e065 s0550/1030] loss = 0.000575
[e065 s0600/1030] loss = 0.000557
[e065 s0650/1030] loss = 0.000530
[e065 s0700/1030] loss = 0.000505
[e065 s0750/1030] loss = 0.000529
[e065 s0800/1030] loss = 0.000519
[e065 s0850/1030] loss = 0.000510
[e065 s0900/1030] loss = 0.000490
[e065 s0950/1030] loss = 0.000480
[e065 s1000/1030] loss = 0.000466
Epoch 065: train_loss = 0.000459  MAE/GAME0 = 26.23  RMSE = 48.33  GAME1 = 7.42  GAME2 = 2.07  GAME3 = 0.58  lr = 1.00e-05  time = 46.5s
[e066 s0001/1030] loss = 0.000473
[e066 s0050/1030] loss = 0.000149
[e066 s0100/1030] loss = 0.000252
[e066 s0150/1030] loss = 0.000248
[e066 s0200/1030] loss = 0.000283
[e066 s0250/1030] loss = 0.000365
[e066 s0300/1030] loss = 0.000401
[e066 s0350/1030] loss = 0.000391
[e066 s0400/1030] loss = 0.000381
[e066 s0450/1030] loss = 0.000366
[e066 s0500/1030] loss = 0.000392
[e066 s0550/1030] loss = 0.000407
[e066 s0600/1030] loss = 0.000524
[e066 s0650/1030] loss = 0.000500
[e066 s0700/1030] loss = 0.000480
[e066 s0750/1030] loss = 0.000466
[e066 s0800/1030] loss = 0.000452
[e066 s0850/1030] loss = 0.000438
[e066 s0900/1030] loss = 0.000436
[e066 s0950/1030] loss = 0.000422
[e066 s1000/1030] loss = 0.000409
Epoch 066: train_loss = 0.000404  MAE/GAME0 = 36.65  RMSE = 49.71  GAME1 = 10.22  GAME2 = 2.86  GAME3 = 0.80  lr = 1.00e-05  time = 46.9s
[e067 s0001/1030] loss = 0.000122
[e067 s0050/1030] loss = 0.000375
[e067 s0100/1030] loss = 0.000287
[e067 s0150/1030] loss = 0.000262
[e067 s0200/1030] loss = 0.000587
[e067 s0250/1030] loss = 0.000519
[e067 s0300/1030] loss = 0.000467
[e067 s0350/1030] loss = 0.000448
[e067 s0400/1030] loss = 0.000415
[e067 s0450/1030] loss = 0.000406
[e067 s0500/1030] loss = 0.000388
[e067 s0550/1030] loss = 0.000389
[e067 s0600/1030] loss = 0.000483
[e067 s0650/1030] loss = 0.000511
[e067 s0700/1030] loss = 0.000486
[e067 s0750/1030] loss = 0.000484
[e067 s0800/1030] loss = 0.000464
[e067 s0850/1030] loss = 0.000469
[e067 s0900/1030] loss = 0.000474
[e067 s0950/1030] loss = 0.000464
[e067 s1000/1030] loss = 0.000453
Epoch 067: train_loss = 0.000442  MAE/GAME0 = 34.24  RMSE = 56.73  GAME1 = 9.09  GAME2 = 2.44  GAME3 = 0.67  lr = 1.00e-05  time = 46.4s
[e068 s0001/1030] loss = 0.000001
[e068 s0050/1030] loss = 0.000420
[e068 s0100/1030] loss = 0.000471
[e068 s0150/1030] loss = 0.000470
[e068 s0200/1030] loss = 0.000729
[e068 s0250/1030] loss = 0.000878
[e068 s0300/1030] loss = 0.000798
[e068 s0350/1030] loss = 0.000722
[e068 s0400/1030] loss = 0.000667
[e068 s0450/1030] loss = 0.000625
[e068 s0500/1030] loss = 0.000616
[e068 s0550/1030] loss = 0.000580
[e068 s0600/1030] loss = 0.000594
[e068 s0650/1030] loss = 0.000574
[e068 s0700/1030] loss = 0.000553
[e068 s0750/1030] loss = 0.000557
[e068 s0800/1030] loss = 0.000534
[e068 s0850/1030] loss = 0.000538
[e068 s0900/1030] loss = 0.000537
[e068 s0950/1030] loss = 0.000527
[e068 s1000/1030] loss = 0.000514
Epoch 068: train_loss = 0.000515  MAE/GAME0 = 25.72  RMSE = 41.62  GAME1 = 7.58  GAME2 = 2.17  GAME3 = 0.64  lr = 1.00e-05  time = 47.3s
[e069 s0001/1030] loss = 0.000000
[e069 s0050/1030] loss = 0.000237
[e069 s0100/1030] loss = 0.000278
[e069 s0150/1030] loss = 0.000283
[e069 s0200/1030] loss = 0.000290
[e069 s0250/1030] loss = 0.000314
[e069 s0300/1030] loss = 0.000316
[e069 s0350/1030] loss = 0.000300
[e069 s0400/1030] loss = 0.000287
[e069 s0450/1030] loss = 0.000284
[e069 s0500/1030] loss = 0.000281
[e069 s0550/1030] loss = 0.000379
[e069 s0600/1030] loss = 0.000367
[e069 s0650/1030] loss = 0.000350
[e069 s0700/1030] loss = 0.000346
[e069 s0750/1030] loss = 0.000349
[e069 s0800/1030] loss = 0.000341
[e069 s0850/1030] loss = 0.000338
[e069 s0900/1030] loss = 0.000336
[e069 s0950/1030] loss = 0.000334
[e069 s1000/1030] loss = 0.000330
Epoch 069: train_loss = 0.000327  MAE/GAME0 = 52.17  RMSE = 62.86  GAME1 = 13.72  GAME2 = 3.62  GAME3 = 0.98  lr = 1.00e-05  time = 47.9s
[e070 s0001/1030] loss = 0.000022
[e070 s0050/1030] loss = 0.000184
[e070 s0100/1030] loss = 0.000172
[e070 s0150/1030] loss = 0.000170
[e070 s0200/1030] loss = 0.000213
[e070 s0250/1030] loss = 0.000225
[e070 s0300/1030] loss = 0.000236
[e070 s0350/1030] loss = 0.000241
[e070 s0400/1030] loss = 0.000248
[e070 s0450/1030] loss = 0.000246
[e070 s0500/1030] loss = 0.000273
[e070 s0550/1030] loss = 0.000267
[e070 s0600/1030] loss = 0.000262
[e070 s0650/1030] loss = 0.000259
[e070 s0700/1030] loss = 0.000256
[e070 s0750/1030] loss = 0.000275
[e070 s0800/1030] loss = 0.000284
[e070 s0850/1030] loss = 0.000286
[e070 s0900/1030] loss = 0.000284
[e070 s0950/1030] loss = 0.000281
[e070 s1000/1030] loss = 0.000278
Epoch 070: train_loss = 0.000276  MAE/GAME0 = 24.91  RMSE = 45.75  GAME1 = 7.98  GAME2 = 2.37  GAME3 = 0.70  lr = 1.00e-05  time = 48.3s
[e071 s0001/1030] loss = 0.000081
[e071 s0050/1030] loss = 0.000411
[e071 s0100/1030] loss = 0.000404
[e071 s0150/1030] loss = 0.000415
[e071 s0200/1030] loss = 0.000407
[e071 s0250/1030] loss = 0.000382
[e071 s0300/1030] loss = 0.000365
[e071 s0350/1030] loss = 0.000350
[e071 s0400/1030] loss = 0.000333
[e071 s0450/1030] loss = 0.000319
[e071 s0500/1030] loss = 0.000326
[e071 s0550/1030] loss = 0.000332
[e071 s0600/1030] loss = 0.000341
[e071 s0650/1030] loss = 0.000336
[e071 s0700/1030] loss = 0.000349
[e071 s0750/1030] loss = 0.000353
[e071 s0800/1030] loss = 0.000346
[e071 s0850/1030] loss = 0.000332
[e071 s0900/1030] loss = 0.000326
[e071 s0950/1030] loss = 0.000319
[e071 s1000/1030] loss = 0.000333
Epoch 071: train_loss = 0.000329  MAE/GAME0 = 30.05  RMSE = 48.43  GAME1 = 8.83  GAME2 = 2.52  GAME3 = 0.72  lr = 1.00e-05  time = 47.8s
[e072 s0001/1030] loss = 0.000001
[e072 s0050/1030] loss = 0.000281
[e072 s0100/1030] loss = 0.000275
[e072 s0150/1030] loss = 0.000306
[e072 s0200/1030] loss = 0.000285
[e072 s0250/1030] loss = 0.000262
[e072 s0300/1030] loss = 0.000276
[e072 s0350/1030] loss = 0.000298
[e072 s0400/1030] loss = 0.000319
[e072 s0450/1030] loss = 0.000311
[e072 s0500/1030] loss = 0.000297
[e072 s0550/1030] loss = 0.000308
[e072 s0600/1030] loss = 0.000305
[e072 s0650/1030] loss = 0.000300
[e072 s0700/1030] loss = 0.000295
[e072 s0750/1030] loss = 0.000301
[e072 s0800/1030] loss = 0.000303
[e072 s0850/1030] loss = 0.000306
[e072 s0900/1030] loss = 0.000309
[e072 s0950/1030] loss = 0.000321
[e072 s1000/1030] loss = 0.000312
Epoch 072: train_loss = 0.000311  MAE/GAME0 = 23.29  RMSE = 46.34  GAME1 = 7.57  GAME2 = 2.26  GAME3 = 0.67  lr = 1.00e-05  time = 48.8s
[e073 s0001/1030] loss = 0.000001
[e073 s0050/1030] loss = 0.000267
[e073 s0100/1030] loss = 0.000261
[e073 s0150/1030] loss = 0.000276
[e073 s0200/1030] loss = 0.000260
[e073 s0250/1030] loss = 0.000239
[e073 s0300/1030] loss = 0.000244
[e073 s0350/1030] loss = 0.000319
[e073 s0400/1030] loss = 0.000348
[e073 s0450/1030] loss = 0.000386
[e073 s0500/1030] loss = 0.000368
[e073 s0550/1030] loss = 0.000433
[e073 s0600/1030] loss = 0.000457
[e073 s0650/1030] loss = 0.000459
[e073 s0700/1030] loss = 0.000451
[e073 s0750/1030] loss = 0.000470
[e073 s0800/1030] loss = 0.000458
[e073 s0850/1030] loss = 0.000463
[e073 s0900/1030] loss = 0.000456
[e073 s0950/1030] loss = 0.000448
[e073 s1000/1030] loss = 0.000463
Epoch 073: train_loss = 0.000454  MAE/GAME0 = 23.92  RMSE = 44.84  GAME1 = 7.43  GAME2 = 2.17  GAME3 = 0.63  lr = 1.00e-05  time = 46.9s
[e074 s0001/1030] loss = 0.000037
[e074 s0050/1030] loss = 0.000258
[e074 s0100/1030] loss = 0.000263
[e074 s0150/1030] loss = 0.000317
[e074 s0200/1030] loss = 0.000304
[e074 s0250/1030] loss = 0.000314
[e074 s0300/1030] loss = 0.000291
[e074 s0350/1030] loss = 0.000384
[e074 s0400/1030] loss = 0.000388
[e074 s0450/1030] loss = 0.000366
[e074 s0500/1030] loss = 0.000360
[e074 s0550/1030] loss = 0.000350
[e074 s0600/1030] loss = 0.000351
[e074 s0650/1030] loss = 0.000354
[e074 s0700/1030] loss = 0.000369
[e074 s0750/1030] loss = 0.000373
[e074 s0800/1030] loss = 0.000369
[e074 s0850/1030] loss = 0.000356
[e074 s0900/1030] loss = 0.000356
[e074 s0950/1030] loss = 0.000368
[e074 s1000/1030] loss = 0.000357
Epoch 074: train_loss = 0.000354  MAE/GAME0 = 51.25  RMSE = 62.87  GAME1 = 13.49  GAME2 = 3.59  GAME3 = 0.98  lr = 1.00e-05  time = 47.7s
[e075 s0001/1030] loss = 0.000001
[e075 s0050/1030] loss = 0.000560
[e075 s0100/1030] loss = 0.000424
[e075 s0150/1030] loss = 0.000437
[e075 s0200/1030] loss = 0.000437
[e075 s0250/1030] loss = 0.000398
[e075 s0300/1030] loss = 0.000369
[e075 s0350/1030] loss = 0.000374
[e075 s0400/1030] loss = 0.000387
[e075 s0450/1030] loss = 0.000365
[e075 s0500/1030] loss = 0.000363
[e075 s0550/1030] loss = 0.000364
[e075 s0600/1030] loss = 0.000355
[e075 s0650/1030] loss = 0.000340
[e075 s0700/1030] loss = 0.000333
[e075 s0750/1030] loss = 0.000333
[e075 s0800/1030] loss = 0.000345
[e075 s0850/1030] loss = 0.000338
[e075 s0900/1030] loss = 0.000335
[e075 s0950/1030] loss = 0.000339
[e075 s1000/1030] loss = 0.000332
Epoch 075: train_loss = 0.000337  MAE/GAME0 = 30.45  RMSE = 46.37  GAME1 = 8.70  GAME2 = 2.46  GAME3 = 0.71  lr = 1.00e-05  time = 47.4s
[e076 s0001/1030] loss = 0.000003
[e076 s0050/1030] loss = 0.000321
[e076 s0100/1030] loss = 0.000326
[e076 s0150/1030] loss = 0.000305
[e076 s0200/1030] loss = 0.000286
[e076 s0250/1030] loss = 0.000276
[e076 s0300/1030] loss = 0.000309
[e076 s0350/1030] loss = 0.000291
[e076 s0400/1030] loss = 0.000306
[e076 s0450/1030] loss = 0.000322
[e076 s0500/1030] loss = 0.000374
[e076 s0550/1030] loss = 0.000361
[e076 s0600/1030] loss = 0.000393
[e076 s0650/1030] loss = 0.000384
[e076 s0700/1030] loss = 0.000387
[e076 s0750/1030] loss = 0.000380
[e076 s0800/1030] loss = 0.000374
[e076 s0850/1030] loss = 0.000366
[e076 s0900/1030] loss = 0.000373
[e076 s0950/1030] loss = 0.000391
[e076 s1000/1030] loss = 0.000384
Epoch 076: train_loss = 0.000420  MAE/GAME0 = 36.10  RMSE = 48.68  GAME1 = 9.94  GAME2 = 2.75  GAME3 = 0.78  lr = 1.00e-05  time = 46.9s
[e077 s0001/1030] loss = 0.000091
[e077 s0050/1030] loss = 0.001285
[e077 s0100/1030] loss = 0.000931
[e077 s0150/1030] loss = 0.000760
[e077 s0200/1030] loss = 0.000668
[e077 s0250/1030] loss = 0.000565
[e077 s0300/1030] loss = 0.000508
[e077 s0350/1030] loss = 0.000488
[e077 s0400/1030] loss = 0.000466
[e077 s0450/1030] loss = 0.000433
[e077 s0500/1030] loss = 0.000407
[e077 s0550/1030] loss = 0.000386
[e077 s0600/1030] loss = 0.000370
[e077 s0650/1030] loss = 0.000359
[e077 s0700/1030] loss = 0.000362
[e077 s0750/1030] loss = 0.000369
[e077 s0800/1030] loss = 0.000370
[e077 s0850/1030] loss = 0.000369
[e077 s0900/1030] loss = 0.000373
[e077 s0950/1030] loss = 0.000370
[e077 s1000/1030] loss = 0.000361
Epoch 077: train_loss = 0.000361  MAE/GAME0 = 30.17  RMSE = 45.31  GAME1 = 8.87  GAME2 = 2.54  GAME3 = 0.73  lr = 1.00e-05  time = 47.4s
[e078 s0001/1030] loss = 0.000085
[e078 s0050/1030] loss = 0.000391
[e078 s0100/1030] loss = 0.000568
[e078 s0150/1030] loss = 0.000493
[e078 s0200/1030] loss = 0.000441
[e078 s0250/1030] loss = 0.000402
[e078 s0300/1030] loss = 0.000370
[e078 s0350/1030] loss = 0.000342
[e078 s0400/1030] loss = 0.000338
[e078 s0450/1030] loss = 0.000463
[e078 s0500/1030] loss = 0.000501
[e078 s0550/1030] loss = 0.000486
[e078 s0600/1030] loss = 0.000460
[e078 s0650/1030] loss = 0.000446
[e078 s0700/1030] loss = 0.000426
[e078 s0750/1030] loss = 0.000416
[e078 s0800/1030] loss = 0.000417
[e078 s0850/1030] loss = 0.000418
[e078 s0900/1030] loss = 0.000414
[e078 s0950/1030] loss = 0.000400
[e078 s1000/1030] loss = 0.000396
-> saved late_best.pth (MAE/GAME0 22.99)
Epoch 078: train_loss = 0.000391  MAE/GAME0 = 22.99  RMSE = 42.57  GAME1 = 7.06  GAME2 = 2.07  GAME3 = 0.60  lr = 1.00e-05  time = 47.6s
[e079 s0001/1030] loss = 0.000000
[e079 s0050/1030] loss = 0.000325
[e079 s0100/1030] loss = 0.000314
[e079 s0150/1030] loss = 0.000356
[e079 s0200/1030] loss = 0.000300
[e079 s0250/1030] loss = 0.000324
[e079 s0300/1030] loss = 0.000309
[e079 s0350/1030] loss = 0.000300
[e079 s0400/1030] loss = 0.000333
[e079 s0450/1030] loss = 0.000341
[e079 s0500/1030] loss = 0.000329
[e079 s0550/1030] loss = 0.000322
[e079 s0600/1030] loss = 0.000330
[e079 s0650/1030] loss = 0.000330
[e079 s0700/1030] loss = 0.000326
[e079 s0750/1030] loss = 0.000318
[e079 s0800/1030] loss = 0.000316
[e079 s0850/1030] loss = 0.000312
[e079 s0900/1030] loss = 0.000323
[e079 s0950/1030] loss = 0.000333
[e079 s1000/1030] loss = 0.000328
Epoch 079: train_loss = 0.000324  MAE/GAME0 = 23.25  RMSE = 42.25  GAME1 = 6.89  GAME2 = 1.96  GAME3 = 0.57  lr = 1.00e-05  time = 46.6s
[e080 s0001/1030] loss = 0.000007
[e080 s0050/1030] loss = 0.000449
[e080 s0100/1030] loss = 0.000319
[e080 s0150/1030] loss = 0.000395
[e080 s0200/1030] loss = 0.000363
[e080 s0250/1030] loss = 0.000396
[e080 s0300/1030] loss = 0.000390
[e080 s0350/1030] loss = 0.000390
[e080 s0400/1030] loss = 0.000372
[e080 s0450/1030] loss = 0.000424
[e080 s0500/1030] loss = 0.000427
[e080 s0550/1030] loss = 0.000403
[e080 s0600/1030] loss = 0.000401
[e080 s0650/1030] loss = 0.000384
[e080 s0700/1030] loss = 0.000382
[e080 s0750/1030] loss = 0.000375
[e080 s0800/1030] loss = 0.000360
[e080 s0850/1030] loss = 0.000346
[e080 s0900/1030] loss = 0.000338
[e080 s0950/1030] loss = 0.000344
[e080 s1000/1030] loss = 0.000334
Epoch 080: train_loss = 0.000337  MAE/GAME0 = 31.34  RMSE = 46.26  GAME1 = 9.13  GAME2 = 2.61  GAME3 = 0.75  lr = 1.00e-05  time = 45.9s
[e081 s0001/1030] loss = 0.000015
[e081 s0050/1030] loss = 0.000272
[e081 s0100/1030] loss = 0.000370
[e081 s0150/1030] loss = 0.000400
[e081 s0200/1030] loss = 0.000331
[e081 s0250/1030] loss = 0.000340
[e081 s0300/1030] loss = 0.000305
[e081 s0350/1030] loss = 0.000282
[e081 s0400/1030] loss = 0.000292
[e081 s0450/1030] loss = 0.000283
[e081 s0500/1030] loss = 0.000294
[e081 s0550/1030] loss = 0.000285
[e081 s0600/1030] loss = 0.000286
[e081 s0650/1030] loss = 0.000325
[e081 s0700/1030] loss = 0.000321
[e081 s0750/1030] loss = 0.000374
[e081 s0800/1030] loss = 0.000369
[e081 s0850/1030] loss = 0.000359
[e081 s0900/1030] loss = 0.000362
[e081 s0950/1030] loss = 0.000376
[e081 s1000/1030] loss = 0.000380
Epoch 081: train_loss = 0.000379  MAE/GAME0 = 24.69  RMSE = 46.89  GAME1 = 7.31  GAME2 = 2.11  GAME3 = 0.60  lr = 1.00e-05  time = 46.6s
[e082 s0001/1030] loss = 0.000030
[e082 s0050/1030] loss = 0.000284
[e082 s0100/1030] loss = 0.000478
[e082 s0150/1030] loss = 0.000468
[e082 s0200/1030] loss = 0.000462
[e082 s0250/1030] loss = 0.000430
[e082 s0300/1030] loss = 0.000412
[e082 s0350/1030] loss = 0.000376
[e082 s0400/1030] loss = 0.000423
[e082 s0450/1030] loss = 0.000389
[e082 s0500/1030] loss = 0.000376
[e082 s0550/1030] loss = 0.000374
[e082 s0600/1030] loss = 0.000377
[e082 s0650/1030] loss = 0.000380
[e082 s0700/1030] loss = 0.000392
[e082 s0750/1030] loss = 0.000411
[e082 s0800/1030] loss = 0.000418
[e082 s0850/1030] loss = 0.000419
[e082 s0900/1030] loss = 0.000415
[e082 s0950/1030] loss = 0.000423
[e082 s1000/1030] loss = 0.000424
Epoch 082: train_loss = 0.000420  MAE/GAME0 = 25.71  RMSE = 45.63  GAME1 = 7.65  GAME2 = 2.21  GAME3 = 0.63  lr = 1.00e-05  time = 46.3s
[e083 s0001/1030] loss = 0.000000
[e083 s0050/1030] loss = 0.000194
[e083 s0100/1030] loss = 0.000243
[e083 s0150/1030] loss = 0.000261
[e083 s0200/1030] loss = 0.000249
[e083 s0250/1030] loss = 0.000300
[e083 s0300/1030] loss = 0.000623
[e083 s0350/1030] loss = 0.000677
[e083 s0400/1030] loss = 0.000612
[e083 s0450/1030] loss = 0.000573
[e083 s0500/1030] loss = 0.000567
[e083 s0550/1030] loss = 0.000576
[e083 s0600/1030] loss = 0.000544
[e083 s0650/1030] loss = 0.000518
[e083 s0700/1030] loss = 0.000504
[e083 s0750/1030] loss = 0.000492
[e083 s0800/1030] loss = 0.000480
[e083 s0850/1030] loss = 0.000486
[e083 s0900/1030] loss = 0.000482
[e083 s0950/1030] loss = 0.000467
[e083 s1000/1030] loss = 0.000463
Epoch 083: train_loss = 0.000461  MAE/GAME0 = 32.55  RMSE = 57.32  GAME1 = 8.97  GAME2 = 2.43  GAME3 = 0.66  lr = 1.00e-05  time = 48.3s
[e084 s0001/1030] loss = 0.000989
[e084 s0050/1030] loss = 0.000282
[e084 s0100/1030] loss = 0.000481
[e084 s0150/1030] loss = 0.000439
[e084 s0200/1030] loss = 0.000392
[e084 s0250/1030] loss = 0.000365
[e084 s0300/1030] loss = 0.000341
[e084 s0350/1030] loss = 0.000348
[e084 s0400/1030] loss = 0.000355
[e084 s0450/1030] loss = 0.000336
[e084 s0500/1030] loss = 0.000331
[e084 s0550/1030] loss = 0.000318
[e084 s0600/1030] loss = 0.000323
[e084 s0650/1030] loss = 0.000318
[e084 s0700/1030] loss = 0.000317
[e084 s0750/1030] loss = 0.000314
[e084 s0800/1030] loss = 0.000309
[e084 s0850/1030] loss = 0.000313
[e084 s0900/1030] loss = 0.000333
[e084 s0950/1030] loss = 0.000338
[e084 s1000/1030] loss = 0.000349
Epoch 084: train_loss = 0.000346  MAE/GAME0 = 36.95  RMSE = 50.28  GAME1 = 10.87  GAME2 = 3.15  GAME3 = 0.89  lr = 1.00e-05  time = 46.8s
[e085 s0001/1030] loss = 0.000391
[e085 s0050/1030] loss = 0.000232
[e085 s0100/1030] loss = 0.000294
[e085 s0150/1030] loss = 0.000389
[e085 s0200/1030] loss = 0.000341
[e085 s0250/1030] loss = 0.000331
[e085 s0300/1030] loss = 0.000531
[e085 s0350/1030] loss = 0.000513
[e085 s0400/1030] loss = 0.000474
[e085 s0450/1030] loss = 0.000440
[e085 s0500/1030] loss = 0.000513
[e085 s0550/1030] loss = 0.000497
[e085 s0600/1030] loss = 0.000477
[e085 s0650/1030] loss = 0.000460
[e085 s0700/1030] loss = 0.000443
[e085 s0750/1030] loss = 0.000428
[e085 s0800/1030] loss = 0.000418
[e085 s0850/1030] loss = 0.000416
[e085 s0900/1030] loss = 0.000418
[e085 s0950/1030] loss = 0.000409
[e085 s1000/1030] loss = 0.000399
Epoch 085: train_loss = 0.000397  MAE/GAME0 = 23.84  RMSE = 46.35  GAME1 = 7.33  GAME2 = 2.10  GAME3 = 0.61  lr = 1.00e-05  time = 47.1s
[e086 s0001/1030] loss = 0.000244
[e086 s0050/1030] loss = 0.000516
[e086 s0100/1030] loss = 0.000319
[e086 s0150/1030] loss = 0.000256
[e086 s0200/1030] loss = 0.000235
[e086 s0250/1030] loss = 0.000277
[e086 s0300/1030] loss = 0.000286
[e086 s0350/1030] loss = 0.000274
[e086 s0400/1030] loss = 0.000285
[e086 s0450/1030] loss = 0.000298
[e086 s0500/1030] loss = 0.000317
[e086 s0550/1030] loss = 0.000309
[e086 s0600/1030] loss = 0.000297
[e086 s0650/1030] loss = 0.000289
[e086 s0700/1030] loss = 0.000382
[e086 s0750/1030] loss = 0.000410
[e086 s0800/1030] loss = 0.000401
[e086 s0850/1030] loss = 0.000383
[e086 s0900/1030] loss = 0.000376
[e086 s0950/1030] loss = 0.000395
[e086 s1000/1030] loss = 0.000385
Epoch 086: train_loss = 0.000386  MAE/GAME0 = 38.84  RMSE = 51.62  GAME1 = 10.61  GAME2 = 2.90  GAME3 = 0.81  lr = 1.00e-05  time = 46.9s
[e087 s0001/1030] loss = 0.000175
[e087 s0050/1030] loss = 0.000406
[e087 s0100/1030] loss = 0.000385
[e087 s0150/1030] loss = 0.000473
[e087 s0200/1030] loss = 0.000425
[e087 s0250/1030] loss = 0.000386
[e087 s0300/1030] loss = 0.000369
[e087 s0350/1030] loss = 0.000353
[e087 s0400/1030] loss = 0.000345
[e087 s0450/1030] loss = 0.000348
[e087 s0500/1030] loss = 0.000352
[e087 s0550/1030] loss = 0.000344
[e087 s0600/1030] loss = 0.000415
[e087 s0650/1030] loss = 0.000412
[e087 s0700/1030] loss = 0.000405
[e087 s0750/1030] loss = 0.000409
[e087 s0800/1030] loss = 0.000410
[e087 s0850/1030] loss = 0.000413
[e087 s0900/1030] loss = 0.000403
[e087 s0950/1030] loss = 0.000396
[e087 s1000/1030] loss = 0.000391
Epoch 087: train_loss = 0.000382  MAE/GAME0 = 23.54  RMSE = 45.45  GAME1 = 7.14  GAME2 = 2.08  GAME3 = 0.60  lr = 1.00e-05  time = 47.0s
[e088 s0001/1030] loss = 0.000304
[e088 s0050/1030] loss = 0.000221
[e088 s0100/1030] loss = 0.000225
[e088 s0150/1030] loss = 0.000303
[e088 s0200/1030] loss = 0.000280
[e088 s0250/1030] loss = 0.000663
[e088 s0300/1030] loss = 0.000642
[e088 s0350/1030] loss = 0.000596
[e088 s0400/1030] loss = 0.000584
[e088 s0450/1030] loss = 0.000564
[e088 s0500/1030] loss = 0.000532
[e088 s0550/1030] loss = 0.000563
[e088 s0600/1030] loss = 0.000540
[e088 s0650/1030] loss = 0.000539
[e088 s0700/1030] loss = 0.000522
[e088 s0750/1030] loss = 0.000498
[e088 s0800/1030] loss = 0.000476
[e088 s0850/1030] loss = 0.000463
[e088 s0900/1030] loss = 0.000455
[e088 s0950/1030] loss = 0.000437
[e088 s1000/1030] loss = 0.000432
Epoch 088: train_loss = 0.000423  MAE/GAME0 = 25.64  RMSE = 42.26  GAME1 = 7.56  GAME2 = 2.11  GAME3 = 0.61  lr = 1.00e-05  time = 47.2s
[e089 s0001/1030] loss = 0.000251
[e089 s0050/1030] loss = 0.000168
[e089 s0100/1030] loss = 0.000248
[e089 s0150/1030] loss = 0.000336
[e089 s0200/1030] loss = 0.000331
[e089 s0250/1030] loss = 0.000379
[e089 s0300/1030] loss = 0.000363
[e089 s0350/1030] loss = 0.000360
[e089 s0400/1030] loss = 0.000360
[e089 s0450/1030] loss = 0.000353
[e089 s0500/1030] loss = 0.000349
[e089 s0550/1030] loss = 0.000333
[e089 s0600/1030] loss = 0.000338
[e089 s0650/1030] loss = 0.000332
[e089 s0700/1030] loss = 0.000326
[e089 s0750/1030] loss = 0.000321
[e089 s0800/1030] loss = 0.000317
[e089 s0850/1030] loss = 0.000412
[e089 s0900/1030] loss = 0.000409
[e089 s0950/1030] loss = 0.000400
[e089 s1000/1030] loss = 0.000393
Epoch 089: train_loss = 0.000391  MAE/GAME0 = 46.19  RMSE = 58.57  GAME1 = 12.33  GAME2 = 3.30  GAME3 = 0.91  lr = 1.00e-05  time = 46.8s
[e090 s0001/1030] loss = 0.000167
[e090 s0050/1030] loss = 0.000154
[e090 s0100/1030] loss = 0.000236
[e090 s0150/1030] loss = 0.000747
[e090 s0200/1030] loss = 0.000695
[e090 s0250/1030] loss = 0.000600
[e090 s0300/1030] loss = 0.000577
[e090 s0350/1030] loss = 0.000534
[e090 s0400/1030] loss = 0.000518
[e090 s0450/1030] loss = 0.000667
[e090 s0500/1030] loss = 0.000627
[e090 s0550/1030] loss = 0.000587
[e090 s0600/1030] loss = 0.000585
[e090 s0650/1030] loss = 0.000549
[e090 s0700/1030] loss = 0.000535
[e090 s0750/1030] loss = 0.000516
[e090 s0800/1030] loss = 0.000513
[e090 s0850/1030] loss = 0.000502
[e090 s0900/1030] loss = 0.000487
[e090 s0950/1030] loss = 0.000477
[e090 s1000/1030] loss = 0.000463
Epoch 090: train_loss = 0.000462  MAE/GAME0 = 40.63  RMSE = 53.71  GAME1 = 10.97  GAME2 = 2.97  GAME3 = 0.83  lr = 1.00e-05  time = 47.0s
[e091 s0001/1030] loss = 0.000283
[e091 s0050/1030] loss = 0.000250
[e091 s0100/1030] loss = 0.000254
[e091 s0150/1030] loss = 0.000259
[e091 s0200/1030] loss = 0.000234
[e091 s0250/1030] loss = 0.000236
[e091 s0300/1030] loss = 0.000236
[e091 s0350/1030] loss = 0.000256
[e091 s0400/1030] loss = 0.000315
[e091 s0450/1030] loss = 0.000350
[e091 s0500/1030] loss = 0.000340
[e091 s0550/1030] loss = 0.000366
[e091 s0600/1030] loss = 0.000374
[e091 s0650/1030] loss = 0.000375
[e091 s0700/1030] loss = 0.000361
[e091 s0750/1030] loss = 0.000380
[e091 s0800/1030] loss = 0.000409
[e091 s0850/1030] loss = 0.000407
[e091 s0900/1030] loss = 0.000480
[e091 s0950/1030] loss = 0.000473
[e091 s1000/1030] loss = 0.000457
Epoch 091: train_loss = 0.000449  MAE/GAME0 = 23.65  RMSE = 45.34  GAME1 = 7.92  GAME2 = 2.42  GAME3 = 0.70  lr = 1.00e-05  time = 50.1s
[e092 s0001/1030] loss = 0.001592
[e092 s0050/1030] loss = 0.000498
[e092 s0100/1030] loss = 0.000337
[e092 s0150/1030] loss = 0.000444
[e092 s0200/1030] loss = 0.000509
[e092 s0250/1030] loss = 0.000479
[e092 s0300/1030] loss = 0.000531
[e092 s0350/1030] loss = 0.000530
[e092 s0400/1030] loss = 0.000533
[e092 s0450/1030] loss = 0.000508
[e092 s0500/1030] loss = 0.000470
[e092 s0550/1030] loss = 0.000478
[e092 s0600/1030] loss = 0.000465
[e092 s0650/1030] loss = 0.000497
[e092 s0700/1030] loss = 0.000483
[e092 s0750/1030] loss = 0.000469
[e092 s0800/1030] loss = 0.000456
[e092 s0850/1030] loss = 0.000455
[e092 s0900/1030] loss = 0.000467
[e092 s0950/1030] loss = 0.000454
[e092 s1000/1030] loss = 0.000447
Epoch 092: train_loss = 0.000443  MAE/GAME0 = 23.68  RMSE = 43.43  GAME1 = 7.39  GAME2 = 2.17  GAME3 = 0.63  lr = 1.00e-05  time = 48.0s
[e093 s0001/1030] loss = 0.000157
[e093 s0050/1030] loss = 0.000419
[e093 s0100/1030] loss = 0.000398
[e093 s0150/1030] loss = 0.000393
[e093 s0200/1030] loss = 0.000405
[e093 s0250/1030] loss = 0.000429
[e093 s0300/1030] loss = 0.000520
[e093 s0350/1030] loss = 0.000482
[e093 s0400/1030] loss = 0.000489
[e093 s0450/1030] loss = 0.000506
[e093 s0500/1030] loss = 0.000484
[e093 s0550/1030] loss = 0.000474
[e093 s0600/1030] loss = 0.000466
[e093 s0650/1030] loss = 0.000456
[e093 s0700/1030] loss = 0.000435
[e093 s0750/1030] loss = 0.000415
[e093 s0800/1030] loss = 0.000408
[e093 s0850/1030] loss = 0.000441
[e093 s0900/1030] loss = 0.000428
[e093 s0950/1030] loss = 0.000423
[e093 s1000/1030] loss = 0.000408
Epoch 093: train_loss = 0.000410  MAE/GAME0 = 25.83  RMSE = 41.59  GAME1 = 7.63  GAME2 = 2.17  GAME3 = 0.63  lr = 1.00e-05  time = 46.9s
[e094 s0001/1030] loss = 0.000761
[e094 s0050/1030] loss = 0.000182
[e094 s0100/1030] loss = 0.000206
[e094 s0150/1030] loss = 0.000245
[e094 s0200/1030] loss = 0.000282
[e094 s0250/1030] loss = 0.000297
[e094 s0300/1030] loss = 0.000280
[e094 s0350/1030] loss = 0.000344
[e094 s0400/1030] loss = 0.000328
[e094 s0450/1030] loss = 0.000328
[e094 s0500/1030] loss = 0.000343
[e094 s0550/1030] loss = 0.000330
[e094 s0600/1030] loss = 0.000336
[e094 s0650/1030] loss = 0.000340
[e094 s0700/1030] loss = 0.000326
[e094 s0750/1030] loss = 0.000334
[e094 s0800/1030] loss = 0.000332
[e094 s0850/1030] loss = 0.000353
[e094 s0900/1030] loss = 0.000362
[e094 s0950/1030] loss = 0.000362
[e094 s1000/1030] loss = 0.000356
Epoch 094: train_loss = 0.000352  MAE/GAME0 = 25.57  RMSE = 47.70  GAME1 = 8.05  GAME2 = 2.40  GAME3 = 0.68  lr = 1.00e-05  time = 52.7s
[e095 s0001/1030] loss = 0.000074
[e095 s0050/1030] loss = 0.000245
[e095 s0100/1030] loss = 0.000531
[e095 s0150/1030] loss = 0.000451
[e095 s0200/1030] loss = 0.000391
[e095 s0250/1030] loss = 0.000355
[e095 s0300/1030] loss = 0.000514
[e095 s0350/1030] loss = 0.000478
[e095 s0400/1030] loss = 0.000455
[e095 s0450/1030] loss = 0.000420
[e095 s0500/1030] loss = 0.000511
[e095 s0550/1030] loss = 0.000524
[e095 s0600/1030] loss = 0.000505
[e095 s0650/1030] loss = 0.000487
[e095 s0700/1030] loss = 0.000467
[e095 s0750/1030] loss = 0.000448
[e095 s0800/1030] loss = 0.000438
[e095 s0850/1030] loss = 0.000418
[e095 s0900/1030] loss = 0.000423
[e095 s0950/1030] loss = 0.000447
[e095 s1000/1030] loss = 0.000438
Epoch 095: train_loss = 0.000435  MAE/GAME0 = 29.30  RMSE = 44.49  GAME1 = 8.40  GAME2 = 2.38  GAME3 = 0.68  lr = 1.00e-05  time = 47.1s
[e096 s0001/1030] loss = 0.000061
[e096 s0050/1030] loss = 0.000238
[e096 s0100/1030] loss = 0.000272
[e096 s0150/1030] loss = 0.000393
[e096 s0200/1030] loss = 0.000334
[e096 s0250/1030] loss = 0.000342
[e096 s0300/1030] loss = 0.000319
[e096 s0350/1030] loss = 0.000476
[e096 s0400/1030] loss = 0.000466
[e096 s0450/1030] loss = 0.000453
[e096 s0500/1030] loss = 0.000439
[e096 s0550/1030] loss = 0.000431
[e096 s0600/1030] loss = 0.000410
[e096 s0650/1030] loss = 0.000418
[e096 s0700/1030] loss = 0.000400
[e096 s0750/1030] loss = 0.000399
[e096 s0800/1030] loss = 0.000392
[e096 s0850/1030] loss = 0.000401
[e096 s0900/1030] loss = 0.000406
[e096 s0950/1030] loss = 0.000412
[e096 s1000/1030] loss = 0.000417
Epoch 096: train_loss = 0.000414  MAE/GAME0 = 23.71  RMSE = 43.75  GAME1 = 7.17  GAME2 = 2.08  GAME3 = 0.61  lr = 1.00e-05  time = 46.5s
[e097 s0001/1030] loss = 0.000000
[e097 s0050/1030] loss = 0.000259
[e097 s0100/1030] loss = 0.000255
[e097 s0150/1030] loss = 0.000319
[e097 s0200/1030] loss = 0.000358
[e097 s0250/1030] loss = 0.000319
[e097 s0300/1030] loss = 0.000348
[e097 s0350/1030] loss = 0.000334
[e097 s0400/1030] loss = 0.000345
[e097 s0450/1030] loss = 0.000345
[e097 s0500/1030] loss = 0.000326
[e097 s0550/1030] loss = 0.000349
[e097 s0600/1030] loss = 0.000339
[e097 s0650/1030] loss = 0.000362
[e097 s0700/1030] loss = 0.000348
[e097 s0750/1030] loss = 0.000384
[e097 s0800/1030] loss = 0.000379
[e097 s0850/1030] loss = 0.000369
[e097 s0900/1030] loss = 0.000364
[e097 s0950/1030] loss = 0.000353
[e097 s1000/1030] loss = 0.000352
Epoch 097: train_loss = 0.000347  MAE/GAME0 = 23.48  RMSE = 44.21  GAME1 = 7.12  GAME2 = 2.07  GAME3 = 0.60  lr = 1.00e-05  time = 47.1s
[e098 s0001/1030] loss = 0.000017
[e098 s0050/1030] loss = 0.000226
[e098 s0100/1030] loss = 0.000258
[e098 s0150/1030] loss = 0.000261
[e098 s0200/1030] loss = 0.000244
[e098 s0250/1030] loss = 0.000276
[e098 s0300/1030] loss = 0.000276
[e098 s0350/1030] loss = 0.000298
[e098 s0400/1030] loss = 0.000307
[e098 s0450/1030] loss = 0.000312
[e098 s0500/1030] loss = 0.000303
[e098 s0550/1030] loss = 0.000318
[e098 s0600/1030] loss = 0.000317
[e098 s0650/1030] loss = 0.000314
[e098 s0700/1030] loss = 0.000307
[e098 s0750/1030] loss = 0.000309
[e098 s0800/1030] loss = 0.000309
[e098 s0850/1030] loss = 0.000308
[e098 s0900/1030] loss = 0.000311
[e098 s0950/1030] loss = 0.000314
[e098 s1000/1030] loss = 0.000327
Epoch 098: train_loss = 0.000325  MAE/GAME0 = 23.47  RMSE = 41.96  GAME1 = 7.65  GAME2 = 2.34  GAME3 = 0.69  lr = 1.00e-05  time = 48.8s
[e099 s0001/1030] loss = 0.000017
[e099 s0050/1030] loss = 0.000359
[e099 s0100/1030] loss = 0.000556
[e099 s0150/1030] loss = 0.000468
[e099 s0200/1030] loss = 0.000439
[e099 s0250/1030] loss = 0.000421
[e099 s0300/1030] loss = 0.000409
[e099 s0350/1030] loss = 0.000378
[e099 s0400/1030] loss = 0.000447
[e099 s0450/1030] loss = 0.000423
[e099 s0500/1030] loss = 0.000400
[e099 s0550/1030] loss = 0.000392
[e099 s0600/1030] loss = 0.000388
[e099 s0650/1030] loss = 0.000395
[e099 s0700/1030] loss = 0.000379
[e099 s0750/1030] loss = 0.000371
[e099 s0800/1030] loss = 0.000372
[e099 s0850/1030] loss = 0.000367
[e099 s0900/1030] loss = 0.000364
[e099 s0950/1030] loss = 0.000359
[e099 s1000/1030] loss = 0.000351
Epoch 099: train_loss = 0.000362  MAE/GAME0 = 38.78  RMSE = 52.51  GAME1 = 10.56  GAME2 = 2.89  GAME3 = 0.81  lr = 1.00e-05  time = 48.2s
[e100 s0001/1030] loss = 0.000112
[e100 s0050/1030] loss = 0.000154
[e100 s0100/1030] loss = 0.000169
[e100 s0150/1030] loss = 0.000278
[e100 s0200/1030] loss = 0.000287
[e100 s0250/1030] loss = 0.000258
[e100 s0300/1030] loss = 0.000247
[e100 s0350/1030] loss = 0.000229
[e100 s0400/1030] loss = 0.000231
[e100 s0450/1030] loss = 0.000221
[e100 s0500/1030] loss = 0.000241
[e100 s0550/1030] loss = 0.000237
[e100 s0600/1030] loss = 0.000255
[e100 s0650/1030] loss = 0.000252
[e100 s0700/1030] loss = 0.000261
[e100 s0750/1030] loss = 0.000256
[e100 s0800/1030] loss = 0.000256
[e100 s0850/1030] loss = 0.000266
[e100 s0900/1030] loss = 0.000268
[e100 s0950/1030] loss = 0.000268
[e100 s1000/1030] loss = 0.000290
Epoch 100: train_loss = 0.000292  MAE/GAME0 = 23.87  RMSE = 44.26  GAME1 = 7.12  GAME2 = 2.04  GAME3 = 0.59  lr = 1.00e-05  time = 49.0s
