[log] /scratch/users/ntu/kenneth0/FYP-SmartObjectCounter/logs/train_rgbt_adaptive_late_e100_sanity_12749741.pbs101_20260117_014100.log
[job] name=train_rgbt_adaptive_late_e100_sanity id=12749741.pbs101 host=x1000c0s3b0n0 time=Sat Jan 17 01:41:00 +08 2026
[init] device = cuda
[init] train = 1030  val = 200  workers = 4
/scratch/users/ntu/kenneth0/FYP-SmartObjectCounter/scripts/train_rgbt.py:385: FutureWarning: `torch.cuda.amp.GradScaler(args...)` is deprecated. Please use `torch.amp.GradScaler('cuda', args...)` instead.
  scaler = GradScaler(enabled = bool(args.amp))
[e001 s0001/1030] loss = 1282.213135
[e001 s0050/1030] loss = 612.264936
[e001 s0100/1030] loss = 307.241201
[e001 s0150/1030] loss = 204.855262
[e001 s0200/1030] loss = 153.643636
[e001 s0250/1030] loss = 122.915848
[e001 s0300/1030] loss = 102.430589
[e001 s0350/1030] loss = 87.798132
[e001 s0400/1030] loss = 76.823777
[e001 s0450/1030] loss = 68.288131
[e001 s0500/1030] loss = 61.459636
[e001 s0550/1030] loss = 55.873705
[e001 s0600/1030] loss = 51.218061
[e001 s0650/1030] loss = 47.278365
[e001 s0700/1030] loss = 43.901488
[e001 s0750/1030] loss = 40.974884
[e001 s0800/1030] loss = 38.414226
[e001 s0850/1030] loss = 36.154756
[e001 s0900/1030] loss = 34.146310
[e001 s0950/1030] loss = 32.349208
[e001 s1000/1030] loss = 30.731861
Epoch 001: train_loss = 29.836823  MAE/GAME0 = 11.425  RMSE = 24.663  GAME1 = 14.748  GAME2 = 17.086  GAME3 = 18.636  lr = 1.00e-05  time = 23.6s
[e002 s0001/1030] loss = 0.000267
[e002 s0050/1030] loss = 0.002365
[e002 s0100/1030] loss = 0.002066
[e002 s0150/1030] loss = 0.001832
[e002 s0200/1030] loss = 0.002044
[e002 s0250/1030] loss = 0.002045
[e002 s0300/1030] loss = 0.001948
[e002 s0350/1030] loss = 0.001998
[e002 s0400/1030] loss = 0.001944
[e002 s0450/1030] loss = 0.002146
[e002 s0500/1030] loss = 0.002141
[e002 s0550/1030] loss = 0.002438
[e002 s0600/1030] loss = 0.002374
[e002 s0650/1030] loss = 0.002324
[e002 s0700/1030] loss = 0.002259
[e002 s0750/1030] loss = 0.002184
[e002 s0800/1030] loss = 0.002131
[e002 s0850/1030] loss = 0.002063
[e002 s0900/1030] loss = 0.002059
[e002 s0950/1030] loss = 0.002002
[e002 s1000/1030] loss = 0.001989
Epoch 002: train_loss = 0.001956  MAE/GAME0 = 8.215  RMSE = 20.210  GAME1 = 10.226  GAME2 = 11.895  GAME3 = 12.956  lr = 1.00e-05  time = 17.4s
[e003 s0001/1030] loss = 0.000158
[e003 s0050/1030] loss = 0.001928
[e003 s0100/1030] loss = 0.001594
[e003 s0150/1030] loss = 0.001703
[e003 s0200/1030] loss = 0.001610
[e003 s0250/1030] loss = 0.001519
[e003 s0300/1030] loss = 0.001484
[e003 s0350/1030] loss = 0.001731
[e003 s0400/1030] loss = 0.002028
[e003 s0450/1030] loss = 0.002009
[e003 s0500/1030] loss = 0.002011
[e003 s0550/1030] loss = 0.001935
[e003 s0600/1030] loss = 0.001897
[e003 s0650/1030] loss = 0.001902
[e003 s0700/1030] loss = 0.001862
[e003 s0750/1030] loss = 0.001821
[e003 s0800/1030] loss = 0.001813
[e003 s0850/1030] loss = 0.001777
[e003 s0900/1030] loss = 0.001726
[e003 s0950/1030] loss = 0.001671
[e003 s1000/1030] loss = 0.001642
Epoch 003: train_loss = 0.001623  MAE/GAME0 = 7.215  RMSE = 21.832  GAME1 = 8.796  GAME2 = 10.800  GAME3 = 12.039  lr = 1.00e-05  time = 17.4s
[e004 s0001/1030] loss = 0.000362
[e004 s0050/1030] loss = 0.001812
[e004 s0100/1030] loss = 0.001598
[e004 s0150/1030] loss = 0.001763
[e004 s0200/1030] loss = 0.001560
[e004 s0250/1030] loss = 0.001624
[e004 s0300/1030] loss = 0.001580
[e004 s0350/1030] loss = 0.001589
[e004 s0400/1030] loss = 0.001644
[e004 s0450/1030] loss = 0.001726
[e004 s0500/1030] loss = 0.001652
[e004 s0550/1030] loss = 0.001631
[e004 s0600/1030] loss = 0.001575
[e004 s0650/1030] loss = 0.001506
[e004 s0700/1030] loss = 0.001468
[e004 s0750/1030] loss = 0.001467
[e004 s0800/1030] loss = 0.001426
[e004 s0850/1030] loss = 0.001596
[e004 s0900/1030] loss = 0.001606
[e004 s0950/1030] loss = 0.001594
[e004 s1000/1030] loss = 0.001610
Epoch 004: train_loss = 0.001601  MAE/GAME0 = 8.168  RMSE = 19.000  GAME1 = 9.660  GAME2 = 11.553  GAME3 = 12.836  lr = 1.00e-05  time = 17.4s
[e005 s0001/1030] loss = 0.000827
[e005 s0050/1030] loss = 0.003171
[e005 s0100/1030] loss = 0.002071
[e005 s0150/1030] loss = 0.001858
[e005 s0200/1030] loss = 0.001640
[e005 s0250/1030] loss = 0.001593
[e005 s0300/1030] loss = 0.001947
[e005 s0350/1030] loss = 0.001797
[e005 s0400/1030] loss = 0.001640
[e005 s0450/1030] loss = 0.001789
[e005 s0500/1030] loss = 0.001748
[e005 s0550/1030] loss = 0.001676
[e005 s0600/1030] loss = 0.001611
[e005 s0650/1030] loss = 0.001558
[e005 s0700/1030] loss = 0.001493
[e005 s0750/1030] loss = 0.001477
[e005 s0800/1030] loss = 0.001499
[e005 s0850/1030] loss = 0.001445
[e005 s0900/1030] loss = 0.001399
[e005 s0950/1030] loss = 0.001402
[e005 s1000/1030] loss = 0.001375
Epoch 005: train_loss = 0.001358  MAE/GAME0 = 7.828  RMSE = 16.601  GAME1 = 9.393  GAME2 = 10.934  GAME3 = 11.907  lr = 1.00e-05  time = 17.6s
[e006 s0001/1030] loss = 0.000141
[e006 s0050/1030] loss = 0.000648
[e006 s0100/1030] loss = 0.001054
[e006 s0150/1030] loss = 0.001230
[e006 s0200/1030] loss = 0.001074
[e006 s0250/1030] loss = 0.002090
[e006 s0300/1030] loss = 0.001838
[e006 s0350/1030] loss = 0.001807
[e006 s0400/1030] loss = 0.001736
[e006 s0450/1030] loss = 0.001614
[e006 s0500/1030] loss = 0.001554
[e006 s0550/1030] loss = 0.001475
[e006 s0600/1030] loss = 0.001420
[e006 s0650/1030] loss = 0.001434
[e006 s0700/1030] loss = 0.001390
[e006 s0750/1030] loss = 0.001345
[e006 s0800/1030] loss = 0.001485
[e006 s0850/1030] loss = 0.001437
[e006 s0900/1030] loss = 0.001422
[e006 s0950/1030] loss = 0.001400
[e006 s1000/1030] loss = 0.001384
Epoch 006: train_loss = 0.001379  MAE/GAME0 = 7.452  RMSE = 12.961  GAME1 = 8.782  GAME2 = 10.395  GAME3 = 11.536  lr = 1.00e-05  time = 17.3s
[e007 s0001/1030] loss = 0.000703
[e007 s0050/1030] loss = 0.001243
[e007 s0100/1030] loss = 0.000981
[e007 s0150/1030] loss = 0.000888
[e007 s0200/1030] loss = 0.000830
[e007 s0250/1030] loss = 0.000813
[e007 s0300/1030] loss = 0.000797
[e007 s0350/1030] loss = 0.000868
[e007 s0400/1030] loss = 0.000850
[e007 s0450/1030] loss = 0.000880
[e007 s0500/1030] loss = 0.000888
[e007 s0550/1030] loss = 0.001205
[e007 s0600/1030] loss = 0.001247
[e007 s0650/1030] loss = 0.001199
[e007 s0700/1030] loss = 0.001258
[e007 s0750/1030] loss = 0.001224
[e007 s0800/1030] loss = 0.001231
[e007 s0850/1030] loss = 0.001201
[e007 s0900/1030] loss = 0.001197
[e007 s0950/1030] loss = 0.001180
[e007 s1000/1030] loss = 0.001163
Epoch 007: train_loss = 0.001179  MAE/GAME0 = 10.379  RMSE = 14.541  GAME1 = 11.546  GAME2 = 12.979  GAME3 = 14.077  lr = 1.00e-05  time = 17.8s
[e008 s0001/1030] loss = 0.000655
[e008 s0050/1030] loss = 0.000959
[e008 s0100/1030] loss = 0.000831
[e008 s0150/1030] loss = 0.000795
[e008 s0200/1030] loss = 0.000762
[e008 s0250/1030] loss = 0.000708
[e008 s0300/1030] loss = 0.000745
[e008 s0350/1030] loss = 0.000757
[e008 s0400/1030] loss = 0.000760
[e008 s0450/1030] loss = 0.000816
[e008 s0500/1030] loss = 0.000850
[e008 s0550/1030] loss = 0.000851
[e008 s0600/1030] loss = 0.000859
[e008 s0650/1030] loss = 0.000879
[e008 s0700/1030] loss = 0.000976
[e008 s0750/1030] loss = 0.000959
[e008 s0800/1030] loss = 0.000954
[e008 s0850/1030] loss = 0.000945
[e008 s0900/1030] loss = 0.000941
[e008 s0950/1030] loss = 0.000938
[e008 s1000/1030] loss = 0.000931
Epoch 008: train_loss = 0.001041  MAE/GAME0 = 8.814  RMSE = 11.631  GAME1 = 10.926  GAME2 = 12.760  GAME3 = 13.733  lr = 1.00e-05  time = 17.4s
[e009 s0001/1030] loss = 0.000325
[e009 s0050/1030] loss = 0.000528
[e009 s0100/1030] loss = 0.000668
[e009 s0150/1030] loss = 0.000752
[e009 s0200/1030] loss = 0.000706
[e009 s0250/1030] loss = 0.000855
[e009 s0300/1030] loss = 0.000812
[e009 s0350/1030] loss = 0.000814
[e009 s0400/1030] loss = 0.000795
[e009 s0450/1030] loss = 0.000884
[e009 s0500/1030] loss = 0.000869
[e009 s0550/1030] loss = 0.000920
[e009 s0600/1030] loss = 0.001087
[e009 s0650/1030] loss = 0.001106
[e009 s0700/1030] loss = 0.001120
[e009 s0750/1030] loss = 0.001104
[e009 s0800/1030] loss = 0.001075
[e009 s0850/1030] loss = 0.001050
[e009 s0900/1030] loss = 0.001040
[e009 s0950/1030] loss = 0.001129
[e009 s1000/1030] loss = 0.001094
Epoch 009: train_loss = 0.001079  MAE/GAME0 = 5.369  RMSE = 9.165  GAME1 = 6.344  GAME2 = 7.382  GAME3 = 8.191  lr = 1.00e-05  time = 17.7s
[e010 s0001/1030] loss = 0.001470
[e010 s0050/1030] loss = 0.001923
[e010 s0100/1030] loss = 0.001210
[e010 s0150/1030] loss = 0.001743
[e010 s0200/1030] loss = 0.001643
[e010 s0250/1030] loss = 0.001673
[e010 s0300/1030] loss = 0.001773
[e010 s0350/1030] loss = 0.001703
[e010 s0400/1030] loss = 0.001594
[e010 s0450/1030] loss = 0.001505
[e010 s0500/1030] loss = 0.001459
[e010 s0550/1030] loss = 0.001408
[e010 s0600/1030] loss = 0.001368
[e010 s0650/1030] loss = 0.001319
[e010 s0700/1030] loss = 0.001291
[e010 s0750/1030] loss = 0.001255
[e010 s0800/1030] loss = 0.001236
[e010 s0850/1030] loss = 0.001193
[e010 s0900/1030] loss = 0.001178
[e010 s0950/1030] loss = 0.001141
[e010 s1000/1030] loss = 0.001130
Epoch 010: train_loss = 0.001124  MAE/GAME0 = 7.547  RMSE = 11.806  GAME1 = 8.430  GAME2 = 9.438  GAME3 = 10.270  lr = 1.00e-05  time = 17.5s
[e011 s0001/1030] loss = 0.000071
[e011 s0050/1030] loss = 0.000558
[e011 s0100/1030] loss = 0.000698
[e011 s0150/1030] loss = 0.000645
[e011 s0200/1030] loss = 0.001014
[e011 s0250/1030] loss = 0.000904
[e011 s0300/1030] loss = 0.001325
[e011 s0350/1030] loss = 0.001303
[e011 s0400/1030] loss = 0.001310
[e011 s0450/1030] loss = 0.001323
[e011 s0500/1030] loss = 0.001292
[e011 s0550/1030] loss = 0.001225
[e011 s0600/1030] loss = 0.001171
[e011 s0650/1030] loss = 0.001126
[e011 s0700/1030] loss = 0.001094
[e011 s0750/1030] loss = 0.001067
[e011 s0800/1030] loss = 0.001031
[e011 s0850/1030] loss = 0.001019
[e011 s0900/1030] loss = 0.001007
[e011 s0950/1030] loss = 0.001080
[e011 s1000/1030] loss = 0.001050
Epoch 011: train_loss = 0.001030  MAE/GAME0 = 7.507  RMSE = 18.580  GAME1 = 8.564  GAME2 = 9.606  GAME3 = 10.366  lr = 1.00e-05  time = 17.6s
[e012 s0001/1030] loss = 0.000019
[e012 s0050/1030] loss = 0.001159
[e012 s0100/1030] loss = 0.001312
[e012 s0150/1030] loss = 0.001245
[e012 s0200/1030] loss = 0.001105
[e012 s0250/1030] loss = 0.001140
[e012 s0300/1030] loss = 0.001038
[e012 s0350/1030] loss = 0.001204
[e012 s0400/1030] loss = 0.001170
[e012 s0450/1030] loss = 0.001300
[e012 s0500/1030] loss = 0.001228
[e012 s0550/1030] loss = 0.001195
[e012 s0600/1030] loss = 0.001163
[e012 s0650/1030] loss = 0.001141
[e012 s0700/1030] loss = 0.001106
[e012 s0750/1030] loss = 0.001163
[e012 s0800/1030] loss = 0.001157
[e012 s0850/1030] loss = 0.001142
[e012 s0900/1030] loss = 0.001124
[e012 s0950/1030] loss = 0.001107
[e012 s1000/1030] loss = 0.001093
Epoch 012: train_loss = 0.001079  MAE/GAME0 = 4.768  RMSE = 7.129  GAME1 = 5.697  GAME2 = 6.762  GAME3 = 7.507  lr = 1.00e-05  time = 17.6s
[e013 s0001/1030] loss = 0.000244
[e013 s0050/1030] loss = 0.000705
[e013 s0100/1030] loss = 0.000931
[e013 s0150/1030] loss = 0.000811
[e013 s0200/1030] loss = 0.000758
[e013 s0250/1030] loss = 0.000726
[e013 s0300/1030] loss = 0.000754
[e013 s0350/1030] loss = 0.000758
[e013 s0400/1030] loss = 0.000761
[e013 s0450/1030] loss = 0.000821
[e013 s0500/1030] loss = 0.000805
[e013 s0550/1030] loss = 0.000854
[e013 s0600/1030] loss = 0.000831
[e013 s0650/1030] loss = 0.000880
[e013 s0700/1030] loss = 0.000885
[e013 s0750/1030] loss = 0.000897
[e013 s0800/1030] loss = 0.000882
[e013 s0850/1030] loss = 0.000859
[e013 s0900/1030] loss = 0.000840
[e013 s0950/1030] loss = 0.000838
[e013 s1000/1030] loss = 0.000839
Epoch 013: train_loss = 0.000866  MAE/GAME0 = 6.407  RMSE = 10.020  GAME1 = 7.391  GAME2 = 8.669  GAME3 = 9.500  lr = 1.00e-05  time = 17.2s
[e014 s0001/1030] loss = 0.000367
[e014 s0050/1030] loss = 0.000875
[e014 s0100/1030] loss = 0.000755
[e014 s0150/1030] loss = 0.000683
[e014 s0200/1030] loss = 0.000672
[e014 s0250/1030] loss = 0.000867
[e014 s0300/1030] loss = 0.000842
[e014 s0350/1030] loss = 0.000843
[e014 s0400/1030] loss = 0.000869
[e014 s0450/1030] loss = 0.001058
[e014 s0500/1030] loss = 0.001107
[e014 s0550/1030] loss = 0.001080
[e014 s0600/1030] loss = 0.001044
[e014 s0650/1030] loss = 0.001015
[e014 s0700/1030] loss = 0.000998
[e014 s0750/1030] loss = 0.001053
[e014 s0800/1030] loss = 0.001056
[e014 s0850/1030] loss = 0.001028
[e014 s0900/1030] loss = 0.001019
[e014 s0950/1030] loss = 0.001023
[e014 s1000/1030] loss = 0.000999
Epoch 014: train_loss = 0.001007  MAE/GAME0 = 5.732  RMSE = 10.386  GAME1 = 7.115  GAME2 = 8.249  GAME3 = 8.999  lr = 1.00e-05  time = 17.6s
[e015 s0001/1030] loss = 0.000907
[e015 s0050/1030] loss = 0.001219
[e015 s0100/1030] loss = 0.000965
[e015 s0150/1030] loss = 0.000980
[e015 s0200/1030] loss = 0.001026
[e015 s0250/1030] loss = 0.001061
[e015 s0300/1030] loss = 0.001043
[e015 s0350/1030] loss = 0.001024
[e015 s0400/1030] loss = 0.000984
[e015 s0450/1030] loss = 0.000941
[e015 s0500/1030] loss = 0.000948
[e015 s0550/1030] loss = 0.000967
[e015 s0600/1030] loss = 0.000963
[e015 s0650/1030] loss = 0.000941
[e015 s0700/1030] loss = 0.000914
[e015 s0750/1030] loss = 0.000902
[e015 s0800/1030] loss = 0.000895
[e015 s0850/1030] loss = 0.000895
[e015 s0900/1030] loss = 0.000880
[e015 s0950/1030] loss = 0.000967
[e015 s1000/1030] loss = 0.001021
Epoch 015: train_loss = 0.001035  MAE/GAME0 = 6.179  RMSE = 13.703  GAME1 = 7.101  GAME2 = 8.349  GAME3 = 9.044  lr = 1.00e-05  time = 17.1s
[e016 s0001/1030] loss = 0.000024
[e016 s0050/1030] loss = 0.000668
[e016 s0100/1030] loss = 0.000877
[e016 s0150/1030] loss = 0.000876
[e016 s0200/1030] loss = 0.000909
[e016 s0250/1030] loss = 0.000838
[e016 s0300/1030] loss = 0.000893
[e016 s0350/1030] loss = 0.000865
[e016 s0400/1030] loss = 0.001143
[e016 s0450/1030] loss = 0.001139
[e016 s0500/1030] loss = 0.001074
[e016 s0550/1030] loss = 0.001096
[e016 s0600/1030] loss = 0.001091
[e016 s0650/1030] loss = 0.001051
[e016 s0700/1030] loss = 0.001032
[e016 s0750/1030] loss = 0.001042
[e016 s0800/1030] loss = 0.001172
[e016 s0850/1030] loss = 0.001149
[e016 s0900/1030] loss = 0.001129
[e016 s0950/1030] loss = 0.001093
[e016 s1000/1030] loss = 0.001090
Epoch 016: train_loss = 0.001084  MAE/GAME0 = 6.595  RMSE = 11.585  GAME1 = 7.814  GAME2 = 8.795  GAME3 = 9.554  lr = 1.00e-05  time = 17.7s
[e017 s0001/1030] loss = 0.000025
[e017 s0050/1030] loss = 0.000824
[e017 s0100/1030] loss = 0.000768
[e017 s0150/1030] loss = 0.000811
[e017 s0200/1030] loss = 0.000871
[e017 s0250/1030] loss = 0.000899
[e017 s0300/1030] loss = 0.000826
[e017 s0350/1030] loss = 0.000806
[e017 s0400/1030] loss = 0.000796
[e017 s0450/1030] loss = 0.000799
[e017 s0500/1030] loss = 0.000827
[e017 s0550/1030] loss = 0.000794
[e017 s0600/1030] loss = 0.000796
[e017 s0650/1030] loss = 0.000830
[e017 s0700/1030] loss = 0.000819
[e017 s0750/1030] loss = 0.000817
[e017 s0800/1030] loss = 0.000822
[e017 s0850/1030] loss = 0.000809
[e017 s0900/1030] loss = 0.000798
[e017 s0950/1030] loss = 0.000802
[e017 s1000/1030] loss = 0.000814
Epoch 017: train_loss = 0.000837  MAE/GAME0 = 7.377  RMSE = 13.981  GAME1 = 8.353  GAME2 = 9.494  GAME3 = 10.154  lr = 1.00e-05  time = 17.6s
[e018 s0001/1030] loss = 0.000010
[e018 s0050/1030] loss = 0.001813
[e018 s0100/1030] loss = 0.001197
[e018 s0150/1030] loss = 0.001340
[e018 s0200/1030] loss = 0.001180
[e018 s0250/1030] loss = 0.001217
[e018 s0300/1030] loss = 0.001241
[e018 s0350/1030] loss = 0.001180
[e018 s0400/1030] loss = 0.001131
[e018 s0450/1030] loss = 0.001197
[e018 s0500/1030] loss = 0.001159
[e018 s0550/1030] loss = 0.001109
[e018 s0600/1030] loss = 0.001081
[e018 s0650/1030] loss = 0.001061
[e018 s0700/1030] loss = 0.001018
[e018 s0750/1030] loss = 0.001004
[e018 s0800/1030] loss = 0.000987
[e018 s0850/1030] loss = 0.001008
[e018 s0900/1030] loss = 0.000986
[e018 s0950/1030] loss = 0.000971
[e018 s1000/1030] loss = 0.000965
Epoch 018: train_loss = 0.000958  MAE/GAME0 = 6.365  RMSE = 16.230  GAME1 = 7.416  GAME2 = 8.506  GAME3 = 9.262  lr = 1.00e-05  time = 17.3s
[e019 s0001/1030] loss = 0.000497
[e019 s0050/1030] loss = 0.000583
[e019 s0100/1030] loss = 0.000888
[e019 s0150/1030] loss = 0.000845
[e019 s0200/1030] loss = 0.000818
[e019 s0250/1030] loss = 0.000785
[e019 s0300/1030] loss = 0.000736
[e019 s0350/1030] loss = 0.000771
[e019 s0400/1030] loss = 0.000778
[e019 s0450/1030] loss = 0.000798
[e019 s0500/1030] loss = 0.000826
[e019 s0550/1030] loss = 0.000798
[e019 s0600/1030] loss = 0.000776
[e019 s0650/1030] loss = 0.000752
[e019 s0700/1030] loss = 0.000739
[e019 s0750/1030] loss = 0.000723
[e019 s0800/1030] loss = 0.000850
[e019 s0850/1030] loss = 0.000832
[e019 s0900/1030] loss = 0.000912
[e019 s0950/1030] loss = 0.000921
[e019 s1000/1030] loss = 0.000990
Epoch 019: train_loss = 0.000976  MAE/GAME0 = 6.302  RMSE = 12.194  GAME1 = 7.296  GAME2 = 8.318  GAME3 = 8.940  lr = 1.00e-05  time = 17.3s
[e020 s0001/1030] loss = 0.000004
[e020 s0050/1030] loss = 0.000831
[e020 s0100/1030] loss = 0.000722
[e020 s0150/1030] loss = 0.000871
[e020 s0200/1030] loss = 0.001000
[e020 s0250/1030] loss = 0.000980
[e020 s0300/1030] loss = 0.000986
[e020 s0350/1030] loss = 0.000934
[e020 s0400/1030] loss = 0.000892
[e020 s0450/1030] loss = 0.000880
[e020 s0500/1030] loss = 0.000838
[e020 s0550/1030] loss = 0.001050
[e020 s0600/1030] loss = 0.001118
[e020 s0650/1030] loss = 0.001073
[e020 s0700/1030] loss = 0.001049
[e020 s0750/1030] loss = 0.001030
[e020 s0800/1030] loss = 0.001015
[e020 s0850/1030] loss = 0.001012
[e020 s0900/1030] loss = 0.001006
[e020 s0950/1030] loss = 0.000988
[e020 s1000/1030] loss = 0.000987
Epoch 020: train_loss = 0.000987  MAE/GAME0 = 6.337  RMSE = 13.294  GAME1 = 7.358  GAME2 = 8.523  GAME3 = 9.215  lr = 1.00e-05  time = 17.5s
[e021 s0001/1030] loss = 0.000698
[e021 s0050/1030] loss = 0.000880
[e021 s0100/1030] loss = 0.000758
[e021 s0150/1030] loss = 0.000694
[e021 s0200/1030] loss = 0.000709
[e021 s0250/1030] loss = 0.000653
[e021 s0300/1030] loss = 0.000616
[e021 s0350/1030] loss = 0.000628
[e021 s0400/1030] loss = 0.000654
[e021 s0450/1030] loss = 0.000663
[e021 s0500/1030] loss = 0.000631
[e021 s0550/1030] loss = 0.000626
[e021 s0600/1030] loss = 0.000611
[e021 s0650/1030] loss = 0.000596
[e021 s0700/1030] loss = 0.000617
[e021 s0750/1030] loss = 0.000838
[e021 s0800/1030] loss = 0.000856
[e021 s0850/1030] loss = 0.000839
[e021 s0900/1030] loss = 0.000859
[e021 s0950/1030] loss = 0.000917
[e021 s1000/1030] loss = 0.000902
Epoch 021: train_loss = 0.000892  MAE/GAME0 = 4.962  RMSE = 8.527  GAME1 = 5.799  GAME2 = 6.946  GAME3 = 7.691  lr = 1.00e-05  time = 17.6s
[e022 s0001/1030] loss = 0.000047
[e022 s0050/1030] loss = 0.001837
[e022 s0100/1030] loss = 0.001185
[e022 s0150/1030] loss = 0.000989
[e022 s0200/1030] loss = 0.000862
[e022 s0250/1030] loss = 0.001025
[e022 s0300/1030] loss = 0.001070
[e022 s0350/1030] loss = 0.001128
[e022 s0400/1030] loss = 0.001132
[e022 s0450/1030] loss = 0.001142
[e022 s0500/1030] loss = 0.001099
[e022 s0550/1030] loss = 0.001076
[e022 s0600/1030] loss = 0.001067
[e022 s0650/1030] loss = 0.001054
[e022 s0700/1030] loss = 0.001019
[e022 s0750/1030] loss = 0.001008
[e022 s0800/1030] loss = 0.001009
[e022 s0850/1030] loss = 0.000986
[e022 s0900/1030] loss = 0.001005
[e022 s0950/1030] loss = 0.001013
[e022 s1000/1030] loss = 0.001011
Epoch 022: train_loss = 0.001020  MAE/GAME0 = 7.838  RMSE = 12.961  GAME1 = 9.016  GAME2 = 10.093  GAME3 = 10.849  lr = 1.00e-05  time = 17.4s
[e023 s0001/1030] loss = 0.002215
[e023 s0050/1030] loss = 0.000874
[e023 s0100/1030] loss = 0.000648
[e023 s0150/1030] loss = 0.000768
[e023 s0200/1030] loss = 0.000720
[e023 s0250/1030] loss = 0.000974
[e023 s0300/1030] loss = 0.000964
[e023 s0350/1030] loss = 0.000920
[e023 s0400/1030] loss = 0.000887
[e023 s0450/1030] loss = 0.000861
[e023 s0500/1030] loss = 0.001223
[e023 s0550/1030] loss = 0.001165
[e023 s0600/1030] loss = 0.001120
[e023 s0650/1030] loss = 0.001140
[e023 s0700/1030] loss = 0.001131
[e023 s0750/1030] loss = 0.001109
[e023 s0800/1030] loss = 0.001088
[e023 s0850/1030] loss = 0.001075
[e023 s0900/1030] loss = 0.001055
[e023 s0950/1030] loss = 0.001016
[e023 s1000/1030] loss = 0.001004
Epoch 023: train_loss = 0.000993  MAE/GAME0 = 6.755  RMSE = 11.694  GAME1 = 7.603  GAME2 = 8.666  GAME3 = 9.386  lr = 1.00e-05  time = 17.6s
[e024 s0001/1030] loss = 0.000592
[e024 s0050/1030] loss = 0.000998
[e024 s0100/1030] loss = 0.000893
[e024 s0150/1030] loss = 0.000919
[e024 s0200/1030] loss = 0.000912
[e024 s0250/1030] loss = 0.000812
[e024 s0300/1030] loss = 0.000840
[e024 s0350/1030] loss = 0.000807
[e024 s0400/1030] loss = 0.000799
[e024 s0450/1030] loss = 0.000764
[e024 s0500/1030] loss = 0.000733
[e024 s0550/1030] loss = 0.000825
[e024 s0600/1030] loss = 0.000894
[e024 s0650/1030] loss = 0.000999
[e024 s0700/1030] loss = 0.000989
[e024 s0750/1030] loss = 0.000982
[e024 s0800/1030] loss = 0.000972
[e024 s0850/1030] loss = 0.000951
[e024 s0900/1030] loss = 0.000933
[e024 s0950/1030] loss = 0.000927
[e024 s1000/1030] loss = 0.000917
Epoch 024: train_loss = 0.000914  MAE/GAME0 = 7.309  RMSE = 18.182  GAME1 = 7.991  GAME2 = 8.836  GAME3 = 9.438  lr = 1.00e-05  time = 17.4s
[e025 s0001/1030] loss = 0.000013
[e025 s0050/1030] loss = 0.000373
[e025 s0100/1030] loss = 0.000464
[e025 s0150/1030] loss = 0.000627
[e025 s0200/1030] loss = 0.000686
[e025 s0250/1030] loss = 0.000810
[e025 s0300/1030] loss = 0.000800
[e025 s0350/1030] loss = 0.000815
[e025 s0400/1030] loss = 0.000979
[e025 s0450/1030] loss = 0.000930
[e025 s0500/1030] loss = 0.000955
[e025 s0550/1030] loss = 0.000934
[e025 s0600/1030] loss = 0.001177
[e025 s0650/1030] loss = 0.001137
[e025 s0700/1030] loss = 0.001100
[e025 s0750/1030] loss = 0.001080
[e025 s0800/1030] loss = 0.001053
[e025 s0850/1030] loss = 0.001032
[e025 s0900/1030] loss = 0.000995
[e025 s0950/1030] loss = 0.000967
[e025 s1000/1030] loss = 0.000959
Epoch 025: train_loss = 0.000955  MAE/GAME0 = 5.181  RMSE = 8.959  GAME1 = 6.307  GAME2 = 7.317  GAME3 = 7.901  lr = 1.00e-05  time = 17.3s
[e026 s0001/1030] loss = 0.000610
[e026 s0050/1030] loss = 0.000556
[e026 s0100/1030] loss = 0.000501
[e026 s0150/1030] loss = 0.000611
[e026 s0200/1030] loss = 0.000711
[e026 s0250/1030] loss = 0.000705
[e026 s0300/1030] loss = 0.000702
[e026 s0350/1030] loss = 0.000707
[e026 s0400/1030] loss = 0.000749
[e026 s0450/1030] loss = 0.000916
[e026 s0500/1030] loss = 0.000881
[e026 s0550/1030] loss = 0.000847
[e026 s0600/1030] loss = 0.000838
[e026 s0650/1030] loss = 0.000807
[e026 s0700/1030] loss = 0.000819
[e026 s0750/1030] loss = 0.000857
[e026 s0800/1030] loss = 0.000852
[e026 s0850/1030] loss = 0.000847
[e026 s0900/1030] loss = 0.000858
[e026 s0950/1030] loss = 0.000840
[e026 s1000/1030] loss = 0.000820
Epoch 026: train_loss = 0.000832  MAE/GAME0 = 9.573  RMSE = 25.422  GAME1 = 10.334  GAME2 = 11.072  GAME3 = 11.567  lr = 1.00e-05  time = 17.5s
[e027 s0001/1030] loss = 0.000172
[e027 s0050/1030] loss = 0.000834
[e027 s0100/1030] loss = 0.000713
[e027 s0150/1030] loss = 0.000722
[e027 s0200/1030] loss = 0.000718
[e027 s0250/1030] loss = 0.000659
[e027 s0300/1030] loss = 0.000739
[e027 s0350/1030] loss = 0.000743
[e027 s0400/1030] loss = 0.000881
[e027 s0450/1030] loss = 0.000848
[e027 s0500/1030] loss = 0.000831
[e027 s0550/1030] loss = 0.000834
[e027 s0600/1030] loss = 0.000807
[e027 s0650/1030] loss = 0.000822
[e027 s0700/1030] loss = 0.000844
[e027 s0750/1030] loss = 0.000813
[e027 s0800/1030] loss = 0.000806
[e027 s0850/1030] loss = 0.000821
[e027 s0900/1030] loss = 0.000842
[e027 s0950/1030] loss = 0.000853
[e027 s1000/1030] loss = 0.000844
Epoch 027: train_loss = 0.000835  MAE/GAME0 = 5.459  RMSE = 9.846  GAME1 = 6.666  GAME2 = 7.629  GAME3 = 8.183  lr = 1.00e-05  time = 17.3s
[e028 s0001/1030] loss = 0.000344
[e028 s0050/1030] loss = 0.000915
[e028 s0100/1030] loss = 0.000966
[e028 s0150/1030] loss = 0.000976
[e028 s0200/1030] loss = 0.000849
[e028 s0250/1030] loss = 0.000817
[e028 s0300/1030] loss = 0.000763
[e028 s0350/1030] loss = 0.000750
[e028 s0400/1030] loss = 0.000759
[e028 s0450/1030] loss = 0.000913
[e028 s0500/1030] loss = 0.000896
[e028 s0550/1030] loss = 0.000916
[e028 s0600/1030] loss = 0.000905
[e028 s0650/1030] loss = 0.000875
[e028 s0700/1030] loss = 0.000876
[e028 s0750/1030] loss = 0.000877
[e028 s0800/1030] loss = 0.001114
[e028 s0850/1030] loss = 0.001140
[e028 s0900/1030] loss = 0.001125
[e028 s0950/1030] loss = 0.001163
[e028 s1000/1030] loss = 0.001136
Epoch 028: train_loss = 0.001121  MAE/GAME0 = 5.058  RMSE = 7.975  GAME1 = 5.691  GAME2 = 6.728  GAME3 = 7.410  lr = 1.00e-05  time = 17.3s
[e029 s0001/1030] loss = 0.011779
[e029 s0050/1030] loss = 0.001333
[e029 s0100/1030] loss = 0.001039
[e029 s0150/1030] loss = 0.000944
[e029 s0200/1030] loss = 0.000862
[e029 s0250/1030] loss = 0.000971
[e029 s0300/1030] loss = 0.000933
[e029 s0350/1030] loss = 0.000939
[e029 s0400/1030] loss = 0.000940
[e029 s0450/1030] loss = 0.000942
[e029 s0500/1030] loss = 0.000898
[e029 s0550/1030] loss = 0.000865
[e029 s0600/1030] loss = 0.000847
[e029 s0650/1030] loss = 0.000819
[e029 s0700/1030] loss = 0.000832
[e029 s0750/1030] loss = 0.000822
[e029 s0800/1030] loss = 0.000833
[e029 s0850/1030] loss = 0.000830
[e029 s0900/1030] loss = 0.000821
[e029 s0950/1030] loss = 0.000918
[e029 s1000/1030] loss = 0.000907
Epoch 029: train_loss = 0.000914  MAE/GAME0 = 6.565  RMSE = 13.376  GAME1 = 7.618  GAME2 = 8.788  GAME3 = 9.647  lr = 1.00e-05  time = 17.3s
[e030 s0001/1030] loss = 0.000512
[e030 s0050/1030] loss = 0.000975
[e030 s0100/1030] loss = 0.000900
[e030 s0150/1030] loss = 0.000998
[e030 s0200/1030] loss = 0.000920
[e030 s0250/1030] loss = 0.000834
[e030 s0300/1030] loss = 0.000789
[e030 s0350/1030] loss = 0.000761
[e030 s0400/1030] loss = 0.001286
[e030 s0450/1030] loss = 0.001213
[e030 s0500/1030] loss = 0.001161
[e030 s0550/1030] loss = 0.001129
[e030 s0600/1030] loss = 0.001084
[e030 s0650/1030] loss = 0.001031
[e030 s0700/1030] loss = 0.000981
[e030 s0750/1030] loss = 0.001151
[e030 s0800/1030] loss = 0.001165
[e030 s0850/1030] loss = 0.001138
[e030 s0900/1030] loss = 0.001147
[e030 s0950/1030] loss = 0.001156
[e030 s1000/1030] loss = 0.001121
Epoch 030: train_loss = 0.001105  MAE/GAME0 = 6.262  RMSE = 13.502  GAME1 = 7.362  GAME2 = 8.605  GAME3 = 9.300  lr = 1.00e-05  time = 17.5s
[e031 s0001/1030] loss = 0.000005
[e031 s0050/1030] loss = 0.000496
[e031 s0100/1030] loss = 0.000540
[e031 s0150/1030] loss = 0.000772
[e031 s0200/1030] loss = 0.000715
[e031 s0250/1030] loss = 0.000681
[e031 s0300/1030] loss = 0.000845
[e031 s0350/1030] loss = 0.000885
[e031 s0400/1030] loss = 0.000978
[e031 s0450/1030] loss = 0.000950
[e031 s0500/1030] loss = 0.000935
[e031 s0550/1030] loss = 0.001037
[e031 s0600/1030] loss = 0.001071
[e031 s0650/1030] loss = 0.001045
[e031 s0700/1030] loss = 0.001030
[e031 s0750/1030] loss = 0.001041
[e031 s0800/1030] loss = 0.001007
[e031 s0850/1030] loss = 0.000994
[e031 s0900/1030] loss = 0.000969
[e031 s0950/1030] loss = 0.001010
[e031 s1000/1030] loss = 0.000987
Epoch 031: train_loss = 0.000969  MAE/GAME0 = 5.752  RMSE = 12.355  GAME1 = 6.935  GAME2 = 8.027  GAME3 = 8.746  lr = 1.00e-05  time = 17.4s
[e032 s0001/1030] loss = 0.000573
[e032 s0050/1030] loss = 0.000500
[e032 s0100/1030] loss = 0.000535
[e032 s0150/1030] loss = 0.000529
[e032 s0200/1030] loss = 0.000554
[e032 s0250/1030] loss = 0.000585
[e032 s0300/1030] loss = 0.000638
[e032 s0350/1030] loss = 0.000602
[e032 s0400/1030] loss = 0.000766
[e032 s0450/1030] loss = 0.000780
[e032 s0500/1030] loss = 0.000810
[e032 s0550/1030] loss = 0.000798
[e032 s0600/1030] loss = 0.000782
[e032 s0650/1030] loss = 0.000803
[e032 s0700/1030] loss = 0.000778
[e032 s0750/1030] loss = 0.000954
[e032 s0800/1030] loss = 0.000942
[e032 s0850/1030] loss = 0.000936
[e032 s0900/1030] loss = 0.000944
[e032 s0950/1030] loss = 0.001003
[e032 s1000/1030] loss = 0.001006
Epoch 032: train_loss = 0.000996  MAE/GAME0 = 5.697  RMSE = 11.072  GAME1 = 6.562  GAME2 = 7.507  GAME3 = 8.115  lr = 1.00e-05  time = 17.4s
[e033 s0001/1030] loss = 0.000963
[e033 s0050/1030] loss = 0.000404
[e033 s0100/1030] loss = 0.000508
[e033 s0150/1030] loss = 0.000618
[e033 s0200/1030] loss = 0.001208
[e033 s0250/1030] loss = 0.001119
[e033 s0300/1030] loss = 0.001065
[e033 s0350/1030] loss = 0.001714
[e033 s0400/1030] loss = 0.001594
[e033 s0450/1030] loss = 0.001499
[e033 s0500/1030] loss = 0.001474
[e033 s0550/1030] loss = 0.001629
[e033 s0600/1030] loss = 0.001563
[e033 s0650/1030] loss = 0.001485
[e033 s0700/1030] loss = 0.001431
[e033 s0750/1030] loss = 0.001367
[e033 s0800/1030] loss = 0.001311
[e033 s0850/1030] loss = 0.001300
[e033 s0900/1030] loss = 0.001264
[e033 s0950/1030] loss = 0.001256
[e033 s1000/1030] loss = 0.001230
Epoch 033: train_loss = 0.001220  MAE/GAME0 = 7.932  RMSE = 12.007  GAME1 = 8.798  GAME2 = 9.931  GAME3 = 10.581  lr = 1.00e-05  time = 17.5s
[e034 s0001/1030] loss = 0.000626
[e034 s0050/1030] loss = 0.000516
[e034 s0100/1030] loss = 0.001097
[e034 s0150/1030] loss = 0.001160
[e034 s0200/1030] loss = 0.001065
[e034 s0250/1030] loss = 0.000967
[e034 s0300/1030] loss = 0.001058
[e034 s0350/1030] loss = 0.000991
[e034 s0400/1030] loss = 0.000965
[e034 s0450/1030] loss = 0.000927
[e034 s0500/1030] loss = 0.000921
[e034 s0550/1030] loss = 0.001007
[e034 s0600/1030] loss = 0.000980
[e034 s0650/1030] loss = 0.001033
[e034 s0700/1030] loss = 0.000993
[e034 s0750/1030] loss = 0.000979
[e034 s0800/1030] loss = 0.000963
[e034 s0850/1030] loss = 0.000965
[e034 s0900/1030] loss = 0.000945
[e034 s0950/1030] loss = 0.000986
[e034 s1000/1030] loss = 0.000970
Epoch 034: train_loss = 0.000958  MAE/GAME0 = 6.003  RMSE = 10.119  GAME1 = 6.798  GAME2 = 8.050  GAME3 = 8.921  lr = 1.00e-05  time = 17.3s
[e035 s0001/1030] loss = 0.000414
[e035 s0050/1030] loss = 0.000794
[e035 s0100/1030] loss = 0.000829
[e035 s0150/1030] loss = 0.000740
[e035 s0200/1030] loss = 0.000690
[e035 s0250/1030] loss = 0.000814
[e035 s0300/1030] loss = 0.000754
[e035 s0350/1030] loss = 0.000779
[e035 s0400/1030] loss = 0.000826
[e035 s0450/1030] loss = 0.000813
[e035 s0500/1030] loss = 0.000797
[e035 s0550/1030] loss = 0.000837
[e035 s0600/1030] loss = 0.001137
[e035 s0650/1030] loss = 0.001121
[e035 s0700/1030] loss = 0.001137
[e035 s0750/1030] loss = 0.001099
[e035 s0800/1030] loss = 0.001078
[e035 s0850/1030] loss = 0.001063
[e035 s0900/1030] loss = 0.001042
[e035 s0950/1030] loss = 0.001031
[e035 s1000/1030] loss = 0.001049
Epoch 035: train_loss = 0.001038  MAE/GAME0 = 6.207  RMSE = 10.272  GAME1 = 7.146  GAME2 = 8.453  GAME3 = 9.289  lr = 1.00e-05  time = 17.6s
[e036 s0001/1030] loss = 0.000305
[e036 s0050/1030] loss = 0.000930
[e036 s0100/1030] loss = 0.000790
[e036 s0150/1030] loss = 0.000726
[e036 s0200/1030] loss = 0.000619
[e036 s0250/1030] loss = 0.001430
[e036 s0300/1030] loss = 0.001316
[e036 s0350/1030] loss = 0.001194
[e036 s0400/1030] loss = 0.001193
[e036 s0450/1030] loss = 0.001130
[e036 s0500/1030] loss = 0.001152
[e036 s0550/1030] loss = 0.001219
[e036 s0600/1030] loss = 0.001175
[e036 s0650/1030] loss = 0.001160
[e036 s0700/1030] loss = 0.001119
[e036 s0750/1030] loss = 0.001110
[e036 s0800/1030] loss = 0.001067
[e036 s0850/1030] loss = 0.001069
[e036 s0900/1030] loss = 0.001124
[e036 s0950/1030] loss = 0.001107
[e036 s1000/1030] loss = 0.001109
Epoch 036: train_loss = 0.001093  MAE/GAME0 = 7.087  RMSE = 15.164  GAME1 = 8.037  GAME2 = 9.355  GAME3 = 10.002  lr = 1.00e-05  time = 17.7s
[e037 s0001/1030] loss = 0.000733
[e037 s0050/1030] loss = 0.000867
[e037 s0100/1030] loss = 0.000728
[e037 s0150/1030] loss = 0.000666
[e037 s0200/1030] loss = 0.000599
[e037 s0250/1030] loss = 0.000599
[e037 s0300/1030] loss = 0.000599
[e037 s0350/1030] loss = 0.000641
[e037 s0400/1030] loss = 0.000653
[e037 s0450/1030] loss = 0.000659
[e037 s0500/1030] loss = 0.000664
[e037 s0550/1030] loss = 0.000645
[e037 s0600/1030] loss = 0.000690
[e037 s0650/1030] loss = 0.000693
[e037 s0700/1030] loss = 0.000697
[e037 s0750/1030] loss = 0.000743
[e037 s0800/1030] loss = 0.000734
[e037 s0850/1030] loss = 0.000727
[e037 s0900/1030] loss = 0.000782
[e037 s0950/1030] loss = 0.000798
[e037 s1000/1030] loss = 0.000816
Epoch 037: train_loss = 0.000918  MAE/GAME0 = 6.131  RMSE = 11.622  GAME1 = 6.974  GAME2 = 7.936  GAME3 = 8.587  lr = 1.00e-05  time = 17.2s
[e038 s0001/1030] loss = 0.000752
[e038 s0050/1030] loss = 0.001016
[e038 s0100/1030] loss = 0.000926
[e038 s0150/1030] loss = 0.000973
[e038 s0200/1030] loss = 0.000865
[e038 s0250/1030] loss = 0.000875
[e038 s0300/1030] loss = 0.000832
[e038 s0350/1030] loss = 0.000861
[e038 s0400/1030] loss = 0.000833
[e038 s0450/1030] loss = 0.000807
[e038 s0500/1030] loss = 0.000803
[e038 s0550/1030] loss = 0.000771
[e038 s0600/1030] loss = 0.000741
[e038 s0650/1030] loss = 0.000735
[e038 s0700/1030] loss = 0.000744
[e038 s0750/1030] loss = 0.000780
[e038 s0800/1030] loss = 0.000765
[e038 s0850/1030] loss = 0.000751
[e038 s0900/1030] loss = 0.000806
[e038 s0950/1030] loss = 0.000793
[e038 s1000/1030] loss = 0.000784
Epoch 038: train_loss = 0.000789  MAE/GAME0 = 6.961  RMSE = 18.237  GAME1 = 7.952  GAME2 = 8.941  GAME3 = 9.598  lr = 1.00e-05  time = 17.5s
[e039 s0001/1030] loss = 0.000079
[e039 s0050/1030] loss = 0.001034
[e039 s0100/1030] loss = 0.001098
[e039 s0150/1030] loss = 0.001069
[e039 s0200/1030] loss = 0.000963
[e039 s0250/1030] loss = 0.001032
[e039 s0300/1030] loss = 0.000937
[e039 s0350/1030] loss = 0.000921
[e039 s0400/1030] loss = 0.000903
[e039 s0450/1030] loss = 0.000862
[e039 s0500/1030] loss = 0.000885
[e039 s0550/1030] loss = 0.000878
[e039 s0600/1030] loss = 0.000877
[e039 s0650/1030] loss = 0.000854
[e039 s0700/1030] loss = 0.000869
[e039 s0750/1030] loss = 0.001224
[e039 s0800/1030] loss = 0.001203
[e039 s0850/1030] loss = 0.001162
[e039 s0900/1030] loss = 0.001152
[e039 s0950/1030] loss = 0.001128
[e039 s1000/1030] loss = 0.001113
Epoch 039: train_loss = 0.001094  MAE/GAME0 = 6.364  RMSE = 11.488  GAME1 = 7.310  GAME2 = 8.445  GAME3 = 9.192  lr = 1.00e-05  time = 17.3s
[e040 s0001/1030] loss = 0.000039
[e040 s0050/1030] loss = 0.000501
[e040 s0100/1030] loss = 0.000450
[e040 s0150/1030] loss = 0.000535
[e040 s0200/1030] loss = 0.000603
[e040 s0250/1030] loss = 0.000706
[e040 s0300/1030] loss = 0.000825
[e040 s0350/1030] loss = 0.000902
[e040 s0400/1030] loss = 0.001000
[e040 s0450/1030] loss = 0.000956
[e040 s0500/1030] loss = 0.000918
[e040 s0550/1030] loss = 0.000961
[e040 s0600/1030] loss = 0.000953
[e040 s0650/1030] loss = 0.000945
[e040 s0700/1030] loss = 0.000942
[e040 s0750/1030] loss = 0.000922
[e040 s0800/1030] loss = 0.000905
[e040 s0850/1030] loss = 0.000940
[e040 s0900/1030] loss = 0.000919
[e040 s0950/1030] loss = 0.000896
[e040 s1000/1030] loss = 0.000874
Epoch 040: train_loss = 0.000891  MAE/GAME0 = 10.472  RMSE = 17.628  GAME1 = 11.072  GAME2 = 12.101  GAME3 = 12.822  lr = 1.00e-05  time = 17.7s
[e041 s0001/1030] loss = 0.002473
[e041 s0050/1030] loss = 0.001209
[e041 s0100/1030] loss = 0.000986
[e041 s0150/1030] loss = 0.000881
[e041 s0200/1030] loss = 0.000928
[e041 s0250/1030] loss = 0.000965
[e041 s0300/1030] loss = 0.000913
[e041 s0350/1030] loss = 0.000938
[e041 s0400/1030] loss = 0.000904
[e041 s0450/1030] loss = 0.000877
[e041 s0500/1030] loss = 0.000928
[e041 s0550/1030] loss = 0.000953
[e041 s0600/1030] loss = 0.000945
[e041 s0650/1030] loss = 0.000908
[e041 s0700/1030] loss = 0.000894
[e041 s0750/1030] loss = 0.000872
[e041 s0800/1030] loss = 0.000873
[e041 s0850/1030] loss = 0.000873
[e041 s0900/1030] loss = 0.000858
[e041 s0950/1030] loss = 0.000866
[e041 s1000/1030] loss = 0.000859
Epoch 041: train_loss = 0.000884  MAE/GAME0 = 8.020  RMSE = 12.939  GAME1 = 8.973  GAME2 = 9.951  GAME3 = 10.665  lr = 1.00e-05  time = 17.5s
[e042 s0001/1030] loss = 0.000468
[e042 s0050/1030] loss = 0.000991
[e042 s0100/1030] loss = 0.000744
[e042 s0150/1030] loss = 0.000634
[e042 s0200/1030] loss = 0.000611
[e042 s0250/1030] loss = 0.000609
[e042 s0300/1030] loss = 0.000684
[e042 s0350/1030] loss = 0.000656
[e042 s0400/1030] loss = 0.001144
[e042 s0450/1030] loss = 0.001067
[e042 s0500/1030] loss = 0.001076
[e042 s0550/1030] loss = 0.001077
[e042 s0600/1030] loss = 0.001058
[e042 s0650/1030] loss = 0.001049
[e042 s0700/1030] loss = 0.001025
[e042 s0750/1030] loss = 0.001008
[e042 s0800/1030] loss = 0.000978
[e042 s0850/1030] loss = 0.000979
[e042 s0900/1030] loss = 0.000952
[e042 s0950/1030] loss = 0.000927
[e042 s1000/1030] loss = 0.000908
Epoch 042: train_loss = 0.000912  MAE/GAME0 = 8.559  RMSE = 15.646  GAME1 = 8.902  GAME2 = 9.341  GAME3 = 9.610  lr = 1.00e-05  time = 17.3s
[e043 s0001/1030] loss = 0.000511
[e043 s0050/1030] loss = 0.000694
[e043 s0100/1030] loss = 0.000632
[e043 s0150/1030] loss = 0.000612
[e043 s0200/1030] loss = 0.000739
[e043 s0250/1030] loss = 0.000910
[e043 s0300/1030] loss = 0.000914
[e043 s0350/1030] loss = 0.000959
[e043 s0400/1030] loss = 0.000881
[e043 s0450/1030] loss = 0.000881
[e043 s0500/1030] loss = 0.000859
[e043 s0550/1030] loss = 0.000830
[e043 s0600/1030] loss = 0.000860
[e043 s0650/1030] loss = 0.000837
[e043 s0700/1030] loss = 0.000883
[e043 s0750/1030] loss = 0.000882
[e043 s0800/1030] loss = 0.000891
[e043 s0850/1030] loss = 0.000945
[e043 s0900/1030] loss = 0.000984
[e043 s0950/1030] loss = 0.000966
[e043 s1000/1030] loss = 0.000946
Epoch 043: train_loss = 0.001211  MAE/GAME0 = 6.038  RMSE = 13.324  GAME1 = 6.956  GAME2 = 7.730  GAME3 = 8.237  lr = 1.00e-05  time = 17.4s
[e044 s0001/1030] loss = 0.000047
[e044 s0050/1030] loss = 0.000684
[e044 s0100/1030] loss = 0.000699
[e044 s0150/1030] loss = 0.000638
[e044 s0200/1030] loss = 0.000676
[e044 s0250/1030] loss = 0.000681
[e044 s0300/1030] loss = 0.000669
[e044 s0350/1030] loss = 0.000650
[e044 s0400/1030] loss = 0.000726
[e044 s0450/1030] loss = 0.000792
[e044 s0500/1030] loss = 0.000811
[e044 s0550/1030] loss = 0.000794
[e044 s0600/1030] loss = 0.000793
[e044 s0650/1030] loss = 0.000792
[e044 s0700/1030] loss = 0.000833
[e044 s0750/1030] loss = 0.000828
[e044 s0800/1030] loss = 0.000825
[e044 s0850/1030] loss = 0.000808
[e044 s0900/1030] loss = 0.000804
[e044 s0950/1030] loss = 0.000897
[e044 s1000/1030] loss = 0.000915
Epoch 044: train_loss = 0.000913  MAE/GAME0 = 6.435  RMSE = 12.265  GAME1 = 7.621  GAME2 = 8.852  GAME3 = 9.555  lr = 1.00e-05  time = 17.7s
[e045 s0001/1030] loss = 0.000166
[e045 s0050/1030] loss = 0.000496
[e045 s0100/1030] loss = 0.000651
[e045 s0150/1030] loss = 0.000792
[e045 s0200/1030] loss = 0.000676
[e045 s0250/1030] loss = 0.000641
[e045 s0300/1030] loss = 0.000981
[e045 s0350/1030] loss = 0.000975
[e045 s0400/1030] loss = 0.001127
[e045 s0450/1030] loss = 0.001111
[e045 s0500/1030] loss = 0.001103
[e045 s0550/1030] loss = 0.001095
[e045 s0600/1030] loss = 0.001104
[e045 s0650/1030] loss = 0.001078
[e045 s0700/1030] loss = 0.001032
[e045 s0750/1030] loss = 0.001010
[e045 s0800/1030] loss = 0.001001
[e045 s0850/1030] loss = 0.000971
[e045 s0900/1030] loss = 0.000979
[e045 s0950/1030] loss = 0.000974
[e045 s1000/1030] loss = 0.000962
Epoch 045: train_loss = 0.000950  MAE/GAME0 = 5.207  RMSE = 8.694  GAME1 = 6.206  GAME2 = 7.334  GAME3 = 8.033  lr = 1.00e-05  time = 17.4s
[e046 s0001/1030] loss = 0.000189
[e046 s0050/1030] loss = 0.000590
[e046 s0100/1030] loss = 0.000719
[e046 s0150/1030] loss = 0.000721
[e046 s0200/1030] loss = 0.000728
[e046 s0250/1030] loss = 0.000779
[e046 s0300/1030] loss = 0.000963
[e046 s0350/1030] loss = 0.000998
[e046 s0400/1030] loss = 0.000950
[e046 s0450/1030] loss = 0.000894
[e046 s0500/1030] loss = 0.000844
[e046 s0550/1030] loss = 0.000874
[e046 s0600/1030] loss = 0.000836
[e046 s0650/1030] loss = 0.000817
[e046 s0700/1030] loss = 0.000793
[e046 s0750/1030] loss = 0.000801
[e046 s0800/1030] loss = 0.000924
[e046 s0850/1030] loss = 0.000916
[e046 s0900/1030] loss = 0.000912
[e046 s0950/1030] loss = 0.000897
[e046 s1000/1030] loss = 0.000887
Epoch 046: train_loss = 0.000902  MAE/GAME0 = 8.137  RMSE = 12.802  GAME1 = 9.171  GAME2 = 9.946  GAME3 = 10.556  lr = 1.00e-05  time = 17.4s
[e047 s0001/1030] loss = 0.000541
[e047 s0050/1030] loss = 0.001361
[e047 s0100/1030] loss = 0.001183
[e047 s0150/1030] loss = 0.000990
[e047 s0200/1030] loss = 0.000912
[e047 s0250/1030] loss = 0.000894
[e047 s0300/1030] loss = 0.000839
[e047 s0350/1030] loss = 0.000959
[e047 s0400/1030] loss = 0.000904
[e047 s0450/1030] loss = 0.000883
[e047 s0500/1030] loss = 0.000838
[e047 s0550/1030] loss = 0.000866
[e047 s0600/1030] loss = 0.000838
[e047 s0650/1030] loss = 0.000837
[e047 s0700/1030] loss = 0.000834
[e047 s0750/1030] loss = 0.000952
[e047 s0800/1030] loss = 0.000989
[e047 s0850/1030] loss = 0.001020
[e047 s0900/1030] loss = 0.001007
[e047 s0950/1030] loss = 0.000981
[e047 s1000/1030] loss = 0.000971
Epoch 047: train_loss = 0.001020  MAE/GAME0 = 6.280  RMSE = 12.334  GAME1 = 6.847  GAME2 = 7.713  GAME3 = 8.273  lr = 1.00e-05  time = 17.4s
[e048 s0001/1030] loss = 0.000923
[e048 s0050/1030] loss = 0.001379
[e048 s0100/1030] loss = 0.001001
[e048 s0150/1030] loss = 0.000917
[e048 s0200/1030] loss = 0.000884
[e048 s0250/1030] loss = 0.001233
[e048 s0300/1030] loss = 0.001161
[e048 s0350/1030] loss = 0.001094
[e048 s0400/1030] loss = 0.001013
[e048 s0450/1030] loss = 0.000992
[e048 s0500/1030] loss = 0.000946
[e048 s0550/1030] loss = 0.000950
[e048 s0600/1030] loss = 0.000945
[e048 s0650/1030] loss = 0.000944
[e048 s0700/1030] loss = 0.000915
[e048 s0750/1030] loss = 0.000892
[e048 s0800/1030] loss = 0.000879
[e048 s0850/1030] loss = 0.000862
[e048 s0900/1030] loss = 0.000900
[e048 s0950/1030] loss = 0.000895
[e048 s1000/1030] loss = 0.000878
Epoch 048: train_loss = 0.000872  MAE/GAME0 = 5.196  RMSE = 9.079  GAME1 = 6.275  GAME2 = 7.517  GAME3 = 8.192  lr = 1.00e-05  time = 17.9s
[e049 s0001/1030] loss = 0.000105
[e049 s0050/1030] loss = 0.000770
[e049 s0100/1030] loss = 0.001333
[e049 s0150/1030] loss = 0.001761
[e049 s0200/1030] loss = 0.001570
[e049 s0250/1030] loss = 0.001541
[e049 s0300/1030] loss = 0.001417
[e049 s0350/1030] loss = 0.001314
[e049 s0400/1030] loss = 0.001248
[e049 s0450/1030] loss = 0.001191
[e049 s0500/1030] loss = 0.001169
[e049 s0550/1030] loss = 0.001117
[e049 s0600/1030] loss = 0.001081
[e049 s0650/1030] loss = 0.001035
[e049 s0700/1030] loss = 0.001163
[e049 s0750/1030] loss = 0.001128
[e049 s0800/1030] loss = 0.001096
[e049 s0850/1030] loss = 0.001089
[e049 s0900/1030] loss = 0.001136
[e049 s0950/1030] loss = 0.001107
[e049 s1000/1030] loss = 0.001080
Epoch 049: train_loss = 0.001061  MAE/GAME0 = 7.106  RMSE = 18.566  GAME1 = 7.882  GAME2 = 8.889  GAME3 = 9.474  lr = 1.00e-05  time = 17.2s
[e050 s0001/1030] loss = 0.000422
[e050 s0050/1030] loss = 0.000932
[e050 s0100/1030] loss = 0.000836
[e050 s0150/1030] loss = 0.000894
[e050 s0200/1030] loss = 0.000779
[e050 s0250/1030] loss = 0.000839
[e050 s0300/1030] loss = 0.000811
[e050 s0350/1030] loss = 0.000815
[e050 s0400/1030] loss = 0.000769
[e050 s0450/1030] loss = 0.000761
[e050 s0500/1030] loss = 0.000762
[e050 s0550/1030] loss = 0.000778
[e050 s0600/1030] loss = 0.000771
[e050 s0650/1030] loss = 0.000798
[e050 s0700/1030] loss = 0.000800
[e050 s0750/1030] loss = 0.000799
[e050 s0800/1030] loss = 0.000872
[e050 s0850/1030] loss = 0.000919
[e050 s0900/1030] loss = 0.000945
[e050 s0950/1030] loss = 0.000951
[e050 s1000/1030] loss = 0.000936
Epoch 050: train_loss = 0.000928  MAE/GAME0 = 5.765  RMSE = 13.083  GAME1 = 6.722  GAME2 = 7.699  GAME3 = 8.396  lr = 1.00e-05  time = 17.5s
[e051 s0001/1030] loss = 0.000240
[e051 s0050/1030] loss = 0.001101
[e051 s0100/1030] loss = 0.000957
[e051 s0150/1030] loss = 0.001092
[e051 s0200/1030] loss = 0.001235
[e051 s0250/1030] loss = 0.001137
[e051 s0300/1030] loss = 0.001100
[e051 s0350/1030] loss = 0.001092
[e051 s0400/1030] loss = 0.001091
[e051 s0450/1030] loss = 0.001021
[e051 s0500/1030] loss = 0.000967
[e051 s0550/1030] loss = 0.000974
[e051 s0600/1030] loss = 0.000964
[e051 s0650/1030] loss = 0.000982
[e051 s0700/1030] loss = 0.001016
[e051 s0750/1030] loss = 0.001001
[e051 s0800/1030] loss = 0.000983
[e051 s0850/1030] loss = 0.000957
[e051 s0900/1030] loss = 0.000940
[e051 s0950/1030] loss = 0.000916
[e051 s1000/1030] loss = 0.000901
Epoch 051: train_loss = 0.000904  MAE/GAME0 = 7.333  RMSE = 15.517  GAME1 = 8.239  GAME2 = 9.221  GAME3 = 9.895  lr = 1.00e-05  time = 17.7s
[e052 s0001/1030] loss = 0.000163
[e052 s0050/1030] loss = 0.000922
[e052 s0100/1030] loss = 0.000777
[e052 s0150/1030] loss = 0.001120
[e052 s0200/1030] loss = 0.001022
[e052 s0250/1030] loss = 0.000978
[e052 s0300/1030] loss = 0.000886
[e052 s0350/1030] loss = 0.000925
[e052 s0400/1030] loss = 0.000937
[e052 s0450/1030] loss = 0.000957
[e052 s0500/1030] loss = 0.000923
[e052 s0550/1030] loss = 0.000878
[e052 s0600/1030] loss = 0.000904
[e052 s0650/1030] loss = 0.000876
[e052 s0700/1030] loss = 0.000862
[e052 s0750/1030] loss = 0.000908
[e052 s0800/1030] loss = 0.000916
[e052 s0850/1030] loss = 0.000945
[e052 s0900/1030] loss = 0.000931
[e052 s0950/1030] loss = 0.000907
[e052 s1000/1030] loss = 0.000893
Epoch 052: train_loss = 0.000883  MAE/GAME0 = 5.734  RMSE = 11.274  GAME1 = 6.799  GAME2 = 7.917  GAME3 = 8.650  lr = 1.00e-05  time = 17.5s
[e053 s0001/1030] loss = 0.010280
[e053 s0050/1030] loss = 0.001672
[e053 s0100/1030] loss = 0.001283
[e053 s0150/1030] loss = 0.001024
[e053 s0200/1030] loss = 0.000934
[e053 s0250/1030] loss = 0.000938
[e053 s0300/1030] loss = 0.000881
[e053 s0350/1030] loss = 0.000849
[e053 s0400/1030] loss = 0.000829
[e053 s0450/1030] loss = 0.000841
[e053 s0500/1030] loss = 0.000963
[e053 s0550/1030] loss = 0.001005
[e053 s0600/1030] loss = 0.000976
[e053 s0650/1030] loss = 0.000965
[e053 s0700/1030] loss = 0.000940
[e053 s0750/1030] loss = 0.000931
[e053 s0800/1030] loss = 0.000915
[e053 s0850/1030] loss = 0.000915
[e053 s0900/1030] loss = 0.000915
[e053 s0950/1030] loss = 0.000901
[e053 s1000/1030] loss = 0.000903
Epoch 053: train_loss = 0.000946  MAE/GAME0 = 5.768  RMSE = 10.418  GAME1 = 6.844  GAME2 = 8.085  GAME3 = 8.758  lr = 1.00e-05  time = 17.4s
[e054 s0001/1030] loss = 0.000225
[e054 s0050/1030] loss = 0.000688
[e054 s0100/1030] loss = 0.001917
[e054 s0150/1030] loss = 0.001552
[e054 s0200/1030] loss = 0.001399
[e054 s0250/1030] loss = 0.001302
[e054 s0300/1030] loss = 0.001214
[e054 s0350/1030] loss = 0.001131
[e054 s0400/1030] loss = 0.001069
[e054 s0450/1030] loss = 0.001026
[e054 s0500/1030] loss = 0.000965
[e054 s0550/1030] loss = 0.000939
[e054 s0600/1030] loss = 0.000988
[e054 s0650/1030] loss = 0.001042
[e054 s0700/1030] loss = 0.001018
[e054 s0750/1030] loss = 0.000992
[e054 s0800/1030] loss = 0.000962
[e054 s0850/1030] loss = 0.000998
[e054 s0900/1030] loss = 0.000986
[e054 s0950/1030] loss = 0.000966
[e054 s1000/1030] loss = 0.000948
Epoch 054: train_loss = 0.000941  MAE/GAME0 = 5.861  RMSE = 11.018  GAME1 = 6.924  GAME2 = 8.018  GAME3 = 8.686  lr = 1.00e-05  time = 17.1s
[e055 s0001/1030] loss = 0.000068
[e055 s0050/1030] loss = 0.000522
[e055 s0100/1030] loss = 0.000539
[e055 s0150/1030] loss = 0.000643
[e055 s0200/1030] loss = 0.000661
[e055 s0250/1030] loss = 0.000789
[e055 s0300/1030] loss = 0.000851
[e055 s0350/1030] loss = 0.000889
[e055 s0400/1030] loss = 0.000853
[e055 s0450/1030] loss = 0.000859
[e055 s0500/1030] loss = 0.000832
[e055 s0550/1030] loss = 0.000874
[e055 s0600/1030] loss = 0.000913
[e055 s0650/1030] loss = 0.000936
[e055 s0700/1030] loss = 0.000911
[e055 s0750/1030] loss = 0.000877
[e055 s0800/1030] loss = 0.000889
[e055 s0850/1030] loss = 0.000923
[e055 s0900/1030] loss = 0.000896
[e055 s0950/1030] loss = 0.000886
[e055 s1000/1030] loss = 0.001021
Epoch 055: train_loss = 0.001019  MAE/GAME0 = 6.539  RMSE = 10.986  GAME1 = 7.393  GAME2 = 8.393  GAME3 = 9.016  lr = 1.00e-05  time = 17.4s
[e056 s0001/1030] loss = 0.000130
[e056 s0050/1030] loss = 0.000586
[e056 s0100/1030] loss = 0.000799
[e056 s0150/1030] loss = 0.000848
[e056 s0200/1030] loss = 0.000808
[e056 s0250/1030] loss = 0.000760
[e056 s0300/1030] loss = 0.000757
[e056 s0350/1030] loss = 0.000747
[e056 s0400/1030] loss = 0.000732
[e056 s0450/1030] loss = 0.000705
[e056 s0500/1030] loss = 0.000701
[e056 s0550/1030] loss = 0.000700
[e056 s0600/1030] loss = 0.000709
[e056 s0650/1030] loss = 0.000711
[e056 s0700/1030] loss = 0.000695
[e056 s0750/1030] loss = 0.000699
[e056 s0800/1030] loss = 0.000684
[e056 s0850/1030] loss = 0.000767
[e056 s0900/1030] loss = 0.000802
[e056 s0950/1030] loss = 0.000788
[e056 s1000/1030] loss = 0.000773
Epoch 056: train_loss = 0.000769  MAE/GAME0 = 5.332  RMSE = 10.490  GAME1 = 6.194  GAME2 = 7.010  GAME3 = 7.579  lr = 1.00e-05  time = 17.5s
[e057 s0001/1030] loss = 0.000077
[e057 s0050/1030] loss = 0.000648
[e057 s0100/1030] loss = 0.001485
[e057 s0150/1030] loss = 0.001428
[e057 s0200/1030] loss = 0.001356
[e057 s0250/1030] loss = 0.001207
[e057 s0300/1030] loss = 0.001127
[e057 s0350/1030] loss = 0.001044
[e057 s0400/1030] loss = 0.001030
[e057 s0450/1030] loss = 0.001029
[e057 s0500/1030] loss = 0.000987
[e057 s0550/1030] loss = 0.000999
[e057 s0600/1030] loss = 0.000999
[e057 s0650/1030] loss = 0.001252
[e057 s0700/1030] loss = 0.001241
[e057 s0750/1030] loss = 0.001207
[e057 s0800/1030] loss = 0.001179
[e057 s0850/1030] loss = 0.001176
[e057 s0900/1030] loss = 0.001147
[e057 s0950/1030] loss = 0.001136
[e057 s1000/1030] loss = 0.001126
Epoch 057: train_loss = 0.001117  MAE/GAME0 = 5.927  RMSE = 9.557  GAME1 = 6.768  GAME2 = 7.757  GAME3 = 8.408  lr = 1.00e-05  time = 17.5s
[e058 s0001/1030] loss = 0.000027
[e058 s0050/1030] loss = 0.000423
[e058 s0100/1030] loss = 0.001060
[e058 s0150/1030] loss = 0.000932
[e058 s0200/1030] loss = 0.000918
[e058 s0250/1030] loss = 0.000951
[e058 s0300/1030] loss = 0.000968
[e058 s0350/1030] loss = 0.000965
[e058 s0400/1030] loss = 0.001001
[e058 s0450/1030] loss = 0.000942
[e058 s0500/1030] loss = 0.000922
[e058 s0550/1030] loss = 0.000925
[e058 s0600/1030] loss = 0.000920
[e058 s0650/1030] loss = 0.000953
[e058 s0700/1030] loss = 0.000971
[e058 s0750/1030] loss = 0.000956
[e058 s0800/1030] loss = 0.000915
[e058 s0850/1030] loss = 0.000942
[e058 s0900/1030] loss = 0.000928
[e058 s0950/1030] loss = 0.000908
[e058 s1000/1030] loss = 0.000893
Epoch 058: train_loss = 0.000887  MAE/GAME0 = 7.047  RMSE = 15.488  GAME1 = 7.881  GAME2 = 8.912  GAME3 = 9.724  lr = 1.00e-05  time = 17.5s
[e059 s0001/1030] loss = 0.000003
[e059 s0050/1030] loss = 0.000912
[e059 s0100/1030] loss = 0.000904
[e059 s0150/1030] loss = 0.001328
[e059 s0200/1030] loss = 0.002151
[e059 s0250/1030] loss = 0.001961
[e059 s0300/1030] loss = 0.001782
[e059 s0350/1030] loss = 0.001629
[e059 s0400/1030] loss = 0.001493
[e059 s0450/1030] loss = 0.001423
[e059 s0500/1030] loss = 0.001406
[e059 s0550/1030] loss = 0.001340
[e059 s0600/1030] loss = 0.001294
[e059 s0650/1030] loss = 0.001268
[e059 s0700/1030] loss = 0.001271
[e059 s0750/1030] loss = 0.001234
[e059 s0800/1030] loss = 0.001203
[e059 s0850/1030] loss = 0.001160
[e059 s0900/1030] loss = 0.001127
[e059 s0950/1030] loss = 0.001117
[e059 s1000/1030] loss = 0.001095
Epoch 059: train_loss = 0.001087  MAE/GAME0 = 5.955  RMSE = 14.721  GAME1 = 6.893  GAME2 = 7.979  GAME3 = 8.602  lr = 1.00e-05  time = 17.6s
[e060 s0001/1030] loss = 0.000025
[e060 s0050/1030] loss = 0.000677
[e060 s0100/1030] loss = 0.000574
[e060 s0150/1030] loss = 0.000837
[e060 s0200/1030] loss = 0.000831
[e060 s0250/1030] loss = 0.001341
[e060 s0300/1030] loss = 0.001251
[e060 s0350/1030] loss = 0.001142
[e060 s0400/1030] loss = 0.001103
[e060 s0450/1030] loss = 0.001064
[e060 s0500/1030] loss = 0.001018
[e060 s0550/1030] loss = 0.000995
[e060 s0600/1030] loss = 0.000982
[e060 s0650/1030] loss = 0.000954
[e060 s0700/1030] loss = 0.000976
[e060 s0750/1030] loss = 0.000982
[e060 s0800/1030] loss = 0.000999
[e060 s0850/1030] loss = 0.000966
[e060 s0900/1030] loss = 0.000940
[e060 s0950/1030] loss = 0.000925
[e060 s1000/1030] loss = 0.000906
Epoch 060: train_loss = 0.000895  MAE/GAME0 = 6.697  RMSE = 14.993  GAME1 = 7.555  GAME2 = 8.590  GAME3 = 9.314  lr = 1.00e-05  time = 17.5s
[e061 s0001/1030] loss = 0.000001
[e061 s0050/1030] loss = 0.000505
[e061 s0100/1030] loss = 0.000743
[e061 s0150/1030] loss = 0.000822
[e061 s0200/1030] loss = 0.000835
[e061 s0250/1030] loss = 0.000913
[e061 s0300/1030] loss = 0.000952
[e061 s0350/1030] loss = 0.000972
[e061 s0400/1030] loss = 0.000956
[e061 s0450/1030] loss = 0.000968
[e061 s0500/1030] loss = 0.000958
[e061 s0550/1030] loss = 0.000953
[e061 s0600/1030] loss = 0.000937
[e061 s0650/1030] loss = 0.000923
[e061 s0700/1030] loss = 0.000900
[e061 s0750/1030] loss = 0.000892
[e061 s0800/1030] loss = 0.000878
[e061 s0850/1030] loss = 0.000917
[e061 s0900/1030] loss = 0.000903
[e061 s0950/1030] loss = 0.000895
[e061 s1000/1030] loss = 0.000875
Epoch 061: train_loss = 0.000868  MAE/GAME0 = 7.767  RMSE = 9.909  GAME1 = 8.624  GAME2 = 9.616  GAME3 = 10.322  lr = 1.00e-05  time = 17.5s
[e062 s0001/1030] loss = 0.001370
[e062 s0050/1030] loss = 0.001552
[e062 s0100/1030] loss = 0.001346
[e062 s0150/1030] loss = 0.001100
[e062 s0200/1030] loss = 0.001005
[e062 s0250/1030] loss = 0.000997
[e062 s0300/1030] loss = 0.000986
[e062 s0350/1030] loss = 0.000941
[e062 s0400/1030] loss = 0.000906
[e062 s0450/1030] loss = 0.000909
[e062 s0500/1030] loss = 0.000894
[e062 s0550/1030] loss = 0.000898
[e062 s0600/1030] loss = 0.000916
[e062 s0650/1030] loss = 0.000900
[e062 s0700/1030] loss = 0.000868
[e062 s0750/1030] loss = 0.000902
[e062 s0800/1030] loss = 0.000878
[e062 s0850/1030] loss = 0.000860
[e062 s0900/1030] loss = 0.000845
[e062 s0950/1030] loss = 0.000901
[e062 s1000/1030] loss = 0.000891
Epoch 062: train_loss = 0.000882  MAE/GAME0 = 6.763  RMSE = 18.156  GAME1 = 7.669  GAME2 = 8.602  GAME3 = 9.228  lr = 1.00e-05  time = 17.5s
[e063 s0001/1030] loss = 0.000182
[e063 s0050/1030] loss = 0.000916
[e063 s0100/1030] loss = 0.000929
[e063 s0150/1030] loss = 0.000819
[e063 s0200/1030] loss = 0.000756
[e063 s0250/1030] loss = 0.000721
[e063 s0300/1030] loss = 0.000653
[e063 s0350/1030] loss = 0.000650
[e063 s0400/1030] loss = 0.000715
[e063 s0450/1030] loss = 0.000797
[e063 s0500/1030] loss = 0.000778
[e063 s0550/1030] loss = 0.000777
[e063 s0600/1030] loss = 0.000766
[e063 s0650/1030] loss = 0.000787
[e063 s0700/1030] loss = 0.000784
[e063 s0750/1030] loss = 0.000784
[e063 s0800/1030] loss = 0.000761
[e063 s0850/1030] loss = 0.000743
[e063 s0900/1030] loss = 0.000735
[e063 s0950/1030] loss = 0.000724
[e063 s1000/1030] loss = 0.000738
Epoch 063: train_loss = 0.000731  MAE/GAME0 = 7.866  RMSE = 12.319  GAME1 = 8.932  GAME2 = 10.037  GAME3 = 10.684  lr = 1.00e-05  time = 17.4s
[e064 s0001/1030] loss = 0.002683
[e064 s0050/1030] loss = 0.000779
[e064 s0100/1030] loss = 0.000879
[e064 s0150/1030] loss = 0.000930
[e064 s0200/1030] loss = 0.000961
[e064 s0250/1030] loss = 0.000975
[e064 s0300/1030] loss = 0.000989
[e064 s0350/1030] loss = 0.000993
[e064 s0400/1030] loss = 0.000932
[e064 s0450/1030] loss = 0.000922
[e064 s0500/1030] loss = 0.000979
[e064 s0550/1030] loss = 0.000960
[e064 s0600/1030] loss = 0.000991
[e064 s0650/1030] loss = 0.000951
[e064 s0700/1030] loss = 0.000939
[e064 s0750/1030] loss = 0.000925
[e064 s0800/1030] loss = 0.000915
[e064 s0850/1030] loss = 0.000897
[e064 s0900/1030] loss = 0.000882
[e064 s0950/1030] loss = 0.000879
[e064 s1000/1030] loss = 0.000862
Epoch 064: train_loss = 0.000854  MAE/GAME0 = 6.585  RMSE = 18.062  GAME1 = 7.671  GAME2 = 8.688  GAME3 = 9.328  lr = 1.00e-05  time = 17.3s
[e065 s0001/1030] loss = 0.000207
[e065 s0050/1030] loss = 0.000555
[e065 s0100/1030] loss = 0.000594
[e065 s0150/1030] loss = 0.000632
[e065 s0200/1030] loss = 0.000598
[e065 s0250/1030] loss = 0.000593
[e065 s0300/1030] loss = 0.000584
[e065 s0350/1030] loss = 0.000607
[e065 s0400/1030] loss = 0.000608
[e065 s0450/1030] loss = 0.000595
[e065 s0500/1030] loss = 0.000606
[e065 s0550/1030] loss = 0.000624
[e065 s0600/1030] loss = 0.000679
[e065 s0650/1030] loss = 0.000663
[e065 s0700/1030] loss = 0.000681
[e065 s0750/1030] loss = 0.000801
[e065 s0800/1030] loss = 0.000788
[e065 s0850/1030] loss = 0.000806
[e065 s0900/1030] loss = 0.000830
[e065 s0950/1030] loss = 0.000843
[e065 s1000/1030] loss = 0.000832
Epoch 065: train_loss = 0.000834  MAE/GAME0 = 7.881  RMSE = 15.947  GAME1 = 8.958  GAME2 = 10.080  GAME3 = 10.839  lr = 1.00e-05  time = 17.3s
[e066 s0001/1030] loss = 0.000331
[e066 s0050/1030] loss = 0.000833
[e066 s0100/1030] loss = 0.000646
[e066 s0150/1030] loss = 0.000829
[e066 s0200/1030] loss = 0.000799
[e066 s0250/1030] loss = 0.000840
[e066 s0300/1030] loss = 0.000871
[e066 s0350/1030] loss = 0.000822
[e066 s0400/1030] loss = 0.000814
[e066 s0450/1030] loss = 0.000790
[e066 s0500/1030] loss = 0.000794
[e066 s0550/1030] loss = 0.000792
[e066 s0600/1030] loss = 0.000794
[e066 s0650/1030] loss = 0.000778
[e066 s0700/1030] loss = 0.000858
[e066 s0750/1030] loss = 0.000881
[e066 s0800/1030] loss = 0.000950
[e066 s0850/1030] loss = 0.000946
[e066 s0900/1030] loss = 0.000960
[e066 s0950/1030] loss = 0.000945
[e066 s1000/1030] loss = 0.000933
Epoch 066: train_loss = 0.000937  MAE/GAME0 = 6.202  RMSE = 12.886  GAME1 = 7.289  GAME2 = 8.452  GAME3 = 9.218  lr = 1.00e-05  time = 17.5s
[e067 s0001/1030] loss = 0.000238
[e067 s0050/1030] loss = 0.002373
[e067 s0100/1030] loss = 0.001507
[e067 s0150/1030] loss = 0.001233
[e067 s0200/1030] loss = 0.001114
[e067 s0250/1030] loss = 0.001032
[e067 s0300/1030] loss = 0.001012
[e067 s0350/1030] loss = 0.000965
[e067 s0400/1030] loss = 0.000949
[e067 s0450/1030] loss = 0.000958
[e067 s0500/1030] loss = 0.000972
[e067 s0550/1030] loss = 0.000941
[e067 s0600/1030] loss = 0.000899
[e067 s0650/1030] loss = 0.000860
[e067 s0700/1030] loss = 0.000854
[e067 s0750/1030] loss = 0.000839
[e067 s0800/1030] loss = 0.000867
[e067 s0850/1030] loss = 0.000857
[e067 s0900/1030] loss = 0.000867
[e067 s0950/1030] loss = 0.000856
[e067 s1000/1030] loss = 0.000842
Epoch 067: train_loss = 0.000836  MAE/GAME0 = 6.487  RMSE = 12.143  GAME1 = 7.371  GAME2 = 8.366  GAME3 = 8.979  lr = 1.00e-05  time = 17.6s
[e068 s0001/1030] loss = 0.000310
[e068 s0050/1030] loss = 0.000718
[e068 s0100/1030] loss = 0.000776
[e068 s0150/1030] loss = 0.000799
[e068 s0200/1030] loss = 0.000846
[e068 s0250/1030] loss = 0.000773
[e068 s0300/1030] loss = 0.000739
[e068 s0350/1030] loss = 0.000783
[e068 s0400/1030] loss = 0.000778
[e068 s0450/1030] loss = 0.000823
[e068 s0500/1030] loss = 0.000827
[e068 s0550/1030] loss = 0.000806
[e068 s0600/1030] loss = 0.000830
[e068 s0650/1030] loss = 0.000870
[e068 s0700/1030] loss = 0.000846
[e068 s0750/1030] loss = 0.000835
[e068 s0800/1030] loss = 0.000840
[e068 s0850/1030] loss = 0.000827
[e068 s0900/1030] loss = 0.000804
[e068 s0950/1030] loss = 0.000792
[e068 s1000/1030] loss = 0.000812
Epoch 068: train_loss = 0.000802  MAE/GAME0 = 6.428  RMSE = 19.506  GAME1 = 7.336  GAME2 = 8.348  GAME3 = 9.094  lr = 1.00e-05  time = 17.5s
[e069 s0001/1030] loss = 0.000793
[e069 s0050/1030] loss = 0.000950
[e069 s0100/1030] loss = 0.000881
[e069 s0150/1030] loss = 0.001286
[e069 s0200/1030] loss = 0.001332
[e069 s0250/1030] loss = 0.001336
[e069 s0300/1030] loss = 0.001256
[e069 s0350/1030] loss = 0.001335
[e069 s0400/1030] loss = 0.001248
[e069 s0450/1030] loss = 0.001167
[e069 s0500/1030] loss = 0.001179
[e069 s0550/1030] loss = 0.001140
[e069 s0600/1030] loss = 0.001121
[e069 s0650/1030] loss = 0.001112
[e069 s0700/1030] loss = 0.001079
[e069 s0750/1030] loss = 0.001053
[e069 s0800/1030] loss = 0.001021
[e069 s0850/1030] loss = 0.001006
[e069 s0900/1030] loss = 0.000989
[e069 s0950/1030] loss = 0.000973
[e069 s1000/1030] loss = 0.000963
Epoch 069: train_loss = 0.001093  MAE/GAME0 = 8.037  RMSE = 14.860  GAME1 = 9.289  GAME2 = 10.395  GAME3 = 11.067  lr = 1.00e-05  time = 17.3s
[e070 s0001/1030] loss = 0.002416
[e070 s0050/1030] loss = 0.000892
[e070 s0100/1030] loss = 0.001043
[e070 s0150/1030] loss = 0.000953
[e070 s0200/1030] loss = 0.000938
[e070 s0250/1030] loss = 0.000889
[e070 s0300/1030] loss = 0.000818
[e070 s0350/1030] loss = 0.000779
[e070 s0400/1030] loss = 0.000855
[e070 s0450/1030] loss = 0.000933
[e070 s0500/1030] loss = 0.000909
[e070 s0550/1030] loss = 0.000898
[e070 s0600/1030] loss = 0.000947
[e070 s0650/1030] loss = 0.000934
[e070 s0700/1030] loss = 0.000933
[e070 s0750/1030] loss = 0.000920
[e070 s0800/1030] loss = 0.000991
[e070 s0850/1030] loss = 0.000991
[e070 s0900/1030] loss = 0.000986
[e070 s0950/1030] loss = 0.000959
[e070 s1000/1030] loss = 0.000934
Epoch 070: train_loss = 0.000945  MAE/GAME0 = 6.291  RMSE = 14.047  GAME1 = 7.326  GAME2 = 8.348  GAME3 = 9.083  lr = 1.00e-05  time = 17.6s
[e071 s0001/1030] loss = 0.000101
[e071 s0050/1030] loss = 0.000528
[e071 s0100/1030] loss = 0.000618
[e071 s0150/1030] loss = 0.000757
[e071 s0200/1030] loss = 0.000709
[e071 s0250/1030] loss = 0.000747
[e071 s0300/1030] loss = 0.000802
[e071 s0350/1030] loss = 0.000854
[e071 s0400/1030] loss = 0.000891
[e071 s0450/1030] loss = 0.000859
[e071 s0500/1030] loss = 0.000873
[e071 s0550/1030] loss = 0.000840
[e071 s0600/1030] loss = 0.000865
[e071 s0650/1030] loss = 0.000912
[e071 s0700/1030] loss = 0.000898
[e071 s0750/1030] loss = 0.000895
[e071 s0800/1030] loss = 0.000913
[e071 s0850/1030] loss = 0.000894
[e071 s0900/1030] loss = 0.000894
[e071 s0950/1030] loss = 0.000882
[e071 s1000/1030] loss = 0.000881
Epoch 071: train_loss = 0.000899  MAE/GAME0 = 11.171  RMSE = 16.007  GAME1 = 12.007  GAME2 = 13.110  GAME3 = 13.905  lr = 1.00e-05  time = 17.4s
[e072 s0001/1030] loss = 0.002426
[e072 s0050/1030] loss = 0.000780
[e072 s0100/1030] loss = 0.000783
[e072 s0150/1030] loss = 0.000816
[e072 s0200/1030] loss = 0.001417
[e072 s0250/1030] loss = 0.001294
[e072 s0300/1030] loss = 0.001228
[e072 s0350/1030] loss = 0.001239
[e072 s0400/1030] loss = 0.001184
[e072 s0450/1030] loss = 0.001112
[e072 s0500/1030] loss = 0.001074
[e072 s0550/1030] loss = 0.001051
[e072 s0600/1030] loss = 0.001059
[e072 s0650/1030] loss = 0.001027
[e072 s0700/1030] loss = 0.001034
[e072 s0750/1030] loss = 0.000997
[e072 s0800/1030] loss = 0.000984
[e072 s0850/1030] loss = 0.000952
[e072 s0900/1030] loss = 0.000917
[e072 s0950/1030] loss = 0.000899
[e072 s1000/1030] loss = 0.000895
Epoch 072: train_loss = 0.000904  MAE/GAME0 = 7.914  RMSE = 16.677  GAME1 = 8.897  GAME2 = 10.124  GAME3 = 10.912  lr = 1.00e-05  time = 17.2s
[e073 s0001/1030] loss = 0.000393
[e073 s0050/1030] loss = 0.000612
[e073 s0100/1030] loss = 0.000605
[e073 s0150/1030] loss = 0.000672
[e073 s0200/1030] loss = 0.000639
[e073 s0250/1030] loss = 0.000674
[e073 s0300/1030] loss = 0.000768
[e073 s0350/1030] loss = 0.000830
[e073 s0400/1030] loss = 0.000792
[e073 s0450/1030] loss = 0.000826
[e073 s0500/1030] loss = 0.000831
[e073 s0550/1030] loss = 0.000872
[e073 s0600/1030] loss = 0.000864
[e073 s0650/1030] loss = 0.000845
[e073 s0700/1030] loss = 0.000848
[e073 s0750/1030] loss = 0.000859
[e073 s0800/1030] loss = 0.000876
[e073 s0850/1030] loss = 0.000855
[e073 s0900/1030] loss = 0.000838
[e073 s0950/1030] loss = 0.000836
[e073 s1000/1030] loss = 0.000821
Epoch 073: train_loss = 0.000817  MAE/GAME0 = 6.469  RMSE = 16.807  GAME1 = 7.251  GAME2 = 8.294  GAME3 = 8.981  lr = 1.00e-05  time = 17.4s
[e074 s0001/1030] loss = 0.000710
[e074 s0050/1030] loss = 0.000541
[e074 s0100/1030] loss = 0.000738
[e074 s0150/1030] loss = 0.000625
[e074 s0200/1030] loss = 0.000878
[e074 s0250/1030] loss = 0.000881
[e074 s0300/1030] loss = 0.000914
[e074 s0350/1030] loss = 0.000935
[e074 s0400/1030] loss = 0.000944
[e074 s0450/1030] loss = 0.000947
[e074 s0500/1030] loss = 0.000934
[e074 s0550/1030] loss = 0.000953
[e074 s0600/1030] loss = 0.000922
[e074 s0650/1030] loss = 0.000920
[e074 s0700/1030] loss = 0.000900
[e074 s0750/1030] loss = 0.000930
[e074 s0800/1030] loss = 0.000904
[e074 s0850/1030] loss = 0.000916
[e074 s0900/1030] loss = 0.000902
[e074 s0950/1030] loss = 0.000987
[e074 s1000/1030] loss = 0.000995
Epoch 074: train_loss = 0.000985  MAE/GAME0 = 5.374  RMSE = 11.117  GAME1 = 6.363  GAME2 = 7.518  GAME3 = 8.291  lr = 1.00e-05  time = 17.3s
[e075 s0001/1030] loss = 0.000094
[e075 s0050/1030] loss = 0.000661
[e075 s0100/1030] loss = 0.000860
[e075 s0150/1030] loss = 0.000804
[e075 s0200/1030] loss = 0.000786
[e075 s0250/1030] loss = 0.000863
[e075 s0300/1030] loss = 0.000931
[e075 s0350/1030] loss = 0.000889
[e075 s0400/1030] loss = 0.001017
[e075 s0450/1030] loss = 0.001056
[e075 s0500/1030] loss = 0.001044
[e075 s0550/1030] loss = 0.001017
[e075 s0600/1030] loss = 0.000979
[e075 s0650/1030] loss = 0.000958
[e075 s0700/1030] loss = 0.000931
[e075 s0750/1030] loss = 0.000915
[e075 s0800/1030] loss = 0.000882
[e075 s0850/1030] loss = 0.000902
[e075 s0900/1030] loss = 0.000874
[e075 s0950/1030] loss = 0.000854
[e075 s1000/1030] loss = 0.000849
Epoch 075: train_loss = 0.000836  MAE/GAME0 = 6.984  RMSE = 16.212  GAME1 = 7.589  GAME2 = 8.320  GAME3 = 8.773  lr = 1.00e-05  time = 17.3s
[e076 s0001/1030] loss = 0.000212
[e076 s0050/1030] loss = 0.000916
[e076 s0100/1030] loss = 0.000862
[e076 s0150/1030] loss = 0.000865
[e076 s0200/1030] loss = 0.000904
[e076 s0250/1030] loss = 0.000887
[e076 s0300/1030] loss = 0.000885
[e076 s0350/1030] loss = 0.000889
[e076 s0400/1030] loss = 0.000859
[e076 s0450/1030] loss = 0.000821
[e076 s0500/1030] loss = 0.001034
[e076 s0550/1030] loss = 0.001077
[e076 s0600/1030] loss = 0.001073
[e076 s0650/1030] loss = 0.001056
[e076 s0700/1030] loss = 0.001124
[e076 s0750/1030] loss = 0.001120
[e076 s0800/1030] loss = 0.001093
[e076 s0850/1030] loss = 0.001138
[e076 s0900/1030] loss = 0.001108
[e076 s0950/1030] loss = 0.001088
[e076 s1000/1030] loss = 0.001062
Epoch 076: train_loss = 0.001059  MAE/GAME0 = 7.281  RMSE = 12.267  GAME1 = 8.050  GAME2 = 9.170  GAME3 = 9.894  lr = 1.00e-05  time = 17.4s
[e077 s0001/1030] loss = 0.000379
[e077 s0050/1030] loss = 0.000860
[e077 s0100/1030] loss = 0.000919
[e077 s0150/1030] loss = 0.001039
[e077 s0200/1030] loss = 0.001370
[e077 s0250/1030] loss = 0.001171
[e077 s0300/1030] loss = 0.001064
[e077 s0350/1030] loss = 0.000980
[e077 s0400/1030] loss = 0.000917
[e077 s0450/1030] loss = 0.000920
[e077 s0500/1030] loss = 0.000919
[e077 s0550/1030] loss = 0.000897
[e077 s0600/1030] loss = 0.000911
[e077 s0650/1030] loss = 0.000970
[e077 s0700/1030] loss = 0.000958
[e077 s0750/1030] loss = 0.000966
[e077 s0800/1030] loss = 0.001126
[e077 s0850/1030] loss = 0.001099
[e077 s0900/1030] loss = 0.001071
[e077 s0950/1030] loss = 0.001077
[e077 s1000/1030] loss = 0.001056
Epoch 077: train_loss = 0.001055  MAE/GAME0 = 9.848  RMSE = 16.049  GAME1 = 10.862  GAME2 = 11.865  GAME3 = 12.514  lr = 1.00e-05  time = 17.5s
[e078 s0001/1030] loss = 0.000305
[e078 s0050/1030] loss = 0.000838
[e078 s0100/1030] loss = 0.001702
[e078 s0150/1030] loss = 0.001588
[e078 s0200/1030] loss = 0.001332
[e078 s0250/1030] loss = 0.001151
[e078 s0300/1030] loss = 0.001107
[e078 s0350/1030] loss = 0.001044
[e078 s0400/1030] loss = 0.000972
[e078 s0450/1030] loss = 0.001047
[e078 s0500/1030] loss = 0.001017
[e078 s0550/1030] loss = 0.001121
[e078 s0600/1030] loss = 0.001109
[e078 s0650/1030] loss = 0.001063
[e078 s0700/1030] loss = 0.001053
[e078 s0750/1030] loss = 0.001014
[e078 s0800/1030] loss = 0.000989
[e078 s0850/1030] loss = 0.001013
[e078 s0900/1030] loss = 0.000988
[e078 s0950/1030] loss = 0.000959
[e078 s1000/1030] loss = 0.000933
Epoch 078: train_loss = 0.000925  MAE/GAME0 = 7.215  RMSE = 13.553  GAME1 = 8.470  GAME2 = 9.652  GAME3 = 10.300  lr = 1.00e-05  time = 17.2s
[e079 s0001/1030] loss = 0.000139
[e079 s0050/1030] loss = 0.000558
[e079 s0100/1030] loss = 0.000662
[e079 s0150/1030] loss = 0.000687
[e079 s0200/1030] loss = 0.000704
[e079 s0250/1030] loss = 0.000724
[e079 s0300/1030] loss = 0.000788
[e079 s0350/1030] loss = 0.000800
[e079 s0400/1030] loss = 0.000784
[e079 s0450/1030] loss = 0.000767
[e079 s0500/1030] loss = 0.000958
[e079 s0550/1030] loss = 0.000948
[e079 s0600/1030] loss = 0.000926
[e079 s0650/1030] loss = 0.000935
[e079 s0700/1030] loss = 0.000891
[e079 s0750/1030] loss = 0.000879
[e079 s0800/1030] loss = 0.000877
[e079 s0850/1030] loss = 0.000886
[e079 s0900/1030] loss = 0.000928
[e079 s0950/1030] loss = 0.000933
[e079 s1000/1030] loss = 0.000962
Epoch 079: train_loss = 0.000952  MAE/GAME0 = 6.941  RMSE = 15.151  GAME1 = 7.577  GAME2 = 8.340  GAME3 = 8.789  lr = 1.00e-05  time = 17.4s
[e080 s0001/1030] loss = 0.000270
[e080 s0050/1030] loss = 0.000654
[e080 s0100/1030] loss = 0.000619
[e080 s0150/1030] loss = 0.000705
[e080 s0200/1030] loss = 0.000650
[e080 s0250/1030] loss = 0.000702
[e080 s0300/1030] loss = 0.000682
[e080 s0350/1030] loss = 0.000645
[e080 s0400/1030] loss = 0.000696
[e080 s0450/1030] loss = 0.000682
[e080 s0500/1030] loss = 0.000669
[e080 s0550/1030] loss = 0.000800
[e080 s0600/1030] loss = 0.000766
[e080 s0650/1030] loss = 0.000771
[e080 s0700/1030] loss = 0.000752
[e080 s0750/1030] loss = 0.000740
[e080 s0800/1030] loss = 0.000737
[e080 s0850/1030] loss = 0.000743
[e080 s0900/1030] loss = 0.000795
[e080 s0950/1030] loss = 0.000812
[e080 s1000/1030] loss = 0.000810
Epoch 080: train_loss = 0.000799  MAE/GAME0 = 6.947  RMSE = 16.776  GAME1 = 7.777  GAME2 = 8.849  GAME3 = 9.545  lr = 1.00e-05  time = 17.4s
[e081 s0001/1030] loss = 0.000072
[e081 s0050/1030] loss = 0.000874
[e081 s0100/1030] loss = 0.000898
[e081 s0150/1030] loss = 0.000951
[e081 s0200/1030] loss = 0.000949
[e081 s0250/1030] loss = 0.000964
[e081 s0300/1030] loss = 0.000939
[e081 s0350/1030] loss = 0.000866
[e081 s0400/1030] loss = 0.000864
[e081 s0450/1030] loss = 0.000849
[e081 s0500/1030] loss = 0.000830
[e081 s0550/1030] loss = 0.000818
[e081 s0600/1030] loss = 0.000901
[e081 s0650/1030] loss = 0.000903
[e081 s0700/1030] loss = 0.000879
[e081 s0750/1030] loss = 0.000859
[e081 s0800/1030] loss = 0.000840
[e081 s0850/1030] loss = 0.000833
[e081 s0900/1030] loss = 0.000827
[e081 s0950/1030] loss = 0.000820
[e081 s1000/1030] loss = 0.000817
Epoch 081: train_loss = 0.000825  MAE/GAME0 = 8.319  RMSE = 18.486  GAME1 = 9.748  GAME2 = 11.023  GAME3 = 11.809  lr = 1.00e-05  time = 17.6s
[e082 s0001/1030] loss = 0.000133
[e082 s0050/1030] loss = 0.001214
[e082 s0100/1030] loss = 0.001045
[e082 s0150/1030] loss = 0.001082
[e082 s0200/1030] loss = 0.001561
[e082 s0250/1030] loss = 0.001362
[e082 s0300/1030] loss = 0.001219
[e082 s0350/1030] loss = 0.001131
[e082 s0400/1030] loss = 0.001071
[e082 s0450/1030] loss = 0.001050
[e082 s0500/1030] loss = 0.001059
[e082 s0550/1030] loss = 0.001308
[e082 s0600/1030] loss = 0.001249
[e082 s0650/1030] loss = 0.001206
[e082 s0700/1030] loss = 0.001165
[e082 s0750/1030] loss = 0.001138
[e082 s0800/1030] loss = 0.001092
[e082 s0850/1030] loss = 0.001067
[e082 s0900/1030] loss = 0.001038
[e082 s0950/1030] loss = 0.001022
[e082 s1000/1030] loss = 0.001006
Epoch 082: train_loss = 0.000987  MAE/GAME0 = 6.086  RMSE = 13.247  GAME1 = 7.172  GAME2 = 8.240  GAME3 = 8.963  lr = 1.00e-05  time = 17.3s
[e083 s0001/1030] loss = 0.000214
[e083 s0050/1030] loss = 0.000518
[e083 s0100/1030] loss = 0.000575
[e083 s0150/1030] loss = 0.000795
[e083 s0200/1030] loss = 0.000800
[e083 s0250/1030] loss = 0.000810
[e083 s0300/1030] loss = 0.000736
[e083 s0350/1030] loss = 0.000741
[e083 s0400/1030] loss = 0.000968
[e083 s0450/1030] loss = 0.000974
[e083 s0500/1030] loss = 0.000958
[e083 s0550/1030] loss = 0.000994
[e083 s0600/1030] loss = 0.000986
[e083 s0650/1030] loss = 0.000954
[e083 s0700/1030] loss = 0.000936
[e083 s0750/1030] loss = 0.000912
[e083 s0800/1030] loss = 0.000990
[e083 s0850/1030] loss = 0.000999
[e083 s0900/1030] loss = 0.000986
[e083 s0950/1030] loss = 0.000980
[e083 s1000/1030] loss = 0.000979
Epoch 083: train_loss = 0.000961  MAE/GAME0 = 7.702  RMSE = 19.898  GAME1 = 8.584  GAME2 = 9.418  GAME3 = 9.961  lr = 1.00e-05  time = 17.4s
[e084 s0001/1030] loss = 0.000073
[e084 s0050/1030] loss = 0.000320
[e084 s0100/1030] loss = 0.000346
[e084 s0150/1030] loss = 0.000603
[e084 s0200/1030] loss = 0.000614
[e084 s0250/1030] loss = 0.000698
[e084 s0300/1030] loss = 0.000734
[e084 s0350/1030] loss = 0.000702
[e084 s0400/1030] loss = 0.000722
[e084 s0450/1030] loss = 0.000719
[e084 s0500/1030] loss = 0.000704
[e084 s0550/1030] loss = 0.000686
[e084 s0600/1030] loss = 0.000712
[e084 s0650/1030] loss = 0.000709
[e084 s0700/1030] loss = 0.000700
[e084 s0750/1030] loss = 0.000690
[e084 s0800/1030] loss = 0.000704
[e084 s0850/1030] loss = 0.000692
[e084 s0900/1030] loss = 0.000688
[e084 s0950/1030] loss = 0.000734
[e084 s1000/1030] loss = 0.000804
Epoch 084: train_loss = 0.000804  MAE/GAME0 = 5.930  RMSE = 9.698  GAME1 = 6.775  GAME2 = 7.827  GAME3 = 8.419  lr = 1.00e-05  time = 17.7s
[e085 s0001/1030] loss = 0.000797
[e085 s0050/1030] loss = 0.000932
[e085 s0100/1030] loss = 0.000821
[e085 s0150/1030] loss = 0.000815
[e085 s0200/1030] loss = 0.000827
[e085 s0250/1030] loss = 0.000991
[e085 s0300/1030] loss = 0.001011
[e085 s0350/1030] loss = 0.000932
[e085 s0400/1030] loss = 0.000892
[e085 s0450/1030] loss = 0.000918
[e085 s0500/1030] loss = 0.000906
[e085 s0550/1030] loss = 0.000899
[e085 s0600/1030] loss = 0.000894
[e085 s0650/1030] loss = 0.000871
[e085 s0700/1030] loss = 0.000855
[e085 s0750/1030] loss = 0.000847
[e085 s0800/1030] loss = 0.000835
[e085 s0850/1030] loss = 0.000826
[e085 s0900/1030] loss = 0.000829
[e085 s0950/1030] loss = 0.000878
[e085 s1000/1030] loss = 0.000882
Epoch 085: train_loss = 0.000948  MAE/GAME0 = 5.236  RMSE = 7.986  GAME1 = 6.210  GAME2 = 7.266  GAME3 = 7.988  lr = 1.00e-05  time = 17.8s
[e086 s0001/1030] loss = 0.000039
[e086 s0050/1030] loss = 0.000861
[e086 s0100/1030] loss = 0.000761
[e086 s0150/1030] loss = 0.000702
[e086 s0200/1030] loss = 0.000642
[e086 s0250/1030] loss = 0.000635
[e086 s0300/1030] loss = 0.000723
[e086 s0350/1030] loss = 0.000708
[e086 s0400/1030] loss = 0.000948
[e086 s0450/1030] loss = 0.000942
[e086 s0500/1030] loss = 0.000915
[e086 s0550/1030] loss = 0.000934
[e086 s0600/1030] loss = 0.000916
[e086 s0650/1030] loss = 0.000899
[e086 s0700/1030] loss = 0.000885
[e086 s0750/1030] loss = 0.000860
[e086 s0800/1030] loss = 0.000846
[e086 s0850/1030] loss = 0.000860
[e086 s0900/1030] loss = 0.000846
[e086 s0950/1030] loss = 0.000835
[e086 s1000/1030] loss = 0.000827
Epoch 086: train_loss = 0.000823  MAE/GAME0 = 6.669  RMSE = 15.499  GAME1 = 7.427  GAME2 = 8.250  GAME3 = 8.845  lr = 1.00e-05  time = 17.3s
[e087 s0001/1030] loss = 0.000579
[e087 s0050/1030] loss = 0.000870
[e087 s0100/1030] loss = 0.001022
[e087 s0150/1030] loss = 0.001012
[e087 s0200/1030] loss = 0.000991
[e087 s0250/1030] loss = 0.000965
[e087 s0300/1030] loss = 0.000992
[e087 s0350/1030] loss = 0.000945
[e087 s0400/1030] loss = 0.000990
[e087 s0450/1030] loss = 0.001012
[e087 s0500/1030] loss = 0.001076
[e087 s0550/1030] loss = 0.001274
[e087 s0600/1030] loss = 0.001237
[e087 s0650/1030] loss = 0.001197
[e087 s0700/1030] loss = 0.001147
[e087 s0750/1030] loss = 0.001104
[e087 s0800/1030] loss = 0.001074
[e087 s0850/1030] loss = 0.001045
[e087 s0900/1030] loss = 0.001043
[e087 s0950/1030] loss = 0.001017
[e087 s1000/1030] loss = 0.001006
Epoch 087: train_loss = 0.000988  MAE/GAME0 = 6.183  RMSE = 13.115  GAME1 = 7.169  GAME2 = 8.201  GAME3 = 8.918  lr = 1.00e-05  time = 17.4s
[e088 s0001/1030] loss = 0.000216
[e088 s0050/1030] loss = 0.000587
[e088 s0100/1030] loss = 0.000545
[e088 s0150/1030] loss = 0.000610
[e088 s0200/1030] loss = 0.000627
[e088 s0250/1030] loss = 0.000656
[e088 s0300/1030] loss = 0.000748
[e088 s0350/1030] loss = 0.000722
[e088 s0400/1030] loss = 0.000849
[e088 s0450/1030] loss = 0.000867
[e088 s0500/1030] loss = 0.000871
[e088 s0550/1030] loss = 0.000848
[e088 s0600/1030] loss = 0.000821
[e088 s0650/1030] loss = 0.000815
[e088 s0700/1030] loss = 0.000827
[e088 s0750/1030] loss = 0.000812
[e088 s0800/1030] loss = 0.000793
[e088 s0850/1030] loss = 0.000899
[e088 s0900/1030] loss = 0.000919
[e088 s0950/1030] loss = 0.000959
[e088 s1000/1030] loss = 0.000953
Epoch 088: train_loss = 0.000943  MAE/GAME0 = 5.888  RMSE = 11.565  GAME1 = 6.758  GAME2 = 7.861  GAME3 = 8.477  lr = 1.00e-05  time = 17.6s
[e089 s0001/1030] loss = 0.000234
[e089 s0050/1030] loss = 0.000564
[e089 s0100/1030] loss = 0.000740
[e089 s0150/1030] loss = 0.000741
[e089 s0200/1030] loss = 0.000745
[e089 s0250/1030] loss = 0.000729
[e089 s0300/1030] loss = 0.001120
[e089 s0350/1030] loss = 0.001039
[e089 s0400/1030] loss = 0.001013
[e089 s0450/1030] loss = 0.001047
[e089 s0500/1030] loss = 0.001012
[e089 s0550/1030] loss = 0.000969
[e089 s0600/1030] loss = 0.000934
[e089 s0650/1030] loss = 0.000927
[e089 s0700/1030] loss = 0.000904
[e089 s0750/1030] loss = 0.000873
[e089 s0800/1030] loss = 0.000870
[e089 s0850/1030] loss = 0.000892
[e089 s0900/1030] loss = 0.000881
[e089 s0950/1030] loss = 0.000876
[e089 s1000/1030] loss = 0.000877
Epoch 089: train_loss = 0.000866  MAE/GAME0 = 5.298  RMSE = 8.989  GAME1 = 6.322  GAME2 = 7.371  GAME3 = 8.004  lr = 1.00e-05  time = 17.5s
[e090 s0001/1030] loss = 0.000189
[e090 s0050/1030] loss = 0.000535
[e090 s0100/1030] loss = 0.000804
[e090 s0150/1030] loss = 0.000819
[e090 s0200/1030] loss = 0.001030
[e090 s0250/1030] loss = 0.001015
[e090 s0300/1030] loss = 0.000949
[e090 s0350/1030] loss = 0.000962
[e090 s0400/1030] loss = 0.000958
[e090 s0450/1030] loss = 0.000997
[e090 s0500/1030] loss = 0.000991
[e090 s0550/1030] loss = 0.001054
[e090 s0600/1030] loss = 0.001003
[e090 s0650/1030] loss = 0.000969
[e090 s0700/1030] loss = 0.000956
[e090 s0750/1030] loss = 0.000956
[e090 s0800/1030] loss = 0.000928
[e090 s0850/1030] loss = 0.000935
[e090 s0900/1030] loss = 0.000943
[e090 s0950/1030] loss = 0.000945
[e090 s1000/1030] loss = 0.001003
Epoch 090: train_loss = 0.001002  MAE/GAME0 = 9.942  RMSE = 13.233  GAME1 = 10.644  GAME2 = 11.618  GAME3 = 12.506  lr = 1.00e-05  time = 17.5s
[e091 s0001/1030] loss = 0.000154
[e091 s0050/1030] loss = 0.000803
[e091 s0100/1030] loss = 0.000732
[e091 s0150/1030] loss = 0.000720
[e091 s0200/1030] loss = 0.000819
[e091 s0250/1030] loss = 0.000747
[e091 s0300/1030] loss = 0.000697
[e091 s0350/1030] loss = 0.000719
[e091 s0400/1030] loss = 0.000696
[e091 s0450/1030] loss = 0.000695
[e091 s0500/1030] loss = 0.000719
[e091 s0550/1030] loss = 0.000750
[e091 s0600/1030] loss = 0.000753
[e091 s0650/1030] loss = 0.000737
[e091 s0700/1030] loss = 0.000735
[e091 s0750/1030] loss = 0.000723
[e091 s0800/1030] loss = 0.000729
[e091 s0850/1030] loss = 0.000728
[e091 s0900/1030] loss = 0.000762
[e091 s0950/1030] loss = 0.000821
[e091 s1000/1030] loss = 0.000808
Epoch 091: train_loss = 0.000816  MAE/GAME0 = 7.993  RMSE = 11.034  GAME1 = 8.949  GAME2 = 10.019  GAME3 = 10.753  lr = 1.00e-05  time = 17.5s
[e092 s0001/1030] loss = 0.002469
[e092 s0050/1030] loss = 0.000972
[e092 s0100/1030] loss = 0.001297
[e092 s0150/1030] loss = 0.002347
[e092 s0200/1030] loss = 0.001957
[e092 s0250/1030] loss = 0.001829
[e092 s0300/1030] loss = 0.001619
[e092 s0350/1030] loss = 0.001557
[e092 s0400/1030] loss = 0.001520
[e092 s0450/1030] loss = 0.001402
[e092 s0500/1030] loss = 0.001307
[e092 s0550/1030] loss = 0.001258
[e092 s0600/1030] loss = 0.001194
[e092 s0650/1030] loss = 0.001160
[e092 s0700/1030] loss = 0.001149
[e092 s0750/1030] loss = 0.001139
[e092 s0800/1030] loss = 0.001093
[e092 s0850/1030] loss = 0.001090
[e092 s0900/1030] loss = 0.001073
[e092 s0950/1030] loss = 0.001061
[e092 s1000/1030] loss = 0.001059
Epoch 092: train_loss = 0.001041  MAE/GAME0 = 5.908  RMSE = 10.546  GAME1 = 6.667  GAME2 = 7.607  GAME3 = 8.163  lr = 1.00e-05  time = 17.7s
[e093 s0001/1030] loss = 0.000922
[e093 s0050/1030] loss = 0.000991
[e093 s0100/1030] loss = 0.000781
[e093 s0150/1030] loss = 0.000731
[e093 s0200/1030] loss = 0.000742
[e093 s0250/1030] loss = 0.000955
[e093 s0300/1030] loss = 0.001041
[e093 s0350/1030] loss = 0.000986
[e093 s0400/1030] loss = 0.000966
[e093 s0450/1030] loss = 0.000926
[e093 s0500/1030] loss = 0.000889
[e093 s0550/1030] loss = 0.000871
[e093 s0600/1030] loss = 0.000853
[e093 s0650/1030] loss = 0.000865
[e093 s0700/1030] loss = 0.000852
[e093 s0750/1030] loss = 0.000836
[e093 s0800/1030] loss = 0.000824
[e093 s0850/1030] loss = 0.000827
[e093 s0900/1030] loss = 0.000825
[e093 s0950/1030] loss = 0.000808
[e093 s1000/1030] loss = 0.000802
Epoch 093: train_loss = 0.000806  MAE/GAME0 = 4.936  RMSE = 9.183  GAME1 = 6.038  GAME2 = 7.211  GAME3 = 7.867  lr = 1.00e-05  time = 17.4s
[e094 s0001/1030] loss = 0.000103
[e094 s0050/1030] loss = 0.001086
[e094 s0100/1030] loss = 0.000815
[e094 s0150/1030] loss = 0.000744
[e094 s0200/1030] loss = 0.001781
[e094 s0250/1030] loss = 0.001567
[e094 s0300/1030] loss = 0.001555
[e094 s0350/1030] loss = 0.001540
[e094 s0400/1030] loss = 0.001416
[e094 s0450/1030] loss = 0.001321
[e094 s0500/1030] loss = 0.001267
[e094 s0550/1030] loss = 0.001277
[e094 s0600/1030] loss = 0.001222
[e094 s0650/1030] loss = 0.001191
[e094 s0700/1030] loss = 0.001180
[e094 s0750/1030] loss = 0.001148
[e094 s0800/1030] loss = 0.001208
[e094 s0850/1030] loss = 0.001171
[e094 s0900/1030] loss = 0.001131
[e094 s0950/1030] loss = 0.001095
[e094 s1000/1030] loss = 0.001107
Epoch 094: train_loss = 0.001110  MAE/GAME0 = 6.496  RMSE = 10.846  GAME1 = 7.362  GAME2 = 8.297  GAME3 = 8.944  lr = 1.00e-05  time = 17.4s
[e095 s0001/1030] loss = 0.000393
[e095 s0050/1030] loss = 0.001804
[e095 s0100/1030] loss = 0.001211
[e095 s0150/1030] loss = 0.001018
[e095 s0200/1030] loss = 0.000922
[e095 s0250/1030] loss = 0.000857
[e095 s0300/1030] loss = 0.000877
[e095 s0350/1030] loss = 0.000910
[e095 s0400/1030] loss = 0.000943
[e095 s0450/1030] loss = 0.000972
[e095 s0500/1030] loss = 0.000958
[e095 s0550/1030] loss = 0.000952
[e095 s0600/1030] loss = 0.000945
[e095 s0650/1030] loss = 0.000909
[e095 s0700/1030] loss = 0.000894
[e095 s0750/1030] loss = 0.000918
[e095 s0800/1030] loss = 0.001010
[e095 s0850/1030] loss = 0.000986
[e095 s0900/1030] loss = 0.001001
[e095 s0950/1030] loss = 0.001010
[e095 s1000/1030] loss = 0.000999
Epoch 095: train_loss = 0.001011  MAE/GAME0 = 6.427  RMSE = 16.334  GAME1 = 7.417  GAME2 = 8.266  GAME3 = 8.845  lr = 1.00e-05  time = 17.4s
[e096 s0001/1030] loss = 0.000078
[e096 s0050/1030] loss = 0.000401
[e096 s0100/1030] loss = 0.000437
[e096 s0150/1030] loss = 0.000566
[e096 s0200/1030] loss = 0.000557
[e096 s0250/1030] loss = 0.000549
[e096 s0300/1030] loss = 0.000744
[e096 s0350/1030] loss = 0.000896
[e096 s0400/1030] loss = 0.000857
[e096 s0450/1030] loss = 0.000872
[e096 s0500/1030] loss = 0.000870
[e096 s0550/1030] loss = 0.000931
[e096 s0600/1030] loss = 0.001001
[e096 s0650/1030] loss = 0.000984
[e096 s0700/1030] loss = 0.000974
[e096 s0750/1030] loss = 0.000990
[e096 s0800/1030] loss = 0.000979
[e096 s0850/1030] loss = 0.000966
[e096 s0900/1030] loss = 0.000958
[e096 s0950/1030] loss = 0.000957
[e096 s1000/1030] loss = 0.000964
Epoch 096: train_loss = 0.000946  MAE/GAME0 = 6.100  RMSE = 11.046  GAME1 = 6.924  GAME2 = 7.765  GAME3 = 8.275  lr = 1.00e-05  time = 17.2s
[e097 s0001/1030] loss = 0.000424
[e097 s0050/1030] loss = 0.000662
[e097 s0100/1030] loss = 0.000696
[e097 s0150/1030] loss = 0.000727
[e097 s0200/1030] loss = 0.000730
[e097 s0250/1030] loss = 0.000846
[e097 s0300/1030] loss = 0.000857
[e097 s0350/1030] loss = 0.000956
[e097 s0400/1030] loss = 0.000931
[e097 s0450/1030] loss = 0.000913
[e097 s0500/1030] loss = 0.000881
[e097 s0550/1030] loss = 0.000923
[e097 s0600/1030] loss = 0.000905
[e097 s0650/1030] loss = 0.000923
[e097 s0700/1030] loss = 0.001060
[e097 s0750/1030] loss = 0.001050
[e097 s0800/1030] loss = 0.001028
[e097 s0850/1030] loss = 0.001009
[e097 s0900/1030] loss = 0.000995
[e097 s0950/1030] loss = 0.000969
[e097 s1000/1030] loss = 0.000950
Epoch 097: train_loss = 0.000940  MAE/GAME0 = 6.423  RMSE = 11.522  GAME1 = 7.437  GAME2 = 8.553  GAME3 = 9.323  lr = 1.00e-05  time = 17.5s
[e098 s0001/1030] loss = 0.000086
[e098 s0050/1030] loss = 0.000879
[e098 s0100/1030] loss = 0.001223
[e098 s0150/1030] loss = 0.000967
[e098 s0200/1030] loss = 0.001093
[e098 s0250/1030] loss = 0.001058
[e098 s0300/1030] loss = 0.000978
[e098 s0350/1030] loss = 0.000920
[e098 s0400/1030] loss = 0.000857
[e098 s0450/1030] loss = 0.000849
[e098 s0500/1030] loss = 0.000903
[e098 s0550/1030] loss = 0.000917
[e098 s0600/1030] loss = 0.000883
[e098 s0650/1030] loss = 0.000860
[e098 s0700/1030] loss = 0.000842
[e098 s0750/1030] loss = 0.000860
[e098 s0800/1030] loss = 0.000844
[e098 s0850/1030] loss = 0.000838
[e098 s0900/1030] loss = 0.000834
[e098 s0950/1030] loss = 0.000838
[e098 s1000/1030] loss = 0.000888
Epoch 098: train_loss = 0.000894  MAE/GAME0 = 7.162  RMSE = 10.961  GAME1 = 8.066  GAME2 = 9.043  GAME3 = 9.791  lr = 1.00e-05  time = 17.7s
[e099 s0001/1030] loss = 0.000862
[e099 s0050/1030] loss = 0.000459
[e099 s0100/1030] loss = 0.000493
[e099 s0150/1030] loss = 0.000537
[e099 s0200/1030] loss = 0.001178
[e099 s0250/1030] loss = 0.001102
[e099 s0300/1030] loss = 0.001005
[e099 s0350/1030] loss = 0.000971
[e099 s0400/1030] loss = 0.001009
[e099 s0450/1030] loss = 0.001014
[e099 s0500/1030] loss = 0.000976
[e099 s0550/1030] loss = 0.000942
[e099 s0600/1030] loss = 0.001220
[e099 s0650/1030] loss = 0.001161
[e099 s0700/1030] loss = 0.001177
[e099 s0750/1030] loss = 0.001135
[e099 s0800/1030] loss = 0.001120
[e099 s0850/1030] loss = 0.001089
[e099 s0900/1030] loss = 0.001063
[e099 s0950/1030] loss = 0.001041
[e099 s1000/1030] loss = 0.001066
Epoch 099: train_loss = 0.001051  MAE/GAME0 = 5.926  RMSE = 9.365  GAME1 = 6.972  GAME2 = 8.063  GAME3 = 8.794  lr = 1.00e-05  time = 17.4s
[e100 s0001/1030] loss = 0.000035
[e100 s0050/1030] loss = 0.000596
[e100 s0100/1030] loss = 0.000556
[e100 s0150/1030] loss = 0.000612
[e100 s0200/1030] loss = 0.000607
[e100 s0250/1030] loss = 0.000599
[e100 s0300/1030] loss = 0.000819
[e100 s0350/1030] loss = 0.000847
[e100 s0400/1030] loss = 0.000817
[e100 s0450/1030] loss = 0.000779
[e100 s0500/1030] loss = 0.000782
[e100 s0550/1030] loss = 0.000760
[e100 s0600/1030] loss = 0.000728
[e100 s0650/1030] loss = 0.000762
[e100 s0700/1030] loss = 0.000798
[e100 s0750/1030] loss = 0.000799
[e100 s0800/1030] loss = 0.000821
[e100 s0850/1030] loss = 0.000835
[e100 s0900/1030] loss = 0.000832
[e100 s0950/1030] loss = 0.000847
[e100 s1000/1030] loss = 0.000961
Epoch 100: train_loss = 0.000973  MAE/GAME0 = 5.617  RMSE = 13.908  GAME1 = 6.427  GAME2 = 7.423  GAME3 = 8.060  lr = 1.00e-05  time = 17.5s
[done] best_mae = 4.768  best_path = /scratch/users/ntu/kenneth0/FYP-SmartObjectCounter/outputs/rgbt_adaptive_late_e100_sanity/12749741.pbs101_20260117_014100/best.pth
