[log] /scratch/users/ntu/kenneth0/FYP-SmartObjectCounter/logs/train_rgbt_early_e100_sanity_12791904.pbs101_20260126_171243.log
[job] name=train_rgbt_early_e100_sanity id=12791904.pbs101 host=x1000c3s3b0n1 time=Mon Jan 26 17:12:43 +08 2026
torch 2.6.0+cu118 cuda True
[init] device = cuda
[init] train = 1030  val = 200  workers = 4
/scratch/users/ntu/kenneth0/FYP-SmartObjectCounter/scripts/train_rgbt.py:384: FutureWarning: `torch.cuda.amp.GradScaler(args...)` is deprecated. Please use `torch.amp.GradScaler('cuda', args...)` instead.
  scaler = GradScaler(enabled = bool(args.amp))
[e001 s0001/1030] loss = 1336.484619
[e001 s0050/1030] loss = 53.032016
[e001 s0100/1030] loss = 26.618654
[e001 s0150/1030] loss = 17.797231
[e001 s0200/1030] loss = 13.378807
[e001 s0250/1030] loss = 10.724015
[e001 s0300/1030] loss = 8.948034
[e001 s0350/1030] loss = 7.679780
[e001 s0400/1030] loss = 6.726415
[e001 s0450/1030] loss = 5.986764
[e001 s0500/1030] loss = 5.392693
[e001 s0550/1030] loss = 4.906548
[e001 s0600/1030] loss = 4.500818
[e001 s0650/1030] loss = 4.157306
[e001 s0700/1030] loss = 3.863179
[e001 s0750/1030] loss = 3.609570
[e001 s0800/1030] loss = 3.385833
[e001 s0850/1030] loss = 3.188737
[e001 s0900/1030] loss = 3.012888
[e001 s0950/1030] loss = 2.855979
[e001 s1000/1030] loss = 2.714526
Epoch 001: train_loss = 2.636368  MAE/GAME0 = 22.041  RMSE = 41.383  GAME1 = 23.198  GAME2 = 24.283  GAME3 = 24.553  lr = 1.00e-05  time = 17.1s
[e002 s0001/1030] loss = 0.001051
[e002 s0050/1030] loss = 0.021503
[e002 s0100/1030] loss = 0.020254
[e002 s0150/1030] loss = 0.023536
[e002 s0200/1030] loss = 0.023824
[e002 s0250/1030] loss = 0.024243
[e002 s0300/1030] loss = 0.025837
[e002 s0350/1030] loss = 0.026231
[e002 s0400/1030] loss = 0.025745
[e002 s0450/1030] loss = 0.026660
[e002 s0500/1030] loss = 0.026693
[e002 s0550/1030] loss = 0.025985
[e002 s0600/1030] loss = 0.025415
[e002 s0650/1030] loss = 0.025296
[e002 s0700/1030] loss = 0.025306
[e002 s0750/1030] loss = 0.024649
[e002 s0800/1030] loss = 0.024584
[e002 s0850/1030] loss = 0.024601
[e002 s0900/1030] loss = 0.024351
[e002 s0950/1030] loss = 0.024243
[e002 s1000/1030] loss = 0.024240
Epoch 002: train_loss = 0.024150  MAE/GAME0 = 22.956  RMSE = 42.028  GAME1 = 23.259  GAME2 = 23.567  GAME3 = 23.621  lr = 1.00e-05  time = 7.8s
[e003 s0001/1030] loss = 0.019798
[e003 s0050/1030] loss = 0.017058
[e003 s0100/1030] loss = 0.019581
[e003 s0150/1030] loss = 0.020584
[e003 s0200/1030] loss = 0.025440
[e003 s0250/1030] loss = 0.023169
[e003 s0300/1030] loss = 0.023369
[e003 s0350/1030] loss = 0.022620
[e003 s0400/1030] loss = 0.023397
[e003 s0450/1030] loss = 0.023107
[e003 s0500/1030] loss = 0.022687
[e003 s0550/1030] loss = 0.021932
[e003 s0600/1030] loss = 0.021757
[e003 s0650/1030] loss = 0.021392
[e003 s0700/1030] loss = 0.021528
[e003 s0750/1030] loss = 0.021404
[e003 s0800/1030] loss = 0.021352
[e003 s0850/1030] loss = 0.021667
[e003 s0900/1030] loss = 0.021906
[e003 s0950/1030] loss = 0.022031
[e003 s1000/1030] loss = 0.021886
Epoch 003: train_loss = 0.021929  MAE/GAME0 = 23.171  RMSE = 42.171  GAME1 = 23.281  GAME2 = 23.386  GAME3 = 23.388  lr = 1.00e-05  time = 7.6s
[e004 s0001/1030] loss = 0.003103
[e004 s0050/1030] loss = 0.019853
[e004 s0100/1030] loss = 0.020545
[e004 s0150/1030] loss = 0.021066
[e004 s0200/1030] loss = 0.020939
[e004 s0250/1030] loss = 0.019877
[e004 s0300/1030] loss = 0.020547
[e004 s0350/1030] loss = 0.021493
[e004 s0400/1030] loss = 0.021170
[e004 s0450/1030] loss = 0.021006
[e004 s0500/1030] loss = 0.020542
[e004 s0550/1030] loss = 0.020286
[e004 s0600/1030] loss = 0.020630
[e004 s0650/1030] loss = 0.021083
[e004 s0700/1030] loss = 0.020428
[e004 s0750/1030] loss = 0.020718
[e004 s0800/1030] loss = 0.020817
[e004 s0850/1030] loss = 0.021144
[e004 s0900/1030] loss = 0.021078
[e004 s0950/1030] loss = 0.021579
[e004 s1000/1030] loss = 0.021840
Epoch 004: train_loss = 0.021995  MAE/GAME0 = 23.214  RMSE = 42.193  GAME1 = 23.283  GAME2 = 23.349  GAME3 = 23.350  lr = 1.00e-05  time = 7.5s
[e005 s0001/1030] loss = 0.004229
[e005 s0050/1030] loss = 0.018746
[e005 s0100/1030] loss = 0.017902
[e005 s0150/1030] loss = 0.019283
[e005 s0200/1030] loss = 0.018915
[e005 s0250/1030] loss = 0.020104
[e005 s0300/1030] loss = 0.019492
[e005 s0350/1030] loss = 0.018888
[e005 s0400/1030] loss = 0.020036
[e005 s0450/1030] loss = 0.019704
[e005 s0500/1030] loss = 0.019728
[e005 s0550/1030] loss = 0.019619
[e005 s0600/1030] loss = 0.019309
[e005 s0650/1030] loss = 0.019626
[e005 s0700/1030] loss = 0.019562
[e005 s0750/1030] loss = 0.019684
[e005 s0800/1030] loss = 0.019201
[e005 s0850/1030] loss = 0.019235
[e005 s0900/1030] loss = 0.019216
[e005 s0950/1030] loss = 0.019153
[e005 s1000/1030] loss = 0.019416
Epoch 005: train_loss = 0.019300  MAE/GAME0 = 23.222  RMSE = 42.202  GAME1 = 23.270  GAME2 = 23.320  GAME3 = 23.320  lr = 1.00e-05  time = 7.6s
[e006 s0001/1030] loss = 0.001051
[e006 s0050/1030] loss = 0.016857
[e006 s0100/1030] loss = 0.018018
[e006 s0150/1030] loss = 0.018313
[e006 s0200/1030] loss = 0.018984
[e006 s0250/1030] loss = 0.018627
[e006 s0300/1030] loss = 0.018468
[e006 s0350/1030] loss = 0.018541
[e006 s0400/1030] loss = 0.021121
[e006 s0450/1030] loss = 0.020667
[e006 s0500/1030] loss = 0.020381
[e006 s0550/1030] loss = 0.020401
[e006 s0600/1030] loss = 0.020063
[e006 s0650/1030] loss = 0.021213
[e006 s0700/1030] loss = 0.021497
[e006 s0750/1030] loss = 0.021831
[e006 s0800/1030] loss = 0.022056
[e006 s0850/1030] loss = 0.021660
[e006 s0900/1030] loss = 0.021716
[e006 s0950/1030] loss = 0.021992
[e006 s1000/1030] loss = 0.022152
Epoch 006: train_loss = 0.022156  MAE/GAME0 = 23.228  RMSE = 42.222  GAME1 = 23.250  GAME2 = 23.293  GAME3 = 23.293  lr = 1.00e-05  time = 7.8s
[e007 s0001/1030] loss = 0.071252
[e007 s0050/1030] loss = 0.023662
[e007 s0100/1030] loss = 0.023236
[e007 s0150/1030] loss = 0.021240
[e007 s0200/1030] loss = 0.021017
[e007 s0250/1030] loss = 0.021488
[e007 s0300/1030] loss = 0.021212
[e007 s0350/1030] loss = 0.022304
[e007 s0400/1030] loss = 0.023009
[e007 s0450/1030] loss = 0.023769
[e007 s0500/1030] loss = 0.023469
[e007 s0550/1030] loss = 0.023306
[e007 s0600/1030] loss = 0.022830
[e007 s0650/1030] loss = 0.022388
[e007 s0700/1030] loss = 0.021902
[e007 s0750/1030] loss = 0.021629
[e007 s0800/1030] loss = 0.021278
[e007 s0850/1030] loss = 0.021124
[e007 s0900/1030] loss = 0.021266
[e007 s0950/1030] loss = 0.021366
[e007 s1000/1030] loss = 0.021439
Epoch 007: train_loss = 0.021343  MAE/GAME0 = 23.254  RMSE = 42.247  GAME1 = 23.254  GAME2 = 23.261  GAME3 = 23.261  lr = 1.00e-05  time = 7.7s
[e008 s0001/1030] loss = 0.040083
[e008 s0050/1030] loss = 0.016561
[e008 s0100/1030] loss = 0.018835
[e008 s0150/1030] loss = 0.020788
[e008 s0200/1030] loss = 0.020192
[e008 s0250/1030] loss = 0.020024
[e008 s0300/1030] loss = 0.020483
[e008 s0350/1030] loss = 0.020155
[e008 s0400/1030] loss = 0.019858
[e008 s0450/1030] loss = 0.021026
[e008 s0500/1030] loss = 0.020718
[e008 s0550/1030] loss = 0.020474
[e008 s0600/1030] loss = 0.020423
[e008 s0650/1030] loss = 0.020973
[e008 s0700/1030] loss = 0.021029
[e008 s0750/1030] loss = 0.020797
[e008 s0800/1030] loss = 0.020830
[e008 s0850/1030] loss = 0.020533
[e008 s0900/1030] loss = 0.020650
[e008 s0950/1030] loss = 0.020515
[e008 s1000/1030] loss = 0.020207
Epoch 008: train_loss = 0.020204  MAE/GAME0 = 23.245  RMSE = 42.248  GAME1 = 23.245  GAME2 = 23.245  GAME3 = 23.245  lr = 1.00e-05  time = 7.7s
[e009 s0001/1030] loss = 0.020019
[e009 s0050/1030] loss = 0.021736
[e009 s0100/1030] loss = 0.026250
[e009 s0150/1030] loss = 0.026900
[e009 s0200/1030] loss = 0.026395
[e009 s0250/1030] loss = 0.023319
[e009 s0300/1030] loss = 0.022930
[e009 s0350/1030] loss = 0.022025
[e009 s0400/1030] loss = 0.022326
[e009 s0450/1030] loss = 0.022214
[e009 s0500/1030] loss = 0.022009
[e009 s0550/1030] loss = 0.021954
[e009 s0600/1030] loss = 0.021596
[e009 s0650/1030] loss = 0.021096
[e009 s0700/1030] loss = 0.020687
[e009 s0750/1030] loss = 0.020779
[e009 s0800/1030] loss = 0.020394
[e009 s0850/1030] loss = 0.020539
[e009 s0900/1030] loss = 0.020323
[e009 s0950/1030] loss = 0.019982
[e009 s1000/1030] loss = 0.020016
Epoch 009: train_loss = 0.020138  MAE/GAME0 = 23.245  RMSE = 42.248  GAME1 = 23.245  GAME2 = 23.245  GAME3 = 23.245  lr = 1.00e-05  time = 7.7s
[e010 s0001/1030] loss = 0.007485
[e010 s0050/1030] loss = 0.022085
[e010 s0100/1030] loss = 0.021245
[e010 s0150/1030] loss = 0.022003
[e010 s0200/1030] loss = 0.021064
[e010 s0250/1030] loss = 0.022167
[e010 s0300/1030] loss = 0.021607
[e010 s0350/1030] loss = 0.021010
[e010 s0400/1030] loss = 0.021298
[e010 s0450/1030] loss = 0.022223
[e010 s0500/1030] loss = 0.021881
[e010 s0550/1030] loss = 0.021497
[e010 s0600/1030] loss = 0.021272
[e010 s0650/1030] loss = 0.021485
[e010 s0700/1030] loss = 0.021557
[e010 s0750/1030] loss = 0.021033
[e010 s0800/1030] loss = 0.020788
[e010 s0850/1030] loss = 0.020836
[e010 s0900/1030] loss = 0.021125
[e010 s0950/1030] loss = 0.021345
[e010 s1000/1030] loss = 0.021109
Epoch 010: train_loss = 0.021053  MAE/GAME0 = 23.245  RMSE = 42.248  GAME1 = 23.245  GAME2 = 23.245  GAME3 = 23.245  lr = 1.00e-05  time = 7.7s
[e011 s0001/1030] loss = 0.009225
[e011 s0050/1030] loss = 0.016392
[e011 s0100/1030] loss = 0.018656
[e011 s0150/1030] loss = 0.019547
[e011 s0200/1030] loss = 0.021404
[e011 s0250/1030] loss = 0.019813
[e011 s0300/1030] loss = 0.019337
[e011 s0350/1030] loss = 0.019611
[e011 s0400/1030] loss = 0.020260
[e011 s0450/1030] loss = 0.019734
[e011 s0500/1030] loss = 0.019428
[e011 s0550/1030] loss = 0.019487
[e011 s0600/1030] loss = 0.019076
[e011 s0650/1030] loss = 0.019076
[e011 s0700/1030] loss = 0.019301
[e011 s0750/1030] loss = 0.019370
[e011 s0800/1030] loss = 0.019292
[e011 s0850/1030] loss = 0.019419
[e011 s0900/1030] loss = 0.020117
[e011 s0950/1030] loss = 0.020999
[e011 s1000/1030] loss = 0.020792
Epoch 011: train_loss = 0.020642  MAE/GAME0 = 23.245  RMSE = 42.248  GAME1 = 23.245  GAME2 = 23.245  GAME3 = 23.245  lr = 1.00e-05  time = 7.7s
[e012 s0001/1030] loss = 0.000000
[e012 s0050/1030] loss = 0.015749
[e012 s0100/1030] loss = 0.015931
[e012 s0150/1030] loss = 0.019597
[e012 s0200/1030] loss = 0.019173
[e012 s0250/1030] loss = 0.019577
[e012 s0300/1030] loss = 0.019447
[e012 s0350/1030] loss = 0.019119
[e012 s0400/1030] loss = 0.018864
[e012 s0450/1030] loss = 0.019360
[e012 s0500/1030] loss = 0.019285
[e012 s0550/1030] loss = 0.019645
[e012 s0600/1030] loss = 0.020156
[e012 s0650/1030] loss = 0.020768
[e012 s0700/1030] loss = 0.020877
[e012 s0750/1030] loss = 0.020762
[e012 s0800/1030] loss = 0.020750
[e012 s0850/1030] loss = 0.021008
[e012 s0900/1030] loss = 0.020772
[e012 s0950/1030] loss = 0.020659
[e012 s1000/1030] loss = 0.020667
Epoch 012: train_loss = 0.020693  MAE/GAME0 = 23.243  RMSE = 42.247  GAME1 = 23.243  GAME2 = 23.247  GAME3 = 23.247  lr = 1.00e-05  time = 7.7s
[e013 s0001/1030] loss = 0.072376
[e013 s0050/1030] loss = 0.023989
[e013 s0100/1030] loss = 0.018243
[e013 s0150/1030] loss = 0.016690
[e013 s0200/1030] loss = 0.016905
[e013 s0250/1030] loss = 0.018550
[e013 s0300/1030] loss = 0.019680
[e013 s0350/1030] loss = 0.020116
[e013 s0400/1030] loss = 0.019733
[e013 s0450/1030] loss = 0.019397
[e013 s0500/1030] loss = 0.019181
[e013 s0550/1030] loss = 0.018828
[e013 s0600/1030] loss = 0.018586
[e013 s0650/1030] loss = 0.019711
[e013 s0700/1030] loss = 0.019666
[e013 s0750/1030] loss = 0.019570
[e013 s0800/1030] loss = 0.019529
[e013 s0850/1030] loss = 0.019576
[e013 s0900/1030] loss = 0.019692
[e013 s0950/1030] loss = 0.019892
[e013 s1000/1030] loss = 0.019678
Epoch 013: train_loss = 0.020353  MAE/GAME0 = 23.245  RMSE = 42.248  GAME1 = 23.245  GAME2 = 23.245  GAME3 = 23.245  lr = 1.00e-05  time = 7.8s
[e014 s0001/1030] loss = 0.010873
[e014 s0050/1030] loss = 0.014280
[e014 s0100/1030] loss = 0.018022
[e014 s0150/1030] loss = 0.018881
[e014 s0200/1030] loss = 0.016878
[e014 s0250/1030] loss = 0.016789
[e014 s0300/1030] loss = 0.017039
[e014 s0350/1030] loss = 0.018463
[e014 s0400/1030] loss = 0.019881
[e014 s0450/1030] loss = 0.019600
[e014 s0500/1030] loss = 0.019403
[e014 s0550/1030] loss = 0.020261
[e014 s0600/1030] loss = 0.020967
[e014 s0650/1030] loss = 0.020952
[e014 s0700/1030] loss = 0.020901
[e014 s0750/1030] loss = 0.021011
[e014 s0800/1030] loss = 0.021574
[e014 s0850/1030] loss = 0.021263
[e014 s0900/1030] loss = 0.020991
[e014 s0950/1030] loss = 0.021542
[e014 s1000/1030] loss = 0.021515
Epoch 014: train_loss = 0.021703  MAE/GAME0 = 23.245  RMSE = 42.248  GAME1 = 23.245  GAME2 = 23.245  GAME3 = 23.245  lr = 1.00e-05  time = 7.9s
[e015 s0001/1030] loss = 0.001052
[e015 s0050/1030] loss = 0.016845
[e015 s0100/1030] loss = 0.022023
[e015 s0150/1030] loss = 0.021885
[e015 s0200/1030] loss = 0.020915
[e015 s0250/1030] loss = 0.021135
[e015 s0300/1030] loss = 0.020455
[e015 s0350/1030] loss = 0.021151
[e015 s0400/1030] loss = 0.020963
[e015 s0450/1030] loss = 0.020788
[e015 s0500/1030] loss = 0.020889
[e015 s0550/1030] loss = 0.021265
[e015 s0600/1030] loss = 0.020934
[e015 s0650/1030] loss = 0.020677
[e015 s0700/1030] loss = 0.020961
[e015 s0750/1030] loss = 0.021156
[e015 s0800/1030] loss = 0.020998
[e015 s0850/1030] loss = 0.021422
[e015 s0900/1030] loss = 0.021553
[e015 s0950/1030] loss = 0.021648
[e015 s1000/1030] loss = 0.021445
Epoch 015: train_loss = 0.021564  MAE/GAME0 = 23.245  RMSE = 42.248  GAME1 = 23.245  GAME2 = 23.245  GAME3 = 23.245  lr = 1.00e-05  time = 7.8s
[e016 s0001/1030] loss = 0.005232
[e016 s0050/1030] loss = 0.017418
[e016 s0100/1030] loss = 0.016982
[e016 s0150/1030] loss = 0.021856
[e016 s0200/1030] loss = 0.023850
[e016 s0250/1030] loss = 0.023011
[e016 s0300/1030] loss = 0.021942
[e016 s0350/1030] loss = 0.022560
[e016 s0400/1030] loss = 0.023053
[e016 s0450/1030] loss = 0.023131
[e016 s0500/1030] loss = 0.023085
[e016 s0550/1030] loss = 0.022843
[e016 s0600/1030] loss = 0.022455
[e016 s0650/1030] loss = 0.021866
[e016 s0700/1030] loss = 0.022280
[e016 s0750/1030] loss = 0.022014
[e016 s0800/1030] loss = 0.021528
[e016 s0850/1030] loss = 0.021307
[e016 s0900/1030] loss = 0.021263
[e016 s0950/1030] loss = 0.021371
[e016 s1000/1030] loss = 0.021204
Epoch 016: train_loss = 0.021034  MAE/GAME0 = 23.239  RMSE = 42.247  GAME1 = 23.239  GAME2 = 23.251  GAME3 = 23.251  lr = 1.00e-05  time = 7.7s
[e017 s0001/1030] loss = 0.032088
[e017 s0050/1030] loss = 0.020510
[e017 s0100/1030] loss = 0.021680
[e017 s0150/1030] loss = 0.022865
[e017 s0200/1030] loss = 0.020712
[e017 s0250/1030] loss = 0.019828
[e017 s0300/1030] loss = 0.019662
[e017 s0350/1030] loss = 0.019346
[e017 s0400/1030] loss = 0.019580
[e017 s0450/1030] loss = 0.019691
[e017 s0500/1030] loss = 0.020553
[e017 s0550/1030] loss = 0.020159
[e017 s0600/1030] loss = 0.020058
[e017 s0650/1030] loss = 0.020093
[e017 s0700/1030] loss = 0.020023
[e017 s0750/1030] loss = 0.020072
[e017 s0800/1030] loss = 0.020234
[e017 s0850/1030] loss = 0.020013
[e017 s0900/1030] loss = 0.020553
[e017 s0950/1030] loss = 0.020455
[e017 s1000/1030] loss = 0.020430
Epoch 017: train_loss = 0.020257  MAE/GAME0 = 23.245  RMSE = 42.248  GAME1 = 23.245  GAME2 = 23.245  GAME3 = 23.245  lr = 1.00e-05  time = 7.8s
[e018 s0001/1030] loss = 0.002061
[e018 s0050/1030] loss = 0.021129
[e018 s0100/1030] loss = 0.021972
[e018 s0150/1030] loss = 0.020487
[e018 s0200/1030] loss = 0.021062
[e018 s0250/1030] loss = 0.021034
[e018 s0300/1030] loss = 0.022311
[e018 s0350/1030] loss = 0.021557
[e018 s0400/1030] loss = 0.020866
[e018 s0450/1030] loss = 0.020998
[e018 s0500/1030] loss = 0.021033
[e018 s0550/1030] loss = 0.021254
[e018 s0600/1030] loss = 0.020907
[e018 s0650/1030] loss = 0.020830
[e018 s0700/1030] loss = 0.020978
[e018 s0750/1030] loss = 0.020378
[e018 s0800/1030] loss = 0.020309
[e018 s0850/1030] loss = 0.020222
[e018 s0900/1030] loss = 0.020010
[e018 s0950/1030] loss = 0.019873
[e018 s1000/1030] loss = 0.019902
Epoch 018: train_loss = 0.020370  MAE/GAME0 = 23.245  RMSE = 42.248  GAME1 = 23.245  GAME2 = 23.245  GAME3 = 23.245  lr = 1.00e-05  time = 7.6s
[e019 s0001/1030] loss = 0.027308
[e019 s0050/1030] loss = 0.018558
[e019 s0100/1030] loss = 0.020120
[e019 s0150/1030] loss = 0.021148
[e019 s0200/1030] loss = 0.019821
[e019 s0250/1030] loss = 0.021783
[e019 s0300/1030] loss = 0.021314
[e019 s0350/1030] loss = 0.021165
[e019 s0400/1030] loss = 0.021634
[e019 s0450/1030] loss = 0.021895
[e019 s0500/1030] loss = 0.021211
[e019 s0550/1030] loss = 0.020639
[e019 s0600/1030] loss = 0.020112
[e019 s0650/1030] loss = 0.019706
[e019 s0700/1030] loss = 0.019462
[e019 s0750/1030] loss = 0.019874
[e019 s0800/1030] loss = 0.019689
[e019 s0850/1030] loss = 0.019943
[e019 s0900/1030] loss = 0.020103
[e019 s0950/1030] loss = 0.020112
[e019 s1000/1030] loss = 0.019919
Epoch 019: train_loss = 0.019769  MAE/GAME0 = 23.245  RMSE = 42.248  GAME1 = 23.245  GAME2 = 23.245  GAME3 = 23.245  lr = 1.00e-05  time = 7.8s
[e020 s0001/1030] loss = 0.025778
[e020 s0050/1030] loss = 0.019559
[e020 s0100/1030] loss = 0.020347
[e020 s0150/1030] loss = 0.019713
[e020 s0200/1030] loss = 0.019203
[e020 s0250/1030] loss = 0.021472
[e020 s0300/1030] loss = 0.020869
[e020 s0350/1030] loss = 0.021290
[e020 s0400/1030] loss = 0.021263
[e020 s0450/1030] loss = 0.021437
[e020 s0500/1030] loss = 0.020386
[e020 s0550/1030] loss = 0.021041
[e020 s0600/1030] loss = 0.021142
[e020 s0650/1030] loss = 0.021095
[e020 s0700/1030] loss = 0.020619
[e020 s0750/1030] loss = 0.020647
[e020 s0800/1030] loss = 0.020698
[e020 s0850/1030] loss = 0.020521
[e020 s0900/1030] loss = 0.020351
[e020 s0950/1030] loss = 0.020213
[e020 s1000/1030] loss = 0.020226
Epoch 020: train_loss = 0.020440  MAE/GAME0 = 23.245  RMSE = 42.248  GAME1 = 23.245  GAME2 = 23.245  GAME3 = 23.245  lr = 1.00e-05  time = 7.6s
[e021 s0001/1030] loss = 0.015887
[e021 s0050/1030] loss = 0.018597
[e021 s0100/1030] loss = 0.019178
[e021 s0150/1030] loss = 0.019311
[e021 s0200/1030] loss = 0.019806
[e021 s0250/1030] loss = 0.020563
[e021 s0300/1030] loss = 0.020867
[e021 s0350/1030] loss = 0.019824
[e021 s0400/1030] loss = 0.020443
[e021 s0450/1030] loss = 0.020928
[e021 s0500/1030] loss = 0.020636
[e021 s0550/1030] loss = 0.020634
[e021 s0600/1030] loss = 0.020204
[e021 s0650/1030] loss = 0.020254
[e021 s0700/1030] loss = 0.020314
[e021 s0750/1030] loss = 0.019835
[e021 s0800/1030] loss = 0.019829
[e021 s0850/1030] loss = 0.021255
[e021 s0900/1030] loss = 0.021233
[e021 s0950/1030] loss = 0.020919
[e021 s1000/1030] loss = 0.021789
Epoch 021: train_loss = 0.021580  MAE/GAME0 = 23.245  RMSE = 42.248  GAME1 = 23.245  GAME2 = 23.245  GAME3 = 23.245  lr = 1.00e-05  time = 7.8s
[e022 s0001/1030] loss = 0.042697
[e022 s0050/1030] loss = 0.013392
[e022 s0100/1030] loss = 0.014871
[e022 s0150/1030] loss = 0.016908
[e022 s0200/1030] loss = 0.018771
[e022 s0250/1030] loss = 0.019269
[e022 s0300/1030] loss = 0.019848
[e022 s0350/1030] loss = 0.020901
[e022 s0400/1030] loss = 0.021457
[e022 s0450/1030] loss = 0.021374
[e022 s0500/1030] loss = 0.022227
[e022 s0550/1030] loss = 0.022421
[e022 s0600/1030] loss = 0.022698
[e022 s0650/1030] loss = 0.022199
[e022 s0700/1030] loss = 0.021913
[e022 s0750/1030] loss = 0.021527
[e022 s0800/1030] loss = 0.021273
[e022 s0850/1030] loss = 0.021058
[e022 s0900/1030] loss = 0.020859
[e022 s0950/1030] loss = 0.020605
[e022 s1000/1030] loss = 0.020513
Epoch 022: train_loss = 0.020320  MAE/GAME0 = 23.245  RMSE = 42.248  GAME1 = 23.245  GAME2 = 23.245  GAME3 = 23.245  lr = 1.00e-05  time = 7.7s
[e023 s0001/1030] loss = 0.016948
[e023 s0050/1030] loss = 0.016226
[e023 s0100/1030] loss = 0.018826
[e023 s0150/1030] loss = 0.019462
[e023 s0200/1030] loss = 0.020136
[e023 s0250/1030] loss = 0.020132
[e023 s0300/1030] loss = 0.020067
[e023 s0350/1030] loss = 0.020246
[e023 s0400/1030] loss = 0.020155
[e023 s0450/1030] loss = 0.020037
[e023 s0500/1030] loss = 0.019741
[e023 s0550/1030] loss = 0.019847
[e023 s0600/1030] loss = 0.020732
[e023 s0650/1030] loss = 0.020393
[e023 s0700/1030] loss = 0.020846
[e023 s0750/1030] loss = 0.021050
[e023 s0800/1030] loss = 0.020974
[e023 s0850/1030] loss = 0.020938
[e023 s0900/1030] loss = 0.020948
[e023 s0950/1030] loss = 0.020947
[e023 s1000/1030] loss = 0.021005
Epoch 023: train_loss = 0.021050  MAE/GAME0 = 23.245  RMSE = 42.248  GAME1 = 23.245  GAME2 = 23.245  GAME3 = 23.245  lr = 1.00e-05  time = 7.8s
[e024 s0001/1030] loss = 0.033767
[e024 s0050/1030] loss = 0.022933
[e024 s0100/1030] loss = 0.022443
[e024 s0150/1030] loss = 0.020674
[e024 s0200/1030] loss = 0.020898
[e024 s0250/1030] loss = 0.020546
[e024 s0300/1030] loss = 0.021389
[e024 s0350/1030] loss = 0.020814
[e024 s0400/1030] loss = 0.021083
[e024 s0450/1030] loss = 0.020964
[e024 s0500/1030] loss = 0.020605
[e024 s0550/1030] loss = 0.020245
[e024 s0600/1030] loss = 0.020041
[e024 s0650/1030] loss = 0.019915
[e024 s0700/1030] loss = 0.019632
[e024 s0750/1030] loss = 0.019628
[e024 s0800/1030] loss = 0.019962
[e024 s0850/1030] loss = 0.019842
[e024 s0900/1030] loss = 0.019964
[e024 s0950/1030] loss = 0.020011
[e024 s1000/1030] loss = 0.019695
Epoch 024: train_loss = 0.019604  MAE/GAME0 = 23.245  RMSE = 42.248  GAME1 = 23.245  GAME2 = 23.245  GAME3 = 23.245  lr = 1.00e-05  time = 7.9s
[e025 s0001/1030] loss = 0.003115
[e025 s0050/1030] loss = 0.014845
[e025 s0100/1030] loss = 0.016761
[e025 s0150/1030] loss = 0.017957
[e025 s0200/1030] loss = 0.017315
[e025 s0250/1030] loss = 0.019113
[e025 s0300/1030] loss = 0.018769
[e025 s0350/1030] loss = 0.019891
[e025 s0400/1030] loss = 0.019197
[e025 s0450/1030] loss = 0.018925
[e025 s0500/1030] loss = 0.018679
[e025 s0550/1030] loss = 0.018321
[e025 s0600/1030] loss = 0.018532
[e025 s0650/1030] loss = 0.018091
[e025 s0700/1030] loss = 0.018023
[e025 s0750/1030] loss = 0.018011
[e025 s0800/1030] loss = 0.018026
[e025 s0850/1030] loss = 0.018174
[e025 s0900/1030] loss = 0.018111
[e025 s0950/1030] loss = 0.018079
[e025 s1000/1030] loss = 0.018351
Epoch 025: train_loss = 0.019360  MAE/GAME0 = 23.245  RMSE = 42.248  GAME1 = 23.245  GAME2 = 23.245  GAME3 = 23.245  lr = 1.00e-05  time = 7.7s
[e026 s0001/1030] loss = 0.006239
[e026 s0050/1030] loss = 0.022950
[e026 s0100/1030] loss = 0.020887
[e026 s0150/1030] loss = 0.020164
[e026 s0200/1030] loss = 0.019907
[e026 s0250/1030] loss = 0.020473
[e026 s0300/1030] loss = 0.022055
[e026 s0350/1030] loss = 0.021129
[e026 s0400/1030] loss = 0.021763
[e026 s0450/1030] loss = 0.021683
[e026 s0500/1030] loss = 0.021964
[e026 s0550/1030] loss = 0.021608
[e026 s0600/1030] loss = 0.021012
[e026 s0650/1030] loss = 0.021026
[e026 s0700/1030] loss = 0.020928
[e026 s0750/1030] loss = 0.021337
[e026 s0800/1030] loss = 0.020915
[e026 s0850/1030] loss = 0.020858
[e026 s0900/1030] loss = 0.020696
[e026 s0950/1030] loss = 0.020521
[e026 s1000/1030] loss = 0.020223
Epoch 026: train_loss = 0.020389  MAE/GAME0 = 23.245  RMSE = 42.248  GAME1 = 23.245  GAME2 = 23.245  GAME3 = 23.245  lr = 1.00e-05  time = 7.7s
[e027 s0001/1030] loss = 0.017836
[e027 s0050/1030] loss = 0.021881
[e027 s0100/1030] loss = 0.019851
[e027 s0150/1030] loss = 0.019126
[e027 s0200/1030] loss = 0.018410
[e027 s0250/1030] loss = 0.019025
[e027 s0300/1030] loss = 0.019937
[e027 s0350/1030] loss = 0.020036
[e027 s0400/1030] loss = 0.020430
[e027 s0450/1030] loss = 0.020107
[e027 s0500/1030] loss = 0.020620
[e027 s0550/1030] loss = 0.020591
[e027 s0600/1030] loss = 0.020649
[e027 s0650/1030] loss = 0.021196
[e027 s0700/1030] loss = 0.021058
[e027 s0750/1030] loss = 0.021018
[e027 s0800/1030] loss = 0.020982
[e027 s0850/1030] loss = 0.020487
[e027 s0900/1030] loss = 0.020658
[e027 s0950/1030] loss = 0.021205
[e027 s1000/1030] loss = 0.021091
Epoch 027: train_loss = 0.021479  MAE/GAME0 = 23.245  RMSE = 42.248  GAME1 = 23.245  GAME2 = 23.245  GAME3 = 23.245  lr = 1.00e-05  time = 7.7s
[e028 s0001/1030] loss = 0.009569
[e028 s0050/1030] loss = 0.022882
[e028 s0100/1030] loss = 0.020856
[e028 s0150/1030] loss = 0.018395
[e028 s0200/1030] loss = 0.019092
[e028 s0250/1030] loss = 0.018926
[e028 s0300/1030] loss = 0.019421
[e028 s0350/1030] loss = 0.020040
[e028 s0400/1030] loss = 0.020062
[e028 s0450/1030] loss = 0.020036
[e028 s0500/1030] loss = 0.020014
[e028 s0550/1030] loss = 0.019720
[e028 s0600/1030] loss = 0.019625
[e028 s0650/1030] loss = 0.019320
[e028 s0700/1030] loss = 0.020775
[e028 s0750/1030] loss = 0.020583
[e028 s0800/1030] loss = 0.020883
[e028 s0850/1030] loss = 0.020676
[e028 s0900/1030] loss = 0.020515
[e028 s0950/1030] loss = 0.020474
[e028 s1000/1030] loss = 0.020449
Epoch 028: train_loss = 0.020517  MAE/GAME0 = 23.245  RMSE = 42.248  GAME1 = 23.245  GAME2 = 23.245  GAME3 = 23.245  lr = 1.00e-05  time = 7.6s
[e029 s0001/1030] loss = 0.014260
[e029 s0050/1030] loss = 0.022947
[e029 s0100/1030] loss = 0.019906
[e029 s0150/1030] loss = 0.019580
[e029 s0200/1030] loss = 0.020152
[e029 s0250/1030] loss = 0.021337
[e029 s0300/1030] loss = 0.021126
[e029 s0350/1030] loss = 0.020458
[e029 s0400/1030] loss = 0.020444
[e029 s0450/1030] loss = 0.020315
[e029 s0500/1030] loss = 0.020156
[e029 s0550/1030] loss = 0.019887
[e029 s0600/1030] loss = 0.019297
[e029 s0650/1030] loss = 0.021757
[e029 s0700/1030] loss = 0.022100
[e029 s0750/1030] loss = 0.021904
[e029 s0800/1030] loss = 0.021793
[e029 s0850/1030] loss = 0.021382
[e029 s0900/1030] loss = 0.021209
[e029 s0950/1030] loss = 0.020967
[e029 s1000/1030] loss = 0.020988
Epoch 029: train_loss = 0.020992  MAE/GAME0 = 23.245  RMSE = 42.248  GAME1 = 23.245  GAME2 = 23.245  GAME3 = 23.245  lr = 1.00e-05  time = 7.8s
[e030 s0001/1030] loss = 0.022517
[e030 s0050/1030] loss = 0.022832
[e030 s0100/1030] loss = 0.021542
[e030 s0150/1030] loss = 0.023664
[e030 s0200/1030] loss = 0.023744
[e030 s0250/1030] loss = 0.024878
[e030 s0300/1030] loss = 0.024025
[e030 s0350/1030] loss = 0.023182
[e030 s0400/1030] loss = 0.022814
[e030 s0450/1030] loss = 0.022040
[e030 s0500/1030] loss = 0.021449
[e030 s0550/1030] loss = 0.021213
[e030 s0600/1030] loss = 0.021148
[e030 s0650/1030] loss = 0.020445
[e030 s0700/1030] loss = 0.020312
[e030 s0750/1030] loss = 0.020961
[e030 s0800/1030] loss = 0.021797
[e030 s0850/1030] loss = 0.021935
[e030 s0900/1030] loss = 0.021609
[e030 s0950/1030] loss = 0.021694
[e030 s1000/1030] loss = 0.021440
Epoch 030: train_loss = 0.021850  MAE/GAME0 = 23.245  RMSE = 42.248  GAME1 = 23.245  GAME2 = 23.245  GAME3 = 23.245  lr = 1.00e-05  time = 7.8s
[e031 s0001/1030] loss = 0.021395
[e031 s0050/1030] loss = 0.018754
[e031 s0100/1030] loss = 0.019052
[e031 s0150/1030] loss = 0.017550
[e031 s0200/1030] loss = 0.019036
[e031 s0250/1030] loss = 0.018406
[e031 s0300/1030] loss = 0.018442
[e031 s0350/1030] loss = 0.018482
[e031 s0400/1030] loss = 0.018482
[e031 s0450/1030] loss = 0.018802
[e031 s0500/1030] loss = 0.018502
[e031 s0550/1030] loss = 0.019027
[e031 s0600/1030] loss = 0.019140
[e031 s0650/1030] loss = 0.018989
[e031 s0700/1030] loss = 0.018852
[e031 s0750/1030] loss = 0.019473
[e031 s0800/1030] loss = 0.020961
[e031 s0850/1030] loss = 0.020869
[e031 s0900/1030] loss = 0.021198
[e031 s0950/1030] loss = 0.021329
[e031 s1000/1030] loss = 0.021193
Epoch 031: train_loss = 0.021150  MAE/GAME0 = 23.245  RMSE = 42.248  GAME1 = 23.245  GAME2 = 23.245  GAME3 = 23.245  lr = 1.00e-05  time = 7.8s
[e032 s0001/1030] loss = 0.038826
[e032 s0050/1030] loss = 0.022371
[e032 s0100/1030] loss = 0.024367
[e032 s0150/1030] loss = 0.022678
[e032 s0200/1030] loss = 0.022680
[e032 s0250/1030] loss = 0.022210
[e032 s0300/1030] loss = 0.021814
[e032 s0350/1030] loss = 0.021746
[e032 s0400/1030] loss = 0.021737
[e032 s0450/1030] loss = 0.022225
[e032 s0500/1030] loss = 0.021820
[e032 s0550/1030] loss = 0.021074
[e032 s0600/1030] loss = 0.021243
[e032 s0650/1030] loss = 0.021207
[e032 s0700/1030] loss = 0.021117
[e032 s0750/1030] loss = 0.021764
[e032 s0800/1030] loss = 0.021433
[e032 s0850/1030] loss = 0.021357
[e032 s0900/1030] loss = 0.021185
[e032 s0950/1030] loss = 0.021327
[e032 s1000/1030] loss = 0.021087
Epoch 032: train_loss = 0.020903  MAE/GAME0 = 23.245  RMSE = 42.248  GAME1 = 23.245  GAME2 = 23.245  GAME3 = 23.245  lr = 1.00e-05  time = 7.9s
[e033 s0001/1030] loss = 0.028466
[e033 s0050/1030] loss = 0.016453
[e033 s0100/1030] loss = 0.016981
[e033 s0150/1030] loss = 0.016439
[e033 s0200/1030] loss = 0.016565
[e033 s0250/1030] loss = 0.016876
[e033 s0300/1030] loss = 0.016833
[e033 s0350/1030] loss = 0.017077
[e033 s0400/1030] loss = 0.017680
[e033 s0450/1030] loss = 0.019899
[e033 s0500/1030] loss = 0.019693
[e033 s0550/1030] loss = 0.020048
[e033 s0600/1030] loss = 0.019562
[e033 s0650/1030] loss = 0.019571
[e033 s0700/1030] loss = 0.019092
[e033 s0750/1030] loss = 0.019333
[e033 s0800/1030] loss = 0.019210
[e033 s0850/1030] loss = 0.019196
[e033 s0900/1030] loss = 0.019405
[e033 s0950/1030] loss = 0.019073
[e033 s1000/1030] loss = 0.019614
Epoch 033: train_loss = 0.019523  MAE/GAME0 = 23.245  RMSE = 42.248  GAME1 = 23.245  GAME2 = 23.245  GAME3 = 23.245  lr = 1.00e-05  time = 7.8s
[e034 s0001/1030] loss = 0.001051
[e034 s0050/1030] loss = 0.017019
[e034 s0100/1030] loss = 0.020858
[e034 s0150/1030] loss = 0.019872
[e034 s0200/1030] loss = 0.019717
[e034 s0250/1030] loss = 0.019291
[e034 s0300/1030] loss = 0.019707
[e034 s0350/1030] loss = 0.020754
[e034 s0400/1030] loss = 0.020535
[e034 s0450/1030] loss = 0.020071
[e034 s0500/1030] loss = 0.020299
[e034 s0550/1030] loss = 0.020739
[e034 s0600/1030] loss = 0.021081
[e034 s0650/1030] loss = 0.020525
[e034 s0700/1030] loss = 0.020764
[e034 s0750/1030] loss = 0.020948
[e034 s0800/1030] loss = 0.020601
[e034 s0850/1030] loss = 0.020454
[e034 s0900/1030] loss = 0.020524
[e034 s0950/1030] loss = 0.020302
[e034 s1000/1030] loss = 0.020237
Epoch 034: train_loss = 0.020212  MAE/GAME0 = 23.245  RMSE = 42.248  GAME1 = 23.245  GAME2 = 23.245  GAME3 = 23.245  lr = 1.00e-05  time = 7.7s
[e035 s0001/1030] loss = 0.039223
[e035 s0050/1030] loss = 0.022310
[e035 s0100/1030] loss = 0.023098
[e035 s0150/1030] loss = 0.021288
[e035 s0200/1030] loss = 0.021297
[e035 s0250/1030] loss = 0.022186
[e035 s0300/1030] loss = 0.021390
[e035 s0350/1030] loss = 0.023228
[e035 s0400/1030] loss = 0.022117
[e035 s0450/1030] loss = 0.021936
[e035 s0500/1030] loss = 0.021667
[e035 s0550/1030] loss = 0.021494
[e035 s0600/1030] loss = 0.021095
[e035 s0650/1030] loss = 0.021146
[e035 s0700/1030] loss = 0.020855
[e035 s0750/1030] loss = 0.020617
[e035 s0800/1030] loss = 0.020532
[e035 s0850/1030] loss = 0.020478
[e035 s0900/1030] loss = 0.020615
[e035 s0950/1030] loss = 0.020553
[e035 s1000/1030] loss = 0.020915
Epoch 035: train_loss = 0.020951  MAE/GAME0 = 23.245  RMSE = 42.248  GAME1 = 23.245  GAME2 = 23.245  GAME3 = 23.245  lr = 1.00e-05  time = 7.7s
[e036 s0001/1030] loss = 0.004131
[e036 s0050/1030] loss = 0.029556
[e036 s0100/1030] loss = 0.025031
[e036 s0150/1030] loss = 0.022914
[e036 s0200/1030] loss = 0.021704
[e036 s0250/1030] loss = 0.023905
[e036 s0300/1030] loss = 0.022774
[e036 s0350/1030] loss = 0.021898
[e036 s0400/1030] loss = 0.021429
[e036 s0450/1030] loss = 0.021594
[e036 s0500/1030] loss = 0.021793
[e036 s0550/1030] loss = 0.022361
[e036 s0600/1030] loss = 0.022159
[e036 s0650/1030] loss = 0.021886
[e036 s0700/1030] loss = 0.021776
[e036 s0750/1030] loss = 0.021835
[e036 s0800/1030] loss = 0.021572
[e036 s0850/1030] loss = 0.021372
[e036 s0900/1030] loss = 0.021571
[e036 s0950/1030] loss = 0.021175
[e036 s1000/1030] loss = 0.020974
Epoch 036: train_loss = 0.020882  MAE/GAME0 = 23.245  RMSE = 42.248  GAME1 = 23.245  GAME2 = 23.245  GAME3 = 23.245  lr = 1.00e-05  time = 7.7s
[e037 s0001/1030] loss = 0.007390
[e037 s0050/1030] loss = 0.012277
[e037 s0100/1030] loss = 0.016021
[e037 s0150/1030] loss = 0.016600
[e037 s0200/1030] loss = 0.018326
[e037 s0250/1030] loss = 0.018731
[e037 s0300/1030] loss = 0.018401
[e037 s0350/1030] loss = 0.018733
[e037 s0400/1030] loss = 0.019501
[e037 s0450/1030] loss = 0.018636
[e037 s0500/1030] loss = 0.018376
[e037 s0550/1030] loss = 0.018581
[e037 s0600/1030] loss = 0.018964
[e037 s0650/1030] loss = 0.018838
[e037 s0700/1030] loss = 0.019024
[e037 s0750/1030] loss = 0.019829
[e037 s0800/1030] loss = 0.019728
[e037 s0850/1030] loss = 0.019714
[e037 s0900/1030] loss = 0.019944
[e037 s0950/1030] loss = 0.020290
[e037 s1000/1030] loss = 0.020198
Epoch 037: train_loss = 0.019971  MAE/GAME0 = 23.245  RMSE = 42.248  GAME1 = 23.245  GAME2 = 23.245  GAME3 = 23.245  lr = 1.00e-05  time = 7.8s
[e038 s0001/1030] loss = 0.001041
[e038 s0050/1030] loss = 0.024110
[e038 s0100/1030] loss = 0.025013
[e038 s0150/1030] loss = 0.026784
[e038 s0200/1030] loss = 0.025587
[e038 s0250/1030] loss = 0.024645
[e038 s0300/1030] loss = 0.023003
[e038 s0350/1030] loss = 0.023016
[e038 s0400/1030] loss = 0.023267
[e038 s0450/1030] loss = 0.023197
[e038 s0500/1030] loss = 0.022987
[e038 s0550/1030] loss = 0.022539
[e038 s0600/1030] loss = 0.022331
[e038 s0650/1030] loss = 0.021878
[e038 s0700/1030] loss = 0.021445
[e038 s0750/1030] loss = 0.020905
[e038 s0800/1030] loss = 0.020394
[e038 s0850/1030] loss = 0.020223
[e038 s0900/1030] loss = 0.020018
[e038 s0950/1030] loss = 0.019744
[e038 s1000/1030] loss = 0.019588
Epoch 038: train_loss = 0.019384  MAE/GAME0 = 15.943  RMSE = 37.228  GAME1 = 21.235  GAME2 = 24.333  GAME3 = 25.613  lr = 1.00e-05  time = 7.7s
[e039 s0001/1030] loss = 0.009583
[e039 s0050/1030] loss = 0.013002
[e039 s0100/1030] loss = 0.015558
[e039 s0150/1030] loss = 0.016149
[e039 s0200/1030] loss = 0.017294
[e039 s0250/1030] loss = 0.016103
[e039 s0300/1030] loss = 0.016491
[e039 s0350/1030] loss = 0.016049
[e039 s0400/1030] loss = 0.017915
[e039 s0450/1030] loss = 0.017039
[e039 s0500/1030] loss = 0.016672
[e039 s0550/1030] loss = 0.016349
[e039 s0600/1030] loss = 0.015912
[e039 s0650/1030] loss = 0.015736
[e039 s0700/1030] loss = 0.015585
[e039 s0750/1030] loss = 0.015574
[e039 s0800/1030] loss = 0.016241
[e039 s0850/1030] loss = 0.016062
[e039 s0900/1030] loss = 0.016043
[e039 s0950/1030] loss = 0.016257
[e039 s1000/1030] loss = 0.015910
Epoch 039: train_loss = 0.015816  MAE/GAME0 = 16.178  RMSE = 37.502  GAME1 = 21.190  GAME2 = 24.125  GAME3 = 25.328  lr = 1.00e-05  time = 7.8s
[e040 s0001/1030] loss = 0.009697
[e040 s0050/1030] loss = 0.015914
[e040 s0100/1030] loss = 0.019221
[e040 s0150/1030] loss = 0.017595
[e040 s0200/1030] loss = 0.019299
[e040 s0250/1030] loss = 0.018779
[e040 s0300/1030] loss = 0.018168
[e040 s0350/1030] loss = 0.017598
[e040 s0400/1030] loss = 0.017765
[e040 s0450/1030] loss = 0.017524
[e040 s0500/1030] loss = 0.017038
[e040 s0550/1030] loss = 0.016525
[e040 s0600/1030] loss = 0.016290
[e040 s0650/1030] loss = 0.015872
[e040 s0700/1030] loss = 0.015585
[e040 s0750/1030] loss = 0.015768
[e040 s0800/1030] loss = 0.015638
[e040 s0850/1030] loss = 0.015480
[e040 s0900/1030] loss = 0.015268
[e040 s0950/1030] loss = 0.015279
[e040 s1000/1030] loss = 0.015189
Epoch 040: train_loss = 0.015522  MAE/GAME0 = 15.421  RMSE = 36.481  GAME1 = 21.513  GAME2 = 25.101  GAME3 = 26.572  lr = 1.00e-05  time = 7.7s
[e041 s0001/1030] loss = 0.002043
[e041 s0050/1030] loss = 0.015770
[e041 s0100/1030] loss = 0.016295
[e041 s0150/1030] loss = 0.020130
[e041 s0200/1030] loss = 0.019235
[e041 s0250/1030] loss = 0.018492
[e041 s0300/1030] loss = 0.019258
[e041 s0350/1030] loss = 0.018921
[e041 s0400/1030] loss = 0.018274
[e041 s0450/1030] loss = 0.017756
[e041 s0500/1030] loss = 0.017545
[e041 s0550/1030] loss = 0.018797
[e041 s0600/1030] loss = 0.018221
[e041 s0650/1030] loss = 0.018009
[e041 s0700/1030] loss = 0.017883
[e041 s0750/1030] loss = 0.017745
[e041 s0800/1030] loss = 0.017398
[e041 s0850/1030] loss = 0.017171
[e041 s0900/1030] loss = 0.017072
[e041 s0950/1030] loss = 0.017055
[e041 s1000/1030] loss = 0.016771
Epoch 041: train_loss = 0.016729  MAE/GAME0 = 16.679  RMSE = 38.020  GAME1 = 21.171  GAME2 = 23.799  GAME3 = 24.858  lr = 1.00e-05  time = 7.8s
[e042 s0001/1030] loss = 0.004287
[e042 s0050/1030] loss = 0.017295
[e042 s0100/1030] loss = 0.016009
[e042 s0150/1030] loss = 0.014424
[e042 s0200/1030] loss = 0.013569
[e042 s0250/1030] loss = 0.013180
[e042 s0300/1030] loss = 0.015298
[e042 s0350/1030] loss = 0.016674
[e042 s0400/1030] loss = 0.016378
[e042 s0450/1030] loss = 0.016441
[e042 s0500/1030] loss = 0.016268
[e042 s0550/1030] loss = 0.016064
[e042 s0600/1030] loss = 0.016027
[e042 s0650/1030] loss = 0.015999
[e042 s0700/1030] loss = 0.015827
[e042 s0750/1030] loss = 0.015697
[e042 s0800/1030] loss = 0.015818
[e042 s0850/1030] loss = 0.015569
[e042 s0900/1030] loss = 0.015240
[e042 s0950/1030] loss = 0.015226
[e042 s1000/1030] loss = 0.015170
Epoch 042: train_loss = 0.015236  MAE/GAME0 = 15.823  RMSE = 37.084  GAME1 = 21.268  GAME2 = 24.455  GAME3 = 25.775  lr = 1.00e-05  time = 7.8s
[e043 s0001/1030] loss = 0.005116
[e043 s0050/1030] loss = 0.022240
[e043 s0100/1030] loss = 0.017664
[e043 s0150/1030] loss = 0.017100
[e043 s0200/1030] loss = 0.015806
[e043 s0250/1030] loss = 0.015241
[e043 s0300/1030] loss = 0.015335
[e043 s0350/1030] loss = 0.016061
[e043 s0400/1030] loss = 0.015872
[e043 s0450/1030] loss = 0.015945
[e043 s0500/1030] loss = 0.015552
[e043 s0550/1030] loss = 0.016190
[e043 s0600/1030] loss = 0.016180
[e043 s0650/1030] loss = 0.016388
[e043 s0700/1030] loss = 0.016452
[e043 s0750/1030] loss = 0.016482
[e043 s0800/1030] loss = 0.016426
[e043 s0850/1030] loss = 0.016686
[e043 s0900/1030] loss = 0.016326
[e043 s0950/1030] loss = 0.016217
[e043 s1000/1030] loss = 0.016314
Epoch 043: train_loss = 0.016223  MAE/GAME0 = 16.401  RMSE = 37.746  GAME1 = 21.167  GAME2 = 23.961  GAME3 = 25.097  lr = 1.00e-05  time = 7.9s
[e044 s0001/1030] loss = 0.015616
[e044 s0050/1030] loss = 0.020815
[e044 s0100/1030] loss = 0.022381
[e044 s0150/1030] loss = 0.019782
[e044 s0200/1030] loss = 0.018281
[e044 s0250/1030] loss = 0.017107
[e044 s0300/1030] loss = 0.018545
[e044 s0350/1030] loss = 0.017872
[e044 s0400/1030] loss = 0.017585
[e044 s0450/1030] loss = 0.017257
[e044 s0500/1030] loss = 0.016955
[e044 s0550/1030] loss = 0.017048
[e044 s0600/1030] loss = 0.016893
[e044 s0650/1030] loss = 0.016324
[e044 s0700/1030] loss = 0.016404
[e044 s0750/1030] loss = 0.015925
[e044 s0800/1030] loss = 0.016565
[e044 s0850/1030] loss = 0.016267
[e044 s0900/1030] loss = 0.016143
[e044 s0950/1030] loss = 0.016339
[e044 s1000/1030] loss = 0.016301
Epoch 044: train_loss = 0.016415  MAE/GAME0 = 15.509  RMSE = 36.645  GAME1 = 21.431  GAME2 = 24.900  GAME3 = 26.332  lr = 1.00e-05  time = 7.8s
[e045 s0001/1030] loss = 0.011615
[e045 s0050/1030] loss = 0.016952
[e045 s0100/1030] loss = 0.018984
[e045 s0150/1030] loss = 0.018086
[e045 s0200/1030] loss = 0.017316
[e045 s0250/1030] loss = 0.018510
[e045 s0300/1030] loss = 0.017600
[e045 s0350/1030] loss = 0.017220
[e045 s0400/1030] loss = 0.017022
[e045 s0450/1030] loss = 0.016846
[e045 s0500/1030] loss = 0.016335
[e045 s0550/1030] loss = 0.016041
[e045 s0600/1030] loss = 0.016134
[e045 s0650/1030] loss = 0.016345
[e045 s0700/1030] loss = 0.016065
[e045 s0750/1030] loss = 0.015652
[e045 s0800/1030] loss = 0.015594
[e045 s0850/1030] loss = 0.015646
[e045 s0900/1030] loss = 0.015392
[e045 s0950/1030] loss = 0.015546
[e045 s1000/1030] loss = 0.015623
Epoch 045: train_loss = 0.015651  MAE/GAME0 = 16.278  RMSE = 37.616  GAME1 = 21.178  GAME2 = 24.046  GAME3 = 25.218  lr = 1.00e-05  time = 7.7s
[e046 s0001/1030] loss = 0.045834
[e046 s0050/1030] loss = 0.016153
[e046 s0100/1030] loss = 0.016806
[e046 s0150/1030] loss = 0.016809
[e046 s0200/1030] loss = 0.016013
[e046 s0250/1030] loss = 0.017324
[e046 s0300/1030] loss = 0.016300
[e046 s0350/1030] loss = 0.016583
[e046 s0400/1030] loss = 0.016279
[e046 s0450/1030] loss = 0.016294
[e046 s0500/1030] loss = 0.015947
[e046 s0550/1030] loss = 0.015749
[e046 s0600/1030] loss = 0.016313
[e046 s0650/1030] loss = 0.016430
[e046 s0700/1030] loss = 0.016621
[e046 s0750/1030] loss = 0.017106
[e046 s0800/1030] loss = 0.017430
[e046 s0850/1030] loss = 0.017776
[e046 s0900/1030] loss = 0.017799
[e046 s0950/1030] loss = 0.017656
[e046 s1000/1030] loss = 0.017509
Epoch 046: train_loss = 0.017457  MAE/GAME0 = 16.123  RMSE = 37.440  GAME1 = 21.197  GAME2 = 24.169  GAME3 = 25.391  lr = 1.00e-05  time = 7.8s
[e047 s0001/1030] loss = 0.073930
[e047 s0050/1030] loss = 0.018138
[e047 s0100/1030] loss = 0.016266
[e047 s0150/1030] loss = 0.014865
[e047 s0200/1030] loss = 0.016226
[e047 s0250/1030] loss = 0.016228
[e047 s0300/1030] loss = 0.015284
[e047 s0350/1030] loss = 0.015784
[e047 s0400/1030] loss = 0.015945
[e047 s0450/1030] loss = 0.015198
[e047 s0500/1030] loss = 0.015147
[e047 s0550/1030] loss = 0.015587
[e047 s0600/1030] loss = 0.015551
[e047 s0650/1030] loss = 0.015411
[e047 s0700/1030] loss = 0.015440
[e047 s0750/1030] loss = 0.015788
[e047 s0800/1030] loss = 0.015879
[e047 s0850/1030] loss = 0.016174
[e047 s0900/1030] loss = 0.015965
[e047 s0950/1030] loss = 0.015839
[e047 s1000/1030] loss = 0.015762
Epoch 047: train_loss = 0.015692  MAE/GAME0 = 15.798  RMSE = 37.054  GAME1 = 21.277  GAME2 = 24.481  GAME3 = 25.809  lr = 1.00e-05  time = 7.7s
[e048 s0001/1030] loss = 0.010824
[e048 s0050/1030] loss = 0.012366
[e048 s0100/1030] loss = 0.012623
[e048 s0150/1030] loss = 0.013201
[e048 s0200/1030] loss = 0.012896
[e048 s0250/1030] loss = 0.013027
[e048 s0300/1030] loss = 0.013641
[e048 s0350/1030] loss = 0.014137
[e048 s0400/1030] loss = 0.014890
[e048 s0450/1030] loss = 0.014644
[e048 s0500/1030] loss = 0.016474
[e048 s0550/1030] loss = 0.016220
[e048 s0600/1030] loss = 0.016454
[e048 s0650/1030] loss = 0.016503
[e048 s0700/1030] loss = 0.016384
[e048 s0750/1030] loss = 0.016355
[e048 s0800/1030] loss = 0.016087
[e048 s0850/1030] loss = 0.015898
[e048 s0900/1030] loss = 0.015687
[e048 s0950/1030] loss = 0.015458
[e048 s1000/1030] loss = 0.016022
Epoch 048: train_loss = 0.016036  MAE/GAME0 = 15.761  RMSE = 37.007  GAME1 = 21.292  GAME2 = 24.524  GAME3 = 25.865  lr = 1.00e-05  time = 7.9s
[e049 s0001/1030] loss = 0.015596
[e049 s0050/1030] loss = 0.012326
[e049 s0100/1030] loss = 0.015034
[e049 s0150/1030] loss = 0.013675
[e049 s0200/1030] loss = 0.014487
[e049 s0250/1030] loss = 0.013974
[e049 s0300/1030] loss = 0.014398
[e049 s0350/1030] loss = 0.013726
[e049 s0400/1030] loss = 0.015300
[e049 s0450/1030] loss = 0.015300
[e049 s0500/1030] loss = 0.015315
[e049 s0550/1030] loss = 0.015019
[e049 s0600/1030] loss = 0.015030
[e049 s0650/1030] loss = 0.015899
[e049 s0700/1030] loss = 0.015747
[e049 s0750/1030] loss = 0.015573
[e049 s0800/1030] loss = 0.015241
[e049 s0850/1030] loss = 0.015697
[e049 s0900/1030] loss = 0.015423
[e049 s0950/1030] loss = 0.015458
[e049 s1000/1030] loss = 0.015481
Epoch 049: train_loss = 0.015343  MAE/GAME0 = 16.449  RMSE = 37.792  GAME1 = 21.166  GAME2 = 23.932  GAME3 = 25.055  lr = 1.00e-05  time = 7.8s
[e050 s0001/1030] loss = 0.001946
[e050 s0050/1030] loss = 0.018784
[e050 s0100/1030] loss = 0.017839
[e050 s0150/1030] loss = 0.016791
[e050 s0200/1030] loss = 0.017754
[e050 s0250/1030] loss = 0.018882
[e050 s0300/1030] loss = 0.018200
[e050 s0350/1030] loss = 0.018063
[e050 s0400/1030] loss = 0.017299
[e050 s0450/1030] loss = 0.016650
[e050 s0500/1030] loss = 0.016622
[e050 s0550/1030] loss = 0.016731
[e050 s0600/1030] loss = 0.016527
[e050 s0650/1030] loss = 0.016299
[e050 s0700/1030] loss = 0.016586
[e050 s0750/1030] loss = 0.016616
[e050 s0800/1030] loss = 0.016746
[e050 s0850/1030] loss = 0.016668
[e050 s0900/1030] loss = 0.016579
[e050 s0950/1030] loss = 0.016939
[e050 s1000/1030] loss = 0.016828
Epoch 050: train_loss = 0.016686  MAE/GAME0 = 15.355  RMSE = 36.174  GAME1 = 21.719  GAME2 = 25.541  GAME3 = 27.087  lr = 1.00e-05  time = 7.8s
[e051 s0001/1030] loss = 0.007089
[e051 s0050/1030] loss = 0.015360
[e051 s0100/1030] loss = 0.013508
[e051 s0150/1030] loss = 0.013283
[e051 s0200/1030] loss = 0.013017
[e051 s0250/1030] loss = 0.015511
[e051 s0300/1030] loss = 0.015178
[e051 s0350/1030] loss = 0.015663
[e051 s0400/1030] loss = 0.015657
[e051 s0450/1030] loss = 0.015423
[e051 s0500/1030] loss = 0.015420
[e051 s0550/1030] loss = 0.016483
[e051 s0600/1030] loss = 0.015950
[e051 s0650/1030] loss = 0.015772
[e051 s0700/1030] loss = 0.015839
[e051 s0750/1030] loss = 0.015844
[e051 s0800/1030] loss = 0.015847
[e051 s0850/1030] loss = 0.015635
[e051 s0900/1030] loss = 0.015814
[e051 s0950/1030] loss = 0.015545
[e051 s1000/1030] loss = 0.015347
Epoch 051: train_loss = 0.015451  MAE/GAME0 = 15.592  RMSE = 36.783  GAME1 = 21.372  GAME2 = 24.748  GAME3 = 26.145  lr = 1.00e-05  time = 7.8s
[e052 s0001/1030] loss = 0.013099
[e052 s0050/1030] loss = 0.016791
[e052 s0100/1030] loss = 0.014841
[e052 s0150/1030] loss = 0.018203
[e052 s0200/1030] loss = 0.016557
[e052 s0250/1030] loss = 0.017126
[e052 s0300/1030] loss = 0.016914
[e052 s0350/1030] loss = 0.016572
[e052 s0400/1030] loss = 0.016183
[e052 s0450/1030] loss = 0.015961
[e052 s0500/1030] loss = 0.016039
[e052 s0550/1030] loss = 0.015823
[e052 s0600/1030] loss = 0.017143
[e052 s0650/1030] loss = 0.017127
[e052 s0700/1030] loss = 0.017254
[e052 s0750/1030] loss = 0.016956
[e052 s0800/1030] loss = 0.017156
[e052 s0850/1030] loss = 0.017141
[e052 s0900/1030] loss = 0.017288
[e052 s0950/1030] loss = 0.017074
[e052 s1000/1030] loss = 0.017011
Epoch 052: train_loss = 0.016842  MAE/GAME0 = 16.367  RMSE = 37.713  GAME1 = 21.169  GAME2 = 23.982  GAME3 = 25.127  lr = 1.00e-05  time = 7.8s
[e053 s0001/1030] loss = 0.007073
[e053 s0050/1030] loss = 0.020478
[e053 s0100/1030] loss = 0.016190
[e053 s0150/1030] loss = 0.015008
[e053 s0200/1030] loss = 0.014310
[e053 s0250/1030] loss = 0.013934
[e053 s0300/1030] loss = 0.014204
[e053 s0350/1030] loss = 0.015213
[e053 s0400/1030] loss = 0.015649
[e053 s0450/1030] loss = 0.015169
[e053 s0500/1030] loss = 0.015715
[e053 s0550/1030] loss = 0.015763
[e053 s0600/1030] loss = 0.015359
[e053 s0650/1030] loss = 0.015046
[e053 s0700/1030] loss = 0.014850
[e053 s0750/1030] loss = 0.014951
[e053 s0800/1030] loss = 0.015443
[e053 s0850/1030] loss = 0.015522
[e053 s0900/1030] loss = 0.016049
[e053 s0950/1030] loss = 0.016270
[e053 s1000/1030] loss = 0.016285
Epoch 053: train_loss = 0.016098  MAE/GAME0 = 16.265  RMSE = 37.601  GAME1 = 21.179  GAME2 = 24.056  GAME3 = 25.232  lr = 1.00e-05  time = 7.8s
[e054 s0001/1030] loss = 0.001733
[e054 s0050/1030] loss = 0.014783
[e054 s0100/1030] loss = 0.014345
[e054 s0150/1030] loss = 0.016323
[e054 s0200/1030] loss = 0.016350
[e054 s0250/1030] loss = 0.017096
[e054 s0300/1030] loss = 0.016294
[e054 s0350/1030] loss = 0.016317
[e054 s0400/1030] loss = 0.017346
[e054 s0450/1030] loss = 0.016906
[e054 s0500/1030] loss = 0.016645
[e054 s0550/1030] loss = 0.016159
[e054 s0600/1030] loss = 0.015924
[e054 s0650/1030] loss = 0.015882
[e054 s0700/1030] loss = 0.015638
[e054 s0750/1030] loss = 0.015498
[e054 s0800/1030] loss = 0.015287
[e054 s0850/1030] loss = 0.015647
[e054 s0900/1030] loss = 0.015515
[e054 s0950/1030] loss = 0.015346
[e054 s1000/1030] loss = 0.015456
Epoch 054: train_loss = 0.015260  MAE/GAME0 = 15.742  RMSE = 36.981  GAME1 = 21.301  GAME2 = 24.548  GAME3 = 25.896  lr = 1.00e-05  time = 7.8s
[e055 s0001/1030] loss = 0.006422
[e055 s0050/1030] loss = 0.017002
[e055 s0100/1030] loss = 0.017866
[e055 s0150/1030] loss = 0.017108
[e055 s0200/1030] loss = 0.016506
[e055 s0250/1030] loss = 0.016281
[e055 s0300/1030] loss = 0.017495
[e055 s0350/1030] loss = 0.017131
[e055 s0400/1030] loss = 0.016396
[e055 s0450/1030] loss = 0.017036
[e055 s0500/1030] loss = 0.017128
[e055 s0550/1030] loss = 0.017728
[e055 s0600/1030] loss = 0.017124
[e055 s0650/1030] loss = 0.016725
[e055 s0700/1030] loss = 0.017007
[e055 s0750/1030] loss = 0.016641
[e055 s0800/1030] loss = 0.016603
[e055 s0850/1030] loss = 0.016545
[e055 s0900/1030] loss = 0.016437
[e055 s0950/1030] loss = 0.016484
[e055 s1000/1030] loss = 0.016241
Epoch 055: train_loss = 0.016084  MAE/GAME0 = 16.708  RMSE = 38.048  GAME1 = 21.172  GAME2 = 23.785  GAME3 = 24.837  lr = 1.00e-05  time = 7.8s
[e056 s0001/1030] loss = 0.004291
[e056 s0050/1030] loss = 0.031498
[e056 s0100/1030] loss = 0.024455
[e056 s0150/1030] loss = 0.023528
[e056 s0200/1030] loss = 0.020677
[e056 s0250/1030] loss = 0.021227
[e056 s0300/1030] loss = 0.019322
[e056 s0350/1030] loss = 0.017893
[e056 s0400/1030] loss = 0.017200
[e056 s0450/1030] loss = 0.016724
[e056 s0500/1030] loss = 0.016556
[e056 s0550/1030] loss = 0.016291
[e056 s0600/1030] loss = 0.016156
[e056 s0650/1030] loss = 0.015984
[e056 s0700/1030] loss = 0.016174
[e056 s0750/1030] loss = 0.016753
[e056 s0800/1030] loss = 0.016769
[e056 s0850/1030] loss = 0.016969
[e056 s0900/1030] loss = 0.016912
[e056 s0950/1030] loss = 0.016687
[e056 s1000/1030] loss = 0.016504
Epoch 056: train_loss = 0.016406  MAE/GAME0 = 15.752  RMSE = 36.995  GAME1 = 21.296  GAME2 = 24.536  GAME3 = 25.880  lr = 1.00e-05  time = 7.7s
[e057 s0001/1030] loss = 0.004683
[e057 s0050/1030] loss = 0.014433
[e057 s0100/1030] loss = 0.013194
[e057 s0150/1030] loss = 0.013193
[e057 s0200/1030] loss = 0.013277
[e057 s0250/1030] loss = 0.013734
[e057 s0300/1030] loss = 0.013865
[e057 s0350/1030] loss = 0.014355
[e057 s0400/1030] loss = 0.014947
[e057 s0450/1030] loss = 0.014840
[e057 s0500/1030] loss = 0.014499
[e057 s0550/1030] loss = 0.014849
[e057 s0600/1030] loss = 0.014818
[e057 s0650/1030] loss = 0.015577
[e057 s0700/1030] loss = 0.015431
[e057 s0750/1030] loss = 0.015515
[e057 s0800/1030] loss = 0.015568
[e057 s0850/1030] loss = 0.015407
[e057 s0900/1030] loss = 0.015579
[e057 s0950/1030] loss = 0.015550
[e057 s1000/1030] loss = 0.015793
Epoch 057: train_loss = 0.016217  MAE/GAME0 = 16.039  RMSE = 37.347  GAME1 = 21.211  GAME2 = 24.239  GAME3 = 25.487  lr = 1.00e-05  time = 7.6s
[e058 s0001/1030] loss = 0.010176
[e058 s0050/1030] loss = 0.021171
[e058 s0100/1030] loss = 0.016854
[e058 s0150/1030] loss = 0.015035
[e058 s0200/1030] loss = 0.016024
[e058 s0250/1030] loss = 0.015531
[e058 s0300/1030] loss = 0.016914
[e058 s0350/1030] loss = 0.017266
[e058 s0400/1030] loss = 0.017007
[e058 s0450/1030] loss = 0.016822
[e058 s0500/1030] loss = 0.016137
[e058 s0550/1030] loss = 0.016141
[e058 s0600/1030] loss = 0.016012
[e058 s0650/1030] loss = 0.015634
[e058 s0700/1030] loss = 0.015498
[e058 s0750/1030] loss = 0.015320
[e058 s0800/1030] loss = 0.015133
[e058 s0850/1030] loss = 0.015138
[e058 s0900/1030] loss = 0.016014
[e058 s0950/1030] loss = 0.015936
[e058 s1000/1030] loss = 0.016015
Epoch 058: train_loss = 0.016006  MAE/GAME0 = 15.751  RMSE = 36.994  GAME1 = 21.296  GAME2 = 24.535  GAME3 = 25.879  lr = 1.00e-05  time = 7.7s
[e059 s0001/1030] loss = 0.001260
[e059 s0050/1030] loss = 0.011146
[e059 s0100/1030] loss = 0.014018
[e059 s0150/1030] loss = 0.014725
[e059 s0200/1030] loss = 0.015745
[e059 s0250/1030] loss = 0.016271
[e059 s0300/1030] loss = 0.016954
[e059 s0350/1030] loss = 0.016361
[e059 s0400/1030] loss = 0.016598
[e059 s0450/1030] loss = 0.016393
[e059 s0500/1030] loss = 0.016252
[e059 s0550/1030] loss = 0.015983
[e059 s0600/1030] loss = 0.015425
[e059 s0650/1030] loss = 0.015945
[e059 s0700/1030] loss = 0.015864
[e059 s0750/1030] loss = 0.015588
[e059 s0800/1030] loss = 0.015875
[e059 s0850/1030] loss = 0.016042
[e059 s0900/1030] loss = 0.016344
[e059 s0950/1030] loss = 0.016314
[e059 s1000/1030] loss = 0.016560
Epoch 059: train_loss = 0.016609  MAE/GAME0 = 15.998  RMSE = 37.296  GAME1 = 21.220  GAME2 = 24.278  GAME3 = 25.539  lr = 1.00e-05  time = 7.7s
[e060 s0001/1030] loss = 0.005274
[e060 s0050/1030] loss = 0.024340
[e060 s0100/1030] loss = 0.017356
[e060 s0150/1030] loss = 0.016696
[e060 s0200/1030] loss = 0.018694
[e060 s0250/1030] loss = 0.017992
[e060 s0300/1030] loss = 0.018470
[e060 s0350/1030] loss = 0.017880
[e060 s0400/1030] loss = 0.019293
[e060 s0450/1030] loss = 0.018639
[e060 s0500/1030] loss = 0.018079
[e060 s0550/1030] loss = 0.017796
[e060 s0600/1030] loss = 0.017696
[e060 s0650/1030] loss = 0.017472
[e060 s0700/1030] loss = 0.016969
[e060 s0750/1030] loss = 0.016717
[e060 s0800/1030] loss = 0.016440
[e060 s0850/1030] loss = 0.016290
[e060 s0900/1030] loss = 0.016090
[e060 s0950/1030] loss = 0.016074
[e060 s1000/1030] loss = 0.016041
Epoch 060: train_loss = 0.015928  MAE/GAME0 = 15.482  RMSE = 36.594  GAME1 = 21.455  GAME2 = 24.959  GAME3 = 26.403  lr = 1.00e-05  time = 7.7s
[e061 s0001/1030] loss = 0.006550
[e061 s0050/1030] loss = 0.017246
[e061 s0100/1030] loss = 0.017846
[e061 s0150/1030] loss = 0.016542
[e061 s0200/1030] loss = 0.015971
[e061 s0250/1030] loss = 0.015701
[e061 s0300/1030] loss = 0.015497
[e061 s0350/1030] loss = 0.015094
[e061 s0400/1030] loss = 0.015151
[e061 s0450/1030] loss = 0.015080
[e061 s0500/1030] loss = 0.014873
[e061 s0550/1030] loss = 0.014775
[e061 s0600/1030] loss = 0.016090
[e061 s0650/1030] loss = 0.016149
[e061 s0700/1030] loss = 0.015829
[e061 s0750/1030] loss = 0.016441
[e061 s0800/1030] loss = 0.016250
[e061 s0850/1030] loss = 0.016316
[e061 s0900/1030] loss = 0.016189
[e061 s0950/1030] loss = 0.016135
[e061 s1000/1030] loss = 0.016366
Epoch 061: train_loss = 0.016368  MAE/GAME0 = 15.380  RMSE = 36.324  GAME1 = 21.605  GAME2 = 25.312  GAME3 = 26.820  lr = 1.00e-05  time = 7.9s
[e062 s0001/1030] loss = 0.002409
[e062 s0050/1030] loss = 0.017088
[e062 s0100/1030] loss = 0.020875
[e062 s0150/1030] loss = 0.018063
[e062 s0200/1030] loss = 0.017183
[e062 s0250/1030] loss = 0.016085
[e062 s0300/1030] loss = 0.014968
[e062 s0350/1030] loss = 0.014279
[e062 s0400/1030] loss = 0.014315
[e062 s0450/1030] loss = 0.014251
[e062 s0500/1030] loss = 0.014024
[e062 s0550/1030] loss = 0.014306
[e062 s0600/1030] loss = 0.013988
[e062 s0650/1030] loss = 0.014019
[e062 s0700/1030] loss = 0.015153
[e062 s0750/1030] loss = 0.015460
[e062 s0800/1030] loss = 0.015552
[e062 s0850/1030] loss = 0.016024
[e062 s0900/1030] loss = 0.016333
[e062 s0950/1030] loss = 0.016206
[e062 s1000/1030] loss = 0.016263
Epoch 062: train_loss = 0.016323  MAE/GAME0 = 15.739  RMSE = 36.977  GAME1 = 21.302  GAME2 = 24.552  GAME3 = 25.900  lr = 1.00e-05  time = 7.9s
[e063 s0001/1030] loss = 0.012406
[e063 s0050/1030] loss = 0.025856
[e063 s0100/1030] loss = 0.018392
[e063 s0150/1030] loss = 0.019795
[e063 s0200/1030] loss = 0.018427
[e063 s0250/1030] loss = 0.017456
[e063 s0300/1030] loss = 0.016645
[e063 s0350/1030] loss = 0.015933
[e063 s0400/1030] loss = 0.015694
[e063 s0450/1030] loss = 0.016249
[e063 s0500/1030] loss = 0.018206
[e063 s0550/1030] loss = 0.017396
[e063 s0600/1030] loss = 0.017037
[e063 s0650/1030] loss = 0.017085
[e063 s0700/1030] loss = 0.017319
[e063 s0750/1030] loss = 0.017527
[e063 s0800/1030] loss = 0.017588
[e063 s0850/1030] loss = 0.017279
[e063 s0900/1030] loss = 0.016951
[e063 s0950/1030] loss = 0.016729
[e063 s1000/1030] loss = 0.016502
Epoch 063: train_loss = 0.016553  MAE/GAME0 = 15.415  RMSE = 36.467  GAME1 = 21.520  GAME2 = 25.118  GAME3 = 26.593  lr = 1.00e-05  time = 7.7s
[e064 s0001/1030] loss = 0.025785
[e064 s0050/1030] loss = 0.012502
[e064 s0100/1030] loss = 0.012955
[e064 s0150/1030] loss = 0.013587
[e064 s0200/1030] loss = 0.013661
[e064 s0250/1030] loss = 0.014247
[e064 s0300/1030] loss = 0.014298
[e064 s0350/1030] loss = 0.014476
[e064 s0400/1030] loss = 0.014139
[e064 s0450/1030] loss = 0.014611
[e064 s0500/1030] loss = 0.014291
[e064 s0550/1030] loss = 0.014157
[e064 s0600/1030] loss = 0.014398
[e064 s0650/1030] loss = 0.014622
[e064 s0700/1030] loss = 0.015802
[e064 s0750/1030] loss = 0.015796
[e064 s0800/1030] loss = 0.015540
[e064 s0850/1030] loss = 0.015216
[e064 s0900/1030] loss = 0.015400
[e064 s0950/1030] loss = 0.015561
[e064 s1000/1030] loss = 0.015380
Epoch 064: train_loss = 0.015231  MAE/GAME0 = 15.809  RMSE = 37.067  GAME1 = 21.273  GAME2 = 24.469  GAME3 = 25.794  lr = 1.00e-05  time = 7.8s
[e065 s0001/1030] loss = 0.011088
[e065 s0050/1030] loss = 0.026331
[e065 s0100/1030] loss = 0.022234
[e065 s0150/1030] loss = 0.018624
[e065 s0200/1030] loss = 0.016931
[e065 s0250/1030] loss = 0.016274
[e065 s0300/1030] loss = 0.016057
[e065 s0350/1030] loss = 0.016421
[e065 s0400/1030] loss = 0.015944
[e065 s0450/1030] loss = 0.016070
[e065 s0500/1030] loss = 0.016257
[e065 s0550/1030] loss = 0.016630
[e065 s0600/1030] loss = 0.016950
[e065 s0650/1030] loss = 0.016815
[e065 s0700/1030] loss = 0.016647
[e065 s0750/1030] loss = 0.016882
[e065 s0800/1030] loss = 0.016772
[e065 s0850/1030] loss = 0.016591
[e065 s0900/1030] loss = 0.016394
[e065 s0950/1030] loss = 0.016490
[e065 s1000/1030] loss = 0.016384
Epoch 065: train_loss = 0.016343  MAE/GAME0 = 15.812  RMSE = 37.071  GAME1 = 21.272  GAME2 = 24.466  GAME3 = 25.790  lr = 1.00e-05  time = 7.8s
[e066 s0001/1030] loss = 0.000829
[e066 s0050/1030] loss = 0.013668
[e066 s0100/1030] loss = 0.013674
[e066 s0150/1030] loss = 0.013705
[e066 s0200/1030] loss = 0.013495
[e066 s0250/1030] loss = 0.013317
[e066 s0300/1030] loss = 0.013131
[e066 s0350/1030] loss = 0.015890
[e066 s0400/1030] loss = 0.015741
[e066 s0450/1030] loss = 0.015198
[e066 s0500/1030] loss = 0.015982
[e066 s0550/1030] loss = 0.016059
[e066 s0600/1030] loss = 0.016569
[e066 s0650/1030] loss = 0.016389
[e066 s0700/1030] loss = 0.016432
[e066 s0750/1030] loss = 0.016773
[e066 s0800/1030] loss = 0.016479
[e066 s0850/1030] loss = 0.016226
[e066 s0900/1030] loss = 0.016191
[e066 s0950/1030] loss = 0.015874
[e066 s1000/1030] loss = 0.015866
Epoch 066: train_loss = 0.015722  MAE/GAME0 = 15.738  RMSE = 36.977  GAME1 = 21.302  GAME2 = 24.553  GAME3 = 25.901  lr = 1.00e-05  time = 7.9s
[e067 s0001/1030] loss = 0.011397
[e067 s0050/1030] loss = 0.012430
[e067 s0100/1030] loss = 0.014994
[e067 s0150/1030] loss = 0.014568
[e067 s0200/1030] loss = 0.015371
[e067 s0250/1030] loss = 0.014326
[e067 s0300/1030] loss = 0.015259
[e067 s0350/1030] loss = 0.015071
[e067 s0400/1030] loss = 0.015182
[e067 s0450/1030] loss = 0.014774
[e067 s0500/1030] loss = 0.015487
[e067 s0550/1030] loss = 0.015737
[e067 s0600/1030] loss = 0.015586
[e067 s0650/1030] loss = 0.015702
[e067 s0700/1030] loss = 0.015798
[e067 s0750/1030] loss = 0.016084
[e067 s0800/1030] loss = 0.016104
[e067 s0850/1030] loss = 0.016113
[e067 s0900/1030] loss = 0.016254
[e067 s0950/1030] loss = 0.016126
[e067 s1000/1030] loss = 0.015958
Epoch 067: train_loss = 0.015774  MAE/GAME0 = 15.480  RMSE = 36.589  GAME1 = 21.457  GAME2 = 24.966  GAME3 = 26.412  lr = 1.00e-05  time = 7.7s
[e068 s0001/1030] loss = 0.021237
[e068 s0050/1030] loss = 0.026390
[e068 s0100/1030] loss = 0.019675
[e068 s0150/1030] loss = 0.017933
[e068 s0200/1030] loss = 0.016832
[e068 s0250/1030] loss = 0.016228
[e068 s0300/1030] loss = 0.016161
[e068 s0350/1030] loss = 0.015352
[e068 s0400/1030] loss = 0.014708
[e068 s0450/1030] loss = 0.014568
[e068 s0500/1030] loss = 0.014584
[e068 s0550/1030] loss = 0.014629
[e068 s0600/1030] loss = 0.014501
[e068 s0650/1030] loss = 0.014426
[e068 s0700/1030] loss = 0.014995
[e068 s0750/1030] loss = 0.014969
[e068 s0800/1030] loss = 0.015616
[e068 s0850/1030] loss = 0.015713
[e068 s0900/1030] loss = 0.015776
[e068 s0950/1030] loss = 0.015902
[e068 s1000/1030] loss = 0.015607
Epoch 068: train_loss = 0.015511  MAE/GAME0 = 15.896  RMSE = 37.171  GAME1 = 21.247  GAME2 = 24.379  GAME3 = 25.675  lr = 1.00e-05  time = 8.0s
[e069 s0001/1030] loss = 0.005237
[e069 s0050/1030] loss = 0.017020
[e069 s0100/1030] loss = 0.015755
[e069 s0150/1030] loss = 0.016119
[e069 s0200/1030] loss = 0.018372
[e069 s0250/1030] loss = 0.016864
[e069 s0300/1030] loss = 0.016660
[e069 s0350/1030] loss = 0.018404
[e069 s0400/1030] loss = 0.017714
[e069 s0450/1030] loss = 0.017474
[e069 s0500/1030] loss = 0.017308
[e069 s0550/1030] loss = 0.017559
[e069 s0600/1030] loss = 0.017709
[e069 s0650/1030] loss = 0.017589
[e069 s0700/1030] loss = 0.017441
[e069 s0750/1030] loss = 0.017496
[e069 s0800/1030] loss = 0.017135
[e069 s0850/1030] loss = 0.016913
[e069 s0900/1030] loss = 0.017071
[e069 s0950/1030] loss = 0.016962
[e069 s1000/1030] loss = 0.016831
Epoch 069: train_loss = 0.016757  MAE/GAME0 = 15.518  RMSE = 36.662  GAME1 = 21.424  GAME2 = 24.881  GAME3 = 26.309  lr = 1.00e-05  time = 7.8s
[e070 s0001/1030] loss = 0.005679
[e070 s0050/1030] loss = 0.012256
[e070 s0100/1030] loss = 0.011683
[e070 s0150/1030] loss = 0.011278
[e070 s0200/1030] loss = 0.012302
[e070 s0250/1030] loss = 0.013026
[e070 s0300/1030] loss = 0.013303
[e070 s0350/1030] loss = 0.013707
[e070 s0400/1030] loss = 0.013905
[e070 s0450/1030] loss = 0.014982
[e070 s0500/1030] loss = 0.015651
[e070 s0550/1030] loss = 0.015737
[e070 s0600/1030] loss = 0.015291
[e070 s0650/1030] loss = 0.015392
[e070 s0700/1030] loss = 0.015304
[e070 s0750/1030] loss = 0.015337
[e070 s0800/1030] loss = 0.015044
[e070 s0850/1030] loss = 0.014886
[e070 s0900/1030] loss = 0.015045
[e070 s0950/1030] loss = 0.015184
[e070 s1000/1030] loss = 0.015204
Epoch 070: train_loss = 0.015240  MAE/GAME0 = 15.896  RMSE = 37.171  GAME1 = 21.247  GAME2 = 24.380  GAME3 = 25.677  lr = 1.00e-05  time = 7.9s
[e071 s0001/1030] loss = 0.011752
[e071 s0050/1030] loss = 0.012472
[e071 s0100/1030] loss = 0.014866
[e071 s0150/1030] loss = 0.015483
[e071 s0200/1030] loss = 0.015071
[e071 s0250/1030] loss = 0.014977
[e071 s0300/1030] loss = 0.016664
[e071 s0350/1030] loss = 0.016844
[e071 s0400/1030] loss = 0.016537
[e071 s0450/1030] loss = 0.016374
[e071 s0500/1030] loss = 0.015983
[e071 s0550/1030] loss = 0.015847
[e071 s0600/1030] loss = 0.015327
[e071 s0650/1030] loss = 0.015317
[e071 s0700/1030] loss = 0.016325
[e071 s0750/1030] loss = 0.016177
[e071 s0800/1030] loss = 0.016056
[e071 s0850/1030] loss = 0.016074
[e071 s0900/1030] loss = 0.015926
[e071 s0950/1030] loss = 0.015739
[e071 s1000/1030] loss = 0.015685
Epoch 071: train_loss = 0.015585  MAE/GAME0 = 16.067  RMSE = 37.378  GAME1 = 21.206  GAME2 = 24.215  GAME3 = 25.454  lr = 1.00e-05  time = 7.7s
[e072 s0001/1030] loss = 0.005283
[e072 s0050/1030] loss = 0.014656
[e072 s0100/1030] loss = 0.019531
[e072 s0150/1030] loss = 0.018823
[e072 s0200/1030] loss = 0.016867
[e072 s0250/1030] loss = 0.016195
[e072 s0300/1030] loss = 0.015562
[e072 s0350/1030] loss = 0.015334
[e072 s0400/1030] loss = 0.015689
[e072 s0450/1030] loss = 0.017494
[e072 s0500/1030] loss = 0.016726
[e072 s0550/1030] loss = 0.016697
[e072 s0600/1030] loss = 0.016448
[e072 s0650/1030] loss = 0.016112
[e072 s0700/1030] loss = 0.016426
[e072 s0750/1030] loss = 0.016235
[e072 s0800/1030] loss = 0.016113
[e072 s0850/1030] loss = 0.016148
[e072 s0900/1030] loss = 0.016110
[e072 s0950/1030] loss = 0.015823
[e072 s1000/1030] loss = 0.015667
Epoch 072: train_loss = 0.015562  MAE/GAME0 = 15.528  RMSE = 36.683  GAME1 = 21.414  GAME2 = 24.857  GAME3 = 26.279  lr = 1.00e-05  time = 7.7s
[e073 s0001/1030] loss = 0.025088
[e073 s0050/1030] loss = 0.012187
[e073 s0100/1030] loss = 0.012699
[e073 s0150/1030] loss = 0.012604
[e073 s0200/1030] loss = 0.013640
[e073 s0250/1030] loss = 0.013693
[e073 s0300/1030] loss = 0.014030
[e073 s0350/1030] loss = 0.013761
[e073 s0400/1030] loss = 0.014463
[e073 s0450/1030] loss = 0.014719
[e073 s0500/1030] loss = 0.014432
[e073 s0550/1030] loss = 0.015267
[e073 s0600/1030] loss = 0.015197
[e073 s0650/1030] loss = 0.015171
[e073 s0700/1030] loss = 0.015726
[e073 s0750/1030] loss = 0.015551
[e073 s0800/1030] loss = 0.015535
[e073 s0850/1030] loss = 0.015429
[e073 s0900/1030] loss = 0.015323
[e073 s0950/1030] loss = 0.015127
[e073 s1000/1030] loss = 0.014939
Epoch 073: train_loss = 0.014894  MAE/GAME0 = 15.730  RMSE = 36.965  GAME1 = 21.306  GAME2 = 24.564  GAME3 = 25.916  lr = 1.00e-05  time = 7.8s
[e074 s0001/1030] loss = 0.006518
[e074 s0050/1030] loss = 0.014456
[e074 s0100/1030] loss = 0.015233
[e074 s0150/1030] loss = 0.015803
[e074 s0200/1030] loss = 0.015341
[e074 s0250/1030] loss = 0.014930
[e074 s0300/1030] loss = 0.014503
[e074 s0350/1030] loss = 0.014881
[e074 s0400/1030] loss = 0.014342
[e074 s0450/1030] loss = 0.014254
[e074 s0500/1030] loss = 0.014857
[e074 s0550/1030] loss = 0.014911
[e074 s0600/1030] loss = 0.015175
[e074 s0650/1030] loss = 0.015059
[e074 s0700/1030] loss = 0.015071
[e074 s0750/1030] loss = 0.015724
[e074 s0800/1030] loss = 0.015704
[e074 s0850/1030] loss = 0.015321
[e074 s0900/1030] loss = 0.015007
[e074 s0950/1030] loss = 0.015067
[e074 s1000/1030] loss = 0.015122
Epoch 074: train_loss = 0.015160  MAE/GAME0 = 15.894  RMSE = 37.169  GAME1 = 21.247  GAME2 = 24.381  GAME3 = 25.678  lr = 1.00e-05  time = 7.9s
[e075 s0001/1030] loss = 0.044018
[e075 s0050/1030] loss = 0.013943
[e075 s0100/1030] loss = 0.011793
[e075 s0150/1030] loss = 0.013482
[e075 s0200/1030] loss = 0.015130
[e075 s0250/1030] loss = 0.014246
[e075 s0300/1030] loss = 0.014348
[e075 s0350/1030] loss = 0.014161
[e075 s0400/1030] loss = 0.014691
[e075 s0450/1030] loss = 0.014177
[e075 s0500/1030] loss = 0.014203
[e075 s0550/1030] loss = 0.014457
[e075 s0600/1030] loss = 0.015877
[e075 s0650/1030] loss = 0.015823
[e075 s0700/1030] loss = 0.016111
[e075 s0750/1030] loss = 0.015861
[e075 s0800/1030] loss = 0.015702
[e075 s0850/1030] loss = 0.015466
[e075 s0900/1030] loss = 0.015394
[e075 s0950/1030] loss = 0.015514
[e075 s1000/1030] loss = 0.015302
Epoch 075: train_loss = 0.015310  MAE/GAME0 = 15.563  RMSE = 36.746  GAME1 = 21.387  GAME2 = 24.787  GAME3 = 26.193  lr = 1.00e-05  time = 7.8s
[e076 s0001/1030] loss = 0.008867
[e076 s0050/1030] loss = 0.018582
[e076 s0100/1030] loss = 0.017389
[e076 s0150/1030] loss = 0.019999
[e076 s0200/1030] loss = 0.018551
[e076 s0250/1030] loss = 0.017432
[e076 s0300/1030] loss = 0.016582
[e076 s0350/1030] loss = 0.016244
[e076 s0400/1030] loss = 0.015948
[e076 s0450/1030] loss = 0.015594
[e076 s0500/1030] loss = 0.015962
[e076 s0550/1030] loss = 0.016236
[e076 s0600/1030] loss = 0.016159
[e076 s0650/1030] loss = 0.016078
[e076 s0700/1030] loss = 0.015895
[e076 s0750/1030] loss = 0.015856
[e076 s0800/1030] loss = 0.016821
[e076 s0850/1030] loss = 0.016893
[e076 s0900/1030] loss = 0.016801
[e076 s0950/1030] loss = 0.016482
[e076 s1000/1030] loss = 0.016305
Epoch 076: train_loss = 0.016566  MAE/GAME0 = 16.240  RMSE = 37.572  GAME1 = 21.182  GAME2 = 24.075  GAME3 = 25.259  lr = 1.00e-05  time = 7.7s
[e077 s0001/1030] loss = 0.002078
[e077 s0050/1030] loss = 0.018939
[e077 s0100/1030] loss = 0.016330
[e077 s0150/1030] loss = 0.014442
[e077 s0200/1030] loss = 0.014139
[e077 s0250/1030] loss = 0.013330
[e077 s0300/1030] loss = 0.013206
[e077 s0350/1030] loss = 0.013575
[e077 s0400/1030] loss = 0.013517
[e077 s0450/1030] loss = 0.015044
[e077 s0500/1030] loss = 0.015265
[e077 s0550/1030] loss = 0.015282
[e077 s0600/1030] loss = 0.015061
[e077 s0650/1030] loss = 0.015315
[e077 s0700/1030] loss = 0.015339
[e077 s0750/1030] loss = 0.015405
[e077 s0800/1030] loss = 0.015606
[e077 s0850/1030] loss = 0.015403
[e077 s0900/1030] loss = 0.015297
[e077 s0950/1030] loss = 0.015139
[e077 s1000/1030] loss = 0.015605
Epoch 077: train_loss = 0.015715  MAE/GAME0 = 15.744  RMSE = 36.984  GAME1 = 21.300  GAME2 = 24.545  GAME3 = 25.892  lr = 1.00e-05  time = 7.7s
[e078 s0001/1030] loss = 0.012383
[e078 s0050/1030] loss = 0.012909
[e078 s0100/1030] loss = 0.014450
[e078 s0150/1030] loss = 0.016838
[e078 s0200/1030] loss = 0.015122
[e078 s0250/1030] loss = 0.014502
[e078 s0300/1030] loss = 0.015071
[e078 s0350/1030] loss = 0.015796
[e078 s0400/1030] loss = 0.015402
[e078 s0450/1030] loss = 0.014975
[e078 s0500/1030] loss = 0.014990
[e078 s0550/1030] loss = 0.014751
[e078 s0600/1030] loss = 0.014611
[e078 s0650/1030] loss = 0.014600
[e078 s0700/1030] loss = 0.014667
[e078 s0750/1030] loss = 0.014812
[e078 s0800/1030] loss = 0.014811
[e078 s0850/1030] loss = 0.014721
[e078 s0900/1030] loss = 0.014636
[e078 s0950/1030] loss = 0.014850
[e078 s1000/1030] loss = 0.015121
Epoch 078: train_loss = 0.015225  MAE/GAME0 = 15.797  RMSE = 37.053  GAME1 = 21.278  GAME2 = 24.482  GAME3 = 25.811  lr = 1.00e-05  time = 7.6s
[e079 s0001/1030] loss = 0.008368
[e079 s0050/1030] loss = 0.015533
[e079 s0100/1030] loss = 0.016262
[e079 s0150/1030] loss = 0.015412
[e079 s0200/1030] loss = 0.014854
[e079 s0250/1030] loss = 0.015171
[e079 s0300/1030] loss = 0.015651
[e079 s0350/1030] loss = 0.016072
[e079 s0400/1030] loss = 0.016609
[e079 s0450/1030] loss = 0.016554
[e079 s0500/1030] loss = 0.016678
[e079 s0550/1030] loss = 0.016325
[e079 s0600/1030] loss = 0.016307
[e079 s0650/1030] loss = 0.015971
[e079 s0700/1030] loss = 0.015699
[e079 s0750/1030] loss = 0.015589
[e079 s0800/1030] loss = 0.016250
[e079 s0850/1030] loss = 0.017344
[e079 s0900/1030] loss = 0.017457
[e079 s0950/1030] loss = 0.017130
[e079 s1000/1030] loss = 0.016894
Epoch 079: train_loss = 0.016661  MAE/GAME0 = 16.253  RMSE = 37.587  GAME1 = 21.181  GAME2 = 24.066  GAME3 = 25.246  lr = 1.00e-05  time = 7.7s
[e080 s0001/1030] loss = 0.001474
[e080 s0050/1030] loss = 0.021188
[e080 s0100/1030] loss = 0.022285
[e080 s0150/1030] loss = 0.019422
[e080 s0200/1030] loss = 0.017921
[e080 s0250/1030] loss = 0.017192
[e080 s0300/1030] loss = 0.018627
[e080 s0350/1030] loss = 0.017401
[e080 s0400/1030] loss = 0.017574
[e080 s0450/1030] loss = 0.016893
[e080 s0500/1030] loss = 0.016719
[e080 s0550/1030] loss = 0.016812
[e080 s0600/1030] loss = 0.016916
[e080 s0650/1030] loss = 0.016655
[e080 s0700/1030] loss = 0.017069
[e080 s0750/1030] loss = 0.016863
[e080 s0800/1030] loss = 0.017076
[e080 s0850/1030] loss = 0.016842
[e080 s0900/1030] loss = 0.016676
[e080 s0950/1030] loss = 0.016512
[e080 s1000/1030] loss = 0.016488
Epoch 080: train_loss = 0.016620  MAE/GAME0 = 16.265  RMSE = 37.601  GAME1 = 21.179  GAME2 = 24.056  GAME3 = 25.232  lr = 1.00e-05  time = 7.8s
[e081 s0001/1030] loss = 0.002592
[e081 s0050/1030] loss = 0.018243
[e081 s0100/1030] loss = 0.015774
[e081 s0150/1030] loss = 0.018165
[e081 s0200/1030] loss = 0.017284
[e081 s0250/1030] loss = 0.016729
[e081 s0300/1030] loss = 0.015904
[e081 s0350/1030] loss = 0.016658
[e081 s0400/1030] loss = 0.016751
[e081 s0450/1030] loss = 0.016423
[e081 s0500/1030] loss = 0.017366
[e081 s0550/1030] loss = 0.016987
[e081 s0600/1030] loss = 0.016797
[e081 s0650/1030] loss = 0.016911
[e081 s0700/1030] loss = 0.016790
[e081 s0750/1030] loss = 0.016395
[e081 s0800/1030] loss = 0.016367
[e081 s0850/1030] loss = 0.016234
[e081 s0900/1030] loss = 0.016349
[e081 s0950/1030] loss = 0.016275
[e081 s1000/1030] loss = 0.016089
Epoch 081: train_loss = 0.015995  MAE/GAME0 = 15.415  RMSE = 36.468  GAME1 = 21.520  GAME2 = 25.117  GAME3 = 26.592  lr = 1.00e-05  time = 7.8s
[e082 s0001/1030] loss = 0.008820
[e082 s0050/1030] loss = 0.023142
[e082 s0100/1030] loss = 0.022808
[e082 s0150/1030] loss = 0.019800
[e082 s0200/1030] loss = 0.018027
[e082 s0250/1030] loss = 0.017909
[e082 s0300/1030] loss = 0.019065
[e082 s0350/1030] loss = 0.017824
[e082 s0400/1030] loss = 0.017859
[e082 s0450/1030] loss = 0.018181
[e082 s0500/1030] loss = 0.018232
[e082 s0550/1030] loss = 0.018432
[e082 s0600/1030] loss = 0.019218
[e082 s0650/1030] loss = 0.019140
[e082 s0700/1030] loss = 0.018903
[e082 s0750/1030] loss = 0.018709
[e082 s0800/1030] loss = 0.018601
[e082 s0850/1030] loss = 0.018214
[e082 s0900/1030] loss = 0.018019
[e082 s0950/1030] loss = 0.017696
[e082 s1000/1030] loss = 0.017365
Epoch 082: train_loss = 0.017386  MAE/GAME0 = 16.236  RMSE = 37.568  GAME1 = 21.183  GAME2 = 24.079  GAME3 = 25.264  lr = 1.00e-05  time = 7.7s
[e083 s0001/1030] loss = 0.010188
[e083 s0050/1030] loss = 0.017040
[e083 s0100/1030] loss = 0.017708
[e083 s0150/1030] loss = 0.016191
[e083 s0200/1030] loss = 0.015671
[e083 s0250/1030] loss = 0.014844
[e083 s0300/1030] loss = 0.014762
[e083 s0350/1030] loss = 0.014578
[e083 s0400/1030] loss = 0.014751
[e083 s0450/1030] loss = 0.014804
[e083 s0500/1030] loss = 0.015410
[e083 s0550/1030] loss = 0.014969
[e083 s0600/1030] loss = 0.015403
[e083 s0650/1030] loss = 0.015127
[e083 s0700/1030] loss = 0.015827
[e083 s0750/1030] loss = 0.015780
[e083 s0800/1030] loss = 0.015657
[e083 s0850/1030] loss = 0.015457
[e083 s0900/1030] loss = 0.015424
[e083 s0950/1030] loss = 0.015643
[e083 s1000/1030] loss = 0.015634
Epoch 083: train_loss = 0.016000  MAE/GAME0 = 16.220  RMSE = 37.549  GAME1 = 21.185  GAME2 = 24.092  GAME3 = 25.282  lr = 1.00e-05  time = 7.6s
[e084 s0001/1030] loss = 0.011532
[e084 s0050/1030] loss = 0.020387
[e084 s0100/1030] loss = 0.019529
[e084 s0150/1030] loss = 0.017744
[e084 s0200/1030] loss = 0.016274
[e084 s0250/1030] loss = 0.016891
[e084 s0300/1030] loss = 0.016231
[e084 s0350/1030] loss = 0.016096
[e084 s0400/1030] loss = 0.016765
[e084 s0450/1030] loss = 0.016121
[e084 s0500/1030] loss = 0.015822
[e084 s0550/1030] loss = 0.015738
[e084 s0600/1030] loss = 0.015384
[e084 s0650/1030] loss = 0.015098
[e084 s0700/1030] loss = 0.014977
[e084 s0750/1030] loss = 0.014793
[e084 s0800/1030] loss = 0.014952
[e084 s0850/1030] loss = 0.015083
[e084 s0900/1030] loss = 0.015258
[e084 s0950/1030] loss = 0.015267
[e084 s1000/1030] loss = 0.015083
Epoch 084: train_loss = 0.015015  MAE/GAME0 = 15.995  RMSE = 37.293  GAME1 = 21.221  GAME2 = 24.281  GAME3 = 25.544  lr = 1.00e-05  time = 7.7s
[e085 s0001/1030] loss = 0.042448
[e085 s0050/1030] loss = 0.015018
[e085 s0100/1030] loss = 0.015846
[e085 s0150/1030] loss = 0.019258
[e085 s0200/1030] loss = 0.021562
[e085 s0250/1030] loss = 0.020624
[e085 s0300/1030] loss = 0.019404
[e085 s0350/1030] loss = 0.018374
[e085 s0400/1030] loss = 0.018503
[e085 s0450/1030] loss = 0.017691
[e085 s0500/1030] loss = 0.018185
[e085 s0550/1030] loss = 0.017633
[e085 s0600/1030] loss = 0.017533
[e085 s0650/1030] loss = 0.017293
[e085 s0700/1030] loss = 0.017386
[e085 s0750/1030] loss = 0.016914
[e085 s0800/1030] loss = 0.016645
[e085 s0850/1030] loss = 0.016920
[e085 s0900/1030] loss = 0.016773
[e085 s0950/1030] loss = 0.016698
[e085 s1000/1030] loss = 0.016626
Epoch 085: train_loss = 0.016425  MAE/GAME0 = 15.657  RMSE = 36.868  GAME1 = 21.339  GAME2 = 24.659  GAME3 = 26.036  lr = 1.00e-05  time = 8.0s
[e086 s0001/1030] loss = 0.001669
[e086 s0050/1030] loss = 0.020015
[e086 s0100/1030] loss = 0.018331
[e086 s0150/1030] loss = 0.017003
[e086 s0200/1030] loss = 0.015620
[e086 s0250/1030] loss = 0.014608
[e086 s0300/1030] loss = 0.014183
[e086 s0350/1030] loss = 0.014856
[e086 s0400/1030] loss = 0.014982
[e086 s0450/1030] loss = 0.015288
[e086 s0500/1030] loss = 0.016021
[e086 s0550/1030] loss = 0.016179
[e086 s0600/1030] loss = 0.015817
[e086 s0650/1030] loss = 0.015798
[e086 s0700/1030] loss = 0.016186
[e086 s0750/1030] loss = 0.015939
[e086 s0800/1030] loss = 0.016508
[e086 s0850/1030] loss = 0.016389
[e086 s0900/1030] loss = 0.016168
[e086 s0950/1030] loss = 0.016310
[e086 s1000/1030] loss = 0.016264
Epoch 086: train_loss = 0.016163  MAE/GAME0 = 15.499  RMSE = 36.625  GAME1 = 21.440  GAME2 = 24.923  GAME3 = 26.360  lr = 1.00e-05  time = 7.7s
[e087 s0001/1030] loss = 0.034256
[e087 s0050/1030] loss = 0.016648
[e087 s0100/1030] loss = 0.014162
[e087 s0150/1030] loss = 0.015052
[e087 s0200/1030] loss = 0.014464
[e087 s0250/1030] loss = 0.014021
[e087 s0300/1030] loss = 0.015910
[e087 s0350/1030] loss = 0.015728
[e087 s0400/1030] loss = 0.015797
[e087 s0450/1030] loss = 0.015546
[e087 s0500/1030] loss = 0.015157
[e087 s0550/1030] loss = 0.015275
[e087 s0600/1030] loss = 0.015096
[e087 s0650/1030] loss = 0.016027
[e087 s0700/1030] loss = 0.016230
[e087 s0750/1030] loss = 0.016272
[e087 s0800/1030] loss = 0.016340
[e087 s0850/1030] loss = 0.016383
[e087 s0900/1030] loss = 0.016305
[e087 s0950/1030] loss = 0.016035
[e087 s1000/1030] loss = 0.016089
Epoch 087: train_loss = 0.016296  MAE/GAME0 = 16.172  RMSE = 37.495  GAME1 = 21.191  GAME2 = 24.130  GAME3 = 25.335  lr = 1.00e-05  time = 7.8s
[e088 s0001/1030] loss = 0.010724
[e088 s0050/1030] loss = 0.014326
[e088 s0100/1030] loss = 0.022977
[e088 s0150/1030] loss = 0.020779
[e088 s0200/1030] loss = 0.019584
[e088 s0250/1030] loss = 0.017817
[e088 s0300/1030] loss = 0.017105
[e088 s0350/1030] loss = 0.017647
[e088 s0400/1030] loss = 0.017605
[e088 s0450/1030] loss = 0.017208
[e088 s0500/1030] loss = 0.018272
[e088 s0550/1030] loss = 0.017579
[e088 s0600/1030] loss = 0.017095
[e088 s0650/1030] loss = 0.018323
[e088 s0700/1030] loss = 0.018996
[e088 s0750/1030] loss = 0.018288
[e088 s0800/1030] loss = 0.017907
[e088 s0850/1030] loss = 0.017771
[e088 s0900/1030] loss = 0.017560
[e088 s0950/1030] loss = 0.017645
[e088 s1000/1030] loss = 0.017771
Epoch 088: train_loss = 0.017616  MAE/GAME0 = 16.433  RMSE = 37.776  GAME1 = 21.167  GAME2 = 23.942  GAME3 = 25.069  lr = 1.00e-05  time = 7.8s
[e089 s0001/1030] loss = 0.009890
[e089 s0050/1030] loss = 0.011673
[e089 s0100/1030] loss = 0.018823
[e089 s0150/1030] loss = 0.016463
[e089 s0200/1030] loss = 0.016403
[e089 s0250/1030] loss = 0.015330
[e089 s0300/1030] loss = 0.015347
[e089 s0350/1030] loss = 0.015136
[e089 s0400/1030] loss = 0.014754
[e089 s0450/1030] loss = 0.014679
[e089 s0500/1030] loss = 0.014746
[e089 s0550/1030] loss = 0.014756
[e089 s0600/1030] loss = 0.014487
[e089 s0650/1030] loss = 0.014610
[e089 s0700/1030] loss = 0.015242
[e089 s0750/1030] loss = 0.015159
[e089 s0800/1030] loss = 0.015545
[e089 s0850/1030] loss = 0.015500
[e089 s0900/1030] loss = 0.015260
[e089 s0950/1030] loss = 0.015317
[e089 s1000/1030] loss = 0.015152
Epoch 089: train_loss = 0.015071  MAE/GAME0 = 16.128  RMSE = 37.446  GAME1 = 21.197  GAME2 = 24.165  GAME3 = 25.385  lr = 1.00e-05  time = 7.7s
[e090 s0001/1030] loss = 0.004930
[e090 s0050/1030] loss = 0.011248
[e090 s0100/1030] loss = 0.013102
[e090 s0150/1030] loss = 0.014345
[e090 s0200/1030] loss = 0.013289
[e090 s0250/1030] loss = 0.014563
[e090 s0300/1030] loss = 0.014035
[e090 s0350/1030] loss = 0.014042
[e090 s0400/1030] loss = 0.013998
[e090 s0450/1030] loss = 0.014609
[e090 s0500/1030] loss = 0.014123
[e090 s0550/1030] loss = 0.014498
[e090 s0600/1030] loss = 0.014457
[e090 s0650/1030] loss = 0.015136
[e090 s0700/1030] loss = 0.016106
[e090 s0750/1030] loss = 0.016139
[e090 s0800/1030] loss = 0.016209
[e090 s0850/1030] loss = 0.016204
[e090 s0900/1030] loss = 0.015998
[e090 s0950/1030] loss = 0.015918
[e090 s1000/1030] loss = 0.016015
Epoch 090: train_loss = 0.015957  MAE/GAME0 = 15.382  RMSE = 36.332  GAME1 = 21.600  GAME2 = 25.302  GAME3 = 26.809  lr = 1.00e-05  time = 7.6s
[e091 s0001/1030] loss = 0.006012
[e091 s0050/1030] loss = 0.015579
[e091 s0100/1030] loss = 0.014571
[e091 s0150/1030] loss = 0.015126
[e091 s0200/1030] loss = 0.015357
[e091 s0250/1030] loss = 0.015129
[e091 s0300/1030] loss = 0.014825
[e091 s0350/1030] loss = 0.014433
[e091 s0400/1030] loss = 0.015481
[e091 s0450/1030] loss = 0.015384
[e091 s0500/1030] loss = 0.015177
[e091 s0550/1030] loss = 0.015417
[e091 s0600/1030] loss = 0.015074
[e091 s0650/1030] loss = 0.014629
[e091 s0700/1030] loss = 0.014603
[e091 s0750/1030] loss = 0.015371
[e091 s0800/1030] loss = 0.015275
[e091 s0850/1030] loss = 0.015066
[e091 s0900/1030] loss = 0.014990
[e091 s0950/1030] loss = 0.014840
[e091 s1000/1030] loss = 0.014871
Epoch 091: train_loss = 0.014990  MAE/GAME0 = 15.835  RMSE = 37.098  GAME1 = 21.265  GAME2 = 24.442  GAME3 = 25.758  lr = 1.00e-05  time = 7.6s
[e092 s0001/1030] loss = 0.012266
[e092 s0050/1030] loss = 0.018227
[e092 s0100/1030] loss = 0.016502
[e092 s0150/1030] loss = 0.016603
[e092 s0200/1030] loss = 0.017128
[e092 s0250/1030] loss = 0.016193
[e092 s0300/1030] loss = 0.015903
[e092 s0350/1030] loss = 0.015217
[e092 s0400/1030] loss = 0.014724
[e092 s0450/1030] loss = 0.014945
[e092 s0500/1030] loss = 0.015045
[e092 s0550/1030] loss = 0.015137
[e092 s0600/1030] loss = 0.014990
[e092 s0650/1030] loss = 0.014893
[e092 s0700/1030] loss = 0.015083
[e092 s0750/1030] loss = 0.015138
[e092 s0800/1030] loss = 0.015161
[e092 s0850/1030] loss = 0.015401
[e092 s0900/1030] loss = 0.015537
[e092 s0950/1030] loss = 0.015542
[e092 s1000/1030] loss = 0.015855
Epoch 092: train_loss = 0.016077  MAE/GAME0 = 15.967  RMSE = 37.258  GAME1 = 21.228  GAME2 = 24.308  GAME3 = 25.581  lr = 1.00e-05  time = 7.6s
[e093 s0001/1030] loss = 0.011468
[e093 s0050/1030] loss = 0.017305
[e093 s0100/1030] loss = 0.015523
[e093 s0150/1030] loss = 0.016206
[e093 s0200/1030] loss = 0.015399
[e093 s0250/1030] loss = 0.015492
[e093 s0300/1030] loss = 0.015060
[e093 s0350/1030] loss = 0.014866
[e093 s0400/1030] loss = 0.016093
[e093 s0450/1030] loss = 0.016055
[e093 s0500/1030] loss = 0.016139
[e093 s0550/1030] loss = 0.015671
[e093 s0600/1030] loss = 0.015641
[e093 s0650/1030] loss = 0.015865
[e093 s0700/1030] loss = 0.015958
[e093 s0750/1030] loss = 0.016261
[e093 s0800/1030] loss = 0.015991
[e093 s0850/1030] loss = 0.015909
[e093 s0900/1030] loss = 0.017018
[e093 s0950/1030] loss = 0.016880
[e093 s1000/1030] loss = 0.016758
Epoch 093: train_loss = 0.016693  MAE/GAME0 = 15.706  RMSE = 36.933  GAME1 = 21.317  GAME2 = 24.595  GAME3 = 25.955  lr = 1.00e-05  time = 7.6s
[e094 s0001/1030] loss = 0.003078
[e094 s0050/1030] loss = 0.013824
[e094 s0100/1030] loss = 0.018282
[e094 s0150/1030] loss = 0.017225
[e094 s0200/1030] loss = 0.016446
[e094 s0250/1030] loss = 0.019072
[e094 s0300/1030] loss = 0.018375
[e094 s0350/1030] loss = 0.017762
[e094 s0400/1030] loss = 0.017586
[e094 s0450/1030] loss = 0.017263
[e094 s0500/1030] loss = 0.017018
[e094 s0550/1030] loss = 0.017136
[e094 s0600/1030] loss = 0.016912
[e094 s0650/1030] loss = 0.016458
[e094 s0700/1030] loss = 0.016169
[e094 s0750/1030] loss = 0.016210
[e094 s0800/1030] loss = 0.016504
[e094 s0850/1030] loss = 0.016829
[e094 s0900/1030] loss = 0.016690
[e094 s0950/1030] loss = 0.016654
[e094 s1000/1030] loss = 0.016428
Epoch 094: train_loss = 0.016370  MAE/GAME0 = 15.587  RMSE = 36.777  GAME1 = 21.375  GAME2 = 24.755  GAME3 = 26.154  lr = 1.00e-05  time = 7.7s
[e095 s0001/1030] loss = 0.005758
[e095 s0050/1030] loss = 0.020965
[e095 s0100/1030] loss = 0.017137
[e095 s0150/1030] loss = 0.015842
[e095 s0200/1030] loss = 0.015621
[e095 s0250/1030] loss = 0.015809
[e095 s0300/1030] loss = 0.015634
[e095 s0350/1030] loss = 0.014970
[e095 s0400/1030] loss = 0.015280
[e095 s0450/1030] loss = 0.015314
[e095 s0500/1030] loss = 0.015034
[e095 s0550/1030] loss = 0.016733
[e095 s0600/1030] loss = 0.016318
[e095 s0650/1030] loss = 0.016129
[e095 s0700/1030] loss = 0.016028
[e095 s0750/1030] loss = 0.015942
[e095 s0800/1030] loss = 0.015612
[e095 s0850/1030] loss = 0.015441
[e095 s0900/1030] loss = 0.015189
[e095 s0950/1030] loss = 0.015208
[e095 s1000/1030] loss = 0.015660
Epoch 095: train_loss = 0.015559  MAE/GAME0 = 16.518  RMSE = 37.859  GAME1 = 21.166  GAME2 = 23.892  GAME3 = 24.996  lr = 1.00e-05  time = 7.6s
[e096 s0001/1030] loss = 0.005706
[e096 s0050/1030] loss = 0.019054
[e096 s0100/1030] loss = 0.020098
[e096 s0150/1030] loss = 0.019619
[e096 s0200/1030] loss = 0.018348
[e096 s0250/1030] loss = 0.017076
[e096 s0300/1030] loss = 0.019043
[e096 s0350/1030] loss = 0.018215
[e096 s0400/1030] loss = 0.017836
[e096 s0450/1030] loss = 0.017083
[e096 s0500/1030] loss = 0.016891
[e096 s0550/1030] loss = 0.016906
[e096 s0600/1030] loss = 0.016791
[e096 s0650/1030] loss = 0.016349
[e096 s0700/1030] loss = 0.016408
[e096 s0750/1030] loss = 0.016129
[e096 s0800/1030] loss = 0.016385
[e096 s0850/1030] loss = 0.016250
[e096 s0900/1030] loss = 0.016470
[e096 s0950/1030] loss = 0.016375
[e096 s1000/1030] loss = 0.016574
Epoch 096: train_loss = 0.016444  MAE/GAME0 = 16.111  RMSE = 37.427  GAME1 = 21.199  GAME2 = 24.179  GAME3 = 25.404  lr = 1.00e-05  time = 7.8s
[e097 s0001/1030] loss = 0.015951
[e097 s0050/1030] loss = 0.013706
[e097 s0100/1030] loss = 0.013155
[e097 s0150/1030] loss = 0.017736
[e097 s0200/1030] loss = 0.016314
[e097 s0250/1030] loss = 0.015676
[e097 s0300/1030] loss = 0.015336
[e097 s0350/1030] loss = 0.015512
[e097 s0400/1030] loss = 0.015779
[e097 s0450/1030] loss = 0.015306
[e097 s0500/1030] loss = 0.015714
[e097 s0550/1030] loss = 0.016680
[e097 s0600/1030] loss = 0.016321
[e097 s0650/1030] loss = 0.016131
[e097 s0700/1030] loss = 0.015846
[e097 s0750/1030] loss = 0.015514
[e097 s0800/1030] loss = 0.015526
[e097 s0850/1030] loss = 0.015297
[e097 s0900/1030] loss = 0.015179
[e097 s0950/1030] loss = 0.015076
[e097 s1000/1030] loss = 0.015974
Epoch 097: train_loss = 0.015846  MAE/GAME0 = 15.775  RMSE = 37.027  GAME1 = 21.286  GAME2 = 24.505  GAME3 = 25.841  lr = 1.00e-05  time = 7.9s
[e098 s0001/1030] loss = 0.011849
[e098 s0050/1030] loss = 0.017723
[e098 s0100/1030] loss = 0.014723
[e098 s0150/1030] loss = 0.014113
[e098 s0200/1030] loss = 0.014758
[e098 s0250/1030] loss = 0.016998
[e098 s0300/1030] loss = 0.016213
[e098 s0350/1030] loss = 0.016465
[e098 s0400/1030] loss = 0.016120
[e098 s0450/1030] loss = 0.015751
[e098 s0500/1030] loss = 0.015392
[e098 s0550/1030] loss = 0.015041
[e098 s0600/1030] loss = 0.015723
[e098 s0650/1030] loss = 0.015491
[e098 s0700/1030] loss = 0.015337
[e098 s0750/1030] loss = 0.015941
[e098 s0800/1030] loss = 0.015863
[e098 s0850/1030] loss = 0.016601
[e098 s0900/1030] loss = 0.016208
[e098 s0950/1030] loss = 0.016368
[e098 s1000/1030] loss = 0.016156
Epoch 098: train_loss = 0.016089  MAE/GAME0 = 16.160  RMSE = 37.482  GAME1 = 21.192  GAME2 = 24.139  GAME3 = 25.348  lr = 1.00e-05  time = 7.7s
[e099 s0001/1030] loss = 0.001472
[e099 s0050/1030] loss = 0.017021
[e099 s0100/1030] loss = 0.015771
[e099 s0150/1030] loss = 0.015380
[e099 s0200/1030] loss = 0.017020
[e099 s0250/1030] loss = 0.015781
[e099 s0300/1030] loss = 0.016404
[e099 s0350/1030] loss = 0.016090
[e099 s0400/1030] loss = 0.015768
[e099 s0450/1030] loss = 0.015767
[e099 s0500/1030] loss = 0.015515
[e099 s0550/1030] loss = 0.015976
[e099 s0600/1030] loss = 0.015742
[e099 s0650/1030] loss = 0.015534
[e099 s0700/1030] loss = 0.015117
[e099 s0750/1030] loss = 0.015125
[e099 s0800/1030] loss = 0.015087
[e099 s0850/1030] loss = 0.015064
[e099 s0900/1030] loss = 0.015247
[e099 s0950/1030] loss = 0.015915
[e099 s1000/1030] loss = 0.016122
Epoch 099: train_loss = 0.016391  MAE/GAME0 = 16.183  RMSE = 37.507  GAME1 = 21.189  GAME2 = 24.121  GAME3 = 25.324  lr = 1.00e-05  time = 7.6s
[e100 s0001/1030] loss = 0.009571
[e100 s0050/1030] loss = 0.014830
[e100 s0100/1030] loss = 0.015957
[e100 s0150/1030] loss = 0.016839
[e100 s0200/1030] loss = 0.016889
[e100 s0250/1030] loss = 0.016789
[e100 s0300/1030] loss = 0.016100
[e100 s0350/1030] loss = 0.016206
[e100 s0400/1030] loss = 0.015973
[e100 s0450/1030] loss = 0.016751
[e100 s0500/1030] loss = 0.016695
[e100 s0550/1030] loss = 0.016266
[e100 s0600/1030] loss = 0.015984
[e100 s0650/1030] loss = 0.015763
[e100 s0700/1030] loss = 0.015408
[e100 s0750/1030] loss = 0.015313
[e100 s0800/1030] loss = 0.016182
[e100 s0850/1030] loss = 0.016229
[e100 s0900/1030] loss = 0.016197
[e100 s0950/1030] loss = 0.016116
[e100 s1000/1030] loss = 0.016144
Epoch 100: train_loss = 0.016012  MAE/GAME0 = 16.189  RMSE = 37.515  GAME1 = 21.188  GAME2 = 24.116  GAME3 = 25.316  lr = 1.00e-05  time = 7.8s
[done] best_mae = 15.355  best_path = /scratch/users/ntu/kenneth0/FYP-SmartObjectCounter/outputs/train_rgbt_early_e100_sanity/12791904.pbs101_20260126_171243/best.pth
