[log] /scratch/users/ntu/kenneth0/FYP-SmartObjectCounter/logs/train_rgbt_adaptive_late_e100_sanity_12838546.pbs101_20260206_140545.log
[job] name=train_rgbt_adaptive_late_e100_sanity id=12838546.pbs101 host=x1000c0s5b0n0 time=Fri Feb  6 14:05:45 +08 2026
torch 2.6.0+cu118 cuda True
[init] device = cuda
[init] train = 1030  val = 200  workers = 4
/scratch/users/ntu/kenneth0/FYP-SmartObjectCounter/scripts/train_rgbt.py:383: FutureWarning: `torch.cuda.amp.GradScaler(args...)` is deprecated. Please use `torch.amp.GradScaler('cuda', args...)` instead.
  scaler = GradScaler(enabled = bool(args.amp))
[e001 s0001/1030] loss = 160921.921875
[e001 s0050/1030] loss = 6438.973167
[e001 s0100/1030] loss = 3414.195166
[e001 s0150/1030] loss = 2402.966943
[e001 s0200/1030] loss = 1895.086243
[e001 s0250/1030] loss = 1589.738468
[e001 s0300/1030] loss = 1385.987148
[e001 s0350/1030] loss = 1239.726508
[e001 s0400/1030] loss = 1130.117099
[e001 s0450/1030] loss = 1044.744976
[e001 s0500/1030] loss = 976.815535
[e001 s0550/1030] loss = 921.008072
[e001 s0600/1030] loss = 874.096433
[e001 s0650/1030] loss = 834.283922
[e001 s0700/1030] loss = 800.327393
[e001 s0750/1030] loss = 770.933499
[e001 s0800/1030] loss = 745.282374
[e001 s0850/1030] loss = 722.258688
[e001 s0900/1030] loss = 702.284253
[e001 s0950/1030] loss = 684.106206
[e001 s1000/1030] loss = 667.988126
Epoch 001: train_loss = 658.998696  MAE/GAME0 = 520.638  RMSE = 521.830  GAME1 = 521.206  GAME2 = 523.250  GAME3 = 522.819  lr = 1.00e-05  time = 25.2s
[e002 s0001/1030] loss = 376.052490
[e002 s0050/1030] loss = 361.689279
[e002 s0100/1030] loss = 362.019366
[e002 s0150/1030] loss = 359.373753
[e002 s0200/1030] loss = 359.501926
[e002 s0250/1030] loss = 358.642130
[e002 s0300/1030] loss = 357.916026
[e002 s0350/1030] loss = 358.080923
[e002 s0400/1030] loss = 358.530892
[e002 s0450/1030] loss = 357.948088
[e002 s0500/1030] loss = 358.396834
[e002 s0550/1030] loss = 358.673965
[e002 s0600/1030] loss = 358.921083
[e002 s0650/1030] loss = 358.782447
[e002 s0700/1030] loss = 358.506696
[e002 s0750/1030] loss = 358.686796
[e002 s0800/1030] loss = 358.655686
[e002 s0850/1030] loss = 358.474534
[e002 s0900/1030] loss = 358.581436
[e002 s0950/1030] loss = 358.577835
[e002 s1000/1030] loss = 358.414322
Epoch 002: train_loss = 358.328708  MAE/GAME0 = 520.308  RMSE = 521.502  GAME1 = 520.886  GAME2 = 522.922  GAME3 = 522.489  lr = 1.00e-05  time = 15.4s
[e003 s0001/1030] loss = 377.465912
[e003 s0050/1030] loss = 360.019496
[e003 s0100/1030] loss = 358.026079
[e003 s0150/1030] loss = 357.914076
[e003 s0200/1030] loss = 358.362449
[e003 s0250/1030] loss = 359.204518
[e003 s0300/1030] loss = 358.400857
[e003 s0350/1030] loss = 358.888263
[e003 s0400/1030] loss = 358.107615
[e003 s0450/1030] loss = 358.167718
[e003 s0500/1030] loss = 358.232156
[e003 s0550/1030] loss = 358.647875
[e003 s0600/1030] loss = 358.699148
[e003 s0650/1030] loss = 358.780179
[e003 s0700/1030] loss = 358.530250
[e003 s0750/1030] loss = 358.529919
[e003 s0800/1030] loss = 358.527160
[e003 s0850/1030] loss = 358.129589
[e003 s0900/1030] loss = 357.929326
[e003 s0950/1030] loss = 357.735793
[e003 s1000/1030] loss = 357.833416
Epoch 003: train_loss = 357.827958  MAE/GAME0 = 520.228  RMSE = 521.422  GAME1 = 520.808  GAME2 = 522.842  GAME3 = 522.409  lr = 1.00e-05  time = 15.2s
[e004 s0001/1030] loss = 373.148499
[e004 s0050/1030] loss = 357.079769
[e004 s0100/1030] loss = 356.215650
[e004 s0150/1030] loss = 355.910271
[e004 s0200/1030] loss = 356.274546
[e004 s0250/1030] loss = 357.332978
[e004 s0300/1030] loss = 357.093798
[e004 s0350/1030] loss = 356.458787
[e004 s0400/1030] loss = 356.607977
[e004 s0450/1030] loss = 356.720088
[e004 s0500/1030] loss = 357.041985
[e004 s0550/1030] loss = 357.190751
[e004 s0600/1030] loss = 357.048021
[e004 s0650/1030] loss = 356.724108
[e004 s0700/1030] loss = 357.255061
[e004 s0750/1030] loss = 356.977958
[e004 s0800/1030] loss = 356.973833
[e004 s0850/1030] loss = 357.153329
[e004 s0900/1030] loss = 357.192740
[e004 s0950/1030] loss = 357.034406
[e004 s1000/1030] loss = 356.814517
Epoch 004: train_loss = 356.986566  MAE/GAME0 = 520.205  RMSE = 521.400  GAME1 = 520.786  GAME2 = 522.819  GAME3 = 522.386  lr = 1.00e-05  time = 15.5s
[e005 s0001/1030] loss = 371.885742
[e005 s0050/1030] loss = 357.325396
[e005 s0100/1030] loss = 358.542776
[e005 s0150/1030] loss = 357.912240
[e005 s0200/1030] loss = 358.381664
[e005 s0250/1030] loss = 358.002412
[e005 s0300/1030] loss = 358.315164
[e005 s0350/1030] loss = 358.882259
[e005 s0400/1030] loss = 358.503639
[e005 s0450/1030] loss = 358.589186
[e005 s0500/1030] loss = 358.386122
[e005 s0550/1030] loss = 358.442164
[e005 s0600/1030] loss = 358.595900
[e005 s0650/1030] loss = 358.736506
[e005 s0700/1030] loss = 358.756666
[e005 s0750/1030] loss = 358.581211
[e005 s0800/1030] loss = 358.915606
[e005 s0850/1030] loss = 358.864077
[e005 s0900/1030] loss = 358.811862
[e005 s0950/1030] loss = 358.738911
[e005 s1000/1030] loss = 358.522829
Epoch 005: train_loss = 358.583560  MAE/GAME0 = 520.195  RMSE = 521.390  GAME1 = 520.776  GAME2 = 522.809  GAME3 = 522.376  lr = 1.00e-05  time = 15.2s
[e006 s0001/1030] loss = 375.884003
[e006 s0050/1030] loss = 359.846735
[e006 s0100/1030] loss = 359.126642
[e006 s0150/1030] loss = 358.843759
[e006 s0200/1030] loss = 358.087959
[e006 s0250/1030] loss = 358.186534
[e006 s0300/1030] loss = 358.438555
[e006 s0350/1030] loss = 358.349454
[e006 s0400/1030] loss = 358.077078
[e006 s0450/1030] loss = 358.162879
[e006 s0500/1030] loss = 358.195401
[e006 s0550/1030] loss = 358.022351
[e006 s0600/1030] loss = 358.208707
[e006 s0650/1030] loss = 357.729321
[e006 s0700/1030] loss = 357.388216
[e006 s0750/1030] loss = 357.130402
[e006 s0800/1030] loss = 357.023932
[e006 s0850/1030] loss = 357.301469
[e006 s0900/1030] loss = 357.166661
[e006 s0950/1030] loss = 357.130661
[e006 s1000/1030] loss = 356.919983
Epoch 006: train_loss = 356.928481  MAE/GAME0 = 520.189  RMSE = 521.384  GAME1 = 520.770  GAME2 = 522.803  GAME3 = 522.370  lr = 1.00e-05  time = 15.2s
[e007 s0001/1030] loss = 300.632874
[e007 s0050/1030] loss = 355.556813
[e007 s0100/1030] loss = 355.360290
[e007 s0150/1030] loss = 356.657670
[e007 s0200/1030] loss = 356.617992
[e007 s0250/1030] loss = 356.432922
[e007 s0300/1030] loss = 356.712283
[e007 s0350/1030] loss = 356.636771
[e007 s0400/1030] loss = 357.019482
[e007 s0450/1030] loss = 356.624673
[e007 s0500/1030] loss = 356.618006
[e007 s0550/1030] loss = 356.676469
[e007 s0600/1030] loss = 356.879288
[e007 s0650/1030] loss = 357.116711
[e007 s0700/1030] loss = 357.400726
[e007 s0750/1030] loss = 357.498419
[e007 s0800/1030] loss = 357.684013
[e007 s0850/1030] loss = 357.783158
[e007 s0900/1030] loss = 357.569034
[e007 s0950/1030] loss = 357.440525
[e007 s1000/1030] loss = 357.270585
Epoch 007: train_loss = 357.340282  MAE/GAME0 = 520.186  RMSE = 521.381  GAME1 = 520.767  GAME2 = 522.800  GAME3 = 522.367  lr = 1.00e-05  time = 15.1s
[e008 s0001/1030] loss = 339.162415
[e008 s0050/1030] loss = 359.940950
[e008 s0100/1030] loss = 359.029149
[e008 s0150/1030] loss = 357.752065
[e008 s0200/1030] loss = 358.149622
[e008 s0250/1030] loss = 358.192281
[e008 s0300/1030] loss = 357.565906
[e008 s0350/1030] loss = 357.713499
[e008 s0400/1030] loss = 357.974742
[e008 s0450/1030] loss = 357.976538
[e008 s0500/1030] loss = 358.003980
[e008 s0550/1030] loss = 358.183071
[e008 s0600/1030] loss = 358.277225
[e008 s0650/1030] loss = 357.890075
[e008 s0700/1030] loss = 357.793553
[e008 s0750/1030] loss = 357.861393
[e008 s0800/1030] loss = 357.705797
[e008 s0850/1030] loss = 357.875751
[e008 s0900/1030] loss = 357.719138
[e008 s0950/1030] loss = 357.780926
[e008 s1000/1030] loss = 357.963167
Epoch 008: train_loss = 358.013601  MAE/GAME0 = 520.184  RMSE = 521.379  GAME1 = 520.765  GAME2 = 522.798  GAME3 = 522.365  lr = 1.00e-05  time = 15.3s
[e009 s0001/1030] loss = 353.830872
[e009 s0050/1030] loss = 358.349700
[e009 s0100/1030] loss = 354.179347
[e009 s0150/1030] loss = 353.929833
[e009 s0200/1030] loss = 355.400947
[e009 s0250/1030] loss = 357.288154
[e009 s0300/1030] loss = 357.266645
[e009 s0350/1030] loss = 357.533767
[e009 s0400/1030] loss = 356.869166
[e009 s0450/1030] loss = 356.756265
[e009 s0500/1030] loss = 356.683360
[e009 s0550/1030] loss = 356.590328
[e009 s0600/1030] loss = 356.766358
[e009 s0650/1030] loss = 357.078645
[e009 s0700/1030] loss = 357.340116
[e009 s0750/1030] loss = 357.272323
[e009 s0800/1030] loss = 357.577124
[e009 s0850/1030] loss = 357.429430
[e009 s0900/1030] loss = 357.573732
[e009 s0950/1030] loss = 357.844465
[e009 s1000/1030] loss = 357.812082
Epoch 009: train_loss = 357.743673  MAE/GAME0 = 520.184  RMSE = 521.379  GAME1 = 520.765  GAME2 = 522.797  GAME3 = 522.365  lr = 1.00e-05  time = 15.1s
[e010 s0001/1030] loss = 367.889587
[e010 s0050/1030] loss = 356.671264
[e010 s0100/1030] loss = 356.487203
[e010 s0150/1030] loss = 356.401430
[e010 s0200/1030] loss = 356.768789
[e010 s0250/1030] loss = 356.679952
[e010 s0300/1030] loss = 356.987651
[e010 s0350/1030] loss = 357.332483
[e010 s0400/1030] loss = 357.065581
[e010 s0450/1030] loss = 356.958703
[e010 s0500/1030] loss = 357.032563
[e010 s0550/1030] loss = 357.173815
[e010 s0600/1030] loss = 357.159011
[e010 s0650/1030] loss = 356.948274
[e010 s0700/1030] loss = 356.737074
[e010 s0750/1030] loss = 357.084685
[e010 s0800/1030] loss = 357.327657
[e010 s0850/1030] loss = 357.226032
[e010 s0900/1030] loss = 356.916213
[e010 s0950/1030] loss = 356.838982
[e010 s1000/1030] loss = 356.970545
Epoch 010: train_loss = 357.045277  MAE/GAME0 = 520.183  RMSE = 521.378  GAME1 = 520.764  GAME2 = 522.797  GAME3 = 522.364  lr = 1.00e-05  time = 15.2s
[e011 s0001/1030] loss = 367.082336
[e011 s0050/1030] loss = 360.279957
[e011 s0100/1030] loss = 359.602088
[e011 s0150/1030] loss = 358.599309
[e011 s0200/1030] loss = 357.685309
[e011 s0250/1030] loss = 358.524797
[e011 s0300/1030] loss = 358.493036
[e011 s0350/1030] loss = 358.015338
[e011 s0400/1030] loss = 357.483119
[e011 s0450/1030] loss = 357.776226
[e011 s0500/1030] loss = 358.061827
[e011 s0550/1030] loss = 358.000904
[e011 s0600/1030] loss = 358.288148
[e011 s0650/1030] loss = 358.399932
[e011 s0700/1030] loss = 358.168759
[e011 s0750/1030] loss = 358.070505
[e011 s0800/1030] loss = 358.159792
[e011 s0850/1030] loss = 357.971472
[e011 s0900/1030] loss = 357.567683
[e011 s0950/1030] loss = 357.552294
[e011 s1000/1030] loss = 357.659458
Epoch 011: train_loss = 357.746782  MAE/GAME0 = 520.183  RMSE = 521.378  GAME1 = 520.764  GAME2 = 522.796  GAME3 = 522.364  lr = 1.00e-05  time = 15.5s
[e012 s0001/1030] loss = 377.218658
[e012 s0050/1030] loss = 359.862529
[e012 s0100/1030] loss = 360.180975
[e012 s0150/1030] loss = 357.134339
[e012 s0200/1030] loss = 357.652119
[e012 s0250/1030] loss = 357.897051
[e012 s0300/1030] loss = 357.928161
[e012 s0350/1030] loss = 358.181659
[e012 s0400/1030] loss = 358.218431
[e012 s0450/1030] loss = 357.965804
[e012 s0500/1030] loss = 357.850493
[e012 s0550/1030] loss = 357.864872
[e012 s0600/1030] loss = 357.463217
[e012 s0650/1030] loss = 357.515295
[e012 s0700/1030] loss = 357.667870
[e012 s0750/1030] loss = 357.632800
[e012 s0800/1030] loss = 357.609858
[e012 s0850/1030] loss = 357.553371
[e012 s0900/1030] loss = 357.699188
[e012 s0950/1030] loss = 357.721395
[e012 s1000/1030] loss = 357.699452
Epoch 012: train_loss = 357.659971  MAE/GAME0 = 520.183  RMSE = 521.378  GAME1 = 520.764  GAME2 = 522.796  GAME3 = 522.364  lr = 1.00e-05  time = 15.6s
[e013 s0001/1030] loss = 308.026276
[e013 s0050/1030] loss = 354.945073
[e013 s0100/1030] loss = 359.228886
[e013 s0150/1030] loss = 360.292605
[e013 s0200/1030] loss = 359.984159
[e013 s0250/1030] loss = 359.103357
[e013 s0300/1030] loss = 357.941533
[e013 s0350/1030] loss = 357.583626
[e013 s0400/1030] loss = 357.882092
[e013 s0450/1030] loss = 358.128100
[e013 s0500/1030] loss = 358.318588
[e013 s0550/1030] loss = 358.631934
[e013 s0600/1030] loss = 358.865345
[e013 s0650/1030] loss = 358.257910
[e013 s0700/1030] loss = 358.230230
[e013 s0750/1030] loss = 358.234245
[e013 s0800/1030] loss = 358.168206
[e013 s0850/1030] loss = 358.060488
[e013 s0900/1030] loss = 358.048708
[e013 s0950/1030] loss = 357.881155
[e013 s1000/1030] loss = 357.987868
Epoch 013: train_loss = 357.743222  MAE/GAME0 = 520.182  RMSE = 521.377  GAME1 = 520.764  GAME2 = 522.796  GAME3 = 522.364  lr = 1.00e-05  time = 15.5s
[e014 s0001/1030] loss = 364.029785
[e014 s0050/1030] loss = 361.967750
[e014 s0100/1030] loss = 358.474366
[e014 s0150/1030] loss = 357.772756
[e014 s0200/1030] loss = 359.532160
[e014 s0250/1030] loss = 359.609532
[e014 s0300/1030] loss = 359.324793
[e014 s0350/1030] loss = 358.987652
[e014 s0400/1030] loss = 358.428203
[e014 s0450/1030] loss = 358.621505
[e014 s0500/1030] loss = 358.584423
[e014 s0550/1030] loss = 358.034641
[e014 s0600/1030] loss = 357.588374
[e014 s0650/1030] loss = 357.531317
[e014 s0700/1030] loss = 357.604652
[e014 s0750/1030] loss = 357.404272
[e014 s0800/1030] loss = 356.948972
[e014 s0850/1030] loss = 357.112173
[e014 s0900/1030] loss = 357.241557
[e014 s0950/1030] loss = 357.129158
[e014 s1000/1030] loss = 357.124369
Epoch 014: train_loss = 356.982364  MAE/GAME0 = 520.182  RMSE = 521.377  GAME1 = 520.764  GAME2 = 522.796  GAME3 = 522.363  lr = 1.00e-05  time = 15.1s
[e015 s0001/1030] loss = 375.871948
[e015 s0050/1030] loss = 360.461485
[e015 s0100/1030] loss = 358.050529
[e015 s0150/1030] loss = 357.305359
[e015 s0200/1030] loss = 357.996004
[e015 s0250/1030] loss = 357.571110
[e015 s0300/1030] loss = 357.820026
[e015 s0350/1030] loss = 357.038324
[e015 s0400/1030] loss = 357.018321
[e015 s0450/1030] loss = 357.111468
[e015 s0500/1030] loss = 357.100520
[e015 s0550/1030] loss = 356.812798
[e015 s0600/1030] loss = 357.012188
[e015 s0650/1030] loss = 357.142158
[e015 s0700/1030] loss = 356.839612
[e015 s0750/1030] loss = 356.731178
[e015 s0800/1030] loss = 356.877305
[e015 s0850/1030] loss = 356.876502
[e015 s0900/1030] loss = 356.852235
[e015 s0950/1030] loss = 356.814690
[e015 s1000/1030] loss = 356.895528
Epoch 015: train_loss = 356.776639  MAE/GAME0 = 520.182  RMSE = 521.377  GAME1 = 520.764  GAME2 = 522.796  GAME3 = 522.363  lr = 1.00e-05  time = 15.1s
[e016 s0001/1030] loss = 370.464020
[e016 s0050/1030] loss = 358.782311
[e016 s0100/1030] loss = 359.092527
[e016 s0150/1030] loss = 355.806071
[e016 s0200/1030] loss = 354.966515
[e016 s0250/1030] loss = 355.602595
[e016 s0300/1030] loss = 356.394584
[e016 s0350/1030] loss = 356.356286
[e016 s0400/1030] loss = 355.817719
[e016 s0450/1030] loss = 355.710401
[e016 s0500/1030] loss = 355.604512
[e016 s0550/1030] loss = 355.751803
[e016 s0600/1030] loss = 355.978897
[e016 s0650/1030] loss = 356.384305
[e016 s0700/1030] loss = 356.056128
[e016 s0750/1030] loss = 356.282945
[e016 s0800/1030] loss = 356.628922
[e016 s0850/1030] loss = 356.761467
[e016 s0900/1030] loss = 356.733798
[e016 s0950/1030] loss = 356.724128
[e016 s1000/1030] loss = 356.818246
Epoch 016: train_loss = 356.932743  MAE/GAME0 = 520.182  RMSE = 521.377  GAME1 = 520.764  GAME2 = 522.796  GAME3 = 522.363  lr = 1.00e-05  time = 15.3s
[e017 s0001/1030] loss = 343.750244
[e017 s0050/1030] loss = 356.168956
[e017 s0100/1030] loss = 355.935749
[e017 s0150/1030] loss = 355.598346
[e017 s0200/1030] loss = 357.183973
[e017 s0250/1030] loss = 357.684132
[e017 s0300/1030] loss = 357.949157
[e017 s0350/1030] loss = 358.176939
[e017 s0400/1030] loss = 357.941100
[e017 s0450/1030] loss = 357.904845
[e017 s0500/1030] loss = 357.622104
[e017 s0550/1030] loss = 357.910856
[e017 s0600/1030] loss = 357.858544
[e017 s0650/1030] loss = 357.742453
[e017 s0700/1030] loss = 357.684823
[e017 s0750/1030] loss = 357.637778
[e017 s0800/1030] loss = 357.523797
[e017 s0850/1030] loss = 357.651701
[e017 s0900/1030] loss = 357.401804
[e017 s0950/1030] loss = 357.458418
[e017 s1000/1030] loss = 357.434949
Epoch 017: train_loss = 357.530439  MAE/GAME0 = 520.182  RMSE = 521.377  GAME1 = 520.764  GAME2 = 522.796  GAME3 = 522.363  lr = 1.00e-05  time = 15.3s
[e018 s0001/1030] loss = 374.491608
[e018 s0050/1030] loss = 356.307463
[e018 s0100/1030] loss = 355.882198
[e018 s0150/1030] loss = 357.019936
[e018 s0200/1030] loss = 356.537294
[e018 s0250/1030] loss = 356.684362
[e018 s0300/1030] loss = 356.792516
[e018 s0350/1030] loss = 357.169917
[e018 s0400/1030] loss = 357.707658
[e018 s0450/1030] loss = 357.410882
[e018 s0500/1030] loss = 357.178522
[e018 s0550/1030] loss = 357.052820
[e018 s0600/1030] loss = 357.189855
[e018 s0650/1030] loss = 357.115036
[e018 s0700/1030] loss = 357.073213
[e018 s0750/1030] loss = 357.533642
[e018 s0800/1030] loss = 357.537204
[e018 s0850/1030] loss = 357.596327
[e018 s0900/1030] loss = 357.676032
[e018 s0950/1030] loss = 357.784433
[e018 s1000/1030] loss = 357.929441
Epoch 018: train_loss = 357.939759  MAE/GAME0 = 520.182  RMSE = 521.377  GAME1 = 520.764  GAME2 = 522.796  GAME3 = 522.363  lr = 1.00e-05  time = 15.2s
[e019 s0001/1030] loss = 348.688446
[e019 s0050/1030] loss = 358.156418
[e019 s0100/1030] loss = 356.905743
[e019 s0150/1030] loss = 356.973701
[e019 s0200/1030] loss = 357.930332
[e019 s0250/1030] loss = 357.219324
[e019 s0300/1030] loss = 357.262706
[e019 s0350/1030] loss = 357.154164
[e019 s0400/1030] loss = 356.838509
[e019 s0450/1030] loss = 356.806425
[e019 s0500/1030] loss = 357.261419
[e019 s0550/1030] loss = 357.624514
[e019 s0600/1030] loss = 358.032053
[e019 s0650/1030] loss = 358.271498
[e019 s0700/1030] loss = 358.378428
[e019 s0750/1030] loss = 358.068149
[e019 s0800/1030] loss = 358.174586
[e019 s0850/1030] loss = 357.842292
[e019 s0900/1030] loss = 357.710418
[e019 s0950/1030] loss = 357.664876
[e019 s1000/1030] loss = 357.770698
Epoch 019: train_loss = 357.862657  MAE/GAME0 = 520.182  RMSE = 521.377  GAME1 = 520.764  GAME2 = 522.796  GAME3 = 522.363  lr = 1.00e-05  time = 15.2s
[e020 s0001/1030] loss = 347.488983
[e020 s0050/1030] loss = 358.246475
[e020 s0100/1030] loss = 358.407912
[e020 s0150/1030] loss = 358.265920
[e020 s0200/1030] loss = 358.271148
[e020 s0250/1030] loss = 357.080146
[e020 s0300/1030] loss = 357.319037
[e020 s0350/1030] loss = 357.177552
[e020 s0400/1030] loss = 357.014469
[e020 s0450/1030] loss = 356.968364
[e020 s0500/1030] loss = 357.834865
[e020 s0550/1030] loss = 357.667633
[e020 s0600/1030] loss = 357.435206
[e020 s0650/1030] loss = 357.382629
[e020 s0700/1030] loss = 357.709586
[e020 s0750/1030] loss = 357.663705
[e020 s0800/1030] loss = 357.573116
[e020 s0850/1030] loss = 357.682888
[e020 s0900/1030] loss = 357.747772
[e020 s0950/1030] loss = 357.773766
[e020 s1000/1030] loss = 357.700768
Epoch 020: train_loss = 357.619332  MAE/GAME0 = 520.182  RMSE = 521.377  GAME1 = 520.764  GAME2 = 522.796  GAME3 = 522.363  lr = 1.00e-05  time = 15.2s
[e021 s0001/1030] loss = 357.104492
[e021 s0050/1030] loss = 357.753071
[e021 s0100/1030] loss = 358.294722
[e021 s0150/1030] loss = 357.878524
[e021 s0200/1030] loss = 357.701540
[e021 s0250/1030] loss = 357.374734
[e021 s0300/1030] loss = 356.919363
[e021 s0350/1030] loss = 357.666124
[e021 s0400/1030] loss = 357.093878
[e021 s0450/1030] loss = 356.694734
[e021 s0500/1030] loss = 356.906431
[e021 s0550/1030] loss = 356.827113
[e021 s0600/1030] loss = 357.123281
[e021 s0650/1030] loss = 357.151269
[e021 s0700/1030] loss = 357.107745
[e021 s0750/1030] loss = 357.501582
[e021 s0800/1030] loss = 357.510792
[e021 s0850/1030] loss = 357.162278
[e021 s0900/1030] loss = 357.132100
[e021 s0950/1030] loss = 357.335383
[e021 s1000/1030] loss = 356.924398
Epoch 021: train_loss = 357.077493  MAE/GAME0 = 520.182  RMSE = 521.377  GAME1 = 520.764  GAME2 = 522.796  GAME3 = 522.363  lr = 1.00e-05  time = 15.3s
[e022 s0001/1030] loss = 334.697815
[e022 s0050/1030] loss = 362.356871
[e022 s0100/1030] loss = 361.454117
[e022 s0150/1030] loss = 359.772420
[e022 s0200/1030] loss = 358.225760
[e022 s0250/1030] loss = 357.758431
[e022 s0300/1030] loss = 357.278493
[e022 s0350/1030] loss = 357.400403
[e022 s0400/1030] loss = 357.047535
[e022 s0450/1030] loss = 357.093062
[e022 s0500/1030] loss = 356.825226
[e022 s0550/1030] loss = 356.605755
[e022 s0600/1030] loss = 356.683350
[e022 s0650/1030] loss = 356.912212
[e022 s0700/1030] loss = 357.020941
[e022 s0750/1030] loss = 357.172138
[e022 s0800/1030] loss = 357.304991
[e022 s0850/1030] loss = 357.426475
[e022 s0900/1030] loss = 357.574010
[e022 s0950/1030] loss = 357.709166
[e022 s1000/1030] loss = 357.752620
Epoch 022: train_loss = 357.919559  MAE/GAME0 = 520.182  RMSE = 521.377  GAME1 = 520.764  GAME2 = 522.796  GAME3 = 522.363  lr = 1.00e-05  time = 15.1s
[e023 s0001/1030] loss = 357.936218
[e023 s0050/1030] loss = 360.236298
[e023 s0100/1030] loss = 358.778910
[e023 s0150/1030] loss = 357.851512
[e023 s0200/1030] loss = 357.037864
[e023 s0250/1030] loss = 357.114594
[e023 s0300/1030] loss = 357.153927
[e023 s0350/1030] loss = 356.799950
[e023 s0400/1030] loss = 356.906261
[e023 s0450/1030] loss = 357.105985
[e023 s0500/1030] loss = 357.342179
[e023 s0550/1030] loss = 357.283886
[e023 s0600/1030] loss = 356.734387
[e023 s0650/1030] loss = 357.049278
[e023 s0700/1030] loss = 357.019101
[e023 s0750/1030] loss = 357.041464
[e023 s0800/1030] loss = 357.152014
[e023 s0850/1030] loss = 357.207071
[e023 s0900/1030] loss = 357.142636
[e023 s0950/1030] loss = 357.108582
[e023 s1000/1030] loss = 357.072186
Epoch 023: train_loss = 357.005560  MAE/GAME0 = 520.182  RMSE = 521.377  GAME1 = 520.764  GAME2 = 522.796  GAME3 = 522.363  lr = 1.00e-05  time = 15.1s
[e024 s0001/1030] loss = 340.724518
[e024 s0050/1030] loss = 354.855199
[e024 s0100/1030] loss = 355.470363
[e024 s0150/1030] loss = 356.977954
[e024 s0200/1030] loss = 356.441282
[e024 s0250/1030] loss = 356.597021
[e024 s0300/1030] loss = 356.467823
[e024 s0350/1030] loss = 356.897466
[e024 s0400/1030] loss = 356.656731
[e024 s0450/1030] loss = 356.766790
[e024 s0500/1030] loss = 356.947111
[e024 s0550/1030] loss = 357.161796
[e024 s0600/1030] loss = 357.266865
[e024 s0650/1030] loss = 357.379356
[e024 s0700/1030] loss = 357.587431
[e024 s0750/1030] loss = 357.695123
[e024 s0800/1030] loss = 357.769765
[e024 s0850/1030] loss = 357.832377
[e024 s0900/1030] loss = 357.714493
[e024 s0950/1030] loss = 357.670462
[e024 s1000/1030] loss = 357.901127
Epoch 024: train_loss = 357.958889  MAE/GAME0 = 520.182  RMSE = 521.377  GAME1 = 520.764  GAME2 = 522.796  GAME3 = 522.363  lr = 1.00e-05  time = 15.5s
[e025 s0001/1030] loss = 373.147003
[e025 s0050/1030] loss = 361.411793
[e025 s0100/1030] loss = 359.809459
[e025 s0150/1030] loss = 358.683735
[e025 s0200/1030] loss = 359.396769
[e025 s0250/1030] loss = 358.687210
[e025 s0300/1030] loss = 359.118372
[e025 s0350/1030] loss = 358.940864
[e025 s0400/1030] loss = 359.292211
[e025 s0450/1030] loss = 359.327321
[e025 s0500/1030] loss = 359.315101
[e025 s0550/1030] loss = 359.482874
[e025 s0600/1030] loss = 359.351766
[e025 s0650/1030] loss = 359.660946
[e025 s0700/1030] loss = 359.644294
[e025 s0750/1030] loss = 359.530836
[e025 s0800/1030] loss = 359.449344
[e025 s0850/1030] loss = 359.295959
[e025 s0900/1030] loss = 359.304334
[e025 s0950/1030] loss = 359.273348
[e025 s1000/1030] loss = 359.040522
Epoch 025: train_loss = 358.509498  MAE/GAME0 = 520.182  RMSE = 521.377  GAME1 = 520.764  GAME2 = 522.796  GAME3 = 522.363  lr = 1.00e-05  time = 15.3s
[e026 s0001/1030] loss = 369.082336
[e026 s0050/1030] loss = 354.434357
[e026 s0100/1030] loss = 356.486529
[e026 s0150/1030] loss = 357.027354
[e026 s0200/1030] loss = 357.150990
[e026 s0250/1030] loss = 356.557373
[e026 s0300/1030] loss = 356.888109
[e026 s0350/1030] loss = 357.430045
[e026 s0400/1030] loss = 356.565576
[e026 s0450/1030] loss = 356.794841
[e026 s0500/1030] loss = 356.371453
[e026 s0550/1030] loss = 356.575993
[e026 s0600/1030] loss = 357.004214
[e026 s0650/1030] loss = 357.132066
[e026 s0700/1030] loss = 357.201502
[e026 s0750/1030] loss = 357.167967
[e026 s0800/1030] loss = 357.428338
[e026 s0850/1030] loss = 357.343992
[e026 s0900/1030] loss = 357.441539
[e026 s0950/1030] loss = 357.531149
[e026 s1000/1030] loss = 357.722867
Epoch 026: train_loss = 357.689236  MAE/GAME0 = 520.182  RMSE = 521.377  GAME1 = 520.764  GAME2 = 522.796  GAME3 = 522.363  lr = 1.00e-05  time = 15.3s
[e027 s0001/1030] loss = 356.461426
[e027 s0050/1030] loss = 357.417979
[e027 s0100/1030] loss = 358.127560
[e027 s0150/1030] loss = 358.630497
[e027 s0200/1030] loss = 358.919467
[e027 s0250/1030] loss = 358.366551
[e027 s0300/1030] loss = 357.768706
[e027 s0350/1030] loss = 357.732886
[e027 s0400/1030] loss = 357.311728
[e027 s0450/1030] loss = 357.421527
[e027 s0500/1030] loss = 357.162843
[e027 s0550/1030] loss = 357.160454
[e027 s0600/1030] loss = 357.031380
[e027 s0650/1030] loss = 356.871166
[e027 s0700/1030] loss = 357.086096
[e027 s0750/1030] loss = 357.019269
[e027 s0800/1030] loss = 357.000924
[e027 s0850/1030] loss = 357.348966
[e027 s0900/1030] loss = 357.122561
[e027 s0950/1030] loss = 356.798789
[e027 s1000/1030] loss = 356.872358
Epoch 027: train_loss = 357.053089  MAE/GAME0 = 520.182  RMSE = 521.377  GAME1 = 520.764  GAME2 = 522.796  GAME3 = 522.363  lr = 1.00e-05  time = 15.1s
[e028 s0001/1030] loss = 365.179260
[e028 s0050/1030] loss = 358.941149
[e028 s0100/1030] loss = 358.589842
[e028 s0150/1030] loss = 360.026284
[e028 s0200/1030] loss = 359.237078
[e028 s0250/1030] loss = 359.139420
[e028 s0300/1030] loss = 358.348430
[e028 s0350/1030] loss = 357.897687
[e028 s0400/1030] loss = 357.848007
[e028 s0450/1030] loss = 357.587903
[e028 s0500/1030] loss = 357.621432
[e028 s0550/1030] loss = 357.748947
[e028 s0600/1030] loss = 357.791466
[e028 s0650/1030] loss = 358.029209
[e028 s0700/1030] loss = 357.772787
[e028 s0750/1030] loss = 357.859329
[e028 s0800/1030] loss = 357.628515
[e028 s0850/1030] loss = 357.757883
[e028 s0900/1030] loss = 357.845307
[e028 s0950/1030] loss = 357.820826
[e028 s1000/1030] loss = 357.756250
Epoch 028: train_loss = 357.667555  MAE/GAME0 = 520.182  RMSE = 521.377  GAME1 = 520.764  GAME2 = 522.796  GAME3 = 522.363  lr = 1.00e-05  time = 15.3s
[e029 s0001/1030] loss = 360.171417
[e029 s0050/1030] loss = 357.688949
[e029 s0100/1030] loss = 358.952941
[e029 s0150/1030] loss = 358.769657
[e029 s0200/1030] loss = 357.885911
[e029 s0250/1030] loss = 357.772788
[e029 s0300/1030] loss = 357.534971
[e029 s0350/1030] loss = 357.834409
[e029 s0400/1030] loss = 357.648273
[e029 s0450/1030] loss = 357.695398
[e029 s0500/1030] loss = 357.793507
[e029 s0550/1030] loss = 357.867573
[e029 s0600/1030] loss = 358.337674
[e029 s0650/1030] loss = 357.958878
[e029 s0700/1030] loss = 357.679675
[e029 s0750/1030] loss = 357.635799
[e029 s0800/1030] loss = 357.647816
[e029 s0850/1030] loss = 357.910708
[e029 s0900/1030] loss = 357.940585
[e029 s0950/1030] loss = 358.054653
[e029 s1000/1030] loss = 357.966018
Epoch 029: train_loss = 357.908987  MAE/GAME0 = 520.182  RMSE = 521.377  GAME1 = 520.764  GAME2 = 522.796  GAME3 = 522.363  lr = 1.00e-05  time = 15.2s
[e030 s0001/1030] loss = 351.446411
[e030 s0050/1030] loss = 356.817504
[e030 s0100/1030] loss = 356.848115
[e030 s0150/1030] loss = 354.719232
[e030 s0200/1030] loss = 354.372765
[e030 s0250/1030] loss = 354.287537
[e030 s0300/1030] loss = 355.153894
[e030 s0350/1030] loss = 355.981454
[e030 s0400/1030] loss = 356.216530
[e030 s0450/1030] loss = 356.611359
[e030 s0500/1030] loss = 356.961846
[e030 s0550/1030] loss = 357.004983
[e030 s0600/1030] loss = 356.900907
[e030 s0650/1030] loss = 357.397879
[e030 s0700/1030] loss = 357.447353
[e030 s0750/1030] loss = 357.397079
[e030 s0800/1030] loss = 357.015154
[e030 s0850/1030] loss = 356.806321
[e030 s0900/1030] loss = 356.980203
[e030 s0950/1030] loss = 356.837338
[e030 s1000/1030] loss = 357.065830
Epoch 030: train_loss = 356.686501  MAE/GAME0 = 520.182  RMSE = 521.377  GAME1 = 520.764  GAME2 = 522.796  GAME3 = 522.363  lr = 1.00e-05  time = 15.4s
[e031 s0001/1030] loss = 350.566772
[e031 s0050/1030] loss = 359.439365
[e031 s0100/1030] loss = 358.457103
[e031 s0150/1030] loss = 359.335161
[e031 s0200/1030] loss = 357.858283
[e031 s0250/1030] loss = 358.384484
[e031 s0300/1030] loss = 358.319186
[e031 s0350/1030] loss = 358.679772
[e031 s0400/1030] loss = 358.639915
[e031 s0450/1030] loss = 358.386360
[e031 s0500/1030] loss = 358.694470
[e031 s0550/1030] loss = 358.212155
[e031 s0600/1030] loss = 358.062490
[e031 s0650/1030] loss = 358.146884
[e031 s0700/1030] loss = 358.197557
[e031 s0750/1030] loss = 358.011127
[e031 s0800/1030] loss = 357.695479
[e031 s0850/1030] loss = 357.758427
[e031 s0900/1030] loss = 357.574918
[e031 s0950/1030] loss = 357.346503
[e031 s1000/1030] loss = 357.373506
Epoch 031: train_loss = 357.345756  MAE/GAME0 = 520.182  RMSE = 521.377  GAME1 = 520.764  GAME2 = 522.796  GAME3 = 522.363  lr = 1.00e-05  time = 15.3s
[e032 s0001/1030] loss = 342.519226
[e032 s0050/1030] loss = 355.326529
[e032 s0100/1030] loss = 354.937702
[e032 s0150/1030] loss = 355.451468
[e032 s0200/1030] loss = 355.395546
[e032 s0250/1030] loss = 355.773652
[e032 s0300/1030] loss = 355.954006
[e032 s0350/1030] loss = 356.213597
[e032 s0400/1030] loss = 356.316791
[e032 s0450/1030] loss = 356.326970
[e032 s0500/1030] loss = 356.549216
[e032 s0550/1030] loss = 357.081588
[e032 s0600/1030] loss = 356.794488
[e032 s0650/1030] loss = 356.755792
[e032 s0700/1030] loss = 356.881171
[e032 s0750/1030] loss = 356.691981
[e032 s0800/1030] loss = 356.868735
[e032 s0850/1030] loss = 356.863914
[e032 s0900/1030] loss = 356.946687
[e032 s0950/1030] loss = 356.955750
[e032 s1000/1030] loss = 357.082320
Epoch 032: train_loss = 357.208537  MAE/GAME0 = 520.182  RMSE = 521.377  GAME1 = 520.764  GAME2 = 522.796  GAME3 = 522.363  lr = 1.00e-05  time = 15.3s
[e033 s0001/1030] loss = 347.425201
[e033 s0050/1030] loss = 360.457914
[e033 s0100/1030] loss = 360.285481
[e033 s0150/1030] loss = 360.418250
[e033 s0200/1030] loss = 360.133426
[e033 s0250/1030] loss = 359.860383
[e033 s0300/1030] loss = 359.764139
[e033 s0350/1030] loss = 359.508055
[e033 s0400/1030] loss = 359.394749
[e033 s0450/1030] loss = 359.033800
[e033 s0500/1030] loss = 359.019976
[e033 s0550/1030] loss = 358.815133
[e033 s0600/1030] loss = 359.059251
[e033 s0650/1030] loss = 359.087382
[e033 s0700/1030] loss = 359.406049
[e033 s0750/1030] loss = 359.207304
[e033 s0800/1030] loss = 359.205209
[e033 s0850/1030] loss = 359.055107
[e033 s0900/1030] loss = 358.789024
[e033 s0950/1030] loss = 358.989522
[e033 s1000/1030] loss = 358.626117
Epoch 033: train_loss = 358.641950  MAE/GAME0 = 520.182  RMSE = 521.377  GAME1 = 520.764  GAME2 = 522.796  GAME3 = 522.363  lr = 1.00e-05  time = 15.3s
[e034 s0001/1030] loss = 375.871338
[e034 s0050/1030] loss = 359.120824
[e034 s0100/1030] loss = 356.658952
[e034 s0150/1030] loss = 357.000658
[e034 s0200/1030] loss = 357.198066
[e034 s0250/1030] loss = 357.688805
[e034 s0300/1030] loss = 357.291210
[e034 s0350/1030] loss = 356.869163
[e034 s0400/1030] loss = 356.943131
[e034 s0450/1030] loss = 357.306413
[e034 s0500/1030] loss = 357.306957
[e034 s0550/1030] loss = 357.363220
[e034 s0600/1030] loss = 357.062297
[e034 s0650/1030] loss = 357.456790
[e034 s0700/1030] loss = 357.336147
[e034 s0750/1030] loss = 357.233337
[e034 s0800/1030] loss = 357.554052
[e034 s0850/1030] loss = 357.599121
[e034 s0900/1030] loss = 357.546166
[e034 s0950/1030] loss = 357.656780
[e034 s1000/1030] loss = 357.674751
Epoch 034: train_loss = 357.679254  MAE/GAME0 = 520.182  RMSE = 521.377  GAME1 = 520.764  GAME2 = 522.796  GAME3 = 522.363  lr = 1.00e-05  time = 15.4s
[e035 s0001/1030] loss = 336.316803
[e035 s0050/1030] loss = 356.017471
[e035 s0100/1030] loss = 354.658731
[e035 s0150/1030] loss = 355.780576
[e035 s0200/1030] loss = 355.798014
[e035 s0250/1030] loss = 355.615936
[e035 s0300/1030] loss = 356.056187
[e035 s0350/1030] loss = 355.340843
[e035 s0400/1030] loss = 356.191421
[e035 s0450/1030] loss = 356.259846
[e035 s0500/1030] loss = 356.407942
[e035 s0550/1030] loss = 356.442957
[e035 s0600/1030] loss = 356.631247
[e035 s0650/1030] loss = 356.547469
[e035 s0700/1030] loss = 356.836466
[e035 s0750/1030] loss = 356.988672
[e035 s0800/1030] loss = 356.962401
[e035 s0850/1030] loss = 356.941474
[e035 s0900/1030] loss = 356.774851
[e035 s0950/1030] loss = 356.922948
[e035 s1000/1030] loss = 356.846939
Epoch 035: train_loss = 356.825044  MAE/GAME0 = 520.182  RMSE = 521.377  GAME1 = 520.764  GAME2 = 522.796  GAME3 = 522.363  lr = 1.00e-05  time = 15.2s
[e036 s0001/1030] loss = 371.772217
[e036 s0050/1030] loss = 355.314037
[e036 s0100/1030] loss = 355.718510
[e036 s0150/1030] loss = 356.722583
[e036 s0200/1030] loss = 357.246796
[e036 s0250/1030] loss = 356.364229
[e036 s0300/1030] loss = 356.800934
[e036 s0350/1030] loss = 357.275989
[e036 s0400/1030] loss = 357.340435
[e036 s0450/1030] loss = 357.048440
[e036 s0500/1030] loss = 356.740695
[e036 s0550/1030] loss = 356.420320
[e036 s0600/1030] loss = 356.452453
[e036 s0650/1030] loss = 356.643174
[e036 s0700/1030] loss = 356.644088
[e036 s0750/1030] loss = 356.591562
[e036 s0800/1030] loss = 356.738919
[e036 s0850/1030] loss = 356.829937
[e036 s0900/1030] loss = 356.595521
[e036 s0950/1030] loss = 356.896067
[e036 s1000/1030] loss = 357.004544
Epoch 036: train_loss = 357.049181  MAE/GAME0 = 520.182  RMSE = 521.377  GAME1 = 520.764  GAME2 = 522.796  GAME3 = 522.363  lr = 1.00e-05  time = 15.1s
[e037 s0001/1030] loss = 367.813110
[e037 s0050/1030] loss = 363.524014
[e037 s0100/1030] loss = 361.139652
[e037 s0150/1030] loss = 360.037761
[e037 s0200/1030] loss = 358.603860
[e037 s0250/1030] loss = 358.135748
[e037 s0300/1030] loss = 358.424468
[e037 s0350/1030] loss = 358.175603
[e037 s0400/1030] loss = 357.484299
[e037 s0450/1030] loss = 358.222770
[e037 s0500/1030] loss = 358.421610
[e037 s0550/1030] loss = 358.478611
[e037 s0600/1030] loss = 358.120329
[e037 s0650/1030] loss = 358.308768
[e037 s0700/1030] loss = 358.326295
[e037 s0750/1030] loss = 357.907942
[e037 s0800/1030] loss = 358.029046
[e037 s0850/1030] loss = 358.063879
[e037 s0900/1030] loss = 357.807934
[e037 s0950/1030] loss = 358.005710
[e037 s1000/1030] loss = 358.022273
Epoch 037: train_loss = 358.160771  MAE/GAME0 = 520.182  RMSE = 521.377  GAME1 = 520.764  GAME2 = 522.796  GAME3 = 522.363  lr = 1.00e-05  time = 15.3s
[e038 s0001/1030] loss = 375.863098
[e038 s0050/1030] loss = 357.689287
[e038 s0100/1030] loss = 355.856355
[e038 s0150/1030] loss = 357.078447
[e038 s0200/1030] loss = 356.849272
[e038 s0250/1030] loss = 356.840368
[e038 s0300/1030] loss = 357.450351
[e038 s0350/1030] loss = 357.160242
[e038 s0400/1030] loss = 356.881125
[e038 s0450/1030] loss = 356.746706
[e038 s0500/1030] loss = 356.765187
[e038 s0550/1030] loss = 356.911313
[e038 s0600/1030] loss = 356.938420
[e038 s0650/1030] loss = 357.125165
[e038 s0700/1030] loss = 357.252884
[e038 s0750/1030] loss = 357.292778
[e038 s0800/1030] loss = 357.570420
[e038 s0850/1030] loss = 357.778572
[e038 s0900/1030] loss = 357.777966
[e038 s0950/1030] loss = 357.901166
[e038 s1000/1030] loss = 357.868984
Epoch 038: train_loss = 357.908258  MAE/GAME0 = 520.182  RMSE = 521.377  GAME1 = 520.764  GAME2 = 522.796  GAME3 = 522.363  lr = 1.00e-05  time = 15.1s
[e039 s0001/1030] loss = 374.516266
[e039 s0050/1030] loss = 359.058265
[e039 s0100/1030] loss = 358.803389
[e039 s0150/1030] loss = 357.500108
[e039 s0200/1030] loss = 355.819733
[e039 s0250/1030] loss = 356.564974
[e039 s0300/1030] loss = 356.248336
[e039 s0350/1030] loss = 356.544195
[e039 s0400/1030] loss = 356.256416
[e039 s0450/1030] loss = 356.796905
[e039 s0500/1030] loss = 356.863090
[e039 s0550/1030] loss = 357.076022
[e039 s0600/1030] loss = 357.552675
[e039 s0650/1030] loss = 357.564244
[e039 s0700/1030] loss = 357.686897
[e039 s0750/1030] loss = 357.875872
[e039 s0800/1030] loss = 357.338051
[e039 s0850/1030] loss = 357.367639
[e039 s0900/1030] loss = 357.337089
[e039 s0950/1030] loss = 357.367809
[e039 s1000/1030] loss = 357.519287
Epoch 039: train_loss = 357.537184  MAE/GAME0 = 520.182  RMSE = 521.377  GAME1 = 520.764  GAME2 = 522.796  GAME3 = 522.363  lr = 1.00e-05  time = 15.2s
[e040 s0001/1030] loss = 375.854004
[e040 s0050/1030] loss = 358.071120
[e040 s0100/1030] loss = 358.251146
[e040 s0150/1030] loss = 358.387089
[e040 s0200/1030] loss = 356.807470
[e040 s0250/1030] loss = 355.996788
[e040 s0300/1030] loss = 355.966874
[e040 s0350/1030] loss = 356.216960
[e040 s0400/1030] loss = 356.372952
[e040 s0450/1030] loss = 356.358139
[e040 s0500/1030] loss = 356.861482
[e040 s0550/1030] loss = 357.258322
[e040 s0600/1030] loss = 357.300948
[e040 s0650/1030] loss = 357.558658
[e040 s0700/1030] loss = 357.444674
[e040 s0750/1030] loss = 357.337414
[e040 s0800/1030] loss = 357.416313
[e040 s0850/1030] loss = 357.467790
[e040 s0900/1030] loss = 357.571389
[e040 s0950/1030] loss = 357.664837
[e040 s1000/1030] loss = 357.723863
Epoch 040: train_loss = 357.410184  MAE/GAME0 = 520.182  RMSE = 521.377  GAME1 = 520.764  GAME2 = 522.796  GAME3 = 522.363  lr = 1.00e-05  time = 15.3s
[e041 s0001/1030] loss = 357.476990
[e041 s0050/1030] loss = 357.713831
[e041 s0100/1030] loss = 356.839893
[e041 s0150/1030] loss = 355.430179
[e041 s0200/1030] loss = 354.596696
[e041 s0250/1030] loss = 355.351534
[e041 s0300/1030] loss = 354.713773
[e041 s0350/1030] loss = 354.981955
[e041 s0400/1030] loss = 355.297597
[e041 s0450/1030] loss = 355.434851
[e041 s0500/1030] loss = 355.833928
[e041 s0550/1030] loss = 356.109933
[e041 s0600/1030] loss = 356.404213
[e041 s0650/1030] loss = 356.624598
[e041 s0700/1030] loss = 356.532930
[e041 s0750/1030] loss = 356.499881
[e041 s0800/1030] loss = 356.552501
[e041 s0850/1030] loss = 356.782959
[e041 s0900/1030] loss = 356.908931
[e041 s0950/1030] loss = 357.038906
[e041 s1000/1030] loss = 357.310479
Epoch 041: train_loss = 357.318602  MAE/GAME0 = 520.182  RMSE = 521.377  GAME1 = 520.764  GAME2 = 522.796  GAME3 = 522.363  lr = 1.00e-05  time = 15.1s
[e042 s0001/1030] loss = 370.463623
[e042 s0050/1030] loss = 354.530040
[e042 s0100/1030] loss = 355.792434
[e042 s0150/1030] loss = 357.478648
[e042 s0200/1030] loss = 357.734508
[e042 s0250/1030] loss = 358.238284
[e042 s0300/1030] loss = 356.386897
[e042 s0350/1030] loss = 356.231887
[e042 s0400/1030] loss = 356.455394
[e042 s0450/1030] loss = 356.695020
[e042 s0500/1030] loss = 356.834759
[e042 s0550/1030] loss = 356.888184
[e042 s0600/1030] loss = 356.865629
[e042 s0650/1030] loss = 356.791393
[e042 s0700/1030] loss = 357.074349
[e042 s0750/1030] loss = 357.274668
[e042 s0800/1030] loss = 357.149253
[e042 s0850/1030] loss = 357.306356
[e042 s0900/1030] loss = 357.509681
[e042 s0950/1030] loss = 357.548244
[e042 s1000/1030] loss = 357.642449
Epoch 042: train_loss = 357.567016  MAE/GAME0 = 520.182  RMSE = 521.377  GAME1 = 520.764  GAME2 = 522.796  GAME3 = 522.363  lr = 1.00e-05  time = 15.0s
[e043 s0001/1030] loss = 367.777313
[e043 s0050/1030] loss = 353.457131
[e043 s0100/1030] loss = 357.227653
[e043 s0150/1030] loss = 357.801891
[e043 s0200/1030] loss = 358.037364
[e043 s0250/1030] loss = 358.291743
[e043 s0300/1030] loss = 358.627411
[e043 s0350/1030] loss = 358.051521
[e043 s0400/1030] loss = 358.273465
[e043 s0450/1030] loss = 357.855662
[e043 s0500/1030] loss = 358.012769
[e043 s0550/1030] loss = 357.870225
[e043 s0600/1030] loss = 357.691063
[e043 s0650/1030] loss = 357.761604
[e043 s0700/1030] loss = 357.576949
[e043 s0750/1030] loss = 357.231945
[e043 s0800/1030] loss = 357.298820
[e043 s0850/1030] loss = 357.266503
[e043 s0900/1030] loss = 357.549464
[e043 s0950/1030] loss = 357.571977
[e043 s1000/1030] loss = 357.650933
Epoch 043: train_loss = 357.758476  MAE/GAME0 = 520.182  RMSE = 521.377  GAME1 = 520.764  GAME2 = 522.796  GAME3 = 522.363  lr = 1.00e-05  time = 15.1s
[e044 s0001/1030] loss = 347.674408
[e044 s0050/1030] loss = 354.866396
[e044 s0100/1030] loss = 355.817110
[e044 s0150/1030] loss = 356.258194
[e044 s0200/1030] loss = 356.478507
[e044 s0250/1030] loss = 357.445413
[e044 s0300/1030] loss = 356.166724
[e044 s0350/1030] loss = 356.314088
[e044 s0400/1030] loss = 356.350752
[e044 s0450/1030] loss = 356.572367
[e044 s0500/1030] loss = 356.498324
[e044 s0550/1030] loss = 356.389282
[e044 s0600/1030] loss = 356.447149
[e044 s0650/1030] loss = 356.869991
[e044 s0700/1030] loss = 357.193508
[e044 s0750/1030] loss = 357.574652
[e044 s0800/1030] loss = 357.392287
[e044 s0850/1030] loss = 357.613306
[e044 s0900/1030] loss = 357.743440
[e044 s0950/1030] loss = 357.580381
[e044 s1000/1030] loss = 357.524250
Epoch 044: train_loss = 357.436517  MAE/GAME0 = 520.182  RMSE = 521.377  GAME1 = 520.764  GAME2 = 522.796  GAME3 = 522.363  lr = 1.00e-05  time = 15.2s
[e045 s0001/1030] loss = 374.510132
[e045 s0050/1030] loss = 355.670417
[e045 s0100/1030] loss = 353.914673
[e045 s0150/1030] loss = 355.252502
[e045 s0200/1030] loss = 355.964903
[e045 s0250/1030] loss = 356.076491
[e045 s0300/1030] loss = 356.343528
[e045 s0350/1030] loss = 356.482015
[e045 s0400/1030] loss = 356.509351
[e045 s0450/1030] loss = 356.501136
[e045 s0500/1030] loss = 356.903306
[e045 s0550/1030] loss = 356.984353
[e045 s0600/1030] loss = 356.833064
[e045 s0650/1030] loss = 356.830255
[e045 s0700/1030] loss = 357.155383
[e045 s0750/1030] loss = 357.421700
[e045 s0800/1030] loss = 357.340081
[e045 s0850/1030] loss = 357.314458
[e045 s0900/1030] loss = 357.360778
[e045 s0950/1030] loss = 357.370539
[e045 s1000/1030] loss = 357.397228
Epoch 045: train_loss = 357.398334  MAE/GAME0 = 520.182  RMSE = 521.377  GAME1 = 520.764  GAME2 = 522.796  GAME3 = 522.363  lr = 1.00e-05  time = 15.1s
[e046 s0001/1030] loss = 324.471283
[e046 s0050/1030] loss = 355.913721
[e046 s0100/1030] loss = 355.873359
[e046 s0150/1030] loss = 355.533752
[e046 s0200/1030] loss = 356.983520
[e046 s0250/1030] loss = 356.304962
[e046 s0300/1030] loss = 357.183690
[e046 s0350/1030] loss = 356.873596
[e046 s0400/1030] loss = 356.826104
[e046 s0450/1030] loss = 356.548917
[e046 s0500/1030] loss = 356.946321
[e046 s0550/1030] loss = 357.133771
[e046 s0600/1030] loss = 356.715224
[e046 s0650/1030] loss = 356.735008
[e046 s0700/1030] loss = 357.015027
[e046 s0750/1030] loss = 356.955695
[e046 s0800/1030] loss = 356.977992
[e046 s0850/1030] loss = 356.831317
[e046 s0900/1030] loss = 356.741862
[e046 s0950/1030] loss = 356.828519
[e046 s1000/1030] loss = 356.813346
Epoch 046: train_loss = 356.882097  MAE/GAME0 = 520.182  RMSE = 521.377  GAME1 = 520.764  GAME2 = 522.796  GAME3 = 522.363  lr = 1.00e-05  time = 15.2s
[e047 s0001/1030] loss = 312.644470
[e047 s0050/1030] loss = 355.270878
[e047 s0100/1030] loss = 357.107100
[e047 s0150/1030] loss = 358.504213
[e047 s0200/1030] loss = 358.472412
[e047 s0250/1030] loss = 358.081354
[e047 s0300/1030] loss = 358.677008
[e047 s0350/1030] loss = 358.595692
[e047 s0400/1030] loss = 358.396447
[e047 s0450/1030] loss = 358.851391
[e047 s0500/1030] loss = 359.124451
[e047 s0550/1030] loss = 358.438518
[e047 s0600/1030] loss = 358.220039
[e047 s0650/1030] loss = 358.167349
[e047 s0700/1030] loss = 358.025575
[e047 s0750/1030] loss = 358.078525
[e047 s0800/1030] loss = 357.824532
[e047 s0850/1030] loss = 357.780508
[e047 s0900/1030] loss = 357.953717
[e047 s0950/1030] loss = 358.114704
[e047 s1000/1030] loss = 358.015351
Epoch 047: train_loss = 358.028737  MAE/GAME0 = 520.182  RMSE = 521.377  GAME1 = 520.764  GAME2 = 522.796  GAME3 = 522.363  lr = 1.00e-05  time = 15.3s
[e048 s0001/1030] loss = 349.902374
[e048 s0050/1030] loss = 359.864474
[e048 s0100/1030] loss = 360.050294
[e048 s0150/1030] loss = 358.686720
[e048 s0200/1030] loss = 359.166982
[e048 s0250/1030] loss = 359.315671
[e048 s0300/1030] loss = 358.853097
[e048 s0350/1030] loss = 358.308467
[e048 s0400/1030] loss = 357.945289
[e048 s0450/1030] loss = 358.243508
[e048 s0500/1030] loss = 358.054377
[e048 s0550/1030] loss = 358.196098
[e048 s0600/1030] loss = 357.870393
[e048 s0650/1030] loss = 357.717427
[e048 s0700/1030] loss = 357.756456
[e048 s0750/1030] loss = 357.627222
[e048 s0800/1030] loss = 357.881043
[e048 s0850/1030] loss = 357.992794
[e048 s0900/1030] loss = 358.207399
[e048 s0950/1030] loss = 358.278803
[e048 s1000/1030] loss = 358.013290
Epoch 048: train_loss = 357.953776  MAE/GAME0 = 520.182  RMSE = 521.377  GAME1 = 520.764  GAME2 = 522.796  GAME3 = 522.363  lr = 1.00e-05  time = 15.2s
[e049 s0001/1030] loss = 347.346283
[e049 s0050/1030] loss = 359.148376
[e049 s0100/1030] loss = 357.574988
[e049 s0150/1030] loss = 358.565137
[e049 s0200/1030] loss = 358.086065
[e049 s0250/1030] loss = 358.713701
[e049 s0300/1030] loss = 358.477500
[e049 s0350/1030] loss = 358.871403
[e049 s0400/1030] loss = 357.813905
[e049 s0450/1030] loss = 357.625826
[e049 s0500/1030] loss = 357.594418
[e049 s0550/1030] loss = 357.595025
[e049 s0600/1030] loss = 357.830206
[e049 s0650/1030] loss = 357.354025
[e049 s0700/1030] loss = 357.421455
[e049 s0750/1030] loss = 357.501117
[e049 s0800/1030] loss = 357.718591
[e049 s0850/1030] loss = 357.581834
[e049 s0900/1030] loss = 357.731070
[e049 s0950/1030] loss = 357.678754
[e049 s1000/1030] loss = 357.593575
Epoch 049: train_loss = 357.691005  MAE/GAME0 = 520.182  RMSE = 521.377  GAME1 = 520.764  GAME2 = 522.796  GAME3 = 522.363  lr = 1.00e-05  time = 15.3s
[e050 s0001/1030] loss = 362.611115
[e050 s0050/1030] loss = 357.154056
[e050 s0100/1030] loss = 355.872515
[e050 s0150/1030] loss = 356.586730
[e050 s0200/1030] loss = 356.646104
[e050 s0250/1030] loss = 356.997573
[e050 s0300/1030] loss = 357.107612
[e050 s0350/1030] loss = 357.015220
[e050 s0400/1030] loss = 357.461928
[e050 s0450/1030] loss = 358.041881
[e050 s0500/1030] loss = 358.018723
[e050 s0550/1030] loss = 357.868030
[e050 s0600/1030] loss = 357.895863
[e050 s0650/1030] loss = 358.030583
[e050 s0700/1030] loss = 357.699380
[e050 s0750/1030] loss = 357.598858
[e050 s0800/1030] loss = 357.612777
[e050 s0850/1030] loss = 357.557493
[e050 s0900/1030] loss = 357.572457
[e050 s0950/1030] loss = 357.213110
[e050 s1000/1030] loss = 357.205230
Epoch 050: train_loss = 357.248391  MAE/GAME0 = 520.182  RMSE = 521.377  GAME1 = 520.764  GAME2 = 522.796  GAME3 = 522.363  lr = 1.00e-05  time = 15.1s
[e051 s0001/1030] loss = 358.179169
[e051 s0050/1030] loss = 356.982307
[e051 s0100/1030] loss = 357.890440
[e051 s0150/1030] loss = 358.845162
[e051 s0200/1030] loss = 359.014098
[e051 s0250/1030] loss = 358.233339
[e051 s0300/1030] loss = 358.160097
[e051 s0350/1030] loss = 357.681401
[e051 s0400/1030] loss = 357.878052
[e051 s0450/1030] loss = 357.992761
[e051 s0500/1030] loss = 357.871245
[e051 s0550/1030] loss = 357.524733
[e051 s0600/1030] loss = 357.926770
[e051 s0650/1030] loss = 358.044922
[e051 s0700/1030] loss = 358.048931
[e051 s0750/1030] loss = 358.135566
[e051 s0800/1030] loss = 358.075676
[e051 s0850/1030] loss = 358.258483
[e051 s0900/1030] loss = 358.048506
[e051 s0950/1030] loss = 358.125624
[e051 s1000/1030] loss = 358.319900
Epoch 051: train_loss = 358.094288  MAE/GAME0 = 520.182  RMSE = 521.377  GAME1 = 520.764  GAME2 = 522.796  GAME3 = 522.363  lr = 1.00e-05  time = 15.3s
[e052 s0001/1030] loss = 377.218597
[e052 s0050/1030] loss = 356.913511
[e052 s0100/1030] loss = 359.269913
[e052 s0150/1030] loss = 357.106308
[e052 s0200/1030] loss = 357.526738
[e052 s0250/1030] loss = 356.738986
[e052 s0300/1030] loss = 356.269106
[e052 s0350/1030] loss = 356.447619
[e052 s0400/1030] loss = 356.425694
[e052 s0450/1030] loss = 356.701510
[e052 s0500/1030] loss = 356.935247
[e052 s0550/1030] loss = 356.861169
[e052 s0600/1030] loss = 356.805757
[e052 s0650/1030] loss = 356.641704
[e052 s0700/1030] loss = 356.715859
[e052 s0750/1030] loss = 356.879589
[e052 s0800/1030] loss = 356.821283
[e052 s0850/1030] loss = 356.830717
[e052 s0900/1030] loss = 356.683324
[e052 s0950/1030] loss = 356.915382
[e052 s1000/1030] loss = 356.978156
Epoch 052: train_loss = 357.069181  MAE/GAME0 = 520.182  RMSE = 521.377  GAME1 = 520.764  GAME2 = 522.796  GAME3 = 522.363  lr = 1.00e-05  time = 15.1s
[e053 s0001/1030] loss = 373.132721
[e053 s0050/1030] loss = 357.229364
[e053 s0100/1030] loss = 358.709928
[e053 s0150/1030] loss = 358.611198
[e053 s0200/1030] loss = 358.719585
[e053 s0250/1030] loss = 358.578204
[e053 s0300/1030] loss = 358.533395
[e053 s0350/1030] loss = 358.988432
[e053 s0400/1030] loss = 358.357941
[e053 s0450/1030] loss = 358.577528
[e053 s0500/1030] loss = 358.091786
[e053 s0550/1030] loss = 357.725306
[e053 s0600/1030] loss = 357.922928
[e053 s0650/1030] loss = 357.954558
[e053 s0700/1030] loss = 358.049458
[e053 s0750/1030] loss = 357.916104
[e053 s0800/1030] loss = 357.602546
[e053 s0850/1030] loss = 357.625466
[e053 s0900/1030] loss = 357.282026
[e053 s0950/1030] loss = 357.380678
[e053 s1000/1030] loss = 357.348444
Epoch 053: train_loss = 357.517871  MAE/GAME0 = 520.182  RMSE = 521.377  GAME1 = 520.764  GAME2 = 522.796  GAME3 = 522.363  lr = 1.00e-05  time = 15.1s
[e054 s0001/1030] loss = 365.225647
[e054 s0050/1030] loss = 357.402024
[e054 s0100/1030] loss = 358.426669
[e054 s0150/1030] loss = 356.808551
[e054 s0200/1030] loss = 356.665529
[e054 s0250/1030] loss = 356.202409
[e054 s0300/1030] loss = 357.092572
[e054 s0350/1030] loss = 357.225835
[e054 s0400/1030] loss = 357.163039
[e054 s0450/1030] loss = 357.469746
[e054 s0500/1030] loss = 357.422380
[e054 s0550/1030] loss = 357.852101
[e054 s0600/1030] loss = 357.862871
[e054 s0650/1030] loss = 357.851124
[e054 s0700/1030] loss = 357.960144
[e054 s0750/1030] loss = 358.056346
[e054 s0800/1030] loss = 358.119620
[e054 s0850/1030] loss = 357.844281
[e054 s0900/1030] loss = 357.845185
[e054 s0950/1030] loss = 357.922243
[e054 s1000/1030] loss = 357.840915
Epoch 054: train_loss = 357.997680  MAE/GAME0 = 520.182  RMSE = 521.377  GAME1 = 520.764  GAME2 = 522.796  GAME3 = 522.363  lr = 1.00e-05  time = 15.6s
[e055 s0001/1030] loss = 369.104797
[e055 s0050/1030] loss = 355.851349
[e055 s0100/1030] loss = 356.711994
[e055 s0150/1030] loss = 357.104922
[e055 s0200/1030] loss = 356.498047
[e055 s0250/1030] loss = 356.669896
[e055 s0300/1030] loss = 356.390955
[e055 s0350/1030] loss = 356.436534
[e055 s0400/1030] loss = 357.081988
[e055 s0450/1030] loss = 356.608798
[e055 s0500/1030] loss = 356.624450
[e055 s0550/1030] loss = 356.783884
[e055 s0600/1030] loss = 357.093288
[e055 s0650/1030] loss = 357.314094
[e055 s0700/1030] loss = 357.425840
[e055 s0750/1030] loss = 357.643749
[e055 s0800/1030] loss = 357.543377
[e055 s0850/1030] loss = 357.470740
[e055 s0900/1030] loss = 357.572811
[e055 s0950/1030] loss = 357.444946
[e055 s1000/1030] loss = 357.529456
Epoch 055: train_loss = 357.723718  MAE/GAME0 = 520.182  RMSE = 521.377  GAME1 = 520.764  GAME2 = 522.796  GAME3 = 522.363  lr = 1.00e-05  time = 15.1s
[e056 s0001/1030] loss = 370.527374
[e056 s0050/1030] loss = 354.165490
[e056 s0100/1030] loss = 356.592764
[e056 s0150/1030] loss = 357.130165
[e056 s0200/1030] loss = 358.081189
[e056 s0250/1030] loss = 357.449948
[e056 s0300/1030] loss = 358.060572
[e056 s0350/1030] loss = 358.769086
[e056 s0400/1030] loss = 359.075816
[e056 s0450/1030] loss = 358.769605
[e056 s0500/1030] loss = 358.169763
[e056 s0550/1030] loss = 358.025249
[e056 s0600/1030] loss = 357.844326
[e056 s0650/1030] loss = 357.880335
[e056 s0700/1030] loss = 357.404142
[e056 s0750/1030] loss = 357.032934
[e056 s0800/1030] loss = 357.087139
[e056 s0850/1030] loss = 357.140844
[e056 s0900/1030] loss = 357.249993
[e056 s0950/1030] loss = 357.257806
[e056 s1000/1030] loss = 357.355871
Epoch 056: train_loss = 357.273434  MAE/GAME0 = 520.182  RMSE = 521.377  GAME1 = 520.764  GAME2 = 522.796  GAME3 = 522.363  lr = 1.00e-05  time = 15.2s
[e057 s0001/1030] loss = 366.634125
[e057 s0050/1030] loss = 360.434630
[e057 s0100/1030] loss = 358.739901
[e057 s0150/1030] loss = 358.385468
[e057 s0200/1030] loss = 358.202091
[e057 s0250/1030] loss = 357.981112
[e057 s0300/1030] loss = 357.722474
[e057 s0350/1030] loss = 357.905356
[e057 s0400/1030] loss = 357.216017
[e057 s0450/1030] loss = 357.516032
[e057 s0500/1030] loss = 357.708557
[e057 s0550/1030] loss = 357.383160
[e057 s0600/1030] loss = 357.145822
[e057 s0650/1030] loss = 356.936646
[e057 s0700/1030] loss = 357.057691
[e057 s0750/1030] loss = 357.094056
[e057 s0800/1030] loss = 357.157724
[e057 s0850/1030] loss = 357.279645
[e057 s0900/1030] loss = 356.957441
[e057 s0950/1030] loss = 357.032166
[e057 s1000/1030] loss = 357.075949
Epoch 057: train_loss = 356.975399  MAE/GAME0 = 520.182  RMSE = 521.377  GAME1 = 520.764  GAME2 = 522.796  GAME3 = 522.363  lr = 1.00e-05  time = 15.2s
[e058 s0001/1030] loss = 375.853943
[e058 s0050/1030] loss = 356.409838
[e058 s0100/1030] loss = 358.111616
[e058 s0150/1030] loss = 359.526104
[e058 s0200/1030] loss = 359.577057
[e058 s0250/1030] loss = 359.405398
[e058 s0300/1030] loss = 358.692742
[e058 s0350/1030] loss = 357.803124
[e058 s0400/1030] loss = 357.804096
[e058 s0450/1030] loss = 357.785874
[e058 s0500/1030] loss = 358.079628
[e058 s0550/1030] loss = 358.082997
[e058 s0600/1030] loss = 358.062636
[e058 s0650/1030] loss = 357.982059
[e058 s0700/1030] loss = 357.930681
[e058 s0750/1030] loss = 357.937786
[e058 s0800/1030] loss = 358.093252
[e058 s0850/1030] loss = 358.110281
[e058 s0900/1030] loss = 357.820247
[e058 s0950/1030] loss = 357.722143
[e058 s1000/1030] loss = 357.687425
Epoch 058: train_loss = 357.637224  MAE/GAME0 = 520.182  RMSE = 521.377  GAME1 = 520.764  GAME2 = 522.796  GAME3 = 522.363  lr = 1.00e-05  time = 15.2s
[e059 s0001/1030] loss = 361.657867
[e059 s0050/1030] loss = 362.741324
[e059 s0100/1030] loss = 359.099411
[e059 s0150/1030] loss = 358.059048
[e059 s0200/1030] loss = 358.336046
[e059 s0250/1030] loss = 357.978291
[e059 s0300/1030] loss = 357.226607
[e059 s0350/1030] loss = 357.767156
[e059 s0400/1030] loss = 357.241291
[e059 s0450/1030] loss = 357.377464
[e059 s0500/1030] loss = 357.580056
[e059 s0550/1030] loss = 357.763700
[e059 s0600/1030] loss = 358.242377
[e059 s0650/1030] loss = 358.228591
[e059 s0700/1030] loss = 358.205040
[e059 s0750/1030] loss = 358.421497
[e059 s0800/1030] loss = 358.030195
[e059 s0850/1030] loss = 357.976634
[e059 s0900/1030] loss = 357.787284
[e059 s0950/1030] loss = 357.682531
[e059 s1000/1030] loss = 357.435540
Epoch 059: train_loss = 357.414604  MAE/GAME0 = 520.182  RMSE = 521.377  GAME1 = 520.764  GAME2 = 522.796  GAME3 = 522.363  lr = 1.00e-05  time = 15.2s
[e060 s0001/1030] loss = 357.789001
[e060 s0050/1030] loss = 349.581839
[e060 s0100/1030] loss = 356.017680
[e060 s0150/1030] loss = 356.240503
[e060 s0200/1030] loss = 355.963738
[e060 s0250/1030] loss = 356.265769
[e060 s0300/1030] loss = 356.213447
[e060 s0350/1030] loss = 356.550915
[e060 s0400/1030] loss = 356.351660
[e060 s0450/1030] loss = 356.877187
[e060 s0500/1030] loss = 357.357939
[e060 s0550/1030] loss = 357.351245
[e060 s0600/1030] loss = 357.164277
[e060 s0650/1030] loss = 357.409363
[e060 s0700/1030] loss = 357.877173
[e060 s0750/1030] loss = 358.113923
[e060 s0800/1030] loss = 358.288040
[e060 s0850/1030] loss = 358.241638
[e060 s0900/1030] loss = 358.337066
[e060 s0950/1030] loss = 358.220825
[e060 s1000/1030] loss = 358.197901
Epoch 060: train_loss = 358.114962  MAE/GAME0 = 520.182  RMSE = 521.377  GAME1 = 520.764  GAME2 = 522.796  GAME3 = 522.363  lr = 1.00e-05  time = 15.3s
[e061 s0001/1030] loss = 354.257263
[e061 s0050/1030] loss = 355.914781
[e061 s0100/1030] loss = 356.475936
[e061 s0150/1030] loss = 356.498027
[e061 s0200/1030] loss = 356.388920
[e061 s0250/1030] loss = 356.795444
[e061 s0300/1030] loss = 356.763508
[e061 s0350/1030] loss = 357.225562
[e061 s0400/1030] loss = 357.383620
[e061 s0450/1030] loss = 357.663482
[e061 s0500/1030] loss = 358.053715
[e061 s0550/1030] loss = 357.992045
[e061 s0600/1030] loss = 357.895218
[e061 s0650/1030] loss = 357.974828
[e061 s0700/1030] loss = 358.122477
[e061 s0750/1030] loss = 357.930401
[e061 s0800/1030] loss = 357.920492
[e061 s0850/1030] loss = 357.993421
[e061 s0900/1030] loss = 358.020770
[e061 s0950/1030] loss = 357.996442
[e061 s1000/1030] loss = 357.786957
Epoch 061: train_loss = 357.708361  MAE/GAME0 = 520.182  RMSE = 521.377  GAME1 = 520.764  GAME2 = 522.796  GAME3 = 522.363  lr = 1.00e-05  time = 15.1s
[e062 s0001/1030] loss = 360.038605
[e062 s0050/1030] loss = 353.700721
[e062 s0100/1030] loss = 354.154161
[e062 s0150/1030] loss = 355.540797
[e062 s0200/1030] loss = 355.407002
[e062 s0250/1030] loss = 356.507966
[e062 s0300/1030] loss = 357.076280
[e062 s0350/1030] loss = 357.797306
[e062 s0400/1030] loss = 357.673644
[e062 s0450/1030] loss = 357.624872
[e062 s0500/1030] loss = 357.862741
[e062 s0550/1030] loss = 357.629820
[e062 s0600/1030] loss = 358.049421
[e062 s0650/1030] loss = 357.998637
[e062 s0700/1030] loss = 357.317889
[e062 s0750/1030] loss = 357.175291
[e062 s0800/1030] loss = 357.171056
[e062 s0850/1030] loss = 356.946051
[e062 s0900/1030] loss = 356.876628
[e062 s0950/1030] loss = 357.101443
[e062 s1000/1030] loss = 356.962839
Epoch 062: train_loss = 356.878242  MAE/GAME0 = 520.182  RMSE = 521.377  GAME1 = 520.764  GAME2 = 522.796  GAME3 = 522.363  lr = 1.00e-05  time = 15.1s
[e063 s0001/1030] loss = 377.218597
[e063 s0050/1030] loss = 347.456403
[e063 s0100/1030] loss = 354.286809
[e063 s0150/1030] loss = 355.186294
[e063 s0200/1030] loss = 355.685189
[e063 s0250/1030] loss = 355.844321
[e063 s0300/1030] loss = 356.792291
[e063 s0350/1030] loss = 357.582594
[e063 s0400/1030] loss = 357.652940
[e063 s0450/1030] loss = 357.452208
[e063 s0500/1030] loss = 356.715494
[e063 s0550/1030] loss = 357.117836
[e063 s0600/1030] loss = 357.339317
[e063 s0650/1030] loss = 357.157674
[e063 s0700/1030] loss = 356.939931
[e063 s0750/1030] loss = 356.625773
[e063 s0800/1030] loss = 356.381547
[e063 s0850/1030] loss = 356.646360
[e063 s0900/1030] loss = 356.979353
[e063 s0950/1030] loss = 357.133361
[e063 s1000/1030] loss = 357.113457
Epoch 063: train_loss = 357.099557  MAE/GAME0 = 520.182  RMSE = 521.377  GAME1 = 520.764  GAME2 = 522.796  GAME3 = 522.363  lr = 1.00e-05  time = 15.2s
[e064 s0001/1030] loss = 337.692444
[e064 s0050/1030] loss = 359.162695
[e064 s0100/1030] loss = 358.042541
[e064 s0150/1030] loss = 357.960808
[e064 s0200/1030] loss = 358.476970
[e064 s0250/1030] loss = 358.307339
[e064 s0300/1030] loss = 358.332416
[e064 s0350/1030] loss = 358.114359
[e064 s0400/1030] loss = 358.270618
[e064 s0450/1030] loss = 357.838506
[e064 s0500/1030] loss = 358.129782
[e064 s0550/1030] loss = 358.070810
[e064 s0600/1030] loss = 358.016036
[e064 s0650/1030] loss = 357.878432
[e064 s0700/1030] loss = 357.511958
[e064 s0750/1030] loss = 357.449427
[e064 s0800/1030] loss = 357.811864
[e064 s0850/1030] loss = 358.043885
[e064 s0900/1030] loss = 357.892994
[e064 s0950/1030] loss = 357.738410
[e064 s1000/1030] loss = 357.819201
Epoch 064: train_loss = 357.862014  MAE/GAME0 = 520.182  RMSE = 521.377  GAME1 = 520.764  GAME2 = 522.796  GAME3 = 522.363  lr = 1.00e-05  time = 15.2s
[e065 s0001/1030] loss = 375.854279
[e065 s0050/1030] loss = 353.242359
[e065 s0100/1030] loss = 354.884846
[e065 s0150/1030] loss = 356.800259
[e065 s0200/1030] loss = 357.687016
[e065 s0250/1030] loss = 357.816951
[e065 s0300/1030] loss = 357.644547
[e065 s0350/1030] loss = 357.146623
[e065 s0400/1030] loss = 357.910205
[e065 s0450/1030] loss = 357.809748
[e065 s0500/1030] loss = 357.739448
[e065 s0550/1030] loss = 357.759230
[e065 s0600/1030] loss = 357.264950
[e065 s0650/1030] loss = 357.233233
[e065 s0700/1030] loss = 357.178145
[e065 s0750/1030] loss = 356.917525
[e065 s0800/1030] loss = 356.933305
[e065 s0850/1030] loss = 357.025663
[e065 s0900/1030] loss = 357.012159
[e065 s0950/1030] loss = 356.881367
[e065 s1000/1030] loss = 356.935399
Epoch 065: train_loss = 356.914406  MAE/GAME0 = 520.182  RMSE = 521.377  GAME1 = 520.764  GAME2 = 522.796  GAME3 = 522.363  lr = 1.00e-05  time = 15.1s
[e066 s0001/1030] loss = 361.291534
[e066 s0050/1030] loss = 357.033461
[e066 s0100/1030] loss = 357.881912
[e066 s0150/1030] loss = 357.929515
[e066 s0200/1030] loss = 357.871181
[e066 s0250/1030] loss = 358.452843
[e066 s0300/1030] loss = 358.545627
[e066 s0350/1030] loss = 358.094433
[e066 s0400/1030] loss = 358.120310
[e066 s0450/1030] loss = 358.674995
[e066 s0500/1030] loss = 358.329293
[e066 s0550/1030] loss = 357.952101
[e066 s0600/1030] loss = 357.667603
[e066 s0650/1030] loss = 357.730522
[e066 s0700/1030] loss = 357.477819
[e066 s0750/1030] loss = 357.107290
[e066 s0800/1030] loss = 357.301817
[e066 s0850/1030] loss = 357.340780
[e066 s0900/1030] loss = 357.303362
[e066 s0950/1030] loss = 357.567286
[e066 s1000/1030] loss = 357.490926
Epoch 066: train_loss = 357.577921  MAE/GAME0 = 520.182  RMSE = 521.377  GAME1 = 520.764  GAME2 = 522.796  GAME3 = 522.363  lr = 1.00e-05  time = 15.2s
[e067 s0001/1030] loss = 375.854004
[e067 s0050/1030] loss = 361.478865
[e067 s0100/1030] loss = 360.058054
[e067 s0150/1030] loss = 359.460457
[e067 s0200/1030] loss = 357.952955
[e067 s0250/1030] loss = 359.020277
[e067 s0300/1030] loss = 357.990503
[e067 s0350/1030] loss = 358.293130
[e067 s0400/1030] loss = 358.040878
[e067 s0450/1030] loss = 358.386267
[e067 s0500/1030] loss = 358.304788
[e067 s0550/1030] loss = 358.086050
[e067 s0600/1030] loss = 358.170799
[e067 s0650/1030] loss = 357.856068
[e067 s0700/1030] loss = 357.591285
[e067 s0750/1030] loss = 357.340161
[e067 s0800/1030] loss = 357.359335
[e067 s0850/1030] loss = 357.263938
[e067 s0900/1030] loss = 357.238573
[e067 s0950/1030] loss = 357.230373
[e067 s1000/1030] loss = 357.067645
Epoch 067: train_loss = 357.205504  MAE/GAME0 = 520.182  RMSE = 521.377  GAME1 = 520.764  GAME2 = 522.796  GAME3 = 522.363  lr = 1.00e-05  time = 15.1s
[e068 s0001/1030] loss = 335.871643
[e068 s0050/1030] loss = 352.271318
[e068 s0100/1030] loss = 355.432057
[e068 s0150/1030] loss = 355.478965
[e068 s0200/1030] loss = 356.476103
[e068 s0250/1030] loss = 356.843805
[e068 s0300/1030] loss = 357.114493
[e068 s0350/1030] loss = 357.761244
[e068 s0400/1030] loss = 358.144339
[e068 s0450/1030] loss = 358.095671
[e068 s0500/1030] loss = 357.881676
[e068 s0550/1030] loss = 358.087605
[e068 s0600/1030] loss = 358.249967
[e068 s0650/1030] loss = 358.132429
[e068 s0700/1030] loss = 357.500460
[e068 s0750/1030] loss = 357.724513
[e068 s0800/1030] loss = 357.573427
[e068 s0850/1030] loss = 357.459564
[e068 s0900/1030] loss = 357.435366
[e068 s0950/1030] loss = 357.333678
[e068 s1000/1030] loss = 357.523020
Epoch 068: train_loss = 357.480387  MAE/GAME0 = 520.182  RMSE = 521.377  GAME1 = 520.764  GAME2 = 522.796  GAME3 = 522.363  lr = 1.00e-05  time = 15.2s
[e069 s0001/1030] loss = 358.068604
[e069 s0050/1030] loss = 360.510377
[e069 s0100/1030] loss = 359.712425
[e069 s0150/1030] loss = 358.438667
[e069 s0200/1030] loss = 356.013568
[e069 s0250/1030] loss = 357.243188
[e069 s0300/1030] loss = 357.485773
[e069 s0350/1030] loss = 357.803914
[e069 s0400/1030] loss = 357.866176
[e069 s0450/1030] loss = 357.670698
[e069 s0500/1030] loss = 357.466863
[e069 s0550/1030] loss = 357.169802
[e069 s0600/1030] loss = 357.119215
[e069 s0650/1030] loss = 357.128212
[e069 s0700/1030] loss = 357.338669
[e069 s0750/1030] loss = 357.141703
[e069 s0800/1030] loss = 357.210377
[e069 s0850/1030] loss = 357.497446
[e069 s0900/1030] loss = 357.183796
[e069 s0950/1030] loss = 357.009124
[e069 s1000/1030] loss = 357.121220
Epoch 069: train_loss = 357.172551  MAE/GAME0 = 520.182  RMSE = 521.377  GAME1 = 520.764  GAME2 = 522.796  GAME3 = 522.363  lr = 1.00e-05  time = 15.1s
[e070 s0001/1030] loss = 366.489655
[e070 s0050/1030] loss = 359.975578
[e070 s0100/1030] loss = 360.734309
[e070 s0150/1030] loss = 360.839031
[e070 s0200/1030] loss = 360.039417
[e070 s0250/1030] loss = 359.497340
[e070 s0300/1030] loss = 359.398298
[e070 s0350/1030] loss = 359.338236
[e070 s0400/1030] loss = 359.019335
[e070 s0450/1030] loss = 358.923050
[e070 s0500/1030] loss = 358.277294
[e070 s0550/1030] loss = 358.494662
[e070 s0600/1030] loss = 358.664021
[e070 s0650/1030] loss = 358.737525
[e070 s0700/1030] loss = 358.593395
[e070 s0750/1030] loss = 358.557772
[e070 s0800/1030] loss = 358.674208
[e070 s0850/1030] loss = 358.920315
[e070 s0900/1030] loss = 358.721104
[e070 s0950/1030] loss = 358.641037
[e070 s1000/1030] loss = 358.657119
Epoch 070: train_loss = 358.554350  MAE/GAME0 = 520.182  RMSE = 521.377  GAME1 = 520.764  GAME2 = 522.796  GAME3 = 522.363  lr = 1.00e-05  time = 15.2s
[e071 s0001/1030] loss = 377.218597
[e071 s0050/1030] loss = 360.577115
[e071 s0100/1030] loss = 358.747364
[e071 s0150/1030] loss = 357.561940
[e071 s0200/1030] loss = 358.146740
[e071 s0250/1030] loss = 358.242805
[e071 s0300/1030] loss = 357.569131
[e071 s0350/1030] loss = 356.868538
[e071 s0400/1030] loss = 356.970510
[e071 s0450/1030] loss = 357.310164
[e071 s0500/1030] loss = 357.711673
[e071 s0550/1030] loss = 357.763660
[e071 s0600/1030] loss = 358.173201
[e071 s0650/1030] loss = 358.253767
[e071 s0700/1030] loss = 357.967766
[e071 s0750/1030] loss = 357.869722
[e071 s0800/1030] loss = 357.867371
[e071 s0850/1030] loss = 357.681546
[e071 s0900/1030] loss = 357.624229
[e071 s0950/1030] loss = 357.668072
[e071 s1000/1030] loss = 357.674271
Epoch 071: train_loss = 357.680410  MAE/GAME0 = 520.182  RMSE = 521.377  GAME1 = 520.764  GAME2 = 522.796  GAME3 = 522.363  lr = 1.00e-05  time = 15.3s
[e072 s0001/1030] loss = 369.215271
[e072 s0050/1030] loss = 356.420486
[e072 s0100/1030] loss = 356.179999
[e072 s0150/1030] loss = 355.052177
[e072 s0200/1030] loss = 356.568274
[e072 s0250/1030] loss = 357.162796
[e072 s0300/1030] loss = 357.631355
[e072 s0350/1030] loss = 357.699245
[e072 s0400/1030] loss = 356.971018
[e072 s0450/1030] loss = 356.525319
[e072 s0500/1030] loss = 357.104981
[e072 s0550/1030] loss = 356.813805
[e072 s0600/1030] loss = 357.131678
[e072 s0650/1030] loss = 357.367406
[e072 s0700/1030] loss = 357.351526
[e072 s0750/1030] loss = 357.498392
[e072 s0800/1030] loss = 357.539403
[e072 s0850/1030] loss = 357.480154
[e072 s0900/1030] loss = 357.467585
[e072 s0950/1030] loss = 357.529479
[e072 s1000/1030] loss = 357.551354
Epoch 072: train_loss = 357.631793  MAE/GAME0 = 520.182  RMSE = 521.377  GAME1 = 520.764  GAME2 = 522.796  GAME3 = 522.363  lr = 1.00e-05  time = 15.1s
[e073 s0001/1030] loss = 334.326202
[e073 s0050/1030] loss = 357.277693
[e073 s0100/1030] loss = 358.435471
[e073 s0150/1030] loss = 358.468821
[e073 s0200/1030] loss = 357.675062
[e073 s0250/1030] loss = 357.561211
[e073 s0300/1030] loss = 357.562756
[e073 s0350/1030] loss = 357.803854
[e073 s0400/1030] loss = 358.004823
[e073 s0450/1030] loss = 357.711398
[e073 s0500/1030] loss = 357.874790
[e073 s0550/1030] loss = 357.373652
[e073 s0600/1030] loss = 357.236017
[e073 s0650/1030] loss = 357.171004
[e073 s0700/1030] loss = 357.045152
[e073 s0750/1030] loss = 357.026982
[e073 s0800/1030] loss = 357.341662
[e073 s0850/1030] loss = 357.416604
[e073 s0900/1030] loss = 357.438612
[e073 s0950/1030] loss = 357.724756
[e073 s1000/1030] loss = 357.835101
Epoch 073: train_loss = 357.831907  MAE/GAME0 = 520.182  RMSE = 521.377  GAME1 = 520.764  GAME2 = 522.796  GAME3 = 522.363  lr = 1.00e-05  time = 15.2s
[e074 s0001/1030] loss = 369.136322
[e074 s0050/1030] loss = 358.673220
[e074 s0100/1030] loss = 358.092775
[e074 s0150/1030] loss = 357.912886
[e074 s0200/1030] loss = 358.509314
[e074 s0250/1030] loss = 358.547511
[e074 s0300/1030] loss = 358.733799
[e074 s0350/1030] loss = 358.105671
[e074 s0400/1030] loss = 358.643071
[e074 s0450/1030] loss = 358.561876
[e074 s0500/1030] loss = 358.157598
[e074 s0550/1030] loss = 358.173605
[e074 s0600/1030] loss = 357.951332
[e074 s0650/1030] loss = 357.821263
[e074 s0700/1030] loss = 357.766911
[e074 s0750/1030] loss = 357.347899
[e074 s0800/1030] loss = 357.281059
[e074 s0850/1030] loss = 357.540742
[e074 s0900/1030] loss = 357.749841
[e074 s0950/1030] loss = 357.684617
[e074 s1000/1030] loss = 357.658219
Epoch 074: train_loss = 357.677743  MAE/GAME0 = 520.182  RMSE = 521.377  GAME1 = 520.764  GAME2 = 522.796  GAME3 = 522.363  lr = 1.00e-05  time = 15.4s
[e075 s0001/1030] loss = 328.507080
[e075 s0050/1030] loss = 360.297755
[e075 s0100/1030] loss = 360.767748
[e075 s0150/1030] loss = 359.054401
[e075 s0200/1030] loss = 358.131684
[e075 s0250/1030] loss = 358.691871
[e075 s0300/1030] loss = 358.292709
[e075 s0350/1030] loss = 358.791351
[e075 s0400/1030] loss = 358.262380
[e075 s0450/1030] loss = 358.807128
[e075 s0500/1030] loss = 358.717960
[e075 s0550/1030] loss = 358.615565
[e075 s0600/1030] loss = 358.332393
[e075 s0650/1030] loss = 358.151831
[e075 s0700/1030] loss = 358.262891
[e075 s0750/1030] loss = 358.209656
[e075 s0800/1030] loss = 358.314884
[e075 s0850/1030] loss = 358.508607
[e075 s0900/1030] loss = 358.520019
[e075 s0950/1030] loss = 358.325712
[e075 s1000/1030] loss = 358.340590
Epoch 075: train_loss = 358.328285  MAE/GAME0 = 520.182  RMSE = 521.377  GAME1 = 520.764  GAME2 = 522.796  GAME3 = 522.363  lr = 1.00e-05  time = 15.2s
[e076 s0001/1030] loss = 349.217499
[e076 s0050/1030] loss = 356.322831
[e076 s0100/1030] loss = 357.287155
[e076 s0150/1030] loss = 355.685737
[e076 s0200/1030] loss = 356.067598
[e076 s0250/1030] loss = 356.552056
[e076 s0300/1030] loss = 357.368642
[e076 s0350/1030] loss = 357.364151
[e076 s0400/1030] loss = 357.484735
[e076 s0450/1030] loss = 357.597241
[e076 s0500/1030] loss = 357.472877
[e076 s0550/1030] loss = 357.624607
[e076 s0600/1030] loss = 357.585747
[e076 s0650/1030] loss = 357.742799
[e076 s0700/1030] loss = 357.835746
[e076 s0750/1030] loss = 357.740096
[e076 s0800/1030] loss = 357.077004
[e076 s0850/1030] loss = 357.003330
[e076 s0900/1030] loss = 357.070819
[e076 s0950/1030] loss = 357.272304
[e076 s1000/1030] loss = 357.357853
Epoch 076: train_loss = 357.323701  MAE/GAME0 = 520.182  RMSE = 521.377  GAME1 = 520.764  GAME2 = 522.796  GAME3 = 522.363  lr = 1.00e-05  time = 15.1s
[e077 s0001/1030] loss = 361.060547
[e077 s0050/1030] loss = 356.795980
[e077 s0100/1030] loss = 358.075243
[e077 s0150/1030] loss = 359.038840
[e077 s0200/1030] loss = 359.224661
[e077 s0250/1030] loss = 359.562883
[e077 s0300/1030] loss = 359.187151
[e077 s0350/1030] loss = 359.005794
[e077 s0400/1030] loss = 358.922046
[e077 s0450/1030] loss = 358.130333
[e077 s0500/1030] loss = 357.931106
[e077 s0550/1030] loss = 357.826246
[e077 s0600/1030] loss = 358.069608
[e077 s0650/1030] loss = 357.824252
[e077 s0700/1030] loss = 357.671849
[e077 s0750/1030] loss = 357.423355
[e077 s0800/1030] loss = 357.217574
[e077 s0850/1030] loss = 357.530348
[e077 s0900/1030] loss = 357.653254
[e077 s0950/1030] loss = 357.691727
[e077 s1000/1030] loss = 357.515379
Epoch 077: train_loss = 357.394568  MAE/GAME0 = 520.182  RMSE = 521.377  GAME1 = 520.764  GAME2 = 522.796  GAME3 = 522.363  lr = 1.00e-05  time = 15.2s
[e078 s0001/1030] loss = 377.218597
[e078 s0050/1030] loss = 359.280305
[e078 s0100/1030] loss = 357.557222
[e078 s0150/1030] loss = 357.138137
[e078 s0200/1030] loss = 358.796524
[e078 s0250/1030] loss = 358.787947
[e078 s0300/1030] loss = 357.697558
[e078 s0350/1030] loss = 357.094129
[e078 s0400/1030] loss = 357.728975
[e078 s0450/1030] loss = 358.080744
[e078 s0500/1030] loss = 358.017974
[e078 s0550/1030] loss = 358.030043
[e078 s0600/1030] loss = 358.208329
[e078 s0650/1030] loss = 358.124058
[e078 s0700/1030] loss = 357.987454
[e078 s0750/1030] loss = 357.709497
[e078 s0800/1030] loss = 357.712901
[e078 s0850/1030] loss = 357.731237
[e078 s0900/1030] loss = 357.723819
[e078 s0950/1030] loss = 357.628029
[e078 s1000/1030] loss = 357.539628
Epoch 078: train_loss = 357.518216  MAE/GAME0 = 520.182  RMSE = 521.377  GAME1 = 520.764  GAME2 = 522.796  GAME3 = 522.363  lr = 1.00e-05  time = 15.3s
[e079 s0001/1030] loss = 354.403778
[e079 s0050/1030] loss = 356.227563
[e079 s0100/1030] loss = 355.694059
[e079 s0150/1030] loss = 356.474938
[e079 s0200/1030] loss = 357.677688
[e079 s0250/1030] loss = 357.529769
[e079 s0300/1030] loss = 357.364328
[e079 s0350/1030] loss = 357.161612
[e079 s0400/1030] loss = 357.386134
[e079 s0450/1030] loss = 356.819679
[e079 s0500/1030] loss = 356.525009
[e079 s0550/1030] loss = 356.598505
[e079 s0600/1030] loss = 356.496523
[e079 s0650/1030] loss = 356.909901
[e079 s0700/1030] loss = 357.043518
[e079 s0750/1030] loss = 357.123890
[e079 s0800/1030] loss = 356.773846
[e079 s0850/1030] loss = 356.575795
[e079 s0900/1030] loss = 356.674432
[e079 s0950/1030] loss = 356.854623
[e079 s1000/1030] loss = 357.125163
Epoch 079: train_loss = 357.249282  MAE/GAME0 = 520.182  RMSE = 521.377  GAME1 = 520.764  GAME2 = 522.796  GAME3 = 522.363  lr = 1.00e-05  time = 15.3s
[e080 s0001/1030] loss = 362.698822
[e080 s0050/1030] loss = 349.545352
[e080 s0100/1030] loss = 352.147898
[e080 s0150/1030] loss = 353.772200
[e080 s0200/1030] loss = 355.222853
[e080 s0250/1030] loss = 355.754538
[e080 s0300/1030] loss = 355.297968
[e080 s0350/1030] loss = 356.191529
[e080 s0400/1030] loss = 355.906253
[e080 s0450/1030] loss = 356.417443
[e080 s0500/1030] loss = 356.471321
[e080 s0550/1030] loss = 356.719103
[e080 s0600/1030] loss = 356.724472
[e080 s0650/1030] loss = 356.813570
[e080 s0700/1030] loss = 356.400510
[e080 s0750/1030] loss = 356.524017
[e080 s0800/1030] loss = 356.443751
[e080 s0850/1030] loss = 356.625626
[e080 s0900/1030] loss = 356.611273
[e080 s0950/1030] loss = 356.729372
[e080 s1000/1030] loss = 356.749809
Epoch 080: train_loss = 356.871831  MAE/GAME0 = 520.182  RMSE = 521.377  GAME1 = 520.764  GAME2 = 522.796  GAME3 = 522.363  lr = 1.00e-05  time = 15.2s
[e081 s0001/1030] loss = 366.476227
[e081 s0050/1030] loss = 359.616365
[e081 s0100/1030] loss = 359.311907
[e081 s0150/1030] loss = 358.081333
[e081 s0200/1030] loss = 358.376012
[e081 s0250/1030] loss = 358.479224
[e081 s0300/1030] loss = 358.703402
[e081 s0350/1030] loss = 357.961020
[e081 s0400/1030] loss = 357.340352
[e081 s0450/1030] loss = 357.059793
[e081 s0500/1030] loss = 356.666271
[e081 s0550/1030] loss = 356.925404
[e081 s0600/1030] loss = 357.110210
[e081 s0650/1030] loss = 356.942501
[e081 s0700/1030] loss = 356.907541
[e081 s0750/1030] loss = 357.198931
[e081 s0800/1030] loss = 357.221045
[e081 s0850/1030] loss = 357.175602
[e081 s0900/1030] loss = 357.031435
[e081 s0950/1030] loss = 356.983063
[e081 s1000/1030] loss = 356.976885
Epoch 081: train_loss = 357.032829  MAE/GAME0 = 520.182  RMSE = 521.377  GAME1 = 520.764  GAME2 = 522.796  GAME3 = 522.363  lr = 1.00e-05  time = 15.1s
[e082 s0001/1030] loss = 350.015991
[e082 s0050/1030] loss = 351.261360
[e082 s0100/1030] loss = 352.896815
[e082 s0150/1030] loss = 354.987504
[e082 s0200/1030] loss = 357.090797
[e082 s0250/1030] loss = 356.782209
[e082 s0300/1030] loss = 355.717182
[e082 s0350/1030] loss = 356.404760
[e082 s0400/1030] loss = 356.235670
[e082 s0450/1030] loss = 356.542608
[e082 s0500/1030] loss = 356.318187
[e082 s0550/1030] loss = 356.266269
[e082 s0600/1030] loss = 355.925435
[e082 s0650/1030] loss = 355.667234
[e082 s0700/1030] loss = 355.726103
[e082 s0750/1030] loss = 355.703375
[e082 s0800/1030] loss = 355.539891
[e082 s0850/1030] loss = 355.816278
[e082 s0900/1030] loss = 355.868596
[e082 s0950/1030] loss = 356.047827
[e082 s1000/1030] loss = 356.334305
Epoch 082: train_loss = 356.315977  MAE/GAME0 = 520.182  RMSE = 521.377  GAME1 = 520.764  GAME2 = 522.796  GAME3 = 522.363  lr = 1.00e-05  time = 15.1s
[e083 s0001/1030] loss = 352.413971
[e083 s0050/1030] loss = 358.140218
[e083 s0100/1030] loss = 356.783503
[e083 s0150/1030] loss = 356.631562
[e083 s0200/1030] loss = 356.766478
[e083 s0250/1030] loss = 357.291790
[e083 s0300/1030] loss = 356.915717
[e083 s0350/1030] loss = 356.989939
[e083 s0400/1030] loss = 356.863684
[e083 s0450/1030] loss = 356.747309
[e083 s0500/1030] loss = 356.584542
[e083 s0550/1030] loss = 356.888630
[e083 s0600/1030] loss = 356.764278
[e083 s0650/1030] loss = 356.947768
[e083 s0700/1030] loss = 356.687644
[e083 s0750/1030] loss = 356.858264
[e083 s0800/1030] loss = 356.907017
[e083 s0850/1030] loss = 357.115375
[e083 s0900/1030] loss = 357.105192
[e083 s0950/1030] loss = 356.945206
[e083 s1000/1030] loss = 357.093877
Epoch 083: train_loss = 356.956869  MAE/GAME0 = 520.182  RMSE = 521.377  GAME1 = 520.764  GAME2 = 522.796  GAME3 = 522.363  lr = 1.00e-05  time = 15.2s
[e084 s0001/1030] loss = 351.368103
[e084 s0050/1030] loss = 352.112288
[e084 s0100/1030] loss = 353.561590
[e084 s0150/1030] loss = 354.392910
[e084 s0200/1030] loss = 355.297529
[e084 s0250/1030] loss = 355.409693
[e084 s0300/1030] loss = 355.762451
[e084 s0350/1030] loss = 356.362627
[e084 s0400/1030] loss = 356.262961
[e084 s0450/1030] loss = 356.564106
[e084 s0500/1030] loss = 356.987001
[e084 s0550/1030] loss = 357.185324
[e084 s0600/1030] loss = 357.666528
[e084 s0650/1030] loss = 358.074320
[e084 s0700/1030] loss = 358.069686
[e084 s0750/1030] loss = 358.225142
[e084 s0800/1030] loss = 357.923295
[e084 s0850/1030] loss = 357.941352
[e084 s0900/1030] loss = 357.956432
[e084 s0950/1030] loss = 357.839106
[e084 s1000/1030] loss = 357.918575
Epoch 084: train_loss = 357.897030  MAE/GAME0 = 520.182  RMSE = 521.377  GAME1 = 520.764  GAME2 = 522.796  GAME3 = 522.363  lr = 1.00e-05  time = 15.1s
[e085 s0001/1030] loss = 322.656555
[e085 s0050/1030] loss = 356.497695
[e085 s0100/1030] loss = 358.345402
[e085 s0150/1030] loss = 357.026605
[e085 s0200/1030] loss = 355.963893
[e085 s0250/1030] loss = 355.416594
[e085 s0300/1030] loss = 356.449633
[e085 s0350/1030] loss = 356.890833
[e085 s0400/1030] loss = 356.878552
[e085 s0450/1030] loss = 357.173889
[e085 s0500/1030] loss = 356.701819
[e085 s0550/1030] loss = 356.926854
[e085 s0600/1030] loss = 356.608733
[e085 s0650/1030] loss = 356.646151
[e085 s0700/1030] loss = 356.531186
[e085 s0750/1030] loss = 356.876086
[e085 s0800/1030] loss = 356.994144
[e085 s0850/1030] loss = 356.792488
[e085 s0900/1030] loss = 356.795655
[e085 s0950/1030] loss = 356.859061
[e085 s1000/1030] loss = 356.885979
Epoch 085: train_loss = 356.952179  MAE/GAME0 = 520.182  RMSE = 521.377  GAME1 = 520.764  GAME2 = 522.796  GAME3 = 522.363  lr = 1.00e-05  time = 15.0s
[e086 s0001/1030] loss = 360.342285
[e086 s0050/1030] loss = 358.885671
[e086 s0100/1030] loss = 358.815280
[e086 s0150/1030] loss = 359.127449
[e086 s0200/1030] loss = 359.218921
[e086 s0250/1030] loss = 359.735726
[e086 s0300/1030] loss = 359.692302
[e086 s0350/1030] loss = 359.296387
[e086 s0400/1030] loss = 359.064634
[e086 s0450/1030] loss = 358.541754
[e086 s0500/1030] loss = 358.449734
[e086 s0550/1030] loss = 358.337652
[e086 s0600/1030] loss = 358.433248
[e086 s0650/1030] loss = 358.444977
[e086 s0700/1030] loss = 358.038204
[e086 s0750/1030] loss = 358.301627
[e086 s0800/1030] loss = 358.051448
[e086 s0850/1030] loss = 358.128944
[e086 s0900/1030] loss = 358.317625
[e086 s0950/1030] loss = 358.227750
[e086 s1000/1030] loss = 358.029871
Epoch 086: train_loss = 358.022190  MAE/GAME0 = 520.182  RMSE = 521.377  GAME1 = 520.764  GAME2 = 522.796  GAME3 = 522.363  lr = 1.00e-05  time = 15.1s
[e087 s0001/1030] loss = 333.143860
[e087 s0050/1030] loss = 356.076948
[e087 s0100/1030] loss = 357.578023
[e087 s0150/1030] loss = 357.674672
[e087 s0200/1030] loss = 357.566301
[e087 s0250/1030] loss = 357.848214
[e087 s0300/1030] loss = 357.205681
[e087 s0350/1030] loss = 356.922558
[e087 s0400/1030] loss = 356.598338
[e087 s0450/1030] loss = 356.746046
[e087 s0500/1030] loss = 357.136728
[e087 s0550/1030] loss = 356.797528
[e087 s0600/1030] loss = 356.730330
[e087 s0650/1030] loss = 356.310853
[e087 s0700/1030] loss = 356.427410
[e087 s0750/1030] loss = 356.526540
[e087 s0800/1030] loss = 356.545699
[e087 s0850/1030] loss = 356.531636
[e087 s0900/1030] loss = 356.617516
[e087 s0950/1030] loss = 356.914067
[e087 s1000/1030] loss = 356.918234
Epoch 087: train_loss = 356.834514  MAE/GAME0 = 520.182  RMSE = 521.377  GAME1 = 520.764  GAME2 = 522.796  GAME3 = 522.363  lr = 1.00e-05  time = 15.1s
[e088 s0001/1030] loss = 377.218597
[e088 s0050/1030] loss = 358.285493
[e088 s0100/1030] loss = 356.523797
[e088 s0150/1030] loss = 356.209176
[e088 s0200/1030] loss = 356.305424
[e088 s0250/1030] loss = 356.816312
[e088 s0300/1030] loss = 357.165841
[e088 s0350/1030] loss = 356.445028
[e088 s0400/1030] loss = 356.600994
[e088 s0450/1030] loss = 356.873971
[e088 s0500/1030] loss = 356.485485
[e088 s0550/1030] loss = 356.918644
[e088 s0600/1030] loss = 357.085016
[e088 s0650/1030] loss = 356.986224
[e088 s0700/1030] loss = 356.792124
[e088 s0750/1030] loss = 357.171908
[e088 s0800/1030] loss = 357.305547
[e088 s0850/1030] loss = 356.976509
[e088 s0900/1030] loss = 357.111593
[e088 s0950/1030] loss = 357.035009
[e088 s1000/1030] loss = 357.066115
Epoch 088: train_loss = 357.216677  MAE/GAME0 = 520.182  RMSE = 521.377  GAME1 = 520.764  GAME2 = 522.796  GAME3 = 522.363  lr = 1.00e-05  time = 15.2s
[e089 s0001/1030] loss = 377.218597
[e089 s0050/1030] loss = 361.857983
[e089 s0100/1030] loss = 358.401747
[e089 s0150/1030] loss = 359.362146
[e089 s0200/1030] loss = 358.495356
[e089 s0250/1030] loss = 358.329634
[e089 s0300/1030] loss = 358.425681
[e089 s0350/1030] loss = 358.283485
[e089 s0400/1030] loss = 358.615385
[e089 s0450/1030] loss = 358.841956
[e089 s0500/1030] loss = 358.883459
[e089 s0550/1030] loss = 359.040973
[e089 s0600/1030] loss = 359.136092
[e089 s0650/1030] loss = 358.884069
[e089 s0700/1030] loss = 358.487927
[e089 s0750/1030] loss = 358.570013
[e089 s0800/1030] loss = 358.168604
[e089 s0850/1030] loss = 358.058046
[e089 s0900/1030] loss = 358.208266
[e089 s0950/1030] loss = 358.120848
[e089 s1000/1030] loss = 358.253484
Epoch 089: train_loss = 358.321525  MAE/GAME0 = 520.182  RMSE = 521.377  GAME1 = 520.764  GAME2 = 522.796  GAME3 = 522.363  lr = 1.00e-05  time = 15.1s
[e090 s0001/1030] loss = 369.100281
[e090 s0050/1030] loss = 362.544893
[e090 s0100/1030] loss = 360.021182
[e090 s0150/1030] loss = 358.670495
[e090 s0200/1030] loss = 359.742668
[e090 s0250/1030] loss = 358.920363
[e090 s0300/1030] loss = 358.796785
[e090 s0350/1030] loss = 358.904865
[e090 s0400/1030] loss = 359.198038
[e090 s0450/1030] loss = 358.684854
[e090 s0500/1030] loss = 359.080011
[e090 s0550/1030] loss = 359.015774
[e090 s0600/1030] loss = 358.890065
[e090 s0650/1030] loss = 358.399532
[e090 s0700/1030] loss = 357.957569
[e090 s0750/1030] loss = 357.720310
[e090 s0800/1030] loss = 357.905905
[e090 s0850/1030] loss = 357.763169
[e090 s0900/1030] loss = 357.801337
[e090 s0950/1030] loss = 357.815271
[e090 s1000/1030] loss = 357.670757
Epoch 090: train_loss = 357.604207  MAE/GAME0 = 520.182  RMSE = 521.377  GAME1 = 520.764  GAME2 = 522.796  GAME3 = 522.363  lr = 1.00e-05  time = 15.3s
[e091 s0001/1030] loss = 365.153320
[e091 s0050/1030] loss = 358.111473
[e091 s0100/1030] loss = 357.375035
[e091 s0150/1030] loss = 356.020216
[e091 s0200/1030] loss = 356.355479
[e091 s0250/1030] loss = 356.788115
[e091 s0300/1030] loss = 357.318256
[e091 s0350/1030] loss = 357.667184
[e091 s0400/1030] loss = 356.992800
[e091 s0450/1030] loss = 357.064709
[e091 s0500/1030] loss = 357.156224
[e091 s0550/1030] loss = 356.988350
[e091 s0600/1030] loss = 357.306967
[e091 s0650/1030] loss = 357.665598
[e091 s0700/1030] loss = 357.661656
[e091 s0750/1030] loss = 357.647438
[e091 s0800/1030] loss = 357.726709
[e091 s0850/1030] loss = 357.947557
[e091 s0900/1030] loss = 357.924163
[e091 s0950/1030] loss = 358.056088
[e091 s1000/1030] loss = 357.899254
Epoch 091: train_loss = 357.795787  MAE/GAME0 = 520.182  RMSE = 521.377  GAME1 = 520.764  GAME2 = 522.796  GAME3 = 522.363  lr = 1.00e-05  time = 15.2s
[e092 s0001/1030] loss = 350.917389
[e092 s0050/1030] loss = 356.767479
[e092 s0100/1030] loss = 357.626272
[e092 s0150/1030] loss = 359.247453
[e092 s0200/1030] loss = 357.714749
[e092 s0250/1030] loss = 357.680510
[e092 s0300/1030] loss = 358.228167
[e092 s0350/1030] loss = 358.180781
[e092 s0400/1030] loss = 358.523213
[e092 s0450/1030] loss = 358.357647
[e092 s0500/1030] loss = 358.191771
[e092 s0550/1030] loss = 358.083982
[e092 s0600/1030] loss = 358.148744
[e092 s0650/1030] loss = 358.245405
[e092 s0700/1030] loss = 358.081561
[e092 s0750/1030] loss = 358.060696
[e092 s0800/1030] loss = 357.990825
[e092 s0850/1030] loss = 357.751031
[e092 s0900/1030] loss = 357.714456
[e092 s0950/1030] loss = 357.631442
[e092 s1000/1030] loss = 357.629205
Epoch 092: train_loss = 357.464894  MAE/GAME0 = 520.182  RMSE = 521.377  GAME1 = 520.764  GAME2 = 522.796  GAME3 = 522.363  lr = 1.00e-05  time = 15.1s
[e093 s0001/1030] loss = 377.218597
[e093 s0050/1030] loss = 353.041998
[e093 s0100/1030] loss = 355.981219
[e093 s0150/1030] loss = 356.501659
[e093 s0200/1030] loss = 357.600852
[e093 s0250/1030] loss = 357.308409
[e093 s0300/1030] loss = 357.722244
[e093 s0350/1030] loss = 357.918096
[e093 s0400/1030] loss = 357.589977
[e093 s0450/1030] loss = 357.492380
[e093 s0500/1030] loss = 357.406967
[e093 s0550/1030] loss = 357.849971
[e093 s0600/1030] loss = 357.643212
[e093 s0650/1030] loss = 357.667788
[e093 s0700/1030] loss = 357.798701
[e093 s0750/1030] loss = 357.625911
[e093 s0800/1030] loss = 357.732672
[e093 s0850/1030] loss = 357.735837
[e093 s0900/1030] loss = 357.555090
[e093 s0950/1030] loss = 357.483188
[e093 s1000/1030] loss = 357.501380
Epoch 093: train_loss = 357.460862  MAE/GAME0 = 520.182  RMSE = 521.377  GAME1 = 520.764  GAME2 = 522.796  GAME3 = 522.363  lr = 1.00e-05  time = 15.2s
[e094 s0001/1030] loss = 364.064728
[e094 s0050/1030] loss = 357.115302
[e094 s0100/1030] loss = 355.397809
[e094 s0150/1030] loss = 356.621099
[e094 s0200/1030] loss = 356.412517
[e094 s0250/1030] loss = 356.431588
[e094 s0300/1030] loss = 356.676756
[e094 s0350/1030] loss = 356.558360
[e094 s0400/1030] loss = 356.639304
[e094 s0450/1030] loss = 356.663122
[e094 s0500/1030] loss = 356.585239
[e094 s0550/1030] loss = 356.670209
[e094 s0600/1030] loss = 356.539828
[e094 s0650/1030] loss = 356.882005
[e094 s0700/1030] loss = 357.054149
[e094 s0750/1030] loss = 356.936711
[e094 s0800/1030] loss = 356.807912
[e094 s0850/1030] loss = 356.689950
[e094 s0900/1030] loss = 356.678311
[e094 s0950/1030] loss = 356.619626
[e094 s1000/1030] loss = 356.774790
Epoch 094: train_loss = 356.860104  MAE/GAME0 = 520.182  RMSE = 521.377  GAME1 = 520.764  GAME2 = 522.796  GAME3 = 522.363  lr = 1.00e-05  time = 15.2s
[e095 s0001/1030] loss = 355.244446
[e095 s0050/1030] loss = 354.634752
[e095 s0100/1030] loss = 356.664370
[e095 s0150/1030] loss = 357.201215
[e095 s0200/1030] loss = 356.908664
[e095 s0250/1030] loss = 356.359903
[e095 s0300/1030] loss = 356.629672
[e095 s0350/1030] loss = 357.243122
[e095 s0400/1030] loss = 357.018014
[e095 s0450/1030] loss = 357.094291
[e095 s0500/1030] loss = 357.375198
[e095 s0550/1030] loss = 357.571152
[e095 s0600/1030] loss = 357.781189
[e095 s0650/1030] loss = 357.722886
[e095 s0700/1030] loss = 357.739546
[e095 s0750/1030] loss = 357.797716
[e095 s0800/1030] loss = 357.987323
[e095 s0850/1030] loss = 358.063490
[e095 s0900/1030] loss = 358.152990
[e095 s0950/1030] loss = 358.122732
[e095 s1000/1030] loss = 357.708286
Epoch 095: train_loss = 357.877970  MAE/GAME0 = 520.182  RMSE = 521.377  GAME1 = 520.764  GAME2 = 522.796  GAME3 = 522.363  lr = 1.00e-05  time = 15.2s
[e096 s0001/1030] loss = 371.808502
[e096 s0050/1030] loss = 354.268717
[e096 s0100/1030] loss = 352.943863
[e096 s0150/1030] loss = 354.409438
[e096 s0200/1030] loss = 355.262011
[e096 s0250/1030] loss = 356.582726
[e096 s0300/1030] loss = 357.216334
[e096 s0350/1030] loss = 357.378378
[e096 s0400/1030] loss = 357.756973
[e096 s0450/1030] loss = 358.048402
[e096 s0500/1030] loss = 357.788194
[e096 s0550/1030] loss = 357.630984
[e096 s0600/1030] loss = 357.566049
[e096 s0650/1030] loss = 357.921831
[e096 s0700/1030] loss = 357.818153
[e096 s0750/1030] loss = 357.904741
[e096 s0800/1030] loss = 358.015511
[e096 s0850/1030] loss = 358.018352
[e096 s0900/1030] loss = 357.910126
[e096 s0950/1030] loss = 357.898912
[e096 s1000/1030] loss = 357.804000
Epoch 096: train_loss = 357.909724  MAE/GAME0 = 520.182  RMSE = 521.377  GAME1 = 520.764  GAME2 = 522.796  GAME3 = 522.363  lr = 1.00e-05  time = 15.2s
[e097 s0001/1030] loss = 346.548004
[e097 s0050/1030] loss = 358.047668
[e097 s0100/1030] loss = 359.053242
[e097 s0150/1030] loss = 356.775608
[e097 s0200/1030] loss = 357.725326
[e097 s0250/1030] loss = 357.907607
[e097 s0300/1030] loss = 357.949263
[e097 s0350/1030] loss = 357.844135
[e097 s0400/1030] loss = 357.611538
[e097 s0450/1030] loss = 358.214820
[e097 s0500/1030] loss = 357.867537
[e097 s0550/1030] loss = 357.465339
[e097 s0600/1030] loss = 357.651447
[e097 s0650/1030] loss = 357.652975
[e097 s0700/1030] loss = 357.788622
[e097 s0750/1030] loss = 357.920268
[e097 s0800/1030] loss = 357.977471
[e097 s0850/1030] loss = 358.129840
[e097 s0900/1030] loss = 358.180864
[e097 s0950/1030] loss = 358.188919
[e097 s1000/1030] loss = 358.077583
Epoch 097: train_loss = 358.171172  MAE/GAME0 = 520.182  RMSE = 521.377  GAME1 = 520.764  GAME2 = 522.796  GAME3 = 522.363  lr = 1.00e-05  time = 15.5s
[e098 s0001/1030] loss = 350.776947
[e098 s0050/1030] loss = 356.550760
[e098 s0100/1030] loss = 358.622301
[e098 s0150/1030] loss = 359.103722
[e098 s0200/1030] loss = 358.360422
[e098 s0250/1030] loss = 356.557576
[e098 s0300/1030] loss = 357.374706
[e098 s0350/1030] loss = 357.069361
[e098 s0400/1030] loss = 357.194783
[e098 s0450/1030] loss = 357.522809
[e098 s0500/1030] loss = 358.121849
[e098 s0550/1030] loss = 358.449749
[e098 s0600/1030] loss = 358.123968
[e098 s0650/1030] loss = 358.233114
[e098 s0700/1030] loss = 358.210553
[e098 s0750/1030] loss = 357.953466
[e098 s0800/1030] loss = 357.905380
[e098 s0850/1030] loss = 357.584233
[e098 s0900/1030] loss = 357.930581
[e098 s0950/1030] loss = 357.740601
[e098 s1000/1030] loss = 357.732945
Epoch 098: train_loss = 357.748025  MAE/GAME0 = 520.182  RMSE = 521.377  GAME1 = 520.764  GAME2 = 522.796  GAME3 = 522.363  lr = 1.00e-05  time = 15.4s
[e099 s0001/1030] loss = 362.938568
[e099 s0050/1030] loss = 357.638989
[e099 s0100/1030] loss = 356.952844
[e099 s0150/1030] loss = 356.463521
[e099 s0200/1030] loss = 355.220625
[e099 s0250/1030] loss = 355.948049
[e099 s0300/1030] loss = 356.738776
[e099 s0350/1030] loss = 357.259672
[e099 s0400/1030] loss = 357.729050
[e099 s0450/1030] loss = 357.599815
[e099 s0500/1030] loss = 357.953007
[e099 s0550/1030] loss = 357.352253
[e099 s0600/1030] loss = 357.514004
[e099 s0650/1030] loss = 357.577415
[e099 s0700/1030] loss = 357.897984
[e099 s0750/1030] loss = 357.912462
[e099 s0800/1030] loss = 357.878724
[e099 s0850/1030] loss = 357.699088
[e099 s0900/1030] loss = 357.603918
[e099 s0950/1030] loss = 357.445960
[e099 s1000/1030] loss = 357.336801
Epoch 099: train_loss = 357.281977  MAE/GAME0 = 520.182  RMSE = 521.377  GAME1 = 520.764  GAME2 = 522.796  GAME3 = 522.363  lr = 1.00e-05  time = 15.2s
[e100 s0001/1030] loss = 354.218323
[e100 s0050/1030] loss = 356.280234
[e100 s0100/1030] loss = 354.990710
[e100 s0150/1030] loss = 355.606462
[e100 s0200/1030] loss = 355.824684
[e100 s0250/1030] loss = 356.245033
[e100 s0300/1030] loss = 357.018278
[e100 s0350/1030] loss = 356.704742
[e100 s0400/1030] loss = 356.749985
[e100 s0450/1030] loss = 356.639499
[e100 s0500/1030] loss = 356.598141
[e100 s0550/1030] loss = 357.000295
[e100 s0600/1030] loss = 357.115092
[e100 s0650/1030] loss = 357.381647
[e100 s0700/1030] loss = 357.474821
[e100 s0750/1030] loss = 357.563240
[e100 s0800/1030] loss = 357.632945
[e100 s0850/1030] loss = 357.713799
[e100 s0900/1030] loss = 357.529001
[e100 s0950/1030] loss = 357.624359
[e100 s1000/1030] loss = 357.540755
Epoch 100: train_loss = 357.701615  MAE/GAME0 = 520.182  RMSE = 521.377  GAME1 = 520.764  GAME2 = 522.796  GAME3 = 522.363  lr = 1.00e-05  time = 15.1s
[done] best_mae = 520.182  best_path = /scratch/users/ntu/kenneth0/FYP-SmartObjectCounter/outputs/train_rgbt_adaptive_late_e100_sanity/12838546.pbs101_20260206_140545/best.pth
