[log] /scratch/users/ntu/kenneth0/FYP-SmartObjectCounter/logs/train_rgbt_adaptive_late_e100_sanity_12738427.pbs101_20260114_203843.log
[job] name=train_rgbt_adaptive_late_e100_sanity id=12738427.pbs101 host=x1000c2s0b0n1 time=Wed Jan 14 20:38:43 +08 2026
[init] device = cuda
[init] train = 1030  val = 200  workers = 4
[e001 s0001/1030] loss = 2257.520996
[e001 s0050/1030] loss = 625.038027
[e001 s0100/1030] loss = 314.978375
[e001 s0150/1030] loss = 210.285475
[e001 s0200/1030] loss = 157.769877
[e001 s0250/1030] loss = 126.228192
[e001 s0300/1030] loss = 105.193596
[e001 s0350/1030] loss = 90.167401
[e001 s0400/1030] loss = 78.897364
[e001 s0450/1030] loss = 70.131653
[e001 s0500/1030] loss = 63.118960
[e001 s0550/1030] loss = 57.381201
[e001 s0600/1030] loss = 52.599682
[e001 s0650/1030] loss = 48.553757
[e001 s0700/1030] loss = 45.085832
[e001 s0750/1030] loss = 42.080265
[e001 s0800/1030] loss = 39.450387
[e001 s0850/1030] loss = 37.129885
[e001 s0900/1030] loss = 35.067222
[e001 s0950/1030] loss = 33.221690
[e001 s1000/1030] loss = 31.560707
-> saved adaptive_late_best.pth (MAE/GAME0 77.83)
Epoch 001: train_loss = 30.641517  MAE/GAME0 = 77.83  RMSE = 88.88  GAME1 = 24.73  GAME2 = 7.71  GAME3 = 2.21  lr = 1.00e-05  time = 90.2s
[e002 s0001/1030] loss = 0.001634
[e002 s0050/1030] loss = 0.002629
[e002 s0100/1030] loss = 0.001981
[e002 s0150/1030] loss = 0.001740
[e002 s0200/1030] loss = 0.001614
[e002 s0250/1030] loss = 0.001635
[e002 s0300/1030] loss = 0.001620
[e002 s0350/1030] loss = 0.001549
[e002 s0400/1030] loss = 0.001539
[e002 s0450/1030] loss = 0.001490
[e002 s0500/1030] loss = 0.001496
[e002 s0550/1030] loss = 0.001487
[e002 s0600/1030] loss = 0.001454
[e002 s0650/1030] loss = 0.001409
[e002 s0700/1030] loss = 0.001360
[e002 s0750/1030] loss = 0.001315
[e002 s0800/1030] loss = 0.001299
[e002 s0850/1030] loss = 0.001282
[e002 s0900/1030] loss = 0.001258
[e002 s0950/1030] loss = 0.001319
[e002 s1000/1030] loss = 0.001310
-> saved adaptive_late_best.pth (MAE/GAME0 44.83)
Epoch 002: train_loss = 0.001294  MAE/GAME0 = 44.83  RMSE = 64.64  GAME1 = 17.66  GAME2 = 6.06  GAME3 = 1.74  lr = 1.00e-05  time = 47.8s
[e003 s0001/1030] loss = 0.000404
[e003 s0050/1030] loss = 0.000728
[e003 s0100/1030] loss = 0.001019
[e003 s0150/1030] loss = 0.001140
[e003 s0200/1030] loss = 0.001034
[e003 s0250/1030] loss = 0.001136
[e003 s0300/1030] loss = 0.001180
[e003 s0350/1030] loss = 0.001169
[e003 s0400/1030] loss = 0.001102
[e003 s0450/1030] loss = 0.001038
[e003 s0500/1030] loss = 0.001010
[e003 s0550/1030] loss = 0.001019
[e003 s0600/1030] loss = 0.000987
[e003 s0650/1030] loss = 0.000960
[e003 s0700/1030] loss = 0.001058
[e003 s0750/1030] loss = 0.001047
[e003 s0800/1030] loss = 0.001047
[e003 s0850/1030] loss = 0.001028
[e003 s0900/1030] loss = 0.001006
[e003 s0950/1030] loss = 0.000992
[e003 s1000/1030] loss = 0.000970
-> saved adaptive_late_best.pth (MAE/GAME0 42.33)
Epoch 003: train_loss = 0.000961  MAE/GAME0 = 42.33  RMSE = 64.84  GAME1 = 15.92  GAME2 = 5.39  GAME3 = 1.56  lr = 1.00e-05  time = 47.8s
[e004 s0001/1030] loss = 0.000292
[e004 s0050/1030] loss = 0.001225
[e004 s0100/1030] loss = 0.000823
[e004 s0150/1030] loss = 0.000700
[e004 s0200/1030] loss = 0.000634
[e004 s0250/1030] loss = 0.000986
[e004 s0300/1030] loss = 0.000937
[e004 s0350/1030] loss = 0.000900
[e004 s0400/1030] loss = 0.000841
[e004 s0450/1030] loss = 0.001089
[e004 s0500/1030] loss = 0.001033
[e004 s0550/1030] loss = 0.001057
[e004 s0600/1030] loss = 0.001011
[e004 s0650/1030] loss = 0.000978
[e004 s0700/1030] loss = 0.000972
[e004 s0750/1030] loss = 0.000960
[e004 s0800/1030] loss = 0.000916
[e004 s0850/1030] loss = 0.000910
[e004 s0900/1030] loss = 0.000879
[e004 s0950/1030] loss = 0.000896
[e004 s1000/1030] loss = 0.000913
-> saved adaptive_late_best.pth (MAE/GAME0 37.95)
Epoch 004: train_loss = 0.000894  MAE/GAME0 = 37.95  RMSE = 70.59  GAME1 = 12.74  GAME2 = 3.93  GAME3 = 1.11  lr = 1.00e-05  time = 48.0s
[e005 s0001/1030] loss = 0.000165
[e005 s0050/1030] loss = 0.000442
[e005 s0100/1030] loss = 0.000457
[e005 s0150/1030] loss = 0.000566
[e005 s0200/1030] loss = 0.000521
[e005 s0250/1030] loss = 0.000602
[e005 s0300/1030] loss = 0.000587
[e005 s0350/1030] loss = 0.000605
[e005 s0400/1030] loss = 0.000649
[e005 s0450/1030] loss = 0.000612
[e005 s0500/1030] loss = 0.000603
[e005 s0550/1030] loss = 0.000591
[e005 s0600/1030] loss = 0.000642
[e005 s0650/1030] loss = 0.000641
[e005 s0700/1030] loss = 0.000622
[e005 s0750/1030] loss = 0.000607
[e005 s0800/1030] loss = 0.000625
[e005 s0850/1030] loss = 0.000611
[e005 s0900/1030] loss = 0.000593
[e005 s0950/1030] loss = 0.000586
[e005 s1000/1030] loss = 0.000733
Epoch 005: train_loss = 0.000724  MAE/GAME0 = 41.73  RMSE = 59.44  GAME1 = 11.77  GAME2 = 3.60  GAME3 = 1.07  lr = 1.00e-05  time = 47.4s
[e006 s0001/1030] loss = 0.000045
[e006 s0050/1030] loss = 0.000447
[e006 s0100/1030] loss = 0.000693
[e006 s0150/1030] loss = 0.000871
[e006 s0200/1030] loss = 0.000812
[e006 s0250/1030] loss = 0.000852
[e006 s0300/1030] loss = 0.000757
[e006 s0350/1030] loss = 0.000708
[e006 s0400/1030] loss = 0.000679
[e006 s0450/1030] loss = 0.000662
[e006 s0500/1030] loss = 0.000623
[e006 s0550/1030] loss = 0.000654
[e006 s0600/1030] loss = 0.000624
[e006 s0650/1030] loss = 0.000604
[e006 s0700/1030] loss = 0.000599
[e006 s0750/1030] loss = 0.000582
[e006 s0800/1030] loss = 0.000562
[e006 s0850/1030] loss = 0.000552
[e006 s0900/1030] loss = 0.000541
[e006 s0950/1030] loss = 0.000532
[e006 s1000/1030] loss = 0.000518
-> saved adaptive_late_best.pth (MAE/GAME0 31.14)
Epoch 006: train_loss = 0.000516  MAE/GAME0 = 31.14  RMSE = 56.35  GAME1 = 8.94  GAME2 = 2.67  GAME3 = 0.80  lr = 1.00e-05  time = 48.0s
[e007 s0001/1030] loss = 0.000399
[e007 s0050/1030] loss = 0.000228
[e007 s0100/1030] loss = 0.000459
[e007 s0150/1030] loss = 0.000527
[e007 s0200/1030] loss = 0.000493
[e007 s0250/1030] loss = 0.000460
[e007 s0300/1030] loss = 0.000774
[e007 s0350/1030] loss = 0.000790
[e007 s0400/1030] loss = 0.000722
[e007 s0450/1030] loss = 0.000696
[e007 s0500/1030] loss = 0.000663
[e007 s0550/1030] loss = 0.000629
[e007 s0600/1030] loss = 0.000613
[e007 s0650/1030] loss = 0.000587
[e007 s0700/1030] loss = 0.000622
[e007 s0750/1030] loss = 0.000602
[e007 s0800/1030] loss = 0.000584
[e007 s0850/1030] loss = 0.000564
[e007 s0900/1030] loss = 0.000544
[e007 s0950/1030] loss = 0.000542
[e007 s1000/1030] loss = 0.000538
Epoch 007: train_loss = 0.000530  MAE/GAME0 = 56.18  RMSE = 77.22  GAME1 = 14.20  GAME2 = 3.65  GAME3 = 0.97  lr = 1.00e-05  time = 47.7s
[e008 s0001/1030] loss = 0.000236
[e008 s0050/1030] loss = 0.000293
[e008 s0100/1030] loss = 0.000367
[e008 s0150/1030] loss = 0.000418
[e008 s0200/1030] loss = 0.000366
[e008 s0250/1030] loss = 0.000443
[e008 s0300/1030] loss = 0.000418
[e008 s0350/1030] loss = 0.000398
[e008 s0400/1030] loss = 0.000371
[e008 s0450/1030] loss = 0.000384
[e008 s0500/1030] loss = 0.000374
[e008 s0550/1030] loss = 0.000410
[e008 s0600/1030] loss = 0.000393
[e008 s0650/1030] loss = 0.000380
[e008 s0700/1030] loss = 0.000387
[e008 s0750/1030] loss = 0.000388
[e008 s0800/1030] loss = 0.000432
[e008 s0850/1030] loss = 0.000422
[e008 s0900/1030] loss = 0.000422
[e008 s0950/1030] loss = 0.000428
[e008 s1000/1030] loss = 0.000418
Epoch 008: train_loss = 0.000414  MAE/GAME0 = 65.30  RMSE = 83.09  GAME1 = 16.45  GAME2 = 4.23  GAME3 = 1.12  lr = 1.00e-05  time = 47.2s
[e009 s0001/1030] loss = 0.005602
[e009 s0050/1030] loss = 0.000277
[e009 s0100/1030] loss = 0.000304
[e009 s0150/1030] loss = 0.000330
[e009 s0200/1030] loss = 0.000510
[e009 s0250/1030] loss = 0.000456
[e009 s0300/1030] loss = 0.000449
[e009 s0350/1030] loss = 0.000497
[e009 s0400/1030] loss = 0.000468
[e009 s0450/1030] loss = 0.000431
[e009 s0500/1030] loss = 0.000423
[e009 s0550/1030] loss = 0.000405
[e009 s0600/1030] loss = 0.000443
[e009 s0650/1030] loss = 0.000424
[e009 s0700/1030] loss = 0.000436
[e009 s0750/1030] loss = 0.000426
[e009 s0800/1030] loss = 0.000431
[e009 s0850/1030] loss = 0.000433
[e009 s0900/1030] loss = 0.000416
[e009 s0950/1030] loss = 0.000405
[e009 s1000/1030] loss = 0.000403
-> saved adaptive_late_best.pth (MAE/GAME0 31.06)
Epoch 009: train_loss = 0.000410  MAE/GAME0 = 31.06  RMSE = 41.95  GAME1 = 8.66  GAME2 = 2.54  GAME3 = 0.76  lr = 1.00e-05  time = 49.7s
[e010 s0001/1030] loss = 0.000059
[e010 s0050/1030] loss = 0.000473
[e010 s0100/1030] loss = 0.000353
[e010 s0150/1030] loss = 0.000449
[e010 s0200/1030] loss = 0.000463
[e010 s0250/1030] loss = 0.000428
[e010 s0300/1030] loss = 0.000415
[e010 s0350/1030] loss = 0.000400
[e010 s0400/1030] loss = 0.000455
[e010 s0450/1030] loss = 0.000429
[e010 s0500/1030] loss = 0.000462
[e010 s0550/1030] loss = 0.000444
[e010 s0600/1030] loss = 0.000429
[e010 s0650/1030] loss = 0.000418
[e010 s0700/1030] loss = 0.000398
[e010 s0750/1030] loss = 0.000382
[e010 s0800/1030] loss = 0.000466
[e010 s0850/1030] loss = 0.000622
[e010 s0900/1030] loss = 0.000612
[e010 s0950/1030] loss = 0.000595
[e010 s1000/1030] loss = 0.000585
-> saved adaptive_late_best.pth (MAE/GAME0 25.35)
Epoch 010: train_loss = 0.000574  MAE/GAME0 = 25.35  RMSE = 43.61  GAME1 = 7.93  GAME2 = 2.47  GAME3 = 0.76  lr = 1.00e-05  time = 48.4s
[e011 s0001/1030] loss = 0.000009
[e011 s0050/1030] loss = 0.000579
[e011 s0100/1030] loss = 0.000648
[e011 s0150/1030] loss = 0.000650
[e011 s0200/1030] loss = 0.000705
[e011 s0250/1030] loss = 0.000617
[e011 s0300/1030] loss = 0.000556
[e011 s0350/1030] loss = 0.000615
[e011 s0400/1030] loss = 0.000573
[e011 s0450/1030] loss = 0.000524
[e011 s0500/1030] loss = 0.000498
[e011 s0550/1030] loss = 0.000477
[e011 s0600/1030] loss = 0.000450
[e011 s0650/1030] loss = 0.000452
[e011 s0700/1030] loss = 0.000492
[e011 s0750/1030] loss = 0.000473
[e011 s0800/1030] loss = 0.000486
[e011 s0850/1030] loss = 0.000489
[e011 s0900/1030] loss = 0.000489
[e011 s0950/1030] loss = 0.000483
[e011 s1000/1030] loss = 0.000474
-> saved adaptive_late_best.pth (MAE/GAME0 22.83)
Epoch 011: train_loss = 0.000468  MAE/GAME0 = 22.83  RMSE = 39.37  GAME1 = 7.20  GAME2 = 2.20  GAME3 = 0.68  lr = 1.00e-05  time = 48.1s
[e012 s0001/1030] loss = 0.000025
[e012 s0050/1030] loss = 0.000233
[e012 s0100/1030] loss = 0.000230
[e012 s0150/1030] loss = 0.000247
[e012 s0200/1030] loss = 0.000243
[e012 s0250/1030] loss = 0.000317
[e012 s0300/1030] loss = 0.000287
[e012 s0350/1030] loss = 0.000263
[e012 s0400/1030] loss = 0.000282
[e012 s0450/1030] loss = 0.000358
[e012 s0500/1030] loss = 0.000349
[e012 s0550/1030] loss = 0.000346
[e012 s0600/1030] loss = 0.000351
[e012 s0650/1030] loss = 0.000343
[e012 s0700/1030] loss = 0.000344
[e012 s0750/1030] loss = 0.000339
[e012 s0800/1030] loss = 0.000345
[e012 s0850/1030] loss = 0.000343
[e012 s0900/1030] loss = 0.000339
[e012 s0950/1030] loss = 0.000337
[e012 s1000/1030] loss = 0.000332
Epoch 012: train_loss = 0.000353  MAE/GAME0 = 54.48  RMSE = 69.60  GAME1 = 14.75  GAME2 = 4.51  GAME3 = 1.35  lr = 1.00e-05  time = 47.6s
[e013 s0001/1030] loss = 0.000457
[e013 s0050/1030] loss = 0.000372
[e013 s0100/1030] loss = 0.000556
[e013 s0150/1030] loss = 0.000468
[e013 s0200/1030] loss = 0.000595
[e013 s0250/1030] loss = 0.000551
[e013 s0300/1030] loss = 0.000487
[e013 s0350/1030] loss = 0.000494
[e013 s0400/1030] loss = 0.000488
[e013 s0450/1030] loss = 0.000455
[e013 s0500/1030] loss = 0.000446
[e013 s0550/1030] loss = 0.000435
[e013 s0600/1030] loss = 0.000439
[e013 s0650/1030] loss = 0.000445
[e013 s0700/1030] loss = 0.000429
[e013 s0750/1030] loss = 0.000425
[e013 s0800/1030] loss = 0.000416
[e013 s0850/1030] loss = 0.000409
[e013 s0900/1030] loss = 0.000410
[e013 s0950/1030] loss = 0.000396
[e013 s1000/1030] loss = 0.000389
Epoch 013: train_loss = 0.000385  MAE/GAME0 = 25.34  RMSE = 36.88  GAME1 = 7.89  GAME2 = 2.39  GAME3 = 0.73  lr = 1.00e-05  time = 47.9s
[e014 s0001/1030] loss = 0.000161
[e014 s0050/1030] loss = 0.000253
[e014 s0100/1030] loss = 0.000242
[e014 s0150/1030] loss = 0.000276
[e014 s0200/1030] loss = 0.000358
[e014 s0250/1030] loss = 0.000315
[e014 s0300/1030] loss = 0.000300
[e014 s0350/1030] loss = 0.000302
[e014 s0400/1030] loss = 0.000284
[e014 s0450/1030] loss = 0.000285
[e014 s0500/1030] loss = 0.000317
[e014 s0550/1030] loss = 0.000476
[e014 s0600/1030] loss = 0.000456
[e014 s0650/1030] loss = 0.000522
[e014 s0700/1030] loss = 0.000534
[e014 s0750/1030] loss = 0.000523
[e014 s0800/1030] loss = 0.000526
[e014 s0850/1030] loss = 0.000509
[e014 s0900/1030] loss = 0.000494
[e014 s0950/1030] loss = 0.000477
[e014 s1000/1030] loss = 0.000467
Epoch 014: train_loss = 0.000468  MAE/GAME0 = 34.38  RMSE = 47.39  GAME1 = 10.36  GAME2 = 3.29  GAME3 = 0.95  lr = 1.00e-05  time = 47.9s
[e015 s0001/1030] loss = 0.000165
[e015 s0050/1030] loss = 0.000191
[e015 s0100/1030] loss = 0.000565
[e015 s0150/1030] loss = 0.000501
[e015 s0200/1030] loss = 0.000446
[e015 s0250/1030] loss = 0.000398
[e015 s0300/1030] loss = 0.000429
[e015 s0350/1030] loss = 0.000420
[e015 s0400/1030] loss = 0.000425
[e015 s0450/1030] loss = 0.000413
[e015 s0500/1030] loss = 0.000398
[e015 s0550/1030] loss = 0.000389
[e015 s0600/1030] loss = 0.000387
[e015 s0650/1030] loss = 0.000383
[e015 s0700/1030] loss = 0.000383
[e015 s0750/1030] loss = 0.000374
[e015 s0800/1030] loss = 0.000371
[e015 s0850/1030] loss = 0.000392
[e015 s0900/1030] loss = 0.000382
[e015 s0950/1030] loss = 0.000427
[e015 s1000/1030] loss = 0.000427
Epoch 015: train_loss = 0.000434  MAE/GAME0 = 90.65  RMSE = 95.58  GAME1 = 23.61  GAME2 = 6.26  GAME3 = 1.66  lr = 1.00e-05  time = 47.6s
[e016 s0001/1030] loss = 0.000467
[e016 s0050/1030] loss = 0.000515
[e016 s0100/1030] loss = 0.000417
[e016 s0150/1030] loss = 0.000379
[e016 s0200/1030] loss = 0.000370
[e016 s0250/1030] loss = 0.000341
[e016 s0300/1030] loss = 0.000309
[e016 s0350/1030] loss = 0.000329
[e016 s0400/1030] loss = 0.000440
[e016 s0450/1030] loss = 0.000435
[e016 s0500/1030] loss = 0.000422
[e016 s0550/1030] loss = 0.000412
[e016 s0600/1030] loss = 0.000415
[e016 s0650/1030] loss = 0.000434
[e016 s0700/1030] loss = 0.000452
[e016 s0750/1030] loss = 0.000466
[e016 s0800/1030] loss = 0.000461
[e016 s0850/1030] loss = 0.000454
[e016 s0900/1030] loss = 0.000441
[e016 s0950/1030] loss = 0.000480
[e016 s1000/1030] loss = 0.000467
Epoch 016: train_loss = 0.000466  MAE/GAME0 = 67.36  RMSE = 76.59  GAME1 = 17.93  GAME2 = 4.84  GAME3 = 1.33  lr = 1.00e-05  time = 48.7s
[e017 s0001/1030] loss = 0.000567
[e017 s0050/1030] loss = 0.001622
[e017 s0100/1030] loss = 0.001017
[e017 s0150/1030] loss = 0.000777
[e017 s0200/1030] loss = 0.000659
[e017 s0250/1030] loss = 0.000936
[e017 s0300/1030] loss = 0.000828
[e017 s0350/1030] loss = 0.000793
[e017 s0400/1030] loss = 0.000760
[e017 s0450/1030] loss = 0.000737
[e017 s0500/1030] loss = 0.000738
[e017 s0550/1030] loss = 0.000713
[e017 s0600/1030] loss = 0.000680
[e017 s0650/1030] loss = 0.000644
[e017 s0700/1030] loss = 0.000608
[e017 s0750/1030] loss = 0.000596
[e017 s0800/1030] loss = 0.000584
[e017 s0850/1030] loss = 0.000607
[e017 s0900/1030] loss = 0.000645
[e017 s0950/1030] loss = 0.000620
[e017 s1000/1030] loss = 0.000614
Epoch 017: train_loss = 0.000604  MAE/GAME0 = 48.69  RMSE = 59.30  GAME1 = 13.79  GAME2 = 3.95  GAME3 = 1.10  lr = 1.00e-05  time = 47.4s
[e018 s0001/1030] loss = 0.000026
[e018 s0050/1030] loss = 0.000581
[e018 s0100/1030] loss = 0.000382
[e018 s0150/1030] loss = 0.000371
[e018 s0200/1030] loss = 0.000339
[e018 s0250/1030] loss = 0.000324
[e018 s0300/1030] loss = 0.000291
[e018 s0350/1030] loss = 0.000277
[e018 s0400/1030] loss = 0.000259
[e018 s0450/1030] loss = 0.000274
[e018 s0500/1030] loss = 0.000266
[e018 s0550/1030] loss = 0.000305
[e018 s0600/1030] loss = 0.000312
[e018 s0650/1030] loss = 0.000301
[e018 s0700/1030] loss = 0.000300
[e018 s0750/1030] loss = 0.000301
[e018 s0800/1030] loss = 0.000297
[e018 s0850/1030] loss = 0.000297
[e018 s0900/1030] loss = 0.000308
[e018 s0950/1030] loss = 0.000313
[e018 s1000/1030] loss = 0.000320
Epoch 018: train_loss = 0.000320  MAE/GAME0 = 25.90  RMSE = 51.47  GAME1 = 7.88  GAME2 = 2.43  GAME3 = 0.74  lr = 1.00e-05  time = 49.2s
[e019 s0001/1030] loss = 0.000465
[e019 s0050/1030] loss = 0.000452
[e019 s0100/1030] loss = 0.000530
[e019 s0150/1030] loss = 0.000489
[e019 s0200/1030] loss = 0.000452
[e019 s0250/1030] loss = 0.000500
[e019 s0300/1030] loss = 0.000446
[e019 s0350/1030] loss = 0.000422
[e019 s0400/1030] loss = 0.000406
[e019 s0450/1030] loss = 0.000386
[e019 s0500/1030] loss = 0.000429
[e019 s0550/1030] loss = 0.000418
[e019 s0600/1030] loss = 0.000416
[e019 s0650/1030] loss = 0.000401
[e019 s0700/1030] loss = 0.000383
[e019 s0750/1030] loss = 0.000371
[e019 s0800/1030] loss = 0.000370
[e019 s0850/1030] loss = 0.000363
[e019 s0900/1030] loss = 0.000360
[e019 s0950/1030] loss = 0.000352
[e019 s1000/1030] loss = 0.000349
Epoch 019: train_loss = 0.000352  MAE/GAME0 = 57.75  RMSE = 75.43  GAME1 = 14.93  GAME2 = 4.02  GAME3 = 1.13  lr = 1.00e-05  time = 51.0s
[e020 s0001/1030] loss = 0.000167
[e020 s0050/1030] loss = 0.000407
[e020 s0100/1030] loss = 0.000283
[e020 s0150/1030] loss = 0.000240
[e020 s0200/1030] loss = 0.000235
[e020 s0250/1030] loss = 0.000255
[e020 s0300/1030] loss = 0.000249
[e020 s0350/1030] loss = 0.000314
[e020 s0400/1030] loss = 0.000332
[e020 s0450/1030] loss = 0.000343
[e020 s0500/1030] loss = 0.000380
[e020 s0550/1030] loss = 0.000398
[e020 s0600/1030] loss = 0.000378
[e020 s0650/1030] loss = 0.000384
[e020 s0700/1030] loss = 0.000373
[e020 s0750/1030] loss = 0.000375
[e020 s0800/1030] loss = 0.000366
[e020 s0850/1030] loss = 0.000353
[e020 s0900/1030] loss = 0.000343
[e020 s0950/1030] loss = 0.000339
[e020 s1000/1030] loss = 0.000337
Epoch 020: train_loss = 0.000339  MAE/GAME0 = 105.34  RMSE = 115.27  GAME1 = 26.94  GAME2 = 7.19  GAME3 = 1.96  lr = 1.00e-05  time = 49.0s
[e021 s0001/1030] loss = 0.000482
[e021 s0050/1030] loss = 0.000372
[e021 s0100/1030] loss = 0.000416
[e021 s0150/1030] loss = 0.000360
[e021 s0200/1030] loss = 0.000461
[e021 s0250/1030] loss = 0.000505
[e021 s0300/1030] loss = 0.000463
[e021 s0350/1030] loss = 0.000435
[e021 s0400/1030] loss = 0.000446
[e021 s0450/1030] loss = 0.000458
[e021 s0500/1030] loss = 0.000455
[e021 s0550/1030] loss = 0.000468
[e021 s0600/1030] loss = 0.000453
[e021 s0650/1030] loss = 0.000487
[e021 s0700/1030] loss = 0.000473
[e021 s0750/1030] loss = 0.000460
[e021 s0800/1030] loss = 0.000453
[e021 s0850/1030] loss = 0.000438
[e021 s0900/1030] loss = 0.000425
[e021 s0950/1030] loss = 0.000413
[e021 s1000/1030] loss = 0.000421
Epoch 021: train_loss = 0.000419  MAE/GAME0 = 37.28  RMSE = 53.04  GAME1 = 11.23  GAME2 = 3.39  GAME3 = 0.97  lr = 1.00e-05  time = 48.0s
[e022 s0001/1030] loss = 0.000181
[e022 s0050/1030] loss = 0.000099
[e022 s0100/1030] loss = 0.000387
[e022 s0150/1030] loss = 0.000335
[e022 s0200/1030] loss = 0.000328
[e022 s0250/1030] loss = 0.000353
[e022 s0300/1030] loss = 0.000389
[e022 s0350/1030] loss = 0.000399
[e022 s0400/1030] loss = 0.000379
[e022 s0450/1030] loss = 0.000360
[e022 s0500/1030] loss = 0.000342
[e022 s0550/1030] loss = 0.000332
[e022 s0600/1030] loss = 0.000514
[e022 s0650/1030] loss = 0.000529
[e022 s0700/1030] loss = 0.000526
[e022 s0750/1030] loss = 0.000524
[e022 s0800/1030] loss = 0.000508
[e022 s0850/1030] loss = 0.000503
[e022 s0900/1030] loss = 0.000487
[e022 s0950/1030] loss = 0.000493
[e022 s1000/1030] loss = 0.000488
Epoch 022: train_loss = 0.000477  MAE/GAME0 = 25.63  RMSE = 46.03  GAME1 = 9.01  GAME2 = 2.79  GAME3 = 0.83  lr = 1.00e-05  time = 47.5s
[e023 s0001/1030] loss = 0.000013
[e023 s0050/1030] loss = 0.000263
[e023 s0100/1030] loss = 0.000324
[e023 s0150/1030] loss = 0.000512
[e023 s0200/1030] loss = 0.000779
[e023 s0250/1030] loss = 0.000740
[e023 s0300/1030] loss = 0.000779
[e023 s0350/1030] loss = 0.000736
[e023 s0400/1030] loss = 0.000669
[e023 s0450/1030] loss = 0.000627
[e023 s0500/1030] loss = 0.000603
[e023 s0550/1030] loss = 0.000566
[e023 s0600/1030] loss = 0.000558
[e023 s0650/1030] loss = 0.000535
[e023 s0700/1030] loss = 0.000506
[e023 s0750/1030] loss = 0.000499
[e023 s0800/1030] loss = 0.000488
[e023 s0850/1030] loss = 0.000484
[e023 s0900/1030] loss = 0.000479
[e023 s0950/1030] loss = 0.000468
[e023 s1000/1030] loss = 0.000455
Epoch 023: train_loss = 0.000449  MAE/GAME0 = 26.87  RMSE = 45.32  GAME1 = 7.99  GAME2 = 2.39  GAME3 = 0.74  lr = 1.00e-05  time = 48.1s
[e024 s0001/1030] loss = 0.000016
[e024 s0050/1030] loss = 0.000376
[e024 s0100/1030] loss = 0.000360
[e024 s0150/1030] loss = 0.000333
[e024 s0200/1030] loss = 0.000310
[e024 s0250/1030] loss = 0.000354
[e024 s0300/1030] loss = 0.000378
[e024 s0350/1030] loss = 0.000452
[e024 s0400/1030] loss = 0.000444
[e024 s0450/1030] loss = 0.000432
[e024 s0500/1030] loss = 0.000423
[e024 s0550/1030] loss = 0.000422
[e024 s0600/1030] loss = 0.000416
[e024 s0650/1030] loss = 0.000421
[e024 s0700/1030] loss = 0.000400
[e024 s0750/1030] loss = 0.000388
[e024 s0800/1030] loss = 0.000377
[e024 s0850/1030] loss = 0.000378
[e024 s0900/1030] loss = 0.000376
[e024 s0950/1030] loss = 0.000367
[e024 s1000/1030] loss = 0.000373
Epoch 024: train_loss = 0.000365  MAE/GAME0 = 26.56  RMSE = 44.24  GAME1 = 7.99  GAME2 = 2.36  GAME3 = 0.71  lr = 1.00e-05  time = 48.0s
[e025 s0001/1030] loss = 0.000126
[e025 s0050/1030] loss = 0.000355
[e025 s0100/1030] loss = 0.000607
[e025 s0150/1030] loss = 0.000506
[e025 s0200/1030] loss = 0.000429
[e025 s0250/1030] loss = 0.000388
[e025 s0300/1030] loss = 0.000363
[e025 s0350/1030] loss = 0.000331
[e025 s0400/1030] loss = 0.000324
[e025 s0450/1030] loss = 0.000355
[e025 s0500/1030] loss = 0.000338
[e025 s0550/1030] loss = 0.000363
[e025 s0600/1030] loss = 0.000406
[e025 s0650/1030] loss = 0.000421
[e025 s0700/1030] loss = 0.000447
[e025 s0750/1030] loss = 0.000430
[e025 s0800/1030] loss = 0.000434
[e025 s0850/1030] loss = 0.000420
[e025 s0900/1030] loss = 0.000429
[e025 s0950/1030] loss = 0.000418
[e025 s1000/1030] loss = 0.000406
Epoch 025: train_loss = 0.000398  MAE/GAME0 = 26.34  RMSE = 50.68  GAME1 = 7.89  GAME2 = 2.32  GAME3 = 0.70  lr = 1.00e-05  time = 48.1s
[e026 s0001/1030] loss = 0.000031
[e026 s0050/1030] loss = 0.000232
[e026 s0100/1030] loss = 0.000425
[e026 s0150/1030] loss = 0.000405
[e026 s0200/1030] loss = 0.000350
[e026 s0250/1030] loss = 0.000361
[e026 s0300/1030] loss = 0.000348
[e026 s0350/1030] loss = 0.000335
[e026 s0400/1030] loss = 0.000569
[e026 s0450/1030] loss = 0.000620
[e026 s0500/1030] loss = 0.000577
[e026 s0550/1030] loss = 0.000554
[e026 s0600/1030] loss = 0.000524
[e026 s0650/1030] loss = 0.000515
[e026 s0700/1030] loss = 0.000519
[e026 s0750/1030] loss = 0.000503
[e026 s0800/1030] loss = 0.000503
[e026 s0850/1030] loss = 0.000533
[e026 s0900/1030] loss = 0.000561
[e026 s0950/1030] loss = 0.000545
[e026 s1000/1030] loss = 0.000535
Epoch 026: train_loss = 0.000529  MAE/GAME0 = 49.87  RMSE = 64.63  GAME1 = 13.13  GAME2 = 3.58  GAME3 = 1.00  lr = 1.00e-05  time = 48.9s
[e027 s0001/1030] loss = 0.000014
[e027 s0050/1030] loss = 0.000237
[e027 s0100/1030] loss = 0.000227
[e027 s0150/1030] loss = 0.000281
[e027 s0200/1030] loss = 0.000265
[e027 s0250/1030] loss = 0.000348
[e027 s0300/1030] loss = 0.000339
[e027 s0350/1030] loss = 0.000331
[e027 s0400/1030] loss = 0.000354
[e027 s0450/1030] loss = 0.000335
[e027 s0500/1030] loss = 0.000327
[e027 s0550/1030] loss = 0.000336
[e027 s0600/1030] loss = 0.000345
[e027 s0650/1030] loss = 0.000341
[e027 s0700/1030] loss = 0.000343
[e027 s0750/1030] loss = 0.000352
[e027 s0800/1030] loss = 0.000341
[e027 s0850/1030] loss = 0.000353
[e027 s0900/1030] loss = 0.000388
[e027 s0950/1030] loss = 0.000410
[e027 s1000/1030] loss = 0.000414
Epoch 027: train_loss = 0.000406  MAE/GAME0 = 24.18  RMSE = 45.40  GAME1 = 7.74  GAME2 = 2.35  GAME3 = 0.71  lr = 1.00e-05  time = 47.8s
[e028 s0001/1030] loss = 0.000391
[e028 s0050/1030] loss = 0.000233
[e028 s0100/1030] loss = 0.000239
[e028 s0150/1030] loss = 0.000283
[e028 s0200/1030] loss = 0.000340
[e028 s0250/1030] loss = 0.000416
[e028 s0300/1030] loss = 0.000380
[e028 s0350/1030] loss = 0.000358
[e028 s0400/1030] loss = 0.000358
[e028 s0450/1030] loss = 0.000382
[e028 s0500/1030] loss = 0.000403
[e028 s0550/1030] loss = 0.000396
[e028 s0600/1030] loss = 0.000386
[e028 s0650/1030] loss = 0.000377
[e028 s0700/1030] loss = 0.000369
[e028 s0750/1030] loss = 0.000370
[e028 s0800/1030] loss = 0.000363
[e028 s0850/1030] loss = 0.000360
[e028 s0900/1030] loss = 0.000353
[e028 s0950/1030] loss = 0.000357
[e028 s1000/1030] loss = 0.000355
Epoch 028: train_loss = 0.000376  MAE/GAME0 = 27.30  RMSE = 45.31  GAME1 = 8.02  GAME2 = 2.33  GAME3 = 0.70  lr = 1.00e-05  time = 48.0s
[e029 s0001/1030] loss = 0.000046
[e029 s0050/1030] loss = 0.000357
[e029 s0100/1030] loss = 0.000408
[e029 s0150/1030] loss = 0.000394
[e029 s0200/1030] loss = 0.000365
[e029 s0250/1030] loss = 0.000344
[e029 s0300/1030] loss = 0.000406
[e029 s0350/1030] loss = 0.000434
[e029 s0400/1030] loss = 0.000451
[e029 s0450/1030] loss = 0.000452
[e029 s0500/1030] loss = 0.000463
[e029 s0550/1030] loss = 0.000447
[e029 s0600/1030] loss = 0.000487
[e029 s0650/1030] loss = 0.000476
[e029 s0700/1030] loss = 0.000505
[e029 s0750/1030] loss = 0.000496
[e029 s0800/1030] loss = 0.000485
[e029 s0850/1030] loss = 0.000476
[e029 s0900/1030] loss = 0.000475
[e029 s0950/1030] loss = 0.000467
[e029 s1000/1030] loss = 0.000481
Epoch 029: train_loss = 0.000479  MAE/GAME0 = 41.79  RMSE = 52.83  GAME1 = 11.31  GAME2 = 3.11  GAME3 = 0.89  lr = 1.00e-05  time = 47.5s
[e030 s0001/1030] loss = 0.001224
[e030 s0050/1030] loss = 0.000233
[e030 s0100/1030] loss = 0.000219
[e030 s0150/1030] loss = 0.000216
[e030 s0200/1030] loss = 0.000202
[e030 s0250/1030] loss = 0.000239
[e030 s0300/1030] loss = 0.000246
[e030 s0350/1030] loss = 0.000273
[e030 s0400/1030] loss = 0.000309
[e030 s0450/1030] loss = 0.000356
[e030 s0500/1030] loss = 0.000389
[e030 s0550/1030] loss = 0.000467
[e030 s0600/1030] loss = 0.000472
[e030 s0650/1030] loss = 0.000462
[e030 s0700/1030] loss = 0.000437
[e030 s0750/1030] loss = 0.000425
[e030 s0800/1030] loss = 0.000416
[e030 s0850/1030] loss = 0.000404
[e030 s0900/1030] loss = 0.000398
[e030 s0950/1030] loss = 0.000396
[e030 s1000/1030] loss = 0.000400
Epoch 030: train_loss = 0.000402  MAE/GAME0 = 65.29  RMSE = 73.01  GAME1 = 18.02  GAME2 = 5.12  GAME3 = 1.41  lr = 1.00e-05  time = 47.9s
[e031 s0001/1030] loss = 0.000030
[e031 s0050/1030] loss = 0.000264
[e031 s0100/1030] loss = 0.000291
[e031 s0150/1030] loss = 0.000462
[e031 s0200/1030] loss = 0.000443
[e031 s0250/1030] loss = 0.000559
[e031 s0300/1030] loss = 0.000536
[e031 s0350/1030] loss = 0.000503
[e031 s0400/1030] loss = 0.000470
[e031 s0450/1030] loss = 0.000471
[e031 s0500/1030] loss = 0.000472
[e031 s0550/1030] loss = 0.000452
[e031 s0600/1030] loss = 0.000429
[e031 s0650/1030] loss = 0.000537
[e031 s0700/1030] loss = 0.000511
[e031 s0750/1030] loss = 0.000532
[e031 s0800/1030] loss = 0.000524
[e031 s0850/1030] loss = 0.000503
[e031 s0900/1030] loss = 0.000513
[e031 s0950/1030] loss = 0.000496
[e031 s1000/1030] loss = 0.000502
Epoch 031: train_loss = 0.000498  MAE/GAME0 = 51.94  RMSE = 68.92  GAME1 = 13.25  GAME2 = 3.46  GAME3 = 0.93  lr = 1.00e-05  time = 48.0s
[e032 s0001/1030] loss = 0.000071
[e032 s0050/1030] loss = 0.002673
[e032 s0100/1030] loss = 0.001715
[e032 s0150/1030] loss = 0.001261
[e032 s0200/1030] loss = 0.001031
[e032 s0250/1030] loss = 0.000902
[e032 s0300/1030] loss = 0.000799
[e032 s0350/1030] loss = 0.000734
[e032 s0400/1030] loss = 0.000691
[e032 s0450/1030] loss = 0.000632
[e032 s0500/1030] loss = 0.000614
[e032 s0550/1030] loss = 0.000578
[e032 s0600/1030] loss = 0.000567
[e032 s0650/1030] loss = 0.000551
[e032 s0700/1030] loss = 0.000535
[e032 s0750/1030] loss = 0.000530
[e032 s0800/1030] loss = 0.000513
[e032 s0850/1030] loss = 0.000518
[e032 s0900/1030] loss = 0.000502
[e032 s0950/1030] loss = 0.000488
[e032 s1000/1030] loss = 0.000476
Epoch 032: train_loss = 0.000473  MAE/GAME0 = 31.26  RMSE = 50.58  GAME1 = 8.73  GAME2 = 2.52  GAME3 = 0.73  lr = 1.00e-05  time = 48.4s
[e033 s0001/1030] loss = 0.000006
[e033 s0050/1030] loss = 0.000367
[e033 s0100/1030] loss = 0.000297
[e033 s0150/1030] loss = 0.000304
[e033 s0200/1030] loss = 0.000309
[e033 s0250/1030] loss = 0.000348
[e033 s0300/1030] loss = 0.000368
[e033 s0350/1030] loss = 0.000352
[e033 s0400/1030] loss = 0.000331
[e033 s0450/1030] loss = 0.000339
[e033 s0500/1030] loss = 0.000356
[e033 s0550/1030] loss = 0.000360
[e033 s0600/1030] loss = 0.000360
[e033 s0650/1030] loss = 0.000375
[e033 s0700/1030] loss = 0.000418
[e033 s0750/1030] loss = 0.000404
[e033 s0800/1030] loss = 0.000390
[e033 s0850/1030] loss = 0.000384
[e033 s0900/1030] loss = 0.000417
[e033 s0950/1030] loss = 0.000413
[e033 s1000/1030] loss = 0.000401
Epoch 033: train_loss = 0.000402  MAE/GAME0 = 54.36  RMSE = 62.54  GAME1 = 14.53  GAME2 = 3.92  GAME3 = 1.07  lr = 1.00e-05  time = 47.8s
[e034 s0001/1030] loss = 0.000214
[e034 s0050/1030] loss = 0.000338
[e034 s0100/1030] loss = 0.000287
[e034 s0150/1030] loss = 0.000361
[e034 s0200/1030] loss = 0.000358
[e034 s0250/1030] loss = 0.000375
[e034 s0300/1030] loss = 0.000354
[e034 s0350/1030] loss = 0.000353
[e034 s0400/1030] loss = 0.000342
[e034 s0450/1030] loss = 0.000396
[e034 s0500/1030] loss = 0.000440
[e034 s0550/1030] loss = 0.000604
[e034 s0600/1030] loss = 0.000583
[e034 s0650/1030] loss = 0.000587
[e034 s0700/1030] loss = 0.000574
[e034 s0750/1030] loss = 0.000565
[e034 s0800/1030] loss = 0.000543
[e034 s0850/1030] loss = 0.000519
[e034 s0900/1030] loss = 0.000505
[e034 s0950/1030] loss = 0.000497
[e034 s1000/1030] loss = 0.000492
Epoch 034: train_loss = 0.000484  MAE/GAME0 = 43.30  RMSE = 52.90  GAME1 = 11.74  GAME2 = 3.18  GAME3 = 0.89  lr = 1.00e-05  time = 47.8s
[e035 s0001/1030] loss = 0.000029
[e035 s0050/1030] loss = 0.000389
[e035 s0100/1030] loss = 0.000476
[e035 s0150/1030] loss = 0.000486
[e035 s0200/1030] loss = 0.000518
[e035 s0250/1030] loss = 0.000463
[e035 s0300/1030] loss = 0.000474
[e035 s0350/1030] loss = 0.000464
[e035 s0400/1030] loss = 0.000433
[e035 s0450/1030] loss = 0.000403
[e035 s0500/1030] loss = 0.000389
[e035 s0550/1030] loss = 0.000371
[e035 s0600/1030] loss = 0.000419
[e035 s0650/1030] loss = 0.000415
[e035 s0700/1030] loss = 0.000477
[e035 s0750/1030] loss = 0.000461
[e035 s0800/1030] loss = 0.000467
[e035 s0850/1030] loss = 0.000460
[e035 s0900/1030] loss = 0.000464
[e035 s0950/1030] loss = 0.000455
[e035 s1000/1030] loss = 0.000452
Epoch 035: train_loss = 0.000443  MAE/GAME0 = 33.46  RMSE = 55.25  GAME1 = 9.13  GAME2 = 2.55  GAME3 = 0.73  lr = 1.00e-05  time = 48.9s
[e036 s0001/1030] loss = 0.000050
[e036 s0050/1030] loss = 0.000329
[e036 s0100/1030] loss = 0.000215
[e036 s0150/1030] loss = 0.000230
[e036 s0200/1030] loss = 0.000421
[e036 s0250/1030] loss = 0.000378
[e036 s0300/1030] loss = 0.000400
[e036 s0350/1030] loss = 0.000434
[e036 s0400/1030] loss = 0.000421
[e036 s0450/1030] loss = 0.000410
[e036 s0500/1030] loss = 0.000401
[e036 s0550/1030] loss = 0.000389
[e036 s0600/1030] loss = 0.000390
[e036 s0650/1030] loss = 0.000388
[e036 s0700/1030] loss = 0.000386
[e036 s0750/1030] loss = 0.000386
[e036 s0800/1030] loss = 0.000372
[e036 s0850/1030] loss = 0.000378
[e036 s0900/1030] loss = 0.000373
[e036 s0950/1030] loss = 0.000368
[e036 s1000/1030] loss = 0.000368
Epoch 036: train_loss = 0.000361  MAE/GAME0 = 27.65  RMSE = 48.25  GAME1 = 7.79  GAME2 = 2.25  GAME3 = 0.66  lr = 1.00e-05  time = 49.0s
[e037 s0001/1030] loss = 0.000265
[e037 s0050/1030] loss = 0.000706
[e037 s0100/1030] loss = 0.000496
[e037 s0150/1030] loss = 0.000499
[e037 s0200/1030] loss = 0.000434
[e037 s0250/1030] loss = 0.000390
[e037 s0300/1030] loss = 0.000400
[e037 s0350/1030] loss = 0.000397
[e037 s0400/1030] loss = 0.000393
[e037 s0450/1030] loss = 0.000369
[e037 s0500/1030] loss = 0.000373
[e037 s0550/1030] loss = 0.000361
[e037 s0600/1030] loss = 0.000362
[e037 s0650/1030] loss = 0.000378
[e037 s0700/1030] loss = 0.000377
[e037 s0750/1030] loss = 0.000362
[e037 s0800/1030] loss = 0.000368
[e037 s0850/1030] loss = 0.000385
[e037 s0900/1030] loss = 0.000497
[e037 s0950/1030] loss = 0.000489
[e037 s1000/1030] loss = 0.000479
Epoch 037: train_loss = 0.000483  MAE/GAME0 = 59.38  RMSE = 69.67  GAME1 = 15.95  GAME2 = 4.34  GAME3 = 1.18  lr = 1.00e-05  time = 47.7s
[e038 s0001/1030] loss = 0.000634
[e038 s0050/1030] loss = 0.000569
[e038 s0100/1030] loss = 0.000384
[e038 s0150/1030] loss = 0.000303
[e038 s0200/1030] loss = 0.000305
[e038 s0250/1030] loss = 0.000299
[e038 s0300/1030] loss = 0.000489
[e038 s0350/1030] loss = 0.000536
[e038 s0400/1030] loss = 0.000509
[e038 s0450/1030] loss = 0.000474
[e038 s0500/1030] loss = 0.000464
[e038 s0550/1030] loss = 0.000446
[e038 s0600/1030] loss = 0.000424
[e038 s0650/1030] loss = 0.000432
[e038 s0700/1030] loss = 0.000423
[e038 s0750/1030] loss = 0.000404
[e038 s0800/1030] loss = 0.000411
[e038 s0850/1030] loss = 0.000405
[e038 s0900/1030] loss = 0.000390
[e038 s0950/1030] loss = 0.000388
[e038 s1000/1030] loss = 0.000398
Epoch 038: train_loss = 0.000395  MAE/GAME0 = 30.37  RMSE = 50.95  GAME1 = 8.57  GAME2 = 2.50  GAME3 = 0.74  lr = 1.00e-05  time = 50.0s
[e039 s0001/1030] loss = 0.000005
[e039 s0050/1030] loss = 0.000174
[e039 s0100/1030] loss = 0.000185
[e039 s0150/1030] loss = 0.000221
[e039 s0200/1030] loss = 0.000208
[e039 s0250/1030] loss = 0.000212
[e039 s0300/1030] loss = 0.000203
[e039 s0350/1030] loss = 0.000200
[e039 s0400/1030] loss = 0.000218
[e039 s0450/1030] loss = 0.000206
[e039 s0500/1030] loss = 0.000210
[e039 s0550/1030] loss = 0.000216
[e039 s0600/1030] loss = 0.000208
[e039 s0650/1030] loss = 0.000206
[e039 s0700/1030] loss = 0.000204
[e039 s0750/1030] loss = 0.000207
[e039 s0800/1030] loss = 0.000218
[e039 s0850/1030] loss = 0.000232
[e039 s0900/1030] loss = 0.000240
[e039 s0950/1030] loss = 0.000244
[e039 s1000/1030] loss = 0.000251
Epoch 039: train_loss = 0.000249  MAE/GAME0 = 25.98  RMSE = 47.25  GAME1 = 7.99  GAME2 = 2.40  GAME3 = 0.71  lr = 1.00e-05  time = 48.6s
[e040 s0001/1030] loss = 0.002165
[e040 s0050/1030] loss = 0.000253
[e040 s0100/1030] loss = 0.000207
[e040 s0150/1030] loss = 0.000195
[e040 s0200/1030] loss = 0.000434
[e040 s0250/1030] loss = 0.000370
[e040 s0300/1030] loss = 0.000415
[e040 s0350/1030] loss = 0.000392
[e040 s0400/1030] loss = 0.000392
[e040 s0450/1030] loss = 0.000381
[e040 s0500/1030] loss = 0.000374
[e040 s0550/1030] loss = 0.000363
[e040 s0600/1030] loss = 0.000346
[e040 s0650/1030] loss = 0.000345
[e040 s0700/1030] loss = 0.000348
[e040 s0750/1030] loss = 0.000337
[e040 s0800/1030] loss = 0.000335
[e040 s0850/1030] loss = 0.000335
[e040 s0900/1030] loss = 0.000344
[e040 s0950/1030] loss = 0.000336
[e040 s1000/1030] loss = 0.000343
Epoch 040: train_loss = 0.000352  MAE/GAME0 = 30.36  RMSE = 48.67  GAME1 = 9.36  GAME2 = 2.80  GAME3 = 0.81  lr = 1.00e-05  time = 48.1s
[e041 s0001/1030] loss = 0.000005
[e041 s0050/1030] loss = 0.000199
[e041 s0100/1030] loss = 0.000183
[e041 s0150/1030] loss = 0.000223
[e041 s0200/1030] loss = 0.000230
[e041 s0250/1030] loss = 0.000261
[e041 s0300/1030] loss = 0.000248
[e041 s0350/1030] loss = 0.000239
[e041 s0400/1030] loss = 0.000322
[e041 s0450/1030] loss = 0.000369
[e041 s0500/1030] loss = 0.000436
[e041 s0550/1030] loss = 0.000440
[e041 s0600/1030] loss = 0.000426
[e041 s0650/1030] loss = 0.000406
[e041 s0700/1030] loss = 0.000417
[e041 s0750/1030] loss = 0.000407
[e041 s0800/1030] loss = 0.000405
[e041 s0850/1030] loss = 0.000405
[e041 s0900/1030] loss = 0.000409
[e041 s0950/1030] loss = 0.000423
[e041 s1000/1030] loss = 0.000430
Epoch 041: train_loss = 0.000423  MAE/GAME0 = 25.50  RMSE = 47.12  GAME1 = 7.58  GAME2 = 2.18  GAME3 = 0.64  lr = 1.00e-05  time = 47.8s
[e042 s0001/1030] loss = 0.000220
[e042 s0050/1030] loss = 0.000396
[e042 s0100/1030] loss = 0.000374
[e042 s0150/1030] loss = 0.000349
[e042 s0200/1030] loss = 0.000373
[e042 s0250/1030] loss = 0.000365
[e042 s0300/1030] loss = 0.000346
[e042 s0350/1030] loss = 0.000320
[e042 s0400/1030] loss = 0.000388
[e042 s0450/1030] loss = 0.000365
[e042 s0500/1030] loss = 0.000355
[e042 s0550/1030] loss = 0.000355
[e042 s0600/1030] loss = 0.000339
[e042 s0650/1030] loss = 0.000334
[e042 s0700/1030] loss = 0.000331
[e042 s0750/1030] loss = 0.000330
[e042 s0800/1030] loss = 0.000352
[e042 s0850/1030] loss = 0.000410
[e042 s0900/1030] loss = 0.000404
[e042 s0950/1030] loss = 0.000393
[e042 s1000/1030] loss = 0.000382
Epoch 042: train_loss = 0.000377  MAE/GAME0 = 26.82  RMSE = 47.42  GAME1 = 8.52  GAME2 = 2.57  GAME3 = 0.75  lr = 1.00e-05  time = 48.0s
[e043 s0001/1030] loss = 0.000243
[e043 s0050/1030] loss = 0.000355
[e043 s0100/1030] loss = 0.000235
[e043 s0150/1030] loss = 0.000268
[e043 s0200/1030] loss = 0.000302
[e043 s0250/1030] loss = 0.000314
[e043 s0300/1030] loss = 0.000291
[e043 s0350/1030] loss = 0.000295
[e043 s0400/1030] loss = 0.000332
[e043 s0450/1030] loss = 0.000337
[e043 s0500/1030] loss = 0.000391
[e043 s0550/1030] loss = 0.000523
[e043 s0600/1030] loss = 0.000638
[e043 s0650/1030] loss = 0.000616
[e043 s0700/1030] loss = 0.000593
[e043 s0750/1030] loss = 0.000573
[e043 s0800/1030] loss = 0.000549
[e043 s0850/1030] loss = 0.000534
[e043 s0900/1030] loss = 0.000518
[e043 s0950/1030] loss = 0.000500
[e043 s1000/1030] loss = 0.000490
Epoch 043: train_loss = 0.000482  MAE/GAME0 = 24.89  RMSE = 47.86  GAME1 = 7.59  GAME2 = 2.18  GAME3 = 0.64  lr = 1.00e-05  time = 49.3s
[e044 s0001/1030] loss = 0.000001
[e044 s0050/1030] loss = 0.000472
[e044 s0100/1030] loss = 0.000363
[e044 s0150/1030] loss = 0.000352
[e044 s0200/1030] loss = 0.000344
[e044 s0250/1030] loss = 0.000421
[e044 s0300/1030] loss = 0.000399
[e044 s0350/1030] loss = 0.000372
[e044 s0400/1030] loss = 0.000422
[e044 s0450/1030] loss = 0.000439
[e044 s0500/1030] loss = 0.000459
[e044 s0550/1030] loss = 0.000455
[e044 s0600/1030] loss = 0.000436
[e044 s0650/1030] loss = 0.000431
[e044 s0700/1030] loss = 0.000420
[e044 s0750/1030] loss = 0.000416
[e044 s0800/1030] loss = 0.000404
[e044 s0850/1030] loss = 0.000436
[e044 s0900/1030] loss = 0.000431
[e044 s0950/1030] loss = 0.000433
[e044 s1000/1030] loss = 0.000419
Epoch 044: train_loss = 0.000419  MAE/GAME0 = 32.90  RMSE = 49.58  GAME1 = 9.37  GAME2 = 2.61  GAME3 = 0.75  lr = 1.00e-05  time = 47.9s
[e045 s0001/1030] loss = 0.000002
[e045 s0050/1030] loss = 0.000191
[e045 s0100/1030] loss = 0.000302
[e045 s0150/1030] loss = 0.000371
[e045 s0200/1030] loss = 0.000762
[e045 s0250/1030] loss = 0.000646
[e045 s0300/1030] loss = 0.000602
[e045 s0350/1030] loss = 0.000542
[e045 s0400/1030] loss = 0.000511
[e045 s0450/1030] loss = 0.000476
[e045 s0500/1030] loss = 0.000452
[e045 s0550/1030] loss = 0.000435
[e045 s0600/1030] loss = 0.000437
[e045 s0650/1030] loss = 0.000433
[e045 s0700/1030] loss = 0.000414
[e045 s0750/1030] loss = 0.000414
[e045 s0800/1030] loss = 0.000399
[e045 s0850/1030] loss = 0.000395
[e045 s0900/1030] loss = 0.000392
[e045 s0950/1030] loss = 0.000381
[e045 s1000/1030] loss = 0.000377
Epoch 045: train_loss = 0.000377  MAE/GAME0 = 27.53  RMSE = 47.81  GAME1 = 8.40  GAME2 = 2.45  GAME3 = 0.71  lr = 1.00e-05  time = 49.4s
[e046 s0001/1030] loss = 0.000146
[e046 s0050/1030] loss = 0.001283
[e046 s0100/1030] loss = 0.000772
[e046 s0150/1030] loss = 0.000590
[e046 s0200/1030] loss = 0.000489
[e046 s0250/1030] loss = 0.000812
[e046 s0300/1030] loss = 0.000725
[e046 s0350/1030] loss = 0.000658
[e046 s0400/1030] loss = 0.000600
[e046 s0450/1030] loss = 0.000569
[e046 s0500/1030] loss = 0.000562
[e046 s0550/1030] loss = 0.000547
[e046 s0600/1030] loss = 0.000532
[e046 s0650/1030] loss = 0.000535
[e046 s0700/1030] loss = 0.000516
[e046 s0750/1030] loss = 0.000508
[e046 s0800/1030] loss = 0.000492
[e046 s0850/1030] loss = 0.000476
[e046 s0900/1030] loss = 0.000515
[e046 s0950/1030] loss = 0.000517
[e046 s1000/1030] loss = 0.000510
Epoch 046: train_loss = 0.000505  MAE/GAME0 = 37.65  RMSE = 56.74  GAME1 = 9.78  GAME2 = 2.58  GAME3 = 0.70  lr = 1.00e-05  time = 48.1s
[e047 s0001/1030] loss = 0.000222
[e047 s0050/1030] loss = 0.000479
[e047 s0100/1030] loss = 0.000400
[e047 s0150/1030] loss = 0.000352
[e047 s0200/1030] loss = 0.000317
[e047 s0250/1030] loss = 0.000328
[e047 s0300/1030] loss = 0.000329
[e047 s0350/1030] loss = 0.000320
[e047 s0400/1030] loss = 0.000326
[e047 s0450/1030] loss = 0.000322
[e047 s0500/1030] loss = 0.000423
[e047 s0550/1030] loss = 0.000418
[e047 s0600/1030] loss = 0.000418
[e047 s0650/1030] loss = 0.000419
[e047 s0700/1030] loss = 0.000414
[e047 s0750/1030] loss = 0.000405
[e047 s0800/1030] loss = 0.000404
[e047 s0850/1030] loss = 0.000391
[e047 s0900/1030] loss = 0.000387
[e047 s0950/1030] loss = 0.000381
[e047 s1000/1030] loss = 0.000371
Epoch 047: train_loss = 0.000369  MAE/GAME0 = 34.36  RMSE = 55.99  GAME1 = 9.24  GAME2 = 2.56  GAME3 = 0.72  lr = 1.00e-05  time = 48.5s
[e048 s0001/1030] loss = 0.000149
[e048 s0050/1030] loss = 0.000500
[e048 s0100/1030] loss = 0.000324
[e048 s0150/1030] loss = 0.000392
[e048 s0200/1030] loss = 0.000371
[e048 s0250/1030] loss = 0.000360
[e048 s0300/1030] loss = 0.000326
[e048 s0350/1030] loss = 0.000332
[e048 s0400/1030] loss = 0.000352
[e048 s0450/1030] loss = 0.000343
[e048 s0500/1030] loss = 0.000330
[e048 s0550/1030] loss = 0.000326
[e048 s0600/1030] loss = 0.000311
[e048 s0650/1030] loss = 0.000304
[e048 s0700/1030] loss = 0.000298
[e048 s0750/1030] loss = 0.000317
[e048 s0800/1030] loss = 0.000310
[e048 s0850/1030] loss = 0.000329
[e048 s0900/1030] loss = 0.000335
[e048 s0950/1030] loss = 0.000352
[e048 s1000/1030] loss = 0.000355
Epoch 048: train_loss = 0.000356  MAE/GAME0 = 37.66  RMSE = 58.99  GAME1 = 9.78  GAME2 = 2.59  GAME3 = 0.70  lr = 1.00e-05  time = 47.7s
[e049 s0001/1030] loss = 0.000250
[e049 s0050/1030] loss = 0.000254
[e049 s0100/1030] loss = 0.000279
[e049 s0150/1030] loss = 0.000326
[e049 s0200/1030] loss = 0.000299
[e049 s0250/1030] loss = 0.000288
[e049 s0300/1030] loss = 0.000299
[e049 s0350/1030] loss = 0.000335
[e049 s0400/1030] loss = 0.000321
[e049 s0450/1030] loss = 0.000321
[e049 s0500/1030] loss = 0.000323
[e049 s0550/1030] loss = 0.000357
[e049 s0600/1030] loss = 0.000349
[e049 s0650/1030] loss = 0.000334
[e049 s0700/1030] loss = 0.000327
[e049 s0750/1030] loss = 0.000330
[e049 s0800/1030] loss = 0.000328
[e049 s0850/1030] loss = 0.000329
[e049 s0900/1030] loss = 0.000326
[e049 s0950/1030] loss = 0.000329
[e049 s1000/1030] loss = 0.000333
Epoch 049: train_loss = 0.000330  MAE/GAME0 = 25.07  RMSE = 48.28  GAME1 = 7.55  GAME2 = 2.21  GAME3 = 0.65  lr = 1.00e-05  time = 47.6s
[e050 s0001/1030] loss = 0.000147
[e050 s0050/1030] loss = 0.000108
[e050 s0100/1030] loss = 0.000161
[e050 s0150/1030] loss = 0.000264
[e050 s0200/1030] loss = 0.000259
[e050 s0250/1030] loss = 0.000282
[e050 s0300/1030] loss = 0.000314
[e050 s0350/1030] loss = 0.000304
[e050 s0400/1030] loss = 0.000289
[e050 s0450/1030] loss = 0.000380
[e050 s0500/1030] loss = 0.000382
[e050 s0550/1030] loss = 0.000372
[e050 s0600/1030] loss = 0.000363
[e050 s0650/1030] loss = 0.000357
[e050 s0700/1030] loss = 0.000340
[e050 s0750/1030] loss = 0.000333
[e050 s0800/1030] loss = 0.000333
[e050 s0850/1030] loss = 0.000324
[e050 s0900/1030] loss = 0.000322
[e050 s0950/1030] loss = 0.000327
[e050 s1000/1030] loss = 0.000322
Epoch 050: train_loss = 0.000354  MAE/GAME0 = 43.76  RMSE = 56.85  GAME1 = 12.26  GAME2 = 3.44  GAME3 = 0.96  lr = 1.00e-05  time = 47.2s
[e051 s0001/1030] loss = 0.000211
[e051 s0050/1030] loss = 0.000492
[e051 s0100/1030] loss = 0.000290
[e051 s0150/1030] loss = 0.000336
[e051 s0200/1030] loss = 0.000369
[e051 s0250/1030] loss = 0.000441
[e051 s0300/1030] loss = 0.000431
[e051 s0350/1030] loss = 0.000420
[e051 s0400/1030] loss = 0.000442
[e051 s0450/1030] loss = 0.000605
[e051 s0500/1030] loss = 0.000564
[e051 s0550/1030] loss = 0.000529
[e051 s0600/1030] loss = 0.000571
[e051 s0650/1030] loss = 0.000566
[e051 s0700/1030] loss = 0.000538
[e051 s0750/1030] loss = 0.000519
[e051 s0800/1030] loss = 0.000505
[e051 s0850/1030] loss = 0.000489
[e051 s0900/1030] loss = 0.000471
[e051 s0950/1030] loss = 0.000458
[e051 s1000/1030] loss = 0.000471
Epoch 051: train_loss = 0.000468  MAE/GAME0 = 31.51  RMSE = 50.66  GAME1 = 8.50  GAME2 = 2.29  GAME3 = 0.63  lr = 1.00e-05  time = 49.3s
[e052 s0001/1030] loss = 0.002936
[e052 s0050/1030] loss = 0.000637
[e052 s0100/1030] loss = 0.000507
[e052 s0150/1030] loss = 0.000432
[e052 s0200/1030] loss = 0.000374
[e052 s0250/1030] loss = 0.000371
[e052 s0300/1030] loss = 0.000379
[e052 s0350/1030] loss = 0.000367
[e052 s0400/1030] loss = 0.000454
[e052 s0450/1030] loss = 0.000470
[e052 s0500/1030] loss = 0.000472
[e052 s0550/1030] loss = 0.000453
[e052 s0600/1030] loss = 0.000462
[e052 s0650/1030] loss = 0.000451
[e052 s0700/1030] loss = 0.000436
[e052 s0750/1030] loss = 0.000432
[e052 s0800/1030] loss = 0.000420
[e052 s0850/1030] loss = 0.000405
[e052 s0900/1030] loss = 0.000399
[e052 s0950/1030] loss = 0.000421
[e052 s1000/1030] loss = 0.000427
Epoch 052: train_loss = 0.000426  MAE/GAME0 = 37.75  RMSE = 46.29  GAME1 = 11.82  GAME2 = 3.64  GAME3 = 1.05  lr = 1.00e-05  time = 47.5s
[e053 s0001/1030] loss = 0.000099
[e053 s0050/1030] loss = 0.001759
[e053 s0100/1030] loss = 0.001013
[e053 s0150/1030] loss = 0.000757
[e053 s0200/1030] loss = 0.000700
[e053 s0250/1030] loss = 0.000584
[e053 s0300/1030] loss = 0.000527
[e053 s0350/1030] loss = 0.000480
[e053 s0400/1030] loss = 0.000483
[e053 s0450/1030] loss = 0.000455
[e053 s0500/1030] loss = 0.000435
[e053 s0550/1030] loss = 0.000488
[e053 s0600/1030] loss = 0.000498
[e053 s0650/1030] loss = 0.000510
[e053 s0700/1030] loss = 0.000485
[e053 s0750/1030] loss = 0.000478
[e053 s0800/1030] loss = 0.000478
[e053 s0850/1030] loss = 0.000464
[e053 s0900/1030] loss = 0.000449
[e053 s0950/1030] loss = 0.000452
[e053 s1000/1030] loss = 0.000451
Epoch 053: train_loss = 0.000444  MAE/GAME0 = 23.53  RMSE = 42.90  GAME1 = 7.19  GAME2 = 2.08  GAME3 = 0.60  lr = 1.00e-05  time = 47.9s
[e054 s0001/1030] loss = 0.000000
[e054 s0050/1030] loss = 0.000232
[e054 s0100/1030] loss = 0.000252
[e054 s0150/1030] loss = 0.000848
[e054 s0200/1030] loss = 0.000720
[e054 s0250/1030] loss = 0.000623
[e054 s0300/1030] loss = 0.000602
[e054 s0350/1030] loss = 0.000567
[e054 s0400/1030] loss = 0.000555
[e054 s0450/1030] loss = 0.000556
[e054 s0500/1030] loss = 0.000524
[e054 s0550/1030] loss = 0.000501
[e054 s0600/1030] loss = 0.000473
[e054 s0650/1030] loss = 0.000467
[e054 s0700/1030] loss = 0.000452
[e054 s0750/1030] loss = 0.000520
[e054 s0800/1030] loss = 0.000499
[e054 s0850/1030] loss = 0.000493
[e054 s0900/1030] loss = 0.000482
[e054 s0950/1030] loss = 0.000466
[e054 s1000/1030] loss = 0.000459
Epoch 054: train_loss = 0.000456  MAE/GAME0 = 46.33  RMSE = 55.24  GAME1 = 12.63  GAME2 = 3.49  GAME3 = 0.98  lr = 1.00e-05  time = 50.0s
[e055 s0001/1030] loss = 0.000720
[e055 s0050/1030] loss = 0.000385
[e055 s0100/1030] loss = 0.000370
[e055 s0150/1030] loss = 0.000364
[e055 s0200/1030] loss = 0.000710
[e055 s0250/1030] loss = 0.000614
[e055 s0300/1030] loss = 0.000577
[e055 s0350/1030] loss = 0.000570
[e055 s0400/1030] loss = 0.000540
[e055 s0450/1030] loss = 0.000493
[e055 s0500/1030] loss = 0.000522
[e055 s0550/1030] loss = 0.000498
[e055 s0600/1030] loss = 0.000486
[e055 s0650/1030] loss = 0.000488
[e055 s0700/1030] loss = 0.000474
[e055 s0750/1030] loss = 0.000498
[e055 s0800/1030] loss = 0.000498
[e055 s0850/1030] loss = 0.000481
[e055 s0900/1030] loss = 0.000489
[e055 s0950/1030] loss = 0.000480
[e055 s1000/1030] loss = 0.000476
Epoch 055: train_loss = 0.000471  MAE/GAME0 = 51.76  RMSE = 60.57  GAME1 = 13.92  GAME2 = 3.78  GAME3 = 1.04  lr = 1.00e-05  time = 49.0s
[e056 s0001/1030] loss = 0.000389
[e056 s0050/1030] loss = 0.000370
[e056 s0100/1030] loss = 0.000341
[e056 s0150/1030] loss = 0.000307
[e056 s0200/1030] loss = 0.000288
[e056 s0250/1030] loss = 0.000283
[e056 s0300/1030] loss = 0.000267
[e056 s0350/1030] loss = 0.000287
[e056 s0400/1030] loss = 0.000309
[e056 s0450/1030] loss = 0.000312
[e056 s0500/1030] loss = 0.000314
[e056 s0550/1030] loss = 0.000314
[e056 s0600/1030] loss = 0.000305
[e056 s0650/1030] loss = 0.000300
[e056 s0700/1030] loss = 0.000313
[e056 s0750/1030] loss = 0.000318
[e056 s0800/1030] loss = 0.000316
[e056 s0850/1030] loss = 0.000313
[e056 s0900/1030] loss = 0.000304
[e056 s0950/1030] loss = 0.000295
[e056 s1000/1030] loss = 0.000294
Epoch 056: train_loss = 0.000290  MAE/GAME0 = 27.77  RMSE = 50.11  GAME1 = 7.78  GAME2 = 2.21  GAME3 = 0.64  lr = 1.00e-05  time = 46.8s
[e057 s0001/1030] loss = 0.000001
[e057 s0050/1030] loss = 0.000523
[e057 s0100/1030] loss = 0.000441
[e057 s0150/1030] loss = 0.000341
[e057 s0200/1030] loss = 0.000341
[e057 s0250/1030] loss = 0.000304
[e057 s0300/1030] loss = 0.000647
[e057 s0350/1030] loss = 0.000673
[e057 s0400/1030] loss = 0.000673
[e057 s0450/1030] loss = 0.000633
[e057 s0500/1030] loss = 0.000598
[e057 s0550/1030] loss = 0.000558
[e057 s0600/1030] loss = 0.000582
[e057 s0650/1030] loss = 0.000572
[e057 s0700/1030] loss = 0.000542
[e057 s0750/1030] loss = 0.000523
[e057 s0800/1030] loss = 0.000508
[e057 s0850/1030] loss = 0.000497
[e057 s0900/1030] loss = 0.000484
[e057 s0950/1030] loss = 0.000477
[e057 s1000/1030] loss = 0.000469
Epoch 057: train_loss = 0.000464  MAE/GAME0 = 32.88  RMSE = 52.60  GAME1 = 8.74  GAME2 = 2.37  GAME3 = 0.65  lr = 1.00e-05  time = 50.9s
[e058 s0001/1030] loss = 0.000001
[e058 s0050/1030] loss = 0.001773
[e058 s0100/1030] loss = 0.001088
[e058 s0150/1030] loss = 0.000804
[e058 s0200/1030] loss = 0.000660
[e058 s0250/1030] loss = 0.000606
[e058 s0300/1030] loss = 0.000567
[e058 s0350/1030] loss = 0.000518
[e058 s0400/1030] loss = 0.000505
[e058 s0450/1030] loss = 0.000465
[e058 s0500/1030] loss = 0.000451
[e058 s0550/1030] loss = 0.000440
[e058 s0600/1030] loss = 0.000439
[e058 s0650/1030] loss = 0.000423
[e058 s0700/1030] loss = 0.000421
[e058 s0750/1030] loss = 0.000404
[e058 s0800/1030] loss = 0.000409
[e058 s0850/1030] loss = 0.000409
[e058 s0900/1030] loss = 0.000442
[e058 s0950/1030] loss = 0.000440
[e058 s1000/1030] loss = 0.000428
Epoch 058: train_loss = 0.000423  MAE/GAME0 = 25.10  RMSE = 42.06  GAME1 = 7.54  GAME2 = 2.13  GAME3 = 0.62  lr = 1.00e-05  time = 47.4s
[e059 s0001/1030] loss = 0.000430
[e059 s0050/1030] loss = 0.000261
[e059 s0100/1030] loss = 0.000335
[e059 s0150/1030] loss = 0.000346
[e059 s0200/1030] loss = 0.000318
[e059 s0250/1030] loss = 0.000660
[e059 s0300/1030] loss = 0.000611
[e059 s0350/1030] loss = 0.000558
[e059 s0400/1030] loss = 0.000531
[e059 s0450/1030] loss = 0.000495
[e059 s0500/1030] loss = 0.000481
[e059 s0550/1030] loss = 0.000453
[e059 s0600/1030] loss = 0.000461
[e059 s0650/1030] loss = 0.000464
[e059 s0700/1030] loss = 0.000444
[e059 s0750/1030] loss = 0.000440
[e059 s0800/1030] loss = 0.000463
[e059 s0850/1030] loss = 0.000452
[e059 s0900/1030] loss = 0.000450
[e059 s0950/1030] loss = 0.000444
[e059 s1000/1030] loss = 0.000433
Epoch 059: train_loss = 0.000426  MAE/GAME0 = 24.77  RMSE = 45.75  GAME1 = 7.25  GAME2 = 2.11  GAME3 = 0.62  lr = 1.00e-05  time = 47.7s
[e060 s0001/1030] loss = 0.000060
[e060 s0050/1030] loss = 0.000411
[e060 s0100/1030] loss = 0.000347
[e060 s0150/1030] loss = 0.000278
[e060 s0200/1030] loss = 0.000332
[e060 s0250/1030] loss = 0.000354
[e060 s0300/1030] loss = 0.000349
[e060 s0350/1030] loss = 0.000346
[e060 s0400/1030] loss = 0.000330
[e060 s0450/1030] loss = 0.000339
[e060 s0500/1030] loss = 0.000333
[e060 s0550/1030] loss = 0.000333
[e060 s0600/1030] loss = 0.000347
[e060 s0650/1030] loss = 0.000365
[e060 s0700/1030] loss = 0.000349
[e060 s0750/1030] loss = 0.000343
[e060 s0800/1030] loss = 0.000347
[e060 s0850/1030] loss = 0.000340
[e060 s0900/1030] loss = 0.000347
[e060 s0950/1030] loss = 0.000343
[e060 s1000/1030] loss = 0.000343
Epoch 060: train_loss = 0.000339  MAE/GAME0 = 24.42  RMSE = 43.50  GAME1 = 7.25  GAME2 = 2.06  GAME3 = 0.60  lr = 1.00e-05  time = 48.5s
[e061 s0001/1030] loss = 0.000119
[e061 s0050/1030] loss = 0.000189
[e061 s0100/1030] loss = 0.000230
[e061 s0150/1030] loss = 0.000242
[e061 s0200/1030] loss = 0.000242
[e061 s0250/1030] loss = 0.000244
[e061 s0300/1030] loss = 0.000237
[e061 s0350/1030] loss = 0.000262
[e061 s0400/1030] loss = 0.000298
[e061 s0450/1030] loss = 0.000296
[e061 s0500/1030] loss = 0.000288
[e061 s0550/1030] loss = 0.000369
[e061 s0600/1030] loss = 0.000368
[e061 s0650/1030] loss = 0.000459
[e061 s0700/1030] loss = 0.000454
[e061 s0750/1030] loss = 0.000434
[e061 s0800/1030] loss = 0.000419
[e061 s0850/1030] loss = 0.000414
[e061 s0900/1030] loss = 0.000403
[e061 s0950/1030] loss = 0.000414
[e061 s1000/1030] loss = 0.000424
Epoch 061: train_loss = 0.000415  MAE/GAME0 = 26.15  RMSE = 49.28  GAME1 = 7.55  GAME2 = 2.14  GAME3 = 0.62  lr = 1.00e-05  time = 47.6s
[e062 s0001/1030] loss = 0.000000
[e062 s0050/1030] loss = 0.000256
[e062 s0100/1030] loss = 0.000309
[e062 s0150/1030] loss = 0.000336
[e062 s0200/1030] loss = 0.000396
[e062 s0250/1030] loss = 0.000372
[e062 s0300/1030] loss = 0.000393
[e062 s0350/1030] loss = 0.000366
[e062 s0400/1030] loss = 0.000355
[e062 s0450/1030] loss = 0.000342
[e062 s0500/1030] loss = 0.000340
[e062 s0550/1030] loss = 0.000332
[e062 s0600/1030] loss = 0.000333
[e062 s0650/1030] loss = 0.000342
[e062 s0700/1030] loss = 0.000343
[e062 s0750/1030] loss = 0.000332
[e062 s0800/1030] loss = 0.000320
[e062 s0850/1030] loss = 0.000332
[e062 s0900/1030] loss = 0.000356
[e062 s0950/1030] loss = 0.000378
[e062 s1000/1030] loss = 0.000386
Epoch 062: train_loss = 0.000379  MAE/GAME0 = 27.06  RMSE = 52.00  GAME1 = 7.65  GAME2 = 2.16  GAME3 = 0.63  lr = 1.00e-05  time = 46.7s
[e063 s0001/1030] loss = 0.000010
[e063 s0050/1030] loss = 0.000489
[e063 s0100/1030] loss = 0.000545
[e063 s0150/1030] loss = 0.000437
[e063 s0200/1030] loss = 0.000401
[e063 s0250/1030] loss = 0.000355
[e063 s0300/1030] loss = 0.000389
[e063 s0350/1030] loss = 0.000370
[e063 s0400/1030] loss = 0.000342
[e063 s0450/1030] loss = 0.000363
[e063 s0500/1030] loss = 0.000340
[e063 s0550/1030] loss = 0.000344
[e063 s0600/1030] loss = 0.000433
[e063 s0650/1030] loss = 0.000421
[e063 s0700/1030] loss = 0.000406
[e063 s0750/1030] loss = 0.000388
[e063 s0800/1030] loss = 0.000459
[e063 s0850/1030] loss = 0.000450
[e063 s0900/1030] loss = 0.000439
[e063 s0950/1030] loss = 0.000438
[e063 s1000/1030] loss = 0.000423
Epoch 063: train_loss = 0.000415  MAE/GAME0 = 28.82  RMSE = 52.82  GAME1 = 7.93  GAME2 = 2.19  GAME3 = 0.62  lr = 1.00e-05  time = 47.3s
[e064 s0001/1030] loss = 0.000001
[e064 s0050/1030] loss = 0.000335
[e064 s0100/1030] loss = 0.000288
[e064 s0150/1030] loss = 0.000312
[e064 s0200/1030] loss = 0.000275
[e064 s0250/1030] loss = 0.000284
[e064 s0300/1030] loss = 0.000270
[e064 s0350/1030] loss = 0.000264
[e064 s0400/1030] loss = 0.000263
[e064 s0450/1030] loss = 0.000261
[e064 s0500/1030] loss = 0.000259
[e064 s0550/1030] loss = 0.000263
[e064 s0600/1030] loss = 0.000282
[e064 s0650/1030] loss = 0.000282
[e064 s0700/1030] loss = 0.000298
[e064 s0750/1030] loss = 0.000299
[e064 s0800/1030] loss = 0.000330
[e064 s0850/1030] loss = 0.000365
[e064 s0900/1030] loss = 0.000366
[e064 s0950/1030] loss = 0.000366
[e064 s1000/1030] loss = 0.000361
Epoch 064: train_loss = 0.000376  MAE/GAME0 = 30.36  RMSE = 45.90  GAME1 = 9.06  GAME2 = 2.64  GAME3 = 0.78  lr = 1.00e-05  time = 47.6s
[e065 s0001/1030] loss = 0.000026
[e065 s0050/1030] loss = 0.003181
[e065 s0100/1030] loss = 0.001804
[e065 s0150/1030] loss = 0.001320
[e065 s0200/1030] loss = 0.001099
[e065 s0250/1030] loss = 0.000944
[e065 s0300/1030] loss = 0.000825
[e065 s0350/1030] loss = 0.000741
[e065 s0400/1030] loss = 0.000689
[e065 s0450/1030] loss = 0.000642
[e065 s0500/1030] loss = 0.000602
[e065 s0550/1030] loss = 0.000575
[e065 s0600/1030] loss = 0.000558
[e065 s0650/1030] loss = 0.000531
[e065 s0700/1030] loss = 0.000506
[e065 s0750/1030] loss = 0.000527
[e065 s0800/1030] loss = 0.000518
[e065 s0850/1030] loss = 0.000510
[e065 s0900/1030] loss = 0.000490
[e065 s0950/1030] loss = 0.000480
[e065 s1000/1030] loss = 0.000466
Epoch 065: train_loss = 0.000459  MAE/GAME0 = 36.54  RMSE = 55.12  GAME1 = 9.87  GAME2 = 2.76  GAME3 = 0.77  lr = 1.00e-05  time = 47.9s
[e066 s0001/1030] loss = 0.000594
[e066 s0050/1030] loss = 0.000156
[e066 s0100/1030] loss = 0.000259
[e066 s0150/1030] loss = 0.000252
[e066 s0200/1030] loss = 0.000284
[e066 s0250/1030] loss = 0.000369
[e066 s0300/1030] loss = 0.000406
[e066 s0350/1030] loss = 0.000391
[e066 s0400/1030] loss = 0.000382
[e066 s0450/1030] loss = 0.000367
[e066 s0500/1030] loss = 0.000393
[e066 s0550/1030] loss = 0.000407
[e066 s0600/1030] loss = 0.000518
[e066 s0650/1030] loss = 0.000495
[e066 s0700/1030] loss = 0.000475
[e066 s0750/1030] loss = 0.000462
[e066 s0800/1030] loss = 0.000448
[e066 s0850/1030] loss = 0.000435
[e066 s0900/1030] loss = 0.000431
[e066 s0950/1030] loss = 0.000418
[e066 s1000/1030] loss = 0.000406
Epoch 066: train_loss = 0.000401  MAE/GAME0 = 33.14  RMSE = 46.51  GAME1 = 9.57  GAME2 = 2.73  GAME3 = 0.78  lr = 1.00e-05  time = 49.1s
[e067 s0001/1030] loss = 0.000138
[e067 s0050/1030] loss = 0.000378
[e067 s0100/1030] loss = 0.000284
[e067 s0150/1030] loss = 0.000259
[e067 s0200/1030] loss = 0.000591
[e067 s0250/1030] loss = 0.000527
[e067 s0300/1030] loss = 0.000477
[e067 s0350/1030] loss = 0.000458
[e067 s0400/1030] loss = 0.000424
[e067 s0450/1030] loss = 0.000411
[e067 s0500/1030] loss = 0.000393
[e067 s0550/1030] loss = 0.000396
[e067 s0600/1030] loss = 0.000500
[e067 s0650/1030] loss = 0.000532
[e067 s0700/1030] loss = 0.000505
[e067 s0750/1030] loss = 0.000502
[e067 s0800/1030] loss = 0.000481
[e067 s0850/1030] loss = 0.000486
[e067 s0900/1030] loss = 0.000491
[e067 s0950/1030] loss = 0.000479
[e067 s1000/1030] loss = 0.000467
Epoch 067: train_loss = 0.000457  MAE/GAME0 = 37.72  RMSE = 57.82  GAME1 = 9.91  GAME2 = 2.66  GAME3 = 0.73  lr = 1.00e-05  time = 47.2s
[e068 s0001/1030] loss = 0.000001
[e068 s0050/1030] loss = 0.000412
[e068 s0100/1030] loss = 0.000460
[e068 s0150/1030] loss = 0.000412
[e068 s0200/1030] loss = 0.000682
[e068 s0250/1030] loss = 0.000845
[e068 s0300/1030] loss = 0.000776
[e068 s0350/1030] loss = 0.000701
[e068 s0400/1030] loss = 0.000648
[e068 s0450/1030] loss = 0.000608
[e068 s0500/1030] loss = 0.000601
[e068 s0550/1030] loss = 0.000567
[e068 s0600/1030] loss = 0.000584
[e068 s0650/1030] loss = 0.000564
[e068 s0700/1030] loss = 0.000544
[e068 s0750/1030] loss = 0.000549
[e068 s0800/1030] loss = 0.000527
[e068 s0850/1030] loss = 0.000531
[e068 s0900/1030] loss = 0.000531
[e068 s0950/1030] loss = 0.000522
[e068 s1000/1030] loss = 0.000510
Epoch 068: train_loss = 0.000510  MAE/GAME0 = 25.75  RMSE = 41.03  GAME1 = 7.68  GAME2 = 2.23  GAME3 = 0.66  lr = 1.00e-05  time = 48.2s
[e069 s0001/1030] loss = 0.000001
[e069 s0050/1030] loss = 0.000246
[e069 s0100/1030] loss = 0.000291
[e069 s0150/1030] loss = 0.000296
[e069 s0200/1030] loss = 0.000301
[e069 s0250/1030] loss = 0.000321
[e069 s0300/1030] loss = 0.000320
[e069 s0350/1030] loss = 0.000304
[e069 s0400/1030] loss = 0.000291
[e069 s0450/1030] loss = 0.000289
[e069 s0500/1030] loss = 0.000285
[e069 s0550/1030] loss = 0.000383
[e069 s0600/1030] loss = 0.000370
[e069 s0650/1030] loss = 0.000353
[e069 s0700/1030] loss = 0.000352
[e069 s0750/1030] loss = 0.000355
[e069 s0800/1030] loss = 0.000347
[e069 s0850/1030] loss = 0.000343
[e069 s0900/1030] loss = 0.000342
[e069 s0950/1030] loss = 0.000341
[e069 s1000/1030] loss = 0.000337
Epoch 069: train_loss = 0.000334  MAE/GAME0 = 49.91  RMSE = 59.87  GAME1 = 13.29  GAME2 = 3.54  GAME3 = 0.97  lr = 1.00e-05  time = 47.4s
[e070 s0001/1030] loss = 0.000019
[e070 s0050/1030] loss = 0.000187
[e070 s0100/1030] loss = 0.000175
[e070 s0150/1030] loss = 0.000172
[e070 s0200/1030] loss = 0.000210
[e070 s0250/1030] loss = 0.000220
[e070 s0300/1030] loss = 0.000232
[e070 s0350/1030] loss = 0.000237
[e070 s0400/1030] loss = 0.000245
[e070 s0450/1030] loss = 0.000243
[e070 s0500/1030] loss = 0.000270
[e070 s0550/1030] loss = 0.000265
[e070 s0600/1030] loss = 0.000260
[e070 s0650/1030] loss = 0.000257
[e070 s0700/1030] loss = 0.000254
[e070 s0750/1030] loss = 0.000273
[e070 s0800/1030] loss = 0.000285
[e070 s0850/1030] loss = 0.000286
[e070 s0900/1030] loss = 0.000283
[e070 s0950/1030] loss = 0.000281
[e070 s1000/1030] loss = 0.000278
Epoch 070: train_loss = 0.000276  MAE/GAME0 = 25.01  RMSE = 45.75  GAME1 = 8.08  GAME2 = 2.43  GAME3 = 0.71  lr = 1.00e-05  time = 49.1s
[e071 s0001/1030] loss = 0.000056
[e071 s0050/1030] loss = 0.000416
[e071 s0100/1030] loss = 0.000409
[e071 s0150/1030] loss = 0.000420
[e071 s0200/1030] loss = 0.000419
[e071 s0250/1030] loss = 0.000387
[e071 s0300/1030] loss = 0.000371
[e071 s0350/1030] loss = 0.000356
[e071 s0400/1030] loss = 0.000339
[e071 s0450/1030] loss = 0.000323
[e071 s0500/1030] loss = 0.000331
[e071 s0550/1030] loss = 0.000335
[e071 s0600/1030] loss = 0.000341
[e071 s0650/1030] loss = 0.000336
[e071 s0700/1030] loss = 0.000349
[e071 s0750/1030] loss = 0.000354
[e071 s0800/1030] loss = 0.000347
[e071 s0850/1030] loss = 0.000332
[e071 s0900/1030] loss = 0.000326
[e071 s0950/1030] loss = 0.000320
[e071 s1000/1030] loss = 0.000332
Epoch 071: train_loss = 0.000328  MAE/GAME0 = 27.39  RMSE = 47.68  GAME1 = 8.04  GAME2 = 2.30  GAME3 = 0.66  lr = 1.00e-05  time = 49.4s
[e072 s0001/1030] loss = 0.000001
[e072 s0050/1030] loss = 0.000290
[e072 s0100/1030] loss = 0.000284
[e072 s0150/1030] loss = 0.000312
[e072 s0200/1030] loss = 0.000293
[e072 s0250/1030] loss = 0.000269
[e072 s0300/1030] loss = 0.000285
[e072 s0350/1030] loss = 0.000306
[e072 s0400/1030] loss = 0.000325
[e072 s0450/1030] loss = 0.000316
[e072 s0500/1030] loss = 0.000301
[e072 s0550/1030] loss = 0.000311
[e072 s0600/1030] loss = 0.000309
[e072 s0650/1030] loss = 0.000303
[e072 s0700/1030] loss = 0.000298
[e072 s0750/1030] loss = 0.000304
[e072 s0800/1030] loss = 0.000306
[e072 s0850/1030] loss = 0.000309
[e072 s0900/1030] loss = 0.000314
[e072 s0950/1030] loss = 0.000326
[e072 s1000/1030] loss = 0.000316
Epoch 072: train_loss = 0.000314  MAE/GAME0 = 25.02  RMSE = 45.95  GAME1 = 8.21  GAME2 = 2.52  GAME3 = 0.74  lr = 1.00e-05  time = 48.2s
[e073 s0001/1030] loss = 0.000003
[e073 s0050/1030] loss = 0.000277
[e073 s0100/1030] loss = 0.000267
[e073 s0150/1030] loss = 0.000279
[e073 s0200/1030] loss = 0.000265
[e073 s0250/1030] loss = 0.000243
[e073 s0300/1030] loss = 0.000247
[e073 s0350/1030] loss = 0.000317
[e073 s0400/1030] loss = 0.000346
[e073 s0450/1030] loss = 0.000382
[e073 s0500/1030] loss = 0.000365
[e073 s0550/1030] loss = 0.000412
[e073 s0600/1030] loss = 0.000445
[e073 s0650/1030] loss = 0.000434
[e073 s0700/1030] loss = 0.000427
[e073 s0750/1030] loss = 0.000450
[e073 s0800/1030] loss = 0.000438
[e073 s0850/1030] loss = 0.000446
[e073 s0900/1030] loss = 0.000440
[e073 s0950/1030] loss = 0.000435
[e073 s1000/1030] loss = 0.000451
Epoch 073: train_loss = 0.000443  MAE/GAME0 = 25.60  RMSE = 46.60  GAME1 = 8.39  GAME2 = 2.57  GAME3 = 0.75  lr = 1.00e-05  time = 47.4s
[e074 s0001/1030] loss = 0.000041
[e074 s0050/1030] loss = 0.000259
[e074 s0100/1030] loss = 0.000264
[e074 s0150/1030] loss = 0.000319
[e074 s0200/1030] loss = 0.000304
[e074 s0250/1030] loss = 0.000314
[e074 s0300/1030] loss = 0.000292
[e074 s0350/1030] loss = 0.000399
[e074 s0400/1030] loss = 0.000404
[e074 s0450/1030] loss = 0.000382
[e074 s0500/1030] loss = 0.000374
[e074 s0550/1030] loss = 0.000364
[e074 s0600/1030] loss = 0.000364
[e074 s0650/1030] loss = 0.000368
[e074 s0700/1030] loss = 0.000382
[e074 s0750/1030] loss = 0.000386
[e074 s0800/1030] loss = 0.000382
[e074 s0850/1030] loss = 0.000368
[e074 s0900/1030] loss = 0.000369
[e074 s0950/1030] loss = 0.000381
[e074 s1000/1030] loss = 0.000371
Epoch 074: train_loss = 0.000368  MAE/GAME0 = 56.96  RMSE = 67.67  GAME1 = 14.96  GAME2 = 3.96  GAME3 = 1.07  lr = 1.00e-05  time = 47.3s
[e075 s0001/1030] loss = 0.000004
[e075 s0050/1030] loss = 0.000538
[e075 s0100/1030] loss = 0.000418
[e075 s0150/1030] loss = 0.000434
[e075 s0200/1030] loss = 0.000440
[e075 s0250/1030] loss = 0.000400
[e075 s0300/1030] loss = 0.000371
[e075 s0350/1030] loss = 0.000381
[e075 s0400/1030] loss = 0.000393
[e075 s0450/1030] loss = 0.000371
[e075 s0500/1030] loss = 0.000369
[e075 s0550/1030] loss = 0.000372
[e075 s0600/1030] loss = 0.000362
[e075 s0650/1030] loss = 0.000346
[e075 s0700/1030] loss = 0.000339
[e075 s0750/1030] loss = 0.000338
[e075 s0800/1030] loss = 0.000349
[e075 s0850/1030] loss = 0.000343
[e075 s0900/1030] loss = 0.000341
[e075 s0950/1030] loss = 0.000343
[e075 s1000/1030] loss = 0.000337
Epoch 075: train_loss = 0.000342  MAE/GAME0 = 29.20  RMSE = 46.34  GAME1 = 8.47  GAME2 = 2.41  GAME3 = 0.70  lr = 1.00e-05  time = 47.5s
[e076 s0001/1030] loss = 0.000002
[e076 s0050/1030] loss = 0.000333
[e076 s0100/1030] loss = 0.000332
[e076 s0150/1030] loss = 0.000314
[e076 s0200/1030] loss = 0.000293
[e076 s0250/1030] loss = 0.000282
[e076 s0300/1030] loss = 0.000315
[e076 s0350/1030] loss = 0.000295
[e076 s0400/1030] loss = 0.000310
[e076 s0450/1030] loss = 0.000329
[e076 s0500/1030] loss = 0.000386
[e076 s0550/1030] loss = 0.000369
[e076 s0600/1030] loss = 0.000391
[e076 s0650/1030] loss = 0.000377
[e076 s0700/1030] loss = 0.000377
[e076 s0750/1030] loss = 0.000369
[e076 s0800/1030] loss = 0.000364
[e076 s0850/1030] loss = 0.000356
[e076 s0900/1030] loss = 0.000365
[e076 s0950/1030] loss = 0.000380
[e076 s1000/1030] loss = 0.000375
Epoch 076: train_loss = 0.000411  MAE/GAME0 = 31.78  RMSE = 46.77  GAME1 = 9.71  GAME2 = 2.88  GAME3 = 0.85  lr = 1.00e-05  time = 48.7s
[e077 s0001/1030] loss = 0.000075
[e077 s0050/1030] loss = 0.001375
[e077 s0100/1030] loss = 0.000981
[e077 s0150/1030] loss = 0.000792
[e077 s0200/1030] loss = 0.000691
[e077 s0250/1030] loss = 0.000584
[e077 s0300/1030] loss = 0.000524
[e077 s0350/1030] loss = 0.000500
[e077 s0400/1030] loss = 0.000475
[e077 s0450/1030] loss = 0.000441
[e077 s0500/1030] loss = 0.000414
[e077 s0550/1030] loss = 0.000393
[e077 s0600/1030] loss = 0.000376
[e077 s0650/1030] loss = 0.000365
[e077 s0700/1030] loss = 0.000368
[e077 s0750/1030] loss = 0.000376
[e077 s0800/1030] loss = 0.000376
[e077 s0850/1030] loss = 0.000374
[e077 s0900/1030] loss = 0.000375
[e077 s0950/1030] loss = 0.000373
[e077 s1000/1030] loss = 0.000364
Epoch 077: train_loss = 0.000364  MAE/GAME0 = 31.54  RMSE = 46.79  GAME1 = 9.50  GAME2 = 2.78  GAME3 = 0.80  lr = 1.00e-05  time = 47.6s
[e078 s0001/1030] loss = 0.000082
[e078 s0050/1030] loss = 0.000371
[e078 s0100/1030] loss = 0.000569
[e078 s0150/1030] loss = 0.000493
[e078 s0200/1030] loss = 0.000443
[e078 s0250/1030] loss = 0.000403
[e078 s0300/1030] loss = 0.000371
[e078 s0350/1030] loss = 0.000345
[e078 s0400/1030] loss = 0.000340
[e078 s0450/1030] loss = 0.000477
[e078 s0500/1030] loss = 0.000520
[e078 s0550/1030] loss = 0.000505
[e078 s0600/1030] loss = 0.000478
[e078 s0650/1030] loss = 0.000463
[e078 s0700/1030] loss = 0.000441
[e078 s0750/1030] loss = 0.000431
[e078 s0800/1030] loss = 0.000431
[e078 s0850/1030] loss = 0.000433
[e078 s0900/1030] loss = 0.000427
[e078 s0950/1030] loss = 0.000414
[e078 s1000/1030] loss = 0.000408
Epoch 078: train_loss = 0.000404  MAE/GAME0 = 23.06  RMSE = 42.19  GAME1 = 6.93  GAME2 = 2.00  GAME3 = 0.58  lr = 1.00e-05  time = 47.9s
[e079 s0001/1030] loss = 0.000000
[e079 s0050/1030] loss = 0.000330
[e079 s0100/1030] loss = 0.000325
[e079 s0150/1030] loss = 0.000363
[e079 s0200/1030] loss = 0.000305
[e079 s0250/1030] loss = 0.000326
[e079 s0300/1030] loss = 0.000311
[e079 s0350/1030] loss = 0.000300
[e079 s0400/1030] loss = 0.000335
[e079 s0450/1030] loss = 0.000342
[e079 s0500/1030] loss = 0.000329
[e079 s0550/1030] loss = 0.000323
[e079 s0600/1030] loss = 0.000333
[e079 s0650/1030] loss = 0.000333
[e079 s0700/1030] loss = 0.000329
[e079 s0750/1030] loss = 0.000321
[e079 s0800/1030] loss = 0.000319
[e079 s0850/1030] loss = 0.000316
[e079 s0900/1030] loss = 0.000327
[e079 s0950/1030] loss = 0.000338
[e079 s1000/1030] loss = 0.000332
Epoch 079: train_loss = 0.000328  MAE/GAME0 = 23.08  RMSE = 42.88  GAME1 = 6.97  GAME2 = 2.01  GAME3 = 0.59  lr = 1.00e-05  time = 47.6s
[e080 s0001/1030] loss = 0.000009
[e080 s0050/1030] loss = 0.000445
[e080 s0100/1030] loss = 0.000322
[e080 s0150/1030] loss = 0.000385
[e080 s0200/1030] loss = 0.000350
[e080 s0250/1030] loss = 0.000375
[e080 s0300/1030] loss = 0.000373
[e080 s0350/1030] loss = 0.000375
[e080 s0400/1030] loss = 0.000359
[e080 s0450/1030] loss = 0.000414
[e080 s0500/1030] loss = 0.000419
[e080 s0550/1030] loss = 0.000395
[e080 s0600/1030] loss = 0.000393
[e080 s0650/1030] loss = 0.000377
[e080 s0700/1030] loss = 0.000375
[e080 s0750/1030] loss = 0.000369
[e080 s0800/1030] loss = 0.000354
[e080 s0850/1030] loss = 0.000341
[e080 s0900/1030] loss = 0.000335
[e080 s0950/1030] loss = 0.000342
[e080 s1000/1030] loss = 0.000332
Epoch 080: train_loss = 0.000335  MAE/GAME0 = 36.32  RMSE = 49.22  GAME1 = 10.58  GAME2 = 3.06  GAME3 = 0.87  lr = 1.00e-05  time = 48.6s
[e081 s0001/1030] loss = 0.000025
[e081 s0050/1030] loss = 0.000288
[e081 s0100/1030] loss = 0.000384
[e081 s0150/1030] loss = 0.000412
[e081 s0200/1030] loss = 0.000340
[e081 s0250/1030] loss = 0.000350
[e081 s0300/1030] loss = 0.000313
[e081 s0350/1030] loss = 0.000290
[e081 s0400/1030] loss = 0.000299
[e081 s0450/1030] loss = 0.000291
[e081 s0500/1030] loss = 0.000301
[e081 s0550/1030] loss = 0.000292
[e081 s0600/1030] loss = 0.000292
[e081 s0650/1030] loss = 0.000328
[e081 s0700/1030] loss = 0.000325
[e081 s0750/1030] loss = 0.000371
[e081 s0800/1030] loss = 0.000365
[e081 s0850/1030] loss = 0.000354
[e081 s0900/1030] loss = 0.000352
[e081 s0950/1030] loss = 0.000368
[e081 s1000/1030] loss = 0.000371
Epoch 081: train_loss = 0.000370  MAE/GAME0 = 24.66  RMSE = 46.86  GAME1 = 7.30  GAME2 = 2.11  GAME3 = 0.60  lr = 1.00e-05  time = 52.2s
[e082 s0001/1030] loss = 0.000028
[e082 s0050/1030] loss = 0.000274
[e082 s0100/1030] loss = 0.000467
[e082 s0150/1030] loss = 0.000451
[e082 s0200/1030] loss = 0.000432
[e082 s0250/1030] loss = 0.000408
[e082 s0300/1030] loss = 0.000391
[e082 s0350/1030] loss = 0.000358
[e082 s0400/1030] loss = 0.000399
[e082 s0450/1030] loss = 0.000388
[e082 s0500/1030] loss = 0.000379
[e082 s0550/1030] loss = 0.000378
[e082 s0600/1030] loss = 0.000380
[e082 s0650/1030] loss = 0.000382
[e082 s0700/1030] loss = 0.000394
[e082 s0750/1030] loss = 0.000409
[e082 s0800/1030] loss = 0.000417
[e082 s0850/1030] loss = 0.000419
[e082 s0900/1030] loss = 0.000414
[e082 s0950/1030] loss = 0.000419
[e082 s1000/1030] loss = 0.000419
Epoch 082: train_loss = 0.000417  MAE/GAME0 = 26.29  RMSE = 44.02  GAME1 = 7.67  GAME2 = 2.20  GAME3 = 0.62  lr = 1.00e-05  time = 47.4s
[e083 s0001/1030] loss = 0.000000
[e083 s0050/1030] loss = 0.000196
[e083 s0100/1030] loss = 0.000243
[e083 s0150/1030] loss = 0.000262
[e083 s0200/1030] loss = 0.000251
[e083 s0250/1030] loss = 0.000307
[e083 s0300/1030] loss = 0.000622
[e083 s0350/1030] loss = 0.000675
[e083 s0400/1030] loss = 0.000609
[e083 s0450/1030] loss = 0.000568
[e083 s0500/1030] loss = 0.000563
[e083 s0550/1030] loss = 0.000570
[e083 s0600/1030] loss = 0.000541
[e083 s0650/1030] loss = 0.000515
[e083 s0700/1030] loss = 0.000502
[e083 s0750/1030] loss = 0.000490
[e083 s0800/1030] loss = 0.000478
[e083 s0850/1030] loss = 0.000484
[e083 s0900/1030] loss = 0.000481
[e083 s0950/1030] loss = 0.000466
[e083 s1000/1030] loss = 0.000461
Epoch 083: train_loss = 0.000459  MAE/GAME0 = 28.58  RMSE = 52.66  GAME1 = 8.11  GAME2 = 2.26  GAME3 = 0.63  lr = 1.00e-05  time = 50.3s
[e084 s0001/1030] loss = 0.000878
[e084 s0050/1030] loss = 0.000270
[e084 s0100/1030] loss = 0.000465
[e084 s0150/1030] loss = 0.000439
[e084 s0200/1030] loss = 0.000393
[e084 s0250/1030] loss = 0.000364
[e084 s0300/1030] loss = 0.000339
[e084 s0350/1030] loss = 0.000346
[e084 s0400/1030] loss = 0.000355
[e084 s0450/1030] loss = 0.000336
[e084 s0500/1030] loss = 0.000332
[e084 s0550/1030] loss = 0.000319
[e084 s0600/1030] loss = 0.000323
[e084 s0650/1030] loss = 0.000320
[e084 s0700/1030] loss = 0.000318
[e084 s0750/1030] loss = 0.000316
[e084 s0800/1030] loss = 0.000310
[e084 s0850/1030] loss = 0.000314
[e084 s0900/1030] loss = 0.000332
[e084 s0950/1030] loss = 0.000340
[e084 s1000/1030] loss = 0.000343
Epoch 084: train_loss = 0.000341  MAE/GAME0 = 23.08  RMSE = 44.68  GAME1 = 7.11  GAME2 = 2.07  GAME3 = 0.61  lr = 1.00e-05  time = 47.4s
[e085 s0001/1030] loss = 0.000428
[e085 s0050/1030] loss = 0.000239
[e085 s0100/1030] loss = 0.000294
[e085 s0150/1030] loss = 0.000392
[e085 s0200/1030] loss = 0.000340
[e085 s0250/1030] loss = 0.000329
[e085 s0300/1030] loss = 0.000540
[e085 s0350/1030] loss = 0.000529
[e085 s0400/1030] loss = 0.000489
[e085 s0450/1030] loss = 0.000454
[e085 s0500/1030] loss = 0.000529
[e085 s0550/1030] loss = 0.000513
[e085 s0600/1030] loss = 0.000491
[e085 s0650/1030] loss = 0.000474
[e085 s0700/1030] loss = 0.000455
[e085 s0750/1030] loss = 0.000439
[e085 s0800/1030] loss = 0.000428
[e085 s0850/1030] loss = 0.000426
[e085 s0900/1030] loss = 0.000428
[e085 s0950/1030] loss = 0.000419
[e085 s1000/1030] loss = 0.000408
Epoch 085: train_loss = 0.000407  MAE/GAME0 = 25.27  RMSE = 49.46  GAME1 = 7.56  GAME2 = 2.16  GAME3 = 0.62  lr = 1.00e-05  time = 47.2s
[e086 s0001/1030] loss = 0.000279
[e086 s0050/1030] loss = 0.000546
[e086 s0100/1030] loss = 0.000333
[e086 s0150/1030] loss = 0.000265
[e086 s0200/1030] loss = 0.000242
[e086 s0250/1030] loss = 0.000288
[e086 s0300/1030] loss = 0.000295
[e086 s0350/1030] loss = 0.000283
[e086 s0400/1030] loss = 0.000295
[e086 s0450/1030] loss = 0.000308
[e086 s0500/1030] loss = 0.000325
[e086 s0550/1030] loss = 0.000317
[e086 s0600/1030] loss = 0.000304
[e086 s0650/1030] loss = 0.000296
[e086 s0700/1030] loss = 0.000397
[e086 s0750/1030] loss = 0.000426
[e086 s0800/1030] loss = 0.000415
[e086 s0850/1030] loss = 0.000397
[e086 s0900/1030] loss = 0.000390
[e086 s0950/1030] loss = 0.000407
[e086 s1000/1030] loss = 0.000396
Epoch 086: train_loss = 0.000396  MAE/GAME0 = 38.12  RMSE = 49.54  GAME1 = 10.48  GAME2 = 2.88  GAME3 = 0.81  lr = 1.00e-05  time = 48.4s
[e087 s0001/1030] loss = 0.000170
[e087 s0050/1030] loss = 0.000413
[e087 s0100/1030] loss = 0.000387
[e087 s0150/1030] loss = 0.000476
[e087 s0200/1030] loss = 0.000429
[e087 s0250/1030] loss = 0.000388
[e087 s0300/1030] loss = 0.000371
[e087 s0350/1030] loss = 0.000354
[e087 s0400/1030] loss = 0.000345
[e087 s0450/1030] loss = 0.000348
[e087 s0500/1030] loss = 0.000353
[e087 s0550/1030] loss = 0.000344
[e087 s0600/1030] loss = 0.000415
[e087 s0650/1030] loss = 0.000411
[e087 s0700/1030] loss = 0.000405
[e087 s0750/1030] loss = 0.000410
[e087 s0800/1030] loss = 0.000409
[e087 s0850/1030] loss = 0.000411
[e087 s0900/1030] loss = 0.000401
[e087 s0950/1030] loss = 0.000395
[e087 s1000/1030] loss = 0.000389
Epoch 087: train_loss = 0.000381  MAE/GAME0 = 26.12  RMSE = 47.58  GAME1 = 7.33  GAME2 = 2.05  GAME3 = 0.58  lr = 1.00e-05  time = 47.4s
[e088 s0001/1030] loss = 0.000320
[e088 s0050/1030] loss = 0.000238
[e088 s0100/1030] loss = 0.000236
[e088 s0150/1030] loss = 0.000311
[e088 s0200/1030] loss = 0.000291
[e088 s0250/1030] loss = 0.000669
[e088 s0300/1030] loss = 0.000647
[e088 s0350/1030] loss = 0.000598
[e088 s0400/1030] loss = 0.000588
[e088 s0450/1030] loss = 0.000572
[e088 s0500/1030] loss = 0.000538
[e088 s0550/1030] loss = 0.000569
[e088 s0600/1030] loss = 0.000545
[e088 s0650/1030] loss = 0.000541
[e088 s0700/1030] loss = 0.000523
[e088 s0750/1030] loss = 0.000498
[e088 s0800/1030] loss = 0.000476
[e088 s0850/1030] loss = 0.000463
[e088 s0900/1030] loss = 0.000455
[e088 s0950/1030] loss = 0.000438
[e088 s1000/1030] loss = 0.000433
Epoch 088: train_loss = 0.000424  MAE/GAME0 = 24.47  RMSE = 43.04  GAME1 = 7.41  GAME2 = 2.16  GAME3 = 0.64  lr = 1.00e-05  time = 49.3s
[e089 s0001/1030] loss = 0.000268
[e089 s0050/1030] loss = 0.000170
[e089 s0100/1030] loss = 0.000246
[e089 s0150/1030] loss = 0.000340
[e089 s0200/1030] loss = 0.000338
[e089 s0250/1030] loss = 0.000382
[e089 s0300/1030] loss = 0.000365
[e089 s0350/1030] loss = 0.000362
[e089 s0400/1030] loss = 0.000362
[e089 s0450/1030] loss = 0.000351
[e089 s0500/1030] loss = 0.000347
[e089 s0550/1030] loss = 0.000331
[e089 s0600/1030] loss = 0.000336
[e089 s0650/1030] loss = 0.000331
[e089 s0700/1030] loss = 0.000326
[e089 s0750/1030] loss = 0.000321
[e089 s0800/1030] loss = 0.000316
[e089 s0850/1030] loss = 0.000411
[e089 s0900/1030] loss = 0.000412
[e089 s0950/1030] loss = 0.000404
[e089 s1000/1030] loss = 0.000396
Epoch 089: train_loss = 0.000394  MAE/GAME0 = 46.07  RMSE = 58.81  GAME1 = 12.36  GAME2 = 3.30  GAME3 = 0.91  lr = 1.00e-05  time = 48.8s
[e090 s0001/1030] loss = 0.000136
[e090 s0050/1030] loss = 0.000167
[e090 s0100/1030] loss = 0.000236
[e090 s0150/1030] loss = 0.000779
[e090 s0200/1030] loss = 0.000713
[e090 s0250/1030] loss = 0.000620
[e090 s0300/1030] loss = 0.000591
[e090 s0350/1030] loss = 0.000547
[e090 s0400/1030] loss = 0.000530
[e090 s0450/1030] loss = 0.000667
[e090 s0500/1030] loss = 0.000623
[e090 s0550/1030] loss = 0.000581
[e090 s0600/1030] loss = 0.000580
[e090 s0650/1030] loss = 0.000545
[e090 s0700/1030] loss = 0.000531
[e090 s0750/1030] loss = 0.000512
[e090 s0800/1030] loss = 0.000509
[e090 s0850/1030] loss = 0.000497
[e090 s0900/1030] loss = 0.000482
[e090 s0950/1030] loss = 0.000473
[e090 s1000/1030] loss = 0.000459
Epoch 090: train_loss = 0.000459  MAE/GAME0 = 45.14  RMSE = 58.37  GAME1 = 12.08  GAME2 = 3.23  GAME3 = 0.89  lr = 1.00e-05  time = 47.7s
[e091 s0001/1030] loss = 0.000282
[e091 s0050/1030] loss = 0.000270
[e091 s0100/1030] loss = 0.000264
[e091 s0150/1030] loss = 0.000268
[e091 s0200/1030] loss = 0.000240
[e091 s0250/1030] loss = 0.000241
[e091 s0300/1030] loss = 0.000241
[e091 s0350/1030] loss = 0.000260
[e091 s0400/1030] loss = 0.000320
[e091 s0450/1030] loss = 0.000355
[e091 s0500/1030] loss = 0.000345
[e091 s0550/1030] loss = 0.000374
[e091 s0600/1030] loss = 0.000383
[e091 s0650/1030] loss = 0.000385
[e091 s0700/1030] loss = 0.000370
[e091 s0750/1030] loss = 0.000390
[e091 s0800/1030] loss = 0.000418
[e091 s0850/1030] loss = 0.000414
[e091 s0900/1030] loss = 0.000489
[e091 s0950/1030] loss = 0.000480
[e091 s1000/1030] loss = 0.000464
Epoch 091: train_loss = 0.000456  MAE/GAME0 = 23.31  RMSE = 44.15  GAME1 = 7.46  GAME2 = 2.26  GAME3 = 0.67  lr = 1.00e-05  time = 47.6s
[e092 s0001/1030] loss = 0.001293
[e092 s0050/1030] loss = 0.000516
[e092 s0100/1030] loss = 0.000350
[e092 s0150/1030] loss = 0.000451
[e092 s0200/1030] loss = 0.000510
[e092 s0250/1030] loss = 0.000482
[e092 s0300/1030] loss = 0.000520
[e092 s0350/1030] loss = 0.000534
[e092 s0400/1030] loss = 0.000538
[e092 s0450/1030] loss = 0.000512
[e092 s0500/1030] loss = 0.000474
[e092 s0550/1030] loss = 0.000482
[e092 s0600/1030] loss = 0.000469
[e092 s0650/1030] loss = 0.000502
[e092 s0700/1030] loss = 0.000490
[e092 s0750/1030] loss = 0.000479
[e092 s0800/1030] loss = 0.000465
[e092 s0850/1030] loss = 0.000459
[e092 s0900/1030] loss = 0.000470
[e092 s0950/1030] loss = 0.000457
[e092 s1000/1030] loss = 0.000450
Epoch 092: train_loss = 0.000446  MAE/GAME0 = 23.71  RMSE = 45.36  GAME1 = 7.05  GAME2 = 2.02  GAME3 = 0.59  lr = 1.00e-05  time = 48.8s
[e093 s0001/1030] loss = 0.000155
[e093 s0050/1030] loss = 0.000427
[e093 s0100/1030] loss = 0.000407
[e093 s0150/1030] loss = 0.000399
[e093 s0200/1030] loss = 0.000414
[e093 s0250/1030] loss = 0.000437
[e093 s0300/1030] loss = 0.000541
[e093 s0350/1030] loss = 0.000501
[e093 s0400/1030] loss = 0.000507
[e093 s0450/1030] loss = 0.000522
[e093 s0500/1030] loss = 0.000499
[e093 s0550/1030] loss = 0.000489
[e093 s0600/1030] loss = 0.000481
[e093 s0650/1030] loss = 0.000470
[e093 s0700/1030] loss = 0.000449
[e093 s0750/1030] loss = 0.000429
[e093 s0800/1030] loss = 0.000420
[e093 s0850/1030] loss = 0.000454
[e093 s0900/1030] loss = 0.000440
[e093 s0950/1030] loss = 0.000435
[e093 s1000/1030] loss = 0.000419
Epoch 093: train_loss = 0.000421  MAE/GAME0 = 25.37  RMSE = 41.97  GAME1 = 7.49  GAME2 = 2.11  GAME3 = 0.62  lr = 1.00e-05  time = 48.4s
[e094 s0001/1030] loss = 0.000789
[e094 s0050/1030] loss = 0.000191
[e094 s0100/1030] loss = 0.000215
[e094 s0150/1030] loss = 0.000251
[e094 s0200/1030] loss = 0.000292
[e094 s0250/1030] loss = 0.000321
[e094 s0300/1030] loss = 0.000301
[e094 s0350/1030] loss = 0.000362
[e094 s0400/1030] loss = 0.000344
[e094 s0450/1030] loss = 0.000344
[e094 s0500/1030] loss = 0.000357
[e094 s0550/1030] loss = 0.000345
[e094 s0600/1030] loss = 0.000351
[e094 s0650/1030] loss = 0.000354
[e094 s0700/1030] loss = 0.000339
[e094 s0750/1030] loss = 0.000346
[e094 s0800/1030] loss = 0.000345
[e094 s0850/1030] loss = 0.000365
[e094 s0900/1030] loss = 0.000379
[e094 s0950/1030] loss = 0.000379
[e094 s1000/1030] loss = 0.000373
Epoch 094: train_loss = 0.000368  MAE/GAME0 = 25.91  RMSE = 48.35  GAME1 = 8.11  GAME2 = 2.43  GAME3 = 0.69  lr = 1.00e-05  time = 51.0s
[e095 s0001/1030] loss = 0.000070
[e095 s0050/1030] loss = 0.000257
[e095 s0100/1030] loss = 0.000572
[e095 s0150/1030] loss = 0.000481
[e095 s0200/1030] loss = 0.000417
[e095 s0250/1030] loss = 0.000377
[e095 s0300/1030] loss = 0.000546
[e095 s0350/1030] loss = 0.000505
[e095 s0400/1030] loss = 0.000480
[e095 s0450/1030] loss = 0.000442
[e095 s0500/1030] loss = 0.000529
[e095 s0550/1030] loss = 0.000545
[e095 s0600/1030] loss = 0.000526
[e095 s0650/1030] loss = 0.000508
[e095 s0700/1030] loss = 0.000487
[e095 s0750/1030] loss = 0.000467
[e095 s0800/1030] loss = 0.000455
[e095 s0850/1030] loss = 0.000435
[e095 s0900/1030] loss = 0.000439
[e095 s0950/1030] loss = 0.000461
[e095 s1000/1030] loss = 0.000452
Epoch 095: train_loss = 0.000448  MAE/GAME0 = 31.48  RMSE = 46.08  GAME1 = 8.85  GAME2 = 2.49  GAME3 = 0.71  lr = 1.00e-05  time = 47.4s
[e096 s0001/1030] loss = 0.000061
[e096 s0050/1030] loss = 0.000238
[e096 s0100/1030] loss = 0.000274
[e096 s0150/1030] loss = 0.000399
[e096 s0200/1030] loss = 0.000341
[e096 s0250/1030] loss = 0.000348
[e096 s0300/1030] loss = 0.000326
[e096 s0350/1030] loss = 0.000492
[e096 s0400/1030] loss = 0.000481
[e096 s0450/1030] loss = 0.000468
[e096 s0500/1030] loss = 0.000452
[e096 s0550/1030] loss = 0.000444
[e096 s0600/1030] loss = 0.000423
[e096 s0650/1030] loss = 0.000426
[e096 s0700/1030] loss = 0.000408
[e096 s0750/1030] loss = 0.000405
[e096 s0800/1030] loss = 0.000398
[e096 s0850/1030] loss = 0.000401
[e096 s0900/1030] loss = 0.000409
[e096 s0950/1030] loss = 0.000416
[e096 s1000/1030] loss = 0.000423
Epoch 096: train_loss = 0.000420  MAE/GAME0 = 24.00  RMSE = 44.43  GAME1 = 7.21  GAME2 = 2.11  GAME3 = 0.63  lr = 1.00e-05  time = 47.3s
[e097 s0001/1030] loss = 0.000000
[e097 s0050/1030] loss = 0.000260
[e097 s0100/1030] loss = 0.000257
[e097 s0150/1030] loss = 0.000326
[e097 s0200/1030] loss = 0.000363
[e097 s0250/1030] loss = 0.000323
[e097 s0300/1030] loss = 0.000359
[e097 s0350/1030] loss = 0.000344
[e097 s0400/1030] loss = 0.000353
[e097 s0450/1030] loss = 0.000354
[e097 s0500/1030] loss = 0.000334
[e097 s0550/1030] loss = 0.000355
[e097 s0600/1030] loss = 0.000346
[e097 s0650/1030] loss = 0.000368
[e097 s0700/1030] loss = 0.000352
[e097 s0750/1030] loss = 0.000383
[e097 s0800/1030] loss = 0.000379
[e097 s0850/1030] loss = 0.000370
[e097 s0900/1030] loss = 0.000366
[e097 s0950/1030] loss = 0.000355
[e097 s1000/1030] loss = 0.000353
Epoch 097: train_loss = 0.000349  MAE/GAME0 = 25.05  RMSE = 45.78  GAME1 = 7.21  GAME2 = 2.04  GAME3 = 0.59  lr = 1.00e-05  time = 47.5s
[e098 s0001/1030] loss = 0.000015
[e098 s0050/1030] loss = 0.000224
[e098 s0100/1030] loss = 0.000254
[e098 s0150/1030] loss = 0.000258
[e098 s0200/1030] loss = 0.000244
[e098 s0250/1030] loss = 0.000272
[e098 s0300/1030] loss = 0.000271
[e098 s0350/1030] loss = 0.000289
[e098 s0400/1030] loss = 0.000299
[e098 s0450/1030] loss = 0.000305
[e098 s0500/1030] loss = 0.000296
[e098 s0550/1030] loss = 0.000313
[e098 s0600/1030] loss = 0.000314
[e098 s0650/1030] loss = 0.000312
[e098 s0700/1030] loss = 0.000304
[e098 s0750/1030] loss = 0.000304
[e098 s0800/1030] loss = 0.000305
[e098 s0850/1030] loss = 0.000305
[e098 s0900/1030] loss = 0.000308
[e098 s0950/1030] loss = 0.000311
[e098 s1000/1030] loss = 0.000328
Epoch 098: train_loss = 0.000327  MAE/GAME0 = 33.49  RMSE = 46.15  GAME1 = 10.02  GAME2 = 2.96  GAME3 = 0.86  lr = 1.00e-05  time = 48.4s
[e099 s0001/1030] loss = 0.000034
[e099 s0050/1030] loss = 0.000339
[e099 s0100/1030] loss = 0.000563
[e099 s0150/1030] loss = 0.000471
[e099 s0200/1030] loss = 0.000446
[e099 s0250/1030] loss = 0.000428
[e099 s0300/1030] loss = 0.000416
[e099 s0350/1030] loss = 0.000385
[e099 s0400/1030] loss = 0.000458
[e099 s0450/1030] loss = 0.000433
[e099 s0500/1030] loss = 0.000408
[e099 s0550/1030] loss = 0.000399
[e099 s0600/1030] loss = 0.000395
[e099 s0650/1030] loss = 0.000402
[e099 s0700/1030] loss = 0.000385
[e099 s0750/1030] loss = 0.000377
[e099 s0800/1030] loss = 0.000377
[e099 s0850/1030] loss = 0.000373
[e099 s0900/1030] loss = 0.000370
[e099 s0950/1030] loss = 0.000366
[e099 s1000/1030] loss = 0.000358
Epoch 099: train_loss = 0.000368  MAE/GAME0 = 41.72  RMSE = 55.32  GAME1 = 11.30  GAME2 = 3.05  GAME3 = 0.86  lr = 1.00e-05  time = 50.3s
[e100 s0001/1030] loss = 0.000154
[e100 s0050/1030] loss = 0.000163
[e100 s0100/1030] loss = 0.000174
[e100 s0150/1030] loss = 0.000286
[e100 s0200/1030] loss = 0.000289
[e100 s0250/1030] loss = 0.000261
[e100 s0300/1030] loss = 0.000250
[e100 s0350/1030] loss = 0.000233
[e100 s0400/1030] loss = 0.000235
[e100 s0450/1030] loss = 0.000224
[e100 s0500/1030] loss = 0.000246
[e100 s0550/1030] loss = 0.000244
[e100 s0600/1030] loss = 0.000264
[e100 s0650/1030] loss = 0.000263
[e100 s0700/1030] loss = 0.000273
[e100 s0750/1030] loss = 0.000266
[e100 s0800/1030] loss = 0.000266
[e100 s0850/1030] loss = 0.000278
[e100 s0900/1030] loss = 0.000277
[e100 s0950/1030] loss = 0.000277
[e100 s1000/1030] loss = 0.000292
Epoch 100: train_loss = 0.000299  MAE/GAME0 = 28.09  RMSE = 49.77  GAME1 = 7.83  GAME2 = 2.16  GAME3 = 0.60  lr = 1.00e-05  time = 46.9s
