[log] /scratch/users/ntu/kenneth0/FYP-SmartObjectCounter/logs/train_rgb_e100_12735263.pbs101_20260114_141510.log
[init] device = cuda
[init] train = 1030  val = 200  workers = 4
[e001 s0001/1030] loss = 3238.206543
[e001 s0050/1030] loss = 815.779986
[e001 s0100/1030] loss = 408.376986
[e001 s0150/1030] loss = 272.260238
[e001 s0200/1030] loss = 204.196350
[e001 s0250/1030] loss = 163.357596
[e001 s0300/1030] loss = 136.131610
[e001 s0350/1030] loss = 116.684394
[e001 s0400/1030] loss = 102.099009
[e001 s0450/1030] loss = 90.754825
[e001 s0500/1030] loss = 81.679478
[e001 s0550/1030] loss = 74.254146
[e001 s0600/1030] loss = 68.066393
[e001 s0650/1030] loss = 62.830578
[e001 s0700/1030] loss = 58.342747
[e001 s0750/1030] loss = 54.453285
[e001 s0800/1030] loss = 51.050007
[e001 s0850/1030] loss = 48.047105
[e001 s0900/1030] loss = 45.377856
[e001 s0950/1030] loss = 42.989597
[e001 s1000/1030] loss = 40.840169
-> saved rgb_best.pth (MAE/GAME0 61.04)
Epoch 001: train_loss = 39.650678  MAE/GAME0 = 61.04  RMSE = 76.22  GAME1 = 20.23  GAME2 = 6.63  GAME3 = 1.91  lr = 1.00e-05  time = 65.8s
[e002 s0001/1030] loss = 0.000527
[e002 s0050/1030] loss = 0.001646
[e002 s0100/1030] loss = 0.001103
[e002 s0150/1030] loss = 0.000922
[e002 s0200/1030] loss = 0.000789
[e002 s0250/1030] loss = 0.000809
[e002 s0300/1030] loss = 0.000822
[e002 s0350/1030] loss = 0.000785
[e002 s0400/1030] loss = 0.000801
[e002 s0450/1030] loss = 0.000767
[e002 s0500/1030] loss = 0.000788
[e002 s0550/1030] loss = 0.000799
[e002 s0600/1030] loss = 0.000782
[e002 s0650/1030] loss = 0.000752
[e002 s0700/1030] loss = 0.000719
[e002 s0750/1030] loss = 0.000690
[e002 s0800/1030] loss = 0.000689
[e002 s0850/1030] loss = 0.000686
[e002 s0900/1030] loss = 0.000672
[e002 s0950/1030] loss = 0.000746
[e002 s1000/1030] loss = 0.000751
-> saved rgb_best.pth (MAE/GAME0 55.36)
Epoch 002: train_loss = 0.000742  MAE/GAME0 = 55.36  RMSE = 77.11  GAME1 = 18.10  GAME2 = 5.96  GAME3 = 1.75  lr = 1.00e-05  time = 24.1s
[e003 s0001/1030] loss = 0.000085
[e003 s0050/1030] loss = 0.000422
[e003 s0100/1030] loss = 0.000692
[e003 s0150/1030] loss = 0.000837
[e003 s0200/1030] loss = 0.000740
[e003 s0250/1030] loss = 0.000849
[e003 s0300/1030] loss = 0.000891
[e003 s0350/1030] loss = 0.000887
[e003 s0400/1030] loss = 0.000823
[e003 s0450/1030] loss = 0.000765
[e003 s0500/1030] loss = 0.000742
[e003 s0550/1030] loss = 0.000757
[e003 s0600/1030] loss = 0.000733
[e003 s0650/1030] loss = 0.000715
[e003 s0700/1030] loss = 0.000815
[e003 s0750/1030] loss = 0.000807
[e003 s0800/1030] loss = 0.000812
[e003 s0850/1030] loss = 0.000801
[e003 s0900/1030] loss = 0.000785
[e003 s0950/1030] loss = 0.000774
[e003 s1000/1030] loss = 0.000755
-> saved rgb_best.pth (MAE/GAME0 48.20)
Epoch 003: train_loss = 0.000746  MAE/GAME0 = 48.20  RMSE = 76.43  GAME1 = 15.56  GAME2 = 5.23  GAME3 = 1.58  lr = 1.00e-05  time = 24.6s
[e004 s0001/1030] loss = 0.000128
[e004 s0050/1030] loss = 0.001086
[e004 s0100/1030] loss = 0.000681
[e004 s0150/1030] loss = 0.000564
[e004 s0200/1030] loss = 0.000500
[e004 s0250/1030] loss = 0.000881
[e004 s0300/1030] loss = 0.000825
[e004 s0350/1030] loss = 0.000789
[e004 s0400/1030] loss = 0.000732
[e004 s0450/1030] loss = 0.001003
[e004 s0500/1030] loss = 0.000947
[e004 s0550/1030] loss = 0.000964
[e004 s0600/1030] loss = 0.000921
[e004 s0650/1030] loss = 0.000894
[e004 s0700/1030] loss = 0.000891
[e004 s0750/1030] loss = 0.000875
[e004 s0800/1030] loss = 0.000831
[e004 s0850/1030] loss = 0.000827
[e004 s0900/1030] loss = 0.000796
[e004 s0950/1030] loss = 0.000810
[e004 s1000/1030] loss = 0.000827
Epoch 004: train_loss = 0.000809  MAE/GAME0 = 49.43  RMSE = 78.28  GAME1 = 13.64  GAME2 = 3.98  GAME3 = 1.16  lr = 1.00e-05  time = 23.8s
[e005 s0001/1030] loss = 0.000055
[e005 s0050/1030] loss = 0.000366
[e005 s0100/1030] loss = 0.000407
[e005 s0150/1030] loss = 0.000521
[e005 s0200/1030] loss = 0.000478
[e005 s0250/1030] loss = 0.000563
[e005 s0300/1030] loss = 0.000544
[e005 s0350/1030] loss = 0.000564
[e005 s0400/1030] loss = 0.000605
[e005 s0450/1030] loss = 0.000565
[e005 s0500/1030] loss = 0.000555
[e005 s0550/1030] loss = 0.000548
[e005 s0600/1030] loss = 0.000601
[e005 s0650/1030] loss = 0.000599
[e005 s0700/1030] loss = 0.000579
[e005 s0750/1030] loss = 0.000566
[e005 s0800/1030] loss = 0.000586
[e005 s0850/1030] loss = 0.000575
[e005 s0900/1030] loss = 0.000564
[e005 s0950/1030] loss = 0.000559
[e005 s1000/1030] loss = 0.000724
-> saved rgb_best.pth (MAE/GAME0 32.60)
Epoch 005: train_loss = 0.000720  MAE/GAME0 = 32.60  RMSE = 59.91  GAME1 = 11.70  GAME2 = 4.00  GAME3 = 1.23  lr = 1.00e-05  time = 25.4s
[e006 s0001/1030] loss = 0.000037
[e006 s0050/1030] loss = 0.000502
[e006 s0100/1030] loss = 0.000963
[e006 s0150/1030] loss = 0.001100
[e006 s0200/1030] loss = 0.001082
[e006 s0250/1030] loss = 0.001086
[e006 s0300/1030] loss = 0.000953
[e006 s0350/1030] loss = 0.000906
[e006 s0400/1030] loss = 0.000877
[e006 s0450/1030] loss = 0.000872
[e006 s0500/1030] loss = 0.000815
[e006 s0550/1030] loss = 0.000899
[e006 s0600/1030] loss = 0.000855
[e006 s0650/1030] loss = 0.000835
[e006 s0700/1030] loss = 0.000823
[e006 s0750/1030] loss = 0.000793
[e006 s0800/1030] loss = 0.000766
[e006 s0850/1030] loss = 0.000753
[e006 s0900/1030] loss = 0.000738
[e006 s0950/1030] loss = 0.000723
[e006 s1000/1030] loss = 0.000707
Epoch 006: train_loss = 0.000699  MAE/GAME0 = 40.56  RMSE = 63.64  GAME1 = 13.67  GAME2 = 4.40  GAME3 = 1.30  lr = 1.00e-05  time = 24.1s
[e007 s0001/1030] loss = 0.000093
[e007 s0050/1030] loss = 0.000322
[e007 s0100/1030] loss = 0.000588
[e007 s0150/1030] loss = 0.000818
[e007 s0200/1030] loss = 0.000724
[e007 s0250/1030] loss = 0.000657
[e007 s0300/1030] loss = 0.001166
[e007 s0350/1030] loss = 0.001105
[e007 s0400/1030] loss = 0.001000
[e007 s0450/1030] loss = 0.000952
[e007 s0500/1030] loss = 0.000904
[e007 s0550/1030] loss = 0.000855
[e007 s0600/1030] loss = 0.000826
[e007 s0650/1030] loss = 0.000791
[e007 s0700/1030] loss = 0.000797
[e007 s0750/1030] loss = 0.000764
[e007 s0800/1030] loss = 0.000739
[e007 s0850/1030] loss = 0.000719
[e007 s0900/1030] loss = 0.000693
[e007 s0950/1030] loss = 0.000688
[e007 s1000/1030] loss = 0.000688
Epoch 007: train_loss = 0.000679  MAE/GAME0 = 33.37  RMSE = 65.87  GAME1 = 11.01  GAME2 = 3.39  GAME3 = 0.97  lr = 1.00e-05  time = 24.5s
[e008 s0001/1030] loss = 0.000370
[e008 s0050/1030] loss = 0.000351
[e008 s0100/1030] loss = 0.000520
[e008 s0150/1030] loss = 0.000591
[e008 s0200/1030] loss = 0.000506
[e008 s0250/1030] loss = 0.000560
[e008 s0300/1030] loss = 0.000520
[e008 s0350/1030] loss = 0.000496
[e008 s0400/1030] loss = 0.000463
[e008 s0450/1030] loss = 0.000486
[e008 s0500/1030] loss = 0.000467
[e008 s0550/1030] loss = 0.000518
[e008 s0600/1030] loss = 0.000503
[e008 s0650/1030] loss = 0.000489
[e008 s0700/1030] loss = 0.000501
[e008 s0750/1030] loss = 0.000505
[e008 s0800/1030] loss = 0.000547
[e008 s0850/1030] loss = 0.000536
[e008 s0900/1030] loss = 0.000540
[e008 s0950/1030] loss = 0.000555
[e008 s1000/1030] loss = 0.000549
-> saved rgb_best.pth (MAE/GAME0 31.91)
Epoch 008: train_loss = 0.000547  MAE/GAME0 = 31.91  RMSE = 58.24  GAME1 = 11.57  GAME2 = 3.75  GAME3 = 1.09  lr = 1.00e-05  time = 24.4s
[e009 s0001/1030] loss = 0.007763
[e009 s0050/1030] loss = 0.000405
[e009 s0100/1030] loss = 0.000406
[e009 s0150/1030] loss = 0.000439
[e009 s0200/1030] loss = 0.000663
[e009 s0250/1030] loss = 0.000597
[e009 s0300/1030] loss = 0.000591
[e009 s0350/1030] loss = 0.000650
[e009 s0400/1030] loss = 0.000621
[e009 s0450/1030] loss = 0.000573
[e009 s0500/1030] loss = 0.000564
[e009 s0550/1030] loss = 0.000542
[e009 s0600/1030] loss = 0.000600
[e009 s0650/1030] loss = 0.000572
[e009 s0700/1030] loss = 0.000591
[e009 s0750/1030] loss = 0.000577
[e009 s0800/1030] loss = 0.000585
[e009 s0850/1030] loss = 0.000598
[e009 s0900/1030] loss = 0.000574
[e009 s0950/1030] loss = 0.000556
[e009 s1000/1030] loss = 0.000558
Epoch 009: train_loss = 0.000568  MAE/GAME0 = 56.47  RMSE = 77.06  GAME1 = 15.65  GAME2 = 4.54  GAME3 = 1.29  lr = 1.00e-05  time = 24.5s
[e010 s0001/1030] loss = 0.000093
[e010 s0050/1030] loss = 0.000684
[e010 s0100/1030] loss = 0.000486
[e010 s0150/1030] loss = 0.000544
[e010 s0200/1030] loss = 0.000589
[e010 s0250/1030] loss = 0.000554
[e010 s0300/1030] loss = 0.000534
[e010 s0350/1030] loss = 0.000532
[e010 s0400/1030] loss = 0.000623
[e010 s0450/1030] loss = 0.000580
[e010 s0500/1030] loss = 0.000629
[e010 s0550/1030] loss = 0.000593
[e010 s0600/1030] loss = 0.000578
[e010 s0650/1030] loss = 0.000568
[e010 s0700/1030] loss = 0.000543
[e010 s0750/1030] loss = 0.000523
[e010 s0800/1030] loss = 0.000625
[e010 s0850/1030] loss = 0.000840
[e010 s0900/1030] loss = 0.000826
[e010 s0950/1030] loss = 0.000803
[e010 s1000/1030] loss = 0.000793
Epoch 010: train_loss = 0.000778  MAE/GAME0 = 35.16  RMSE = 65.24  GAME1 = 10.57  GAME2 = 3.25  GAME3 = 0.97  lr = 1.00e-05  time = 24.7s
