[log] /scratch/users/ntu/kenneth0/FYP-SmartObjectCounter/logs/train_rgbt_adaptive_late_e100_sanity_12791742.pbs101_20260126_163755.log
[job] name=train_rgbt_adaptive_late_e100_sanity id=12791742.pbs101 host=x1000c1s3b0n0 time=Mon Jan 26 16:37:55 +08 2026
torch 2.6.0+cu118 cuda True
[init] device = cuda
[init] train = 1030  val = 200  workers = 4
/scratch/users/ntu/kenneth0/FYP-SmartObjectCounter/scripts/train_rgbt.py:384: FutureWarning: `torch.cuda.amp.GradScaler(args...)` is deprecated. Please use `torch.amp.GradScaler('cuda', args...)` instead.
  scaler = GradScaler(enabled = bool(args.amp))
[e001 s0001/1030] loss = 409.861084
[e001 s0050/1030] loss = 13.408518
[e001 s0100/1030] loss = 6.721866
[e001 s0150/1030] loss = 4.493051
[e001 s0200/1030] loss = 3.377345
[e001 s0250/1030] loss = 2.708286
[e001 s0300/1030] loss = 2.261099
[e001 s0350/1030] loss = 1.941781
[e001 s0400/1030] loss = 1.702048
[e001 s0450/1030] loss = 1.517597
[e001 s0500/1030] loss = 1.367997
[e001 s0550/1030] loss = 1.245472
[e001 s0600/1030] loss = 1.143753
[e001 s0650/1030] loss = 1.057623
[e001 s0700/1030] loss = 0.983942
[e001 s0750/1030] loss = 0.919830
[e001 s0800/1030] loss = 0.863474
[e001 s0850/1030] loss = 0.814451
[e001 s0900/1030] loss = 0.770192
[e001 s0950/1030] loss = 0.731093
[e001 s1000/1030] loss = 0.695441
Epoch 001: train_loss = 0.675754  MAE/GAME0 = 22.200  RMSE = 41.515  GAME1 = 22.829  GAME2 = 23.661  GAME3 = 24.108  lr = 1.00e-05  time = 19.5s
[e002 s0001/1030] loss = 0.001051
[e002 s0050/1030] loss = 0.015569
[e002 s0100/1030] loss = 0.016358
[e002 s0150/1030] loss = 0.019197
[e002 s0200/1030] loss = 0.018789
[e002 s0250/1030] loss = 0.019586
[e002 s0300/1030] loss = 0.020863
[e002 s0350/1030] loss = 0.021977
[e002 s0400/1030] loss = 0.021709
[e002 s0450/1030] loss = 0.023021
[e002 s0500/1030] loss = 0.022455
[e002 s0550/1030] loss = 0.021875
[e002 s0600/1030] loss = 0.021671
[e002 s0650/1030] loss = 0.021751
[e002 s0700/1030] loss = 0.021944
[e002 s0750/1030] loss = 0.021549
[e002 s0800/1030] loss = 0.021572
[e002 s0850/1030] loss = 0.021713
[e002 s0900/1030] loss = 0.021479
[e002 s0950/1030] loss = 0.021439
[e002 s1000/1030] loss = 0.021565
Epoch 002: train_loss = 0.021535  MAE/GAME0 = 22.899  RMSE = 41.997  GAME1 = 23.154  GAME2 = 23.413  GAME3 = 23.552  lr = 1.00e-05  time = 14.8s
[e003 s0001/1030] loss = 0.002903
[e003 s0050/1030] loss = 0.017684
[e003 s0100/1030] loss = 0.019374
[e003 s0150/1030] loss = 0.020239
[e003 s0200/1030] loss = 0.025062
[e003 s0250/1030] loss = 0.022891
[e003 s0300/1030] loss = 0.023018
[e003 s0350/1030] loss = 0.021881
[e003 s0400/1030] loss = 0.022608
[e003 s0450/1030] loss = 0.022082
[e003 s0500/1030] loss = 0.021744
[e003 s0550/1030] loss = 0.021094
[e003 s0600/1030] loss = 0.020956
[e003 s0650/1030] loss = 0.020650
[e003 s0700/1030] loss = 0.020745
[e003 s0750/1030] loss = 0.020653
[e003 s0800/1030] loss = 0.020527
[e003 s0850/1030] loss = 0.020869
[e003 s0900/1030] loss = 0.021143
[e003 s0950/1030] loss = 0.021278
[e003 s1000/1030] loss = 0.021094
Epoch 003: train_loss = 0.021155  MAE/GAME0 = 23.098  RMSE = 42.136  GAME1 = 23.228  GAME2 = 23.336  GAME3 = 23.387  lr = 1.00e-05  time = 14.9s
[e004 s0001/1030] loss = 0.003103
[e004 s0050/1030] loss = 0.019878
[e004 s0100/1030] loss = 0.020311
[e004 s0150/1030] loss = 0.020944
[e004 s0200/1030] loss = 0.020808
[e004 s0250/1030] loss = 0.019622
[e004 s0300/1030] loss = 0.020328
[e004 s0350/1030] loss = 0.021262
[e004 s0400/1030] loss = 0.021014
[e004 s0450/1030] loss = 0.020856
[e004 s0500/1030] loss = 0.020366
[e004 s0550/1030] loss = 0.020125
[e004 s0600/1030] loss = 0.020489
[e004 s0650/1030] loss = 0.020943
[e004 s0700/1030] loss = 0.020272
[e004 s0750/1030] loss = 0.020587
[e004 s0800/1030] loss = 0.020644
[e004 s0850/1030] loss = 0.020893
[e004 s0900/1030] loss = 0.020835
[e004 s0950/1030] loss = 0.021364
[e004 s1000/1030] loss = 0.021634
Epoch 004: train_loss = 0.021795  MAE/GAME0 = 23.178  RMSE = 42.194  GAME1 = 23.248  GAME2 = 23.299  GAME3 = 23.329  lr = 1.00e-05  time = 14.6s
[e005 s0001/1030] loss = 0.004229
[e005 s0050/1030] loss = 0.018666
[e005 s0100/1030] loss = 0.017853
[e005 s0150/1030] loss = 0.019255
[e005 s0200/1030] loss = 0.018858
[e005 s0250/1030] loss = 0.020087
[e005 s0300/1030] loss = 0.019465
[e005 s0350/1030] loss = 0.018657
[e005 s0400/1030] loss = 0.019800
[e005 s0450/1030] loss = 0.019492
[e005 s0500/1030] loss = 0.019537
[e005 s0550/1030] loss = 0.019462
[e005 s0600/1030] loss = 0.019127
[e005 s0650/1030] loss = 0.019433
[e005 s0700/1030] loss = 0.019366
[e005 s0750/1030] loss = 0.019499
[e005 s0800/1030] loss = 0.019035
[e005 s0850/1030] loss = 0.019058
[e005 s0900/1030] loss = 0.019044
[e005 s0950/1030] loss = 0.018988
[e005 s1000/1030] loss = 0.019260
Epoch 005: train_loss = 0.019151  MAE/GAME0 = 23.205  RMSE = 42.208  GAME1 = 23.248  GAME2 = 23.286  GAME3 = 23.304  lr = 1.00e-05  time = 14.7s
[e006 s0001/1030] loss = 0.001051
[e006 s0050/1030] loss = 0.016821
[e006 s0100/1030] loss = 0.018009
[e006 s0150/1030] loss = 0.018293
[e006 s0200/1030] loss = 0.018954
[e006 s0250/1030] loss = 0.018606
[e006 s0300/1030] loss = 0.018393
[e006 s0350/1030] loss = 0.018471
[e006 s0400/1030] loss = 0.021022
[e006 s0450/1030] loss = 0.020578
[e006 s0500/1030] loss = 0.020316
[e006 s0550/1030] loss = 0.020341
[e006 s0600/1030] loss = 0.020007
[e006 s0650/1030] loss = 0.021168
[e006 s0700/1030] loss = 0.021459
[e006 s0750/1030] loss = 0.021792
[e006 s0800/1030] loss = 0.022018
[e006 s0850/1030] loss = 0.021609
[e006 s0900/1030] loss = 0.021670
[e006 s0950/1030] loss = 0.021946
[e006 s1000/1030] loss = 0.022108
Epoch 006: train_loss = 0.022117  MAE/GAME0 = 23.230  RMSE = 42.233  GAME1 = 23.248  GAME2 = 23.267  GAME3 = 23.273  lr = 1.00e-05  time = 14.8s
[e007 s0001/1030] loss = 0.071252
[e007 s0050/1030] loss = 0.022960
[e007 s0100/1030] loss = 0.022915
[e007 s0150/1030] loss = 0.021028
[e007 s0200/1030] loss = 0.020854
[e007 s0250/1030] loss = 0.021370
[e007 s0300/1030] loss = 0.021118
[e007 s0350/1030] loss = 0.022222
[e007 s0400/1030] loss = 0.022946
[e007 s0450/1030] loss = 0.023715
[e007 s0500/1030] loss = 0.023353
[e007 s0550/1030] loss = 0.023201
[e007 s0600/1030] loss = 0.022735
[e007 s0650/1030] loss = 0.022300
[e007 s0700/1030] loss = 0.021855
[e007 s0750/1030] loss = 0.021590
[e007 s0800/1030] loss = 0.021241
[e007 s0850/1030] loss = 0.021082
[e007 s0900/1030] loss = 0.021231
[e007 s0950/1030] loss = 0.021333
[e007 s1000/1030] loss = 0.021408
Epoch 007: train_loss = 0.021312  MAE/GAME0 = 23.232  RMSE = 42.243  GAME1 = 23.250  GAME2 = 23.257  GAME3 = 23.264  lr = 1.00e-05  time = 14.8s
[e008 s0001/1030] loss = 0.040083
[e008 s0050/1030] loss = 0.016578
[e008 s0100/1030] loss = 0.018839
[e008 s0150/1030] loss = 0.020795
[e008 s0200/1030] loss = 0.020194
[e008 s0250/1030] loss = 0.020024
[e008 s0300/1030] loss = 0.020482
[e008 s0350/1030] loss = 0.020136
[e008 s0400/1030] loss = 0.019839
[e008 s0450/1030] loss = 0.021007
[e008 s0500/1030] loss = 0.020701
[e008 s0550/1030] loss = 0.020408
[e008 s0600/1030] loss = 0.020362
[e008 s0650/1030] loss = 0.020917
[e008 s0700/1030] loss = 0.020977
[e008 s0750/1030] loss = 0.020749
[e008 s0800/1030] loss = 0.020784
[e008 s0850/1030] loss = 0.020490
[e008 s0900/1030] loss = 0.020608
[e008 s0950/1030] loss = 0.020478
[e008 s1000/1030] loss = 0.020155
Epoch 008: train_loss = 0.020154  MAE/GAME0 = 23.232  RMSE = 42.244  GAME1 = 23.246  GAME2 = 23.251  GAME3 = 23.256  lr = 1.00e-05  time = 14.7s
[e009 s0001/1030] loss = 0.020019
[e009 s0050/1030] loss = 0.021761
[e009 s0100/1030] loss = 0.026269
[e009 s0150/1030] loss = 0.026912
[e009 s0200/1030] loss = 0.026404
[e009 s0250/1030] loss = 0.023328
[e009 s0300/1030] loss = 0.022929
[e009 s0350/1030] loss = 0.022023
[e009 s0400/1030] loss = 0.022325
[e009 s0450/1030] loss = 0.022213
[e009 s0500/1030] loss = 0.022008
[e009 s0550/1030] loss = 0.021953
[e009 s0600/1030] loss = 0.021595
[e009 s0650/1030] loss = 0.021094
[e009 s0700/1030] loss = 0.020685
[e009 s0750/1030] loss = 0.020775
[e009 s0800/1030] loss = 0.020390
[e009 s0850/1030] loss = 0.020536
[e009 s0900/1030] loss = 0.020318
[e009 s0950/1030] loss = 0.019979
[e009 s1000/1030] loss = 0.020012
Epoch 009: train_loss = 0.020135  MAE/GAME0 = 23.230  RMSE = 42.241  GAME1 = 23.242  GAME2 = 23.250  GAME3 = 23.260  lr = 1.00e-05  time = 14.6s
[e010 s0001/1030] loss = 0.007485
[e010 s0050/1030] loss = 0.022086
[e010 s0100/1030] loss = 0.021227
[e010 s0150/1030] loss = 0.021990
[e010 s0200/1030] loss = 0.021053
[e010 s0250/1030] loss = 0.022157
[e010 s0300/1030] loss = 0.021599
[e010 s0350/1030] loss = 0.021003
[e010 s0400/1030] loss = 0.021292
[e010 s0450/1030] loss = 0.022217
[e010 s0500/1030] loss = 0.021875
[e010 s0550/1030] loss = 0.021492
[e010 s0600/1030] loss = 0.021268
[e010 s0650/1030] loss = 0.021480
[e010 s0700/1030] loss = 0.021552
[e010 s0750/1030] loss = 0.021031
[e010 s0800/1030] loss = 0.020786
[e010 s0850/1030] loss = 0.020835
[e010 s0900/1030] loss = 0.021123
[e010 s0950/1030] loss = 0.021343
[e010 s1000/1030] loss = 0.021107
Epoch 010: train_loss = 0.021051  MAE/GAME0 = 23.241  RMSE = 42.246  GAME1 = 23.255  GAME2 = 23.255  GAME3 = 23.256  lr = 1.00e-05  time = 14.8s
[e011 s0001/1030] loss = 0.009225
[e011 s0050/1030] loss = 0.016386
[e011 s0100/1030] loss = 0.018653
[e011 s0150/1030] loss = 0.019544
[e011 s0200/1030] loss = 0.021397
[e011 s0250/1030] loss = 0.019809
[e011 s0300/1030] loss = 0.019338
[e011 s0350/1030] loss = 0.019611
[e011 s0400/1030] loss = 0.020260
[e011 s0450/1030] loss = 0.019733
[e011 s0500/1030] loss = 0.019427
[e011 s0550/1030] loss = 0.019485
[e011 s0600/1030] loss = 0.019074
[e011 s0650/1030] loss = 0.019075
[e011 s0700/1030] loss = 0.019299
[e011 s0750/1030] loss = 0.019370
[e011 s0800/1030] loss = 0.019291
[e011 s0850/1030] loss = 0.019418
[e011 s0900/1030] loss = 0.020116
[e011 s0950/1030] loss = 0.020998
[e011 s1000/1030] loss = 0.020791
Epoch 011: train_loss = 0.020641  MAE/GAME0 = 23.243  RMSE = 42.246  GAME1 = 23.255  GAME2 = 23.255  GAME3 = 23.257  lr = 1.00e-05  time = 14.6s
[e012 s0001/1030] loss = 0.000000
[e012 s0050/1030] loss = 0.015749
[e012 s0100/1030] loss = 0.015932
[e012 s0150/1030] loss = 0.019595
[e012 s0200/1030] loss = 0.019170
[e012 s0250/1030] loss = 0.019569
[e012 s0300/1030] loss = 0.019437
[e012 s0350/1030] loss = 0.019109
[e012 s0400/1030] loss = 0.018856
[e012 s0450/1030] loss = 0.019353
[e012 s0500/1030] loss = 0.019279
[e012 s0550/1030] loss = 0.019649
[e012 s0600/1030] loss = 0.020159
[e012 s0650/1030] loss = 0.020771
[e012 s0700/1030] loss = 0.020880
[e012 s0750/1030] loss = 0.020764
[e012 s0800/1030] loss = 0.020753
[e012 s0850/1030] loss = 0.021018
[e012 s0900/1030] loss = 0.020781
[e012 s0950/1030] loss = 0.020668
[e012 s1000/1030] loss = 0.020675
Epoch 012: train_loss = 0.020701  MAE/GAME0 = 23.244  RMSE = 42.248  GAME1 = 23.244  GAME2 = 23.246  GAME3 = 23.246  lr = 1.00e-05  time = 14.7s
[e013 s0001/1030] loss = 0.072376
[e013 s0050/1030] loss = 0.023989
[e013 s0100/1030] loss = 0.018236
[e013 s0150/1030] loss = 0.016683
[e013 s0200/1030] loss = 0.016900
[e013 s0250/1030] loss = 0.018546
[e013 s0300/1030] loss = 0.019677
[e013 s0350/1030] loss = 0.020112
[e013 s0400/1030] loss = 0.019730
[e013 s0450/1030] loss = 0.019394
[e013 s0500/1030] loss = 0.019179
[e013 s0550/1030] loss = 0.018826
[e013 s0600/1030] loss = 0.018584
[e013 s0650/1030] loss = 0.019709
[e013 s0700/1030] loss = 0.019664
[e013 s0750/1030] loss = 0.019568
[e013 s0800/1030] loss = 0.019528
[e013 s0850/1030] loss = 0.019575
[e013 s0900/1030] loss = 0.019690
[e013 s0950/1030] loss = 0.019888
[e013 s1000/1030] loss = 0.019674
Epoch 013: train_loss = 0.020349  MAE/GAME0 = 23.245  RMSE = 42.248  GAME1 = 23.245  GAME2 = 23.245  GAME3 = 23.245  lr = 1.00e-05  time = 14.6s
[e014 s0001/1030] loss = 0.010873
[e014 s0050/1030] loss = 0.014280
[e014 s0100/1030] loss = 0.018019
[e014 s0150/1030] loss = 0.018879
[e014 s0200/1030] loss = 0.016875
[e014 s0250/1030] loss = 0.016786
[e014 s0300/1030] loss = 0.017036
[e014 s0350/1030] loss = 0.018460
[e014 s0400/1030] loss = 0.019879
[e014 s0450/1030] loss = 0.019598
[e014 s0500/1030] loss = 0.019401
[e014 s0550/1030] loss = 0.020259
[e014 s0600/1030] loss = 0.020966
[e014 s0650/1030] loss = 0.020950
[e014 s0700/1030] loss = 0.020899
[e014 s0750/1030] loss = 0.021009
[e014 s0800/1030] loss = 0.021572
[e014 s0850/1030] loss = 0.021261
[e014 s0900/1030] loss = 0.020990
[e014 s0950/1030] loss = 0.021541
[e014 s1000/1030] loss = 0.021514
Epoch 014: train_loss = 0.021702  MAE/GAME0 = 23.241  RMSE = 42.245  GAME1 = 23.243  GAME2 = 23.249  GAME3 = 23.249  lr = 1.00e-05  time = 14.7s
[e015 s0001/1030] loss = 0.001052
[e015 s0050/1030] loss = 0.016845
[e015 s0100/1030] loss = 0.022022
[e015 s0150/1030] loss = 0.021884
[e015 s0200/1030] loss = 0.020914
[e015 s0250/1030] loss = 0.021134
[e015 s0300/1030] loss = 0.020455
[e015 s0350/1030] loss = 0.021151
[e015 s0400/1030] loss = 0.020962
[e015 s0450/1030] loss = 0.020788
[e015 s0500/1030] loss = 0.020889
[e015 s0550/1030] loss = 0.021265
[e015 s0600/1030] loss = 0.020934
[e015 s0650/1030] loss = 0.020677
[e015 s0700/1030] loss = 0.020961
[e015 s0750/1030] loss = 0.021156
[e015 s0800/1030] loss = 0.020997
[e015 s0850/1030] loss = 0.021422
[e015 s0900/1030] loss = 0.021553
[e015 s0950/1030] loss = 0.021648
[e015 s1000/1030] loss = 0.021444
Epoch 015: train_loss = 0.021564  MAE/GAME0 = 23.244  RMSE = 42.247  GAME1 = 23.244  GAME2 = 23.246  GAME3 = 23.246  lr = 1.00e-05  time = 14.8s
[e016 s0001/1030] loss = 0.005232
[e016 s0050/1030] loss = 0.017418
[e016 s0100/1030] loss = 0.016982
[e016 s0150/1030] loss = 0.021856
[e016 s0200/1030] loss = 0.023850
[e016 s0250/1030] loss = 0.023011
[e016 s0300/1030] loss = 0.021942
[e016 s0350/1030] loss = 0.022560
[e016 s0400/1030] loss = 0.023053
[e016 s0450/1030] loss = 0.023131
[e016 s0500/1030] loss = 0.023085
[e016 s0550/1030] loss = 0.022843
[e016 s0600/1030] loss = 0.022455
[e016 s0650/1030] loss = 0.021866
[e016 s0700/1030] loss = 0.022281
[e016 s0750/1030] loss = 0.022014
[e016 s0800/1030] loss = 0.021519
[e016 s0850/1030] loss = 0.021298
[e016 s0900/1030] loss = 0.021255
[e016 s0950/1030] loss = 0.021363
[e016 s1000/1030] loss = 0.021196
Epoch 016: train_loss = 0.021027  MAE/GAME0 = 23.245  RMSE = 42.248  GAME1 = 23.245  GAME2 = 23.245  GAME3 = 23.245  lr = 1.00e-05  time = 14.7s
[e017 s0001/1030] loss = 0.032088
[e017 s0050/1030] loss = 0.020510
[e017 s0100/1030] loss = 0.021680
[e017 s0150/1030] loss = 0.022865
[e017 s0200/1030] loss = 0.020710
[e017 s0250/1030] loss = 0.019828
[e017 s0300/1030] loss = 0.019819
[e017 s0350/1030] loss = 0.019480
[e017 s0400/1030] loss = 0.019698
[e017 s0450/1030] loss = 0.019795
[e017 s0500/1030] loss = 0.020647
[e017 s0550/1030] loss = 0.020245
[e017 s0600/1030] loss = 0.020136
[e017 s0650/1030] loss = 0.020165
[e017 s0700/1030] loss = 0.020090
[e017 s0750/1030] loss = 0.020135
[e017 s0800/1030] loss = 0.020295
[e017 s0850/1030] loss = 0.020071
[e017 s0900/1030] loss = 0.020608
[e017 s0950/1030] loss = 0.020507
[e017 s1000/1030] loss = 0.020479
Epoch 017: train_loss = 0.020304  MAE/GAME0 = 23.245  RMSE = 42.248  GAME1 = 23.245  GAME2 = 23.245  GAME3 = 23.245  lr = 1.00e-05  time = 14.7s
[e018 s0001/1030] loss = 0.002061
[e018 s0050/1030] loss = 0.021129
[e018 s0100/1030] loss = 0.021972
[e018 s0150/1030] loss = 0.020487
[e018 s0200/1030] loss = 0.021062
[e018 s0250/1030] loss = 0.021034
[e018 s0300/1030] loss = 0.022311
[e018 s0350/1030] loss = 0.021557
[e018 s0400/1030] loss = 0.020866
[e018 s0450/1030] loss = 0.020998
[e018 s0500/1030] loss = 0.021033
[e018 s0550/1030] loss = 0.021254
[e018 s0600/1030] loss = 0.020907
[e018 s0650/1030] loss = 0.020830
[e018 s0700/1030] loss = 0.020978
[e018 s0750/1030] loss = 0.020378
[e018 s0800/1030] loss = 0.020309
[e018 s0850/1030] loss = 0.020222
[e018 s0900/1030] loss = 0.020010
[e018 s0950/1030] loss = 0.019873
[e018 s1000/1030] loss = 0.019902
Epoch 018: train_loss = 0.020370  MAE/GAME0 = 23.245  RMSE = 42.248  GAME1 = 23.245  GAME2 = 23.245  GAME3 = 23.245  lr = 1.00e-05  time = 14.8s
[e019 s0001/1030] loss = 0.027308
[e019 s0050/1030] loss = 0.018558
[e019 s0100/1030] loss = 0.020120
[e019 s0150/1030] loss = 0.021148
[e019 s0200/1030] loss = 0.019821
[e019 s0250/1030] loss = 0.021783
[e019 s0300/1030] loss = 0.021314
[e019 s0350/1030] loss = 0.021165
[e019 s0400/1030] loss = 0.021634
[e019 s0450/1030] loss = 0.021895
[e019 s0500/1030] loss = 0.021211
[e019 s0550/1030] loss = 0.020639
[e019 s0600/1030] loss = 0.020112
[e019 s0650/1030] loss = 0.019706
[e019 s0700/1030] loss = 0.019462
[e019 s0750/1030] loss = 0.019874
[e019 s0800/1030] loss = 0.019689
[e019 s0850/1030] loss = 0.019943
[e019 s0900/1030] loss = 0.020103
[e019 s0950/1030] loss = 0.020112
[e019 s1000/1030] loss = 0.019919
Epoch 019: train_loss = 0.019769  MAE/GAME0 = 23.245  RMSE = 42.248  GAME1 = 23.245  GAME2 = 23.245  GAME3 = 23.245  lr = 1.00e-05  time = 14.6s
[e020 s0001/1030] loss = 0.025778
[e020 s0050/1030] loss = 0.019559
[e020 s0100/1030] loss = 0.020347
[e020 s0150/1030] loss = 0.019713
[e020 s0200/1030] loss = 0.019203
[e020 s0250/1030] loss = 0.021472
[e020 s0300/1030] loss = 0.020869
[e020 s0350/1030] loss = 0.021290
[e020 s0400/1030] loss = 0.021263
[e020 s0450/1030] loss = 0.021437
[e020 s0500/1030] loss = 0.020386
[e020 s0550/1030] loss = 0.021041
[e020 s0600/1030] loss = 0.021142
[e020 s0650/1030] loss = 0.021095
[e020 s0700/1030] loss = 0.020619
[e020 s0750/1030] loss = 0.020647
[e020 s0800/1030] loss = 0.020698
[e020 s0850/1030] loss = 0.020521
[e020 s0900/1030] loss = 0.020351
[e020 s0950/1030] loss = 0.020213
[e020 s1000/1030] loss = 0.020226
Epoch 020: train_loss = 0.020440  MAE/GAME0 = 23.245  RMSE = 42.248  GAME1 = 23.245  GAME2 = 23.245  GAME3 = 23.245  lr = 1.00e-05  time = 14.7s
[e021 s0001/1030] loss = 0.015887
[e021 s0050/1030] loss = 0.018597
[e021 s0100/1030] loss = 0.019178
[e021 s0150/1030] loss = 0.019311
[e021 s0200/1030] loss = 0.019806
[e021 s0250/1030] loss = 0.020563
[e021 s0300/1030] loss = 0.020867
[e021 s0350/1030] loss = 0.019824
[e021 s0400/1030] loss = 0.020443
[e021 s0450/1030] loss = 0.020928
[e021 s0500/1030] loss = 0.020636
[e021 s0550/1030] loss = 0.020634
[e021 s0600/1030] loss = 0.020204
[e021 s0650/1030] loss = 0.020254
[e021 s0700/1030] loss = 0.020314
[e021 s0750/1030] loss = 0.019835
[e021 s0800/1030] loss = 0.019829
[e021 s0850/1030] loss = 0.021255
[e021 s0900/1030] loss = 0.021233
[e021 s0950/1030] loss = 0.020919
[e021 s1000/1030] loss = 0.021789
Epoch 021: train_loss = 0.021580  MAE/GAME0 = 23.245  RMSE = 42.248  GAME1 = 23.245  GAME2 = 23.245  GAME3 = 23.245  lr = 1.00e-05  time = 14.8s
[e022 s0001/1030] loss = 0.042697
[e022 s0050/1030] loss = 0.013392
[e022 s0100/1030] loss = 0.014871
[e022 s0150/1030] loss = 0.016908
[e022 s0200/1030] loss = 0.018771
[e022 s0250/1030] loss = 0.019269
[e022 s0300/1030] loss = 0.019848
[e022 s0350/1030] loss = 0.020901
[e022 s0400/1030] loss = 0.021457
[e022 s0450/1030] loss = 0.021374
[e022 s0500/1030] loss = 0.022227
[e022 s0550/1030] loss = 0.022421
[e022 s0600/1030] loss = 0.022698
[e022 s0650/1030] loss = 0.022199
[e022 s0700/1030] loss = 0.021913
[e022 s0750/1030] loss = 0.021527
[e022 s0800/1030] loss = 0.021273
[e022 s0850/1030] loss = 0.021058
[e022 s0900/1030] loss = 0.020859
[e022 s0950/1030] loss = 0.020605
[e022 s1000/1030] loss = 0.020513
Epoch 022: train_loss = 0.020320  MAE/GAME0 = 23.245  RMSE = 42.248  GAME1 = 23.245  GAME2 = 23.245  GAME3 = 23.245  lr = 1.00e-05  time = 14.7s
[e023 s0001/1030] loss = 0.016948
[e023 s0050/1030] loss = 0.016226
[e023 s0100/1030] loss = 0.018826
[e023 s0150/1030] loss = 0.052898
[e023 s0200/1030] loss = 0.045096
[e023 s0250/1030] loss = 0.040012
[e023 s0300/1030] loss = 0.036549
[e023 s0350/1030] loss = 0.034312
[e023 s0400/1030] loss = 0.032425
[e023 s0450/1030] loss = 0.030906
[e023 s0500/1030] loss = 0.029471
[e023 s0550/1030] loss = 0.028660
[e023 s0600/1030] loss = 0.028763
[e023 s0650/1030] loss = 0.027773
[e023 s0700/1030] loss = 0.027678
[e023 s0750/1030] loss = 0.027404
[e023 s0800/1030] loss = 0.026913
[e023 s0850/1030] loss = 0.026503
[e023 s0900/1030] loss = 0.026179
[e023 s0950/1030] loss = 0.025867
[e023 s1000/1030] loss = 0.025655
Epoch 023: train_loss = 0.025548  MAE/GAME0 = 22.201  RMSE = 41.638  GAME1 = 22.607  GAME2 = 23.401  GAME3 = 23.968  lr = 1.00e-05  time = 14.8s
[e024 s0001/1030] loss = 0.032660
[e024 s0050/1030] loss = 0.022381
[e024 s0100/1030] loss = 0.021912
[e024 s0150/1030] loss = 0.020189
[e024 s0200/1030] loss = 0.020395
[e024 s0250/1030] loss = 0.020031
[e024 s0300/1030] loss = 0.020860
[e024 s0350/1030] loss = 0.020311
[e024 s0400/1030] loss = 0.020605
[e024 s0450/1030] loss = 0.020480
[e024 s0500/1030] loss = 0.020114
[e024 s0550/1030] loss = 0.019749
[e024 s0600/1030] loss = 0.019530
[e024 s0650/1030] loss = 0.019426
[e024 s0700/1030] loss = 0.019152
[e024 s0750/1030] loss = 0.019146
[e024 s0800/1030] loss = 0.019487
[e024 s0850/1030] loss = 0.019373
[e024 s0900/1030] loss = 0.019486
[e024 s0950/1030] loss = 0.019526
[e024 s1000/1030] loss = 0.019220
Epoch 024: train_loss = 0.019124  MAE/GAME0 = 22.111  RMSE = 41.585  GAME1 = 22.563  GAME2 = 23.436  GAME3 = 24.055  lr = 1.00e-05  time = 14.7s
[e025 s0001/1030] loss = 0.002370
[e025 s0050/1030] loss = 0.014440
[e025 s0100/1030] loss = 0.016326
[e025 s0150/1030] loss = 0.017503
[e025 s0200/1030] loss = 0.016921
[e025 s0250/1030] loss = 0.018708
[e025 s0300/1030] loss = 0.018384
[e025 s0350/1030] loss = 0.019503
[e025 s0400/1030] loss = 0.018804
[e025 s0450/1030] loss = 0.018529
[e025 s0500/1030] loss = 0.018265
[e025 s0550/1030] loss = 0.017901
[e025 s0600/1030] loss = 0.018108
[e025 s0650/1030] loss = 0.017671
[e025 s0700/1030] loss = 0.017612
[e025 s0750/1030] loss = 0.017589
[e025 s0800/1030] loss = 0.017608
[e025 s0850/1030] loss = 0.017748
[e025 s0900/1030] loss = 0.017678
[e025 s0950/1030] loss = 0.017648
[e025 s1000/1030] loss = 0.017918
Epoch 025: train_loss = 0.018925  MAE/GAME0 = 22.172  RMSE = 41.622  GAME1 = 22.590  GAME2 = 23.409  GAME3 = 23.995  lr = 1.00e-05  time = 14.8s
[e026 s0001/1030] loss = 0.005506
[e026 s0050/1030] loss = 0.022489
[e026 s0100/1030] loss = 0.020420
[e026 s0150/1030] loss = 0.019665
[e026 s0200/1030] loss = 0.019395
[e026 s0250/1030] loss = 0.019936
[e026 s0300/1030] loss = 0.021527
[e026 s0350/1030] loss = 0.020621
[e026 s0400/1030] loss = 0.021243
[e026 s0450/1030] loss = 0.021194
[e026 s0500/1030] loss = 0.021474
[e026 s0550/1030] loss = 0.021122
[e026 s0600/1030] loss = 0.020535
[e026 s0650/1030] loss = 0.020554
[e026 s0700/1030] loss = 0.020457
[e026 s0750/1030] loss = 0.020865
[e026 s0800/1030] loss = 0.020439
[e026 s0850/1030] loss = 0.020383
[e026 s0900/1030] loss = 0.020221
[e026 s0950/1030] loss = 0.020057
[e026 s1000/1030] loss = 0.019760
Epoch 026: train_loss = 0.019927  MAE/GAME0 = 22.190  RMSE = 41.634  GAME1 = 22.595  GAME2 = 23.400  GAME3 = 23.977  lr = 1.00e-05  time = 14.7s
[e027 s0001/1030] loss = 0.017121
[e027 s0050/1030] loss = 0.021408
[e027 s0100/1030] loss = 0.019363
[e027 s0150/1030] loss = 0.018641
[e027 s0200/1030] loss = 0.017949
[e027 s0250/1030] loss = 0.018539
[e027 s0300/1030] loss = 0.019449
[e027 s0350/1030] loss = 0.019551
[e027 s0400/1030] loss = 0.019960
[e027 s0450/1030] loss = 0.019637
[e027 s0500/1030] loss = 0.020141
[e027 s0550/1030] loss = 0.020118
[e027 s0600/1030] loss = 0.020168
[e027 s0650/1030] loss = 0.020701
[e027 s0700/1030] loss = 0.020560
[e027 s0750/1030] loss = 0.020501
[e027 s0800/1030] loss = 0.020413
[e027 s0850/1030] loss = 0.019823
[e027 s0900/1030] loss = 0.019821
[e027 s0950/1030] loss = 0.020270
[e027 s1000/1030] loss = 0.020057
Epoch 027: train_loss = 0.020376  MAE/GAME0 = 17.736  RMSE = 38.871  GAME1 = 21.144  GAME2 = 24.308  GAME3 = 26.060  lr = 1.00e-05  time = 14.9s
[e028 s0001/1030] loss = 0.003147
[e028 s0050/1030] loss = 0.020661
[e028 s0100/1030] loss = 0.018213
[e028 s0150/1030] loss = 0.016250
[e028 s0200/1030] loss = 0.016613
[e028 s0250/1030] loss = 0.016195
[e028 s0300/1030] loss = 0.016365
[e028 s0350/1030] loss = 0.016725
[e028 s0400/1030] loss = 0.016623
[e028 s0450/1030] loss = 0.016412
[e028 s0500/1030] loss = 0.016391
[e028 s0550/1030] loss = 0.016091
[e028 s0600/1030] loss = 0.015973
[e028 s0650/1030] loss = 0.015632
[e028 s0700/1030] loss = 0.016930
[e028 s0750/1030] loss = 0.016757
[e028 s0800/1030] loss = 0.016954
[e028 s0850/1030] loss = 0.016763
[e028 s0900/1030] loss = 0.016595
[e028 s0950/1030] loss = 0.016490
[e028 s1000/1030] loss = 0.016404
Epoch 028: train_loss = 0.016489  MAE/GAME0 = 16.834  RMSE = 38.178  GAME1 = 20.834  GAME2 = 24.354  GAME3 = 25.506  lr = 1.00e-05  time = 14.7s
[e029 s0001/1030] loss = 0.005476
[e029 s0050/1030] loss = 0.018903
[e029 s0100/1030] loss = 0.016254
[e029 s0150/1030] loss = 0.015968
[e029 s0200/1030] loss = 0.015987
[e029 s0250/1030] loss = 0.017044
[e029 s0300/1030] loss = 0.016553
[e029 s0350/1030] loss = 0.015934
[e029 s0400/1030] loss = 0.015744
[e029 s0450/1030] loss = 0.015738
[e029 s0500/1030] loss = 0.015693
[e029 s0550/1030] loss = 0.015429
[e029 s0600/1030] loss = 0.015025
[e029 s0650/1030] loss = 0.017358
[e029 s0700/1030] loss = 0.017627
[e029 s0750/1030] loss = 0.017253
[e029 s0800/1030] loss = 0.017211
[e029 s0850/1030] loss = 0.016896
[e029 s0900/1030] loss = 0.016751
[e029 s0950/1030] loss = 0.016530
[e029 s1000/1030] loss = 0.016448
Epoch 029: train_loss = 0.016447  MAE/GAME0 = 15.684  RMSE = 37.036  GAME1 = 20.932  GAME2 = 24.064  GAME3 = 25.383  lr = 1.00e-05  time = 14.8s
[e030 s0001/1030] loss = 0.009835
[e030 s0050/1030] loss = 0.017811
[e030 s0100/1030] loss = 0.016947
[e030 s0150/1030] loss = 0.017669
[e030 s0200/1030] loss = 0.017259
[e030 s0250/1030] loss = 0.018617
[e030 s0300/1030] loss = 0.018290
[e030 s0350/1030] loss = 0.017859
[e030 s0400/1030] loss = 0.017557
[e030 s0450/1030] loss = 0.016886
[e030 s0500/1030] loss = 0.016431
[e030 s0550/1030] loss = 0.016228
[e030 s0600/1030] loss = 0.016089
[e030 s0650/1030] loss = 0.015464
[e030 s0700/1030] loss = 0.015395
[e030 s0750/1030] loss = 0.015985
[e030 s0800/1030] loss = 0.016630
[e030 s0850/1030] loss = 0.016563
[e030 s0900/1030] loss = 0.016233
[e030 s0950/1030] loss = 0.016143
[e030 s1000/1030] loss = 0.016034
Epoch 030: train_loss = 0.016303  MAE/GAME0 = 14.981  RMSE = 36.398  GAME1 = 20.335  GAME2 = 23.697  GAME3 = 25.227  lr = 1.00e-05  time = 14.7s
[e031 s0001/1030] loss = 0.004712
[e031 s0050/1030] loss = 0.013620
[e031 s0100/1030] loss = 0.012992
[e031 s0150/1030] loss = 0.012301
[e031 s0200/1030] loss = 0.012982
[e031 s0250/1030] loss = 0.013201
[e031 s0300/1030] loss = 0.013384
[e031 s0350/1030] loss = 0.013350
[e031 s0400/1030] loss = 0.013360
[e031 s0450/1030] loss = 0.013679
[e031 s0500/1030] loss = 0.013570
[e031 s0550/1030] loss = 0.013872
[e031 s0600/1030] loss = 0.013922
[e031 s0650/1030] loss = 0.013606
[e031 s0700/1030] loss = 0.013400
[e031 s0750/1030] loss = 0.014040
[e031 s0800/1030] loss = 0.015400
[e031 s0850/1030] loss = 0.015380
[e031 s0900/1030] loss = 0.015630
[e031 s0950/1030] loss = 0.015550
[e031 s1000/1030] loss = 0.015380
Epoch 031: train_loss = 0.015327  MAE/GAME0 = 15.160  RMSE = 37.249  GAME1 = 18.674  GAME2 = 21.376  GAME3 = 22.682  lr = 1.00e-05  time = 14.7s
[e032 s0001/1030] loss = 0.018121
[e032 s0050/1030] loss = 0.016103
[e032 s0100/1030] loss = 0.017652
[e032 s0150/1030] loss = 0.015941
[e032 s0200/1030] loss = 0.015954
[e032 s0250/1030] loss = 0.015494
[e032 s0300/1030] loss = 0.015247
[e032 s0350/1030] loss = 0.015365
[e032 s0400/1030] loss = 0.015421
[e032 s0450/1030] loss = 0.015993
[e032 s0500/1030] loss = 0.015557
[e032 s0550/1030] loss = 0.014973
[e032 s0600/1030] loss = 0.015032
[e032 s0650/1030] loss = 0.014956
[e032 s0700/1030] loss = 0.014957
[e032 s0750/1030] loss = 0.015503
[e032 s0800/1030] loss = 0.015184
[e032 s0850/1030] loss = 0.015126
[e032 s0900/1030] loss = 0.014940
[e032 s0950/1030] loss = 0.015078
[e032 s1000/1030] loss = 0.014895
Epoch 032: train_loss = 0.014747  MAE/GAME0 = 14.553  RMSE = 35.994  GAME1 = 18.414  GAME2 = 21.855  GAME3 = 23.654  lr = 1.00e-05  time = 14.8s
[e033 s0001/1030] loss = 0.006289
[e033 s0050/1030] loss = 0.010661
[e033 s0100/1030] loss = 0.011159
[e033 s0150/1030] loss = 0.010517
[e033 s0200/1030] loss = 0.010533
[e033 s0250/1030] loss = 0.010882
[e033 s0300/1030] loss = 0.010741
[e033 s0350/1030] loss = 0.010797
[e033 s0400/1030] loss = 0.011388
[e033 s0450/1030] loss = 0.013381
[e033 s0500/1030] loss = 0.013334
[e033 s0550/1030] loss = 0.013723
[e033 s0600/1030] loss = 0.013298
[e033 s0650/1030] loss = 0.013305
[e033 s0700/1030] loss = 0.012929
[e033 s0750/1030] loss = 0.013236
[e033 s0800/1030] loss = 0.013122
[e033 s0850/1030] loss = 0.013015
[e033 s0900/1030] loss = 0.013130
[e033 s0950/1030] loss = 0.012849
[e033 s1000/1030] loss = 0.013285
Epoch 033: train_loss = 0.013176  MAE/GAME0 = 14.044  RMSE = 36.286  GAME1 = 16.987  GAME2 = 19.957  GAME3 = 21.456  lr = 1.00e-05  time = 14.6s
[e034 s0001/1030] loss = 0.019261
[e034 s0050/1030] loss = 0.011599
[e034 s0100/1030] loss = 0.013167
[e034 s0150/1030] loss = 0.012538
[e034 s0200/1030] loss = 0.012254
[e034 s0250/1030] loss = 0.012303
[e034 s0300/1030] loss = 0.012651
[e034 s0350/1030] loss = 0.013647
[e034 s0400/1030] loss = 0.013428
[e034 s0450/1030] loss = 0.012947
[e034 s0500/1030] loss = 0.013229
[e034 s0550/1030] loss = 0.013719
[e034 s0600/1030] loss = 0.013920
[e034 s0650/1030] loss = 0.013460
[e034 s0700/1030] loss = 0.013647
[e034 s0750/1030] loss = 0.013830
[e034 s0800/1030] loss = 0.013679
[e034 s0850/1030] loss = 0.013587
[e034 s0900/1030] loss = 0.013604
[e034 s0950/1030] loss = 0.013420
[e034 s1000/1030] loss = 0.013307
Epoch 034: train_loss = 0.013335  MAE/GAME0 = 13.870  RMSE = 35.899  GAME1 = 17.038  GAME2 = 20.337  GAME3 = 22.013  lr = 1.00e-05  time = 14.9s
[e035 s0001/1030] loss = 0.009472
[e035 s0050/1030] loss = 0.012814
[e035 s0100/1030] loss = 0.012684
[e035 s0150/1030] loss = 0.012642
[e035 s0200/1030] loss = 0.012564
[e035 s0250/1030] loss = 0.013538
[e035 s0300/1030] loss = 0.013258
[e035 s0350/1030] loss = 0.014898
[e035 s0400/1030] loss = 0.014243
[e035 s0450/1030] loss = 0.014304
[e035 s0500/1030] loss = 0.014079
[e035 s0550/1030] loss = 0.013875
[e035 s0600/1030] loss = 0.013513
[e035 s0650/1030] loss = 0.013593
[e035 s0700/1030] loss = 0.013343
[e035 s0750/1030] loss = 0.013152
[e035 s0800/1030] loss = 0.012963
[e035 s0850/1030] loss = 0.012929
[e035 s0900/1030] loss = 0.013020
[e035 s0950/1030] loss = 0.013003
[e035 s1000/1030] loss = 0.013316
Epoch 035: train_loss = 0.013349  MAE/GAME0 = 13.860  RMSE = 36.134  GAME1 = 16.405  GAME2 = 19.030  GAME3 = 20.321  lr = 1.00e-05  time = 14.7s
[e036 s0001/1030] loss = 0.000319
[e036 s0050/1030] loss = 0.020622
[e036 s0100/1030] loss = 0.016157
[e036 s0150/1030] loss = 0.014265
[e036 s0200/1030] loss = 0.013433
[e036 s0250/1030] loss = 0.015673
[e036 s0300/1030] loss = 0.014948
[e036 s0350/1030] loss = 0.014598
[e036 s0400/1030] loss = 0.014158
[e036 s0450/1030] loss = 0.014224
[e036 s0500/1030] loss = 0.014194
[e036 s0550/1030] loss = 0.014527
[e036 s0600/1030] loss = 0.014345
[e036 s0650/1030] loss = 0.014160
[e036 s0700/1030] loss = 0.014018
[e036 s0750/1030] loss = 0.014007
[e036 s0800/1030] loss = 0.013843
[e036 s0850/1030] loss = 0.013553
[e036 s0900/1030] loss = 0.013565
[e036 s0950/1030] loss = 0.013433
[e036 s1000/1030] loss = 0.013305
Epoch 036: train_loss = 0.013218  MAE/GAME0 = 13.948  RMSE = 36.926  GAME1 = 15.996  GAME2 = 18.239  GAME3 = 19.297  lr = 1.00e-05  time = 14.9s
[e037 s0001/1030] loss = 0.009709
[e037 s0050/1030] loss = 0.008371
[e037 s0100/1030] loss = 0.009998
[e037 s0150/1030] loss = 0.009597
[e037 s0200/1030] loss = 0.010691
[e037 s0250/1030] loss = 0.010369
[e037 s0300/1030] loss = 0.010594
[e037 s0350/1030] loss = 0.011037
[e037 s0400/1030] loss = 0.011282
[e037 s0450/1030] loss = 0.010755
[e037 s0500/1030] loss = 0.010568
[e037 s0550/1030] loss = 0.010869
[e037 s0600/1030] loss = 0.011085
[e037 s0650/1030] loss = 0.011061
[e037 s0700/1030] loss = 0.011151
[e037 s0750/1030] loss = 0.011810
[e037 s0800/1030] loss = 0.011826
[e037 s0850/1030] loss = 0.011839
[e037 s0900/1030] loss = 0.011833
[e037 s0950/1030] loss = 0.012204
[e037 s1000/1030] loss = 0.012112
Epoch 037: train_loss = 0.011942  MAE/GAME0 = 13.431  RMSE = 36.213  GAME1 = 15.773  GAME2 = 18.221  GAME3 = 19.360  lr = 1.00e-05  time = 14.8s
[e038 s0001/1030] loss = 0.000530
[e038 s0050/1030] loss = 0.016363
[e038 s0100/1030] loss = 0.015817
[e038 s0150/1030] loss = 0.018825
[e038 s0200/1030] loss = 0.017204
[e038 s0250/1030] loss = 0.016397
[e038 s0300/1030] loss = 0.014859
[e038 s0350/1030] loss = 0.014765
[e038 s0400/1030] loss = 0.014877
[e038 s0450/1030] loss = 0.014772
[e038 s0500/1030] loss = 0.014573
[e038 s0550/1030] loss = 0.014401
[e038 s0600/1030] loss = 0.014277
[e038 s0650/1030] loss = 0.013854
[e038 s0700/1030] loss = 0.013667
[e038 s0750/1030] loss = 0.013384
[e038 s0800/1030] loss = 0.013089
[e038 s0850/1030] loss = 0.013196
[e038 s0900/1030] loss = 0.013106
[e038 s0950/1030] loss = 0.012935
[e038 s1000/1030] loss = 0.012951
Epoch 038: train_loss = 0.012900  MAE/GAME0 = 13.229  RMSE = 35.581  GAME1 = 15.698  GAME2 = 18.607  GAME3 = 20.135  lr = 1.00e-05  time = 14.7s
[e039 s0001/1030] loss = 0.009288
[e039 s0050/1030] loss = 0.009361
[e039 s0100/1030] loss = 0.011900
[e039 s0150/1030] loss = 0.012287
[e039 s0200/1030] loss = 0.012625
[e039 s0250/1030] loss = 0.011756
[e039 s0300/1030] loss = 0.011930
[e039 s0350/1030] loss = 0.011541
[e039 s0400/1030] loss = 0.013386
[e039 s0450/1030] loss = 0.012722
[e039 s0500/1030] loss = 0.012506
[e039 s0550/1030] loss = 0.012285
[e039 s0600/1030] loss = 0.011851
[e039 s0650/1030] loss = 0.011808
[e039 s0700/1030] loss = 0.011698
[e039 s0750/1030] loss = 0.011732
[e039 s0800/1030] loss = 0.012277
[e039 s0850/1030] loss = 0.012179
[e039 s0900/1030] loss = 0.012209
[e039 s0950/1030] loss = 0.012466
[e039 s1000/1030] loss = 0.012208
Epoch 039: train_loss = 0.012223  MAE/GAME0 = 12.839  RMSE = 35.319  GAME1 = 15.381  GAME2 = 18.439  GAME3 = 19.740  lr = 1.00e-05  time = 14.7s
[e040 s0001/1030] loss = 0.006825
[e040 s0050/1030] loss = 0.009796
[e040 s0100/1030] loss = 0.015694
[e040 s0150/1030] loss = 0.014010
[e040 s0200/1030] loss = 0.015481
[e040 s0250/1030] loss = 0.014720
[e040 s0300/1030] loss = 0.014260
[e040 s0350/1030] loss = 0.013738
[e040 s0400/1030] loss = 0.013704
[e040 s0450/1030] loss = 0.013513
[e040 s0500/1030] loss = 0.012983
[e040 s0550/1030] loss = 0.012496
[e040 s0600/1030] loss = 0.012235
[e040 s0650/1030] loss = 0.011888
[e040 s0700/1030] loss = 0.011709
[e040 s0750/1030] loss = 0.011975
[e040 s0800/1030] loss = 0.011948
[e040 s0850/1030] loss = 0.011797
[e040 s0900/1030] loss = 0.011632
[e040 s0950/1030] loss = 0.011570
[e040 s1000/1030] loss = 0.011438
Epoch 040: train_loss = 0.011689  MAE/GAME0 = 14.300  RMSE = 35.558  GAME1 = 16.303  GAME2 = 19.404  GAME3 = 20.911  lr = 1.00e-05  time = 14.7s
[e041 s0001/1030] loss = 0.006142
[e041 s0050/1030] loss = 0.010984
[e041 s0100/1030] loss = 0.011523
[e041 s0150/1030] loss = 0.013838
[e041 s0200/1030] loss = 0.014425
[e041 s0250/1030] loss = 0.013541
[e041 s0300/1030] loss = 0.014278
[e041 s0350/1030] loss = 0.013649
[e041 s0400/1030] loss = 0.013350
[e041 s0450/1030] loss = 0.013003
[e041 s0500/1030] loss = 0.012880
[e041 s0550/1030] loss = 0.014101
[e041 s0600/1030] loss = 0.013642
[e041 s0650/1030] loss = 0.013538
[e041 s0700/1030] loss = 0.013399
[e041 s0750/1030] loss = 0.013211
[e041 s0800/1030] loss = 0.012973
[e041 s0850/1030] loss = 0.012705
[e041 s0900/1030] loss = 0.012549
[e041 s0950/1030] loss = 0.012538
[e041 s1000/1030] loss = 0.012279
Epoch 041: train_loss = 0.012171  MAE/GAME0 = 12.500  RMSE = 35.675  GAME1 = 14.707  GAME2 = 17.295  GAME3 = 18.541  lr = 1.00e-05  time = 14.7s
[e042 s0001/1030] loss = 0.005113
[e042 s0050/1030] loss = 0.009874
[e042 s0100/1030] loss = 0.010182
[e042 s0150/1030] loss = 0.009402
[e042 s0200/1030] loss = 0.009255
[e042 s0250/1030] loss = 0.009065
[e042 s0300/1030] loss = 0.010645
[e042 s0350/1030] loss = 0.011543
[e042 s0400/1030] loss = 0.011528
[e042 s0450/1030] loss = 0.011642
[e042 s0500/1030] loss = 0.011575
[e042 s0550/1030] loss = 0.011448
[e042 s0600/1030] loss = 0.011445
[e042 s0650/1030] loss = 0.011363
[e042 s0700/1030] loss = 0.011259
[e042 s0750/1030] loss = 0.011170
[e042 s0800/1030] loss = 0.011201
[e042 s0850/1030] loss = 0.011089
[e042 s0900/1030] loss = 0.010945
[e042 s0950/1030] loss = 0.011004
[e042 s1000/1030] loss = 0.010978
Epoch 042: train_loss = 0.011059  MAE/GAME0 = 12.360  RMSE = 35.674  GAME1 = 14.577  GAME2 = 17.298  GAME3 = 18.496  lr = 1.00e-05  time = 14.8s
[e043 s0001/1030] loss = 0.000374
[e043 s0050/1030] loss = 0.016152
[e043 s0100/1030] loss = 0.013169
[e043 s0150/1030] loss = 0.012192
[e043 s0200/1030] loss = 0.011121
[e043 s0250/1030] loss = 0.010745
[e043 s0300/1030] loss = 0.010779
[e043 s0350/1030] loss = 0.011075
[e043 s0400/1030] loss = 0.010791
[e043 s0450/1030] loss = 0.011143
[e043 s0500/1030] loss = 0.010917
[e043 s0550/1030] loss = 0.011406
[e043 s0600/1030] loss = 0.011204
[e043 s0650/1030] loss = 0.011894
[e043 s0700/1030] loss = 0.011967
[e043 s0750/1030] loss = 0.012013
[e043 s0800/1030] loss = 0.012077
[e043 s0850/1030] loss = 0.012176
[e043 s0900/1030] loss = 0.011963
[e043 s0950/1030] loss = 0.011891
[e043 s1000/1030] loss = 0.012016
Epoch 043: train_loss = 0.011918  MAE/GAME0 = 14.802  RMSE = 35.581  GAME1 = 16.781  GAME2 = 19.782  GAME3 = 21.289  lr = 1.00e-05  time = 14.8s
[e044 s0001/1030] loss = 0.003536
[e044 s0050/1030] loss = 0.014632
[e044 s0100/1030] loss = 0.015816
[e044 s0150/1030] loss = 0.014197
[e044 s0200/1030] loss = 0.012993
[e044 s0250/1030] loss = 0.012277
[e044 s0300/1030] loss = 0.013261
[e044 s0350/1030] loss = 0.012729
[e044 s0400/1030] loss = 0.012349
[e044 s0450/1030] loss = 0.012151
[e044 s0500/1030] loss = 0.012108
[e044 s0550/1030] loss = 0.012257
[e044 s0600/1030] loss = 0.012216
[e044 s0650/1030] loss = 0.011797
[e044 s0700/1030] loss = 0.011972
[e044 s0750/1030] loss = 0.011617
[e044 s0800/1030] loss = 0.012294
[e044 s0850/1030] loss = 0.012045
[e044 s0900/1030] loss = 0.011860
[e044 s0950/1030] loss = 0.012154
[e044 s1000/1030] loss = 0.012059
Epoch 044: train_loss = 0.012107  MAE/GAME0 = 12.266  RMSE = 35.558  GAME1 = 14.221  GAME2 = 16.520  GAME3 = 17.633  lr = 1.00e-05  time = 14.8s
[e045 s0001/1030] loss = 0.000890
[e045 s0050/1030] loss = 0.010227
[e045 s0100/1030] loss = 0.010716
[e045 s0150/1030] loss = 0.011004
[e045 s0200/1030] loss = 0.011094
[e045 s0250/1030] loss = 0.012872
[e045 s0300/1030] loss = 0.012589
[e045 s0350/1030] loss = 0.012101
[e045 s0400/1030] loss = 0.012071
[e045 s0450/1030] loss = 0.011773
[e045 s0500/1030] loss = 0.011402
[e045 s0550/1030] loss = 0.011145
[e045 s0600/1030] loss = 0.011286
[e045 s0650/1030] loss = 0.011352
[e045 s0700/1030] loss = 0.011214
[e045 s0750/1030] loss = 0.010994
[e045 s0800/1030] loss = 0.010945
[e045 s0850/1030] loss = 0.010899
[e045 s0900/1030] loss = 0.010794
[e045 s0950/1030] loss = 0.011011
[e045 s1000/1030] loss = 0.011016
Epoch 045: train_loss = 0.010960  MAE/GAME0 = 13.150  RMSE = 35.804  GAME1 = 15.367  GAME2 = 17.860  GAME3 = 19.002  lr = 1.00e-05  time = 14.8s
[e046 s0001/1030] loss = 0.037184
[e046 s0050/1030] loss = 0.014820
[e046 s0100/1030] loss = 0.012823
[e046 s0150/1030] loss = 0.012577
[e046 s0200/1030] loss = 0.011421
[e046 s0250/1030] loss = 0.012576
[e046 s0300/1030] loss = 0.011748
[e046 s0350/1030] loss = 0.011734
[e046 s0400/1030] loss = 0.011539
[e046 s0450/1030] loss = 0.011467
[e046 s0500/1030] loss = 0.011216
[e046 s0550/1030] loss = 0.011107
[e046 s0600/1030] loss = 0.011384
[e046 s0650/1030] loss = 0.011379
[e046 s0700/1030] loss = 0.011591
[e046 s0750/1030] loss = 0.012240
[e046 s0800/1030] loss = 0.012570
[e046 s0850/1030] loss = 0.012784
[e046 s0900/1030] loss = 0.012893
[e046 s0950/1030] loss = 0.012892
[e046 s1000/1030] loss = 0.012842
Epoch 046: train_loss = 0.012759  MAE/GAME0 = 12.261  RMSE = 35.196  GAME1 = 14.714  GAME2 = 17.625  GAME3 = 18.788  lr = 1.00e-05  time = 14.7s
[e047 s0001/1030] loss = 0.050783
[e047 s0050/1030] loss = 0.012669
[e047 s0100/1030] loss = 0.011467
[e047 s0150/1030] loss = 0.010311
[e047 s0200/1030] loss = 0.011017
[e047 s0250/1030] loss = 0.011102
[e047 s0300/1030] loss = 0.010548
[e047 s0350/1030] loss = 0.011070
[e047 s0400/1030] loss = 0.011133
[e047 s0450/1030] loss = 0.010757
[e047 s0500/1030] loss = 0.010736
[e047 s0550/1030] loss = 0.011177
[e047 s0600/1030] loss = 0.011074
[e047 s0650/1030] loss = 0.010930
[e047 s0700/1030] loss = 0.010984
[e047 s0750/1030] loss = 0.011381
[e047 s0800/1030] loss = 0.011389
[e047 s0850/1030] loss = 0.011597
[e047 s0900/1030] loss = 0.011401
[e047 s0950/1030] loss = 0.011219
[e047 s1000/1030] loss = 0.011173
Epoch 047: train_loss = 0.011132  MAE/GAME0 = 12.112  RMSE = 35.181  GAME1 = 14.234  GAME2 = 16.907  GAME3 = 18.059  lr = 1.00e-05  time = 14.9s
[e048 s0001/1030] loss = 0.006640
[e048 s0050/1030] loss = 0.008108
[e048 s0100/1030] loss = 0.008913
[e048 s0150/1030] loss = 0.009142
[e048 s0200/1030] loss = 0.008684
[e048 s0250/1030] loss = 0.008735
[e048 s0300/1030] loss = 0.009040
[e048 s0350/1030] loss = 0.009373
[e048 s0400/1030] loss = 0.009963
[e048 s0450/1030] loss = 0.009717
[e048 s0500/1030] loss = 0.011444
[e048 s0550/1030] loss = 0.011194
[e048 s0600/1030] loss = 0.011405
[e048 s0650/1030] loss = 0.011352
[e048 s0700/1030] loss = 0.011191
[e048 s0750/1030] loss = 0.011254
[e048 s0800/1030] loss = 0.011223
[e048 s0850/1030] loss = 0.011057
[e048 s0900/1030] loss = 0.010978
[e048 s0950/1030] loss = 0.010789
[e048 s1000/1030] loss = 0.011161
Epoch 048: train_loss = 0.011185  MAE/GAME0 = 13.809  RMSE = 36.536  GAME1 = 15.256  GAME2 = 16.948  GAME3 = 17.686  lr = 1.00e-05  time = 14.7s
[e049 s0001/1030] loss = 0.011984
[e049 s0050/1030] loss = 0.009780
[e049 s0100/1030] loss = 0.011226
[e049 s0150/1030] loss = 0.009799
[e049 s0200/1030] loss = 0.010232
[e049 s0250/1030] loss = 0.009696
[e049 s0300/1030] loss = 0.009955
[e049 s0350/1030] loss = 0.009389
[e049 s0400/1030] loss = 0.010363
[e049 s0450/1030] loss = 0.010347
[e049 s0500/1030] loss = 0.010666
[e049 s0550/1030] loss = 0.010412
[e049 s0600/1030] loss = 0.010333
[e049 s0650/1030] loss = 0.011151
[e049 s0700/1030] loss = 0.010923
[e049 s0750/1030] loss = 0.010809
[e049 s0800/1030] loss = 0.010600
[e049 s0850/1030] loss = 0.010884
[e049 s0900/1030] loss = 0.010698
[e049 s0950/1030] loss = 0.010671
[e049 s1000/1030] loss = 0.010722
Epoch 049: train_loss = 0.010646  MAE/GAME0 = 12.201  RMSE = 35.750  GAME1 = 14.218  GAME2 = 16.544  GAME3 = 17.570  lr = 1.00e-05  time = 14.6s
[e050 s0001/1030] loss = 0.001963
[e050 s0050/1030] loss = 0.013909
[e050 s0100/1030] loss = 0.011828
[e050 s0150/1030] loss = 0.010587
[e050 s0200/1030] loss = 0.011531
[e050 s0250/1030] loss = 0.012792
[e050 s0300/1030] loss = 0.012483
[e050 s0350/1030] loss = 0.012161
[e050 s0400/1030] loss = 0.011826
[e050 s0450/1030] loss = 0.011486
[e050 s0500/1030] loss = 0.011360
[e050 s0550/1030] loss = 0.011653
[e050 s0600/1030] loss = 0.011508
[e050 s0650/1030] loss = 0.011457
[e050 s0700/1030] loss = 0.011449
[e050 s0750/1030] loss = 0.011644
[e050 s0800/1030] loss = 0.011663
[e050 s0850/1030] loss = 0.011569
[e050 s0900/1030] loss = 0.011516
[e050 s0950/1030] loss = 0.011815
[e050 s1000/1030] loss = 0.011736
Epoch 050: train_loss = 0.011653  MAE/GAME0 = 12.063  RMSE = 35.213  GAME1 = 14.183  GAME2 = 16.826  GAME3 = 18.040  lr = 1.00e-05  time = 14.8s
[e051 s0001/1030] loss = 0.006665
[e051 s0050/1030] loss = 0.008420
[e051 s0100/1030] loss = 0.007692
[e051 s0150/1030] loss = 0.007872
[e051 s0200/1030] loss = 0.008266
[e051 s0250/1030] loss = 0.010448
[e051 s0300/1030] loss = 0.010189
[e051 s0350/1030] loss = 0.010480
[e051 s0400/1030] loss = 0.010283
[e051 s0450/1030] loss = 0.010094
[e051 s0500/1030] loss = 0.010215
[e051 s0550/1030] loss = 0.011086
[e051 s0600/1030] loss = 0.010706
[e051 s0650/1030] loss = 0.010609
[e051 s0700/1030] loss = 0.010603
[e051 s0750/1030] loss = 0.010769
[e051 s0800/1030] loss = 0.010715
[e051 s0850/1030] loss = 0.010595
[e051 s0900/1030] loss = 0.010730
[e051 s0950/1030] loss = 0.010664
[e051 s1000/1030] loss = 0.010507
Epoch 051: train_loss = 0.010512  MAE/GAME0 = 12.222  RMSE = 35.267  GAME1 = 14.185  GAME2 = 16.763  GAME3 = 18.069  lr = 1.00e-05  time = 14.6s
[e052 s0001/1030] loss = 0.003354
[e052 s0050/1030] loss = 0.010986
[e052 s0100/1030] loss = 0.009849
[e052 s0150/1030] loss = 0.011949
[e052 s0200/1030] loss = 0.010979
[e052 s0250/1030] loss = 0.011741
[e052 s0300/1030] loss = 0.011744
[e052 s0350/1030] loss = 0.011404
[e052 s0400/1030] loss = 0.011172
[e052 s0450/1030] loss = 0.011035
[e052 s0500/1030] loss = 0.010906
[e052 s0550/1030] loss = 0.010933
[e052 s0600/1030] loss = 0.012249
[e052 s0650/1030] loss = 0.012190
[e052 s0700/1030] loss = 0.012318
[e052 s0750/1030] loss = 0.012089
[e052 s0800/1030] loss = 0.012219
[e052 s0850/1030] loss = 0.012268
[e052 s0900/1030] loss = 0.012293
[e052 s0950/1030] loss = 0.012178
[e052 s1000/1030] loss = 0.012006
Epoch 052: train_loss = 0.011838  MAE/GAME0 = 12.039  RMSE = 35.543  GAME1 = 14.042  GAME2 = 16.224  GAME3 = 17.251  lr = 1.00e-05  time = 14.6s
[e053 s0001/1030] loss = 0.004928
[e053 s0050/1030] loss = 0.013452
[e053 s0100/1030] loss = 0.011375
[e053 s0150/1030] loss = 0.010958
[e053 s0200/1030] loss = 0.010058
[e053 s0250/1030] loss = 0.009943
[e053 s0300/1030] loss = 0.010216
[e053 s0350/1030] loss = 0.011362
[e053 s0400/1030] loss = 0.011563
[e053 s0450/1030] loss = 0.011177
[e053 s0500/1030] loss = 0.011558
[e053 s0550/1030] loss = 0.011598
[e053 s0600/1030] loss = 0.011316
[e053 s0650/1030] loss = 0.011072
[e053 s0700/1030] loss = 0.010838
[e053 s0750/1030] loss = 0.010785
[e053 s0800/1030] loss = 0.011116
[e053 s0850/1030] loss = 0.011114
[e053 s0900/1030] loss = 0.011468
[e053 s0950/1030] loss = 0.011451
[e053 s1000/1030] loss = 0.011357
Epoch 053: train_loss = 0.011295  MAE/GAME0 = 12.593  RMSE = 35.619  GAME1 = 14.612  GAME2 = 16.651  GAME3 = 17.714  lr = 1.00e-05  time = 15.0s
[e054 s0001/1030] loss = 0.008263
[e054 s0050/1030] loss = 0.010347
[e054 s0100/1030] loss = 0.010098
[e054 s0150/1030] loss = 0.011330
[e054 s0200/1030] loss = 0.011276
[e054 s0250/1030] loss = 0.011464
[e054 s0300/1030] loss = 0.010747
[e054 s0350/1030] loss = 0.010645
[e054 s0400/1030] loss = 0.011580
[e054 s0450/1030] loss = 0.011367
[e054 s0500/1030] loss = 0.011403
[e054 s0550/1030] loss = 0.011068
[e054 s0600/1030] loss = 0.010835
[e054 s0650/1030] loss = 0.010811
[e054 s0700/1030] loss = 0.010630
[e054 s0750/1030] loss = 0.010454
[e054 s0800/1030] loss = 0.010299
[e054 s0850/1030] loss = 0.010550
[e054 s0900/1030] loss = 0.010474
[e054 s0950/1030] loss = 0.010456
[e054 s1000/1030] loss = 0.010530
Epoch 054: train_loss = 0.010462  MAE/GAME0 = 12.326  RMSE = 35.791  GAME1 = 14.382  GAME2 = 16.643  GAME3 = 17.586  lr = 1.00e-05  time = 14.8s
[e055 s0001/1030] loss = 0.000987
[e055 s0050/1030] loss = 0.013971
[e055 s0100/1030] loss = 0.012921
[e055 s0150/1030] loss = 0.011583
[e055 s0200/1030] loss = 0.011160
[e055 s0250/1030] loss = 0.010970
[e055 s0300/1030] loss = 0.011866
[e055 s0350/1030] loss = 0.011548
[e055 s0400/1030] loss = 0.011036
[e055 s0450/1030] loss = 0.011470
[e055 s0500/1030] loss = 0.011712
[e055 s0550/1030] loss = 0.012348
[e055 s0600/1030] loss = 0.011918
[e055 s0650/1030] loss = 0.011669
[e055 s0700/1030] loss = 0.011684
[e055 s0750/1030] loss = 0.011439
[e055 s0800/1030] loss = 0.011487
[e055 s0850/1030] loss = 0.011469
[e055 s0900/1030] loss = 0.011326
[e055 s0950/1030] loss = 0.011422
[e055 s1000/1030] loss = 0.011324
Epoch 055: train_loss = 0.011208  MAE/GAME0 = 13.010  RMSE = 36.095  GAME1 = 14.819  GAME2 = 16.848  GAME3 = 17.729  lr = 1.00e-05  time = 14.6s
[e056 s0001/1030] loss = 0.001813
[e056 s0050/1030] loss = 0.026125
[e056 s0100/1030] loss = 0.019108
[e056 s0150/1030] loss = 0.017001
[e056 s0200/1030] loss = 0.014675
[e056 s0250/1030] loss = 0.015323
[e056 s0300/1030] loss = 0.014012
[e056 s0350/1030] loss = 0.012884
[e056 s0400/1030] loss = 0.012375
[e056 s0450/1030] loss = 0.012193
[e056 s0500/1030] loss = 0.012191
[e056 s0550/1030] loss = 0.012067
[e056 s0600/1030] loss = 0.011901
[e056 s0650/1030] loss = 0.011765
[e056 s0700/1030] loss = 0.011839
[e056 s0750/1030] loss = 0.011924
[e056 s0800/1030] loss = 0.011987
[e056 s0850/1030] loss = 0.012084
[e056 s0900/1030] loss = 0.012005
[e056 s0950/1030] loss = 0.011908
[e056 s1000/1030] loss = 0.011764
Epoch 056: train_loss = 0.011764  MAE/GAME0 = 11.765  RMSE = 34.647  GAME1 = 13.942  GAME2 = 16.742  GAME3 = 18.023  lr = 1.00e-05  time = 14.8s
[e057 s0001/1030] loss = 0.000955
[e057 s0050/1030] loss = 0.009149
[e057 s0100/1030] loss = 0.008958
[e057 s0150/1030] loss = 0.008798
[e057 s0200/1030] loss = 0.009001
[e057 s0250/1030] loss = 0.009264
[e057 s0300/1030] loss = 0.009534
[e057 s0350/1030] loss = 0.009610
[e057 s0400/1030] loss = 0.010200
[e057 s0450/1030] loss = 0.009887
[e057 s0500/1030] loss = 0.009675
[e057 s0550/1030] loss = 0.009802
[e057 s0600/1030] loss = 0.009826
[e057 s0650/1030] loss = 0.010643
[e057 s0700/1030] loss = 0.010582
[e057 s0750/1030] loss = 0.010734
[e057 s0800/1030] loss = 0.010711
[e057 s0850/1030] loss = 0.010503
[e057 s0900/1030] loss = 0.010615
[e057 s0950/1030] loss = 0.010636
[e057 s1000/1030] loss = 0.010727
Epoch 057: train_loss = 0.010923  MAE/GAME0 = 13.345  RMSE = 36.152  GAME1 = 14.625  GAME2 = 16.152  GAME3 = 16.911  lr = 1.00e-05  time = 14.8s
[e058 s0001/1030] loss = 0.001006
[e058 s0050/1030] loss = 0.011860
[e058 s0100/1030] loss = 0.009491
[e058 s0150/1030] loss = 0.008905
[e058 s0200/1030] loss = 0.010547
[e058 s0250/1030] loss = 0.010121
[e058 s0300/1030] loss = 0.011484
[e058 s0350/1030] loss = 0.011391
[e058 s0400/1030] loss = 0.011427
[e058 s0450/1030] loss = 0.011307
[e058 s0500/1030] loss = 0.010866
[e058 s0550/1030] loss = 0.011014
[e058 s0600/1030] loss = 0.011037
[e058 s0650/1030] loss = 0.010908
[e058 s0700/1030] loss = 0.010852
[e058 s0750/1030] loss = 0.010678
[e058 s0800/1030] loss = 0.010524
[e058 s0850/1030] loss = 0.010499
[e058 s0900/1030] loss = 0.010991
[e058 s0950/1030] loss = 0.010885
[e058 s1000/1030] loss = 0.010922
Epoch 058: train_loss = 0.010948  MAE/GAME0 = 11.637  RMSE = 35.005  GAME1 = 13.715  GAME2 = 16.272  GAME3 = 17.380  lr = 1.00e-05  time = 14.6s
[e059 s0001/1030] loss = 0.007387
[e059 s0050/1030] loss = 0.009097
[e059 s0100/1030] loss = 0.010588
[e059 s0150/1030] loss = 0.009578
[e059 s0200/1030] loss = 0.010927
[e059 s0250/1030] loss = 0.011421
[e059 s0300/1030] loss = 0.011211
[e059 s0350/1030] loss = 0.011208
[e059 s0400/1030] loss = 0.011723
[e059 s0450/1030] loss = 0.011394
[e059 s0500/1030] loss = 0.011113
[e059 s0550/1030] loss = 0.010880
[e059 s0600/1030] loss = 0.010578
[e059 s0650/1030] loss = 0.010909
[e059 s0700/1030] loss = 0.010761
[e059 s0750/1030] loss = 0.010608
[e059 s0800/1030] loss = 0.010767
[e059 s0850/1030] loss = 0.010801
[e059 s0900/1030] loss = 0.011003
[e059 s0950/1030] loss = 0.010905
[e059 s1000/1030] loss = 0.011239
Epoch 059: train_loss = 0.011317  MAE/GAME0 = 11.390  RMSE = 34.706  GAME1 = 13.662  GAME2 = 16.219  GAME3 = 17.426  lr = 1.00e-05  time = 15.0s
[e060 s0001/1030] loss = 0.004620
[e060 s0050/1030] loss = 0.016924
[e060 s0100/1030] loss = 0.012676
[e060 s0150/1030] loss = 0.011895
[e060 s0200/1030] loss = 0.012566
[e060 s0250/1030] loss = 0.011823
[e060 s0300/1030] loss = 0.011980
[e060 s0350/1030] loss = 0.011482
[e060 s0400/1030] loss = 0.012581
[e060 s0450/1030] loss = 0.012317
[e060 s0500/1030] loss = 0.011849
[e060 s0550/1030] loss = 0.011620
[e060 s0600/1030] loss = 0.011531
[e060 s0650/1030] loss = 0.011398
[e060 s0700/1030] loss = 0.011040
[e060 s0750/1030] loss = 0.010948
[e060 s0800/1030] loss = 0.010740
[e060 s0850/1030] loss = 0.010614
[e060 s0900/1030] loss = 0.010475
[e060 s0950/1030] loss = 0.010537
[e060 s1000/1030] loss = 0.010490
Epoch 060: train_loss = 0.010481  MAE/GAME0 = 12.088  RMSE = 34.566  GAME1 = 13.975  GAME2 = 16.681  GAME3 = 17.888  lr = 1.00e-05  time = 14.7s
[e061 s0001/1030] loss = 0.011005
[e061 s0050/1030] loss = 0.010377
[e061 s0100/1030] loss = 0.010921
[e061 s0150/1030] loss = 0.010285
[e061 s0200/1030] loss = 0.010461
[e061 s0250/1030] loss = 0.010493
[e061 s0300/1030] loss = 0.010170
[e061 s0350/1030] loss = 0.009833
[e061 s0400/1030] loss = 0.009948
[e061 s0450/1030] loss = 0.009791
[e061 s0500/1030] loss = 0.009745
[e061 s0550/1030] loss = 0.009730
[e061 s0600/1030] loss = 0.011049
[e061 s0650/1030] loss = 0.011033
[e061 s0700/1030] loss = 0.010717
[e061 s0750/1030] loss = 0.011203
[e061 s0800/1030] loss = 0.011074
[e061 s0850/1030] loss = 0.011199
[e061 s0900/1030] loss = 0.011034
[e061 s0950/1030] loss = 0.010886
[e061 s1000/1030] loss = 0.010968
Epoch 061: train_loss = 0.011039  MAE/GAME0 = 11.598  RMSE = 34.904  GAME1 = 13.446  GAME2 = 15.820  GAME3 = 17.010  lr = 1.00e-05  time = 14.6s
[e062 s0001/1030] loss = 0.002860
[e062 s0050/1030] loss = 0.011194
[e062 s0100/1030] loss = 0.012838
[e062 s0150/1030] loss = 0.011398
[e062 s0200/1030] loss = 0.011278
[e062 s0250/1030] loss = 0.010626
[e062 s0300/1030] loss = 0.010207
[e062 s0350/1030] loss = 0.009751
[e062 s0400/1030] loss = 0.009772
[e062 s0450/1030] loss = 0.009672
[e062 s0500/1030] loss = 0.009537
[e062 s0550/1030] loss = 0.009659
[e062 s0600/1030] loss = 0.009370
[e062 s0650/1030] loss = 0.009456
[e062 s0700/1030] loss = 0.010397
[e062 s0750/1030] loss = 0.010321
[e062 s0800/1030] loss = 0.010235
[e062 s0850/1030] loss = 0.010569
[e062 s0900/1030] loss = 0.010661
[e062 s0950/1030] loss = 0.010572
[e062 s1000/1030] loss = 0.010612
Epoch 062: train_loss = 0.010560  MAE/GAME0 = 12.171  RMSE = 34.647  GAME1 = 14.172  GAME2 = 17.014  GAME3 = 18.354  lr = 1.00e-05  time = 14.9s
[e063 s0001/1030] loss = 0.014421
[e063 s0050/1030] loss = 0.019352
[e063 s0100/1030] loss = 0.012475
[e063 s0150/1030] loss = 0.013956
[e063 s0200/1030] loss = 0.012923
[e063 s0250/1030] loss = 0.012228
[e063 s0300/1030] loss = 0.011478
[e063 s0350/1030] loss = 0.010937
[e063 s0400/1030] loss = 0.010651
[e063 s0450/1030] loss = 0.010829
[e063 s0500/1030] loss = 0.012468
[e063 s0550/1030] loss = 0.012117
[e063 s0600/1030] loss = 0.011921
[e063 s0650/1030] loss = 0.011842
[e063 s0700/1030] loss = 0.011719
[e063 s0750/1030] loss = 0.011813
[e063 s0800/1030] loss = 0.011753
[e063 s0850/1030] loss = 0.011448
[e063 s0900/1030] loss = 0.011226
[e063 s0950/1030] loss = 0.011057
[e063 s1000/1030] loss = 0.010935
Epoch 063: train_loss = 0.010896  MAE/GAME0 = 12.789  RMSE = 35.376  GAME1 = 14.899  GAME2 = 17.881  GAME3 = 19.356  lr = 1.00e-05  time = 14.6s
[e064 s0001/1030] loss = 0.005296
[e064 s0050/1030] loss = 0.008860
[e064 s0100/1030] loss = 0.010488
[e064 s0150/1030] loss = 0.009888
[e064 s0200/1030] loss = 0.009182
[e064 s0250/1030] loss = 0.009111
[e064 s0300/1030] loss = 0.009579
[e064 s0350/1030] loss = 0.009425
[e064 s0400/1030] loss = 0.009218
[e064 s0450/1030] loss = 0.009530
[e064 s0500/1030] loss = 0.009451
[e064 s0550/1030] loss = 0.009332
[e064 s0600/1030] loss = 0.009414
[e064 s0650/1030] loss = 0.009556
[e064 s0700/1030] loss = 0.010807
[e064 s0750/1030] loss = 0.010574
[e064 s0800/1030] loss = 0.010301
[e064 s0850/1030] loss = 0.010098
[e064 s0900/1030] loss = 0.010143
[e064 s0950/1030] loss = 0.010094
[e064 s1000/1030] loss = 0.009965
Epoch 064: train_loss = 0.009869  MAE/GAME0 = 11.789  RMSE = 34.763  GAME1 = 13.874  GAME2 = 16.733  GAME3 = 18.137  lr = 1.00e-05  time = 14.7s
[e065 s0001/1030] loss = 0.000555
[e065 s0050/1030] loss = 0.018067
[e065 s0100/1030] loss = 0.014671
[e065 s0150/1030] loss = 0.012408
[e065 s0200/1030] loss = 0.011139
[e065 s0250/1030] loss = 0.010403
[e065 s0300/1030] loss = 0.010177
[e065 s0350/1030] loss = 0.010225
[e065 s0400/1030] loss = 0.009910
[e065 s0450/1030] loss = 0.009948
[e065 s0500/1030] loss = 0.010022
[e065 s0550/1030] loss = 0.010413
[e065 s0600/1030] loss = 0.010972
[e065 s0650/1030] loss = 0.010874
[e065 s0700/1030] loss = 0.010864
[e065 s0750/1030] loss = 0.011044
[e065 s0800/1030] loss = 0.010863
[e065 s0850/1030] loss = 0.010657
[e065 s0900/1030] loss = 0.010465
[e065 s0950/1030] loss = 0.010636
[e065 s1000/1030] loss = 0.010584
Epoch 065: train_loss = 0.010610  MAE/GAME0 = 11.357  RMSE = 35.065  GAME1 = 13.435  GAME2 = 16.002  GAME3 = 17.266  lr = 1.00e-05  time = 14.7s
[e066 s0001/1030] loss = 0.008293
[e066 s0050/1030] loss = 0.007742
[e066 s0100/1030] loss = 0.008950
[e066 s0150/1030] loss = 0.008268
[e066 s0200/1030] loss = 0.008219
[e066 s0250/1030] loss = 0.007971
[e066 s0300/1030] loss = 0.007658
[e066 s0350/1030] loss = 0.010521
[e066 s0400/1030] loss = 0.010429
[e066 s0450/1030] loss = 0.010068
[e066 s0500/1030] loss = 0.010539
[e066 s0550/1030] loss = 0.010625
[e066 s0600/1030] loss = 0.010582
[e066 s0650/1030] loss = 0.010460
[e066 s0700/1030] loss = 0.010458
[e066 s0750/1030] loss = 0.010549
[e066 s0800/1030] loss = 0.010421
[e066 s0850/1030] loss = 0.010314
[e066 s0900/1030] loss = 0.010437
[e066 s0950/1030] loss = 0.010259
[e066 s1000/1030] loss = 0.010267
Epoch 066: train_loss = 0.010252  MAE/GAME0 = 12.106  RMSE = 35.541  GAME1 = 13.870  GAME2 = 15.759  GAME3 = 16.709  lr = 1.00e-05  time = 14.9s
[e067 s0001/1030] loss = 0.000357
[e067 s0050/1030] loss = 0.006423
[e067 s0100/1030] loss = 0.009022
[e067 s0150/1030] loss = 0.009567
[e067 s0200/1030] loss = 0.009761
[e067 s0250/1030] loss = 0.008798
[e067 s0300/1030] loss = 0.008995
[e067 s0350/1030] loss = 0.009031
[e067 s0400/1030] loss = 0.009025
[e067 s0450/1030] loss = 0.008780
[e067 s0500/1030] loss = 0.009753
[e067 s0550/1030] loss = 0.009865
[e067 s0600/1030] loss = 0.009633
[e067 s0650/1030] loss = 0.009736
[e067 s0700/1030] loss = 0.009774
[e067 s0750/1030] loss = 0.010012
[e067 s0800/1030] loss = 0.010058
[e067 s0850/1030] loss = 0.009904
[e067 s0900/1030] loss = 0.010038
[e067 s0950/1030] loss = 0.010104
[e067 s1000/1030] loss = 0.010007
Epoch 067: train_loss = 0.009981  MAE/GAME0 = 11.733  RMSE = 35.299  GAME1 = 13.740  GAME2 = 16.182  GAME3 = 17.270  lr = 1.00e-05  time = 15.1s
[e068 s0001/1030] loss = 0.020430
[e068 s0050/1030] loss = 0.015376
[e068 s0100/1030] loss = 0.011352
[e068 s0150/1030] loss = 0.010454
[e068 s0200/1030] loss = 0.009522
[e068 s0250/1030] loss = 0.009254
[e068 s0300/1030] loss = 0.009202
[e068 s0350/1030] loss = 0.008730
[e068 s0400/1030] loss = 0.008759
[e068 s0450/1030] loss = 0.008732
[e068 s0500/1030] loss = 0.008896
[e068 s0550/1030] loss = 0.008725
[e068 s0600/1030] loss = 0.008740
[e068 s0650/1030] loss = 0.008718
[e068 s0700/1030] loss = 0.009335
[e068 s0750/1030] loss = 0.009160
[e068 s0800/1030] loss = 0.009962
[e068 s0850/1030] loss = 0.010137
[e068 s0900/1030] loss = 0.010170
[e068 s0950/1030] loss = 0.010368
[e068 s1000/1030] loss = 0.010169
Epoch 068: train_loss = 0.010108  MAE/GAME0 = 11.533  RMSE = 34.862  GAME1 = 13.525  GAME2 = 15.894  GAME3 = 17.027  lr = 1.00e-05  time = 14.7s
[e069 s0001/1030] loss = 0.006290
[e069 s0050/1030] loss = 0.008633
[e069 s0100/1030] loss = 0.009638
[e069 s0150/1030] loss = 0.009124
[e069 s0200/1030] loss = 0.010449
[e069 s0250/1030] loss = 0.009533
[e069 s0300/1030] loss = 0.009690
[e069 s0350/1030] loss = 0.011919
[e069 s0400/1030] loss = 0.011664
[e069 s0450/1030] loss = 0.011549
[e069 s0500/1030] loss = 0.011497
[e069 s0550/1030] loss = 0.011616
[e069 s0600/1030] loss = 0.011633
[e069 s0650/1030] loss = 0.011410
[e069 s0700/1030] loss = 0.011189
[e069 s0750/1030] loss = 0.011338
[e069 s0800/1030] loss = 0.011097
[e069 s0850/1030] loss = 0.010913
[e069 s0900/1030] loss = 0.011117
[e069 s0950/1030] loss = 0.011014
[e069 s1000/1030] loss = 0.010881
Epoch 069: train_loss = 0.010826  MAE/GAME0 = 11.940  RMSE = 35.677  GAME1 = 13.695  GAME2 = 15.652  GAME3 = 16.650  lr = 1.00e-05  time = 14.9s
[e070 s0001/1030] loss = 0.005467
[e070 s0050/1030] loss = 0.007987
[e070 s0100/1030] loss = 0.006854
[e070 s0150/1030] loss = 0.006973
[e070 s0200/1030] loss = 0.007483
[e070 s0250/1030] loss = 0.007821
[e070 s0300/1030] loss = 0.007984
[e070 s0350/1030] loss = 0.008334
[e070 s0400/1030] loss = 0.008342
[e070 s0450/1030] loss = 0.009528
[e070 s0500/1030] loss = 0.009787
[e070 s0550/1030] loss = 0.009737
[e070 s0600/1030] loss = 0.009613
[e070 s0650/1030] loss = 0.009423
[e070 s0700/1030] loss = 0.009380
[e070 s0750/1030] loss = 0.009491
[e070 s0800/1030] loss = 0.009963
[e070 s0850/1030] loss = 0.009984
[e070 s0900/1030] loss = 0.010174
[e070 s0950/1030] loss = 0.010277
[e070 s1000/1030] loss = 0.010254
Epoch 070: train_loss = 0.010258  MAE/GAME0 = 13.110  RMSE = 34.597  GAME1 = 14.964  GAME2 = 17.560  GAME3 = 18.985  lr = 1.00e-05  time = 14.6s
[e071 s0001/1030] loss = 0.007837
[e071 s0050/1030] loss = 0.006276
[e071 s0100/1030] loss = 0.008680
[e071 s0150/1030] loss = 0.009564
[e071 s0200/1030] loss = 0.009533
[e071 s0250/1030] loss = 0.009269
[e071 s0300/1030] loss = 0.010410
[e071 s0350/1030] loss = 0.010664
[e071 s0400/1030] loss = 0.010698
[e071 s0450/1030] loss = 0.010476
[e071 s0500/1030] loss = 0.010229
[e071 s0550/1030] loss = 0.009979
[e071 s0600/1030] loss = 0.009546
[e071 s0650/1030] loss = 0.009517
[e071 s0700/1030] loss = 0.010545
[e071 s0750/1030] loss = 0.010397
[e071 s0800/1030] loss = 0.010417
[e071 s0850/1030] loss = 0.010476
[e071 s0900/1030] loss = 0.010407
[e071 s0950/1030] loss = 0.010386
[e071 s1000/1030] loss = 0.010325
Epoch 071: train_loss = 0.010299  MAE/GAME0 = 11.847  RMSE = 34.259  GAME1 = 13.894  GAME2 = 16.734  GAME3 = 18.032  lr = 1.00e-05  time = 14.7s
[e072 s0001/1030] loss = 0.005794
[e072 s0050/1030] loss = 0.009339
[e072 s0100/1030] loss = 0.011556
[e072 s0150/1030] loss = 0.011748
[e072 s0200/1030] loss = 0.010590
[e072 s0250/1030] loss = 0.010317
[e072 s0300/1030] loss = 0.009913
[e072 s0350/1030] loss = 0.009690
[e072 s0400/1030] loss = 0.010079
[e072 s0450/1030] loss = 0.011204
[e072 s0500/1030] loss = 0.010683
[e072 s0550/1030] loss = 0.010823
[e072 s0600/1030] loss = 0.010620
[e072 s0650/1030] loss = 0.010419
[e072 s0700/1030] loss = 0.010698
[e072 s0750/1030] loss = 0.010447
[e072 s0800/1030] loss = 0.010334
[e072 s0850/1030] loss = 0.010371
[e072 s0900/1030] loss = 0.010326
[e072 s0950/1030] loss = 0.010178
[e072 s1000/1030] loss = 0.010057
Epoch 072: train_loss = 0.010005  MAE/GAME0 = 11.379  RMSE = 34.539  GAME1 = 13.451  GAME2 = 16.000  GAME3 = 17.177  lr = 1.00e-05  time = 14.7s
[e073 s0001/1030] loss = 0.025229
[e073 s0050/1030] loss = 0.007181
[e073 s0100/1030] loss = 0.007934
[e073 s0150/1030] loss = 0.007918
[e073 s0200/1030] loss = 0.008262
[e073 s0250/1030] loss = 0.008437
[e073 s0300/1030] loss = 0.008529
[e073 s0350/1030] loss = 0.008245
[e073 s0400/1030] loss = 0.008967
[e073 s0450/1030] loss = 0.009126
[e073 s0500/1030] loss = 0.009100
[e073 s0550/1030] loss = 0.009884
[e073 s0600/1030] loss = 0.009876
[e073 s0650/1030] loss = 0.009817
[e073 s0700/1030] loss = 0.010207
[e073 s0750/1030] loss = 0.010111
[e073 s0800/1030] loss = 0.009926
[e073 s0850/1030] loss = 0.009857
[e073 s0900/1030] loss = 0.009837
[e073 s0950/1030] loss = 0.009629
[e073 s1000/1030] loss = 0.009531
Epoch 073: train_loss = 0.009513  MAE/GAME0 = 11.312  RMSE = 34.674  GAME1 = 13.137  GAME2 = 15.681  GAME3 = 16.991  lr = 1.00e-05  time = 14.7s
[e074 s0001/1030] loss = 0.000727
[e074 s0050/1030] loss = 0.009217
[e074 s0100/1030] loss = 0.008660
[e074 s0150/1030] loss = 0.010448
[e074 s0200/1030] loss = 0.009863
[e074 s0250/1030] loss = 0.009948
[e074 s0300/1030] loss = 0.009882
[e074 s0350/1030] loss = 0.010046
[e074 s0400/1030] loss = 0.009738
[e074 s0450/1030] loss = 0.009525
[e074 s0500/1030] loss = 0.009814
[e074 s0550/1030] loss = 0.009786
[e074 s0600/1030] loss = 0.009923
[e074 s0650/1030] loss = 0.009768
[e074 s0700/1030] loss = 0.009578
[e074 s0750/1030] loss = 0.009948
[e074 s0800/1030] loss = 0.009865
[e074 s0850/1030] loss = 0.009655
[e074 s0900/1030] loss = 0.009481
[e074 s0950/1030] loss = 0.009520
[e074 s1000/1030] loss = 0.009579
Epoch 074: train_loss = 0.009710  MAE/GAME0 = 12.452  RMSE = 35.882  GAME1 = 14.542  GAME2 = 16.635  GAME3 = 17.615  lr = 1.00e-05  time = 14.8s
[e075 s0001/1030] loss = 0.020965
[e075 s0050/1030] loss = 0.008944
[e075 s0100/1030] loss = 0.007010
[e075 s0150/1030] loss = 0.008630
[e075 s0200/1030] loss = 0.009189
[e075 s0250/1030] loss = 0.008689
[e075 s0300/1030] loss = 0.008845
[e075 s0350/1030] loss = 0.008684
[e075 s0400/1030] loss = 0.009073
[e075 s0450/1030] loss = 0.008796
[e075 s0500/1030] loss = 0.008825
[e075 s0550/1030] loss = 0.008989
[e075 s0600/1030] loss = 0.010529
[e075 s0650/1030] loss = 0.010344
[e075 s0700/1030] loss = 0.010656
[e075 s0750/1030] loss = 0.010443
[e075 s0800/1030] loss = 0.010236
[e075 s0850/1030] loss = 0.010068
[e075 s0900/1030] loss = 0.009933
[e075 s0950/1030] loss = 0.009962
[e075 s1000/1030] loss = 0.009852
Epoch 075: train_loss = 0.009801  MAE/GAME0 = 11.134  RMSE = 33.970  GAME1 = 13.171  GAME2 = 15.890  GAME3 = 17.131  lr = 1.00e-05  time = 14.8s
[e076 s0001/1030] loss = 0.003310
[e076 s0050/1030] loss = 0.012118
[e076 s0100/1030] loss = 0.011515
[e076 s0150/1030] loss = 0.014357
[e076 s0200/1030] loss = 0.012591
[e076 s0250/1030] loss = 0.011541
[e076 s0300/1030] loss = 0.011099
[e076 s0350/1030] loss = 0.010866
[e076 s0400/1030] loss = 0.010468
[e076 s0450/1030] loss = 0.010361
[e076 s0500/1030] loss = 0.010510
[e076 s0550/1030] loss = 0.010605
[e076 s0600/1030] loss = 0.010577
[e076 s0650/1030] loss = 0.010360
[e076 s0700/1030] loss = 0.010190
[e076 s0750/1030] loss = 0.010099
[e076 s0800/1030] loss = 0.010533
[e076 s0850/1030] loss = 0.010441
[e076 s0900/1030] loss = 0.010453
[e076 s0950/1030] loss = 0.010210
[e076 s1000/1030] loss = 0.010090
Epoch 076: train_loss = 0.010262  MAE/GAME0 = 11.546  RMSE = 35.191  GAME1 = 13.259  GAME2 = 15.186  GAME3 = 16.162  lr = 1.00e-05  time = 14.7s
[e077 s0001/1030] loss = 0.003858
[e077 s0050/1030] loss = 0.009136
[e077 s0100/1030] loss = 0.009246
[e077 s0150/1030] loss = 0.008976
[e077 s0200/1030] loss = 0.008554
[e077 s0250/1030] loss = 0.008208
[e077 s0300/1030] loss = 0.008436
[e077 s0350/1030] loss = 0.008480
[e077 s0400/1030] loss = 0.008564
[e077 s0450/1030] loss = 0.009618
[e077 s0500/1030] loss = 0.009792
[e077 s0550/1030] loss = 0.009806
[e077 s0600/1030] loss = 0.009663
[e077 s0650/1030] loss = 0.009791
[e077 s0700/1030] loss = 0.009806
[e077 s0750/1030] loss = 0.009926
[e077 s0800/1030] loss = 0.010069
[e077 s0850/1030] loss = 0.009923
[e077 s0900/1030] loss = 0.009776
[e077 s0950/1030] loss = 0.009676
[e077 s1000/1030] loss = 0.009898
Epoch 077: train_loss = 0.009929  MAE/GAME0 = 11.554  RMSE = 34.981  GAME1 = 13.466  GAME2 = 15.685  GAME3 = 16.829  lr = 1.00e-05  time = 14.8s
[e078 s0001/1030] loss = 0.001746
[e078 s0050/1030] loss = 0.009293
[e078 s0100/1030] loss = 0.009077
[e078 s0150/1030] loss = 0.010402
[e078 s0200/1030] loss = 0.009126
[e078 s0250/1030] loss = 0.008821
[e078 s0300/1030] loss = 0.009102
[e078 s0350/1030] loss = 0.009973
[e078 s0400/1030] loss = 0.009503
[e078 s0450/1030] loss = 0.009273
[e078 s0500/1030] loss = 0.009127
[e078 s0550/1030] loss = 0.009004
[e078 s0600/1030] loss = 0.008928
[e078 s0650/1030] loss = 0.009065
[e078 s0700/1030] loss = 0.009034
[e078 s0750/1030] loss = 0.009242
[e078 s0800/1030] loss = 0.009290
[e078 s0850/1030] loss = 0.009260
[e078 s0900/1030] loss = 0.009168
[e078 s0950/1030] loss = 0.009294
[e078 s1000/1030] loss = 0.009257
Epoch 078: train_loss = 0.009260  MAE/GAME0 = 11.036  RMSE = 34.694  GAME1 = 12.864  GAME2 = 15.288  GAME3 = 16.517  lr = 1.00e-05  time = 14.7s
[e079 s0001/1030] loss = 0.004093
[e079 s0050/1030] loss = 0.010589
[e079 s0100/1030] loss = 0.010727
[e079 s0150/1030] loss = 0.009817
[e079 s0200/1030] loss = 0.008935
[e079 s0250/1030] loss = 0.009063
[e079 s0300/1030] loss = 0.009393
[e079 s0350/1030] loss = 0.009425
[e079 s0400/1030] loss = 0.009998
[e079 s0450/1030] loss = 0.010207
[e079 s0500/1030] loss = 0.010389
[e079 s0550/1030] loss = 0.010178
[e079 s0600/1030] loss = 0.010210
[e079 s0650/1030] loss = 0.010014
[e079 s0700/1030] loss = 0.009905
[e079 s0750/1030] loss = 0.009875
[e079 s0800/1030] loss = 0.010060
[e079 s0850/1030] loss = 0.011067
[e079 s0900/1030] loss = 0.011259
[e079 s0950/1030] loss = 0.011033
[e079 s1000/1030] loss = 0.010849
Epoch 079: train_loss = 0.010685  MAE/GAME0 = 11.260  RMSE = 34.963  GAME1 = 13.214  GAME2 = 15.611  GAME3 = 16.729  lr = 1.00e-05  time = 14.6s
[e080 s0001/1030] loss = 0.003194
[e080 s0050/1030] loss = 0.010007
[e080 s0100/1030] loss = 0.011649
[e080 s0150/1030] loss = 0.010791
[e080 s0200/1030] loss = 0.010694
[e080 s0250/1030] loss = 0.010251
[e080 s0300/1030] loss = 0.011080
[e080 s0350/1030] loss = 0.010423
[e080 s0400/1030] loss = 0.010372
[e080 s0450/1030] loss = 0.010060
[e080 s0500/1030] loss = 0.009857
[e080 s0550/1030] loss = 0.009824
[e080 s0600/1030] loss = 0.009977
[e080 s0650/1030] loss = 0.009921
[e080 s0700/1030] loss = 0.010273
[e080 s0750/1030] loss = 0.010234
[e080 s0800/1030] loss = 0.010216
[e080 s0850/1030] loss = 0.010063
[e080 s0900/1030] loss = 0.009993
[e080 s0950/1030] loss = 0.009894
[e080 s1000/1030] loss = 0.009937
Epoch 080: train_loss = 0.009837  MAE/GAME0 = 12.104  RMSE = 34.644  GAME1 = 14.212  GAME2 = 17.022  GAME3 = 18.409  lr = 1.00e-05  time = 14.7s
[e081 s0001/1030] loss = 0.000880
[e081 s0050/1030] loss = 0.013897
[e081 s0100/1030] loss = 0.011472
[e081 s0150/1030] loss = 0.012275
[e081 s0200/1030] loss = 0.011556
[e081 s0250/1030] loss = 0.010753
[e081 s0300/1030] loss = 0.010203
[e081 s0350/1030] loss = 0.010501
[e081 s0400/1030] loss = 0.010559
[e081 s0450/1030] loss = 0.010499
[e081 s0500/1030] loss = 0.010626
[e081 s0550/1030] loss = 0.010295
[e081 s0600/1030] loss = 0.010278
[e081 s0650/1030] loss = 0.010387
[e081 s0700/1030] loss = 0.010304
[e081 s0750/1030] loss = 0.010189
[e081 s0800/1030] loss = 0.010117
[e081 s0850/1030] loss = 0.010062
[e081 s0900/1030] loss = 0.010157
[e081 s0950/1030] loss = 0.010163
[e081 s1000/1030] loss = 0.010010
Epoch 081: train_loss = 0.009939  MAE/GAME0 = 10.713  RMSE = 33.811  GAME1 = 12.702  GAME2 = 15.277  GAME3 = 16.470  lr = 1.00e-05  time = 14.7s
[e082 s0001/1030] loss = 0.003519
[e082 s0050/1030] loss = 0.012417
[e082 s0100/1030] loss = 0.013288
[e082 s0150/1030] loss = 0.011606
[e082 s0200/1030] loss = 0.010570
[e082 s0250/1030] loss = 0.010256
[e082 s0300/1030] loss = 0.010613
[e082 s0350/1030] loss = 0.009930
[e082 s0400/1030] loss = 0.010027
[e082 s0450/1030] loss = 0.010177
[e082 s0500/1030] loss = 0.010184
[e082 s0550/1030] loss = 0.010223
[e082 s0600/1030] loss = 0.011201
[e082 s0650/1030] loss = 0.011127
[e082 s0700/1030] loss = 0.010991
[e082 s0750/1030] loss = 0.010937
[e082 s0800/1030] loss = 0.010962
[e082 s0850/1030] loss = 0.010672
[e082 s0900/1030] loss = 0.010595
[e082 s0950/1030] loss = 0.010544
[e082 s1000/1030] loss = 0.010336
Epoch 082: train_loss = 0.010328  MAE/GAME0 = 11.038  RMSE = 34.615  GAME1 = 12.871  GAME2 = 15.380  GAME3 = 16.704  lr = 1.00e-05  time = 14.7s
[e083 s0001/1030] loss = 0.002967
[e083 s0050/1030] loss = 0.008300
[e083 s0100/1030] loss = 0.009182
[e083 s0150/1030] loss = 0.009094
[e083 s0200/1030] loss = 0.009076
[e083 s0250/1030] loss = 0.008776
[e083 s0300/1030] loss = 0.008393
[e083 s0350/1030] loss = 0.008681
[e083 s0400/1030] loss = 0.009148
[e083 s0450/1030] loss = 0.008991
[e083 s0500/1030] loss = 0.008952
[e083 s0550/1030] loss = 0.008673
[e083 s0600/1030] loss = 0.008778
[e083 s0650/1030] loss = 0.008641
[e083 s0700/1030] loss = 0.009354
[e083 s0750/1030] loss = 0.009272
[e083 s0800/1030] loss = 0.009249
[e083 s0850/1030] loss = 0.009128
[e083 s0900/1030] loss = 0.009158
[e083 s0950/1030] loss = 0.009167
[e083 s1000/1030] loss = 0.009103
Epoch 083: train_loss = 0.009245  MAE/GAME0 = 10.775  RMSE = 34.296  GAME1 = 12.557  GAME2 = 15.067  GAME3 = 16.316  lr = 1.00e-05  time = 14.8s
[e084 s0001/1030] loss = 0.006178
[e084 s0050/1030] loss = 0.010496
[e084 s0100/1030] loss = 0.011117
[e084 s0150/1030] loss = 0.010246
[e084 s0200/1030] loss = 0.009778
[e084 s0250/1030] loss = 0.010188
[e084 s0300/1030] loss = 0.009465
[e084 s0350/1030] loss = 0.009384
[e084 s0400/1030] loss = 0.009629
[e084 s0450/1030] loss = 0.009345
[e084 s0500/1030] loss = 0.009099
[e084 s0550/1030] loss = 0.009218
[e084 s0600/1030] loss = 0.008956
[e084 s0650/1030] loss = 0.008719
[e084 s0700/1030] loss = 0.008677
[e084 s0750/1030] loss = 0.008577
[e084 s0800/1030] loss = 0.008841
[e084 s0850/1030] loss = 0.008754
[e084 s0900/1030] loss = 0.008686
[e084 s0950/1030] loss = 0.008739
[e084 s1000/1030] loss = 0.008679
Epoch 084: train_loss = 0.008633  MAE/GAME0 = 10.979  RMSE = 34.192  GAME1 = 12.816  GAME2 = 15.360  GAME3 = 16.679  lr = 1.00e-05  time = 14.8s
[e085 s0001/1030] loss = 0.010371
[e085 s0050/1030] loss = 0.010144
[e085 s0100/1030] loss = 0.010381
[e085 s0150/1030] loss = 0.010274
[e085 s0200/1030] loss = 0.011160
[e085 s0250/1030] loss = 0.011534
[e085 s0300/1030] loss = 0.010871
[e085 s0350/1030] loss = 0.010402
[e085 s0400/1030] loss = 0.010618
[e085 s0450/1030] loss = 0.010097
[e085 s0500/1030] loss = 0.010234
[e085 s0550/1030] loss = 0.010021
[e085 s0600/1030] loss = 0.010073
[e085 s0650/1030] loss = 0.009930
[e085 s0700/1030] loss = 0.009794
[e085 s0750/1030] loss = 0.009581
[e085 s0800/1030] loss = 0.009496
[e085 s0850/1030] loss = 0.009656
[e085 s0900/1030] loss = 0.009605
[e085 s0950/1030] loss = 0.009598
[e085 s1000/1030] loss = 0.009562
Epoch 085: train_loss = 0.009468  MAE/GAME0 = 11.374  RMSE = 33.822  GAME1 = 13.417  GAME2 = 16.084  GAME3 = 17.483  lr = 1.00e-05  time = 14.7s
[e086 s0001/1030] loss = 0.001386
[e086 s0050/1030] loss = 0.014470
[e086 s0100/1030] loss = 0.012864
[e086 s0150/1030] loss = 0.011434
[e086 s0200/1030] loss = 0.010318
[e086 s0250/1030] loss = 0.009604
[e086 s0300/1030] loss = 0.009352
[e086 s0350/1030] loss = 0.009369
[e086 s0400/1030] loss = 0.009257
[e086 s0450/1030] loss = 0.009218
[e086 s0500/1030] loss = 0.009243
[e086 s0550/1030] loss = 0.009424
[e086 s0600/1030] loss = 0.009270
[e086 s0650/1030] loss = 0.009495
[e086 s0700/1030] loss = 0.009880
[e086 s0750/1030] loss = 0.009802
[e086 s0800/1030] loss = 0.010159
[e086 s0850/1030] loss = 0.010052
[e086 s0900/1030] loss = 0.009890
[e086 s0950/1030] loss = 0.009900
[e086 s1000/1030] loss = 0.009784
Epoch 086: train_loss = 0.009769  MAE/GAME0 = 10.868  RMSE = 34.480  GAME1 = 12.828  GAME2 = 15.305  GAME3 = 16.558  lr = 1.00e-05  time = 14.7s
[e087 s0001/1030] loss = 0.021555
[e087 s0050/1030] loss = 0.009969
[e087 s0100/1030] loss = 0.008408
[e087 s0150/1030] loss = 0.008389
[e087 s0200/1030] loss = 0.008290
[e087 s0250/1030] loss = 0.008623
[e087 s0300/1030] loss = 0.010021
[e087 s0350/1030] loss = 0.010080
[e087 s0400/1030] loss = 0.009988
[e087 s0450/1030] loss = 0.009735
[e087 s0500/1030] loss = 0.009520
[e087 s0550/1030] loss = 0.009661
[e087 s0600/1030] loss = 0.009488
[e087 s0650/1030] loss = 0.010038
[e087 s0700/1030] loss = 0.010037
[e087 s0750/1030] loss = 0.009870
[e087 s0800/1030] loss = 0.009840
[e087 s0850/1030] loss = 0.009806
[e087 s0900/1030] loss = 0.009834
[e087 s0950/1030] loss = 0.009651
[e087 s1000/1030] loss = 0.009626
Epoch 087: train_loss = 0.009618  MAE/GAME0 = 11.139  RMSE = 33.606  GAME1 = 12.967  GAME2 = 15.673  GAME3 = 17.101  lr = 1.00e-05  time = 14.9s
[e088 s0001/1030] loss = 0.000234
[e088 s0050/1030] loss = 0.009205
[e088 s0100/1030] loss = 0.011300
[e088 s0150/1030] loss = 0.010771
[e088 s0200/1030] loss = 0.010611
[e088 s0250/1030] loss = 0.010319
[e088 s0300/1030] loss = 0.009816
[e088 s0350/1030] loss = 0.010804
[e088 s0400/1030] loss = 0.010588
[e088 s0450/1030] loss = 0.010208
[e088 s0500/1030] loss = 0.010984
[e088 s0550/1030] loss = 0.010480
[e088 s0600/1030] loss = 0.010259
[e088 s0650/1030] loss = 0.011413
[e088 s0700/1030] loss = 0.011423
[e088 s0750/1030] loss = 0.010998
[e088 s0800/1030] loss = 0.010795
[e088 s0850/1030] loss = 0.010730
[e088 s0900/1030] loss = 0.010528
[e088 s0950/1030] loss = 0.010871
[e088 s1000/1030] loss = 0.010812
Epoch 088: train_loss = 0.010692  MAE/GAME0 = 11.600  RMSE = 35.063  GAME1 = 13.292  GAME2 = 15.025  GAME3 = 15.964  lr = 1.00e-05  time = 14.7s
[e089 s0001/1030] loss = 0.010344
[e089 s0050/1030] loss = 0.006715
[e089 s0100/1030] loss = 0.007760
[e089 s0150/1030] loss = 0.007153
[e089 s0200/1030] loss = 0.007564
[e089 s0250/1030] loss = 0.007379
[e089 s0300/1030] loss = 0.008207
[e089 s0350/1030] loss = 0.008067
[e089 s0400/1030] loss = 0.008010
[e089 s0450/1030] loss = 0.008087
[e089 s0500/1030] loss = 0.008175
[e089 s0550/1030] loss = 0.008112
[e089 s0600/1030] loss = 0.008022
[e089 s0650/1030] loss = 0.008387
[e089 s0700/1030] loss = 0.008670
[e089 s0750/1030] loss = 0.008564
[e089 s0800/1030] loss = 0.008822
[e089 s0850/1030] loss = 0.008878
[e089 s0900/1030] loss = 0.008909
[e089 s0950/1030] loss = 0.008980
[e089 s1000/1030] loss = 0.008940
Epoch 089: train_loss = 0.008887  MAE/GAME0 = 11.045  RMSE = 34.118  GAME1 = 13.160  GAME2 = 15.612  GAME3 = 16.855  lr = 1.00e-05  time = 14.7s
[e090 s0001/1030] loss = 0.000991
[e090 s0050/1030] loss = 0.005597
[e090 s0100/1030] loss = 0.007604
[e090 s0150/1030] loss = 0.008298
[e090 s0200/1030] loss = 0.007874
[e090 s0250/1030] loss = 0.009116
[e090 s0300/1030] loss = 0.008725
[e090 s0350/1030] loss = 0.008640
[e090 s0400/1030] loss = 0.008626
[e090 s0450/1030] loss = 0.008650
[e090 s0500/1030] loss = 0.008436
[e090 s0550/1030] loss = 0.008816
[e090 s0600/1030] loss = 0.008580
[e090 s0650/1030] loss = 0.008817
[e090 s0700/1030] loss = 0.009546
[e090 s0750/1030] loss = 0.009655
[e090 s0800/1030] loss = 0.009845
[e090 s0850/1030] loss = 0.009939
[e090 s0900/1030] loss = 0.009690
[e090 s0950/1030] loss = 0.009615
[e090 s1000/1030] loss = 0.009596
Epoch 090: train_loss = 0.009662  MAE/GAME0 = 11.041  RMSE = 34.445  GAME1 = 13.076  GAME2 = 15.343  GAME3 = 16.462  lr = 1.00e-05  time = 14.6s
[e091 s0001/1030] loss = 0.002496
[e091 s0050/1030] loss = 0.010014
[e091 s0100/1030] loss = 0.009442
[e091 s0150/1030] loss = 0.010092
[e091 s0200/1030] loss = 0.009740
[e091 s0250/1030] loss = 0.009264
[e091 s0300/1030] loss = 0.008936
[e091 s0350/1030] loss = 0.008584
[e091 s0400/1030] loss = 0.009035
[e091 s0450/1030] loss = 0.008828
[e091 s0500/1030] loss = 0.008690
[e091 s0550/1030] loss = 0.008623
[e091 s0600/1030] loss = 0.008536
[e091 s0650/1030] loss = 0.008352
[e091 s0700/1030] loss = 0.008269
[e091 s0750/1030] loss = 0.008584
[e091 s0800/1030] loss = 0.008646
[e091 s0850/1030] loss = 0.008472
[e091 s0900/1030] loss = 0.008425
[e091 s0950/1030] loss = 0.008308
[e091 s1000/1030] loss = 0.008458
Epoch 091: train_loss = 0.008511  MAE/GAME0 = 11.480  RMSE = 33.659  GAME1 = 13.231  GAME2 = 16.228  GAME3 = 17.583  lr = 1.00e-05  time = 14.6s
[e092 s0001/1030] loss = 0.007464
[e092 s0050/1030] loss = 0.013405
[e092 s0100/1030] loss = 0.011691
[e092 s0150/1030] loss = 0.011754
[e092 s0200/1030] loss = 0.011365
[e092 s0250/1030] loss = 0.010737
[e092 s0300/1030] loss = 0.010303
[e092 s0350/1030] loss = 0.009753
[e092 s0400/1030] loss = 0.009513
[e092 s0450/1030] loss = 0.009895
[e092 s0500/1030] loss = 0.010014
[e092 s0550/1030] loss = 0.009727
[e092 s0600/1030] loss = 0.009557
[e092 s0650/1030] loss = 0.009387
[e092 s0700/1030] loss = 0.009437
[e092 s0750/1030] loss = 0.009395
[e092 s0800/1030] loss = 0.009354
[e092 s0850/1030] loss = 0.009358
[e092 s0900/1030] loss = 0.009375
[e092 s0950/1030] loss = 0.009372
[e092 s1000/1030] loss = 0.009397
Epoch 092: train_loss = 0.009513  MAE/GAME0 = 12.680  RMSE = 35.513  GAME1 = 14.038  GAME2 = 15.495  GAME3 = 16.293  lr = 1.00e-05  time = 14.7s
[e093 s0001/1030] loss = 0.000039
[e093 s0050/1030] loss = 0.012200
[e093 s0100/1030] loss = 0.009663
[e093 s0150/1030] loss = 0.009119
[e093 s0200/1030] loss = 0.008900
[e093 s0250/1030] loss = 0.009012
[e093 s0300/1030] loss = 0.008444
[e093 s0350/1030] loss = 0.008461
[e093 s0400/1030] loss = 0.008891
[e093 s0450/1030] loss = 0.008887
[e093 s0500/1030] loss = 0.008800
[e093 s0550/1030] loss = 0.008523
[e093 s0600/1030] loss = 0.008421
[e093 s0650/1030] loss = 0.008935
[e093 s0700/1030] loss = 0.008839
[e093 s0750/1030] loss = 0.008906
[e093 s0800/1030] loss = 0.008762
[e093 s0850/1030] loss = 0.008859
[e093 s0900/1030] loss = 0.010012
[e093 s0950/1030] loss = 0.009965
[e093 s1000/1030] loss = 0.009928
Epoch 093: train_loss = 0.010000  MAE/GAME0 = 10.840  RMSE = 34.572  GAME1 = 12.789  GAME2 = 14.846  GAME3 = 15.884  lr = 1.00e-05  time = 14.7s
[e094 s0001/1030] loss = 0.000851
[e094 s0050/1030] loss = 0.008273
[e094 s0100/1030] loss = 0.008642
[e094 s0150/1030] loss = 0.008907
[e094 s0200/1030] loss = 0.008553
[e094 s0250/1030] loss = 0.011876
[e094 s0300/1030] loss = 0.011289
[e094 s0350/1030] loss = 0.010663
[e094 s0400/1030] loss = 0.010642
[e094 s0450/1030] loss = 0.010240
[e094 s0500/1030] loss = 0.009939
[e094 s0550/1030] loss = 0.010095
[e094 s0600/1030] loss = 0.010001
[e094 s0650/1030] loss = 0.009809
[e094 s0700/1030] loss = 0.009581
[e094 s0750/1030] loss = 0.009567
[e094 s0800/1030] loss = 0.009624
[e094 s0850/1030] loss = 0.009922
[e094 s0900/1030] loss = 0.009856
[e094 s0950/1030] loss = 0.009957
[e094 s1000/1030] loss = 0.009729
Epoch 094: train_loss = 0.009702  MAE/GAME0 = 11.499  RMSE = 35.165  GAME1 = 13.259  GAME2 = 15.289  GAME3 = 16.356  lr = 1.00e-05  time = 14.7s
[e095 s0001/1030] loss = 0.005770
[e095 s0050/1030] loss = 0.008384
[e095 s0100/1030] loss = 0.008782
[e095 s0150/1030] loss = 0.008708
[e095 s0200/1030] loss = 0.008615
[e095 s0250/1030] loss = 0.008823
[e095 s0300/1030] loss = 0.009038
[e095 s0350/1030] loss = 0.008581
[e095 s0400/1030] loss = 0.008517
[e095 s0450/1030] loss = 0.008444
[e095 s0500/1030] loss = 0.008353
[e095 s0550/1030] loss = 0.009928
[e095 s0600/1030] loss = 0.009799
[e095 s0650/1030] loss = 0.009798
[e095 s0700/1030] loss = 0.009579
[e095 s0750/1030] loss = 0.009474
[e095 s0800/1030] loss = 0.009288
[e095 s0850/1030] loss = 0.009246
[e095 s0900/1030] loss = 0.009102
[e095 s0950/1030] loss = 0.009068
[e095 s1000/1030] loss = 0.009347
Epoch 095: train_loss = 0.009333  MAE/GAME0 = 10.655  RMSE = 34.306  GAME1 = 12.497  GAME2 = 14.806  GAME3 = 16.041  lr = 1.00e-05  time = 14.7s
[e096 s0001/1030] loss = 0.000458
[e096 s0050/1030] loss = 0.010131
[e096 s0100/1030] loss = 0.009969
[e096 s0150/1030] loss = 0.009892
[e096 s0200/1030] loss = 0.009541
[e096 s0250/1030] loss = 0.009178
[e096 s0300/1030] loss = 0.011465
[e096 s0350/1030] loss = 0.011119
[e096 s0400/1030] loss = 0.010617
[e096 s0450/1030] loss = 0.010200
[e096 s0500/1030] loss = 0.010075
[e096 s0550/1030] loss = 0.010036
[e096 s0600/1030] loss = 0.009932
[e096 s0650/1030] loss = 0.009707
[e096 s0700/1030] loss = 0.009671
[e096 s0750/1030] loss = 0.009585
[e096 s0800/1030] loss = 0.009595
[e096 s0850/1030] loss = 0.009483
[e096 s0900/1030] loss = 0.009619
[e096 s0950/1030] loss = 0.009710
[e096 s1000/1030] loss = 0.009923
Epoch 096: train_loss = 0.009883  MAE/GAME0 = 11.831  RMSE = 35.403  GAME1 = 13.437  GAME2 = 15.261  GAME3 = 16.180  lr = 1.00e-05  time = 14.7s
[e097 s0001/1030] loss = 0.010463
[e097 s0050/1030] loss = 0.007319
[e097 s0100/1030] loss = 0.007883
[e097 s0150/1030] loss = 0.010167
[e097 s0200/1030] loss = 0.009040
[e097 s0250/1030] loss = 0.008544
[e097 s0300/1030] loss = 0.008290
[e097 s0350/1030] loss = 0.008613
[e097 s0400/1030] loss = 0.008445
[e097 s0450/1030] loss = 0.008232
[e097 s0500/1030] loss = 0.008275
[e097 s0550/1030] loss = 0.008475
[e097 s0600/1030] loss = 0.008388
[e097 s0650/1030] loss = 0.008450
[e097 s0700/1030] loss = 0.008305
[e097 s0750/1030] loss = 0.008220
[e097 s0800/1030] loss = 0.008354
[e097 s0850/1030] loss = 0.008222
[e097 s0900/1030] loss = 0.008161
[e097 s0950/1030] loss = 0.008105
[e097 s1000/1030] loss = 0.008897
Epoch 097: train_loss = 0.008805  MAE/GAME0 = 10.582  RMSE = 33.972  GAME1 = 12.598  GAME2 = 15.114  GAME3 = 16.469  lr = 1.00e-05  time = 14.7s
[e098 s0001/1030] loss = 0.002244
[e098 s0050/1030] loss = 0.009531
[e098 s0100/1030] loss = 0.008160
[e098 s0150/1030] loss = 0.007926
[e098 s0200/1030] loss = 0.008262
[e098 s0250/1030] loss = 0.009480
[e098 s0300/1030] loss = 0.009224
[e098 s0350/1030] loss = 0.009174
[e098 s0400/1030] loss = 0.008978
[e098 s0450/1030] loss = 0.008872
[e098 s0500/1030] loss = 0.008656
[e098 s0550/1030] loss = 0.008358
[e098 s0600/1030] loss = 0.008806
[e098 s0650/1030] loss = 0.008550
[e098 s0700/1030] loss = 0.008418
[e098 s0750/1030] loss = 0.008515
[e098 s0800/1030] loss = 0.008389
[e098 s0850/1030] loss = 0.008913
[e098 s0900/1030] loss = 0.008748
[e098 s0950/1030] loss = 0.008843
[e098 s1000/1030] loss = 0.008820
Epoch 098: train_loss = 0.008847  MAE/GAME0 = 10.404  RMSE = 34.362  GAME1 = 12.640  GAME2 = 15.171  GAME3 = 16.364  lr = 1.00e-05  time = 14.6s
[e099 s0001/1030] loss = 0.001141
[e099 s0050/1030] loss = 0.008424
[e099 s0100/1030] loss = 0.007923
[e099 s0150/1030] loss = 0.008087
[e099 s0200/1030] loss = 0.010032
[e099 s0250/1030] loss = 0.009580
[e099 s0300/1030] loss = 0.009982
[e099 s0350/1030] loss = 0.009367
[e099 s0400/1030] loss = 0.009190
[e099 s0450/1030] loss = 0.009316
[e099 s0500/1030] loss = 0.009096
[e099 s0550/1030] loss = 0.009650
[e099 s0600/1030] loss = 0.009587
[e099 s0650/1030] loss = 0.009323
[e099 s0700/1030] loss = 0.009000
[e099 s0750/1030] loss = 0.008944
[e099 s0800/1030] loss = 0.008770
[e099 s0850/1030] loss = 0.008843
[e099 s0900/1030] loss = 0.008739
[e099 s0950/1030] loss = 0.009080
[e099 s1000/1030] loss = 0.009220
Epoch 099: train_loss = 0.009462  MAE/GAME0 = 10.479  RMSE = 34.320  GAME1 = 12.332  GAME2 = 14.688  GAME3 = 15.907  lr = 1.00e-05  time = 14.7s
[e100 s0001/1030] loss = 0.005128
[e100 s0050/1030] loss = 0.010164
[e100 s0100/1030] loss = 0.010256
[e100 s0150/1030] loss = 0.011263
[e100 s0200/1030] loss = 0.010501
[e100 s0250/1030] loss = 0.010116
[e100 s0300/1030] loss = 0.009576
[e100 s0350/1030] loss = 0.009482
[e100 s0400/1030] loss = 0.009484
[e100 s0450/1030] loss = 0.010186
[e100 s0500/1030] loss = 0.009954
[e100 s0550/1030] loss = 0.009718
[e100 s0600/1030] loss = 0.009657
[e100 s0650/1030] loss = 0.009450
[e100 s0700/1030] loss = 0.009205
[e100 s0750/1030] loss = 0.009117
[e100 s0800/1030] loss = 0.009908
[e100 s0850/1030] loss = 0.009858
[e100 s0900/1030] loss = 0.009821
[e100 s0950/1030] loss = 0.009690
[e100 s1000/1030] loss = 0.009754
Epoch 100: train_loss = 0.009644  MAE/GAME0 = 10.557  RMSE = 34.368  GAME1 = 12.561  GAME2 = 14.907  GAME3 = 16.073  lr = 1.00e-05  time = 14.8s
[done] best_mae = 10.404  best_path = /scratch/users/ntu/kenneth0/FYP-SmartObjectCounter/outputs/train_rgbt_adaptive_late_e100_sanity/12791742.pbs101_20260126_163755/best.pth
