[log] /scratch/users/ntu/kenneth0/FYP-SmartObjectCounter/logs/train_rgbt_early_e100_12738429.pbs101_20260114_203915.log
[init] device = cuda
[init] train = 1030  val = 200  workers = 4
[e001 s0001/1030] loss = 459.972717
[e001 s0050/1030] loss = 133.850124
[e001 s0100/1030] loss = 67.816251
[e001 s0150/1030] loss = 45.228941
[e001 s0200/1030] loss = 33.922982
[e001 s0250/1030] loss = 27.138874
[e001 s0300/1030] loss = 22.615978
[e001 s0350/1030] loss = 19.385271
[e001 s0400/1030] loss = 16.962266
[e001 s0450/1030] loss = 15.077712
[e001 s0500/1030] loss = 13.570072
[e001 s0550/1030] loss = 12.336498
[e001 s0600/1030] loss = 11.308546
[e001 s0650/1030] loss = 10.438717
[e001 s0700/1030] loss = 9.693162
[e001 s0750/1030] loss = 9.047005
[e001 s0800/1030] loss = 8.481618
[e001 s0850/1030] loss = 7.982738
[e001 s0900/1030] loss = 7.539287
[e001 s0950/1030] loss = 7.142531
[e001 s1000/1030] loss = 6.785455
-> saved early_best.pth (MAE/GAME0 62.57)
Epoch 001: train_loss = 6.587849  MAE/GAME0 = 62.57  RMSE = 75.59  GAME1 = 20.96  GAME2 = 6.87  GAME3 = 1.98  lr = 1.00e-05  time = 90.8s
[e002 s0001/1030] loss = 0.000560
[e002 s0050/1030] loss = 0.001645
[e002 s0100/1030] loss = 0.001101
[e002 s0150/1030] loss = 0.000921
[e002 s0200/1030] loss = 0.000786
[e002 s0250/1030] loss = 0.000806
[e002 s0300/1030] loss = 0.000820
[e002 s0350/1030] loss = 0.000784
[e002 s0400/1030] loss = 0.000800
[e002 s0450/1030] loss = 0.000766
[e002 s0500/1030] loss = 0.000787
[e002 s0550/1030] loss = 0.000799
[e002 s0600/1030] loss = 0.000780
[e002 s0650/1030] loss = 0.000751
[e002 s0700/1030] loss = 0.000718
[e002 s0750/1030] loss = 0.000689
[e002 s0800/1030] loss = 0.000688
[e002 s0850/1030] loss = 0.000684
[e002 s0900/1030] loss = 0.000670
[e002 s0950/1030] loss = 0.000744
[e002 s1000/1030] loss = 0.000748
-> saved early_best.pth (MAE/GAME0 48.00)
Epoch 002: train_loss = 0.000739  MAE/GAME0 = 48.00  RMSE = 69.69  GAME1 = 16.56  GAME2 = 5.50  GAME3 = 1.63  lr = 1.00e-05  time = 26.0s
[e003 s0001/1030] loss = 0.000052
[e003 s0050/1030] loss = 0.000410
[e003 s0100/1030] loss = 0.000686
[e003 s0150/1030] loss = 0.000829
[e003 s0200/1030] loss = 0.000734
[e003 s0250/1030] loss = 0.000843
[e003 s0300/1030] loss = 0.000886
[e003 s0350/1030] loss = 0.000883
[e003 s0400/1030] loss = 0.000819
[e003 s0450/1030] loss = 0.000762
[e003 s0500/1030] loss = 0.000738
[e003 s0550/1030] loss = 0.000754
[e003 s0600/1030] loss = 0.000729
[e003 s0650/1030] loss = 0.000710
[e003 s0700/1030] loss = 0.000809
[e003 s0750/1030] loss = 0.000802
[e003 s0800/1030] loss = 0.000808
[e003 s0850/1030] loss = 0.000795
[e003 s0900/1030] loss = 0.000779
[e003 s0950/1030] loss = 0.000769
[e003 s1000/1030] loss = 0.000749
-> saved early_best.pth (MAE/GAME0 42.05)
Epoch 003: train_loss = 0.000741  MAE/GAME0 = 42.05  RMSE = 71.07  GAME1 = 13.62  GAME2 = 4.45  GAME3 = 1.37  lr = 1.00e-05  time = 24.5s
[e004 s0001/1030] loss = 0.000088
[e004 s0050/1030] loss = 0.001082
[e004 s0100/1030] loss = 0.000677
[e004 s0150/1030] loss = 0.000555
[e004 s0200/1030] loss = 0.000494
[e004 s0250/1030] loss = 0.000873
[e004 s0300/1030] loss = 0.000822
[e004 s0350/1030] loss = 0.000789
[e004 s0400/1030] loss = 0.000732
[e004 s0450/1030] loss = 0.001007
[e004 s0500/1030] loss = 0.000952
[e004 s0550/1030] loss = 0.000971
[e004 s0600/1030] loss = 0.000929
[e004 s0650/1030] loss = 0.000901
[e004 s0700/1030] loss = 0.000896
[e004 s0750/1030] loss = 0.000881
[e004 s0800/1030] loss = 0.000836
[e004 s0850/1030] loss = 0.000831
[e004 s0900/1030] loss = 0.000800
[e004 s0950/1030] loss = 0.000814
[e004 s1000/1030] loss = 0.000833
Epoch 004: train_loss = 0.000814  MAE/GAME0 = 51.48  RMSE = 80.54  GAME1 = 13.83  GAME2 = 3.87  GAME3 = 1.11  lr = 1.00e-05  time = 24.4s
[e005 s0001/1030] loss = 0.000060
[e005 s0050/1030] loss = 0.000371
[e005 s0100/1030] loss = 0.000405
[e005 s0150/1030] loss = 0.000518
[e005 s0200/1030] loss = 0.000473
[e005 s0250/1030] loss = 0.000557
[e005 s0300/1030] loss = 0.000539
[e005 s0350/1030] loss = 0.000558
[e005 s0400/1030] loss = 0.000600
[e005 s0450/1030] loss = 0.000563
[e005 s0500/1030] loss = 0.000551
[e005 s0550/1030] loss = 0.000541
[e005 s0600/1030] loss = 0.000586
[e005 s0650/1030] loss = 0.000582
[e005 s0700/1030] loss = 0.000563
[e005 s0750/1030] loss = 0.000553
[e005 s0800/1030] loss = 0.000573
[e005 s0850/1030] loss = 0.000562
[e005 s0900/1030] loss = 0.000550
[e005 s0950/1030] loss = 0.000545
[e005 s1000/1030] loss = 0.000711
Epoch 005: train_loss = 0.000706  MAE/GAME0 = 56.42  RMSE = 75.15  GAME1 = 17.65  GAME2 = 5.50  GAME3 = 1.58  lr = 1.00e-05  time = 25.7s
[e006 s0001/1030] loss = 0.000050
[e006 s0050/1030] loss = 0.000483
[e006 s0100/1030] loss = 0.000879
[e006 s0150/1030] loss = 0.001035
[e006 s0200/1030] loss = 0.000967
[e006 s0250/1030] loss = 0.000975
[e006 s0300/1030] loss = 0.000854
[e006 s0350/1030] loss = 0.000809
[e006 s0400/1030] loss = 0.000790
[e006 s0450/1030] loss = 0.000780
[e006 s0500/1030] loss = 0.000727
[e006 s0550/1030] loss = 0.000824
[e006 s0600/1030] loss = 0.000781
[e006 s0650/1030] loss = 0.000763
[e006 s0700/1030] loss = 0.000743
[e006 s0750/1030] loss = 0.000714
[e006 s0800/1030] loss = 0.000689
[e006 s0850/1030] loss = 0.000678
[e006 s0900/1030] loss = 0.000669
[e006 s0950/1030] loss = 0.000656
[e006 s1000/1030] loss = 0.000644
Epoch 006: train_loss = 0.000641  MAE/GAME0 = 63.12  RMSE = 78.17  GAME1 = 20.33  GAME2 = 6.58  GAME3 = 1.89  lr = 1.00e-05  time = 24.3s
[e007 s0001/1030] loss = 0.000129
[e007 s0050/1030] loss = 0.000333
[e007 s0100/1030] loss = 0.000541
[e007 s0150/1030] loss = 0.000808
[e007 s0200/1030] loss = 0.000705
[e007 s0250/1030] loss = 0.000638
[e007 s0300/1030] loss = 0.001146
[e007 s0350/1030] loss = 0.001079
[e007 s0400/1030] loss = 0.000973
[e007 s0450/1030] loss = 0.000926
[e007 s0500/1030] loss = 0.000875
[e007 s0550/1030] loss = 0.000822
[e007 s0600/1030] loss = 0.000794
[e007 s0650/1030] loss = 0.000760
[e007 s0700/1030] loss = 0.000763
[e007 s0750/1030] loss = 0.000733
[e007 s0800/1030] loss = 0.000707
[e007 s0850/1030] loss = 0.000684
[e007 s0900/1030] loss = 0.000660
[e007 s0950/1030] loss = 0.000655
[e007 s1000/1030] loss = 0.000652
-> saved early_best.pth (MAE/GAME0 31.74)
Epoch 007: train_loss = 0.000642  MAE/GAME0 = 31.74  RMSE = 61.62  GAME1 = 9.76  GAME2 = 2.89  GAME3 = 0.83  lr = 1.00e-05  time = 26.8s
[e008 s0001/1030] loss = 0.000207
[e008 s0050/1030] loss = 0.000352
[e008 s0100/1030] loss = 0.000470
[e008 s0150/1030] loss = 0.000518
[e008 s0200/1030] loss = 0.000454
[e008 s0250/1030] loss = 0.000509
[e008 s0300/1030] loss = 0.000471
[e008 s0350/1030] loss = 0.000453
[e008 s0400/1030] loss = 0.000421
[e008 s0450/1030] loss = 0.000434
[e008 s0500/1030] loss = 0.000419
[e008 s0550/1030] loss = 0.000470
[e008 s0600/1030] loss = 0.000450
[e008 s0650/1030] loss = 0.000439
[e008 s0700/1030] loss = 0.000444
[e008 s0750/1030] loss = 0.000444
[e008 s0800/1030] loss = 0.000488
[e008 s0850/1030] loss = 0.000479
[e008 s0900/1030] loss = 0.000477
[e008 s0950/1030] loss = 0.000486
[e008 s1000/1030] loss = 0.000481
Epoch 008: train_loss = 0.000480  MAE/GAME0 = 56.47  RMSE = 72.04  GAME1 = 15.70  GAME2 = 4.47  GAME3 = 1.25  lr = 1.00e-05  time = 23.8s
[e009 s0001/1030] loss = 0.005890
[e009 s0050/1030] loss = 0.000309
[e009 s0100/1030] loss = 0.000306
[e009 s0150/1030] loss = 0.000357
[e009 s0200/1030] loss = 0.000605
[e009 s0250/1030] loss = 0.000547
[e009 s0300/1030] loss = 0.000536
[e009 s0350/1030] loss = 0.000579
[e009 s0400/1030] loss = 0.000552
[e009 s0450/1030] loss = 0.000507
[e009 s0500/1030] loss = 0.000496
[e009 s0550/1030] loss = 0.000477
[e009 s0600/1030] loss = 0.000517
[e009 s0650/1030] loss = 0.000493
[e009 s0700/1030] loss = 0.000507
[e009 s0750/1030] loss = 0.000495
[e009 s0800/1030] loss = 0.000499
[e009 s0850/1030] loss = 0.000505
[e009 s0900/1030] loss = 0.000488
[e009 s0950/1030] loss = 0.000480
[e009 s1000/1030] loss = 0.000496
Epoch 009: train_loss = 0.000509  MAE/GAME0 = 299.70  RMSE = 311.11  GAME1 = 75.33  GAME2 = 18.98  GAME3 = 4.82  lr = 1.00e-05  time = 24.9s
[e010 s0001/1030] loss = 0.000502
[e010 s0050/1030] loss = 0.000678
[e010 s0100/1030] loss = 0.000505
[e010 s0150/1030] loss = 0.000571
[e010 s0200/1030] loss = 0.000594
[e010 s0250/1030] loss = 0.000548
[e010 s0300/1030] loss = 0.000515
[e010 s0350/1030] loss = 0.000501
[e010 s0400/1030] loss = 0.000575
[e010 s0450/1030] loss = 0.000531
[e010 s0500/1030] loss = 0.000558
[e010 s0550/1030] loss = 0.000528
[e010 s0600/1030] loss = 0.000514
[e010 s0650/1030] loss = 0.000502
[e010 s0700/1030] loss = 0.000480
[e010 s0750/1030] loss = 0.000462
[e010 s0800/1030] loss = 0.000555
[e010 s0850/1030] loss = 0.000771
[e010 s0900/1030] loss = 0.000762
[e010 s0950/1030] loss = 0.000744
[e010 s1000/1030] loss = 0.000736
Epoch 010: train_loss = 0.000721  MAE/GAME0 = 40.50  RMSE = 69.28  GAME1 = 12.47  GAME2 = 3.90  GAME3 = 1.17  lr = 1.00e-05  time = 24.4s
[e011 s0001/1030] loss = 0.000008
[e011 s0050/1030] loss = 0.000551
[e011 s0100/1030] loss = 0.001215
[e011 s0150/1030] loss = 0.000964
[e011 s0200/1030] loss = 0.001087
[e011 s0250/1030] loss = 0.000942
[e011 s0300/1030] loss = 0.000847
[e011 s0350/1030] loss = 0.000919
[e011 s0400/1030] loss = 0.000852
[e011 s0450/1030] loss = 0.000778
[e011 s0500/1030] loss = 0.000737
[e011 s0550/1030] loss = 0.000698
[e011 s0600/1030] loss = 0.000657
[e011 s0650/1030] loss = 0.000677
[e011 s0700/1030] loss = 0.000693
[e011 s0750/1030] loss = 0.000658
[e011 s0800/1030] loss = 0.000654
[e011 s0850/1030] loss = 0.000643
[e011 s0900/1030] loss = 0.000634
[e011 s0950/1030] loss = 0.000621
[e011 s1000/1030] loss = 0.000608
Epoch 011: train_loss = 0.000598  MAE/GAME0 = 35.25  RMSE = 63.76  GAME1 = 10.66  GAME2 = 3.28  GAME3 = 0.98  lr = 1.00e-05  time = 24.2s
[e012 s0001/1030] loss = 0.000026
[e012 s0050/1030] loss = 0.000399
[e012 s0100/1030] loss = 0.000308
[e012 s0150/1030] loss = 0.000341
[e012 s0200/1030] loss = 0.000339
[e012 s0250/1030] loss = 0.000426
[e012 s0300/1030] loss = 0.000391
[e012 s0350/1030] loss = 0.000357
[e012 s0400/1030] loss = 0.000372
[e012 s0450/1030] loss = 0.000430
[e012 s0500/1030] loss = 0.000417
[e012 s0550/1030] loss = 0.000425
[e012 s0600/1030] loss = 0.000428
[e012 s0650/1030] loss = 0.000418
[e012 s0700/1030] loss = 0.000412
[e012 s0750/1030] loss = 0.000407
[e012 s0800/1030] loss = 0.000415
[e012 s0850/1030] loss = 0.000413
[e012 s0900/1030] loss = 0.000411
[e012 s0950/1030] loss = 0.000410
[e012 s1000/1030] loss = 0.000403
Epoch 012: train_loss = 0.000429  MAE/GAME0 = 32.75  RMSE = 59.28  GAME1 = 9.85  GAME2 = 2.95  GAME3 = 0.87  lr = 1.00e-05  time = 25.7s
[e013 s0001/1030] loss = 0.000127
[e013 s0050/1030] loss = 0.000484
[e013 s0100/1030] loss = 0.000919
[e013 s0150/1030] loss = 0.000760
[e013 s0200/1030] loss = 0.000875
[e013 s0250/1030] loss = 0.000793
[e013 s0300/1030] loss = 0.000695
[e013 s0350/1030] loss = 0.000804
[e013 s0400/1030] loss = 0.000751
[e013 s0450/1030] loss = 0.000694
[e013 s0500/1030] loss = 0.000678
[e013 s0550/1030] loss = 0.000659
[e013 s0600/1030] loss = 0.000698
[e013 s0650/1030] loss = 0.000685
[e013 s0700/1030] loss = 0.000652
[e013 s0750/1030] loss = 0.000633
[e013 s0800/1030] loss = 0.000609
[e013 s0850/1030] loss = 0.000600
[e013 s0900/1030] loss = 0.000591
[e013 s0950/1030] loss = 0.000570
[e013 s1000/1030] loss = 0.000556
-> saved early_best.pth (MAE/GAME0 30.95)
Epoch 013: train_loss = 0.000549  MAE/GAME0 = 30.95  RMSE = 59.91  GAME1 = 10.72  GAME2 = 3.29  GAME3 = 0.94  lr = 1.00e-05  time = 24.3s
[e014 s0001/1030] loss = 0.000242
[e014 s0050/1030] loss = 0.000298
[e014 s0100/1030] loss = 0.000282
[e014 s0150/1030] loss = 0.000314
[e014 s0200/1030] loss = 0.000371
[e014 s0250/1030] loss = 0.000337
[e014 s0300/1030] loss = 0.000333
[e014 s0350/1030] loss = 0.000334
[e014 s0400/1030] loss = 0.000325
[e014 s0450/1030] loss = 0.000319
[e014 s0500/1030] loss = 0.000345
[e014 s0550/1030] loss = 0.000524
[e014 s0600/1030] loss = 0.000499
[e014 s0650/1030] loss = 0.000582
[e014 s0700/1030] loss = 0.000603
[e014 s0750/1030] loss = 0.000588
[e014 s0800/1030] loss = 0.000591
[e014 s0850/1030] loss = 0.000573
[e014 s0900/1030] loss = 0.000559
[e014 s0950/1030] loss = 0.000539
[e014 s1000/1030] loss = 0.000531
Epoch 014: train_loss = 0.000531  MAE/GAME0 = 38.59  RMSE = 62.57  GAME1 = 11.43  GAME2 = 3.34  GAME3 = 0.94  lr = 1.00e-05  time = 26.1s
[e015 s0001/1030] loss = 0.000072
[e015 s0050/1030] loss = 0.000256
[e015 s0100/1030] loss = 0.000557
[e015 s0150/1030] loss = 0.000585
[e015 s0200/1030] loss = 0.000542
[e015 s0250/1030] loss = 0.000481
[e015 s0300/1030] loss = 0.000521
[e015 s0350/1030] loss = 0.000496
[e015 s0400/1030] loss = 0.000505
[e015 s0450/1030] loss = 0.000488
[e015 s0500/1030] loss = 0.000472
[e015 s0550/1030] loss = 0.000462
[e015 s0600/1030] loss = 0.000459
[e015 s0650/1030] loss = 0.000448
[e015 s0700/1030] loss = 0.000447
[e015 s0750/1030] loss = 0.000440
[e015 s0800/1030] loss = 0.000432
[e015 s0850/1030] loss = 0.000452
[e015 s0900/1030] loss = 0.000442
[e015 s0950/1030] loss = 0.000481
[e015 s1000/1030] loss = 0.000476
Epoch 015: train_loss = 0.000490  MAE/GAME0 = 84.72  RMSE = 102.66  GAME1 = 22.39  GAME2 = 5.98  GAME3 = 1.60  lr = 1.00e-05  time = 24.5s
[e016 s0001/1030] loss = 0.000616
[e016 s0050/1030] loss = 0.000554
[e016 s0100/1030] loss = 0.000426
[e016 s0150/1030] loss = 0.000412
[e016 s0200/1030] loss = 0.000423
[e016 s0250/1030] loss = 0.000387
[e016 s0300/1030] loss = 0.000345
[e016 s0350/1030] loss = 0.000352
[e016 s0400/1030] loss = 0.000444
[e016 s0450/1030] loss = 0.000454
[e016 s0500/1030] loss = 0.000465
[e016 s0550/1030] loss = 0.000466
[e016 s0600/1030] loss = 0.000497
[e016 s0650/1030] loss = 0.000539
[e016 s0700/1030] loss = 0.000589
[e016 s0750/1030] loss = 0.000612
[e016 s0800/1030] loss = 0.000610
[e016 s0850/1030] loss = 0.000601
[e016 s0900/1030] loss = 0.000584
[e016 s0950/1030] loss = 0.000633
[e016 s1000/1030] loss = 0.000612
Epoch 016: train_loss = 0.000612  MAE/GAME0 = 56.57  RMSE = 80.60  GAME1 = 15.29  GAME2 = 4.23  GAME3 = 1.18  lr = 1.00e-05  time = 24.4s
[e017 s0001/1030] loss = 0.001730
[e017 s0050/1030] loss = 0.001997
[e017 s0100/1030] loss = 0.001288
[e017 s0150/1030] loss = 0.000965
[e017 s0200/1030] loss = 0.000795
[e017 s0250/1030] loss = 0.001242
[e017 s0300/1030] loss = 0.001105
[e017 s0350/1030] loss = 0.001062
[e017 s0400/1030] loss = 0.001079
[e017 s0450/1030] loss = 0.001015
[e017 s0500/1030] loss = 0.000995
[e017 s0550/1030] loss = 0.000967
[e017 s0600/1030] loss = 0.000927
[e017 s0650/1030] loss = 0.000874
[e017 s0700/1030] loss = 0.000824
[e017 s0750/1030] loss = 0.000799
[e017 s0800/1030] loss = 0.000772
[e017 s0850/1030] loss = 0.000774
[e017 s0900/1030] loss = 0.000805
[e017 s0950/1030] loss = 0.000780
[e017 s1000/1030] loss = 0.000776
Epoch 017: train_loss = 0.000764  MAE/GAME0 = 32.36  RMSE = 62.22  GAME1 = 10.86  GAME2 = 3.36  GAME3 = 0.95  lr = 1.00e-05  time = 24.9s
[e018 s0001/1030] loss = 0.000006
[e018 s0050/1030] loss = 0.000711
[e018 s0100/1030] loss = 0.000484
[e018 s0150/1030] loss = 0.000485
[e018 s0200/1030] loss = 0.000437
[e018 s0250/1030] loss = 0.000414
[e018 s0300/1030] loss = 0.000374
[e018 s0350/1030] loss = 0.000363
[e018 s0400/1030] loss = 0.000339
[e018 s0450/1030] loss = 0.000356
[e018 s0500/1030] loss = 0.000348
[e018 s0550/1030] loss = 0.000398
[e018 s0600/1030] loss = 0.000408
[e018 s0650/1030] loss = 0.000397
[e018 s0700/1030] loss = 0.000395
[e018 s0750/1030] loss = 0.000390
[e018 s0800/1030] loss = 0.000387
[e018 s0850/1030] loss = 0.000385
[e018 s0900/1030] loss = 0.000404
[e018 s0950/1030] loss = 0.000402
[e018 s1000/1030] loss = 0.000407
Epoch 018: train_loss = 0.000404  MAE/GAME0 = 39.69  RMSE = 66.86  GAME1 = 11.13  GAME2 = 3.15  GAME3 = 0.90  lr = 1.00e-05  time = 23.9s
[e019 s0001/1030] loss = 0.001613
[e019 s0050/1030] loss = 0.000632
[e019 s0100/1030] loss = 0.000734
[e019 s0150/1030] loss = 0.000662
[e019 s0200/1030] loss = 0.000596
[e019 s0250/1030] loss = 0.000627
[e019 s0300/1030] loss = 0.000556
[e019 s0350/1030] loss = 0.000517
[e019 s0400/1030] loss = 0.000496
[e019 s0450/1030] loss = 0.000471
[e019 s0500/1030] loss = 0.000507
[e019 s0550/1030] loss = 0.000508
[e019 s0600/1030] loss = 0.000506
[e019 s0650/1030] loss = 0.000493
[e019 s0700/1030] loss = 0.000470
[e019 s0750/1030] loss = 0.000455
[e019 s0800/1030] loss = 0.000455
[e019 s0850/1030] loss = 0.000444
[e019 s0900/1030] loss = 0.000444
[e019 s0950/1030] loss = 0.000432
[e019 s1000/1030] loss = 0.000428
Epoch 019: train_loss = 0.000429  MAE/GAME0 = 45.39  RMSE = 68.84  GAME1 = 12.64  GAME2 = 3.55  GAME3 = 1.01  lr = 1.00e-05  time = 25.4s
[e020 s0001/1030] loss = 0.000162
[e020 s0050/1030] loss = 0.000675
[e020 s0100/1030] loss = 0.000451
[e020 s0150/1030] loss = 0.000355
[e020 s0200/1030] loss = 0.000340
[e020 s0250/1030] loss = 0.000344
[e020 s0300/1030] loss = 0.000328
[e020 s0350/1030] loss = 0.000430
[e020 s0400/1030] loss = 0.000462
[e020 s0450/1030] loss = 0.000475
[e020 s0500/1030] loss = 0.000535
[e020 s0550/1030] loss = 0.000562
[e020 s0600/1030] loss = 0.000532
[e020 s0650/1030] loss = 0.000536
[e020 s0700/1030] loss = 0.000519
[e020 s0750/1030] loss = 0.000522
[e020 s0800/1030] loss = 0.000504
[e020 s0850/1030] loss = 0.000488
[e020 s0900/1030] loss = 0.000473
[e020 s0950/1030] loss = 0.000461
[e020 s1000/1030] loss = 0.000453
Epoch 020: train_loss = 0.000457  MAE/GAME0 = 34.64  RMSE = 61.51  GAME1 = 10.63  GAME2 = 3.11  GAME3 = 0.88  lr = 1.00e-05  time = 24.0s
[e021 s0001/1030] loss = 0.000299
[e021 s0050/1030] loss = 0.000477
[e021 s0100/1030] loss = 0.000469
[e021 s0150/1030] loss = 0.000419
[e021 s0200/1030] loss = 0.000519
[e021 s0250/1030] loss = 0.000550
[e021 s0300/1030] loss = 0.000513
[e021 s0350/1030] loss = 0.000491
[e021 s0400/1030] loss = 0.000503
[e021 s0450/1030] loss = 0.000530
[e021 s0500/1030] loss = 0.000528
[e021 s0550/1030] loss = 0.000560
[e021 s0600/1030] loss = 0.000542
[e021 s0650/1030] loss = 0.000565
[e021 s0700/1030] loss = 0.000556
[e021 s0750/1030] loss = 0.000540
[e021 s0800/1030] loss = 0.000533
[e021 s0850/1030] loss = 0.000518
[e021 s0900/1030] loss = 0.000503
[e021 s0950/1030] loss = 0.000490
[e021 s1000/1030] loss = 0.000499
Epoch 021: train_loss = 0.000496  MAE/GAME0 = 34.12  RMSE = 60.19  GAME1 = 11.44  GAME2 = 3.61  GAME3 = 1.03  lr = 1.00e-05  time = 24.0s
[e022 s0001/1030] loss = 0.000031
[e022 s0050/1030] loss = 0.000108
[e022 s0100/1030] loss = 0.000439
[e022 s0150/1030] loss = 0.000386
[e022 s0200/1030] loss = 0.000401
[e022 s0250/1030] loss = 0.000433
[e022 s0300/1030] loss = 0.000453
[e022 s0350/1030] loss = 0.000456
[e022 s0400/1030] loss = 0.000447
[e022 s0450/1030] loss = 0.000420
[e022 s0500/1030] loss = 0.000398
[e022 s0550/1030] loss = 0.000392
[e022 s0600/1030] loss = 0.000645
[e022 s0650/1030] loss = 0.000666
[e022 s0700/1030] loss = 0.000657
[e022 s0750/1030] loss = 0.000666
[e022 s0800/1030] loss = 0.000648
[e022 s0850/1030] loss = 0.000643
[e022 s0900/1030] loss = 0.000620
[e022 s0950/1030] loss = 0.000620
[e022 s1000/1030] loss = 0.000611
Epoch 022: train_loss = 0.000596  MAE/GAME0 = 33.09  RMSE = 63.74  GAME1 = 9.73  GAME2 = 2.71  GAME3 = 0.76  lr = 1.00e-05  time = 26.4s
[e023 s0001/1030] loss = 0.000023
[e023 s0050/1030] loss = 0.000376
[e023 s0100/1030] loss = 0.000459
[e023 s0150/1030] loss = 0.001161
[e023 s0200/1030] loss = 0.001176
[e023 s0250/1030] loss = 0.001022
[e023 s0300/1030] loss = 0.000960
[e023 s0350/1030] loss = 0.000890
[e023 s0400/1030] loss = 0.000808
[e023 s0450/1030] loss = 0.000759
[e023 s0500/1030] loss = 0.000735
[e023 s0550/1030] loss = 0.000690
[e023 s0600/1030] loss = 0.000677
[e023 s0650/1030] loss = 0.000653
[e023 s0700/1030] loss = 0.000616
[e023 s0750/1030] loss = 0.000618
[e023 s0800/1030] loss = 0.000593
[e023 s0850/1030] loss = 0.000604
[e023 s0900/1030] loss = 0.000606
[e023 s0950/1030] loss = 0.000593
[e023 s1000/1030] loss = 0.000575
Epoch 023: train_loss = 0.000568  MAE/GAME0 = 38.79  RMSE = 66.20  GAME1 = 11.09  GAME2 = 3.15  GAME3 = 0.89  lr = 1.00e-05  time = 24.1s
[e024 s0001/1030] loss = 0.000009
[e024 s0050/1030] loss = 0.000440
[e024 s0100/1030] loss = 0.000454
[e024 s0150/1030] loss = 0.000377
[e024 s0200/1030] loss = 0.000395
[e024 s0250/1030] loss = 0.000445
[e024 s0300/1030] loss = 0.000482
[e024 s0350/1030] loss = 0.000556
[e024 s0400/1030] loss = 0.000560
[e024 s0450/1030] loss = 0.000541
[e024 s0500/1030] loss = 0.000538
[e024 s0550/1030] loss = 0.000548
[e024 s0600/1030] loss = 0.000545
[e024 s0650/1030] loss = 0.000552
[e024 s0700/1030] loss = 0.000523
[e024 s0750/1030] loss = 0.000504
[e024 s0800/1030] loss = 0.000491
[e024 s0850/1030] loss = 0.000499
[e024 s0900/1030] loss = 0.000491
[e024 s0950/1030] loss = 0.000483
[e024 s1000/1030] loss = 0.000481
Epoch 024: train_loss = 0.000471  MAE/GAME0 = 34.99  RMSE = 65.76  GAME1 = 10.07  GAME2 = 2.78  GAME3 = 0.77  lr = 1.00e-05  time = 24.2s
[e025 s0001/1030] loss = 0.000153
[e025 s0050/1030] loss = 0.000457
[e025 s0100/1030] loss = 0.000779
[e025 s0150/1030] loss = 0.000641
[e025 s0200/1030] loss = 0.000558
[e025 s0250/1030] loss = 0.000501
[e025 s0300/1030] loss = 0.000460
[e025 s0350/1030] loss = 0.000422
[e025 s0400/1030] loss = 0.000403
[e025 s0450/1030] loss = 0.000504
[e025 s0500/1030] loss = 0.000477
[e025 s0550/1030] loss = 0.000500
[e025 s0600/1030] loss = 0.000533
[e025 s0650/1030] loss = 0.000553
[e025 s0700/1030] loss = 0.000568
[e025 s0750/1030] loss = 0.000542
[e025 s0800/1030] loss = 0.000541
[e025 s0850/1030] loss = 0.000524
[e025 s0900/1030] loss = 0.000542
[e025 s0950/1030] loss = 0.000530
[e025 s1000/1030] loss = 0.000512
Epoch 025: train_loss = 0.000501  MAE/GAME0 = 33.80  RMSE = 67.05  GAME1 = 10.56  GAME2 = 3.08  GAME3 = 0.85  lr = 1.00e-05  time = 24.4s
[e026 s0001/1030] loss = 0.000003
[e026 s0050/1030] loss = 0.000242
[e026 s0100/1030] loss = 0.000456
[e026 s0150/1030] loss = 0.000442
[e026 s0200/1030] loss = 0.000378
[e026 s0250/1030] loss = 0.000420
[e026 s0300/1030] loss = 0.000428
[e026 s0350/1030] loss = 0.000405
[e026 s0400/1030] loss = 0.000821
[e026 s0450/1030] loss = 0.000842
[e026 s0500/1030] loss = 0.000779
[e026 s0550/1030] loss = 0.000740
[e026 s0600/1030] loss = 0.000706
[e026 s0650/1030] loss = 0.000691
[e026 s0700/1030] loss = 0.000685
[e026 s0750/1030] loss = 0.000661
[e026 s0800/1030] loss = 0.000660
[e026 s0850/1030] loss = 0.000695
[e026 s0900/1030] loss = 0.000710
[e026 s0950/1030] loss = 0.000691
[e026 s1000/1030] loss = 0.000679
Epoch 026: train_loss = 0.000674  MAE/GAME0 = 33.13  RMSE = 62.24  GAME1 = 10.13  GAME2 = 2.96  GAME3 = 0.84  lr = 1.00e-05  time = 25.0s
[e027 s0001/1030] loss = 0.000035
[e027 s0050/1030] loss = 0.000382
[e027 s0100/1030] loss = 0.000329
[e027 s0150/1030] loss = 0.000375
[e027 s0200/1030] loss = 0.000352
[e027 s0250/1030] loss = 0.000421
[e027 s0300/1030] loss = 0.000419
[e027 s0350/1030] loss = 0.000417
[e027 s0400/1030] loss = 0.000437
[e027 s0450/1030] loss = 0.000412
[e027 s0500/1030] loss = 0.000400
[e027 s0550/1030] loss = 0.000424
[e027 s0600/1030] loss = 0.000424
[e027 s0650/1030] loss = 0.000417
[e027 s0700/1030] loss = 0.000413
[e027 s0750/1030] loss = 0.000428
[e027 s0800/1030] loss = 0.000418
[e027 s0850/1030] loss = 0.000437
[e027 s0900/1030] loss = 0.000512
[e027 s0950/1030] loss = 0.000526
[e027 s1000/1030] loss = 0.000531
Epoch 027: train_loss = 0.000520  MAE/GAME0 = 31.81  RMSE = 62.88  GAME1 = 10.24  GAME2 = 3.06  GAME3 = 0.86  lr = 1.00e-05  time = 24.3s
[e028 s0001/1030] loss = 0.000429
[e028 s0050/1030] loss = 0.000515
[e028 s0100/1030] loss = 0.000413
[e028 s0150/1030] loss = 0.000423
[e028 s0200/1030] loss = 0.000487
[e028 s0250/1030] loss = 0.000532
[e028 s0300/1030] loss = 0.000510
[e028 s0350/1030] loss = 0.000495
[e028 s0400/1030] loss = 0.000498
[e028 s0450/1030] loss = 0.000502
[e028 s0500/1030] loss = 0.000608
[e028 s0550/1030] loss = 0.000595
[e028 s0600/1030] loss = 0.000579
[e028 s0650/1030] loss = 0.000557
[e028 s0700/1030] loss = 0.000544
[e028 s0750/1030] loss = 0.000539
[e028 s0800/1030] loss = 0.000522
[e028 s0850/1030] loss = 0.000513
[e028 s0900/1030] loss = 0.000499
[e028 s0950/1030] loss = 0.000505
[e028 s1000/1030] loss = 0.000497
Epoch 028: train_loss = 0.000510  MAE/GAME0 = 47.85  RMSE = 70.63  GAME1 = 13.98  GAME2 = 4.00  GAME3 = 1.13  lr = 1.00e-05  time = 26.9s
[e029 s0001/1030] loss = 0.000071
[e029 s0050/1030] loss = 0.000258
[e029 s0100/1030] loss = 0.000395
[e029 s0150/1030] loss = 0.000462
[e029 s0200/1030] loss = 0.000444
[e029 s0250/1030] loss = 0.000435
[e029 s0300/1030] loss = 0.000502
[e029 s0350/1030] loss = 0.000533
[e029 s0400/1030] loss = 0.000553
[e029 s0450/1030] loss = 0.000546
[e029 s0500/1030] loss = 0.000555
[e029 s0550/1030] loss = 0.000540
[e029 s0600/1030] loss = 0.000607
[e029 s0650/1030] loss = 0.000596
[e029 s0700/1030] loss = 0.000649
[e029 s0750/1030] loss = 0.000643
[e029 s0800/1030] loss = 0.000631
[e029 s0850/1030] loss = 0.000615
[e029 s0900/1030] loss = 0.000620
[e029 s0950/1030] loss = 0.000620
[e029 s1000/1030] loss = 0.000634
Epoch 029: train_loss = 0.000635  MAE/GAME0 = 60.40  RMSE = 82.82  GAME1 = 16.60  GAME2 = 4.63  GAME3 = 1.28  lr = 1.00e-05  time = 24.6s
[e030 s0001/1030] loss = 0.000843
[e030 s0050/1030] loss = 0.000278
[e030 s0100/1030] loss = 0.000265
[e030 s0150/1030] loss = 0.000269
[e030 s0200/1030] loss = 0.000276
[e030 s0250/1030] loss = 0.000313
[e030 s0300/1030] loss = 0.000336
[e030 s0350/1030] loss = 0.000365
[e030 s0400/1030] loss = 0.000448
[e030 s0450/1030] loss = 0.000599
[e030 s0500/1030] loss = 0.000621
[e030 s0550/1030] loss = 0.000635
[e030 s0600/1030] loss = 0.000622
[e030 s0650/1030] loss = 0.000597
[e030 s0700/1030] loss = 0.000563
[e030 s0750/1030] loss = 0.000549
[e030 s0800/1030] loss = 0.000536
[e030 s0850/1030] loss = 0.000521
[e030 s0900/1030] loss = 0.000524
[e030 s0950/1030] loss = 0.000516
[e030 s1000/1030] loss = 0.000517
Epoch 030: train_loss = 0.000520  MAE/GAME0 = 34.01  RMSE = 65.59  GAME1 = 10.02  GAME2 = 2.80  GAME3 = 0.78  lr = 1.00e-05  time = 24.2s
[e031 s0001/1030] loss = 0.000002
[e031 s0050/1030] loss = 0.000368
[e031 s0100/1030] loss = 0.000403
[e031 s0150/1030] loss = 0.000831
[e031 s0200/1030] loss = 0.000740
[e031 s0250/1030] loss = 0.000844
[e031 s0300/1030] loss = 0.000749
[e031 s0350/1030] loss = 0.000684
[e031 s0400/1030] loss = 0.000628
[e031 s0450/1030] loss = 0.000624
[e031 s0500/1030] loss = 0.000619
[e031 s0550/1030] loss = 0.000585
[e031 s0600/1030] loss = 0.000554
[e031 s0650/1030] loss = 0.000672
[e031 s0700/1030] loss = 0.000641
[e031 s0750/1030] loss = 0.000666
[e031 s0800/1030] loss = 0.000651
[e031 s0850/1030] loss = 0.000624
[e031 s0900/1030] loss = 0.000636
[e031 s0950/1030] loss = 0.000614
[e031 s1000/1030] loss = 0.000621
Epoch 031: train_loss = 0.000613  MAE/GAME0 = 35.02  RMSE = 61.97  GAME1 = 10.84  GAME2 = 3.23  GAME3 = 0.91  lr = 1.00e-05  time = 23.9s
[e032 s0001/1030] loss = 0.000046
[e032 s0050/1030] loss = 0.004180
[e032 s0100/1030] loss = 0.002480
[e032 s0150/1030] loss = 0.001795
[e032 s0200/1030] loss = 0.001440
[e032 s0250/1030] loss = 0.001251
[e032 s0300/1030] loss = 0.001102
[e032 s0350/1030] loss = 0.000997
[e032 s0400/1030] loss = 0.000925
[e032 s0450/1030] loss = 0.000851
[e032 s0500/1030] loss = 0.000823
[e032 s0550/1030] loss = 0.000774
[e032 s0600/1030] loss = 0.000757
[e032 s0650/1030] loss = 0.000727
[e032 s0700/1030] loss = 0.000706
[e032 s0750/1030] loss = 0.000695
[e032 s0800/1030] loss = 0.000674
[e032 s0850/1030] loss = 0.000682
[e032 s0900/1030] loss = 0.000657
[e032 s0950/1030] loss = 0.000637
[e032 s1000/1030] loss = 0.000625
-> saved early_best.pth (MAE/GAME0 30.48)
Epoch 032: train_loss = 0.000623  MAE/GAME0 = 30.48  RMSE = 61.75  GAME1 = 9.74  GAME2 = 2.90  GAME3 = 0.82  lr = 1.00e-05  time = 24.7s
[e033 s0001/1030] loss = 0.000052
[e033 s0050/1030] loss = 0.001210
[e033 s0100/1030] loss = 0.000820
[e033 s0150/1030] loss = 0.000677
[e033 s0200/1030] loss = 0.000620
[e033 s0250/1030] loss = 0.000593
[e033 s0300/1030] loss = 0.000600
[e033 s0350/1030] loss = 0.000551
[e033 s0400/1030] loss = 0.000516
[e033 s0450/1030] loss = 0.000520
[e033 s0500/1030] loss = 0.000525
[e033 s0550/1030] loss = 0.000524
[e033 s0600/1030] loss = 0.000521
[e033 s0650/1030] loss = 0.000540
[e033 s0700/1030] loss = 0.000586
[e033 s0750/1030] loss = 0.000569
[e033 s0800/1030] loss = 0.000550
[e033 s0850/1030] loss = 0.000540
[e033 s0900/1030] loss = 0.000603
[e033 s0950/1030] loss = 0.000593
[e033 s1000/1030] loss = 0.000577
Epoch 033: train_loss = 0.000580  MAE/GAME0 = 42.36  RMSE = 66.92  GAME1 = 12.87  GAME2 = 3.87  GAME3 = 1.09  lr = 1.00e-05  time = 24.7s
[e034 s0001/1030] loss = 0.000212
[e034 s0050/1030] loss = 0.000405
[e034 s0100/1030] loss = 0.000345
[e034 s0150/1030] loss = 0.000461
[e034 s0200/1030] loss = 0.000462
[e034 s0250/1030] loss = 0.000484
[e034 s0300/1030] loss = 0.000442
[e034 s0350/1030] loss = 0.000443
[e034 s0400/1030] loss = 0.000436
[e034 s0450/1030] loss = 0.000480
[e034 s0500/1030] loss = 0.000493
[e034 s0550/1030] loss = 0.000703
[e034 s0600/1030] loss = 0.000684
[e034 s0650/1030] loss = 0.000698
[e034 s0700/1030] loss = 0.000695
[e034 s0750/1030] loss = 0.000688
[e034 s0800/1030] loss = 0.000664
[e034 s0850/1030] loss = 0.000639
[e034 s0900/1030] loss = 0.000626
[e034 s0950/1030] loss = 0.000663
[e034 s1000/1030] loss = 0.000653
Epoch 034: train_loss = 0.000641  MAE/GAME0 = 41.94  RMSE = 66.52  GAME1 = 12.32  GAME2 = 3.62  GAME3 = 1.02  lr = 1.00e-05  time = 25.7s
[e035 s0001/1030] loss = 0.000142
[e035 s0050/1030] loss = 0.000465
[e035 s0100/1030] loss = 0.000560
[e035 s0150/1030] loss = 0.000570
[e035 s0200/1030] loss = 0.000678
[e035 s0250/1030] loss = 0.000636
[e035 s0300/1030] loss = 0.000622
[e035 s0350/1030] loss = 0.000615
[e035 s0400/1030] loss = 0.000573
[e035 s0450/1030] loss = 0.000526
[e035 s0500/1030] loss = 0.000505
[e035 s0550/1030] loss = 0.000480
[e035 s0600/1030] loss = 0.000535
[e035 s0650/1030] loss = 0.000537
[e035 s0700/1030] loss = 0.000672
[e035 s0750/1030] loss = 0.000638
[e035 s0800/1030] loss = 0.000641
[e035 s0850/1030] loss = 0.000625
[e035 s0900/1030] loss = 0.000626
[e035 s0950/1030] loss = 0.000612
[e035 s1000/1030] loss = 0.000599
Epoch 035: train_loss = 0.000590  MAE/GAME0 = 35.35  RMSE = 64.56  GAME1 = 10.64  GAME2 = 3.08  GAME3 = 0.87  lr = 1.00e-05  time = 24.2s
[e036 s0001/1030] loss = 0.000419
[e036 s0050/1030] loss = 0.000415
[e036 s0100/1030] loss = 0.000281
[e036 s0150/1030] loss = 0.000328
[e036 s0200/1030] loss = 0.000537
[e036 s0250/1030] loss = 0.000475
[e036 s0300/1030] loss = 0.000510
[e036 s0350/1030] loss = 0.000619
[e036 s0400/1030] loss = 0.000591
[e036 s0450/1030] loss = 0.000567
[e036 s0500/1030] loss = 0.000552
[e036 s0550/1030] loss = 0.000544
[e036 s0600/1030] loss = 0.000537
[e036 s0650/1030] loss = 0.000529
[e036 s0700/1030] loss = 0.000518
[e036 s0750/1030] loss = 0.000528
[e036 s0800/1030] loss = 0.000508
[e036 s0850/1030] loss = 0.000519
[e036 s0900/1030] loss = 0.000508
[e036 s0950/1030] loss = 0.000502
[e036 s1000/1030] loss = 0.000502
Epoch 036: train_loss = 0.000493  MAE/GAME0 = 33.22  RMSE = 61.05  GAME1 = 10.29  GAME2 = 3.03  GAME3 = 0.86  lr = 1.00e-05  time = 24.2s
[e037 s0001/1030] loss = 0.000662
[e037 s0050/1030] loss = 0.000896
[e037 s0100/1030] loss = 0.000643
[e037 s0150/1030] loss = 0.000639
[e037 s0200/1030] loss = 0.000540
[e037 s0250/1030] loss = 0.000485
[e037 s0300/1030] loss = 0.000489
[e037 s0350/1030] loss = 0.000505
[e037 s0400/1030] loss = 0.000526
[e037 s0450/1030] loss = 0.000495
[e037 s0500/1030] loss = 0.000595
[e037 s0550/1030] loss = 0.000567
[e037 s0600/1030] loss = 0.000597
[e037 s0650/1030] loss = 0.000591
[e037 s0700/1030] loss = 0.000577
[e037 s0750/1030] loss = 0.000550
[e037 s0800/1030] loss = 0.000543
[e037 s0850/1030] loss = 0.000559
[e037 s0900/1030] loss = 0.000719
[e037 s0950/1030] loss = 0.000702
[e037 s1000/1030] loss = 0.000684
Epoch 037: train_loss = 0.000688  MAE/GAME0 = 52.62  RMSE = 73.31  GAME1 = 14.92  GAME2 = 4.24  GAME3 = 1.18  lr = 1.00e-05  time = 24.6s
[e038 s0001/1030] loss = 0.000696
[e038 s0050/1030] loss = 0.000679
[e038 s0100/1030] loss = 0.000438
[e038 s0150/1030] loss = 0.000354
[e038 s0200/1030] loss = 0.000360
[e038 s0250/1030] loss = 0.000358
[e038 s0300/1030] loss = 0.000567
[e038 s0350/1030] loss = 0.000664
[e038 s0400/1030] loss = 0.000657
[e038 s0450/1030] loss = 0.000611
[e038 s0500/1030] loss = 0.000596
[e038 s0550/1030] loss = 0.000565
[e038 s0600/1030] loss = 0.000536
[e038 s0650/1030] loss = 0.000601
[e038 s0700/1030] loss = 0.000585
[e038 s0750/1030] loss = 0.000557
[e038 s0800/1030] loss = 0.000560
[e038 s0850/1030] loss = 0.000548
[e038 s0900/1030] loss = 0.000531
[e038 s0950/1030] loss = 0.000524
[e038 s1000/1030] loss = 0.000531
Epoch 038: train_loss = 0.000530  MAE/GAME0 = 32.83  RMSE = 62.01  GAME1 = 10.44  GAME2 = 3.14  GAME3 = 0.89  lr = 1.00e-05  time = 24.5s
[e039 s0001/1030] loss = 0.000004
[e039 s0050/1030] loss = 0.000275
[e039 s0100/1030] loss = 0.000285
[e039 s0150/1030] loss = 0.000315
[e039 s0200/1030] loss = 0.000282
[e039 s0250/1030] loss = 0.000273
[e039 s0300/1030] loss = 0.000263
[e039 s0350/1030] loss = 0.000253
[e039 s0400/1030] loss = 0.000277
[e039 s0450/1030] loss = 0.000261
[e039 s0500/1030] loss = 0.000261
[e039 s0550/1030] loss = 0.000268
[e039 s0600/1030] loss = 0.000260
[e039 s0650/1030] loss = 0.000257
[e039 s0700/1030] loss = 0.000253
[e039 s0750/1030] loss = 0.000253
[e039 s0800/1030] loss = 0.000265
[e039 s0850/1030] loss = 0.000285
[e039 s0900/1030] loss = 0.000297
[e039 s0950/1030] loss = 0.000303
[e039 s1000/1030] loss = 0.000312
Epoch 039: train_loss = 0.000309  MAE/GAME0 = 46.85  RMSE = 70.69  GAME1 = 13.22  GAME2 = 3.69  GAME3 = 1.04  lr = 1.00e-05  time = 24.1s
[e040 s0001/1030] loss = 0.002286
[e040 s0050/1030] loss = 0.000344
[e040 s0100/1030] loss = 0.000264
[e040 s0150/1030] loss = 0.000254
[e040 s0200/1030] loss = 0.000493
[e040 s0250/1030] loss = 0.000442
[e040 s0300/1030] loss = 0.000506
[e040 s0350/1030] loss = 0.000483
[e040 s0400/1030] loss = 0.000482
[e040 s0450/1030] loss = 0.000460
[e040 s0500/1030] loss = 0.000458
[e040 s0550/1030] loss = 0.000437
[e040 s0600/1030] loss = 0.000417
[e040 s0650/1030] loss = 0.000424
[e040 s0700/1030] loss = 0.000430
[e040 s0750/1030] loss = 0.000423
[e040 s0800/1030] loss = 0.000425
[e040 s0850/1030] loss = 0.000423
[e040 s0900/1030] loss = 0.000429
[e040 s0950/1030] loss = 0.000421
[e040 s1000/1030] loss = 0.000431
Epoch 040: train_loss = 0.000444  MAE/GAME0 = 32.57  RMSE = 61.56  GAME1 = 10.32  GAME2 = 3.05  GAME3 = 0.86  lr = 1.00e-05  time = 24.4s
[e041 s0001/1030] loss = 0.000005
[e041 s0050/1030] loss = 0.000281
[e041 s0100/1030] loss = 0.000233
[e041 s0150/1030] loss = 0.000289
[e041 s0200/1030] loss = 0.000279
[e041 s0250/1030] loss = 0.000332
[e041 s0300/1030] loss = 0.000312
[e041 s0350/1030] loss = 0.000300
[e041 s0400/1030] loss = 0.000396
[e041 s0450/1030] loss = 0.000429
[e041 s0500/1030] loss = 0.000529
[e041 s0550/1030] loss = 0.000536
[e041 s0600/1030] loss = 0.000519
[e041 s0650/1030] loss = 0.000491
[e041 s0700/1030] loss = 0.000504
[e041 s0750/1030] loss = 0.000500
[e041 s0800/1030] loss = 0.000502
[e041 s0850/1030] loss = 0.000501
[e041 s0900/1030] loss = 0.000514
[e041 s0950/1030] loss = 0.000528
[e041 s1000/1030] loss = 0.000543
Epoch 041: train_loss = 0.000536  MAE/GAME0 = 41.30  RMSE = 66.42  GAME1 = 11.78  GAME2 = 3.37  GAME3 = 0.95  lr = 1.00e-05  time = 24.7s
[e042 s0001/1030] loss = 0.000269
[e042 s0050/1030] loss = 0.000532
[e042 s0100/1030] loss = 0.000467
[e042 s0150/1030] loss = 0.000445
[e042 s0200/1030] loss = 0.000455
[e042 s0250/1030] loss = 0.000433
[e042 s0300/1030] loss = 0.000413
[e042 s0350/1030] loss = 0.000385
[e042 s0400/1030] loss = 0.000536
[e042 s0450/1030] loss = 0.000501
[e042 s0500/1030] loss = 0.000484
[e042 s0550/1030] loss = 0.000478
[e042 s0600/1030] loss = 0.000461
[e042 s0650/1030] loss = 0.000452
[e042 s0700/1030] loss = 0.000446
[e042 s0750/1030] loss = 0.000442
[e042 s0800/1030] loss = 0.000459
[e042 s0850/1030] loss = 0.000506
[e042 s0900/1030] loss = 0.000506
[e042 s0950/1030] loss = 0.000492
[e042 s1000/1030] loss = 0.000480
Epoch 042: train_loss = 0.000474  MAE/GAME0 = 37.85  RMSE = 63.25  GAME1 = 11.62  GAME2 = 3.47  GAME3 = 0.98  lr = 1.00e-05  time = 24.2s
[e043 s0001/1030] loss = 0.000543
[e043 s0050/1030] loss = 0.000458
[e043 s0100/1030] loss = 0.000289
[e043 s0150/1030] loss = 0.000322
[e043 s0200/1030] loss = 0.000401
[e043 s0250/1030] loss = 0.000420
[e043 s0300/1030] loss = 0.000384
[e043 s0350/1030] loss = 0.000399
[e043 s0400/1030] loss = 0.000444
[e043 s0450/1030] loss = 0.000438
[e043 s0500/1030] loss = 0.000510
[e043 s0550/1030] loss = 0.000624
[e043 s0600/1030] loss = 0.000759
[e043 s0650/1030] loss = 0.000746
[e043 s0700/1030] loss = 0.000725
[e043 s0750/1030] loss = 0.000702
[e043 s0800/1030] loss = 0.000672
[e043 s0850/1030] loss = 0.000657
[e043 s0900/1030] loss = 0.000643
[e043 s0950/1030] loss = 0.000620
[e043 s1000/1030] loss = 0.000606
Epoch 043: train_loss = 0.000597  MAE/GAME0 = 38.54  RMSE = 64.89  GAME1 = 11.38  GAME2 = 3.31  GAME3 = 0.94  lr = 1.00e-05  time = 24.5s
[e044 s0001/1030] loss = 0.000003
[e044 s0050/1030] loss = 0.000534
[e044 s0100/1030] loss = 0.000466
[e044 s0150/1030] loss = 0.000457
[e044 s0200/1030] loss = 0.000426
[e044 s0250/1030] loss = 0.000506
[e044 s0300/1030] loss = 0.000486
[e044 s0350/1030] loss = 0.000453
[e044 s0400/1030] loss = 0.000528
[e044 s0450/1030] loss = 0.000555
[e044 s0500/1030] loss = 0.000580
[e044 s0550/1030] loss = 0.000567
[e044 s0600/1030] loss = 0.000544
[e044 s0650/1030] loss = 0.000533
[e044 s0700/1030] loss = 0.000525
[e044 s0750/1030] loss = 0.000522
[e044 s0800/1030] loss = 0.000514
[e044 s0850/1030] loss = 0.000546
[e044 s0900/1030] loss = 0.000537
[e044 s0950/1030] loss = 0.000538
[e044 s1000/1030] loss = 0.000524
Epoch 044: train_loss = 0.000521  MAE/GAME0 = 45.97  RMSE = 69.03  GAME1 = 13.29  GAME2 = 3.86  GAME3 = 1.09  lr = 1.00e-05  time = 26.9s
[e045 s0001/1030] loss = 0.000008
[e045 s0050/1030] loss = 0.000245
[e045 s0100/1030] loss = 0.000428
[e045 s0150/1030] loss = 0.000461
[e045 s0200/1030] loss = 0.001196
[e045 s0250/1030] loss = 0.001022
[e045 s0300/1030] loss = 0.000918
[e045 s0350/1030] loss = 0.000821
[e045 s0400/1030] loss = 0.000760
[e045 s0450/1030] loss = 0.000700
[e045 s0500/1030] loss = 0.000658
[e045 s0550/1030] loss = 0.000631
[e045 s0600/1030] loss = 0.000628
[e045 s0650/1030] loss = 0.000623
[e045 s0700/1030] loss = 0.000593
[e045 s0750/1030] loss = 0.000585
[e045 s0800/1030] loss = 0.000561
[e045 s0850/1030] loss = 0.000555
[e045 s0900/1030] loss = 0.000540
[e045 s0950/1030] loss = 0.000527
[e045 s1000/1030] loss = 0.000520
Epoch 045: train_loss = 0.000520  MAE/GAME0 = 40.41  RMSE = 65.95  GAME1 = 11.83  GAME2 = 3.41  GAME3 = 0.96  lr = 1.00e-05  time = 24.3s
[e046 s0001/1030] loss = 0.000153
[e046 s0050/1030] loss = 0.001192
[e046 s0100/1030] loss = 0.000760
[e046 s0150/1030] loss = 0.000587
[e046 s0200/1030] loss = 0.000491
[e046 s0250/1030] loss = 0.000900
[e046 s0300/1030] loss = 0.000802
[e046 s0350/1030] loss = 0.000737
[e046 s0400/1030] loss = 0.000688
[e046 s0450/1030] loss = 0.000662
[e046 s0500/1030] loss = 0.000666
[e046 s0550/1030] loss = 0.000671
[e046 s0600/1030] loss = 0.000653
[e046 s0650/1030] loss = 0.000656
[e046 s0700/1030] loss = 0.000642
[e046 s0750/1030] loss = 0.000632
[e046 s0800/1030] loss = 0.000613
[e046 s0850/1030] loss = 0.000590
[e046 s0900/1030] loss = 0.000687
[e046 s0950/1030] loss = 0.000692
[e046 s1000/1030] loss = 0.000686
Epoch 046: train_loss = 0.000679  MAE/GAME0 = 43.03  RMSE = 66.95  GAME1 = 12.81  GAME2 = 3.78  GAME3 = 1.06  lr = 1.00e-05  time = 24.1s
[e047 s0001/1030] loss = 0.000221
[e047 s0050/1030] loss = 0.000655
[e047 s0100/1030] loss = 0.000547
[e047 s0150/1030] loss = 0.000506
[e047 s0200/1030] loss = 0.000447
[e047 s0250/1030] loss = 0.000470
[e047 s0300/1030] loss = 0.000467
[e047 s0350/1030] loss = 0.000455
[e047 s0400/1030] loss = 0.000459
[e047 s0450/1030] loss = 0.000434
[e047 s0500/1030] loss = 0.000526
[e047 s0550/1030] loss = 0.000509
[e047 s0600/1030] loss = 0.000506
[e047 s0650/1030] loss = 0.000512
[e047 s0700/1030] loss = 0.000507
[e047 s0750/1030] loss = 0.000493
[e047 s0800/1030] loss = 0.000489
[e047 s0850/1030] loss = 0.000475
[e047 s0900/1030] loss = 0.000471
[e047 s0950/1030] loss = 0.000464
[e047 s1000/1030] loss = 0.000455
Epoch 047: train_loss = 0.000454  MAE/GAME0 = 33.12  RMSE = 62.39  GAME1 = 10.04  GAME2 = 2.91  GAME3 = 0.83  lr = 1.00e-05  time = 24.2s
[e048 s0001/1030] loss = 0.000091
[e048 s0050/1030] loss = 0.000593
[e048 s0100/1030] loss = 0.000387
[e048 s0150/1030] loss = 0.000460
[e048 s0200/1030] loss = 0.000440
[e048 s0250/1030] loss = 0.000437
[e048 s0300/1030] loss = 0.000398
[e048 s0350/1030] loss = 0.000413
[e048 s0400/1030] loss = 0.000439
[e048 s0450/1030] loss = 0.000427
[e048 s0500/1030] loss = 0.000409
[e048 s0550/1030] loss = 0.000413
[e048 s0600/1030] loss = 0.000394
[e048 s0650/1030] loss = 0.000382
[e048 s0700/1030] loss = 0.000375
[e048 s0750/1030] loss = 0.000402
[e048 s0800/1030] loss = 0.000395
[e048 s0850/1030] loss = 0.000428
[e048 s0900/1030] loss = 0.000428
[e048 s0950/1030] loss = 0.000452
[e048 s1000/1030] loss = 0.000459
Epoch 048: train_loss = 0.000458  MAE/GAME0 = 43.63  RMSE = 68.00  GAME1 = 12.43  GAME2 = 3.54  GAME3 = 1.01  lr = 1.00e-05  time = 26.1s
[e049 s0001/1030] loss = 0.000859
[e049 s0050/1030] loss = 0.000297
[e049 s0100/1030] loss = 0.000324
[e049 s0150/1030] loss = 0.000403
[e049 s0200/1030] loss = 0.000387
[e049 s0250/1030] loss = 0.000387
[e049 s0300/1030] loss = 0.000381
[e049 s0350/1030] loss = 0.000426
[e049 s0400/1030] loss = 0.000406
[e049 s0450/1030] loss = 0.000411
[e049 s0500/1030] loss = 0.000426
[e049 s0550/1030] loss = 0.000464
[e049 s0600/1030] loss = 0.000452
[e049 s0650/1030] loss = 0.000432
[e049 s0700/1030] loss = 0.000421
[e049 s0750/1030] loss = 0.000424
[e049 s0800/1030] loss = 0.000420
[e049 s0850/1030] loss = 0.000418
[e049 s0900/1030] loss = 0.000408
[e049 s0950/1030] loss = 0.000410
[e049 s1000/1030] loss = 0.000416
Epoch 049: train_loss = 0.000415  MAE/GAME0 = 44.20  RMSE = 70.09  GAME1 = 12.60  GAME2 = 3.62  GAME3 = 1.03  lr = 1.00e-05  time = 24.4s
[e050 s0001/1030] loss = 0.000043
[e050 s0050/1030] loss = 0.000192
[e050 s0100/1030] loss = 0.000223
[e050 s0150/1030] loss = 0.000332
[e050 s0200/1030] loss = 0.000307
[e050 s0250/1030] loss = 0.000327
[e050 s0300/1030] loss = 0.000419
[e050 s0350/1030] loss = 0.000387
[e050 s0400/1030] loss = 0.000364
[e050 s0450/1030] loss = 0.000493
[e050 s0500/1030] loss = 0.000484
[e050 s0550/1030] loss = 0.000474
[e050 s0600/1030] loss = 0.000470
[e050 s0650/1030] loss = 0.000459
[e050 s0700/1030] loss = 0.000439
[e050 s0750/1030] loss = 0.000431
[e050 s0800/1030] loss = 0.000431
[e050 s0850/1030] loss = 0.000419
[e050 s0900/1030] loss = 0.000415
[e050 s0950/1030] loss = 0.000415
[e050 s1000/1030] loss = 0.000406
Epoch 050: train_loss = 0.000437  MAE/GAME0 = 78.42  RMSE = 94.62  GAME1 = 21.10  GAME2 = 5.74  GAME3 = 1.55  lr = 1.00e-05  time = 25.5s
[e051 s0001/1030] loss = 0.000214
[e051 s0050/1030] loss = 0.000509
[e051 s0100/1030] loss = 0.000308
[e051 s0150/1030] loss = 0.000444
[e051 s0200/1030] loss = 0.000459
[e051 s0250/1030] loss = 0.000549
[e051 s0300/1030] loss = 0.000574
[e051 s0350/1030] loss = 0.000558
[e051 s0400/1030] loss = 0.000600
[e051 s0450/1030] loss = 0.000930
[e051 s0500/1030] loss = 0.000859
[e051 s0550/1030] loss = 0.000802
[e051 s0600/1030] loss = 0.000863
[e051 s0650/1030] loss = 0.000837
[e051 s0700/1030] loss = 0.000795
[e051 s0750/1030] loss = 0.000762
[e051 s0800/1030] loss = 0.000739
[e051 s0850/1030] loss = 0.000711
[e051 s0900/1030] loss = 0.000689
[e051 s0950/1030] loss = 0.000666
[e051 s1000/1030] loss = 0.000710
Epoch 051: train_loss = 0.000703  MAE/GAME0 = 48.64  RMSE = 71.62  GAME1 = 13.66  GAME2 = 3.88  GAME3 = 1.09  lr = 1.00e-05  time = 26.5s
[e052 s0001/1030] loss = 0.002109
[e052 s0050/1030] loss = 0.000678
[e052 s0100/1030] loss = 0.000516
[e052 s0150/1030] loss = 0.000493
[e052 s0200/1030] loss = 0.000424
[e052 s0250/1030] loss = 0.000418
[e052 s0300/1030] loss = 0.000436
[e052 s0350/1030] loss = 0.000418
[e052 s0400/1030] loss = 0.000550
[e052 s0450/1030] loss = 0.000584
[e052 s0500/1030] loss = 0.000595
[e052 s0550/1030] loss = 0.000569
[e052 s0600/1030] loss = 0.000600
[e052 s0650/1030] loss = 0.000582
[e052 s0700/1030] loss = 0.000563
[e052 s0750/1030] loss = 0.000553
[e052 s0800/1030] loss = 0.000540
[e052 s0850/1030] loss = 0.000522
[e052 s0900/1030] loss = 0.000513
[e052 s0950/1030] loss = 0.000532
[e052 s1000/1030] loss = 0.000561
Epoch 052: train_loss = 0.000556  MAE/GAME0 = 37.38  RMSE = 64.66  GAME1 = 11.22  GAME2 = 3.27  GAME3 = 0.92  lr = 1.00e-05  time = 23.9s
[e053 s0001/1030] loss = 0.000032
[e053 s0050/1030] loss = 0.002022
[e053 s0100/1030] loss = 0.001253
[e053 s0150/1030] loss = 0.000927
[e053 s0200/1030] loss = 0.000819
[e053 s0250/1030] loss = 0.000692
[e053 s0300/1030] loss = 0.000618
[e053 s0350/1030] loss = 0.000564
[e053 s0400/1030] loss = 0.000569
[e053 s0450/1030] loss = 0.000533
[e053 s0500/1030] loss = 0.000508
[e053 s0550/1030] loss = 0.000555
[e053 s0600/1030] loss = 0.000593
[e053 s0650/1030] loss = 0.000614
[e053 s0700/1030] loss = 0.000588
[e053 s0750/1030] loss = 0.000614
[e053 s0800/1030] loss = 0.000614
[e053 s0850/1030] loss = 0.000600
[e053 s0900/1030] loss = 0.000584
[e053 s0950/1030] loss = 0.000584
[e053 s1000/1030] loss = 0.000582
Epoch 053: train_loss = 0.000573  MAE/GAME0 = 32.95  RMSE = 64.07  GAME1 = 9.90  GAME2 = 2.83  GAME3 = 0.79  lr = 1.00e-05  time = 24.6s
[e054 s0001/1030] loss = 0.000001
[e054 s0050/1030] loss = 0.000311
[e054 s0100/1030] loss = 0.000310
[e054 s0150/1030] loss = 0.001278
[e054 s0200/1030] loss = 0.001039
[e054 s0250/1030] loss = 0.000886
[e054 s0300/1030] loss = 0.000834
[e054 s0350/1030] loss = 0.000758
[e054 s0400/1030] loss = 0.000746
[e054 s0450/1030] loss = 0.000743
[e054 s0500/1030] loss = 0.000697
[e054 s0550/1030] loss = 0.000667
[e054 s0600/1030] loss = 0.000626
[e054 s0650/1030] loss = 0.000607
[e054 s0700/1030] loss = 0.000588
[e054 s0750/1030] loss = 0.000664
[e054 s0800/1030] loss = 0.000641
[e054 s0850/1030] loss = 0.000656
[e054 s0900/1030] loss = 0.000640
[e054 s0950/1030] loss = 0.000619
[e054 s1000/1030] loss = 0.000612
Epoch 054: train_loss = 0.000606  MAE/GAME0 = 47.82  RMSE = 71.36  GAME1 = 13.62  GAME2 = 3.92  GAME3 = 1.10  lr = 1.00e-05  time = 24.8s
[e055 s0001/1030] loss = 0.000271
[e055 s0050/1030] loss = 0.000469
[e055 s0100/1030] loss = 0.000486
[e055 s0150/1030] loss = 0.000500
[e055 s0200/1030] loss = 0.000872
[e055 s0250/1030] loss = 0.000771
[e055 s0300/1030] loss = 0.000706
[e055 s0350/1030] loss = 0.000677
[e055 s0400/1030] loss = 0.000643
[e055 s0450/1030] loss = 0.000590
[e055 s0500/1030] loss = 0.000673
[e055 s0550/1030] loss = 0.000641
[e055 s0600/1030] loss = 0.000622
[e055 s0650/1030] loss = 0.000633
[e055 s0700/1030] loss = 0.000609
[e055 s0750/1030] loss = 0.000628
[e055 s0800/1030] loss = 0.000620
[e055 s0850/1030] loss = 0.000597
[e055 s0900/1030] loss = 0.000628
[e055 s0950/1030] loss = 0.000613
[e055 s1000/1030] loss = 0.000641
Epoch 055: train_loss = 0.000641  MAE/GAME0 = 75.30  RMSE = 99.77  GAME1 = 19.86  GAME2 = 5.34  GAME3 = 1.45  lr = 1.00e-05  time = 24.2s
[e056 s0001/1030] loss = 0.000607
[e056 s0050/1030] loss = 0.000588
[e056 s0100/1030] loss = 0.000432
[e056 s0150/1030] loss = 0.000399
[e056 s0200/1030] loss = 0.000372
[e056 s0250/1030] loss = 0.000373
[e056 s0300/1030] loss = 0.000344
[e056 s0350/1030] loss = 0.000371
[e056 s0400/1030] loss = 0.000400
[e056 s0450/1030] loss = 0.000411
[e056 s0500/1030] loss = 0.000415
[e056 s0550/1030] loss = 0.000417
[e056 s0600/1030] loss = 0.000408
[e056 s0650/1030] loss = 0.000400
[e056 s0700/1030] loss = 0.000427
[e056 s0750/1030] loss = 0.000430
[e056 s0800/1030] loss = 0.000425
[e056 s0850/1030] loss = 0.000419
[e056 s0900/1030] loss = 0.000406
[e056 s0950/1030] loss = 0.000397
[e056 s1000/1030] loss = 0.000392
Epoch 056: train_loss = 0.000385  MAE/GAME0 = 34.47  RMSE = 65.39  GAME1 = 10.23  GAME2 = 2.85  GAME3 = 0.79  lr = 1.00e-05  time = 24.3s
[e057 s0001/1030] loss = 0.000009
[e057 s0050/1030] loss = 0.000729
[e057 s0100/1030] loss = 0.000565
[e057 s0150/1030] loss = 0.000448
[e057 s0200/1030] loss = 0.000434
[e057 s0250/1030] loss = 0.000384
[e057 s0300/1030] loss = 0.000937
[e057 s0350/1030] loss = 0.000957
[e057 s0400/1030] loss = 0.000948
[e057 s0450/1030] loss = 0.000888
[e057 s0500/1030] loss = 0.000836
[e057 s0550/1030] loss = 0.000776
[e057 s0600/1030] loss = 0.000789
[e057 s0650/1030] loss = 0.000773
[e057 s0700/1030] loss = 0.000732
[e057 s0750/1030] loss = 0.000705
[e057 s0800/1030] loss = 0.000688
[e057 s0850/1030] loss = 0.000669
[e057 s0900/1030] loss = 0.000650
[e057 s0950/1030] loss = 0.000642
[e057 s1000/1030] loss = 0.000629
Epoch 057: train_loss = 0.000621  MAE/GAME0 = 32.35  RMSE = 63.81  GAME1 = 9.81  GAME2 = 2.80  GAME3 = 0.78  lr = 1.00e-05  time = 25.3s
[e058 s0001/1030] loss = 0.000002
[e058 s0050/1030] loss = 0.003180
[e058 s0100/1030] loss = 0.001823
[e058 s0150/1030] loss = 0.001314
[e058 s0200/1030] loss = 0.001078
[e058 s0250/1030] loss = 0.000945
[e058 s0300/1030] loss = 0.000884
[e058 s0350/1030] loss = 0.000805
[e058 s0400/1030] loss = 0.000753
[e058 s0450/1030] loss = 0.000690
[e058 s0500/1030] loss = 0.000664
[e058 s0550/1030] loss = 0.000660
[e058 s0600/1030] loss = 0.000645
[e058 s0650/1030] loss = 0.000624
[e058 s0700/1030] loss = 0.000615
[e058 s0750/1030] loss = 0.000587
[e058 s0800/1030] loss = 0.000578
[e058 s0850/1030] loss = 0.000575
[e058 s0900/1030] loss = 0.000649
[e058 s0950/1030] loss = 0.000638
[e058 s1000/1030] loss = 0.000619
Epoch 058: train_loss = 0.000611  MAE/GAME0 = 38.82  RMSE = 64.35  GAME1 = 11.44  GAME2 = 3.30  GAME3 = 0.93  lr = 1.00e-05  time = 24.2s
[e059 s0001/1030] loss = 0.000233
[e059 s0050/1030] loss = 0.000362
[e059 s0100/1030] loss = 0.000398
[e059 s0150/1030] loss = 0.000417
[e059 s0200/1030] loss = 0.000389
[e059 s0250/1030] loss = 0.001083
[e059 s0300/1030] loss = 0.000978
[e059 s0350/1030] loss = 0.000886
[e059 s0400/1030] loss = 0.000849
[e059 s0450/1030] loss = 0.000783
[e059 s0500/1030] loss = 0.000746
[e059 s0550/1030] loss = 0.000694
[e059 s0600/1030] loss = 0.000718
[e059 s0650/1030] loss = 0.000700
[e059 s0700/1030] loss = 0.000668
[e059 s0750/1030] loss = 0.000666
[e059 s0800/1030] loss = 0.000753
[e059 s0850/1030] loss = 0.000735
[e059 s0900/1030] loss = 0.000753
[e059 s0950/1030] loss = 0.000741
[e059 s1000/1030] loss = 0.000716
Epoch 059: train_loss = 0.000704  MAE/GAME0 = 34.04  RMSE = 63.96  GAME1 = 10.05  GAME2 = 2.88  GAME3 = 0.82  lr = 1.00e-05  time = 24.7s
[e060 s0001/1030] loss = 0.000080
[e060 s0050/1030] loss = 0.000471
[e060 s0100/1030] loss = 0.000409
[e060 s0150/1030] loss = 0.000332
[e060 s0200/1030] loss = 0.000413
[e060 s0250/1030] loss = 0.000418
[e060 s0300/1030] loss = 0.000406
[e060 s0350/1030] loss = 0.000403
[e060 s0400/1030] loss = 0.000391
[e060 s0450/1030] loss = 0.000404
[e060 s0500/1030] loss = 0.000391
[e060 s0550/1030] loss = 0.000391
[e060 s0600/1030] loss = 0.000398
[e060 s0650/1030] loss = 0.000413
[e060 s0700/1030] loss = 0.000399
[e060 s0750/1030] loss = 0.000393
[e060 s0800/1030] loss = 0.000399
[e060 s0850/1030] loss = 0.000392
[e060 s0900/1030] loss = 0.000413
[e060 s0950/1030] loss = 0.000404
[e060 s1000/1030] loss = 0.000408
Epoch 060: train_loss = 0.000409  MAE/GAME0 = 32.99  RMSE = 63.77  GAME1 = 9.98  GAME2 = 2.82  GAME3 = 0.80  lr = 1.00e-05  time = 24.1s
[e061 s0001/1030] loss = 0.000088
[e061 s0050/1030] loss = 0.000220
[e061 s0100/1030] loss = 0.000336
[e061 s0150/1030] loss = 0.000342
[e061 s0200/1030] loss = 0.000344
[e061 s0250/1030] loss = 0.000327
[e061 s0300/1030] loss = 0.000316
[e061 s0350/1030] loss = 0.000337
[e061 s0400/1030] loss = 0.000391
[e061 s0450/1030] loss = 0.000388
[e061 s0500/1030] loss = 0.000369
[e061 s0550/1030] loss = 0.000429
[e061 s0600/1030] loss = 0.000430
[e061 s0650/1030] loss = 0.000528
[e061 s0700/1030] loss = 0.000517
[e061 s0750/1030] loss = 0.000497
[e061 s0800/1030] loss = 0.000481
[e061 s0850/1030] loss = 0.000477
[e061 s0900/1030] loss = 0.000468
[e061 s0950/1030] loss = 0.000473
[e061 s1000/1030] loss = 0.000496
Epoch 061: train_loss = 0.000485  MAE/GAME0 = 34.27  RMSE = 65.33  GAME1 = 10.28  GAME2 = 2.87  GAME3 = 0.80  lr = 1.00e-05  time = 29.0s
[e062 s0001/1030] loss = 0.000001
[e062 s0050/1030] loss = 0.000380
[e062 s0100/1030] loss = 0.000429
[e062 s0150/1030] loss = 0.000517
[e062 s0200/1030] loss = 0.000548
[e062 s0250/1030] loss = 0.000508
[e062 s0300/1030] loss = 0.000505
[e062 s0350/1030] loss = 0.000469
[e062 s0400/1030] loss = 0.000466
[e062 s0450/1030] loss = 0.000447
[e062 s0500/1030] loss = 0.000442
[e062 s0550/1030] loss = 0.000432
[e062 s0600/1030] loss = 0.000429
[e062 s0650/1030] loss = 0.000435
[e062 s0700/1030] loss = 0.000438
[e062 s0750/1030] loss = 0.000424
[e062 s0800/1030] loss = 0.000407
[e062 s0850/1030] loss = 0.000421
[e062 s0900/1030] loss = 0.000462
[e062 s0950/1030] loss = 0.000476
[e062 s1000/1030] loss = 0.000488
Epoch 062: train_loss = 0.000478  MAE/GAME0 = 31.21  RMSE = 61.81  GAME1 = 9.86  GAME2 = 2.88  GAME3 = 0.81  lr = 1.00e-05  time = 24.7s
[e063 s0001/1030] loss = 0.000014
[e063 s0050/1030] loss = 0.000584
[e063 s0100/1030] loss = 0.000655
[e063 s0150/1030] loss = 0.000534
[e063 s0200/1030] loss = 0.000478
[e063 s0250/1030] loss = 0.000429
[e063 s0300/1030] loss = 0.000452
[e063 s0350/1030] loss = 0.000438
[e063 s0400/1030] loss = 0.000406
[e063 s0450/1030] loss = 0.000435
[e063 s0500/1030] loss = 0.000410
[e063 s0550/1030] loss = 0.000414
[e063 s0600/1030] loss = 0.000570
[e063 s0650/1030] loss = 0.000556
[e063 s0700/1030] loss = 0.000534
[e063 s0750/1030] loss = 0.000514
[e063 s0800/1030] loss = 0.000587
[e063 s0850/1030] loss = 0.000568
[e063 s0900/1030] loss = 0.000553
[e063 s0950/1030] loss = 0.000547
[e063 s1000/1030] loss = 0.000530
Epoch 063: train_loss = 0.000520  MAE/GAME0 = 34.61  RMSE = 65.82  GAME1 = 10.05  GAME2 = 2.78  GAME3 = 0.77  lr = 1.00e-05  time = 25.9s
[e064 s0001/1030] loss = 0.000001
[e064 s0050/1030] loss = 0.000393
[e064 s0100/1030] loss = 0.000357
[e064 s0150/1030] loss = 0.000409
[e064 s0200/1030] loss = 0.000345
[e064 s0250/1030] loss = 0.000368
[e064 s0300/1030] loss = 0.000341
[e064 s0350/1030] loss = 0.000331
[e064 s0400/1030] loss = 0.000337
[e064 s0450/1030] loss = 0.000331
[e064 s0500/1030] loss = 0.000338
[e064 s0550/1030] loss = 0.000341
[e064 s0600/1030] loss = 0.000383
[e064 s0650/1030] loss = 0.000376
[e064 s0700/1030] loss = 0.000386
[e064 s0750/1030] loss = 0.000385
[e064 s0800/1030] loss = 0.000415
[e064 s0850/1030] loss = 0.000481
[e064 s0900/1030] loss = 0.000476
[e064 s0950/1030] loss = 0.000483
[e064 s1000/1030] loss = 0.000473
Epoch 064: train_loss = 0.000491  MAE/GAME0 = 75.40  RMSE = 95.32  GAME1 = 19.83  GAME2 = 5.30  GAME3 = 1.43  lr = 1.00e-05  time = 24.4s
[e065 s0001/1030] loss = 0.000108
[e065 s0050/1030] loss = 0.005118
[e065 s0100/1030] loss = 0.002756
[e065 s0150/1030] loss = 0.001990
[e065 s0200/1030] loss = 0.001643
[e065 s0250/1030] loss = 0.001431
[e065 s0300/1030] loss = 0.001249
[e065 s0350/1030] loss = 0.001113
[e065 s0400/1030] loss = 0.001030
[e065 s0450/1030] loss = 0.000960
[e065 s0500/1030] loss = 0.000909
[e065 s0550/1030] loss = 0.000852
[e065 s0600/1030] loss = 0.000821
[e065 s0650/1030] loss = 0.000778
[e065 s0700/1030] loss = 0.000738
[e065 s0750/1030] loss = 0.000788
[e065 s0800/1030] loss = 0.000763
[e065 s0850/1030] loss = 0.000745
[e065 s0900/1030] loss = 0.000714
[e065 s0950/1030] loss = 0.000695
[e065 s1000/1030] loss = 0.000681
Epoch 065: train_loss = 0.000675  MAE/GAME0 = 32.98  RMSE = 62.42  GAME1 = 9.99  GAME2 = 2.87  GAME3 = 0.81  lr = 1.00e-05  time = 24.4s
[e066 s0001/1030] loss = 0.000157
[e066 s0050/1030] loss = 0.000189
[e066 s0100/1030] loss = 0.000311
[e066 s0150/1030] loss = 0.000321
[e066 s0200/1030] loss = 0.000398
[e066 s0250/1030] loss = 0.000464
[e066 s0300/1030] loss = 0.000507
[e066 s0350/1030] loss = 0.000493
[e066 s0400/1030] loss = 0.000485
[e066 s0450/1030] loss = 0.000465
[e066 s0500/1030] loss = 0.000505
[e066 s0550/1030] loss = 0.000527
[e066 s0600/1030] loss = 0.000778
[e066 s0650/1030] loss = 0.000742
[e066 s0700/1030] loss = 0.000712
[e066 s0750/1030] loss = 0.000692
[e066 s0800/1030] loss = 0.000674
[e066 s0850/1030] loss = 0.000655
[e066 s0900/1030] loss = 0.000646
[e066 s0950/1030] loss = 0.000625
[e066 s1000/1030] loss = 0.000602
Epoch 066: train_loss = 0.000599  MAE/GAME0 = 53.65  RMSE = 74.21  GAME1 = 14.93  GAME2 = 4.20  GAME3 = 1.17  lr = 1.00e-05  time = 24.7s
[e067 s0001/1030] loss = 0.000214
[e067 s0050/1030] loss = 0.000613
[e067 s0100/1030] loss = 0.000436
[e067 s0150/1030] loss = 0.000399
[e067 s0200/1030] loss = 0.001069
[e067 s0250/1030] loss = 0.000918
[e067 s0300/1030] loss = 0.000819
[e067 s0350/1030] loss = 0.000773
[e067 s0400/1030] loss = 0.000724
[e067 s0450/1030] loss = 0.000708
[e067 s0500/1030] loss = 0.000670
[e067 s0550/1030] loss = 0.000670
[e067 s0600/1030] loss = 0.000766
[e067 s0650/1030] loss = 0.000786
[e067 s0700/1030] loss = 0.000747
[e067 s0750/1030] loss = 0.000729
[e067 s0800/1030] loss = 0.000705
[e067 s0850/1030] loss = 0.000702
[e067 s0900/1030] loss = 0.000703
[e067 s0950/1030] loss = 0.000685
[e067 s1000/1030] loss = 0.000669
Epoch 067: train_loss = 0.000653  MAE/GAME0 = 34.04  RMSE = 64.77  GAME1 = 10.20  GAME2 = 2.90  GAME3 = 0.82  lr = 1.00e-05  time = 24.3s
[e068 s0001/1030] loss = 0.000036
[e068 s0050/1030] loss = 0.000534
[e068 s0100/1030] loss = 0.000628
[e068 s0150/1030] loss = 0.000709
[e068 s0200/1030] loss = 0.000971
[e068 s0250/1030] loss = 0.001265
[e068 s0300/1030] loss = 0.001154
[e068 s0350/1030] loss = 0.001036
[e068 s0400/1030] loss = 0.000944
[e068 s0450/1030] loss = 0.000886
[e068 s0500/1030] loss = 0.000872
[e068 s0550/1030] loss = 0.000821
[e068 s0600/1030] loss = 0.000837
[e068 s0650/1030] loss = 0.000807
[e068 s0700/1030] loss = 0.000773
[e068 s0750/1030] loss = 0.000775
[e068 s0800/1030] loss = 0.000747
[e068 s0850/1030] loss = 0.000751
[e068 s0900/1030] loss = 0.000747
[e068 s0950/1030] loss = 0.000739
[e068 s1000/1030] loss = 0.000725
Epoch 068: train_loss = 0.000724  MAE/GAME0 = 31.82  RMSE = 61.60  GAME1 = 9.68  GAME2 = 2.81  GAME3 = 0.81  lr = 1.00e-05  time = 25.9s
[e069 s0001/1030] loss = 0.000001
[e069 s0050/1030] loss = 0.000351
[e069 s0100/1030] loss = 0.000352
[e069 s0150/1030] loss = 0.000399
[e069 s0200/1030] loss = 0.000521
[e069 s0250/1030] loss = 0.000587
[e069 s0300/1030] loss = 0.000560
[e069 s0350/1030] loss = 0.000524
[e069 s0400/1030] loss = 0.000488
[e069 s0450/1030] loss = 0.000476
[e069 s0500/1030] loss = 0.000460
[e069 s0550/1030] loss = 0.000576
[e069 s0600/1030] loss = 0.000552
[e069 s0650/1030] loss = 0.000523
[e069 s0700/1030] loss = 0.000521
[e069 s0750/1030] loss = 0.000518
[e069 s0800/1030] loss = 0.000498
[e069 s0850/1030] loss = 0.000488
[e069 s0900/1030] loss = 0.000487
[e069 s0950/1030] loss = 0.000487
[e069 s1000/1030] loss = 0.000476
Epoch 069: train_loss = 0.000473  MAE/GAME0 = 38.78  RMSE = 64.44  GAME1 = 11.57  GAME2 = 3.40  GAME3 = 0.96  lr = 1.00e-05  time = 24.7s
[e070 s0001/1030] loss = 0.000037
[e070 s0050/1030] loss = 0.000373
[e070 s0100/1030] loss = 0.000293
[e070 s0150/1030] loss = 0.000278
[e070 s0200/1030] loss = 0.000318
[e070 s0250/1030] loss = 0.000341
[e070 s0300/1030] loss = 0.000358
[e070 s0350/1030] loss = 0.000353
[e070 s0400/1030] loss = 0.000355
[e070 s0450/1030] loss = 0.000352
[e070 s0500/1030] loss = 0.000371
[e070 s0550/1030] loss = 0.000364
[e070 s0600/1030] loss = 0.000349
[e070 s0650/1030] loss = 0.000344
[e070 s0700/1030] loss = 0.000341
[e070 s0750/1030] loss = 0.000355
[e070 s0800/1030] loss = 0.000371
[e070 s0850/1030] loss = 0.000372
[e070 s0900/1030] loss = 0.000369
[e070 s0950/1030] loss = 0.000364
[e070 s1000/1030] loss = 0.000361
Epoch 070: train_loss = 0.000357  MAE/GAME0 = 34.29  RMSE = 61.33  GAME1 = 10.74  GAME2 = 3.19  GAME3 = 0.91  lr = 1.00e-05  time = 26.5s
[e071 s0001/1030] loss = 0.000063
[e071 s0050/1030] loss = 0.000543
[e071 s0100/1030] loss = 0.000502
[e071 s0150/1030] loss = 0.000463
[e071 s0200/1030] loss = 0.000476
[e071 s0250/1030] loss = 0.000435
[e071 s0300/1030] loss = 0.000416
[e071 s0350/1030] loss = 0.000415
[e071 s0400/1030] loss = 0.000402
[e071 s0450/1030] loss = 0.000380
[e071 s0500/1030] loss = 0.000384
[e071 s0550/1030] loss = 0.000385
[e071 s0600/1030] loss = 0.000402
[e071 s0650/1030] loss = 0.000401
[e071 s0700/1030] loss = 0.000432
[e071 s0750/1030] loss = 0.000440
[e071 s0800/1030] loss = 0.000433
[e071 s0850/1030] loss = 0.000415
[e071 s0900/1030] loss = 0.000411
[e071 s0950/1030] loss = 0.000406
[e071 s1000/1030] loss = 0.000412
Epoch 071: train_loss = 0.000408  MAE/GAME0 = 51.94  RMSE = 74.82  GAME1 = 14.24  GAME2 = 3.95  GAME3 = 1.11  lr = 1.00e-05  time = 24.0s
[e072 s0001/1030] loss = 0.000015
[e072 s0050/1030] loss = 0.000378
[e072 s0100/1030] loss = 0.000384
[e072 s0150/1030] loss = 0.000421
[e072 s0200/1030] loss = 0.000403
[e072 s0250/1030] loss = 0.000376
[e072 s0300/1030] loss = 0.000431
[e072 s0350/1030] loss = 0.000440
[e072 s0400/1030] loss = 0.000450
[e072 s0450/1030] loss = 0.000434
[e072 s0500/1030] loss = 0.000415
[e072 s0550/1030] loss = 0.000422
[e072 s0600/1030] loss = 0.000417
[e072 s0650/1030] loss = 0.000402
[e072 s0700/1030] loss = 0.000394
[e072 s0750/1030] loss = 0.000425
[e072 s0800/1030] loss = 0.000422
[e072 s0850/1030] loss = 0.000418
[e072 s0900/1030] loss = 0.000422
[e072 s0950/1030] loss = 0.000437
[e072 s1000/1030] loss = 0.000423
Epoch 072: train_loss = 0.000421  MAE/GAME0 = 30.57  RMSE = 62.92  GAME1 = 10.05  GAME2 = 3.00  GAME3 = 0.84  lr = 1.00e-05  time = 24.6s
[e073 s0001/1030] loss = 0.000002
[e073 s0050/1030] loss = 0.000353
[e073 s0100/1030] loss = 0.000357
[e073 s0150/1030] loss = 0.000388
[e073 s0200/1030] loss = 0.000348
[e073 s0250/1030] loss = 0.000309
[e073 s0300/1030] loss = 0.000302
[e073 s0350/1030] loss = 0.000377
[e073 s0400/1030] loss = 0.000400
[e073 s0450/1030] loss = 0.000442
[e073 s0500/1030] loss = 0.000425
[e073 s0550/1030] loss = 0.000540
[e073 s0600/1030] loss = 0.000626
[e073 s0650/1030] loss = 0.000606
[e073 s0700/1030] loss = 0.000586
[e073 s0750/1030] loss = 0.000608
[e073 s0800/1030] loss = 0.000587
[e073 s0850/1030] loss = 0.000589
[e073 s0900/1030] loss = 0.000577
[e073 s0950/1030] loss = 0.000573
[e073 s1000/1030] loss = 0.000591
Epoch 073: train_loss = 0.000579  MAE/GAME0 = 33.18  RMSE = 61.75  GAME1 = 10.52  GAME2 = 3.15  GAME3 = 0.89  lr = 1.00e-05  time = 24.4s
[e074 s0001/1030] loss = 0.000075
[e074 s0050/1030] loss = 0.000356
[e074 s0100/1030] loss = 0.000342
[e074 s0150/1030] loss = 0.000408
[e074 s0200/1030] loss = 0.000385
[e074 s0250/1030] loss = 0.000395
[e074 s0300/1030] loss = 0.000373
[e074 s0350/1030] loss = 0.000577
[e074 s0400/1030] loss = 0.000561
[e074 s0450/1030] loss = 0.000528
[e074 s0500/1030] loss = 0.000512
[e074 s0550/1030] loss = 0.000500
[e074 s0600/1030] loss = 0.000495
[e074 s0650/1030] loss = 0.000505
[e074 s0700/1030] loss = 0.000521
[e074 s0750/1030] loss = 0.000506
[e074 s0800/1030] loss = 0.000510
[e074 s0850/1030] loss = 0.000493
[e074 s0900/1030] loss = 0.000487
[e074 s0950/1030] loss = 0.000507
[e074 s1000/1030] loss = 0.000489
Epoch 074: train_loss = 0.000489  MAE/GAME0 = 49.53  RMSE = 72.81  GAME1 = 13.87  GAME2 = 3.91  GAME3 = 1.09  lr = 1.00e-05  time = 24.2s
[e075 s0001/1030] loss = 0.000003
[e075 s0050/1030] loss = 0.000520
[e075 s0100/1030] loss = 0.000439
[e075 s0150/1030] loss = 0.000489
[e075 s0200/1030] loss = 0.000521
[e075 s0250/1030] loss = 0.000480
[e075 s0300/1030] loss = 0.000441
[e075 s0350/1030] loss = 0.000495
[e075 s0400/1030] loss = 0.000492
[e075 s0450/1030] loss = 0.000462
[e075 s0500/1030] loss = 0.000452
[e075 s0550/1030] loss = 0.000465
[e075 s0600/1030] loss = 0.000455
[e075 s0650/1030] loss = 0.000434
[e075 s0700/1030] loss = 0.000432
[e075 s0750/1030] loss = 0.000434
[e075 s0800/1030] loss = 0.000450
[e075 s0850/1030] loss = 0.000444
[e075 s0900/1030] loss = 0.000439
[e075 s0950/1030] loss = 0.000441
[e075 s1000/1030] loss = 0.000429
Epoch 075: train_loss = 0.000435  MAE/GAME0 = 46.40  RMSE = 69.14  GAME1 = 13.13  GAME2 = 3.74  GAME3 = 1.05  lr = 1.00e-05  time = 23.8s
[e076 s0001/1030] loss = 0.000016
[e076 s0050/1030] loss = 0.000404
[e076 s0100/1030] loss = 0.000395
[e076 s0150/1030] loss = 0.000420
[e076 s0200/1030] loss = 0.000376
[e076 s0250/1030] loss = 0.000370
[e076 s0300/1030] loss = 0.000446
[e076 s0350/1030] loss = 0.000410
[e076 s0400/1030] loss = 0.000444
[e076 s0450/1030] loss = 0.000461
[e076 s0500/1030] loss = 0.000516
[e076 s0550/1030] loss = 0.000483
[e076 s0600/1030] loss = 0.000499
[e076 s0650/1030] loss = 0.000479
[e076 s0700/1030] loss = 0.000475
[e076 s0750/1030] loss = 0.000473
[e076 s0800/1030] loss = 0.000477
[e076 s0850/1030] loss = 0.000467
[e076 s0900/1030] loss = 0.000504
[e076 s0950/1030] loss = 0.000506
[e076 s1000/1030] loss = 0.000501
Epoch 076: train_loss = 0.000553  MAE/GAME0 = 42.02  RMSE = 65.44  GAME1 = 12.16  GAME2 = 3.46  GAME3 = 0.98  lr = 1.00e-05  time = 25.2s
[e077 s0001/1030] loss = 0.000114
[e077 s0050/1030] loss = 0.002185
[e077 s0100/1030] loss = 0.001516
[e077 s0150/1030] loss = 0.001246
[e077 s0200/1030] loss = 0.001042
[e077 s0250/1030] loss = 0.000886
[e077 s0300/1030] loss = 0.000783
[e077 s0350/1030] loss = 0.000771
[e077 s0400/1030] loss = 0.000723
[e077 s0450/1030] loss = 0.000666
[e077 s0500/1030] loss = 0.000623
[e077 s0550/1030] loss = 0.000585
[e077 s0600/1030] loss = 0.000560
[e077 s0650/1030] loss = 0.000540
[e077 s0700/1030] loss = 0.000534
[e077 s0750/1030] loss = 0.000540
[e077 s0800/1030] loss = 0.000533
[e077 s0850/1030] loss = 0.000545
[e077 s0900/1030] loss = 0.000539
[e077 s0950/1030] loss = 0.000533
[e077 s1000/1030] loss = 0.000517
Epoch 077: train_loss = 0.000511  MAE/GAME0 = 45.18  RMSE = 69.14  GAME1 = 12.77  GAME2 = 3.61  GAME3 = 1.01  lr = 1.00e-05  time = 23.8s
[e078 s0001/1030] loss = 0.000100
[e078 s0050/1030] loss = 0.000407
[e078 s0100/1030] loss = 0.000667
[e078 s0150/1030] loss = 0.000594
[e078 s0200/1030] loss = 0.000541
[e078 s0250/1030] loss = 0.000517
[e078 s0300/1030] loss = 0.000497
[e078 s0350/1030] loss = 0.000456
[e078 s0400/1030] loss = 0.000453
[e078 s0450/1030] loss = 0.000612
[e078 s0500/1030] loss = 0.000710
[e078 s0550/1030] loss = 0.000680
[e078 s0600/1030] loss = 0.000644
[e078 s0650/1030] loss = 0.000622
[e078 s0700/1030] loss = 0.000594
[e078 s0750/1030] loss = 0.000579
[e078 s0800/1030] loss = 0.000567
[e078 s0850/1030] loss = 0.000571
[e078 s0900/1030] loss = 0.000572
[e078 s0950/1030] loss = 0.000554
[e078 s1000/1030] loss = 0.000549
Epoch 078: train_loss = 0.000540  MAE/GAME0 = 40.77  RMSE = 64.81  GAME1 = 12.11  GAME2 = 3.54  GAME3 = 1.00  lr = 1.00e-05  time = 24.2s
[e079 s0001/1030] loss = 0.000024
[e079 s0050/1030] loss = 0.000495
[e079 s0100/1030] loss = 0.000470
[e079 s0150/1030] loss = 0.000466
[e079 s0200/1030] loss = 0.000397
[e079 s0250/1030] loss = 0.000425
[e079 s0300/1030] loss = 0.000417
[e079 s0350/1030] loss = 0.000413
[e079 s0400/1030] loss = 0.000453
[e079 s0450/1030] loss = 0.000458
[e079 s0500/1030] loss = 0.000440
[e079 s0550/1030] loss = 0.000427
[e079 s0600/1030] loss = 0.000432
[e079 s0650/1030] loss = 0.000426
[e079 s0700/1030] loss = 0.000420
[e079 s0750/1030] loss = 0.000409
[e079 s0800/1030] loss = 0.000412
[e079 s0850/1030] loss = 0.000411
[e079 s0900/1030] loss = 0.000429
[e079 s0950/1030] loss = 0.000437
[e079 s1000/1030] loss = 0.000431
Epoch 079: train_loss = 0.000425  MAE/GAME0 = 34.37  RMSE = 64.20  GAME1 = 10.09  GAME2 = 2.87  GAME3 = 0.81  lr = 1.00e-05  time = 24.0s
[e080 s0001/1030] loss = 0.000004
[e080 s0050/1030] loss = 0.001177
[e080 s0100/1030] loss = 0.000707
[e080 s0150/1030] loss = 0.000666
[e080 s0200/1030] loss = 0.000578
[e080 s0250/1030] loss = 0.000570
[e080 s0300/1030] loss = 0.000534
[e080 s0350/1030] loss = 0.000543
[e080 s0400/1030] loss = 0.000523
[e080 s0450/1030] loss = 0.000574
[e080 s0500/1030] loss = 0.000571
[e080 s0550/1030] loss = 0.000540
[e080 s0600/1030] loss = 0.000525
[e080 s0650/1030] loss = 0.000499
[e080 s0700/1030] loss = 0.000489
[e080 s0750/1030] loss = 0.000475
[e080 s0800/1030] loss = 0.000456
[e080 s0850/1030] loss = 0.000438
[e080 s0900/1030] loss = 0.000430
[e080 s0950/1030] loss = 0.000440
[e080 s1000/1030] loss = 0.000428
Epoch 080: train_loss = 0.000430  MAE/GAME0 = 57.62  RMSE = 77.18  GAME1 = 16.12  GAME2 = 4.58  GAME3 = 1.27  lr = 1.00e-05  time = 25.5s
[e081 s0001/1030] loss = 0.000008
[e081 s0050/1030] loss = 0.000479
[e081 s0100/1030] loss = 0.000535
[e081 s0150/1030] loss = 0.000511
[e081 s0200/1030] loss = 0.000435
[e081 s0250/1030] loss = 0.000421
[e081 s0300/1030] loss = 0.000379
[e081 s0350/1030] loss = 0.000357
[e081 s0400/1030] loss = 0.000372
[e081 s0450/1030] loss = 0.000362
[e081 s0500/1030] loss = 0.000386
[e081 s0550/1030] loss = 0.000370
[e081 s0600/1030] loss = 0.000367
[e081 s0650/1030] loss = 0.000417
[e081 s0700/1030] loss = 0.000421
[e081 s0750/1030] loss = 0.000479
[e081 s0800/1030] loss = 0.000467
[e081 s0850/1030] loss = 0.000456
[e081 s0900/1030] loss = 0.000457
[e081 s0950/1030] loss = 0.000467
[e081 s1000/1030] loss = 0.000481
Epoch 081: train_loss = 0.000477  MAE/GAME0 = 52.68  RMSE = 73.66  GAME1 = 14.68  GAME2 = 4.14  GAME3 = 1.15  lr = 1.00e-05  time = 24.5s
[e082 s0001/1030] loss = 0.000041
[e082 s0050/1030] loss = 0.000301
[e082 s0100/1030] loss = 0.000674
[e082 s0150/1030] loss = 0.000584
[e082 s0200/1030] loss = 0.000662
[e082 s0250/1030] loss = 0.000667
[e082 s0300/1030] loss = 0.000613
[e082 s0350/1030] loss = 0.000550
[e082 s0400/1030] loss = 0.000650
[e082 s0450/1030] loss = 0.000601
[e082 s0500/1030] loss = 0.000571
[e082 s0550/1030] loss = 0.000562
[e082 s0600/1030] loss = 0.000562
[e082 s0650/1030] loss = 0.000566
[e082 s0700/1030] loss = 0.000568
[e082 s0750/1030] loss = 0.000581
[e082 s0800/1030] loss = 0.000586
[e082 s0850/1030] loss = 0.000586
[e082 s0900/1030] loss = 0.000593
[e082 s0950/1030] loss = 0.000606
[e082 s1000/1030] loss = 0.000617
Epoch 082: train_loss = 0.000603  MAE/GAME0 = 36.71  RMSE = 61.43  GAME1 = 11.61  GAME2 = 3.50  GAME3 = 0.99  lr = 1.00e-05  time = 24.2s
[e083 s0001/1030] loss = 0.000005
[e083 s0050/1030] loss = 0.000264
[e083 s0100/1030] loss = 0.000361
[e083 s0150/1030] loss = 0.000336
[e083 s0200/1030] loss = 0.000317
[e083 s0250/1030] loss = 0.000371
[e083 s0300/1030] loss = 0.000943
[e083 s0350/1030] loss = 0.001015
[e083 s0400/1030] loss = 0.000918
[e083 s0450/1030] loss = 0.000882
[e083 s0500/1030] loss = 0.000874
[e083 s0550/1030] loss = 0.000895
[e083 s0600/1030] loss = 0.000842
[e083 s0650/1030] loss = 0.000792
[e083 s0700/1030] loss = 0.000761
[e083 s0750/1030] loss = 0.000745
[e083 s0800/1030] loss = 0.000753
[e083 s0850/1030] loss = 0.000744
[e083 s0900/1030] loss = 0.000728
[e083 s0950/1030] loss = 0.000704
[e083 s1000/1030] loss = 0.000694
Epoch 083: train_loss = 0.000687  MAE/GAME0 = 33.56  RMSE = 62.45  GAME1 = 10.37  GAME2 = 3.06  GAME3 = 0.87  lr = 1.00e-05  time = 24.5s
[e084 s0001/1030] loss = 0.001036
[e084 s0050/1030] loss = 0.000367
[e084 s0100/1030] loss = 0.000573
[e084 s0150/1030] loss = 0.000523
[e084 s0200/1030] loss = 0.000475
[e084 s0250/1030] loss = 0.000475
[e084 s0300/1030] loss = 0.000447
[e084 s0350/1030] loss = 0.000476
[e084 s0400/1030] loss = 0.000479
[e084 s0450/1030] loss = 0.000454
[e084 s0500/1030] loss = 0.000450
[e084 s0550/1030] loss = 0.000440
[e084 s0600/1030] loss = 0.000454
[e084 s0650/1030] loss = 0.000455
[e084 s0700/1030] loss = 0.000453
[e084 s0750/1030] loss = 0.000447
[e084 s0800/1030] loss = 0.000447
[e084 s0850/1030] loss = 0.000454
[e084 s0900/1030] loss = 0.000465
[e084 s0950/1030] loss = 0.000466
[e084 s1000/1030] loss = 0.000464
Epoch 084: train_loss = 0.000460  MAE/GAME0 = 38.57  RMSE = 64.01  GAME1 = 11.40  GAME2 = 3.30  GAME3 = 0.94  lr = 1.00e-05  time = 24.1s
[e085 s0001/1030] loss = 0.000433
[e085 s0050/1030] loss = 0.000368
[e085 s0100/1030] loss = 0.000353
[e085 s0150/1030] loss = 0.000514
[e085 s0200/1030] loss = 0.000435
[e085 s0250/1030] loss = 0.000456
[e085 s0300/1030] loss = 0.000797
[e085 s0350/1030] loss = 0.000737
[e085 s0400/1030] loss = 0.000673
[e085 s0450/1030] loss = 0.000620
[e085 s0500/1030] loss = 0.000703
[e085 s0550/1030] loss = 0.000670
[e085 s0600/1030] loss = 0.000641
[e085 s0650/1030] loss = 0.000613
[e085 s0700/1030] loss = 0.000588
[e085 s0750/1030] loss = 0.000568
[e085 s0800/1030] loss = 0.000553
[e085 s0850/1030] loss = 0.000555
[e085 s0900/1030] loss = 0.000555
[e085 s0950/1030] loss = 0.000542
[e085 s1000/1030] loss = 0.000527
Epoch 085: train_loss = 0.000522  MAE/GAME0 = 33.31  RMSE = 64.80  GAME1 = 9.86  GAME2 = 2.77  GAME3 = 0.78  lr = 1.00e-05  time = 24.8s
[e086 s0001/1030] loss = 0.000387
[e086 s0050/1030] loss = 0.000760
[e086 s0100/1030] loss = 0.000461
[e086 s0150/1030] loss = 0.000355
[e086 s0200/1030] loss = 0.000329
[e086 s0250/1030] loss = 0.000393
[e086 s0300/1030] loss = 0.000410
[e086 s0350/1030] loss = 0.000397
[e086 s0400/1030] loss = 0.000405
[e086 s0450/1030] loss = 0.000433
[e086 s0500/1030] loss = 0.000438
[e086 s0550/1030] loss = 0.000421
[e086 s0600/1030] loss = 0.000406
[e086 s0650/1030] loss = 0.000392
[e086 s0700/1030] loss = 0.000563
[e086 s0750/1030] loss = 0.000582
[e086 s0800/1030] loss = 0.000571
[e086 s0850/1030] loss = 0.000545
[e086 s0900/1030] loss = 0.000533
[e086 s0950/1030] loss = 0.000543
[e086 s1000/1030] loss = 0.000528
Epoch 086: train_loss = 0.000531  MAE/GAME0 = 39.69  RMSE = 63.22  GAME1 = 12.09  GAME2 = 3.57  GAME3 = 1.01  lr = 1.00e-05  time = 27.3s
[e087 s0001/1030] loss = 0.000748
[e087 s0050/1030] loss = 0.000507
[e087 s0100/1030] loss = 0.000464
[e087 s0150/1030] loss = 0.000556
[e087 s0200/1030] loss = 0.000519
[e087 s0250/1030] loss = 0.000467
[e087 s0300/1030] loss = 0.000451
[e087 s0350/1030] loss = 0.000428
[e087 s0400/1030] loss = 0.000425
[e087 s0450/1030] loss = 0.000444
[e087 s0500/1030] loss = 0.000447
[e087 s0550/1030] loss = 0.000445
[e087 s0600/1030] loss = 0.000515
[e087 s0650/1030] loss = 0.000511
[e087 s0700/1030] loss = 0.000510
[e087 s0750/1030] loss = 0.000521
[e087 s0800/1030] loss = 0.000521
[e087 s0850/1030] loss = 0.000531
[e087 s0900/1030] loss = 0.000524
[e087 s0950/1030] loss = 0.000520
[e087 s1000/1030] loss = 0.000512
Epoch 087: train_loss = 0.000502  MAE/GAME0 = 34.58  RMSE = 66.40  GAME1 = 9.94  GAME2 = 2.74  GAME3 = 0.76  lr = 1.00e-05  time = 25.3s
[e088 s0001/1030] loss = 0.000768
[e088 s0050/1030] loss = 0.000345
[e088 s0100/1030] loss = 0.000282
[e088 s0150/1030] loss = 0.000425
[e088 s0200/1030] loss = 0.000407
[e088 s0250/1030] loss = 0.001011
[e088 s0300/1030] loss = 0.000973
[e088 s0350/1030] loss = 0.000886
[e088 s0400/1030] loss = 0.000868
[e088 s0450/1030] loss = 0.000825
[e088 s0500/1030] loss = 0.000770
[e088 s0550/1030] loss = 0.000775
[e088 s0600/1030] loss = 0.000738
[e088 s0650/1030] loss = 0.000739
[e088 s0700/1030] loss = 0.000717
[e088 s0750/1030] loss = 0.000687
[e088 s0800/1030] loss = 0.000655
[e088 s0850/1030] loss = 0.000643
[e088 s0900/1030] loss = 0.000624
[e088 s0950/1030] loss = 0.000598
[e088 s1000/1030] loss = 0.000594
Epoch 088: train_loss = 0.000582  MAE/GAME0 = 31.83  RMSE = 61.43  GAME1 = 10.00  GAME2 = 2.95  GAME3 = 0.83  lr = 1.00e-05  time = 25.0s
[e089 s0001/1030] loss = 0.000354
[e089 s0050/1030] loss = 0.000277
[e089 s0100/1030] loss = 0.000350
[e089 s0150/1030] loss = 0.000434
[e089 s0200/1030] loss = 0.000404
[e089 s0250/1030] loss = 0.000446
[e089 s0300/1030] loss = 0.000426
[e089 s0350/1030] loss = 0.000430
[e089 s0400/1030] loss = 0.000430
[e089 s0450/1030] loss = 0.000487
[e089 s0500/1030] loss = 0.000487
[e089 s0550/1030] loss = 0.000465
[e089 s0600/1030] loss = 0.000467
[e089 s0650/1030] loss = 0.000451
[e089 s0700/1030] loss = 0.000440
[e089 s0750/1030] loss = 0.000433
[e089 s0800/1030] loss = 0.000423
[e089 s0850/1030] loss = 0.000529
[e089 s0900/1030] loss = 0.000523
[e089 s0950/1030] loss = 0.000513
[e089 s1000/1030] loss = 0.000506
Epoch 089: train_loss = 0.000501  MAE/GAME0 = 54.35  RMSE = 74.89  GAME1 = 15.09  GAME2 = 4.22  GAME3 = 1.17  lr = 1.00e-05  time = 23.7s
[e090 s0001/1030] loss = 0.000427
[e090 s0050/1030] loss = 0.000327
[e090 s0100/1030] loss = 0.000361
[e090 s0150/1030] loss = 0.000910
[e090 s0200/1030] loss = 0.000860
[e090 s0250/1030] loss = 0.000749
[e090 s0300/1030] loss = 0.000715
[e090 s0350/1030] loss = 0.000660
[e090 s0400/1030] loss = 0.000628
[e090 s0450/1030] loss = 0.000884
[e090 s0500/1030] loss = 0.000823
[e090 s0550/1030] loss = 0.000780
[e090 s0600/1030] loss = 0.000774
[e090 s0650/1030] loss = 0.000729
[e090 s0700/1030] loss = 0.000703
[e090 s0750/1030] loss = 0.000676
[e090 s0800/1030] loss = 0.000672
[e090 s0850/1030] loss = 0.000654
[e090 s0900/1030] loss = 0.000633
[e090 s0950/1030] loss = 0.000622
[e090 s1000/1030] loss = 0.000608
Epoch 090: train_loss = 0.000612  MAE/GAME0 = 70.52  RMSE = 90.16  GAME1 = 18.77  GAME2 = 5.07  GAME3 = 1.37  lr = 1.00e-05  time = 24.4s
[e091 s0001/1030] loss = 0.000296
[e091 s0050/1030] loss = 0.000401
[e091 s0100/1030] loss = 0.000378
[e091 s0150/1030] loss = 0.000348
[e091 s0200/1030] loss = 0.000321
[e091 s0250/1030] loss = 0.000319
[e091 s0300/1030] loss = 0.000311
[e091 s0350/1030] loss = 0.000312
[e091 s0400/1030] loss = 0.000369
[e091 s0450/1030] loss = 0.000409
[e091 s0500/1030] loss = 0.000400
[e091 s0550/1030] loss = 0.000417
[e091 s0600/1030] loss = 0.000448
[e091 s0650/1030] loss = 0.000469
[e091 s0700/1030] loss = 0.000450
[e091 s0750/1030] loss = 0.000464
[e091 s0800/1030] loss = 0.000506
[e091 s0850/1030] loss = 0.000504
[e091 s0900/1030] loss = 0.000665
[e091 s0950/1030] loss = 0.000652
[e091 s1000/1030] loss = 0.000635
Epoch 091: train_loss = 0.000624  MAE/GAME0 = 32.53  RMSE = 63.14  GAME1 = 9.65  GAME2 = 2.71  GAME3 = 0.77  lr = 1.00e-05  time = 24.8s
[e092 s0001/1030] loss = 0.003386
[e092 s0050/1030] loss = 0.000628
[e092 s0100/1030] loss = 0.000437
[e092 s0150/1030] loss = 0.000538
[e092 s0200/1030] loss = 0.000684
[e092 s0250/1030] loss = 0.000598
[e092 s0300/1030] loss = 0.000656
[e092 s0350/1030] loss = 0.000631
[e092 s0400/1030] loss = 0.000639
[e092 s0450/1030] loss = 0.000609
[e092 s0500/1030] loss = 0.000570
[e092 s0550/1030] loss = 0.000591
[e092 s0600/1030] loss = 0.000570
[e092 s0650/1030] loss = 0.000626
[e092 s0700/1030] loss = 0.000624
[e092 s0750/1030] loss = 0.000606
[e092 s0800/1030] loss = 0.000587
[e092 s0850/1030] loss = 0.000569
[e092 s0900/1030] loss = 0.000579
[e092 s0950/1030] loss = 0.000563
[e092 s1000/1030] loss = 0.000556
Epoch 092: train_loss = 0.000549  MAE/GAME0 = 31.35  RMSE = 62.86  GAME1 = 9.60  GAME2 = 2.74  GAME3 = 0.77  lr = 1.00e-05  time = 24.4s
[e093 s0001/1030] loss = 0.000220
[e093 s0050/1030] loss = 0.000681
[e093 s0100/1030] loss = 0.000576
[e093 s0150/1030] loss = 0.000555
[e093 s0200/1030] loss = 0.000580
[e093 s0250/1030] loss = 0.000609
[e093 s0300/1030] loss = 0.000776
[e093 s0350/1030] loss = 0.000723
[e093 s0400/1030] loss = 0.000703
[e093 s0450/1030] loss = 0.000713
[e093 s0500/1030] loss = 0.000687
[e093 s0550/1030] loss = 0.000663
[e093 s0600/1030] loss = 0.000652
[e093 s0650/1030] loss = 0.000635
[e093 s0700/1030] loss = 0.000611
[e093 s0750/1030] loss = 0.000583
[e093 s0800/1030] loss = 0.000581
[e093 s0850/1030] loss = 0.000612
[e093 s0900/1030] loss = 0.000596
[e093 s0950/1030] loss = 0.000586
[e093 s1000/1030] loss = 0.000567
Epoch 093: train_loss = 0.000575  MAE/GAME0 = 31.52  RMSE = 60.54  GAME1 = 10.07  GAME2 = 3.03  GAME3 = 0.86  lr = 1.00e-05  time = 24.1s
[e094 s0001/1030] loss = 0.000852
[e094 s0050/1030] loss = 0.000226
[e094 s0100/1030] loss = 0.000274
[e094 s0150/1030] loss = 0.000341
[e094 s0200/1030] loss = 0.000394
[e094 s0250/1030] loss = 0.000415
[e094 s0300/1030] loss = 0.000390
[e094 s0350/1030] loss = 0.000469
[e094 s0400/1030] loss = 0.000449
[e094 s0450/1030] loss = 0.000443
[e094 s0500/1030] loss = 0.000447
[e094 s0550/1030] loss = 0.000435
[e094 s0600/1030] loss = 0.000458
[e094 s0650/1030] loss = 0.000456
[e094 s0700/1030] loss = 0.000435
[e094 s0750/1030] loss = 0.000449
[e094 s0800/1030] loss = 0.000455
[e094 s0850/1030] loss = 0.000514
[e094 s0900/1030] loss = 0.000516
[e094 s0950/1030] loss = 0.000511
[e094 s1000/1030] loss = 0.000499
Epoch 094: train_loss = 0.000492  MAE/GAME0 = 30.93  RMSE = 61.56  GAME1 = 9.32  GAME2 = 2.65  GAME3 = 0.76  lr = 1.00e-05  time = 24.8s
[e095 s0001/1030] loss = 0.000052
[e095 s0050/1030] loss = 0.000319
[e095 s0100/1030] loss = 0.000790
[e095 s0150/1030] loss = 0.000661
[e095 s0200/1030] loss = 0.000547
[e095 s0250/1030] loss = 0.000501
[e095 s0300/1030] loss = 0.000783
[e095 s0350/1030] loss = 0.000719
[e095 s0400/1030] loss = 0.000680
[e095 s0450/1030] loss = 0.000627
[e095 s0500/1030] loss = 0.000708
[e095 s0550/1030] loss = 0.000714
[e095 s0600/1030] loss = 0.000690
[e095 s0650/1030] loss = 0.000662
[e095 s0700/1030] loss = 0.000631
[e095 s0750/1030] loss = 0.000602
[e095 s0800/1030] loss = 0.000589
[e095 s0850/1030] loss = 0.000562
[e095 s0900/1030] loss = 0.000559
[e095 s0950/1030] loss = 0.000584
[e095 s1000/1030] loss = 0.000573
Epoch 095: train_loss = 0.000568  MAE/GAME0 = 65.20  RMSE = 83.60  GAME1 = 17.61  GAME2 = 4.84  GAME3 = 1.32  lr = 1.00e-05  time = 25.1s
[e096 s0001/1030] loss = 0.000204
[e096 s0050/1030] loss = 0.000345
[e096 s0100/1030] loss = 0.000382
[e096 s0150/1030] loss = 0.000462
[e096 s0200/1030] loss = 0.000392
[e096 s0250/1030] loss = 0.000426
[e096 s0300/1030] loss = 0.000392
[e096 s0350/1030] loss = 0.000613
[e096 s0400/1030] loss = 0.000607
[e096 s0450/1030] loss = 0.000590
[e096 s0500/1030] loss = 0.000589
[e096 s0550/1030] loss = 0.000573
[e096 s0600/1030] loss = 0.000543
[e096 s0650/1030] loss = 0.000550
[e096 s0700/1030] loss = 0.000532
[e096 s0750/1030] loss = 0.000550
[e096 s0800/1030] loss = 0.000542
[e096 s0850/1030] loss = 0.000585
[e096 s0900/1030] loss = 0.000607
[e096 s0950/1030] loss = 0.000607
[e096 s1000/1030] loss = 0.000603
Epoch 096: train_loss = 0.000596  MAE/GAME0 = 31.23  RMSE = 60.44  GAME1 = 9.85  GAME2 = 2.91  GAME3 = 0.82  lr = 1.00e-05  time = 24.4s
[e097 s0001/1030] loss = 0.000002
[e097 s0050/1030] loss = 0.000361
[e097 s0100/1030] loss = 0.000349
[e097 s0150/1030] loss = 0.000449
[e097 s0200/1030] loss = 0.000486
[e097 s0250/1030] loss = 0.000429
[e097 s0300/1030] loss = 0.000465
[e097 s0350/1030] loss = 0.000435
[e097 s0400/1030] loss = 0.000442
[e097 s0450/1030] loss = 0.000457
[e097 s0500/1030] loss = 0.000429
[e097 s0550/1030] loss = 0.000463
[e097 s0600/1030] loss = 0.000453
[e097 s0650/1030] loss = 0.000468
[e097 s0700/1030] loss = 0.000448
[e097 s0750/1030] loss = 0.000499
[e097 s0800/1030] loss = 0.000494
[e097 s0850/1030] loss = 0.000479
[e097 s0900/1030] loss = 0.000471
[e097 s0950/1030] loss = 0.000457
[e097 s1000/1030] loss = 0.000455
Epoch 097: train_loss = 0.000450  MAE/GAME0 = 33.63  RMSE = 63.18  GAME1 = 9.94  GAME2 = 2.84  GAME3 = 0.81  lr = 1.00e-05  time = 24.5s
[e098 s0001/1030] loss = 0.000012
[e098 s0050/1030] loss = 0.000266
[e098 s0100/1030] loss = 0.000320
[e098 s0150/1030] loss = 0.000321
[e098 s0200/1030] loss = 0.000305
[e098 s0250/1030] loss = 0.000366
[e098 s0300/1030] loss = 0.000347
[e098 s0350/1030] loss = 0.000378
[e098 s0400/1030] loss = 0.000389
[e098 s0450/1030] loss = 0.000396
[e098 s0500/1030] loss = 0.000381
[e098 s0550/1030] loss = 0.000401
[e098 s0600/1030] loss = 0.000396
[e098 s0650/1030] loss = 0.000390
[e098 s0700/1030] loss = 0.000385
[e098 s0750/1030] loss = 0.000388
[e098 s0800/1030] loss = 0.000399
[e098 s0850/1030] loss = 0.000391
[e098 s0900/1030] loss = 0.000395
[e098 s0950/1030] loss = 0.000413
[e098 s1000/1030] loss = 0.000422
Epoch 098: train_loss = 0.000420  MAE/GAME0 = 30.93  RMSE = 60.41  GAME1 = 9.66  GAME2 = 2.85  GAME3 = 0.81  lr = 1.00e-05  time = 24.4s
[e099 s0001/1030] loss = 0.000002
[e099 s0050/1030] loss = 0.001035
[e099 s0100/1030] loss = 0.001103
[e099 s0150/1030] loss = 0.000904
[e099 s0200/1030] loss = 0.000780
[e099 s0250/1030] loss = 0.000705
[e099 s0300/1030] loss = 0.000680
[e099 s0350/1030] loss = 0.000618
[e099 s0400/1030] loss = 0.000643
[e099 s0450/1030] loss = 0.000599
[e099 s0500/1030] loss = 0.000565
[e099 s0550/1030] loss = 0.000546
[e099 s0600/1030] loss = 0.000543
[e099 s0650/1030] loss = 0.000556
[e099 s0700/1030] loss = 0.000534
[e099 s0750/1030] loss = 0.000515
[e099 s0800/1030] loss = 0.000514
[e099 s0850/1030] loss = 0.000509
[e099 s0900/1030] loss = 0.000500
[e099 s0950/1030] loss = 0.000492
[e099 s1000/1030] loss = 0.000485
Epoch 099: train_loss = 0.000504  MAE/GAME0 = 77.83  RMSE = 96.58  GAME1 = 20.42  GAME2 = 5.48  GAME3 = 1.48  lr = 1.00e-05  time = 24.8s
[e100 s0001/1030] loss = 0.000022
[e100 s0050/1030] loss = 0.000201
[e100 s0100/1030] loss = 0.000210
[e100 s0150/1030] loss = 0.000414
[e100 s0200/1030] loss = 0.000466
[e100 s0250/1030] loss = 0.000431
[e100 s0300/1030] loss = 0.000414
[e100 s0350/1030] loss = 0.000381
[e100 s0400/1030] loss = 0.000380
[e100 s0450/1030] loss = 0.000351
[e100 s0500/1030] loss = 0.000426
[e100 s0550/1030] loss = 0.000418
[e100 s0600/1030] loss = 0.000426
[e100 s0650/1030] loss = 0.000413
[e100 s0700/1030] loss = 0.000411
[e100 s0750/1030] loss = 0.000398
[e100 s0800/1030] loss = 0.000393
[e100 s0850/1030] loss = 0.000406
[e100 s0900/1030] loss = 0.000398
[e100 s0950/1030] loss = 0.000391
[e100 s1000/1030] loss = 0.000437
Epoch 100: train_loss = 0.000434  MAE/GAME0 = 46.01  RMSE = 68.81  GAME1 = 13.01  GAME2 = 3.66  GAME3 = 1.02  lr = 1.00e-05  time = 24.4s
