[log] /scratch/users/ntu/kenneth0/FYP-SmartObjectCounter/logs/train_rgbt_late_e100_12749846.pbs101_20260117_023739.log
[job] name=train_rgbt_late_e100 id=12749846.pbs101 host=x1000c0s4b0n1 time=Sat Jan 17 02:37:39 +08 2026
[init] device = cuda
[init] train = 1030  val = 200  workers = 4
/scratch/users/ntu/kenneth0/FYP-SmartObjectCounter/scripts/train_rgbt.py:385: FutureWarning: `torch.cuda.amp.GradScaler(args...)` is deprecated. Please use `torch.amp.GradScaler('cuda', args...)` instead.
  scaler = GradScaler(enabled = bool(args.amp))
[e001 s0001/1030] loss = 5483.227051
[e001 s0050/1030] loss = 2272.896723
[e001 s0100/1030] loss = 1142.074216
[e001 s0150/1030] loss = 761.540131
[e001 s0200/1030] loss = 571.163211
[e001 s0250/1030] loss = 456.931818
[e001 s0300/1030] loss = 380.777291
[e001 s0350/1030] loss = 326.381134
[e001 s0400/1030] loss = 285.583917
[e001 s0450/1030] loss = 253.852708
[e001 s0500/1030] loss = 228.467770
[e001 s0550/1030] loss = 207.699363
[e001 s0600/1030] loss = 190.391599
[e001 s0650/1030] loss = 175.746259
[e001 s0700/1030] loss = 163.193117
[e001 s0750/1030] loss = 152.313762
[e001 s0800/1030] loss = 142.794457
[e001 s0850/1030] loss = 134.394992
[e001 s0900/1030] loss = 126.928778
[e001 s0950/1030] loss = 120.248401
[e001 s1000/1030] loss = 114.236111
Epoch 001: train_loss = 110.908921  MAE/GAME0 = 12.064  RMSE = 25.237  GAME1 = 16.137  GAME2 = 18.781  GAME3 = 20.402  lr = 1.00e-05  time = 21.3s
[e002 s0001/1030] loss = 0.000490
[e002 s0050/1030] loss = 0.003040
[e002 s0100/1030] loss = 0.002689
[e002 s0150/1030] loss = 0.002396
[e002 s0200/1030] loss = 0.002662
[e002 s0250/1030] loss = 0.002626
[e002 s0300/1030] loss = 0.002546
[e002 s0350/1030] loss = 0.002597
[e002 s0400/1030] loss = 0.002536
[e002 s0450/1030] loss = 0.002714
[e002 s0500/1030] loss = 0.002675
[e002 s0550/1030] loss = 0.003032
[e002 s0600/1030] loss = 0.002995
[e002 s0650/1030] loss = 0.002921
[e002 s0700/1030] loss = 0.002841
[e002 s0750/1030] loss = 0.002750
[e002 s0800/1030] loss = 0.002692
[e002 s0850/1030] loss = 0.002621
[e002 s0900/1030] loss = 0.002619
[e002 s0950/1030] loss = 0.002539
[e002 s1000/1030] loss = 0.002524
Epoch 002: train_loss = 0.002481  MAE/GAME0 = 8.909  RMSE = 21.942  GAME1 = 11.282  GAME2 = 13.322  GAME3 = 14.550  lr = 1.00e-05  time = 16.1s
[e003 s0001/1030] loss = 0.000268
[e003 s0050/1030] loss = 0.002430
[e003 s0100/1030] loss = 0.002122
[e003 s0150/1030] loss = 0.002259
[e003 s0200/1030] loss = 0.002069
[e003 s0250/1030] loss = 0.001943
[e003 s0300/1030] loss = 0.001917
[e003 s0350/1030] loss = 0.002112
[e003 s0400/1030] loss = 0.002428
[e003 s0450/1030] loss = 0.002314
[e003 s0500/1030] loss = 0.002306
[e003 s0550/1030] loss = 0.002222
[e003 s0600/1030] loss = 0.002193
[e003 s0650/1030] loss = 0.002221
[e003 s0700/1030] loss = 0.002180
[e003 s0750/1030] loss = 0.002128
[e003 s0800/1030] loss = 0.002121
[e003 s0850/1030] loss = 0.002082
[e003 s0900/1030] loss = 0.002023
[e003 s0950/1030] loss = 0.001958
[e003 s1000/1030] loss = 0.001922
Epoch 003: train_loss = 0.001899  MAE/GAME0 = 7.435  RMSE = 22.536  GAME1 = 9.222  GAME2 = 11.451  GAME3 = 12.896  lr = 1.00e-05  time = 16.2s
[e004 s0001/1030] loss = 0.000319
[e004 s0050/1030] loss = 0.002224
[e004 s0100/1030] loss = 0.001926
[e004 s0150/1030] loss = 0.001998
[e004 s0200/1030] loss = 0.001759
[e004 s0250/1030] loss = 0.001809
[e004 s0300/1030] loss = 0.001772
[e004 s0350/1030] loss = 0.001782
[e004 s0400/1030] loss = 0.001833
[e004 s0450/1030] loss = 0.001933
[e004 s0500/1030] loss = 0.001842
[e004 s0550/1030] loss = 0.001825
[e004 s0600/1030] loss = 0.001761
[e004 s0650/1030] loss = 0.001682
[e004 s0700/1030] loss = 0.001637
[e004 s0750/1030] loss = 0.001639
[e004 s0800/1030] loss = 0.001595
[e004 s0850/1030] loss = 0.001785
[e004 s0900/1030] loss = 0.001782
[e004 s0950/1030] loss = 0.001752
[e004 s1000/1030] loss = 0.001780
Epoch 004: train_loss = 0.001764  MAE/GAME0 = 8.002  RMSE = 20.576  GAME1 = 9.676  GAME2 = 11.657  GAME3 = 12.930  lr = 1.00e-05  time = 16.2s
[e005 s0001/1030] loss = 0.001196
[e005 s0050/1030] loss = 0.002870
[e005 s0100/1030] loss = 0.001988
[e005 s0150/1030] loss = 0.001842
[e005 s0200/1030] loss = 0.001635
[e005 s0250/1030] loss = 0.001608
[e005 s0300/1030] loss = 0.002194
[e005 s0350/1030] loss = 0.001991
[e005 s0400/1030] loss = 0.001813
[e005 s0450/1030] loss = 0.001990
[e005 s0500/1030] loss = 0.001952
[e005 s0550/1030] loss = 0.001868
[e005 s0600/1030] loss = 0.001792
[e005 s0650/1030] loss = 0.001725
[e005 s0700/1030] loss = 0.001650
[e005 s0750/1030] loss = 0.001644
[e005 s0800/1030] loss = 0.001666
[e005 s0850/1030] loss = 0.001610
[e005 s0900/1030] loss = 0.001564
[e005 s0950/1030] loss = 0.001567
[e005 s1000/1030] loss = 0.001531
Epoch 005: train_loss = 0.001511  MAE/GAME0 = 8.501  RMSE = 21.627  GAME1 = 10.382  GAME2 = 12.107  GAME3 = 13.207  lr = 1.00e-05  time = 15.9s
[e006 s0001/1030] loss = 0.000224
[e006 s0050/1030] loss = 0.000708
[e006 s0100/1030] loss = 0.001103
[e006 s0150/1030] loss = 0.001271
[e006 s0200/1030] loss = 0.001124
[e006 s0250/1030] loss = 0.002658
[e006 s0300/1030] loss = 0.002341
[e006 s0350/1030] loss = 0.002265
[e006 s0400/1030] loss = 0.002162
[e006 s0450/1030] loss = 0.002002
[e006 s0500/1030] loss = 0.001944
[e006 s0550/1030] loss = 0.001822
[e006 s0600/1030] loss = 0.001762
[e006 s0650/1030] loss = 0.001755
[e006 s0700/1030] loss = 0.001689
[e006 s0750/1030] loss = 0.001631
[e006 s0800/1030] loss = 0.001606
[e006 s0850/1030] loss = 0.001553
[e006 s0900/1030] loss = 0.001533
[e006 s0950/1030] loss = 0.001513
[e006 s1000/1030] loss = 0.001491
Epoch 006: train_loss = 0.001489  MAE/GAME0 = 6.865  RMSE = 13.122  GAME1 = 8.440  GAME2 = 9.995  GAME3 = 11.156  lr = 1.00e-05  time = 16.1s
[e007 s0001/1030] loss = 0.000436
[e007 s0050/1030] loss = 0.001358
[e007 s0100/1030] loss = 0.001082
[e007 s0150/1030] loss = 0.000986
[e007 s0200/1030] loss = 0.000918
[e007 s0250/1030] loss = 0.000903
[e007 s0300/1030] loss = 0.000876
[e007 s0350/1030] loss = 0.000993
[e007 s0400/1030] loss = 0.000977
[e007 s0450/1030] loss = 0.000998
[e007 s0500/1030] loss = 0.000989
[e007 s0550/1030] loss = 0.001278
[e007 s0600/1030] loss = 0.001330
[e007 s0650/1030] loss = 0.001283
[e007 s0700/1030] loss = 0.001326
[e007 s0750/1030] loss = 0.001293
[e007 s0800/1030] loss = 0.001274
[e007 s0850/1030] loss = 0.001233
[e007 s0900/1030] loss = 0.001211
[e007 s0950/1030] loss = 0.001190
[e007 s1000/1030] loss = 0.001175
Epoch 007: train_loss = 0.001206  MAE/GAME0 = 9.928  RMSE = 15.813  GAME1 = 10.774  GAME2 = 12.046  GAME3 = 13.020  lr = 1.00e-05  time = 16.1s
[e008 s0001/1030] loss = 0.000580
[e008 s0050/1030] loss = 0.000839
[e008 s0100/1030] loss = 0.000799
[e008 s0150/1030] loss = 0.000770
[e008 s0200/1030] loss = 0.000771
[e008 s0250/1030] loss = 0.000716
[e008 s0300/1030] loss = 0.000779
[e008 s0350/1030] loss = 0.000775
[e008 s0400/1030] loss = 0.000774
[e008 s0450/1030] loss = 0.000809
[e008 s0500/1030] loss = 0.000871
[e008 s0550/1030] loss = 0.000868
[e008 s0600/1030] loss = 0.000887
[e008 s0650/1030] loss = 0.000924
[e008 s0700/1030] loss = 0.001009
[e008 s0750/1030] loss = 0.000982
[e008 s0800/1030] loss = 0.000985
[e008 s0850/1030] loss = 0.000981
[e008 s0900/1030] loss = 0.000976
[e008 s0950/1030] loss = 0.000969
[e008 s1000/1030] loss = 0.000956
Epoch 008: train_loss = 0.001072  MAE/GAME0 = 10.325  RMSE = 13.482  GAME1 = 11.650  GAME2 = 13.158  GAME3 = 14.054  lr = 1.00e-05  time = 16.0s
[e009 s0001/1030] loss = 0.000450
[e009 s0050/1030] loss = 0.000526
[e009 s0100/1030] loss = 0.000702
[e009 s0150/1030] loss = 0.000859
[e009 s0200/1030] loss = 0.000800
[e009 s0250/1030] loss = 0.000974
[e009 s0300/1030] loss = 0.000963
[e009 s0350/1030] loss = 0.000933
[e009 s0400/1030] loss = 0.000901
[e009 s0450/1030] loss = 0.000972
[e009 s0500/1030] loss = 0.000948
[e009 s0550/1030] loss = 0.000997
[e009 s0600/1030] loss = 0.001111
[e009 s0650/1030] loss = 0.001105
[e009 s0700/1030] loss = 0.001120
[e009 s0750/1030] loss = 0.001107
[e009 s0800/1030] loss = 0.001079
[e009 s0850/1030] loss = 0.001051
[e009 s0900/1030] loss = 0.001047
[e009 s0950/1030] loss = 0.001129
[e009 s1000/1030] loss = 0.001095
Epoch 009: train_loss = 0.001080  MAE/GAME0 = 6.029  RMSE = 11.815  GAME1 = 7.074  GAME2 = 8.129  GAME3 = 8.814  lr = 1.00e-05  time = 15.9s
[e010 s0001/1030] loss = 0.001540
[e010 s0050/1030] loss = 0.001884
[e010 s0100/1030] loss = 0.001173
[e010 s0150/1030] loss = 0.001731
[e010 s0200/1030] loss = 0.001606
[e010 s0250/1030] loss = 0.001560
[e010 s0300/1030] loss = 0.001704
[e010 s0350/1030] loss = 0.001665
[e010 s0400/1030] loss = 0.001555
[e010 s0450/1030] loss = 0.001462
[e010 s0500/1030] loss = 0.001426
[e010 s0550/1030] loss = 0.001376
[e010 s0600/1030] loss = 0.001341
[e010 s0650/1030] loss = 0.001292
[e010 s0700/1030] loss = 0.001260
[e010 s0750/1030] loss = 0.001224
[e010 s0800/1030] loss = 0.001213
[e010 s0850/1030] loss = 0.001170
[e010 s0900/1030] loss = 0.001154
[e010 s0950/1030] loss = 0.001120
[e010 s1000/1030] loss = 0.001111
Epoch 010: train_loss = 0.001106  MAE/GAME0 = 7.383  RMSE = 11.205  GAME1 = 8.274  GAME2 = 9.353  GAME3 = 10.204  lr = 1.00e-05  time = 16.2s
[e011 s0001/1030] loss = 0.000125
[e011 s0050/1030] loss = 0.000630
[e011 s0100/1030] loss = 0.000710
[e011 s0150/1030] loss = 0.000670
[e011 s0200/1030] loss = 0.001222
[e011 s0250/1030] loss = 0.001069
[e011 s0300/1030] loss = 0.001457
[e011 s0350/1030] loss = 0.001387
[e011 s0400/1030] loss = 0.001365
[e011 s0450/1030] loss = 0.001379
[e011 s0500/1030] loss = 0.001333
[e011 s0550/1030] loss = 0.001267
[e011 s0600/1030] loss = 0.001210
[e011 s0650/1030] loss = 0.001160
[e011 s0700/1030] loss = 0.001127
[e011 s0750/1030] loss = 0.001098
[e011 s0800/1030] loss = 0.001062
[e011 s0850/1030] loss = 0.001044
[e011 s0900/1030] loss = 0.001032
[e011 s0950/1030] loss = 0.001098
[e011 s1000/1030] loss = 0.001064
Epoch 011: train_loss = 0.001044  MAE/GAME0 = 7.103  RMSE = 17.050  GAME1 = 8.186  GAME2 = 9.325  GAME3 = 10.077  lr = 1.00e-05  time = 15.9s
[e012 s0001/1030] loss = 0.000012
[e012 s0050/1030] loss = 0.001252
[e012 s0100/1030] loss = 0.001432
[e012 s0150/1030] loss = 0.001366
[e012 s0200/1030] loss = 0.001202
[e012 s0250/1030] loss = 0.001223
[e012 s0300/1030] loss = 0.001107
[e012 s0350/1030] loss = 0.001189
[e012 s0400/1030] loss = 0.001135
[e012 s0450/1030] loss = 0.001258
[e012 s0500/1030] loss = 0.001188
[e012 s0550/1030] loss = 0.001161
[e012 s0600/1030] loss = 0.001156
[e012 s0650/1030] loss = 0.001131
[e012 s0700/1030] loss = 0.001095
[e012 s0750/1030] loss = 0.001146
[e012 s0800/1030] loss = 0.001127
[e012 s0850/1030] loss = 0.001117
[e012 s0900/1030] loss = 0.001102
[e012 s0950/1030] loss = 0.001088
[e012 s1000/1030] loss = 0.001082
Epoch 012: train_loss = 0.001070  MAE/GAME0 = 5.029  RMSE = 8.114  GAME1 = 5.933  GAME2 = 6.992  GAME3 = 7.612  lr = 1.00e-05  time = 15.9s
[e013 s0001/1030] loss = 0.000304
[e013 s0050/1030] loss = 0.000644
[e013 s0100/1030] loss = 0.000824
[e013 s0150/1030] loss = 0.000740
[e013 s0200/1030] loss = 0.000732
[e013 s0250/1030] loss = 0.000716
[e013 s0300/1030] loss = 0.000745
[e013 s0350/1030] loss = 0.000750
[e013 s0400/1030] loss = 0.000730
[e013 s0450/1030] loss = 0.000737
[e013 s0500/1030] loss = 0.000717
[e013 s0550/1030] loss = 0.000780
[e013 s0600/1030] loss = 0.000756
[e013 s0650/1030] loss = 0.000784
[e013 s0700/1030] loss = 0.000789
[e013 s0750/1030] loss = 0.000802
[e013 s0800/1030] loss = 0.000794
[e013 s0850/1030] loss = 0.000773
[e013 s0900/1030] loss = 0.000758
[e013 s0950/1030] loss = 0.000770
[e013 s1000/1030] loss = 0.000775
Epoch 013: train_loss = 0.000807  MAE/GAME0 = 5.971  RMSE = 10.578  GAME1 = 7.148  GAME2 = 8.215  GAME3 = 8.967  lr = 1.00e-05  time = 16.1s
[e014 s0001/1030] loss = 0.000242
[e014 s0050/1030] loss = 0.000899
[e014 s0100/1030] loss = 0.000802
[e014 s0150/1030] loss = 0.000711
[e014 s0200/1030] loss = 0.000682
[e014 s0250/1030] loss = 0.000842
[e014 s0300/1030] loss = 0.000833
[e014 s0350/1030] loss = 0.000830
[e014 s0400/1030] loss = 0.000860
[e014 s0450/1030] loss = 0.001072
[e014 s0500/1030] loss = 0.001149
[e014 s0550/1030] loss = 0.001132
[e014 s0600/1030] loss = 0.001094
[e014 s0650/1030] loss = 0.001058
[e014 s0700/1030] loss = 0.001041
[e014 s0750/1030] loss = 0.001022
[e014 s0800/1030] loss = 0.001022
[e014 s0850/1030] loss = 0.000995
[e014 s0900/1030] loss = 0.000982
[e014 s0950/1030] loss = 0.000989
[e014 s1000/1030] loss = 0.000966
Epoch 014: train_loss = 0.000973  MAE/GAME0 = 6.089  RMSE = 11.194  GAME1 = 7.169  GAME2 = 8.210  GAME3 = 8.871  lr = 1.00e-05  time = 16.0s
[e015 s0001/1030] loss = 0.000546
[e015 s0050/1030] loss = 0.001139
[e015 s0100/1030] loss = 0.000899
[e015 s0150/1030] loss = 0.000893
[e015 s0200/1030] loss = 0.000972
[e015 s0250/1030] loss = 0.001015
[e015 s0300/1030] loss = 0.001004
[e015 s0350/1030] loss = 0.000995
[e015 s0400/1030] loss = 0.000963
[e015 s0450/1030] loss = 0.000928
[e015 s0500/1030] loss = 0.000934
[e015 s0550/1030] loss = 0.000942
[e015 s0600/1030] loss = 0.000929
[e015 s0650/1030] loss = 0.000907
[e015 s0700/1030] loss = 0.000884
[e015 s0750/1030] loss = 0.000874
[e015 s0800/1030] loss = 0.000866
[e015 s0850/1030] loss = 0.000872
[e015 s0900/1030] loss = 0.000862
[e015 s0950/1030] loss = 0.000936
[e015 s1000/1030] loss = 0.001012
Epoch 015: train_loss = 0.001025  MAE/GAME0 = 6.111  RMSE = 12.932  GAME1 = 6.959  GAME2 = 8.084  GAME3 = 8.734  lr = 1.00e-05  time = 15.9s
[e016 s0001/1030] loss = 0.000030
[e016 s0050/1030] loss = 0.000632
[e016 s0100/1030] loss = 0.000834
[e016 s0150/1030] loss = 0.000831
[e016 s0200/1030] loss = 0.000873
[e016 s0250/1030] loss = 0.000806
[e016 s0300/1030] loss = 0.000873
[e016 s0350/1030] loss = 0.000865
[e016 s0400/1030] loss = 0.001068
[e016 s0450/1030] loss = 0.001045
[e016 s0500/1030] loss = 0.000991
[e016 s0550/1030] loss = 0.001016
[e016 s0600/1030] loss = 0.001007
[e016 s0650/1030] loss = 0.000976
[e016 s0700/1030] loss = 0.000964
[e016 s0750/1030] loss = 0.000980
[e016 s0800/1030] loss = 0.001099
[e016 s0850/1030] loss = 0.001070
[e016 s0900/1030] loss = 0.001051
[e016 s0950/1030] loss = 0.001020
[e016 s1000/1030] loss = 0.001022
Epoch 016: train_loss = 0.001020  MAE/GAME0 = 6.517  RMSE = 11.980  GAME1 = 7.638  GAME2 = 8.697  GAME3 = 9.411  lr = 1.00e-05  time = 15.9s
[e017 s0001/1030] loss = 0.000031
[e017 s0050/1030] loss = 0.000862
[e017 s0100/1030] loss = 0.000796
[e017 s0150/1030] loss = 0.000779
[e017 s0200/1030] loss = 0.000844
[e017 s0250/1030] loss = 0.000878
[e017 s0300/1030] loss = 0.000811
[e017 s0350/1030] loss = 0.000791
[e017 s0400/1030] loss = 0.000782
[e017 s0450/1030] loss = 0.000788
[e017 s0500/1030] loss = 0.000829
[e017 s0550/1030] loss = 0.000795
[e017 s0600/1030] loss = 0.000798
[e017 s0650/1030] loss = 0.000837
[e017 s0700/1030] loss = 0.000825
[e017 s0750/1030] loss = 0.000818
[e017 s0800/1030] loss = 0.000821
[e017 s0850/1030] loss = 0.000808
[e017 s0900/1030] loss = 0.000801
[e017 s0950/1030] loss = 0.000803
[e017 s1000/1030] loss = 0.000810
Epoch 017: train_loss = 0.000828  MAE/GAME0 = 7.226  RMSE = 14.654  GAME1 = 8.206  GAME2 = 9.257  GAME3 = 9.828  lr = 1.00e-05  time = 16.2s
[e018 s0001/1030] loss = 0.000002
[e018 s0050/1030] loss = 0.001509
[e018 s0100/1030] loss = 0.001035
[e018 s0150/1030] loss = 0.001246
[e018 s0200/1030] loss = 0.001100
[e018 s0250/1030] loss = 0.001146
[e018 s0300/1030] loss = 0.001162
[e018 s0350/1030] loss = 0.001111
[e018 s0400/1030] loss = 0.001074
[e018 s0450/1030] loss = 0.001165
[e018 s0500/1030] loss = 0.001128
[e018 s0550/1030] loss = 0.001078
[e018 s0600/1030] loss = 0.001058
[e018 s0650/1030] loss = 0.001036
[e018 s0700/1030] loss = 0.000998
[e018 s0750/1030] loss = 0.000986
[e018 s0800/1030] loss = 0.000969
[e018 s0850/1030] loss = 0.000984
[e018 s0900/1030] loss = 0.000960
[e018 s0950/1030] loss = 0.000946
[e018 s1000/1030] loss = 0.000943
Epoch 018: train_loss = 0.000937  MAE/GAME0 = 6.626  RMSE = 17.339  GAME1 = 7.491  GAME2 = 8.482  GAME3 = 9.134  lr = 1.00e-05  time = 16.5s
[e019 s0001/1030] loss = 0.000685
[e019 s0050/1030] loss = 0.000607
[e019 s0100/1030] loss = 0.001048
[e019 s0150/1030] loss = 0.000933
[e019 s0200/1030] loss = 0.000863
[e019 s0250/1030] loss = 0.000815
[e019 s0300/1030] loss = 0.000763
[e019 s0350/1030] loss = 0.000795
[e019 s0400/1030] loss = 0.000807
[e019 s0450/1030] loss = 0.000818
[e019 s0500/1030] loss = 0.000840
[e019 s0550/1030] loss = 0.000813
[e019 s0600/1030] loss = 0.000800
[e019 s0650/1030] loss = 0.000775
[e019 s0700/1030] loss = 0.000760
[e019 s0750/1030] loss = 0.000745
[e019 s0800/1030] loss = 0.000879
[e019 s0850/1030] loss = 0.000858
[e019 s0900/1030] loss = 0.000923
[e019 s0950/1030] loss = 0.000929
[e019 s1000/1030] loss = 0.000989
Epoch 019: train_loss = 0.000976  MAE/GAME0 = 6.654  RMSE = 12.479  GAME1 = 7.757  GAME2 = 8.815  GAME3 = 9.471  lr = 1.00e-05  time = 15.9s
[e020 s0001/1030] loss = 0.000006
[e020 s0050/1030] loss = 0.000858
[e020 s0100/1030] loss = 0.000729
[e020 s0150/1030] loss = 0.000886
[e020 s0200/1030] loss = 0.000936
[e020 s0250/1030] loss = 0.000932
[e020 s0300/1030] loss = 0.000938
[e020 s0350/1030] loss = 0.000887
[e020 s0400/1030] loss = 0.000846
[e020 s0450/1030] loss = 0.000837
[e020 s0500/1030] loss = 0.000801
[e020 s0550/1030] loss = 0.000998
[e020 s0600/1030] loss = 0.001050
[e020 s0650/1030] loss = 0.001010
[e020 s0700/1030] loss = 0.000996
[e020 s0750/1030] loss = 0.000980
[e020 s0800/1030] loss = 0.000971
[e020 s0850/1030] loss = 0.000966
[e020 s0900/1030] loss = 0.000964
[e020 s0950/1030] loss = 0.000947
[e020 s1000/1030] loss = 0.000948
Epoch 020: train_loss = 0.000946  MAE/GAME0 = 6.379  RMSE = 13.613  GAME1 = 7.348  GAME2 = 8.396  GAME3 = 9.070  lr = 1.00e-05  time = 15.9s
[e021 s0001/1030] loss = 0.000601
[e021 s0050/1030] loss = 0.000872
[e021 s0100/1030] loss = 0.000766
[e021 s0150/1030] loss = 0.000705
[e021 s0200/1030] loss = 0.000710
[e021 s0250/1030] loss = 0.000652
[e021 s0300/1030] loss = 0.000616
[e021 s0350/1030] loss = 0.000630
[e021 s0400/1030] loss = 0.000654
[e021 s0450/1030] loss = 0.000662
[e021 s0500/1030] loss = 0.000630
[e021 s0550/1030] loss = 0.000627
[e021 s0600/1030] loss = 0.000611
[e021 s0650/1030] loss = 0.000594
[e021 s0700/1030] loss = 0.000611
[e021 s0750/1030] loss = 0.000829
[e021 s0800/1030] loss = 0.000837
[e021 s0850/1030] loss = 0.000823
[e021 s0900/1030] loss = 0.000842
[e021 s0950/1030] loss = 0.000889
[e021 s1000/1030] loss = 0.000873
Epoch 021: train_loss = 0.000864  MAE/GAME0 = 5.263  RMSE = 9.707  GAME1 = 6.100  GAME2 = 7.144  GAME3 = 7.756  lr = 1.00e-05  time = 16.1s
[e022 s0001/1030] loss = 0.000073
[e022 s0050/1030] loss = 0.001851
[e022 s0100/1030] loss = 0.001224
[e022 s0150/1030] loss = 0.001010
[e022 s0200/1030] loss = 0.000879
[e022 s0250/1030] loss = 0.000983
[e022 s0300/1030] loss = 0.000981
[e022 s0350/1030] loss = 0.001050
[e022 s0400/1030] loss = 0.001042
[e022 s0450/1030] loss = 0.001048
[e022 s0500/1030] loss = 0.001008
[e022 s0550/1030] loss = 0.001003
[e022 s0600/1030] loss = 0.000991
[e022 s0650/1030] loss = 0.000985
[e022 s0700/1030] loss = 0.000960
[e022 s0750/1030] loss = 0.000953
[e022 s0800/1030] loss = 0.000956
[e022 s0850/1030] loss = 0.000933
[e022 s0900/1030] loss = 0.000954
[e022 s0950/1030] loss = 0.000965
[e022 s1000/1030] loss = 0.000967
Epoch 022: train_loss = 0.000973  MAE/GAME0 = 9.146  RMSE = 15.236  GAME1 = 10.188  GAME2 = 11.211  GAME3 = 11.930  lr = 1.00e-05  time = 16.1s
[e023 s0001/1030] loss = 0.001932
[e023 s0050/1030] loss = 0.000936
[e023 s0100/1030] loss = 0.000660
[e023 s0150/1030] loss = 0.000767
[e023 s0200/1030] loss = 0.000727
[e023 s0250/1030] loss = 0.000949
[e023 s0300/1030] loss = 0.000924
[e023 s0350/1030] loss = 0.000883
[e023 s0400/1030] loss = 0.000857
[e023 s0450/1030] loss = 0.000839
[e023 s0500/1030] loss = 0.001184
[e023 s0550/1030] loss = 0.001121
[e023 s0600/1030] loss = 0.001080
[e023 s0650/1030] loss = 0.001097
[e023 s0700/1030] loss = 0.001094
[e023 s0750/1030] loss = 0.001077
[e023 s0800/1030] loss = 0.001056
[e023 s0850/1030] loss = 0.001045
[e023 s0900/1030] loss = 0.001026
[e023 s0950/1030] loss = 0.000989
[e023 s1000/1030] loss = 0.000978
Epoch 023: train_loss = 0.000968  MAE/GAME0 = 7.042  RMSE = 11.786  GAME1 = 7.885  GAME2 = 8.885  GAME3 = 9.465  lr = 1.00e-05  time = 15.9s
[e024 s0001/1030] loss = 0.000384
[e024 s0050/1030] loss = 0.000970
[e024 s0100/1030] loss = 0.000849
[e024 s0150/1030] loss = 0.000844
[e024 s0200/1030] loss = 0.000833
[e024 s0250/1030] loss = 0.000745
[e024 s0300/1030] loss = 0.000776
[e024 s0350/1030] loss = 0.000746
[e024 s0400/1030] loss = 0.000745
[e024 s0450/1030] loss = 0.000718
[e024 s0500/1030] loss = 0.000691
[e024 s0550/1030] loss = 0.000786
[e024 s0600/1030] loss = 0.000859
[e024 s0650/1030] loss = 0.000944
[e024 s0700/1030] loss = 0.000933
[e024 s0750/1030] loss = 0.000925
[e024 s0800/1030] loss = 0.000921
[e024 s0850/1030] loss = 0.000901
[e024 s0900/1030] loss = 0.000885
[e024 s0950/1030] loss = 0.000883
[e024 s1000/1030] loss = 0.000877
Epoch 024: train_loss = 0.000874  MAE/GAME0 = 7.027  RMSE = 17.314  GAME1 = 7.776  GAME2 = 8.648  GAME3 = 9.250  lr = 1.00e-05  time = 16.2s
[e025 s0001/1030] loss = 0.000012
[e025 s0050/1030] loss = 0.000383
[e025 s0100/1030] loss = 0.000453
[e025 s0150/1030] loss = 0.000611
[e025 s0200/1030] loss = 0.000655
[e025 s0250/1030] loss = 0.000764
[e025 s0300/1030] loss = 0.000758
[e025 s0350/1030] loss = 0.000771
[e025 s0400/1030] loss = 0.000915
[e025 s0450/1030] loss = 0.000874
[e025 s0500/1030] loss = 0.000909
[e025 s0550/1030] loss = 0.000890
[e025 s0600/1030] loss = 0.001127
[e025 s0650/1030] loss = 0.001087
[e025 s0700/1030] loss = 0.001056
[e025 s0750/1030] loss = 0.001038
[e025 s0800/1030] loss = 0.001020
[e025 s0850/1030] loss = 0.000999
[e025 s0900/1030] loss = 0.000964
[e025 s0950/1030] loss = 0.000943
[e025 s1000/1030] loss = 0.000931
Epoch 025: train_loss = 0.000928  MAE/GAME0 = 5.695  RMSE = 11.502  GAME1 = 6.674  GAME2 = 7.550  GAME3 = 8.036  lr = 1.00e-05  time = 16.1s
[e026 s0001/1030] loss = 0.000566
[e026 s0050/1030] loss = 0.000511
[e026 s0100/1030] loss = 0.000573
[e026 s0150/1030] loss = 0.000623
[e026 s0200/1030] loss = 0.000701
[e026 s0250/1030] loss = 0.000707
[e026 s0300/1030] loss = 0.000706
[e026 s0350/1030] loss = 0.000713
[e026 s0400/1030] loss = 0.000750
[e026 s0450/1030] loss = 0.000870
[e026 s0500/1030] loss = 0.000833
[e026 s0550/1030] loss = 0.000804
[e026 s0600/1030] loss = 0.000795
[e026 s0650/1030] loss = 0.000766
[e026 s0700/1030] loss = 0.000779
[e026 s0750/1030] loss = 0.000816
[e026 s0800/1030] loss = 0.000814
[e026 s0850/1030] loss = 0.000811
[e026 s0900/1030] loss = 0.000823
[e026 s0950/1030] loss = 0.000807
[e026 s1000/1030] loss = 0.000788
Epoch 026: train_loss = 0.000801  MAE/GAME0 = 8.817  RMSE = 23.591  GAME1 = 9.683  GAME2 = 10.453  GAME3 = 10.964  lr = 1.00e-05  time = 15.8s
[e027 s0001/1030] loss = 0.000176
[e027 s0050/1030] loss = 0.000710
[e027 s0100/1030] loss = 0.000669
[e027 s0150/1030] loss = 0.000686
[e027 s0200/1030] loss = 0.000677
[e027 s0250/1030] loss = 0.000624
[e027 s0300/1030] loss = 0.000697
[e027 s0350/1030] loss = 0.000700
[e027 s0400/1030] loss = 0.000805
[e027 s0450/1030] loss = 0.000779
[e027 s0500/1030] loss = 0.000767
[e027 s0550/1030] loss = 0.000802
[e027 s0600/1030] loss = 0.000773
[e027 s0650/1030] loss = 0.000792
[e027 s0700/1030] loss = 0.000820
[e027 s0750/1030] loss = 0.000789
[e027 s0800/1030] loss = 0.000780
[e027 s0850/1030] loss = 0.000786
[e027 s0900/1030] loss = 0.000798
[e027 s0950/1030] loss = 0.000808
[e027 s1000/1030] loss = 0.000798
Epoch 027: train_loss = 0.000790  MAE/GAME0 = 5.080  RMSE = 8.855  GAME1 = 6.308  GAME2 = 7.313  GAME3 = 7.922  lr = 1.00e-05  time = 16.0s
[e028 s0001/1030] loss = 0.000267
[e028 s0050/1030] loss = 0.000979
[e028 s0100/1030] loss = 0.001046
[e028 s0150/1030] loss = 0.000993
[e028 s0200/1030] loss = 0.000852
[e028 s0250/1030] loss = 0.000817
[e028 s0300/1030] loss = 0.000755
[e028 s0350/1030] loss = 0.000737
[e028 s0400/1030] loss = 0.000759
[e028 s0450/1030] loss = 0.000864
[e028 s0500/1030] loss = 0.000846
[e028 s0550/1030] loss = 0.000856
[e028 s0600/1030] loss = 0.000857
[e028 s0650/1030] loss = 0.000832
[e028 s0700/1030] loss = 0.000834
[e028 s0750/1030] loss = 0.000833
[e028 s0800/1030] loss = 0.000990
[e028 s0850/1030] loss = 0.001015
[e028 s0900/1030] loss = 0.001009
[e028 s0950/1030] loss = 0.001057
[e028 s1000/1030] loss = 0.001035
Epoch 028: train_loss = 0.001022  MAE/GAME0 = 5.742  RMSE = 10.276  GAME1 = 6.536  GAME2 = 7.618  GAME3 = 8.247  lr = 1.00e-05  time = 15.8s
[e029 s0001/1030] loss = 0.004207
[e029 s0050/1030] loss = 0.000824
[e029 s0100/1030] loss = 0.000803
[e029 s0150/1030] loss = 0.000775
[e029 s0200/1030] loss = 0.000739
[e029 s0250/1030] loss = 0.000812
[e029 s0300/1030] loss = 0.000813
[e029 s0350/1030] loss = 0.000832
[e029 s0400/1030] loss = 0.000820
[e029 s0450/1030] loss = 0.000821
[e029 s0500/1030] loss = 0.000785
[e029 s0550/1030] loss = 0.000763
[e029 s0600/1030] loss = 0.000753
[e029 s0650/1030] loss = 0.000741
[e029 s0700/1030] loss = 0.000755
[e029 s0750/1030] loss = 0.000745
[e029 s0800/1030] loss = 0.000765
[e029 s0850/1030] loss = 0.000766
[e029 s0900/1030] loss = 0.000759
[e029 s0950/1030] loss = 0.000861
[e029 s1000/1030] loss = 0.000850
Epoch 029: train_loss = 0.000859  MAE/GAME0 = 6.440  RMSE = 12.505  GAME1 = 7.448  GAME2 = 8.525  GAME3 = 9.275  lr = 1.00e-05  time = 15.9s
[e030 s0001/1030] loss = 0.000431
[e030 s0050/1030] loss = 0.000924
[e030 s0100/1030] loss = 0.000868
[e030 s0150/1030] loss = 0.000958
[e030 s0200/1030] loss = 0.000898
[e030 s0250/1030] loss = 0.000815
[e030 s0300/1030] loss = 0.000773
[e030 s0350/1030] loss = 0.000745
[e030 s0400/1030] loss = 0.001304
[e030 s0450/1030] loss = 0.001237
[e030 s0500/1030] loss = 0.001186
[e030 s0550/1030] loss = 0.001149
[e030 s0600/1030] loss = 0.001099
[e030 s0650/1030] loss = 0.001045
[e030 s0700/1030] loss = 0.000993
[e030 s0750/1030] loss = 0.001082
[e030 s0800/1030] loss = 0.001278
[e030 s0850/1030] loss = 0.001246
[e030 s0900/1030] loss = 0.001259
[e030 s0950/1030] loss = 0.001263
[e030 s1000/1030] loss = 0.001221
Epoch 030: train_loss = 0.001202  MAE/GAME0 = 6.118  RMSE = 13.149  GAME1 = 7.088  GAME2 = 8.216  GAME3 = 8.873  lr = 1.00e-05  time = 16.1s
[e031 s0001/1030] loss = 0.000003
[e031 s0050/1030] loss = 0.000507
[e031 s0100/1030] loss = 0.000568
[e031 s0150/1030] loss = 0.000796
[e031 s0200/1030] loss = 0.000742
[e031 s0250/1030] loss = 0.000699
[e031 s0300/1030] loss = 0.000841
[e031 s0350/1030] loss = 0.000874
[e031 s0400/1030] loss = 0.000967
[e031 s0450/1030] loss = 0.000947
[e031 s0500/1030] loss = 0.000926
[e031 s0550/1030] loss = 0.001013
[e031 s0600/1030] loss = 0.001036
[e031 s0650/1030] loss = 0.001016
[e031 s0700/1030] loss = 0.000996
[e031 s0750/1030] loss = 0.001004
[e031 s0800/1030] loss = 0.000972
[e031 s0850/1030] loss = 0.000958
[e031 s0900/1030] loss = 0.000933
[e031 s0950/1030] loss = 0.000974
[e031 s1000/1030] loss = 0.000954
Epoch 031: train_loss = 0.000935  MAE/GAME0 = 5.430  RMSE = 12.068  GAME1 = 6.546  GAME2 = 7.567  GAME3 = 8.260  lr = 1.00e-05  time = 16.1s
[e032 s0001/1030] loss = 0.000497
[e032 s0050/1030] loss = 0.000455
[e032 s0100/1030] loss = 0.000503
[e032 s0150/1030] loss = 0.000513
[e032 s0200/1030] loss = 0.000532
[e032 s0250/1030] loss = 0.000555
[e032 s0300/1030] loss = 0.000600
[e032 s0350/1030] loss = 0.000568
[e032 s0400/1030] loss = 0.000720
[e032 s0450/1030] loss = 0.000723
[e032 s0500/1030] loss = 0.000731
[e032 s0550/1030] loss = 0.000725
[e032 s0600/1030] loss = 0.000715
[e032 s0650/1030] loss = 0.000725
[e032 s0700/1030] loss = 0.000705
[e032 s0750/1030] loss = 0.000858
[e032 s0800/1030] loss = 0.000852
[e032 s0850/1030] loss = 0.000849
[e032 s0900/1030] loss = 0.000863
[e032 s0950/1030] loss = 0.000888
[e032 s1000/1030] loss = 0.000895
Epoch 032: train_loss = 0.000887  MAE/GAME0 = 5.641  RMSE = 10.667  GAME1 = 6.564  GAME2 = 7.525  GAME3 = 8.128  lr = 1.00e-05  time = 16.0s
[e033 s0001/1030] loss = 0.000887
[e033 s0050/1030] loss = 0.000371
[e033 s0100/1030] loss = 0.000491
[e033 s0150/1030] loss = 0.000602
[e033 s0200/1030] loss = 0.001086
[e033 s0250/1030] loss = 0.001009
[e033 s0300/1030] loss = 0.000959
[e033 s0350/1030] loss = 0.001658
[e033 s0400/1030] loss = 0.001544
[e033 s0450/1030] loss = 0.001450
[e033 s0500/1030] loss = 0.001411
[e033 s0550/1030] loss = 0.001548
[e033 s0600/1030] loss = 0.001482
[e033 s0650/1030] loss = 0.001411
[e033 s0700/1030] loss = 0.001359
[e033 s0750/1030] loss = 0.001296
[e033 s0800/1030] loss = 0.001244
[e033 s0850/1030] loss = 0.001241
[e033 s0900/1030] loss = 0.001209
[e033 s0950/1030] loss = 0.001208
[e033 s1000/1030] loss = 0.001184
Epoch 033: train_loss = 0.001174  MAE/GAME0 = 8.904  RMSE = 12.602  GAME1 = 9.626  GAME2 = 10.736  GAME3 = 11.338  lr = 1.00e-05  time = 16.1s
[e034 s0001/1030] loss = 0.000725
[e034 s0050/1030] loss = 0.000506
[e034 s0100/1030] loss = 0.001102
[e034 s0150/1030] loss = 0.001133
[e034 s0200/1030] loss = 0.001041
[e034 s0250/1030] loss = 0.000941
[e034 s0300/1030] loss = 0.001030
[e034 s0350/1030] loss = 0.000981
[e034 s0400/1030] loss = 0.000957
[e034 s0450/1030] loss = 0.000917
[e034 s0500/1030] loss = 0.000921
[e034 s0550/1030] loss = 0.000991
[e034 s0600/1030] loss = 0.000966
[e034 s0650/1030] loss = 0.001023
[e034 s0700/1030] loss = 0.000983
[e034 s0750/1030] loss = 0.000970
[e034 s0800/1030] loss = 0.000951
[e034 s0850/1030] loss = 0.000955
[e034 s0900/1030] loss = 0.000936
[e034 s0950/1030] loss = 0.000980
[e034 s1000/1030] loss = 0.000971
Epoch 034: train_loss = 0.000962  MAE/GAME0 = 6.680  RMSE = 10.539  GAME1 = 7.466  GAME2 = 8.529  GAME3 = 9.235  lr = 1.00e-05  time = 16.1s
[e035 s0001/1030] loss = 0.000564
[e035 s0050/1030] loss = 0.000765
[e035 s0100/1030] loss = 0.000756
[e035 s0150/1030] loss = 0.000668
[e035 s0200/1030] loss = 0.000636
[e035 s0250/1030] loss = 0.000769
[e035 s0300/1030] loss = 0.000711
[e035 s0350/1030] loss = 0.000743
[e035 s0400/1030] loss = 0.000773
[e035 s0450/1030] loss = 0.000760
[e035 s0500/1030] loss = 0.000732
[e035 s0550/1030] loss = 0.000808
[e035 s0600/1030] loss = 0.001085
[e035 s0650/1030] loss = 0.001059
[e035 s0700/1030] loss = 0.001068
[e035 s0750/1030] loss = 0.001035
[e035 s0800/1030] loss = 0.001017
[e035 s0850/1030] loss = 0.001007
[e035 s0900/1030] loss = 0.000987
[e035 s0950/1030] loss = 0.000980
[e035 s1000/1030] loss = 0.000998
Epoch 035: train_loss = 0.000989  MAE/GAME0 = 6.294  RMSE = 10.495  GAME1 = 7.325  GAME2 = 8.455  GAME3 = 9.218  lr = 1.00e-05  time = 16.0s
[e036 s0001/1030] loss = 0.000198
[e036 s0050/1030] loss = 0.000893
[e036 s0100/1030] loss = 0.000763
[e036 s0150/1030] loss = 0.000717
[e036 s0200/1030] loss = 0.000614
[e036 s0250/1030] loss = 0.001471
[e036 s0300/1030] loss = 0.001353
[e036 s0350/1030] loss = 0.001221
[e036 s0400/1030] loss = 0.001210
[e036 s0450/1030] loss = 0.001141
[e036 s0500/1030] loss = 0.001131
[e036 s0550/1030] loss = 0.001200
[e036 s0600/1030] loss = 0.001158
[e036 s0650/1030] loss = 0.001129
[e036 s0700/1030] loss = 0.001087
[e036 s0750/1030] loss = 0.001076
[e036 s0800/1030] loss = 0.001035
[e036 s0850/1030] loss = 0.001038
[e036 s0900/1030] loss = 0.001085
[e036 s0950/1030] loss = 0.001067
[e036 s1000/1030] loss = 0.001065
Epoch 036: train_loss = 0.001051  MAE/GAME0 = 7.384  RMSE = 15.344  GAME1 = 8.318  GAME2 = 9.547  GAME3 = 10.187  lr = 1.00e-05  time = 15.9s
[e037 s0001/1030] loss = 0.000624
[e037 s0050/1030] loss = 0.000904
[e037 s0100/1030] loss = 0.000756
[e037 s0150/1030] loss = 0.000678
[e037 s0200/1030] loss = 0.000607
[e037 s0250/1030] loss = 0.000601
[e037 s0300/1030] loss = 0.000595
[e037 s0350/1030] loss = 0.000637
[e037 s0400/1030] loss = 0.000650
[e037 s0450/1030] loss = 0.000661
[e037 s0500/1030] loss = 0.000659
[e037 s0550/1030] loss = 0.000640
[e037 s0600/1030] loss = 0.000691
[e037 s0650/1030] loss = 0.000690
[e037 s0700/1030] loss = 0.000691
[e037 s0750/1030] loss = 0.000747
[e037 s0800/1030] loss = 0.000736
[e037 s0850/1030] loss = 0.000732
[e037 s0900/1030] loss = 0.000789
[e037 s0950/1030] loss = 0.000808
[e037 s1000/1030] loss = 0.000823
Epoch 037: train_loss = 0.000939  MAE/GAME0 = 6.786  RMSE = 12.758  GAME1 = 7.393  GAME2 = 8.026  GAME3 = 8.484  lr = 1.00e-05  time = 16.2s
[e038 s0001/1030] loss = 0.000752
[e038 s0050/1030] loss = 0.001153
[e038 s0100/1030] loss = 0.001020
[e038 s0150/1030] loss = 0.000991
[e038 s0200/1030] loss = 0.000874
[e038 s0250/1030] loss = 0.000838
[e038 s0300/1030] loss = 0.000793
[e038 s0350/1030] loss = 0.000820
[e038 s0400/1030] loss = 0.000804
[e038 s0450/1030] loss = 0.000782
[e038 s0500/1030] loss = 0.000784
[e038 s0550/1030] loss = 0.000749
[e038 s0600/1030] loss = 0.000729
[e038 s0650/1030] loss = 0.000728
[e038 s0700/1030] loss = 0.000747
[e038 s0750/1030] loss = 0.000786
[e038 s0800/1030] loss = 0.000772
[e038 s0850/1030] loss = 0.000758
[e038 s0900/1030] loss = 0.000808
[e038 s0950/1030] loss = 0.000794
[e038 s1000/1030] loss = 0.000784
Epoch 038: train_loss = 0.000791  MAE/GAME0 = 7.480  RMSE = 19.001  GAME1 = 8.421  GAME2 = 9.324  GAME3 = 9.938  lr = 1.00e-05  time = 16.4s
[e039 s0001/1030] loss = 0.000087
[e039 s0050/1030] loss = 0.001057
[e039 s0100/1030] loss = 0.001059
[e039 s0150/1030] loss = 0.001017
[e039 s0200/1030] loss = 0.000967
[e039 s0250/1030] loss = 0.001024
[e039 s0300/1030] loss = 0.000929
[e039 s0350/1030] loss = 0.000906
[e039 s0400/1030] loss = 0.000883
[e039 s0450/1030] loss = 0.000845
[e039 s0500/1030] loss = 0.000860
[e039 s0550/1030] loss = 0.000854
[e039 s0600/1030] loss = 0.000846
[e039 s0650/1030] loss = 0.000826
[e039 s0700/1030] loss = 0.000836
[e039 s0750/1030] loss = 0.001171
[e039 s0800/1030] loss = 0.001152
[e039 s0850/1030] loss = 0.001114
[e039 s0900/1030] loss = 0.001106
[e039 s0950/1030] loss = 0.001083
[e039 s1000/1030] loss = 0.001071
Epoch 039: train_loss = 0.001055  MAE/GAME0 = 6.361  RMSE = 11.852  GAME1 = 7.323  GAME2 = 8.407  GAME3 = 9.121  lr = 1.00e-05  time = 16.0s
[e040 s0001/1030] loss = 0.000046
[e040 s0050/1030] loss = 0.000493
[e040 s0100/1030] loss = 0.000458
[e040 s0150/1030] loss = 0.000527
[e040 s0200/1030] loss = 0.000617
[e040 s0250/1030] loss = 0.000734
[e040 s0300/1030] loss = 0.000886
[e040 s0350/1030] loss = 0.000948
[e040 s0400/1030] loss = 0.001050
[e040 s0450/1030] loss = 0.000998
[e040 s0500/1030] loss = 0.000958
[e040 s0550/1030] loss = 0.000989
[e040 s0600/1030] loss = 0.000979
[e040 s0650/1030] loss = 0.000971
[e040 s0700/1030] loss = 0.000951
[e040 s0750/1030] loss = 0.000931
[e040 s0800/1030] loss = 0.000917
[e040 s0850/1030] loss = 0.000939
[e040 s0900/1030] loss = 0.000916
[e040 s0950/1030] loss = 0.000890
[e040 s1000/1030] loss = 0.000868
Epoch 040: train_loss = 0.000882  MAE/GAME0 = 9.836  RMSE = 15.957  GAME1 = 10.543  GAME2 = 11.601  GAME3 = 12.284  lr = 1.00e-05  time = 15.9s
[e041 s0001/1030] loss = 0.002226
[e041 s0050/1030] loss = 0.001255
[e041 s0100/1030] loss = 0.000985
[e041 s0150/1030] loss = 0.000885
[e041 s0200/1030] loss = 0.000891
[e041 s0250/1030] loss = 0.000881
[e041 s0300/1030] loss = 0.000838
[e041 s0350/1030] loss = 0.000872
[e041 s0400/1030] loss = 0.000848
[e041 s0450/1030] loss = 0.000840
[e041 s0500/1030] loss = 0.000897
[e041 s0550/1030] loss = 0.000910
[e041 s0600/1030] loss = 0.000905
[e041 s0650/1030] loss = 0.000869
[e041 s0700/1030] loss = 0.000858
[e041 s0750/1030] loss = 0.000838
[e041 s0800/1030] loss = 0.000844
[e041 s0850/1030] loss = 0.000847
[e041 s0900/1030] loss = 0.000836
[e041 s0950/1030] loss = 0.000845
[e041 s1000/1030] loss = 0.000839
Epoch 041: train_loss = 0.000867  MAE/GAME0 = 8.589  RMSE = 13.657  GAME1 = 9.492  GAME2 = 10.427  GAME3 = 11.095  lr = 1.00e-05  time = 16.3s
[e042 s0001/1030] loss = 0.000464
[e042 s0050/1030] loss = 0.000971
[e042 s0100/1030] loss = 0.000746
[e042 s0150/1030] loss = 0.000627
[e042 s0200/1030] loss = 0.000605
[e042 s0250/1030] loss = 0.000603
[e042 s0300/1030] loss = 0.000653
[e042 s0350/1030] loss = 0.000625
[e042 s0400/1030] loss = 0.001095
[e042 s0450/1030] loss = 0.001021
[e042 s0500/1030] loss = 0.001048
[e042 s0550/1030] loss = 0.001031
[e042 s0600/1030] loss = 0.001040
[e042 s0650/1030] loss = 0.001031
[e042 s0700/1030] loss = 0.001002
[e042 s0750/1030] loss = 0.000989
[e042 s0800/1030] loss = 0.000957
[e042 s0850/1030] loss = 0.000956
[e042 s0900/1030] loss = 0.000928
[e042 s0950/1030] loss = 0.000904
[e042 s1000/1030] loss = 0.000885
Epoch 042: train_loss = 0.000887  MAE/GAME0 = 7.646  RMSE = 14.661  GAME1 = 8.192  GAME2 = 8.706  GAME3 = 8.979  lr = 1.00e-05  time = 16.1s
[e043 s0001/1030] loss = 0.000529
[e043 s0050/1030] loss = 0.000781
[e043 s0100/1030] loss = 0.000688
[e043 s0150/1030] loss = 0.000652
[e043 s0200/1030] loss = 0.000780
[e043 s0250/1030] loss = 0.000924
[e043 s0300/1030] loss = 0.000910
[e043 s0350/1030] loss = 0.000941
[e043 s0400/1030] loss = 0.000865
[e043 s0450/1030] loss = 0.000874
[e043 s0500/1030] loss = 0.000852
[e043 s0550/1030] loss = 0.000823
[e043 s0600/1030] loss = 0.000853
[e043 s0650/1030] loss = 0.000828
[e043 s0700/1030] loss = 0.000859
[e043 s0750/1030] loss = 0.000860
[e043 s0800/1030] loss = 0.000865
[e043 s0850/1030] loss = 0.000923
[e043 s0900/1030] loss = 0.000955
[e043 s0950/1030] loss = 0.000935
[e043 s1000/1030] loss = 0.000917
Epoch 043: train_loss = 0.001136  MAE/GAME0 = 6.010  RMSE = 13.020  GAME1 = 6.973  GAME2 = 8.008  GAME3 = 8.591  lr = 1.00e-05  time = 16.1s
[e044 s0001/1030] loss = 0.000044
[e044 s0050/1030] loss = 0.000589
[e044 s0100/1030] loss = 0.000649
[e044 s0150/1030] loss = 0.000599
[e044 s0200/1030] loss = 0.000640
[e044 s0250/1030] loss = 0.000657
[e044 s0300/1030] loss = 0.000646
[e044 s0350/1030] loss = 0.000627
[e044 s0400/1030] loss = 0.000719
[e044 s0450/1030] loss = 0.000795
[e044 s0500/1030] loss = 0.000809
[e044 s0550/1030] loss = 0.000794
[e044 s0600/1030] loss = 0.000792
[e044 s0650/1030] loss = 0.000789
[e044 s0700/1030] loss = 0.000821
[e044 s0750/1030] loss = 0.000819
[e044 s0800/1030] loss = 0.000813
[e044 s0850/1030] loss = 0.000799
[e044 s0900/1030] loss = 0.000797
[e044 s0950/1030] loss = 0.000879
[e044 s1000/1030] loss = 0.000938
Epoch 044: train_loss = 0.000935  MAE/GAME0 = 6.656  RMSE = 11.431  GAME1 = 7.808  GAME2 = 8.922  GAME3 = 9.553  lr = 1.00e-05  time = 16.6s
[e045 s0001/1030] loss = 0.000194
[e045 s0050/1030] loss = 0.000407
[e045 s0100/1030] loss = 0.000691
[e045 s0150/1030] loss = 0.000787
[e045 s0200/1030] loss = 0.000670
[e045 s0250/1030] loss = 0.000638
[e045 s0300/1030] loss = 0.000945
[e045 s0350/1030] loss = 0.000930
[e045 s0400/1030] loss = 0.001098
[e045 s0450/1030] loss = 0.001096
[e045 s0500/1030] loss = 0.001085
[e045 s0550/1030] loss = 0.001053
[e045 s0600/1030] loss = 0.001059
[e045 s0650/1030] loss = 0.001029
[e045 s0700/1030] loss = 0.000987
[e045 s0750/1030] loss = 0.000968
[e045 s0800/1030] loss = 0.000959
[e045 s0850/1030] loss = 0.000931
[e045 s0900/1030] loss = 0.000936
[e045 s0950/1030] loss = 0.000936
[e045 s1000/1030] loss = 0.000926
Epoch 045: train_loss = 0.000916  MAE/GAME0 = 5.514  RMSE = 9.330  GAME1 = 6.394  GAME2 = 7.433  GAME3 = 8.162  lr = 1.00e-05  time = 16.2s
[e046 s0001/1030] loss = 0.000176
[e046 s0050/1030] loss = 0.000554
[e046 s0100/1030] loss = 0.000689
[e046 s0150/1030] loss = 0.000697
[e046 s0200/1030] loss = 0.000718
[e046 s0250/1030] loss = 0.000785
[e046 s0300/1030] loss = 0.000931
[e046 s0350/1030] loss = 0.000929
[e046 s0400/1030] loss = 0.000885
[e046 s0450/1030] loss = 0.000828
[e046 s0500/1030] loss = 0.000782
[e046 s0550/1030] loss = 0.000803
[e046 s0600/1030] loss = 0.000771
[e046 s0650/1030] loss = 0.000759
[e046 s0700/1030] loss = 0.000742
[e046 s0750/1030] loss = 0.000760
[e046 s0800/1030] loss = 0.000893
[e046 s0850/1030] loss = 0.000884
[e046 s0900/1030] loss = 0.000881
[e046 s0950/1030] loss = 0.000871
[e046 s1000/1030] loss = 0.000862
Epoch 046: train_loss = 0.000879  MAE/GAME0 = 7.639  RMSE = 12.632  GAME1 = 8.744  GAME2 = 9.555  GAME3 = 10.156  lr = 1.00e-05  time = 16.0s
[e047 s0001/1030] loss = 0.000538
[e047 s0050/1030] loss = 0.001283
[e047 s0100/1030] loss = 0.001153
[e047 s0150/1030] loss = 0.000977
[e047 s0200/1030] loss = 0.000902
[e047 s0250/1030] loss = 0.000895
[e047 s0300/1030] loss = 0.000836
[e047 s0350/1030] loss = 0.000943
[e047 s0400/1030] loss = 0.000886
[e047 s0450/1030] loss = 0.000863
[e047 s0500/1030] loss = 0.000817
[e047 s0550/1030] loss = 0.000836
[e047 s0600/1030] loss = 0.000811
[e047 s0650/1030] loss = 0.000807
[e047 s0700/1030] loss = 0.000803
[e047 s0750/1030] loss = 0.000921
[e047 s0800/1030] loss = 0.000959
[e047 s0850/1030] loss = 0.000987
[e047 s0900/1030] loss = 0.000976
[e047 s0950/1030] loss = 0.000950
[e047 s1000/1030] loss = 0.000943
Epoch 047: train_loss = 0.000999  MAE/GAME0 = 6.459  RMSE = 11.890  GAME1 = 7.156  GAME2 = 7.957  GAME3 = 8.443  lr = 1.00e-05  time = 15.9s
[e048 s0001/1030] loss = 0.001008
[e048 s0050/1030] loss = 0.001292
[e048 s0100/1030] loss = 0.000951
[e048 s0150/1030] loss = 0.000867
[e048 s0200/1030] loss = 0.000874
[e048 s0250/1030] loss = 0.001222
[e048 s0300/1030] loss = 0.001134
[e048 s0350/1030] loss = 0.001072
[e048 s0400/1030] loss = 0.000996
[e048 s0450/1030] loss = 0.000975
[e048 s0500/1030] loss = 0.000930
[e048 s0550/1030] loss = 0.000932
[e048 s0600/1030] loss = 0.000933
[e048 s0650/1030] loss = 0.000946
[e048 s0700/1030] loss = 0.000918
[e048 s0750/1030] loss = 0.000898
[e048 s0800/1030] loss = 0.000883
[e048 s0850/1030] loss = 0.000866
[e048 s0900/1030] loss = 0.000902
[e048 s0950/1030] loss = 0.000901
[e048 s1000/1030] loss = 0.000880
Epoch 048: train_loss = 0.000875  MAE/GAME0 = 5.249  RMSE = 9.560  GAME1 = 6.371  GAME2 = 7.538  GAME3 = 8.174  lr = 1.00e-05  time = 15.7s
[e049 s0001/1030] loss = 0.000133
[e049 s0050/1030] loss = 0.000812
[e049 s0100/1030] loss = 0.001281
[e049 s0150/1030] loss = 0.001745
[e049 s0200/1030] loss = 0.001552
[e049 s0250/1030] loss = 0.001534
[e049 s0300/1030] loss = 0.001394
[e049 s0350/1030] loss = 0.001290
[e049 s0400/1030] loss = 0.001227
[e049 s0450/1030] loss = 0.001165
[e049 s0500/1030] loss = 0.001147
[e049 s0550/1030] loss = 0.001096
[e049 s0600/1030] loss = 0.001063
[e049 s0650/1030] loss = 0.001017
[e049 s0700/1030] loss = 0.001124
[e049 s0750/1030] loss = 0.001093
[e049 s0800/1030] loss = 0.001062
[e049 s0850/1030] loss = 0.001063
[e049 s0900/1030] loss = 0.001105
[e049 s0950/1030] loss = 0.001079
[e049 s1000/1030] loss = 0.001051
Epoch 049: train_loss = 0.001032  MAE/GAME0 = 7.101  RMSE = 18.700  GAME1 = 7.923  GAME2 = 8.810  GAME3 = 9.359  lr = 1.00e-05  time = 16.0s
[e050 s0001/1030] loss = 0.000440
[e050 s0050/1030] loss = 0.000935
[e050 s0100/1030] loss = 0.000838
[e050 s0150/1030] loss = 0.000863
[e050 s0200/1030] loss = 0.000756
[e050 s0250/1030] loss = 0.000810
[e050 s0300/1030] loss = 0.000787
[e050 s0350/1030] loss = 0.000796
[e050 s0400/1030] loss = 0.000750
[e050 s0450/1030] loss = 0.000746
[e050 s0500/1030] loss = 0.000746
[e050 s0550/1030] loss = 0.000757
[e050 s0600/1030] loss = 0.000752
[e050 s0650/1030] loss = 0.000806
[e050 s0700/1030] loss = 0.000801
[e050 s0750/1030] loss = 0.000804
[e050 s0800/1030] loss = 0.000874
[e050 s0850/1030] loss = 0.000907
[e050 s0900/1030] loss = 0.000931
[e050 s0950/1030] loss = 0.000940
[e050 s1000/1030] loss = 0.000925
Epoch 050: train_loss = 0.000917  MAE/GAME0 = 5.716  RMSE = 12.796  GAME1 = 6.786  GAME2 = 7.749  GAME3 = 8.434  lr = 1.00e-05  time = 16.0s
[e051 s0001/1030] loss = 0.000227
[e051 s0050/1030] loss = 0.001125
[e051 s0100/1030] loss = 0.000969
[e051 s0150/1030] loss = 0.001122
[e051 s0200/1030] loss = 0.001211
[e051 s0250/1030] loss = 0.001113
[e051 s0300/1030] loss = 0.001072
[e051 s0350/1030] loss = 0.001072
[e051 s0400/1030] loss = 0.001078
[e051 s0450/1030] loss = 0.001009
[e051 s0500/1030] loss = 0.000958
[e051 s0550/1030] loss = 0.000962
[e051 s0600/1030] loss = 0.000946
[e051 s0650/1030] loss = 0.000964
[e051 s0700/1030] loss = 0.000971
[e051 s0750/1030] loss = 0.000961
[e051 s0800/1030] loss = 0.000942
[e051 s0850/1030] loss = 0.000918
[e051 s0900/1030] loss = 0.000902
[e051 s0950/1030] loss = 0.000878
[e051 s1000/1030] loss = 0.000865
Epoch 051: train_loss = 0.000869  MAE/GAME0 = 7.305  RMSE = 16.388  GAME1 = 8.245  GAME2 = 9.262  GAME3 = 9.908  lr = 1.00e-05  time = 15.9s
[e052 s0001/1030] loss = 0.000183
[e052 s0050/1030] loss = 0.001040
[e052 s0100/1030] loss = 0.000838
[e052 s0150/1030] loss = 0.001133
[e052 s0200/1030] loss = 0.000993
[e052 s0250/1030] loss = 0.000951
[e052 s0300/1030] loss = 0.000861
[e052 s0350/1030] loss = 0.000907
[e052 s0400/1030] loss = 0.000914
[e052 s0450/1030] loss = 0.000935
[e052 s0500/1030] loss = 0.000906
[e052 s0550/1030] loss = 0.000863
[e052 s0600/1030] loss = 0.000876
[e052 s0650/1030] loss = 0.000852
[e052 s0700/1030] loss = 0.000837
[e052 s0750/1030] loss = 0.000879
[e052 s0800/1030] loss = 0.000887
[e052 s0850/1030] loss = 0.000911
[e052 s0900/1030] loss = 0.000900
[e052 s0950/1030] loss = 0.000878
[e052 s1000/1030] loss = 0.000865
Epoch 052: train_loss = 0.000856  MAE/GAME0 = 5.807  RMSE = 11.378  GAME1 = 6.866  GAME2 = 7.913  GAME3 = 8.595  lr = 1.00e-05  time = 16.1s
[e053 s0001/1030] loss = 0.009955
[e053 s0050/1030] loss = 0.001552
[e053 s0100/1030] loss = 0.001250
[e053 s0150/1030] loss = 0.000993
[e053 s0200/1030] loss = 0.000901
[e053 s0250/1030] loss = 0.000903
[e053 s0300/1030] loss = 0.000844
[e053 s0350/1030] loss = 0.000813
[e053 s0400/1030] loss = 0.000795
[e053 s0450/1030] loss = 0.000808
[e053 s0500/1030] loss = 0.000933
[e053 s0550/1030] loss = 0.000966
[e053 s0600/1030] loss = 0.000937
[e053 s0650/1030] loss = 0.000929
[e053 s0700/1030] loss = 0.000904
[e053 s0750/1030] loss = 0.000897
[e053 s0800/1030] loss = 0.000884
[e053 s0850/1030] loss = 0.000892
[e053 s0900/1030] loss = 0.000895
[e053 s0950/1030] loss = 0.000884
[e053 s1000/1030] loss = 0.000887
Epoch 053: train_loss = 0.000940  MAE/GAME0 = 5.705  RMSE = 10.195  GAME1 = 6.878  GAME2 = 8.152  GAME3 = 8.850  lr = 1.00e-05  time = 16.0s
[e054 s0001/1030] loss = 0.000312
[e054 s0050/1030] loss = 0.000724
[e054 s0100/1030] loss = 0.001777
[e054 s0150/1030] loss = 0.001445
[e054 s0200/1030] loss = 0.001332
[e054 s0250/1030] loss = 0.001246
[e054 s0300/1030] loss = 0.001203
[e054 s0350/1030] loss = 0.001134
[e054 s0400/1030] loss = 0.001080
[e054 s0450/1030] loss = 0.001034
[e054 s0500/1030] loss = 0.000968
[e054 s0550/1030] loss = 0.000939
[e054 s0600/1030] loss = 0.000995
[e054 s0650/1030] loss = 0.001043
[e054 s0700/1030] loss = 0.001017
[e054 s0750/1030] loss = 0.000991
[e054 s0800/1030] loss = 0.000961
[e054 s0850/1030] loss = 0.000991
[e054 s0900/1030] loss = 0.000975
[e054 s0950/1030] loss = 0.000957
[e054 s1000/1030] loss = 0.000938
Epoch 054: train_loss = 0.000930  MAE/GAME0 = 5.802  RMSE = 10.471  GAME1 = 6.845  GAME2 = 7.863  GAME3 = 8.518  lr = 1.00e-05  time = 16.2s
[e055 s0001/1030] loss = 0.000090
[e055 s0050/1030] loss = 0.000508
[e055 s0100/1030] loss = 0.000526
[e055 s0150/1030] loss = 0.000635
[e055 s0200/1030] loss = 0.000663
[e055 s0250/1030] loss = 0.000676
[e055 s0300/1030] loss = 0.000749
[e055 s0350/1030] loss = 0.000792
[e055 s0400/1030] loss = 0.000766
[e055 s0450/1030] loss = 0.000772
[e055 s0500/1030] loss = 0.000752
[e055 s0550/1030] loss = 0.000807
[e055 s0600/1030] loss = 0.000853
[e055 s0650/1030] loss = 0.000883
[e055 s0700/1030] loss = 0.000885
[e055 s0750/1030] loss = 0.000852
[e055 s0800/1030] loss = 0.000867
[e055 s0850/1030] loss = 0.000905
[e055 s0900/1030] loss = 0.000879
[e055 s0950/1030] loss = 0.000871
[e055 s1000/1030] loss = 0.001010
Epoch 055: train_loss = 0.001016  MAE/GAME0 = 7.361  RMSE = 12.228  GAME1 = 7.875  GAME2 = 8.487  GAME3 = 8.868  lr = 1.00e-05  time = 16.0s
[e056 s0001/1030] loss = 0.000101
[e056 s0050/1030] loss = 0.000538
[e056 s0100/1030] loss = 0.000725
[e056 s0150/1030] loss = 0.000773
[e056 s0200/1030] loss = 0.000748
[e056 s0250/1030] loss = 0.000711
[e056 s0300/1030] loss = 0.000716
[e056 s0350/1030] loss = 0.000710
[e056 s0400/1030] loss = 0.000700
[e056 s0450/1030] loss = 0.000677
[e056 s0500/1030] loss = 0.000675
[e056 s0550/1030] loss = 0.000675
[e056 s0600/1030] loss = 0.000690
[e056 s0650/1030] loss = 0.000697
[e056 s0700/1030] loss = 0.000687
[e056 s0750/1030] loss = 0.000693
[e056 s0800/1030] loss = 0.000680
[e056 s0850/1030] loss = 0.000753
[e056 s0900/1030] loss = 0.000785
[e056 s0950/1030] loss = 0.000773
[e056 s1000/1030] loss = 0.000759
Epoch 056: train_loss = 0.000755  MAE/GAME0 = 5.535  RMSE = 10.829  GAME1 = 6.413  GAME2 = 7.121  GAME3 = 7.609  lr = 1.00e-05  time = 16.3s
[e057 s0001/1030] loss = 0.000089
[e057 s0050/1030] loss = 0.000661
[e057 s0100/1030] loss = 0.001626
[e057 s0150/1030] loss = 0.001460
[e057 s0200/1030] loss = 0.001386
[e057 s0250/1030] loss = 0.001235
[e057 s0300/1030] loss = 0.001167
[e057 s0350/1030] loss = 0.001079
[e057 s0400/1030] loss = 0.001074
[e057 s0450/1030] loss = 0.001066
[e057 s0500/1030] loss = 0.001021
[e057 s0550/1030] loss = 0.001028
[e057 s0600/1030] loss = 0.001020
[e057 s0650/1030] loss = 0.001261
[e057 s0700/1030] loss = 0.001238
[e057 s0750/1030] loss = 0.001203
[e057 s0800/1030] loss = 0.001178
[e057 s0850/1030] loss = 0.001178
[e057 s0900/1030] loss = 0.001149
[e057 s0950/1030] loss = 0.001144
[e057 s1000/1030] loss = 0.001133
Epoch 057: train_loss = 0.001123  MAE/GAME0 = 5.737  RMSE = 9.363  GAME1 = 6.625  GAME2 = 7.572  GAME3 = 8.184  lr = 1.00e-05  time = 16.0s
[e058 s0001/1030] loss = 0.000022
[e058 s0050/1030] loss = 0.000422
[e058 s0100/1030] loss = 0.001090
[e058 s0150/1030] loss = 0.000947
[e058 s0200/1030] loss = 0.000915
[e058 s0250/1030] loss = 0.000946
[e058 s0300/1030] loss = 0.000963
[e058 s0350/1030] loss = 0.000958
[e058 s0400/1030] loss = 0.000966
[e058 s0450/1030] loss = 0.000908
[e058 s0500/1030] loss = 0.000890
[e058 s0550/1030] loss = 0.000895
[e058 s0600/1030] loss = 0.000890
[e058 s0650/1030] loss = 0.000911
[e058 s0700/1030] loss = 0.000931
[e058 s0750/1030] loss = 0.000918
[e058 s0800/1030] loss = 0.000879
[e058 s0850/1030] loss = 0.000907
[e058 s0900/1030] loss = 0.000894
[e058 s0950/1030] loss = 0.000876
[e058 s1000/1030] loss = 0.000862
Epoch 058: train_loss = 0.000858  MAE/GAME0 = 7.089  RMSE = 15.084  GAME1 = 7.876  GAME2 = 8.897  GAME3 = 9.637  lr = 1.00e-05  time = 16.0s
[e059 s0001/1030] loss = 0.000005
[e059 s0050/1030] loss = 0.000889
[e059 s0100/1030] loss = 0.000873
[e059 s0150/1030] loss = 0.001202
[e059 s0200/1030] loss = 0.002349
[e059 s0250/1030] loss = 0.002132
[e059 s0300/1030] loss = 0.001915
[e059 s0350/1030] loss = 0.001740
[e059 s0400/1030] loss = 0.001590
[e059 s0450/1030] loss = 0.001504
[e059 s0500/1030] loss = 0.001481
[e059 s0550/1030] loss = 0.001409
[e059 s0600/1030] loss = 0.001353
[e059 s0650/1030] loss = 0.001316
[e059 s0700/1030] loss = 0.001321
[e059 s0750/1030] loss = 0.001279
[e059 s0800/1030] loss = 0.001248
[e059 s0850/1030] loss = 0.001202
[e059 s0900/1030] loss = 0.001166
[e059 s0950/1030] loss = 0.001154
[e059 s1000/1030] loss = 0.001129
Epoch 059: train_loss = 0.001118  MAE/GAME0 = 5.964  RMSE = 14.714  GAME1 = 6.968  GAME2 = 8.001  GAME3 = 8.590  lr = 1.00e-05  time = 16.0s
[e060 s0001/1030] loss = 0.000027
[e060 s0050/1030] loss = 0.000778
[e060 s0100/1030] loss = 0.000618
[e060 s0150/1030] loss = 0.000808
[e060 s0200/1030] loss = 0.000791
[e060 s0250/1030] loss = 0.001259
[e060 s0300/1030] loss = 0.001179
[e060 s0350/1030] loss = 0.001082
[e060 s0400/1030] loss = 0.001048
[e060 s0450/1030] loss = 0.001012
[e060 s0500/1030] loss = 0.000971
[e060 s0550/1030] loss = 0.000951
[e060 s0600/1030] loss = 0.000940
[e060 s0650/1030] loss = 0.000919
[e060 s0700/1030] loss = 0.000937
[e060 s0750/1030] loss = 0.000938
[e060 s0800/1030] loss = 0.000953
[e060 s0850/1030] loss = 0.000924
[e060 s0900/1030] loss = 0.000901
[e060 s0950/1030] loss = 0.000889
[e060 s1000/1030] loss = 0.000871
Epoch 060: train_loss = 0.000862  MAE/GAME0 = 7.109  RMSE = 16.079  GAME1 = 7.966  GAME2 = 8.933  GAME3 = 9.615  lr = 1.00e-05  time = 16.6s
[e061 s0001/1030] loss = 0.000001
[e061 s0050/1030] loss = 0.000501
[e061 s0100/1030] loss = 0.000743
[e061 s0150/1030] loss = 0.000832
[e061 s0200/1030] loss = 0.000837
[e061 s0250/1030] loss = 0.000909
[e061 s0300/1030] loss = 0.000957
[e061 s0350/1030] loss = 0.000961
[e061 s0400/1030] loss = 0.000942
[e061 s0450/1030] loss = 0.000938
[e061 s0500/1030] loss = 0.000933
[e061 s0550/1030] loss = 0.000934
[e061 s0600/1030] loss = 0.000925
[e061 s0650/1030] loss = 0.000913
[e061 s0700/1030] loss = 0.000888
[e061 s0750/1030] loss = 0.000879
[e061 s0800/1030] loss = 0.000867
[e061 s0850/1030] loss = 0.000900
[e061 s0900/1030] loss = 0.000888
[e061 s0950/1030] loss = 0.000880
[e061 s1000/1030] loss = 0.000861
Epoch 061: train_loss = 0.000854  MAE/GAME0 = 8.151  RMSE = 10.338  GAME1 = 8.928  GAME2 = 9.877  GAME3 = 10.519  lr = 1.00e-05  time = 16.1s
[e062 s0001/1030] loss = 0.000962
[e062 s0050/1030] loss = 0.001618
[e062 s0100/1030] loss = 0.001382
[e062 s0150/1030] loss = 0.001132
[e062 s0200/1030] loss = 0.001044
[e062 s0250/1030] loss = 0.001014
[e062 s0300/1030] loss = 0.000994
[e062 s0350/1030] loss = 0.000944
[e062 s0400/1030] loss = 0.000915
[e062 s0450/1030] loss = 0.000914
[e062 s0500/1030] loss = 0.000898
[e062 s0550/1030] loss = 0.000897
[e062 s0600/1030] loss = 0.000908
[e062 s0650/1030] loss = 0.000888
[e062 s0700/1030] loss = 0.000858
[e062 s0750/1030] loss = 0.000899
[e062 s0800/1030] loss = 0.000878
[e062 s0850/1030] loss = 0.000861
[e062 s0900/1030] loss = 0.000844
[e062 s0950/1030] loss = 0.000898
[e062 s1000/1030] loss = 0.000884
Epoch 062: train_loss = 0.000875  MAE/GAME0 = 6.770  RMSE = 18.333  GAME1 = 7.624  GAME2 = 8.415  GAME3 = 8.976  lr = 1.00e-05  time = 16.4s
[e063 s0001/1030] loss = 0.000159
[e063 s0050/1030] loss = 0.000889
[e063 s0100/1030] loss = 0.001000
[e063 s0150/1030] loss = 0.000856
[e063 s0200/1030] loss = 0.000787
[e063 s0250/1030] loss = 0.000739
[e063 s0300/1030] loss = 0.000668
[e063 s0350/1030] loss = 0.000661
[e063 s0400/1030] loss = 0.000731
[e063 s0450/1030] loss = 0.000777
[e063 s0500/1030] loss = 0.000760
[e063 s0550/1030] loss = 0.000759
[e063 s0600/1030] loss = 0.000750
[e063 s0650/1030] loss = 0.000777
[e063 s0700/1030] loss = 0.000770
[e063 s0750/1030] loss = 0.000769
[e063 s0800/1030] loss = 0.000750
[e063 s0850/1030] loss = 0.000733
[e063 s0900/1030] loss = 0.000726
[e063 s0950/1030] loss = 0.000717
[e063 s1000/1030] loss = 0.000730
Epoch 063: train_loss = 0.000722  MAE/GAME0 = 7.694  RMSE = 12.216  GAME1 = 8.802  GAME2 = 9.806  GAME3 = 10.436  lr = 1.00e-05  time = 16.0s
[e064 s0001/1030] loss = 0.002455
[e064 s0050/1030] loss = 0.000720
[e064 s0100/1030] loss = 0.000829
[e064 s0150/1030] loss = 0.000924
[e064 s0200/1030] loss = 0.000968
[e064 s0250/1030] loss = 0.000975
[e064 s0300/1030] loss = 0.000987
[e064 s0350/1030] loss = 0.000990
[e064 s0400/1030] loss = 0.000929
[e064 s0450/1030] loss = 0.000918
[e064 s0500/1030] loss = 0.000970
[e064 s0550/1030] loss = 0.000951
[e064 s0600/1030] loss = 0.000988
[e064 s0650/1030] loss = 0.000947
[e064 s0700/1030] loss = 0.000935
[e064 s0750/1030] loss = 0.000921
[e064 s0800/1030] loss = 0.000910
[e064 s0850/1030] loss = 0.000893
[e064 s0900/1030] loss = 0.000878
[e064 s0950/1030] loss = 0.000874
[e064 s1000/1030] loss = 0.000857
Epoch 064: train_loss = 0.000851  MAE/GAME0 = 6.722  RMSE = 19.934  GAME1 = 7.817  GAME2 = 8.748  GAME3 = 9.328  lr = 1.00e-05  time = 16.1s
[e065 s0001/1030] loss = 0.000189
[e065 s0050/1030] loss = 0.000548
[e065 s0100/1030] loss = 0.000580
[e065 s0150/1030] loss = 0.000613
[e065 s0200/1030] loss = 0.000576
[e065 s0250/1030] loss = 0.000573
[e065 s0300/1030] loss = 0.000572
[e065 s0350/1030] loss = 0.000595
[e065 s0400/1030] loss = 0.000593
[e065 s0450/1030] loss = 0.000580
[e065 s0500/1030] loss = 0.000589
[e065 s0550/1030] loss = 0.000612
[e065 s0600/1030] loss = 0.000665
[e065 s0650/1030] loss = 0.000649
[e065 s0700/1030] loss = 0.000659
[e065 s0750/1030] loss = 0.000759
[e065 s0800/1030] loss = 0.000750
[e065 s0850/1030] loss = 0.000767
[e065 s0900/1030] loss = 0.000802
[e065 s0950/1030] loss = 0.000819
[e065 s1000/1030] loss = 0.000810
Epoch 065: train_loss = 0.000804  MAE/GAME0 = 7.204  RMSE = 15.931  GAME1 = 8.284  GAME2 = 9.369  GAME3 = 10.040  lr = 1.00e-05  time = 15.9s
[e066 s0001/1030] loss = 0.000375
[e066 s0050/1030] loss = 0.000814
[e066 s0100/1030] loss = 0.000643
[e066 s0150/1030] loss = 0.000806
[e066 s0200/1030] loss = 0.000776
[e066 s0250/1030] loss = 0.000823
[e066 s0300/1030] loss = 0.000859
[e066 s0350/1030] loss = 0.000814
[e066 s0400/1030] loss = 0.000793
[e066 s0450/1030] loss = 0.000764
[e066 s0500/1030] loss = 0.000766
[e066 s0550/1030] loss = 0.000767
[e066 s0600/1030] loss = 0.000771
[e066 s0650/1030] loss = 0.000757
[e066 s0700/1030] loss = 0.000831
[e066 s0750/1030] loss = 0.000846
[e066 s0800/1030] loss = 0.000931
[e066 s0850/1030] loss = 0.000928
[e066 s0900/1030] loss = 0.000941
[e066 s0950/1030] loss = 0.000924
[e066 s1000/1030] loss = 0.000912
Epoch 066: train_loss = 0.000919  MAE/GAME0 = 6.854  RMSE = 13.902  GAME1 = 7.964  GAME2 = 9.145  GAME3 = 9.866  lr = 1.00e-05  time = 15.9s
[e067 s0001/1030] loss = 0.000201
[e067 s0050/1030] loss = 0.002240
[e067 s0100/1030] loss = 0.001470
[e067 s0150/1030] loss = 0.001189
[e067 s0200/1030] loss = 0.001082
[e067 s0250/1030] loss = 0.001015
[e067 s0300/1030] loss = 0.000974
[e067 s0350/1030] loss = 0.000932
[e067 s0400/1030] loss = 0.000919
[e067 s0450/1030] loss = 0.000930
[e067 s0500/1030] loss = 0.000943
[e067 s0550/1030] loss = 0.000911
[e067 s0600/1030] loss = 0.000871
[e067 s0650/1030] loss = 0.000831
[e067 s0700/1030] loss = 0.000828
[e067 s0750/1030] loss = 0.000813
[e067 s0800/1030] loss = 0.000840
[e067 s0850/1030] loss = 0.000836
[e067 s0900/1030] loss = 0.000859
[e067 s0950/1030] loss = 0.000849
[e067 s1000/1030] loss = 0.000838
Epoch 067: train_loss = 0.000831  MAE/GAME0 = 6.620  RMSE = 12.828  GAME1 = 7.454  GAME2 = 8.367  GAME3 = 8.918  lr = 1.00e-05  time = 16.2s
[e068 s0001/1030] loss = 0.000289
[e068 s0050/1030] loss = 0.000683
[e068 s0100/1030] loss = 0.000755
[e068 s0150/1030] loss = 0.000838
[e068 s0200/1030] loss = 0.000807
[e068 s0250/1030] loss = 0.000737
[e068 s0300/1030] loss = 0.000709
[e068 s0350/1030] loss = 0.000752
[e068 s0400/1030] loss = 0.000749
[e068 s0450/1030] loss = 0.000804
[e068 s0500/1030] loss = 0.000812
[e068 s0550/1030] loss = 0.000793
[e068 s0600/1030] loss = 0.000819
[e068 s0650/1030] loss = 0.000861
[e068 s0700/1030] loss = 0.000834
[e068 s0750/1030] loss = 0.000822
[e068 s0800/1030] loss = 0.000827
[e068 s0850/1030] loss = 0.000813
[e068 s0900/1030] loss = 0.000789
[e068 s0950/1030] loss = 0.000777
[e068 s1000/1030] loss = 0.000795
Epoch 068: train_loss = 0.000785  MAE/GAME0 = 6.529  RMSE = 19.316  GAME1 = 7.426  GAME2 = 8.392  GAME3 = 9.076  lr = 1.00e-05  time = 15.9s
[e069 s0001/1030] loss = 0.000832
[e069 s0050/1030] loss = 0.000947
[e069 s0100/1030] loss = 0.000860
[e069 s0150/1030] loss = 0.001233
[e069 s0200/1030] loss = 0.001244
[e069 s0250/1030] loss = 0.001271
[e069 s0300/1030] loss = 0.001200
[e069 s0350/1030] loss = 0.001289
[e069 s0400/1030] loss = 0.001203
[e069 s0450/1030] loss = 0.001128
[e069 s0500/1030] loss = 0.001143
[e069 s0550/1030] loss = 0.001107
[e069 s0600/1030] loss = 0.001088
[e069 s0650/1030] loss = 0.001082
[e069 s0700/1030] loss = 0.001049
[e069 s0750/1030] loss = 0.001025
[e069 s0800/1030] loss = 0.000996
[e069 s0850/1030] loss = 0.000982
[e069 s0900/1030] loss = 0.000969
[e069 s0950/1030] loss = 0.000961
[e069 s1000/1030] loss = 0.000945
Epoch 069: train_loss = 0.001054  MAE/GAME0 = 7.691  RMSE = 13.847  GAME1 = 8.781  GAME2 = 9.876  GAME3 = 10.530  lr = 1.00e-05  time = 16.2s
[e070 s0001/1030] loss = 0.002686
[e070 s0050/1030] loss = 0.000829
[e070 s0100/1030] loss = 0.001009
[e070 s0150/1030] loss = 0.000924
[e070 s0200/1030] loss = 0.000923
[e070 s0250/1030] loss = 0.000875
[e070 s0300/1030] loss = 0.000803
[e070 s0350/1030] loss = 0.000762
[e070 s0400/1030] loss = 0.000850
[e070 s0450/1030] loss = 0.000924
[e070 s0500/1030] loss = 0.000904
[e070 s0550/1030] loss = 0.000890
[e070 s0600/1030] loss = 0.000924
[e070 s0650/1030] loss = 0.000913
[e070 s0700/1030] loss = 0.000912
[e070 s0750/1030] loss = 0.000904
[e070 s0800/1030] loss = 0.000973
[e070 s0850/1030] loss = 0.000970
[e070 s0900/1030] loss = 0.000965
[e070 s0950/1030] loss = 0.000939
[e070 s1000/1030] loss = 0.000913
Epoch 070: train_loss = 0.000926  MAE/GAME0 = 6.389  RMSE = 14.671  GAME1 = 7.390  GAME2 = 8.323  GAME3 = 8.994  lr = 1.00e-05  time = 15.8s
[e071 s0001/1030] loss = 0.000098
[e071 s0050/1030] loss = 0.000517
[e071 s0100/1030] loss = 0.000631
[e071 s0150/1030] loss = 0.000779
[e071 s0200/1030] loss = 0.000718
[e071 s0250/1030] loss = 0.000748
[e071 s0300/1030] loss = 0.000774
[e071 s0350/1030] loss = 0.000818
[e071 s0400/1030] loss = 0.000865
[e071 s0450/1030] loss = 0.000833
[e071 s0500/1030] loss = 0.000850
[e071 s0550/1030] loss = 0.000817
[e071 s0600/1030] loss = 0.000847
[e071 s0650/1030] loss = 0.000890
[e071 s0700/1030] loss = 0.000875
[e071 s0750/1030] loss = 0.000876
[e071 s0800/1030] loss = 0.000886
[e071 s0850/1030] loss = 0.000867
[e071 s0900/1030] loss = 0.000870
[e071 s0950/1030] loss = 0.000860
[e071 s1000/1030] loss = 0.000861
Epoch 071: train_loss = 0.000877  MAE/GAME0 = 11.639  RMSE = 17.526  GAME1 = 12.575  GAME2 = 13.689  GAME3 = 14.450  lr = 1.00e-05  time = 16.0s
[e072 s0001/1030] loss = 0.002349
[e072 s0050/1030] loss = 0.000789
[e072 s0100/1030] loss = 0.000806
[e072 s0150/1030] loss = 0.000814
[e072 s0200/1030] loss = 0.001493
[e072 s0250/1030] loss = 0.001329
[e072 s0300/1030] loss = 0.001287
[e072 s0350/1030] loss = 0.001290
[e072 s0400/1030] loss = 0.001218
[e072 s0450/1030] loss = 0.001139
[e072 s0500/1030] loss = 0.001097
[e072 s0550/1030] loss = 0.001065
[e072 s0600/1030] loss = 0.001075
[e072 s0650/1030] loss = 0.001037
[e072 s0700/1030] loss = 0.001050
[e072 s0750/1030] loss = 0.001011
[e072 s0800/1030] loss = 0.000996
[e072 s0850/1030] loss = 0.000962
[e072 s0900/1030] loss = 0.000927
[e072 s0950/1030] loss = 0.000907
[e072 s1000/1030] loss = 0.000903
Epoch 072: train_loss = 0.000910  MAE/GAME0 = 7.313  RMSE = 17.223  GAME1 = 8.268  GAME2 = 9.504  GAME3 = 10.220  lr = 1.00e-05  time = 16.2s
[e073 s0001/1030] loss = 0.000303
[e073 s0050/1030] loss = 0.000618
[e073 s0100/1030] loss = 0.000624
[e073 s0150/1030] loss = 0.000670
[e073 s0200/1030] loss = 0.000632
[e073 s0250/1030] loss = 0.000698
[e073 s0300/1030] loss = 0.000796
[e073 s0350/1030] loss = 0.000843
[e073 s0400/1030] loss = 0.000809
[e073 s0450/1030] loss = 0.000839
[e073 s0500/1030] loss = 0.000846
[e073 s0550/1030] loss = 0.000888
[e073 s0600/1030] loss = 0.000889
[e073 s0650/1030] loss = 0.000869
[e073 s0700/1030] loss = 0.000872
[e073 s0750/1030] loss = 0.000871
[e073 s0800/1030] loss = 0.000883
[e073 s0850/1030] loss = 0.000862
[e073 s0900/1030] loss = 0.000844
[e073 s0950/1030] loss = 0.000841
[e073 s1000/1030] loss = 0.000826
Epoch 073: train_loss = 0.000822  MAE/GAME0 = 6.392  RMSE = 16.798  GAME1 = 7.174  GAME2 = 8.256  GAME3 = 8.889  lr = 1.00e-05  time = 16.1s
[e074 s0001/1030] loss = 0.000548
[e074 s0050/1030] loss = 0.000542
[e074 s0100/1030] loss = 0.000749
[e074 s0150/1030] loss = 0.000632
[e074 s0200/1030] loss = 0.000868
[e074 s0250/1030] loss = 0.000911
[e074 s0300/1030] loss = 0.000910
[e074 s0350/1030] loss = 0.000932
[e074 s0400/1030] loss = 0.000956
[e074 s0450/1030] loss = 0.000951
[e074 s0500/1030] loss = 0.000934
[e074 s0550/1030] loss = 0.000951
[e074 s0600/1030] loss = 0.000920
[e074 s0650/1030] loss = 0.000916
[e074 s0700/1030] loss = 0.000894
[e074 s0750/1030] loss = 0.000926
[e074 s0800/1030] loss = 0.000899
[e074 s0850/1030] loss = 0.000914
[e074 s0900/1030] loss = 0.000899
[e074 s0950/1030] loss = 0.000987
[e074 s1000/1030] loss = 0.000990
Epoch 074: train_loss = 0.000979  MAE/GAME0 = 5.409  RMSE = 13.061  GAME1 = 6.335  GAME2 = 7.449  GAME3 = 8.144  lr = 1.00e-05  time = 16.3s
[e075 s0001/1030] loss = 0.000072
[e075 s0050/1030] loss = 0.000637
[e075 s0100/1030] loss = 0.000868
[e075 s0150/1030] loss = 0.000812
[e075 s0200/1030] loss = 0.000774
[e075 s0250/1030] loss = 0.000844
[e075 s0300/1030] loss = 0.000828
[e075 s0350/1030] loss = 0.000787
[e075 s0400/1030] loss = 0.000933
[e075 s0450/1030] loss = 0.000968
[e075 s0500/1030] loss = 0.000961
[e075 s0550/1030] loss = 0.000941
[e075 s0600/1030] loss = 0.000910
[e075 s0650/1030] loss = 0.000891
[e075 s0700/1030] loss = 0.000870
[e075 s0750/1030] loss = 0.000855
[e075 s0800/1030] loss = 0.000826
[e075 s0850/1030] loss = 0.000850
[e075 s0900/1030] loss = 0.000823
[e075 s0950/1030] loss = 0.000806
[e075 s1000/1030] loss = 0.000807
Epoch 075: train_loss = 0.000794  MAE/GAME0 = 7.262  RMSE = 17.282  GAME1 = 7.922  GAME2 = 8.640  GAME3 = 9.052  lr = 1.00e-05  time = 16.0s
[e076 s0001/1030] loss = 0.000273
[e076 s0050/1030] loss = 0.000892
[e076 s0100/1030] loss = 0.000807
[e076 s0150/1030] loss = 0.000856
[e076 s0200/1030] loss = 0.000885
[e076 s0250/1030] loss = 0.000868
[e076 s0300/1030] loss = 0.000872
[e076 s0350/1030] loss = 0.000879
[e076 s0400/1030] loss = 0.000853
[e076 s0450/1030] loss = 0.000817
[e076 s0500/1030] loss = 0.001022
[e076 s0550/1030] loss = 0.001101
[e076 s0600/1030] loss = 0.001092
[e076 s0650/1030] loss = 0.001068
[e076 s0700/1030] loss = 0.001148
[e076 s0750/1030] loss = 0.001140
[e076 s0800/1030] loss = 0.001112
[e076 s0850/1030] loss = 0.001152
[e076 s0900/1030] loss = 0.001126
[e076 s0950/1030] loss = 0.001104
[e076 s1000/1030] loss = 0.001077
Epoch 076: train_loss = 0.001071  MAE/GAME0 = 6.711  RMSE = 11.680  GAME1 = 7.418  GAME2 = 8.587  GAME3 = 9.286  lr = 1.00e-05  time = 16.2s
[e077 s0001/1030] loss = 0.000357
[e077 s0050/1030] loss = 0.000795
[e077 s0100/1030] loss = 0.000890
[e077 s0150/1030] loss = 0.001001
[e077 s0200/1030] loss = 0.001249
[e077 s0250/1030] loss = 0.001057
[e077 s0300/1030] loss = 0.000976
[e077 s0350/1030] loss = 0.000900
[e077 s0400/1030] loss = 0.000846
[e077 s0450/1030] loss = 0.000855
[e077 s0500/1030] loss = 0.000867
[e077 s0550/1030] loss = 0.000851
[e077 s0600/1030] loss = 0.000861
[e077 s0650/1030] loss = 0.000920
[e077 s0700/1030] loss = 0.000914
[e077 s0750/1030] loss = 0.000923
[e077 s0800/1030] loss = 0.001077
[e077 s0850/1030] loss = 0.001051
[e077 s0900/1030] loss = 0.001025
[e077 s0950/1030] loss = 0.001032
[e077 s1000/1030] loss = 0.001011
Epoch 077: train_loss = 0.001011  MAE/GAME0 = 10.428  RMSE = 16.543  GAME1 = 11.473  GAME2 = 12.469  GAME3 = 13.115  lr = 1.00e-05  time = 16.0s
[e078 s0001/1030] loss = 0.000351
[e078 s0050/1030] loss = 0.000848
[e078 s0100/1030] loss = 0.001782
[e078 s0150/1030] loss = 0.001621
[e078 s0200/1030] loss = 0.001357
[e078 s0250/1030] loss = 0.001174
[e078 s0300/1030] loss = 0.001127
[e078 s0350/1030] loss = 0.001062
[e078 s0400/1030] loss = 0.000988
[e078 s0450/1030] loss = 0.001060
[e078 s0500/1030] loss = 0.001029
[e078 s0550/1030] loss = 0.001121
[e078 s0600/1030] loss = 0.001109
[e078 s0650/1030] loss = 0.001064
[e078 s0700/1030] loss = 0.001055
[e078 s0750/1030] loss = 0.001018
[e078 s0800/1030] loss = 0.000991
[e078 s0850/1030] loss = 0.001010
[e078 s0900/1030] loss = 0.000985
[e078 s0950/1030] loss = 0.000956
[e078 s1000/1030] loss = 0.000931
Epoch 078: train_loss = 0.000923  MAE/GAME0 = 7.104  RMSE = 13.669  GAME1 = 8.351  GAME2 = 9.518  GAME3 = 10.119  lr = 1.00e-05  time = 15.9s
[e079 s0001/1030] loss = 0.000122
[e079 s0050/1030] loss = 0.000584
[e079 s0100/1030] loss = 0.000685
[e079 s0150/1030] loss = 0.000691
[e079 s0200/1030] loss = 0.000695
[e079 s0250/1030] loss = 0.000711
[e079 s0300/1030] loss = 0.000791
[e079 s0350/1030] loss = 0.000796
[e079 s0400/1030] loss = 0.000779
[e079 s0450/1030] loss = 0.000767
[e079 s0500/1030] loss = 0.000936
[e079 s0550/1030] loss = 0.000932
[e079 s0600/1030] loss = 0.000911
[e079 s0650/1030] loss = 0.000915
[e079 s0700/1030] loss = 0.000872
[e079 s0750/1030] loss = 0.000860
[e079 s0800/1030] loss = 0.000861
[e079 s0850/1030] loss = 0.000877
[e079 s0900/1030] loss = 0.000908
[e079 s0950/1030] loss = 0.000910
[e079 s1000/1030] loss = 0.000939
Epoch 079: train_loss = 0.000927  MAE/GAME0 = 6.831  RMSE = 15.655  GAME1 = 7.500  GAME2 = 8.250  GAME3 = 8.681  lr = 1.00e-05  time = 15.9s
[e080 s0001/1030] loss = 0.000284
[e080 s0050/1030] loss = 0.000659
[e080 s0100/1030] loss = 0.000623
[e080 s0150/1030] loss = 0.000708
[e080 s0200/1030] loss = 0.000648
[e080 s0250/1030] loss = 0.000683
[e080 s0300/1030] loss = 0.000670
[e080 s0350/1030] loss = 0.000635
[e080 s0400/1030] loss = 0.000677
[e080 s0450/1030] loss = 0.000664
[e080 s0500/1030] loss = 0.000656
[e080 s0550/1030] loss = 0.000822
[e080 s0600/1030] loss = 0.000789
[e080 s0650/1030] loss = 0.000789
[e080 s0700/1030] loss = 0.000768
[e080 s0750/1030] loss = 0.000756
[e080 s0800/1030] loss = 0.000750
[e080 s0850/1030] loss = 0.000756
[e080 s0900/1030] loss = 0.000818
[e080 s0950/1030] loss = 0.000814
[e080 s1000/1030] loss = 0.000815
Epoch 080: train_loss = 0.000803  MAE/GAME0 = 6.301  RMSE = 14.428  GAME1 = 7.272  GAME2 = 8.406  GAME3 = 9.115  lr = 1.00e-05  time = 16.0s
[e081 s0001/1030] loss = 0.000086
[e081 s0050/1030] loss = 0.001150
[e081 s0100/1030] loss = 0.001041
[e081 s0150/1030] loss = 0.001014
[e081 s0200/1030] loss = 0.000984
[e081 s0250/1030] loss = 0.001018
[e081 s0300/1030] loss = 0.000986
[e081 s0350/1030] loss = 0.000909
[e081 s0400/1030] loss = 0.000903
[e081 s0450/1030] loss = 0.000882
[e081 s0500/1030] loss = 0.000856
[e081 s0550/1030] loss = 0.000840
[e081 s0600/1030] loss = 0.000916
[e081 s0650/1030] loss = 0.000910
[e081 s0700/1030] loss = 0.000886
[e081 s0750/1030] loss = 0.000866
[e081 s0800/1030] loss = 0.000846
[e081 s0850/1030] loss = 0.000839
[e081 s0900/1030] loss = 0.000843
[e081 s0950/1030] loss = 0.000834
[e081 s1000/1030] loss = 0.000829
Epoch 081: train_loss = 0.000837  MAE/GAME0 = 8.262  RMSE = 18.703  GAME1 = 9.576  GAME2 = 10.774  GAME3 = 11.514  lr = 1.00e-05  time = 16.1s
[e082 s0001/1030] loss = 0.000135
[e082 s0050/1030] loss = 0.001114
[e082 s0100/1030] loss = 0.001040
[e082 s0150/1030] loss = 0.001113
[e082 s0200/1030] loss = 0.001724
[e082 s0250/1030] loss = 0.001500
[e082 s0300/1030] loss = 0.001336
[e082 s0350/1030] loss = 0.001233
[e082 s0400/1030] loss = 0.001159
[e082 s0450/1030] loss = 0.001128
[e082 s0500/1030] loss = 0.001124
[e082 s0550/1030] loss = 0.001325
[e082 s0600/1030] loss = 0.001264
[e082 s0650/1030] loss = 0.001221
[e082 s0700/1030] loss = 0.001179
[e082 s0750/1030] loss = 0.001151
[e082 s0800/1030] loss = 0.001104
[e082 s0850/1030] loss = 0.001078
[e082 s0900/1030] loss = 0.001049
[e082 s0950/1030] loss = 0.001040
[e082 s1000/1030] loss = 0.001020
Epoch 082: train_loss = 0.001000  MAE/GAME0 = 6.032  RMSE = 13.196  GAME1 = 7.127  GAME2 = 8.172  GAME3 = 8.864  lr = 1.00e-05  time = 16.2s
[e083 s0001/1030] loss = 0.000256
[e083 s0050/1030] loss = 0.000494
[e083 s0100/1030] loss = 0.000550
[e083 s0150/1030] loss = 0.000681
[e083 s0200/1030] loss = 0.000686
[e083 s0250/1030] loss = 0.000704
[e083 s0300/1030] loss = 0.000652
[e083 s0350/1030] loss = 0.000664
[e083 s0400/1030] loss = 0.000889
[e083 s0450/1030] loss = 0.000889
[e083 s0500/1030] loss = 0.000875
[e083 s0550/1030] loss = 0.000920
[e083 s0600/1030] loss = 0.000935
[e083 s0650/1030] loss = 0.000910
[e083 s0700/1030] loss = 0.000894
[e083 s0750/1030] loss = 0.000873
[e083 s0800/1030] loss = 0.000946
[e083 s0850/1030] loss = 0.000957
[e083 s0900/1030] loss = 0.000949
[e083 s0950/1030] loss = 0.000946
[e083 s1000/1030] loss = 0.000947
Epoch 083: train_loss = 0.000931  MAE/GAME0 = 8.094  RMSE = 21.553  GAME1 = 9.003  GAME2 = 9.759  GAME3 = 10.262  lr = 1.00e-05  time = 15.9s
[e084 s0001/1030] loss = 0.000075
[e084 s0050/1030] loss = 0.000309
[e084 s0100/1030] loss = 0.000343
[e084 s0150/1030] loss = 0.000597
[e084 s0200/1030] loss = 0.000608
[e084 s0250/1030] loss = 0.000693
[e084 s0300/1030] loss = 0.000725
[e084 s0350/1030] loss = 0.000695
[e084 s0400/1030] loss = 0.000714
[e084 s0450/1030] loss = 0.000713
[e084 s0500/1030] loss = 0.000694
[e084 s0550/1030] loss = 0.000676
[e084 s0600/1030] loss = 0.000699
[e084 s0650/1030] loss = 0.000696
[e084 s0700/1030] loss = 0.000687
[e084 s0750/1030] loss = 0.000677
[e084 s0800/1030] loss = 0.000693
[e084 s0850/1030] loss = 0.000681
[e084 s0900/1030] loss = 0.000677
[e084 s0950/1030] loss = 0.000716
[e084 s1000/1030] loss = 0.000801
Epoch 084: train_loss = 0.000802  MAE/GAME0 = 6.572  RMSE = 11.932  GAME1 = 7.345  GAME2 = 8.476  GAME3 = 9.115  lr = 1.00e-05  time = 15.7s
[e085 s0001/1030] loss = 0.001035
[e085 s0050/1030] loss = 0.000867
[e085 s0100/1030] loss = 0.000737
[e085 s0150/1030] loss = 0.000771
[e085 s0200/1030] loss = 0.000790
[e085 s0250/1030] loss = 0.000985
[e085 s0300/1030] loss = 0.000999
[e085 s0350/1030] loss = 0.000922
[e085 s0400/1030] loss = 0.000882
[e085 s0450/1030] loss = 0.000934
[e085 s0500/1030] loss = 0.000922
[e085 s0550/1030] loss = 0.000913
[e085 s0600/1030] loss = 0.000904
[e085 s0650/1030] loss = 0.000879
[e085 s0700/1030] loss = 0.000864
[e085 s0750/1030] loss = 0.000857
[e085 s0800/1030] loss = 0.000845
[e085 s0850/1030] loss = 0.000833
[e085 s0900/1030] loss = 0.000838
[e085 s0950/1030] loss = 0.000885
[e085 s1000/1030] loss = 0.000887
Epoch 085: train_loss = 0.000959  MAE/GAME0 = 5.638  RMSE = 8.816  GAME1 = 6.640  GAME2 = 7.688  GAME3 = 8.385  lr = 1.00e-05  time = 15.8s
[e086 s0001/1030] loss = 0.000053
[e086 s0050/1030] loss = 0.000900
[e086 s0100/1030] loss = 0.000772
[e086 s0150/1030] loss = 0.000702
[e086 s0200/1030] loss = 0.000636
[e086 s0250/1030] loss = 0.000627
[e086 s0300/1030] loss = 0.000720
[e086 s0350/1030] loss = 0.000701
[e086 s0400/1030] loss = 0.000937
[e086 s0450/1030] loss = 0.000951
[e086 s0500/1030] loss = 0.000930
[e086 s0550/1030] loss = 0.000932
[e086 s0600/1030] loss = 0.000913
[e086 s0650/1030] loss = 0.000890
[e086 s0700/1030] loss = 0.000878
[e086 s0750/1030] loss = 0.000851
[e086 s0800/1030] loss = 0.000837
[e086 s0850/1030] loss = 0.000853
[e086 s0900/1030] loss = 0.000839
[e086 s0950/1030] loss = 0.000831
[e086 s1000/1030] loss = 0.000822
Epoch 086: train_loss = 0.000818  MAE/GAME0 = 6.919  RMSE = 15.888  GAME1 = 7.602  GAME2 = 8.311  GAME3 = 8.829  lr = 1.00e-05  time = 16.1s
[e087 s0001/1030] loss = 0.000512
[e087 s0050/1030] loss = 0.000991
[e087 s0100/1030] loss = 0.001110
[e087 s0150/1030] loss = 0.001024
[e087 s0200/1030] loss = 0.000983
[e087 s0250/1030] loss = 0.000970
[e087 s0300/1030] loss = 0.000985
[e087 s0350/1030] loss = 0.000942
[e087 s0400/1030] loss = 0.000977
[e087 s0450/1030] loss = 0.000999
[e087 s0500/1030] loss = 0.001052
[e087 s0550/1030] loss = 0.001216
[e087 s0600/1030] loss = 0.001206
[e087 s0650/1030] loss = 0.001167
[e087 s0700/1030] loss = 0.001118
[e087 s0750/1030] loss = 0.001077
[e087 s0800/1030] loss = 0.001045
[e087 s0850/1030] loss = 0.001015
[e087 s0900/1030] loss = 0.001016
[e087 s0950/1030] loss = 0.000991
[e087 s1000/1030] loss = 0.000983
Epoch 087: train_loss = 0.000966  MAE/GAME0 = 6.322  RMSE = 13.243  GAME1 = 7.262  GAME2 = 8.160  GAME3 = 8.816  lr = 1.00e-05  time = 16.1s
[e088 s0001/1030] loss = 0.000213
[e088 s0050/1030] loss = 0.000590
[e088 s0100/1030] loss = 0.000555
[e088 s0150/1030] loss = 0.000604
[e088 s0200/1030] loss = 0.000631
[e088 s0250/1030] loss = 0.000656
[e088 s0300/1030] loss = 0.000736
[e088 s0350/1030] loss = 0.000709
[e088 s0400/1030] loss = 0.000827
[e088 s0450/1030] loss = 0.000820
[e088 s0500/1030] loss = 0.000822
[e088 s0550/1030] loss = 0.000795
[e088 s0600/1030] loss = 0.000770
[e088 s0650/1030] loss = 0.000767
[e088 s0700/1030] loss = 0.000776
[e088 s0750/1030] loss = 0.000764
[e088 s0800/1030] loss = 0.000750
[e088 s0850/1030] loss = 0.000865
[e088 s0900/1030] loss = 0.000889
[e088 s0950/1030] loss = 0.000901
[e088 s1000/1030] loss = 0.000900
Epoch 088: train_loss = 0.000892  MAE/GAME0 = 5.893  RMSE = 11.063  GAME1 = 6.856  GAME2 = 8.032  GAME3 = 8.672  lr = 1.00e-05  time = 15.8s
[e089 s0001/1030] loss = 0.000186
[e089 s0050/1030] loss = 0.000562
[e089 s0100/1030] loss = 0.000729
[e089 s0150/1030] loss = 0.000737
[e089 s0200/1030] loss = 0.000749
[e089 s0250/1030] loss = 0.000757
[e089 s0300/1030] loss = 0.001042
[e089 s0350/1030] loss = 0.000970
[e089 s0400/1030] loss = 0.000948
[e089 s0450/1030] loss = 0.000991
[e089 s0500/1030] loss = 0.000962
[e089 s0550/1030] loss = 0.000925
[e089 s0600/1030] loss = 0.000892
[e089 s0650/1030] loss = 0.000883
[e089 s0700/1030] loss = 0.000867
[e089 s0750/1030] loss = 0.000837
[e089 s0800/1030] loss = 0.000837
[e089 s0850/1030] loss = 0.000856
[e089 s0900/1030] loss = 0.000847
[e089 s0950/1030] loss = 0.000836
[e089 s1000/1030] loss = 0.000841
Epoch 089: train_loss = 0.000831  MAE/GAME0 = 5.566  RMSE = 8.842  GAME1 = 6.531  GAME2 = 7.607  GAME3 = 8.236  lr = 1.00e-05  time = 16.0s
[e090 s0001/1030] loss = 0.000175
[e090 s0050/1030] loss = 0.000513
[e090 s0100/1030] loss = 0.000769
[e090 s0150/1030] loss = 0.000793
[e090 s0200/1030] loss = 0.000989
[e090 s0250/1030] loss = 0.000969
[e090 s0300/1030] loss = 0.000907
[e090 s0350/1030] loss = 0.000904
[e090 s0400/1030] loss = 0.000905
[e090 s0450/1030] loss = 0.000942
[e090 s0500/1030] loss = 0.000940
[e090 s0550/1030] loss = 0.000996
[e090 s0600/1030] loss = 0.000948
[e090 s0650/1030] loss = 0.000919
[e090 s0700/1030] loss = 0.000910
[e090 s0750/1030] loss = 0.000917
[e090 s0800/1030] loss = 0.000890
[e090 s0850/1030] loss = 0.000896
[e090 s0900/1030] loss = 0.000903
[e090 s0950/1030] loss = 0.000904
[e090 s1000/1030] loss = 0.000954
Epoch 090: train_loss = 0.000955  MAE/GAME0 = 8.165  RMSE = 13.676  GAME1 = 8.923  GAME2 = 9.919  GAME3 = 10.728  lr = 1.00e-05  time = 16.3s
[e091 s0001/1030] loss = 0.000122
[e091 s0050/1030] loss = 0.000739
[e091 s0100/1030] loss = 0.000702
[e091 s0150/1030] loss = 0.000706
[e091 s0200/1030] loss = 0.000790
[e091 s0250/1030] loss = 0.000740
[e091 s0300/1030] loss = 0.000689
[e091 s0350/1030] loss = 0.000722
[e091 s0400/1030] loss = 0.000702
[e091 s0450/1030] loss = 0.000701
[e091 s0500/1030] loss = 0.000722
[e091 s0550/1030] loss = 0.000757
[e091 s0600/1030] loss = 0.000766
[e091 s0650/1030] loss = 0.000749
[e091 s0700/1030] loss = 0.000747
[e091 s0750/1030] loss = 0.000737
[e091 s0800/1030] loss = 0.000743
[e091 s0850/1030] loss = 0.000740
[e091 s0900/1030] loss = 0.000765
[e091 s0950/1030] loss = 0.000819
[e091 s1000/1030] loss = 0.000802
Epoch 091: train_loss = 0.000808  MAE/GAME0 = 8.725  RMSE = 11.646  GAME1 = 9.638  GAME2 = 10.671  GAME3 = 11.375  lr = 1.00e-05  time = 16.1s
[e092 s0001/1030] loss = 0.002673
[e092 s0050/1030] loss = 0.001033
[e092 s0100/1030] loss = 0.001360
[e092 s0150/1030] loss = 0.002241
[e092 s0200/1030] loss = 0.001821
[e092 s0250/1030] loss = 0.001720
[e092 s0300/1030] loss = 0.001529
[e092 s0350/1030] loss = 0.001478
[e092 s0400/1030] loss = 0.001457
[e092 s0450/1030] loss = 0.001350
[e092 s0500/1030] loss = 0.001262
[e092 s0550/1030] loss = 0.001217
[e092 s0600/1030] loss = 0.001156
[e092 s0650/1030] loss = 0.001124
[e092 s0700/1030] loss = 0.001114
[e092 s0750/1030] loss = 0.001092
[e092 s0800/1030] loss = 0.001051
[e092 s0850/1030] loss = 0.001049
[e092 s0900/1030] loss = 0.001045
[e092 s0950/1030] loss = 0.001035
[e092 s1000/1030] loss = 0.001033
Epoch 092: train_loss = 0.001015  MAE/GAME0 = 6.132  RMSE = 10.995  GAME1 = 6.895  GAME2 = 7.762  GAME3 = 8.236  lr = 1.00e-05  time = 16.0s
[e093 s0001/1030] loss = 0.000800
[e093 s0050/1030] loss = 0.000918
[e093 s0100/1030] loss = 0.000757
[e093 s0150/1030] loss = 0.000707
[e093 s0200/1030] loss = 0.000742
[e093 s0250/1030] loss = 0.000904
[e093 s0300/1030] loss = 0.000992
[e093 s0350/1030] loss = 0.000938
[e093 s0400/1030] loss = 0.000924
[e093 s0450/1030] loss = 0.000886
[e093 s0500/1030] loss = 0.000853
[e093 s0550/1030] loss = 0.000841
[e093 s0600/1030] loss = 0.000826
[e093 s0650/1030] loss = 0.000823
[e093 s0700/1030] loss = 0.000816
[e093 s0750/1030] loss = 0.000805
[e093 s0800/1030] loss = 0.000795
[e093 s0850/1030] loss = 0.000799
[e093 s0900/1030] loss = 0.000799
[e093 s0950/1030] loss = 0.000782
[e093 s1000/1030] loss = 0.000776
Epoch 093: train_loss = 0.000792  MAE/GAME0 = 5.719  RMSE = 11.882  GAME1 = 6.650  GAME2 = 7.632  GAME3 = 8.231  lr = 1.00e-05  time = 15.9s
[e094 s0001/1030] loss = 0.000115
[e094 s0050/1030] loss = 0.001172
[e094 s0100/1030] loss = 0.000875
[e094 s0150/1030] loss = 0.000785
[e094 s0200/1030] loss = 0.001896
[e094 s0250/1030] loss = 0.001638
[e094 s0300/1030] loss = 0.001586
[e094 s0350/1030] loss = 0.001570
[e094 s0400/1030] loss = 0.001440
[e094 s0450/1030] loss = 0.001338
[e094 s0500/1030] loss = 0.001284
[e094 s0550/1030] loss = 0.001302
[e094 s0600/1030] loss = 0.001248
[e094 s0650/1030] loss = 0.001211
[e094 s0700/1030] loss = 0.001192
[e094 s0750/1030] loss = 0.001157
[e094 s0800/1030] loss = 0.001211
[e094 s0850/1030] loss = 0.001170
[e094 s0900/1030] loss = 0.001130
[e094 s0950/1030] loss = 0.001094
[e094 s1000/1030] loss = 0.001104
Epoch 094: train_loss = 0.001109  MAE/GAME0 = 5.446  RMSE = 10.597  GAME1 = 6.456  GAME2 = 7.301  GAME3 = 7.938  lr = 1.00e-05  time = 15.9s
[e095 s0001/1030] loss = 0.000342
[e095 s0050/1030] loss = 0.001728
[e095 s0100/1030] loss = 0.001176
[e095 s0150/1030] loss = 0.000995
[e095 s0200/1030] loss = 0.000899
[e095 s0250/1030] loss = 0.000836
[e095 s0300/1030] loss = 0.000870
[e095 s0350/1030] loss = 0.000891
[e095 s0400/1030] loss = 0.000919
[e095 s0450/1030] loss = 0.000951
[e095 s0500/1030] loss = 0.000937
[e095 s0550/1030] loss = 0.000933
[e095 s0600/1030] loss = 0.000921
[e095 s0650/1030] loss = 0.000888
[e095 s0700/1030] loss = 0.000872
[e095 s0750/1030] loss = 0.000893
[e095 s0800/1030] loss = 0.000996
[e095 s0850/1030] loss = 0.000968
[e095 s0900/1030] loss = 0.000985
[e095 s0950/1030] loss = 0.000995
[e095 s1000/1030] loss = 0.000983
Epoch 095: train_loss = 0.000995  MAE/GAME0 = 6.930  RMSE = 17.040  GAME1 = 7.779  GAME2 = 8.430  GAME3 = 8.931  lr = 1.00e-05  time = 15.9s
[e096 s0001/1030] loss = 0.000079
[e096 s0050/1030] loss = 0.000386
[e096 s0100/1030] loss = 0.000418
[e096 s0150/1030] loss = 0.000530
[e096 s0200/1030] loss = 0.000519
[e096 s0250/1030] loss = 0.000513
[e096 s0300/1030] loss = 0.000724
[e096 s0350/1030] loss = 0.001078
[e096 s0400/1030] loss = 0.001028
[e096 s0450/1030] loss = 0.001040
[e096 s0500/1030] loss = 0.001016
[e096 s0550/1030] loss = 0.001066
[e096 s0600/1030] loss = 0.001118
[e096 s0650/1030] loss = 0.001093
[e096 s0700/1030] loss = 0.001099
[e096 s0750/1030] loss = 0.001088
[e096 s0800/1030] loss = 0.001065
[e096 s0850/1030] loss = 0.001048
[e096 s0900/1030] loss = 0.001034
[e096 s0950/1030] loss = 0.001027
[e096 s1000/1030] loss = 0.001026
Epoch 096: train_loss = 0.001006  MAE/GAME0 = 6.037  RMSE = 11.119  GAME1 = 6.781  GAME2 = 7.618  GAME3 = 8.099  lr = 1.00e-05  time = 15.9s
[e097 s0001/1030] loss = 0.000437
[e097 s0050/1030] loss = 0.000652
[e097 s0100/1030] loss = 0.000715
[e097 s0150/1030] loss = 0.000742
[e097 s0200/1030] loss = 0.000740
[e097 s0250/1030] loss = 0.000851
[e097 s0300/1030] loss = 0.000836
[e097 s0350/1030] loss = 0.000938
[e097 s0400/1030] loss = 0.000908
[e097 s0450/1030] loss = 0.000890
[e097 s0500/1030] loss = 0.000860
[e097 s0550/1030] loss = 0.000909
[e097 s0600/1030] loss = 0.000896
[e097 s0650/1030] loss = 0.000913
[e097 s0700/1030] loss = 0.001036
[e097 s0750/1030] loss = 0.001027
[e097 s0800/1030] loss = 0.001007
[e097 s0850/1030] loss = 0.000989
[e097 s0900/1030] loss = 0.000977
[e097 s0950/1030] loss = 0.000953
[e097 s1000/1030] loss = 0.000935
Epoch 097: train_loss = 0.000925  MAE/GAME0 = 6.286  RMSE = 10.760  GAME1 = 7.269  GAME2 = 8.358  GAME3 = 9.118  lr = 1.00e-05  time = 16.0s
[e098 s0001/1030] loss = 0.000067
[e098 s0050/1030] loss = 0.000874
[e098 s0100/1030] loss = 0.001265
[e098 s0150/1030] loss = 0.001006
[e098 s0200/1030] loss = 0.001095
[e098 s0250/1030] loss = 0.001082
[e098 s0300/1030] loss = 0.000995
[e098 s0350/1030] loss = 0.000933
[e098 s0400/1030] loss = 0.000869
[e098 s0450/1030] loss = 0.000855
[e098 s0500/1030] loss = 0.000910
[e098 s0550/1030] loss = 0.000924
[e098 s0600/1030] loss = 0.000888
[e098 s0650/1030] loss = 0.000863
[e098 s0700/1030] loss = 0.000845
[e098 s0750/1030] loss = 0.000862
[e098 s0800/1030] loss = 0.000845
[e098 s0850/1030] loss = 0.000841
[e098 s0900/1030] loss = 0.000839
[e098 s0950/1030] loss = 0.000842
[e098 s1000/1030] loss = 0.000894
Epoch 098: train_loss = 0.000900  MAE/GAME0 = 7.699  RMSE = 10.920  GAME1 = 8.640  GAME2 = 9.731  GAME3 = 10.451  lr = 1.00e-05  time = 16.0s
[e099 s0001/1030] loss = 0.000982
[e099 s0050/1030] loss = 0.000480
[e099 s0100/1030] loss = 0.000494
[e099 s0150/1030] loss = 0.000543
[e099 s0200/1030] loss = 0.001231
[e099 s0250/1030] loss = 0.001131
[e099 s0300/1030] loss = 0.001031
[e099 s0350/1030] loss = 0.000982
[e099 s0400/1030] loss = 0.001004
[e099 s0450/1030] loss = 0.001009
[e099 s0500/1030] loss = 0.000965
[e099 s0550/1030] loss = 0.000936
[e099 s0600/1030] loss = 0.001176
[e099 s0650/1030] loss = 0.001120
[e099 s0700/1030] loss = 0.001138
[e099 s0750/1030] loss = 0.001099
[e099 s0800/1030] loss = 0.001095
[e099 s0850/1030] loss = 0.001065
[e099 s0900/1030] loss = 0.001040
[e099 s0950/1030] loss = 0.001020
[e099 s1000/1030] loss = 0.001068
Epoch 099: train_loss = 0.001054  MAE/GAME0 = 6.235  RMSE = 9.314  GAME1 = 7.228  GAME2 = 8.275  GAME3 = 8.977  lr = 1.00e-05  time = 16.0s
[e100 s0001/1030] loss = 0.000053
[e100 s0050/1030] loss = 0.000601
[e100 s0100/1030] loss = 0.000570
[e100 s0150/1030] loss = 0.000624
[e100 s0200/1030] loss = 0.000609
[e100 s0250/1030] loss = 0.000599
[e100 s0300/1030] loss = 0.000812
[e100 s0350/1030] loss = 0.000852
[e100 s0400/1030] loss = 0.000827
[e100 s0450/1030] loss = 0.000789
[e100 s0500/1030] loss = 0.000790
[e100 s0550/1030] loss = 0.000767
[e100 s0600/1030] loss = 0.000734
[e100 s0650/1030] loss = 0.000756
[e100 s0700/1030] loss = 0.000792
[e100 s0750/1030] loss = 0.000792
[e100 s0800/1030] loss = 0.000816
[e100 s0850/1030] loss = 0.000835
[e100 s0900/1030] loss = 0.000831
[e100 s0950/1030] loss = 0.000845
[e100 s1000/1030] loss = 0.000952
Epoch 100: train_loss = 0.000971  MAE/GAME0 = 5.685  RMSE = 13.142  GAME1 = 6.552  GAME2 = 7.371  GAME3 = 7.898  lr = 1.00e-05  time = 16.0s
[done] best_mae = 5.029  best_path = /scratch/users/ntu/kenneth0/FYP-SmartObjectCounter/outputs/rgbt_late_e100/12749846.pbs101_20260117_023739/best.pth
