[log] /scratch/users/ntu/kenneth0/FYP-SmartObjectCounter/logs/train_rgbt_rgb_e100_sanity_12791762.pbs101_20260126_164027.log
[job] name=train_rgbt_rgb_e100_sanity id=12791762.pbs101 host=x1000c2s2b0n1 time=Mon Jan 26 16:40:27 +08 2026
torch 2.6.0+cu118 cuda True
[init] device = cuda
[init] train = 1030  val = 200  workers = 4
/scratch/users/ntu/kenneth0/FYP-SmartObjectCounter/scripts/train_rgbt.py:384: FutureWarning: `torch.cuda.amp.GradScaler(args...)` is deprecated. Please use `torch.amp.GradScaler('cuda', args...)` instead.
  scaler = GradScaler(enabled = bool(args.amp))
[e001 s0001/1030] loss = 786.611694
[e001 s0050/1030] loss = 25.077694
[e001 s0100/1030] loss = 12.558241
[e001 s0150/1030] loss = 8.389758
[e001 s0200/1030] loss = 6.302430
[e001 s0250/1030] loss = 5.051114
[e001 s0300/1030] loss = 4.214670
[e001 s0350/1030] loss = 3.617483
[e001 s0400/1030] loss = 3.168490
[e001 s0450/1030] loss = 2.821626
[e001 s0500/1030] loss = 2.541982
[e001 s0550/1030] loss = 2.312995
[e001 s0600/1030] loss = 2.122626
[e001 s0650/1030] loss = 1.961378
[e001 s0700/1030] loss = 1.823860
[e001 s0750/1030] loss = 1.703948
[e001 s0800/1030] loss = 1.598603
[e001 s0850/1030] loss = 1.506371
[e001 s0900/1030] loss = 1.423756
[e001 s0950/1030] loss = 1.350459
[e001 s1000/1030] loss = 1.283888
Epoch 001: train_loss = 1.247071  MAE/GAME0 = 22.743  RMSE = 41.730  GAME1 = 23.081  GAME2 = 23.562  GAME3 = 23.819  lr = 1.00e-05  time = 10.4s
[e002 s0001/1030] loss = 0.001051
[e002 s0050/1030] loss = 0.015875
[e002 s0100/1030] loss = 0.017730
[e002 s0150/1030] loss = 0.020236
[e002 s0200/1030] loss = 0.019462
[e002 s0250/1030] loss = 0.020384
[e002 s0300/1030] loss = 0.021668
[e002 s0350/1030] loss = 0.022719
[e002 s0400/1030] loss = 0.022414
[e002 s0450/1030] loss = 0.023672
[e002 s0500/1030] loss = 0.023138
[e002 s0550/1030] loss = 0.022540
[e002 s0600/1030] loss = 0.022674
[e002 s0650/1030] loss = 0.022671
[e002 s0700/1030] loss = 0.022811
[e002 s0750/1030] loss = 0.022445
[e002 s0800/1030] loss = 0.022494
[e002 s0850/1030] loss = 0.022671
[e002 s0900/1030] loss = 0.022404
[e002 s0950/1030] loss = 0.022313
[e002 s1000/1030] loss = 0.022497
Epoch 002: train_loss = 0.022442  MAE/GAME0 = 23.211  RMSE = 42.105  GAME1 = 23.279  GAME2 = 23.342  GAME3 = 23.390  lr = 1.00e-05  time = 7.5s
[e003 s0001/1030] loss = 0.000000
[e003 s0050/1030] loss = 0.020083
[e003 s0100/1030] loss = 0.021084
[e003 s0150/1030] loss = 0.021490
[e003 s0200/1030] loss = 0.025994
[e003 s0250/1030] loss = 0.023634
[e003 s0300/1030] loss = 0.023703
[e003 s0350/1030] loss = 0.022458
[e003 s0400/1030] loss = 0.023087
[e003 s0450/1030] loss = 0.022596
[e003 s0500/1030] loss = 0.022233
[e003 s0550/1030] loss = 0.021633
[e003 s0600/1030] loss = 0.021459
[e003 s0650/1030] loss = 0.021119
[e003 s0700/1030] loss = 0.021266
[e003 s0750/1030] loss = 0.021142
[e003 s0800/1030] loss = 0.020980
[e003 s0850/1030] loss = 0.021334
[e003 s0900/1030] loss = 0.021616
[e003 s0950/1030] loss = 0.021724
[e003 s1000/1030] loss = 0.021514
Epoch 003: train_loss = 0.021573  MAE/GAME0 = 23.274  RMSE = 42.191  GAME1 = 23.292  GAME2 = 23.295  GAME3 = 23.309  lr = 1.00e-05  time = 7.5s
[e004 s0001/1030] loss = 0.003103
[e004 s0050/1030] loss = 0.019853
[e004 s0100/1030] loss = 0.020232
[e004 s0150/1030] loss = 0.020934
[e004 s0200/1030] loss = 0.020900
[e004 s0250/1030] loss = 0.019649
[e004 s0300/1030] loss = 0.020431
[e004 s0350/1030] loss = 0.021356
[e004 s0400/1030] loss = 0.021289
[e004 s0450/1030] loss = 0.021108
[e004 s0500/1030] loss = 0.020605
[e004 s0550/1030] loss = 0.020341
[e004 s0600/1030] loss = 0.020681
[e004 s0650/1030] loss = 0.021118
[e004 s0700/1030] loss = 0.020431
[e004 s0750/1030] loss = 0.020743
[e004 s0800/1030] loss = 0.020789
[e004 s0850/1030] loss = 0.021037
[e004 s0900/1030] loss = 0.020976
[e004 s0950/1030] loss = 0.021523
[e004 s1000/1030] loss = 0.021788
Epoch 004: train_loss = 0.021945  MAE/GAME0 = 23.279  RMSE = 42.228  GAME1 = 23.289  GAME2 = 23.291  GAME3 = 23.295  lr = 1.00e-05  time = 7.4s
[e005 s0001/1030] loss = 0.004229
[e005 s0050/1030] loss = 0.018678
[e005 s0100/1030] loss = 0.017869
[e005 s0150/1030] loss = 0.019263
[e005 s0200/1030] loss = 0.018876
[e005 s0250/1030] loss = 0.020064
[e005 s0300/1030] loss = 0.019432
[e005 s0350/1030] loss = 0.018668
[e005 s0400/1030] loss = 0.019812
[e005 s0450/1030] loss = 0.019501
[e005 s0500/1030] loss = 0.019546
[e005 s0550/1030] loss = 0.019452
[e005 s0600/1030] loss = 0.019113
[e005 s0650/1030] loss = 0.019419
[e005 s0700/1030] loss = 0.019370
[e005 s0750/1030] loss = 0.019508
[e005 s0800/1030] loss = 0.019074
[e005 s0850/1030] loss = 0.019095
[e005 s0900/1030] loss = 0.019079
[e005 s0950/1030] loss = 0.019022
[e005 s1000/1030] loss = 0.019291
Epoch 005: train_loss = 0.019186  MAE/GAME0 = 23.275  RMSE = 42.233  GAME1 = 23.285  GAME2 = 23.285  GAME3 = 23.288  lr = 1.00e-05  time = 7.4s
[e006 s0001/1030] loss = 0.001051
[e006 s0050/1030] loss = 0.016815
[e006 s0100/1030] loss = 0.018000
[e006 s0150/1030] loss = 0.018290
[e006 s0200/1030] loss = 0.018951
[e006 s0250/1030] loss = 0.018600
[e006 s0300/1030] loss = 0.018388
[e006 s0350/1030] loss = 0.018528
[e006 s0400/1030] loss = 0.021072
[e006 s0450/1030] loss = 0.020623
[e006 s0500/1030] loss = 0.020387
[e006 s0550/1030] loss = 0.020406
[e006 s0600/1030] loss = 0.020068
[e006 s0650/1030] loss = 0.021250
[e006 s0700/1030] loss = 0.021540
[e006 s0750/1030] loss = 0.021868
[e006 s0800/1030] loss = 0.022090
[e006 s0850/1030] loss = 0.021677
[e006 s0900/1030] loss = 0.021732
[e006 s0950/1030] loss = 0.022005
[e006 s1000/1030] loss = 0.022164
Epoch 006: train_loss = 0.022170  MAE/GAME0 = 23.272  RMSE = 42.250  GAME1 = 23.282  GAME2 = 23.282  GAME3 = 23.282  lr = 1.00e-05  time = 7.6s
[e007 s0001/1030] loss = 0.071252
[e007 s0050/1030] loss = 0.022971
[e007 s0100/1030] loss = 0.022930
[e007 s0150/1030] loss = 0.021045
[e007 s0200/1030] loss = 0.020871
[e007 s0250/1030] loss = 0.021376
[e007 s0300/1030] loss = 0.021129
[e007 s0350/1030] loss = 0.022234
[e007 s0400/1030] loss = 0.022947
[e007 s0450/1030] loss = 0.023717
[e007 s0500/1030] loss = 0.023356
[e007 s0550/1030] loss = 0.023203
[e007 s0600/1030] loss = 0.022736
[e007 s0650/1030] loss = 0.022301
[e007 s0700/1030] loss = 0.021869
[e007 s0750/1030] loss = 0.021597
[e007 s0800/1030] loss = 0.021249
[e007 s0850/1030] loss = 0.021090
[e007 s0900/1030] loss = 0.021255
[e007 s0950/1030] loss = 0.021355
[e007 s1000/1030] loss = 0.021429
Epoch 007: train_loss = 0.021333  MAE/GAME0 = 23.263  RMSE = 42.249  GAME1 = 23.273  GAME2 = 23.273  GAME3 = 23.273  lr = 1.00e-05  time = 7.5s
[e008 s0001/1030] loss = 0.040083
[e008 s0050/1030] loss = 0.016561
[e008 s0100/1030] loss = 0.018805
[e008 s0150/1030] loss = 0.020768
[e008 s0200/1030] loss = 0.020176
[e008 s0250/1030] loss = 0.020014
[e008 s0300/1030] loss = 0.020474
[e008 s0350/1030] loss = 0.020129
[e008 s0400/1030] loss = 0.019835
[e008 s0450/1030] loss = 0.021004
[e008 s0500/1030] loss = 0.020698
[e008 s0550/1030] loss = 0.020409
[e008 s0600/1030] loss = 0.020363
[e008 s0650/1030] loss = 0.020918
[e008 s0700/1030] loss = 0.020977
[e008 s0750/1030] loss = 0.020750
[e008 s0800/1030] loss = 0.020785
[e008 s0850/1030] loss = 0.020491
[e008 s0900/1030] loss = 0.020610
[e008 s0950/1030] loss = 0.020477
[e008 s1000/1030] loss = 0.020155
Epoch 008: train_loss = 0.020153  MAE/GAME0 = 23.263  RMSE = 42.249  GAME1 = 23.273  GAME2 = 23.273  GAME3 = 23.273  lr = 1.00e-05  time = 7.7s
[e009 s0001/1030] loss = 0.020019
[e009 s0050/1030] loss = 0.021736
[e009 s0100/1030] loss = 0.026250
[e009 s0150/1030] loss = 0.026901
[e009 s0200/1030] loss = 0.026396
[e009 s0250/1030] loss = 0.023319
[e009 s0300/1030] loss = 0.022922
[e009 s0350/1030] loss = 0.022018
[e009 s0400/1030] loss = 0.022320
[e009 s0450/1030] loss = 0.022209
[e009 s0500/1030] loss = 0.022004
[e009 s0550/1030] loss = 0.021950
[e009 s0600/1030] loss = 0.021593
[e009 s0650/1030] loss = 0.021118
[e009 s0700/1030] loss = 0.020708
[e009 s0750/1030] loss = 0.020796
[e009 s0800/1030] loss = 0.020410
[e009 s0850/1030] loss = 0.020554
[e009 s0900/1030] loss = 0.020336
[e009 s0950/1030] loss = 0.019995
[e009 s1000/1030] loss = 0.020028
Epoch 009: train_loss = 0.020151  MAE/GAME0 = 23.247  RMSE = 42.248  GAME1 = 23.257  GAME2 = 23.257  GAME3 = 23.257  lr = 1.00e-05  time = 7.7s
[e010 s0001/1030] loss = 0.007485
[e010 s0050/1030] loss = 0.022085
[e010 s0100/1030] loss = 0.021215
[e010 s0150/1030] loss = 0.021983
[e010 s0200/1030] loss = 0.021049
[e010 s0250/1030] loss = 0.022154
[e010 s0300/1030] loss = 0.021596
[e010 s0350/1030] loss = 0.021001
[e010 s0400/1030] loss = 0.021290
[e010 s0450/1030] loss = 0.022216
[e010 s0500/1030] loss = 0.021874
[e010 s0550/1030] loss = 0.021492
[e010 s0600/1030] loss = 0.021267
[e010 s0650/1030] loss = 0.021480
[e010 s0700/1030] loss = 0.021552
[e010 s0750/1030] loss = 0.021029
[e010 s0800/1030] loss = 0.020785
[e010 s0850/1030] loss = 0.020834
[e010 s0900/1030] loss = 0.021126
[e010 s0950/1030] loss = 0.021345
[e010 s1000/1030] loss = 0.021109
Epoch 010: train_loss = 0.021053  MAE/GAME0 = 23.245  RMSE = 42.248  GAME1 = 23.245  GAME2 = 23.245  GAME3 = 23.245  lr = 1.00e-05  time = 7.6s
[e011 s0001/1030] loss = 0.009225
[e011 s0050/1030] loss = 0.016392
[e011 s0100/1030] loss = 0.018656
[e011 s0150/1030] loss = 0.019547
[e011 s0200/1030] loss = 0.021404
[e011 s0250/1030] loss = 0.019813
[e011 s0300/1030] loss = 0.019337
[e011 s0350/1030] loss = 0.019611
[e011 s0400/1030] loss = 0.020260
[e011 s0450/1030] loss = 0.019740
[e011 s0500/1030] loss = 0.019434
[e011 s0550/1030] loss = 0.019492
[e011 s0600/1030] loss = 0.019081
[e011 s0650/1030] loss = 0.019081
[e011 s0700/1030] loss = 0.019305
[e011 s0750/1030] loss = 0.019375
[e011 s0800/1030] loss = 0.019295
[e011 s0850/1030] loss = 0.019423
[e011 s0900/1030] loss = 0.020120
[e011 s0950/1030] loss = 0.021002
[e011 s1000/1030] loss = 0.020795
Epoch 011: train_loss = 0.020645  MAE/GAME0 = 23.245  RMSE = 42.248  GAME1 = 23.245  GAME2 = 23.245  GAME3 = 23.245  lr = 1.00e-05  time = 7.6s
[e012 s0001/1030] loss = 0.000000
[e012 s0050/1030] loss = 0.015749
[e012 s0100/1030] loss = 0.015933
[e012 s0150/1030] loss = 0.019599
[e012 s0200/1030] loss = 0.019174
[e012 s0250/1030] loss = 0.019578
[e012 s0300/1030] loss = 0.019448
[e012 s0350/1030] loss = 0.019120
[e012 s0400/1030] loss = 0.018865
[e012 s0450/1030] loss = 0.019360
[e012 s0500/1030] loss = 0.019286
[e012 s0550/1030] loss = 0.019646
[e012 s0600/1030] loss = 0.020156
[e012 s0650/1030] loss = 0.020769
[e012 s0700/1030] loss = 0.020878
[e012 s0750/1030] loss = 0.020762
[e012 s0800/1030] loss = 0.020751
[e012 s0850/1030] loss = 0.021007
[e012 s0900/1030] loss = 0.020771
[e012 s0950/1030] loss = 0.020658
[e012 s1000/1030] loss = 0.020666
Epoch 012: train_loss = 0.020693  MAE/GAME0 = 23.245  RMSE = 42.248  GAME1 = 23.245  GAME2 = 23.245  GAME3 = 23.245  lr = 1.00e-05  time = 7.7s
[e013 s0001/1030] loss = 0.072376
[e013 s0050/1030] loss = 0.023989
[e013 s0100/1030] loss = 0.018236
[e013 s0150/1030] loss = 0.016685
[e013 s0200/1030] loss = 0.016901
[e013 s0250/1030] loss = 0.018547
[e013 s0300/1030] loss = 0.019677
[e013 s0350/1030] loss = 0.020114
[e013 s0400/1030] loss = 0.019731
[e013 s0450/1030] loss = 0.019395
[e013 s0500/1030] loss = 0.019180
[e013 s0550/1030] loss = 0.018827
[e013 s0600/1030] loss = 0.018585
[e013 s0650/1030] loss = 0.019710
[e013 s0700/1030] loss = 0.019664
[e013 s0750/1030] loss = 0.019569
[e013 s0800/1030] loss = 0.019528
[e013 s0850/1030] loss = 0.019576
[e013 s0900/1030] loss = 0.019691
[e013 s0950/1030] loss = 0.019889
[e013 s1000/1030] loss = 0.019675
Epoch 013: train_loss = 0.020350  MAE/GAME0 = 23.245  RMSE = 42.248  GAME1 = 23.245  GAME2 = 23.245  GAME3 = 23.245  lr = 1.00e-05  time = 7.6s
[e014 s0001/1030] loss = 0.010873
[e014 s0050/1030] loss = 0.014280
[e014 s0100/1030] loss = 0.018027
[e014 s0150/1030] loss = 0.018885
[e014 s0200/1030] loss = 0.016881
[e014 s0250/1030] loss = 0.016791
[e014 s0300/1030] loss = 0.017040
[e014 s0350/1030] loss = 0.018464
[e014 s0400/1030] loss = 0.019882
[e014 s0450/1030] loss = 0.019602
[e014 s0500/1030] loss = 0.019404
[e014 s0550/1030] loss = 0.020262
[e014 s0600/1030] loss = 0.020968
[e014 s0650/1030] loss = 0.020953
[e014 s0700/1030] loss = 0.020901
[e014 s0750/1030] loss = 0.021011
[e014 s0800/1030] loss = 0.021574
[e014 s0850/1030] loss = 0.021264
[e014 s0900/1030] loss = 0.020992
[e014 s0950/1030] loss = 0.021542
[e014 s1000/1030] loss = 0.021515
Epoch 014: train_loss = 0.021703  MAE/GAME0 = 23.245  RMSE = 42.248  GAME1 = 23.245  GAME2 = 23.245  GAME3 = 23.245  lr = 1.00e-05  time = 7.6s
[e015 s0001/1030] loss = 0.001052
[e015 s0050/1030] loss = 0.016845
[e015 s0100/1030] loss = 0.022023
[e015 s0150/1030] loss = 0.021885
[e015 s0200/1030] loss = 0.020915
[e015 s0250/1030] loss = 0.021135
[e015 s0300/1030] loss = 0.020455
[e015 s0350/1030] loss = 0.021151
[e015 s0400/1030] loss = 0.020963
[e015 s0450/1030] loss = 0.020788
[e015 s0500/1030] loss = 0.020889
[e015 s0550/1030] loss = 0.021265
[e015 s0600/1030] loss = 0.020934
[e015 s0650/1030] loss = 0.020677
[e015 s0700/1030] loss = 0.020961
[e015 s0750/1030] loss = 0.021156
[e015 s0800/1030] loss = 0.020998
[e015 s0850/1030] loss = 0.021422
[e015 s0900/1030] loss = 0.021553
[e015 s0950/1030] loss = 0.021648
[e015 s1000/1030] loss = 0.021445
Epoch 015: train_loss = 0.021564  MAE/GAME0 = 23.245  RMSE = 42.248  GAME1 = 23.245  GAME2 = 23.245  GAME3 = 23.245  lr = 1.00e-05  time = 7.5s
[e016 s0001/1030] loss = 0.005232
[e016 s0050/1030] loss = 0.017418
[e016 s0100/1030] loss = 0.016982
[e016 s0150/1030] loss = 0.021856
[e016 s0200/1030] loss = 0.023850
[e016 s0250/1030] loss = 0.023011
[e016 s0300/1030] loss = 0.021942
[e016 s0350/1030] loss = 0.022560
[e016 s0400/1030] loss = 0.023053
[e016 s0450/1030] loss = 0.023131
[e016 s0500/1030] loss = 0.023085
[e016 s0550/1030] loss = 0.022843
[e016 s0600/1030] loss = 0.022455
[e016 s0650/1030] loss = 0.021866
[e016 s0700/1030] loss = 0.022281
[e016 s0750/1030] loss = 0.022014
[e016 s0800/1030] loss = 0.021519
[e016 s0850/1030] loss = 0.021298
[e016 s0900/1030] loss = 0.021255
[e016 s0950/1030] loss = 0.021363
[e016 s1000/1030] loss = 0.021196
Epoch 016: train_loss = 0.021027  MAE/GAME0 = 23.245  RMSE = 42.248  GAME1 = 23.245  GAME2 = 23.245  GAME3 = 23.245  lr = 1.00e-05  time = 7.6s
[e017 s0001/1030] loss = 0.032088
[e017 s0050/1030] loss = 0.020510
[e017 s0100/1030] loss = 0.021680
[e017 s0150/1030] loss = 0.022865
[e017 s0200/1030] loss = 0.020710
[e017 s0250/1030] loss = 0.019828
[e017 s0300/1030] loss = 0.019651
[e017 s0350/1030] loss = 0.019336
[e017 s0400/1030] loss = 0.019571
[e017 s0450/1030] loss = 0.019683
[e017 s0500/1030] loss = 0.020546
[e017 s0550/1030] loss = 0.020153
[e017 s0600/1030] loss = 0.020052
[e017 s0650/1030] loss = 0.020088
[e017 s0700/1030] loss = 0.020018
[e017 s0750/1030] loss = 0.020068
[e017 s0800/1030] loss = 0.020230
[e017 s0850/1030] loss = 0.020009
[e017 s0900/1030] loss = 0.020550
[e017 s0950/1030] loss = 0.020452
[e017 s1000/1030] loss = 0.020427
Epoch 017: train_loss = 0.020254  MAE/GAME0 = 23.245  RMSE = 42.248  GAME1 = 23.245  GAME2 = 23.245  GAME3 = 23.245  lr = 1.00e-05  time = 7.5s
[e018 s0001/1030] loss = 0.002061
[e018 s0050/1030] loss = 0.021129
[e018 s0100/1030] loss = 0.021972
[e018 s0150/1030] loss = 0.020487
[e018 s0200/1030] loss = 0.021062
[e018 s0250/1030] loss = 0.021034
[e018 s0300/1030] loss = 0.022311
[e018 s0350/1030] loss = 0.021557
[e018 s0400/1030] loss = 0.020866
[e018 s0450/1030] loss = 0.020998
[e018 s0500/1030] loss = 0.021033
[e018 s0550/1030] loss = 0.021254
[e018 s0600/1030] loss = 0.020907
[e018 s0650/1030] loss = 0.020830
[e018 s0700/1030] loss = 0.020978
[e018 s0750/1030] loss = 0.020378
[e018 s0800/1030] loss = 0.020309
[e018 s0850/1030] loss = 0.020222
[e018 s0900/1030] loss = 0.020010
[e018 s0950/1030] loss = 0.019873
[e018 s1000/1030] loss = 0.019902
Epoch 018: train_loss = 0.020370  MAE/GAME0 = 23.245  RMSE = 42.248  GAME1 = 23.245  GAME2 = 23.245  GAME3 = 23.245  lr = 1.00e-05  time = 7.6s
[e019 s0001/1030] loss = 0.027308
[e019 s0050/1030] loss = 0.018558
[e019 s0100/1030] loss = 0.020120
[e019 s0150/1030] loss = 0.021148
[e019 s0200/1030] loss = 0.019821
[e019 s0250/1030] loss = 0.021783
[e019 s0300/1030] loss = 0.021314
[e019 s0350/1030] loss = 0.021165
[e019 s0400/1030] loss = 0.021634
[e019 s0450/1030] loss = 0.021895
[e019 s0500/1030] loss = 0.021211
[e019 s0550/1030] loss = 0.020639
[e019 s0600/1030] loss = 0.020112
[e019 s0650/1030] loss = 0.019706
[e019 s0700/1030] loss = 0.019462
[e019 s0750/1030] loss = 0.019874
[e019 s0800/1030] loss = 0.019689
[e019 s0850/1030] loss = 0.019943
[e019 s0900/1030] loss = 0.020103
[e019 s0950/1030] loss = 0.020112
[e019 s1000/1030] loss = 0.019919
Epoch 019: train_loss = 0.019769  MAE/GAME0 = 23.245  RMSE = 42.248  GAME1 = 23.245  GAME2 = 23.245  GAME3 = 23.245  lr = 1.00e-05  time = 7.6s
[e020 s0001/1030] loss = 0.025778
[e020 s0050/1030] loss = 0.019559
[e020 s0100/1030] loss = 0.020347
[e020 s0150/1030] loss = 0.019713
[e020 s0200/1030] loss = 0.019203
[e020 s0250/1030] loss = 0.021472
[e020 s0300/1030] loss = 0.020869
[e020 s0350/1030] loss = 0.021290
[e020 s0400/1030] loss = 0.021263
[e020 s0450/1030] loss = 0.021437
[e020 s0500/1030] loss = 0.020386
[e020 s0550/1030] loss = 0.021041
[e020 s0600/1030] loss = 0.021142
[e020 s0650/1030] loss = 0.021095
[e020 s0700/1030] loss = 0.020619
[e020 s0750/1030] loss = 0.020647
[e020 s0800/1030] loss = 0.020698
[e020 s0850/1030] loss = 0.020521
[e020 s0900/1030] loss = 0.020351
[e020 s0950/1030] loss = 0.020213
[e020 s1000/1030] loss = 0.020226
Epoch 020: train_loss = 0.020440  MAE/GAME0 = 23.245  RMSE = 42.248  GAME1 = 23.245  GAME2 = 23.245  GAME3 = 23.245  lr = 1.00e-05  time = 7.6s
[e021 s0001/1030] loss = 0.015887
[e021 s0050/1030] loss = 0.018597
[e021 s0100/1030] loss = 0.019178
[e021 s0150/1030] loss = 0.019311
[e021 s0200/1030] loss = 0.019806
[e021 s0250/1030] loss = 0.020563
[e021 s0300/1030] loss = 0.020867
[e021 s0350/1030] loss = 0.019824
[e021 s0400/1030] loss = 0.020443
[e021 s0450/1030] loss = 0.020928
[e021 s0500/1030] loss = 0.020636
[e021 s0550/1030] loss = 0.020634
[e021 s0600/1030] loss = 0.020204
[e021 s0650/1030] loss = 0.020254
[e021 s0700/1030] loss = 0.020314
[e021 s0750/1030] loss = 0.019835
[e021 s0800/1030] loss = 0.019829
[e021 s0850/1030] loss = 0.021255
[e021 s0900/1030] loss = 0.021233
[e021 s0950/1030] loss = 0.020919
[e021 s1000/1030] loss = 0.021789
Epoch 021: train_loss = 0.021580  MAE/GAME0 = 23.245  RMSE = 42.248  GAME1 = 23.245  GAME2 = 23.245  GAME3 = 23.245  lr = 1.00e-05  time = 7.6s
[e022 s0001/1030] loss = 0.042697
[e022 s0050/1030] loss = 0.013392
[e022 s0100/1030] loss = 0.014871
[e022 s0150/1030] loss = 0.016908
[e022 s0200/1030] loss = 0.018771
[e022 s0250/1030] loss = 0.019269
[e022 s0300/1030] loss = 0.019848
[e022 s0350/1030] loss = 0.020901
[e022 s0400/1030] loss = 0.021457
[e022 s0450/1030] loss = 0.021374
[e022 s0500/1030] loss = 0.022227
[e022 s0550/1030] loss = 0.022421
[e022 s0600/1030] loss = 0.022698
[e022 s0650/1030] loss = 0.022199
[e022 s0700/1030] loss = 0.021913
[e022 s0750/1030] loss = 0.021527
[e022 s0800/1030] loss = 0.021273
[e022 s0850/1030] loss = 0.021058
[e022 s0900/1030] loss = 0.020859
[e022 s0950/1030] loss = 0.020605
[e022 s1000/1030] loss = 0.020513
Epoch 022: train_loss = 0.020320  MAE/GAME0 = 23.245  RMSE = 42.248  GAME1 = 23.245  GAME2 = 23.245  GAME3 = 23.245  lr = 1.00e-05  time = 7.6s
[e023 s0001/1030] loss = 0.016948
[e023 s0050/1030] loss = 0.016226
[e023 s0100/1030] loss = 0.018826
[e023 s0150/1030] loss = 0.019462
[e023 s0200/1030] loss = 0.020136
[e023 s0250/1030] loss = 0.020132
[e023 s0300/1030] loss = 0.020067
[e023 s0350/1030] loss = 0.020246
[e023 s0400/1030] loss = 0.020155
[e023 s0450/1030] loss = 0.020037
[e023 s0500/1030] loss = 0.019741
[e023 s0550/1030] loss = 0.019847
[e023 s0600/1030] loss = 0.020732
[e023 s0650/1030] loss = 0.020393
[e023 s0700/1030] loss = 0.020846
[e023 s0750/1030] loss = 0.021050
[e023 s0800/1030] loss = 0.020974
[e023 s0850/1030] loss = 0.020938
[e023 s0900/1030] loss = 0.020948
[e023 s0950/1030] loss = 0.020947
[e023 s1000/1030] loss = 0.021005
Epoch 023: train_loss = 0.021050  MAE/GAME0 = 23.245  RMSE = 42.248  GAME1 = 23.245  GAME2 = 23.245  GAME3 = 23.245  lr = 1.00e-05  time = 7.5s
[e024 s0001/1030] loss = 0.033767
[e024 s0050/1030] loss = 0.022933
[e024 s0100/1030] loss = 0.022443
[e024 s0150/1030] loss = 0.024172
[e024 s0200/1030] loss = 0.023523
[e024 s0250/1030] loss = 0.022645
[e024 s0300/1030] loss = 0.023139
[e024 s0350/1030] loss = 0.022313
[e024 s0400/1030] loss = 0.022395
[e024 s0450/1030] loss = 0.022131
[e024 s0500/1030] loss = 0.021654
[e024 s0550/1030] loss = 0.021199
[e024 s0600/1030] loss = 0.020915
[e024 s0650/1030] loss = 0.020722
[e024 s0700/1030] loss = 0.020382
[e024 s0750/1030] loss = 0.020327
[e024 s0800/1030] loss = 0.020618
[e024 s0850/1030] loss = 0.020460
[e024 s0900/1030] loss = 0.020547
[e024 s0950/1030] loss = 0.020563
[e024 s1000/1030] loss = 0.020219
Epoch 024: train_loss = 0.020113  MAE/GAME0 = 23.245  RMSE = 42.248  GAME1 = 23.245  GAME2 = 23.245  GAME3 = 23.245  lr = 1.00e-05  time = 7.6s
[e025 s0001/1030] loss = 0.003115
[e025 s0050/1030] loss = 0.014845
[e025 s0100/1030] loss = 0.016761
[e025 s0150/1030] loss = 0.017957
[e025 s0200/1030] loss = 0.017315
[e025 s0250/1030] loss = 0.019113
[e025 s0300/1030] loss = 0.018769
[e025 s0350/1030] loss = 0.019891
[e025 s0400/1030] loss = 0.019197
[e025 s0450/1030] loss = 0.018925
[e025 s0500/1030] loss = 0.018679
[e025 s0550/1030] loss = 0.018321
[e025 s0600/1030] loss = 0.018532
[e025 s0650/1030] loss = 0.018091
[e025 s0700/1030] loss = 0.018023
[e025 s0750/1030] loss = 0.018011
[e025 s0800/1030] loss = 0.018026
[e025 s0850/1030] loss = 0.018174
[e025 s0900/1030] loss = 0.018111
[e025 s0950/1030] loss = 0.018079
[e025 s1000/1030] loss = 0.018351
Epoch 025: train_loss = 0.019360  MAE/GAME0 = 23.245  RMSE = 42.248  GAME1 = 23.245  GAME2 = 23.245  GAME3 = 23.245  lr = 1.00e-05  time = 7.6s
[e026 s0001/1030] loss = 0.006239
[e026 s0050/1030] loss = 0.022950
[e026 s0100/1030] loss = 0.020887
[e026 s0150/1030] loss = 0.020164
[e026 s0200/1030] loss = 0.019907
[e026 s0250/1030] loss = 0.020473
[e026 s0300/1030] loss = 0.022055
[e026 s0350/1030] loss = 0.021129
[e026 s0400/1030] loss = 0.021763
[e026 s0450/1030] loss = 0.021683
[e026 s0500/1030] loss = 0.021964
[e026 s0550/1030] loss = 0.021608
[e026 s0600/1030] loss = 0.021012
[e026 s0650/1030] loss = 0.021026
[e026 s0700/1030] loss = 0.020928
[e026 s0750/1030] loss = 0.021337
[e026 s0800/1030] loss = 0.020915
[e026 s0850/1030] loss = 0.020858
[e026 s0900/1030] loss = 0.020696
[e026 s0950/1030] loss = 0.020521
[e026 s1000/1030] loss = 0.020223
Epoch 026: train_loss = 0.020389  MAE/GAME0 = 23.245  RMSE = 42.248  GAME1 = 23.245  GAME2 = 23.245  GAME3 = 23.245  lr = 1.00e-05  time = 7.5s
[e027 s0001/1030] loss = 0.017836
[e027 s0050/1030] loss = 0.021881
[e027 s0100/1030] loss = 0.019851
[e027 s0150/1030] loss = 0.019126
[e027 s0200/1030] loss = 0.018410
[e027 s0250/1030] loss = 0.019025
[e027 s0300/1030] loss = 0.019937
[e027 s0350/1030] loss = 0.020036
[e027 s0400/1030] loss = 0.020430
[e027 s0450/1030] loss = 0.020107
[e027 s0500/1030] loss = 0.020620
[e027 s0550/1030] loss = 0.020591
[e027 s0600/1030] loss = 0.020649
[e027 s0650/1030] loss = 0.021196
[e027 s0700/1030] loss = 0.021058
[e027 s0750/1030] loss = 0.021018
[e027 s0800/1030] loss = 0.020982
[e027 s0850/1030] loss = 0.020487
[e027 s0900/1030] loss = 0.020658
[e027 s0950/1030] loss = 0.021205
[e027 s1000/1030] loss = 0.021091
Epoch 027: train_loss = 0.021479  MAE/GAME0 = 23.245  RMSE = 42.248  GAME1 = 23.245  GAME2 = 23.245  GAME3 = 23.245  lr = 1.00e-05  time = 7.5s
[e028 s0001/1030] loss = 0.009569
[e028 s0050/1030] loss = 0.022882
[e028 s0100/1030] loss = 0.020856
[e028 s0150/1030] loss = 0.018395
[e028 s0200/1030] loss = 0.019092
[e028 s0250/1030] loss = 0.018926
[e028 s0300/1030] loss = 0.019421
[e028 s0350/1030] loss = 0.020040
[e028 s0400/1030] loss = 0.020062
[e028 s0450/1030] loss = 0.020036
[e028 s0500/1030] loss = 0.020014
[e028 s0550/1030] loss = 0.019720
[e028 s0600/1030] loss = 0.019625
[e028 s0650/1030] loss = 0.019320
[e028 s0700/1030] loss = 0.020775
[e028 s0750/1030] loss = 0.020583
[e028 s0800/1030] loss = 0.020883
[e028 s0850/1030] loss = 0.020676
[e028 s0900/1030] loss = 0.020515
[e028 s0950/1030] loss = 0.020474
[e028 s1000/1030] loss = 0.020449
Epoch 028: train_loss = 0.020517  MAE/GAME0 = 23.245  RMSE = 42.248  GAME1 = 23.245  GAME2 = 23.245  GAME3 = 23.245  lr = 1.00e-05  time = 7.6s
[e029 s0001/1030] loss = 0.014260
[e029 s0050/1030] loss = 0.022947
[e029 s0100/1030] loss = 0.019906
[e029 s0150/1030] loss = 0.019580
[e029 s0200/1030] loss = 0.020152
[e029 s0250/1030] loss = 0.021337
[e029 s0300/1030] loss = 0.021126
[e029 s0350/1030] loss = 0.020458
[e029 s0400/1030] loss = 0.020444
[e029 s0450/1030] loss = 0.020315
[e029 s0500/1030] loss = 0.020156
[e029 s0550/1030] loss = 0.019887
[e029 s0600/1030] loss = 0.019297
[e029 s0650/1030] loss = 0.021757
[e029 s0700/1030] loss = 0.022100
[e029 s0750/1030] loss = 0.021904
[e029 s0800/1030] loss = 0.021793
[e029 s0850/1030] loss = 0.021382
[e029 s0900/1030] loss = 0.021209
[e029 s0950/1030] loss = 0.020967
[e029 s1000/1030] loss = 0.020988
Epoch 029: train_loss = 0.020992  MAE/GAME0 = 23.245  RMSE = 42.248  GAME1 = 23.245  GAME2 = 23.245  GAME3 = 23.245  lr = 1.00e-05  time = 7.7s
[e030 s0001/1030] loss = 0.022517
[e030 s0050/1030] loss = 0.022832
[e030 s0100/1030] loss = 0.021542
[e030 s0150/1030] loss = 0.023664
[e030 s0200/1030] loss = 0.023744
[e030 s0250/1030] loss = 0.024878
[e030 s0300/1030] loss = 0.024025
[e030 s0350/1030] loss = 0.023182
[e030 s0400/1030] loss = 0.022814
[e030 s0450/1030] loss = 0.022040
[e030 s0500/1030] loss = 0.021449
[e030 s0550/1030] loss = 0.021213
[e030 s0600/1030] loss = 0.021148
[e030 s0650/1030] loss = 0.020445
[e030 s0700/1030] loss = 0.020312
[e030 s0750/1030] loss = 0.020961
[e030 s0800/1030] loss = 0.021797
[e030 s0850/1030] loss = 0.021935
[e030 s0900/1030] loss = 0.021609
[e030 s0950/1030] loss = 0.021694
[e030 s1000/1030] loss = 0.021440
Epoch 030: train_loss = 0.021850  MAE/GAME0 = 23.245  RMSE = 42.248  GAME1 = 23.245  GAME2 = 23.245  GAME3 = 23.245  lr = 1.00e-05  time = 7.6s
[e031 s0001/1030] loss = 0.021395
[e031 s0050/1030] loss = 0.018754
[e031 s0100/1030] loss = 0.019052
[e031 s0150/1030] loss = 0.017550
[e031 s0200/1030] loss = 0.019036
[e031 s0250/1030] loss = 0.018406
[e031 s0300/1030] loss = 0.018442
[e031 s0350/1030] loss = 0.018482
[e031 s0400/1030] loss = 0.018482
[e031 s0450/1030] loss = 0.018802
[e031 s0500/1030] loss = 0.018502
[e031 s0550/1030] loss = 0.019027
[e031 s0600/1030] loss = 0.019140
[e031 s0650/1030] loss = 0.018989
[e031 s0700/1030] loss = 0.018852
[e031 s0750/1030] loss = 0.019473
[e031 s0800/1030] loss = 0.020961
[e031 s0850/1030] loss = 0.020869
[e031 s0900/1030] loss = 0.021198
[e031 s0950/1030] loss = 0.021329
[e031 s1000/1030] loss = 0.021193
Epoch 031: train_loss = 0.021150  MAE/GAME0 = 23.245  RMSE = 42.248  GAME1 = 23.245  GAME2 = 23.245  GAME3 = 23.245  lr = 1.00e-05  time = 7.5s
[e032 s0001/1030] loss = 0.038826
[e032 s0050/1030] loss = 0.022371
[e032 s0100/1030] loss = 0.024367
[e032 s0150/1030] loss = 0.022678
[e032 s0200/1030] loss = 0.022680
[e032 s0250/1030] loss = 0.022210
[e032 s0300/1030] loss = 0.021814
[e032 s0350/1030] loss = 0.021746
[e032 s0400/1030] loss = 0.021737
[e032 s0450/1030] loss = 0.022225
[e032 s0500/1030] loss = 0.021820
[e032 s0550/1030] loss = 0.021074
[e032 s0600/1030] loss = 0.021243
[e032 s0650/1030] loss = 0.021207
[e032 s0700/1030] loss = 0.021117
[e032 s0750/1030] loss = 0.021764
[e032 s0800/1030] loss = 0.021433
[e032 s0850/1030] loss = 0.021357
[e032 s0900/1030] loss = 0.021185
[e032 s0950/1030] loss = 0.021327
[e032 s1000/1030] loss = 0.021087
Epoch 032: train_loss = 0.020903  MAE/GAME0 = 23.245  RMSE = 42.248  GAME1 = 23.245  GAME2 = 23.245  GAME3 = 23.245  lr = 1.00e-05  time = 7.6s
[e033 s0001/1030] loss = 0.028466
[e033 s0050/1030] loss = 0.016453
[e033 s0100/1030] loss = 0.016981
[e033 s0150/1030] loss = 0.016439
[e033 s0200/1030] loss = 0.016565
[e033 s0250/1030] loss = 0.016876
[e033 s0300/1030] loss = 0.016833
[e033 s0350/1030] loss = 0.017077
[e033 s0400/1030] loss = 0.017680
[e033 s0450/1030] loss = 0.019899
[e033 s0500/1030] loss = 0.019693
[e033 s0550/1030] loss = 0.020048
[e033 s0600/1030] loss = 0.019562
[e033 s0650/1030] loss = 0.019571
[e033 s0700/1030] loss = 0.019092
[e033 s0750/1030] loss = 0.019333
[e033 s0800/1030] loss = 0.019210
[e033 s0850/1030] loss = 0.019196
[e033 s0900/1030] loss = 0.019405
[e033 s0950/1030] loss = 0.019073
[e033 s1000/1030] loss = 0.019614
Epoch 033: train_loss = 0.019523  MAE/GAME0 = 23.245  RMSE = 42.248  GAME1 = 23.245  GAME2 = 23.245  GAME3 = 23.245  lr = 1.00e-05  time = 7.5s
[e034 s0001/1030] loss = 0.001051
[e034 s0050/1030] loss = 0.017019
[e034 s0100/1030] loss = 0.020858
[e034 s0150/1030] loss = 0.019872
[e034 s0200/1030] loss = 0.019717
[e034 s0250/1030] loss = 0.019291
[e034 s0300/1030] loss = 0.019707
[e034 s0350/1030] loss = 0.020754
[e034 s0400/1030] loss = 0.020535
[e034 s0450/1030] loss = 0.020071
[e034 s0500/1030] loss = 0.020299
[e034 s0550/1030] loss = 0.020739
[e034 s0600/1030] loss = 0.021081
[e034 s0650/1030] loss = 0.020525
[e034 s0700/1030] loss = 0.020764
[e034 s0750/1030] loss = 0.020948
[e034 s0800/1030] loss = 0.020601
[e034 s0850/1030] loss = 0.020454
[e034 s0900/1030] loss = 0.020524
[e034 s0950/1030] loss = 0.020302
[e034 s1000/1030] loss = 0.020237
Epoch 034: train_loss = 0.020212  MAE/GAME0 = 23.245  RMSE = 42.248  GAME1 = 23.245  GAME2 = 23.245  GAME3 = 23.245  lr = 1.00e-05  time = 7.6s
[e035 s0001/1030] loss = 0.039223
[e035 s0050/1030] loss = 0.022310
[e035 s0100/1030] loss = 0.023098
[e035 s0150/1030] loss = 0.021288
[e035 s0200/1030] loss = 0.021297
[e035 s0250/1030] loss = 0.022186
[e035 s0300/1030] loss = 0.021390
[e035 s0350/1030] loss = 0.023228
[e035 s0400/1030] loss = 0.022117
[e035 s0450/1030] loss = 0.021936
[e035 s0500/1030] loss = 0.021667
[e035 s0550/1030] loss = 0.021494
[e035 s0600/1030] loss = 0.021095
[e035 s0650/1030] loss = 0.021146
[e035 s0700/1030] loss = 0.020855
[e035 s0750/1030] loss = 0.020617
[e035 s0800/1030] loss = 0.020532
[e035 s0850/1030] loss = 0.020478
[e035 s0900/1030] loss = 0.020615
[e035 s0950/1030] loss = 0.020553
[e035 s1000/1030] loss = 0.020915
Epoch 035: train_loss = 0.020951  MAE/GAME0 = 23.245  RMSE = 42.248  GAME1 = 23.245  GAME2 = 23.245  GAME3 = 23.245  lr = 1.00e-05  time = 7.6s
[e036 s0001/1030] loss = 0.004131
[e036 s0050/1030] loss = 0.029556
[e036 s0100/1030] loss = 0.025031
[e036 s0150/1030] loss = 0.022914
[e036 s0200/1030] loss = 0.021704
[e036 s0250/1030] loss = 0.023905
[e036 s0300/1030] loss = 0.022774
[e036 s0350/1030] loss = 0.021898
[e036 s0400/1030] loss = 0.021429
[e036 s0450/1030] loss = 0.021594
[e036 s0500/1030] loss = 0.021793
[e036 s0550/1030] loss = 0.022361
[e036 s0600/1030] loss = 0.022159
[e036 s0650/1030] loss = 0.021886
[e036 s0700/1030] loss = 0.021776
[e036 s0750/1030] loss = 0.021835
[e036 s0800/1030] loss = 0.021572
[e036 s0850/1030] loss = 0.021372
[e036 s0900/1030] loss = 0.021571
[e036 s0950/1030] loss = 0.021175
[e036 s1000/1030] loss = 0.020974
Epoch 036: train_loss = 0.020882  MAE/GAME0 = 23.245  RMSE = 42.248  GAME1 = 23.245  GAME2 = 23.245  GAME3 = 23.245  lr = 1.00e-05  time = 7.5s
[e037 s0001/1030] loss = 0.007390
[e037 s0050/1030] loss = 0.012277
[e037 s0100/1030] loss = 0.016021
[e037 s0150/1030] loss = 0.016600
[e037 s0200/1030] loss = 0.018326
[e037 s0250/1030] loss = 0.018731
[e037 s0300/1030] loss = 0.018401
[e037 s0350/1030] loss = 0.018733
[e037 s0400/1030] loss = 0.019501
[e037 s0450/1030] loss = 0.018636
[e037 s0500/1030] loss = 0.018376
[e037 s0550/1030] loss = 0.018581
[e037 s0600/1030] loss = 0.018964
[e037 s0650/1030] loss = 0.018838
[e037 s0700/1030] loss = 0.019024
[e037 s0750/1030] loss = 0.019829
[e037 s0800/1030] loss = 0.019728
[e037 s0850/1030] loss = 0.019714
[e037 s0900/1030] loss = 0.019944
[e037 s0950/1030] loss = 0.020290
[e037 s1000/1030] loss = 0.020198
Epoch 037: train_loss = 0.019971  MAE/GAME0 = 23.245  RMSE = 42.248  GAME1 = 23.245  GAME2 = 23.245  GAME3 = 23.245  lr = 1.00e-05  time = 7.6s
[e038 s0001/1030] loss = 0.001041
[e038 s0050/1030] loss = 0.024110
[e038 s0100/1030] loss = 0.025013
[e038 s0150/1030] loss = 0.026784
[e038 s0200/1030] loss = 0.025587
[e038 s0250/1030] loss = 0.024645
[e038 s0300/1030] loss = 0.023003
[e038 s0350/1030] loss = 0.023016
[e038 s0400/1030] loss = 0.023267
[e038 s0450/1030] loss = 0.023197
[e038 s0500/1030] loss = 0.022987
[e038 s0550/1030] loss = 0.022539
[e038 s0600/1030] loss = 0.022331
[e038 s0650/1030] loss = 0.021887
[e038 s0700/1030] loss = 0.021671
[e038 s0750/1030] loss = 0.021459
[e038 s0800/1030] loss = 0.021009
[e038 s0850/1030] loss = 0.020930
[e038 s0900/1030] loss = 0.020869
[e038 s0950/1030] loss = 0.020710
[e038 s1000/1030] loss = 0.020676
Epoch 038: train_loss = 0.020550  MAE/GAME0 = 23.245  RMSE = 42.248  GAME1 = 23.245  GAME2 = 23.245  GAME3 = 23.245  lr = 1.00e-05  time = 7.8s
[e039 s0001/1030] loss = 0.002092
[e039 s0050/1030] loss = 0.016994
[e039 s0100/1030] loss = 0.018940
[e039 s0150/1030] loss = 0.019918
[e039 s0200/1030] loss = 0.021712
[e039 s0250/1030] loss = 0.020616
[e039 s0300/1030] loss = 0.021248
[e039 s0350/1030] loss = 0.020893
[e039 s0400/1030] loss = 0.022657
[e039 s0450/1030] loss = 0.021772
[e039 s0500/1030] loss = 0.021533
[e039 s0550/1030] loss = 0.021108
[e039 s0600/1030] loss = 0.020460
[e039 s0650/1030] loss = 0.020380
[e039 s0700/1030] loss = 0.020218
[e039 s0750/1030] loss = 0.020017
[e039 s0800/1030] loss = 0.020824
[e039 s0850/1030] loss = 0.020677
[e039 s0900/1030] loss = 0.020649
[e039 s0950/1030] loss = 0.020940
[e039 s1000/1030] loss = 0.020637
Epoch 039: train_loss = 0.020585  MAE/GAME0 = 23.245  RMSE = 42.248  GAME1 = 23.245  GAME2 = 23.245  GAME3 = 23.245  lr = 1.00e-05  time = 7.6s
[e040 s0001/1030] loss = 0.001029
[e040 s0050/1030] loss = 0.018782
[e040 s0100/1030] loss = 0.022390
[e040 s0150/1030] loss = 0.021012
[e040 s0200/1030] loss = 0.023567
[e040 s0250/1030] loss = 0.023879
[e040 s0300/1030] loss = 0.023428
[e040 s0350/1030] loss = 0.022723
[e040 s0400/1030] loss = 0.022812
[e040 s0450/1030] loss = 0.022726
[e040 s0500/1030] loss = 0.021958
[e040 s0550/1030] loss = 0.021360
[e040 s0600/1030] loss = 0.021099
[e040 s0650/1030] loss = 0.020667
[e040 s0700/1030] loss = 0.020606
[e040 s0750/1030] loss = 0.020855
[e040 s0800/1030] loss = 0.020640
[e040 s0850/1030] loss = 0.020482
[e040 s0900/1030] loss = 0.020335
[e040 s0950/1030] loss = 0.020257
[e040 s1000/1030] loss = 0.020130
Epoch 040: train_loss = 0.020625  MAE/GAME0 = 23.245  RMSE = 42.248  GAME1 = 23.245  GAME2 = 23.245  GAME3 = 23.245  lr = 1.00e-05  time = 7.6s
[e041 s0001/1030] loss = 0.016362
[e041 s0050/1030] loss = 0.019932
[e041 s0100/1030] loss = 0.020313
[e041 s0150/1030] loss = 0.024515
[e041 s0200/1030] loss = 0.024639
[e041 s0250/1030] loss = 0.023643
[e041 s0300/1030] loss = 0.024626
[e041 s0350/1030] loss = 0.024020
[e041 s0400/1030] loss = 0.023386
[e041 s0450/1030] loss = 0.023026
[e041 s0500/1030] loss = 0.022614
[e041 s0550/1030] loss = 0.023833
[e041 s0600/1030] loss = 0.023182
[e041 s0650/1030] loss = 0.022821
[e041 s0700/1030] loss = 0.022762
[e041 s0750/1030] loss = 0.022634
[e041 s0800/1030] loss = 0.022425
[e041 s0850/1030] loss = 0.022058
[e041 s0900/1030] loss = 0.021915
[e041 s0950/1030] loss = 0.021794
[e041 s1000/1030] loss = 0.021401
Epoch 041: train_loss = 0.021333  MAE/GAME0 = 23.245  RMSE = 42.248  GAME1 = 23.245  GAME2 = 23.245  GAME3 = 23.245  lr = 1.00e-05  time = 7.6s
[e042 s0001/1030] loss = 0.005232
[e042 s0050/1030] loss = 0.022850
[e042 s0100/1030] loss = 0.021386
[e042 s0150/1030] loss = 0.019355
[e042 s0200/1030] loss = 0.018809
[e042 s0250/1030] loss = 0.018153
[e042 s0300/1030] loss = 0.020714
[e042 s0350/1030] loss = 0.021832
[e042 s0400/1030] loss = 0.021463
[e042 s0450/1030] loss = 0.021304
[e042 s0500/1030] loss = 0.021043
[e042 s0550/1030] loss = 0.020903
[e042 s0600/1030] loss = 0.020932
[e042 s0650/1030] loss = 0.020894
[e042 s0700/1030] loss = 0.020588
[e042 s0750/1030] loss = 0.020399
[e042 s0800/1030] loss = 0.020493
[e042 s0850/1030] loss = 0.020217
[e042 s0900/1030] loss = 0.019906
[e042 s0950/1030] loss = 0.019887
[e042 s1000/1030] loss = 0.019761
Epoch 042: train_loss = 0.019851  MAE/GAME0 = 23.245  RMSE = 42.248  GAME1 = 23.245  GAME2 = 23.245  GAME3 = 23.245  lr = 1.00e-05  time = 7.5s
[e043 s0001/1030] loss = 0.007344
[e043 s0050/1030] loss = 0.027132
[e043 s0100/1030] loss = 0.021528
[e043 s0150/1030] loss = 0.020654
[e043 s0200/1030] loss = 0.019763
[e043 s0250/1030] loss = 0.019207
[e043 s0300/1030] loss = 0.019122
[e043 s0350/1030] loss = 0.019936
[e043 s0400/1030] loss = 0.019600
[e043 s0450/1030] loss = 0.019928
[e043 s0500/1030] loss = 0.019549
[e043 s0550/1030] loss = 0.020242
[e043 s0600/1030] loss = 0.020295
[e043 s0650/1030] loss = 0.020577
[e043 s0700/1030] loss = 0.020735
[e043 s0750/1030] loss = 0.020968
[e043 s0800/1030] loss = 0.020888
[e043 s0850/1030] loss = 0.021131
[e043 s0900/1030] loss = 0.020716
[e043 s0950/1030] loss = 0.020623
[e043 s1000/1030] loss = 0.020710
Epoch 043: train_loss = 0.020558  MAE/GAME0 = 23.245  RMSE = 42.248  GAME1 = 23.245  GAME2 = 23.245  GAME3 = 23.245  lr = 1.00e-05  time = 7.5s
[e044 s0001/1030] loss = 0.026015
[e044 s0050/1030] loss = 0.025772
[e044 s0100/1030] loss = 0.026348
[e044 s0150/1030] loss = 0.024058
[e044 s0200/1030] loss = 0.022968
[e044 s0250/1030] loss = 0.021473
[e044 s0300/1030] loss = 0.023322
[e044 s0350/1030] loss = 0.022728
[e044 s0400/1030] loss = 0.022486
[e044 s0450/1030] loss = 0.022052
[e044 s0500/1030] loss = 0.021877
[e044 s0550/1030] loss = 0.021984
[e044 s0600/1030] loss = 0.021871
[e044 s0650/1030] loss = 0.021263
[e044 s0700/1030] loss = 0.021227
[e044 s0750/1030] loss = 0.020663
[e044 s0800/1030] loss = 0.021260
[e044 s0850/1030] loss = 0.020889
[e044 s0900/1030] loss = 0.020699
[e044 s0950/1030] loss = 0.020963
[e044 s1000/1030] loss = 0.020937
Epoch 044: train_loss = 0.021051  MAE/GAME0 = 23.245  RMSE = 42.248  GAME1 = 23.245  GAME2 = 23.245  GAME3 = 23.245  lr = 1.00e-05  time = 7.6s
[e045 s0001/1030] loss = 0.002084
[e045 s0050/1030] loss = 0.022311
[e045 s0100/1030] loss = 0.024059
[e045 s0150/1030] loss = 0.022516
[e045 s0200/1030] loss = 0.021980
[e045 s0250/1030] loss = 0.023073
[e045 s0300/1030] loss = 0.022265
[e045 s0350/1030] loss = 0.021827
[e045 s0400/1030] loss = 0.021768
[e045 s0450/1030] loss = 0.021641
[e045 s0500/1030] loss = 0.021003
[e045 s0550/1030] loss = 0.020840
[e045 s0600/1030] loss = 0.021015
[e045 s0650/1030] loss = 0.021114
[e045 s0700/1030] loss = 0.020664
[e045 s0750/1030] loss = 0.020265
[e045 s0800/1030] loss = 0.020317
[e045 s0850/1030] loss = 0.020332
[e045 s0900/1030] loss = 0.020162
[e045 s0950/1030] loss = 0.020316
[e045 s1000/1030] loss = 0.020295
Epoch 045: train_loss = 0.020300  MAE/GAME0 = 23.245  RMSE = 42.248  GAME1 = 23.245  GAME2 = 23.245  GAME3 = 23.245  lr = 1.00e-05  time = 7.5s
[e046 s0001/1030] loss = 0.057348
[e046 s0050/1030] loss = 0.021735
[e046 s0100/1030] loss = 0.021822
[e046 s0150/1030] loss = 0.021878
[e046 s0200/1030] loss = 0.020427
[e046 s0250/1030] loss = 0.021902
[e046 s0300/1030] loss = 0.020641
[e046 s0350/1030] loss = 0.020965
[e046 s0400/1030] loss = 0.020828
[e046 s0450/1030] loss = 0.021068
[e046 s0500/1030] loss = 0.020537
[e046 s0550/1030] loss = 0.020250
[e046 s0600/1030] loss = 0.020869
[e046 s0650/1030] loss = 0.020972
[e046 s0700/1030] loss = 0.021011
[e046 s0750/1030] loss = 0.021543
[e046 s0800/1030] loss = 0.021805
[e046 s0850/1030] loss = 0.022234
[e046 s0900/1030] loss = 0.022240
[e046 s0950/1030] loss = 0.022051
[e046 s1000/1030] loss = 0.021971
Epoch 046: train_loss = 0.021884  MAE/GAME0 = 23.245  RMSE = 42.248  GAME1 = 23.245  GAME2 = 23.245  GAME3 = 23.245  lr = 1.00e-05  time = 7.5s
[e047 s0001/1030] loss = 0.086575
[e047 s0050/1030] loss = 0.022909
[e047 s0100/1030] loss = 0.020598
[e047 s0150/1030] loss = 0.018909
[e047 s0200/1030] loss = 0.020027
[e047 s0250/1030] loss = 0.020179
[e047 s0300/1030] loss = 0.019277
[e047 s0350/1030] loss = 0.019759
[e047 s0400/1030] loss = 0.019827
[e047 s0450/1030] loss = 0.019118
[e047 s0500/1030] loss = 0.018940
[e047 s0550/1030] loss = 0.019648
[e047 s0600/1030] loss = 0.019701
[e047 s0650/1030] loss = 0.019603
[e047 s0700/1030] loss = 0.019709
[e047 s0750/1030] loss = 0.020002
[e047 s0800/1030] loss = 0.020222
[e047 s0850/1030] loss = 0.020493
[e047 s0900/1030] loss = 0.020204
[e047 s0950/1030] loss = 0.020024
[e047 s1000/1030] loss = 0.020026
Epoch 047: train_loss = 0.019956  MAE/GAME0 = 23.245  RMSE = 42.248  GAME1 = 23.245  GAME2 = 23.245  GAME3 = 23.245  lr = 1.00e-05  time = 7.6s
[e048 s0001/1030] loss = 0.023318
[e048 s0050/1030] loss = 0.015918
[e048 s0100/1030] loss = 0.016210
[e048 s0150/1030] loss = 0.017517
[e048 s0200/1030] loss = 0.017091
[e048 s0250/1030] loss = 0.016913
[e048 s0300/1030] loss = 0.017489
[e048 s0350/1030] loss = 0.018206
[e048 s0400/1030] loss = 0.019057
[e048 s0450/1030] loss = 0.018706
[e048 s0500/1030] loss = 0.020511
[e048 s0550/1030] loss = 0.020240
[e048 s0600/1030] loss = 0.020566
[e048 s0650/1030] loss = 0.020640
[e048 s0700/1030] loss = 0.020564
[e048 s0750/1030] loss = 0.020627
[e048 s0800/1030] loss = 0.020260
[e048 s0850/1030] loss = 0.020066
[e048 s0900/1030] loss = 0.019829
[e048 s0950/1030] loss = 0.019638
[e048 s1000/1030] loss = 0.020220
Epoch 048: train_loss = 0.020269  MAE/GAME0 = 23.245  RMSE = 42.248  GAME1 = 23.245  GAME2 = 23.245  GAME3 = 23.245  lr = 1.00e-05  time = 7.6s
[e049 s0001/1030] loss = 0.028366
[e049 s0050/1030] loss = 0.016777
[e049 s0100/1030] loss = 0.020254
[e049 s0150/1030] loss = 0.018525
[e049 s0200/1030] loss = 0.019105
[e049 s0250/1030] loss = 0.018305
[e049 s0300/1030] loss = 0.018552
[e049 s0350/1030] loss = 0.017974
[e049 s0400/1030] loss = 0.019811
[e049 s0450/1030] loss = 0.019918
[e049 s0500/1030] loss = 0.019907
[e049 s0550/1030] loss = 0.019786
[e049 s0600/1030] loss = 0.019573
[e049 s0650/1030] loss = 0.020636
[e049 s0700/1030] loss = 0.020453
[e049 s0750/1030] loss = 0.020285
[e049 s0800/1030] loss = 0.019917
[e049 s0850/1030] loss = 0.020301
[e049 s0900/1030] loss = 0.020025
[e049 s0950/1030] loss = 0.020033
[e049 s1000/1030] loss = 0.020117
Epoch 049: train_loss = 0.019961  MAE/GAME0 = 23.245  RMSE = 42.248  GAME1 = 23.245  GAME2 = 23.245  GAME3 = 23.245  lr = 1.00e-05  time = 7.6s
[e050 s0001/1030] loss = 0.011833
[e050 s0050/1030] loss = 0.022652
[e050 s0100/1030] loss = 0.022435
[e050 s0150/1030] loss = 0.020028
[e050 s0200/1030] loss = 0.020245
[e050 s0250/1030] loss = 0.020899
[e050 s0300/1030] loss = 0.019890
[e050 s0350/1030] loss = 0.019523
[e050 s0400/1030] loss = 0.018591
[e050 s0450/1030] loss = 0.017785
[e050 s0500/1030] loss = 0.017657
[e050 s0550/1030] loss = 0.017670
[e050 s0600/1030] loss = 0.017393
[e050 s0650/1030] loss = 0.017098
[e050 s0700/1030] loss = 0.017333
[e050 s0750/1030] loss = 0.017313
[e050 s0800/1030] loss = 0.017401
[e050 s0850/1030] loss = 0.017285
[e050 s0900/1030] loss = 0.017162
[e050 s0950/1030] loss = 0.017490
[e050 s1000/1030] loss = 0.017353
Epoch 050: train_loss = 0.017196  MAE/GAME0 = 15.355  RMSE = 36.138  GAME1 = 21.749  GAME2 = 25.598  GAME3 = 27.153  lr = 1.00e-05  time = 7.8s
[e051 s0001/1030] loss = 0.006920
[e051 s0050/1030] loss = 0.015377
[e051 s0100/1030] loss = 0.013516
[e051 s0150/1030] loss = 0.013294
[e051 s0200/1030] loss = 0.013025
[e051 s0250/1030] loss = 0.015513
[e051 s0300/1030] loss = 0.015177
[e051 s0350/1030] loss = 0.015662
[e051 s0400/1030] loss = 0.015660
[e051 s0450/1030] loss = 0.015426
[e051 s0500/1030] loss = 0.015421
[e051 s0550/1030] loss = 0.016490
[e051 s0600/1030] loss = 0.015946
[e051 s0650/1030] loss = 0.015770
[e051 s0700/1030] loss = 0.015836
[e051 s0750/1030] loss = 0.015837
[e051 s0800/1030] loss = 0.015840
[e051 s0850/1030] loss = 0.015627
[e051 s0900/1030] loss = 0.015806
[e051 s0950/1030] loss = 0.015538
[e051 s1000/1030] loss = 0.015338
Epoch 051: train_loss = 0.015445  MAE/GAME0 = 15.702  RMSE = 36.927  GAME1 = 21.318  GAME2 = 24.599  GAME3 = 25.961  lr = 1.00e-05  time = 7.5s
[e052 s0001/1030] loss = 0.012581
[e052 s0050/1030] loss = 0.016723
[e052 s0100/1030] loss = 0.014770
[e052 s0150/1030] loss = 0.018163
[e052 s0200/1030] loss = 0.016519
[e052 s0250/1030] loss = 0.017093
[e052 s0300/1030] loss = 0.016887
[e052 s0350/1030] loss = 0.016542
[e052 s0400/1030] loss = 0.016154
[e052 s0450/1030] loss = 0.015929
[e052 s0500/1030] loss = 0.016012
[e052 s0550/1030] loss = 0.015801
[e052 s0600/1030] loss = 0.017119
[e052 s0650/1030] loss = 0.017098
[e052 s0700/1030] loss = 0.017227
[e052 s0750/1030] loss = 0.016930
[e052 s0800/1030] loss = 0.017131
[e052 s0850/1030] loss = 0.017118
[e052 s0900/1030] loss = 0.017265
[e052 s0950/1030] loss = 0.017052
[e052 s1000/1030] loss = 0.016990
Epoch 052: train_loss = 0.016821  MAE/GAME0 = 16.325  RMSE = 37.671  GAME1 = 21.173  GAME2 = 24.009  GAME3 = 25.166  lr = 1.00e-05  time = 7.6s
[e053 s0001/1030] loss = 0.007196
[e053 s0050/1030] loss = 0.020443
[e053 s0100/1030] loss = 0.016159
[e053 s0150/1030] loss = 0.014985
[e053 s0200/1030] loss = 0.014286
[e053 s0250/1030] loss = 0.013914
[e053 s0300/1030] loss = 0.014197
[e053 s0350/1030] loss = 0.015203
[e053 s0400/1030] loss = 0.015629
[e053 s0450/1030] loss = 0.015149
[e053 s0500/1030] loss = 0.015697
[e053 s0550/1030] loss = 0.015753
[e053 s0600/1030] loss = 0.015343
[e053 s0650/1030] loss = 0.015032
[e053 s0700/1030] loss = 0.014835
[e053 s0750/1030] loss = 0.014936
[e053 s0800/1030] loss = 0.015428
[e053 s0850/1030] loss = 0.015507
[e053 s0900/1030] loss = 0.016038
[e053 s0950/1030] loss = 0.016254
[e053 s1000/1030] loss = 0.016270
Epoch 053: train_loss = 0.016084  MAE/GAME0 = 16.109  RMSE = 37.424  GAME1 = 21.199  GAME2 = 24.180  GAME3 = 25.406  lr = 1.00e-05  time = 7.6s
[e054 s0001/1030] loss = 0.002255
[e054 s0050/1030] loss = 0.014727
[e054 s0100/1030] loss = 0.014325
[e054 s0150/1030] loss = 0.016280
[e054 s0200/1030] loss = 0.016317
[e054 s0250/1030] loss = 0.017060
[e054 s0300/1030] loss = 0.016258
[e054 s0350/1030] loss = 0.016285
[e054 s0400/1030] loss = 0.017318
[e054 s0450/1030] loss = 0.016880
[e054 s0500/1030] loss = 0.016616
[e054 s0550/1030] loss = 0.016127
[e054 s0600/1030] loss = 0.015890
[e054 s0650/1030] loss = 0.015848
[e054 s0700/1030] loss = 0.015608
[e054 s0750/1030] loss = 0.015468
[e054 s0800/1030] loss = 0.015256
[e054 s0850/1030] loss = 0.015621
[e054 s0900/1030] loss = 0.015492
[e054 s0950/1030] loss = 0.015321
[e054 s1000/1030] loss = 0.015432
Epoch 054: train_loss = 0.015234  MAE/GAME0 = 15.941  RMSE = 37.226  GAME1 = 21.235  GAME2 = 24.334  GAME3 = 25.616  lr = 1.00e-05  time = 7.5s
[e055 s0001/1030] loss = 0.005618
[e055 s0050/1030] loss = 0.016998
[e055 s0100/1030] loss = 0.017809
[e055 s0150/1030] loss = 0.017072
[e055 s0200/1030] loss = 0.016464
[e055 s0250/1030] loss = 0.016252
[e055 s0300/1030] loss = 0.017479
[e055 s0350/1030] loss = 0.017106
[e055 s0400/1030] loss = 0.016384
[e055 s0450/1030] loss = 0.017015
[e055 s0500/1030] loss = 0.017107
[e055 s0550/1030] loss = 0.017708
[e055 s0600/1030] loss = 0.017102
[e055 s0650/1030] loss = 0.016703
[e055 s0700/1030] loss = 0.016990
[e055 s0750/1030] loss = 0.016627
[e055 s0800/1030] loss = 0.016593
[e055 s0850/1030] loss = 0.016540
[e055 s0900/1030] loss = 0.016424
[e055 s0950/1030] loss = 0.016470
[e055 s1000/1030] loss = 0.016227
Epoch 055: train_loss = 0.016073  MAE/GAME0 = 16.522  RMSE = 37.863  GAME1 = 21.166  GAME2 = 23.889  GAME3 = 24.992  lr = 1.00e-05  time = 7.6s
[e056 s0001/1030] loss = 0.004799
[e056 s0050/1030] loss = 0.031459
[e056 s0100/1030] loss = 0.024415
[e056 s0150/1030] loss = 0.023505
[e056 s0200/1030] loss = 0.020651
[e056 s0250/1030] loss = 0.021212
[e056 s0300/1030] loss = 0.019305
[e056 s0350/1030] loss = 0.017878
[e056 s0400/1030] loss = 0.017182
[e056 s0450/1030] loss = 0.016696
[e056 s0500/1030] loss = 0.016539
[e056 s0550/1030] loss = 0.016269
[e056 s0600/1030] loss = 0.016131
[e056 s0650/1030] loss = 0.015950
[e056 s0700/1030] loss = 0.016139
[e056 s0750/1030] loss = 0.016718
[e056 s0800/1030] loss = 0.016732
[e056 s0850/1030] loss = 0.016934
[e056 s0900/1030] loss = 0.016878
[e056 s0950/1030] loss = 0.016654
[e056 s1000/1030] loss = 0.016470
Epoch 056: train_loss = 0.016371  MAE/GAME0 = 15.772  RMSE = 37.023  GAME1 = 21.287  GAME2 = 24.509  GAME3 = 25.846  lr = 1.00e-05  time = 7.5s
[e057 s0001/1030] loss = 0.004590
[e057 s0050/1030] loss = 0.014416
[e057 s0100/1030] loss = 0.013162
[e057 s0150/1030] loss = 0.013169
[e057 s0200/1030] loss = 0.013260
[e057 s0250/1030] loss = 0.013718
[e057 s0300/1030] loss = 0.013835
[e057 s0350/1030] loss = 0.014333
[e057 s0400/1030] loss = 0.014918
[e057 s0450/1030] loss = 0.014813
[e057 s0500/1030] loss = 0.014468
[e057 s0550/1030] loss = 0.014821
[e057 s0600/1030] loss = 0.014791
[e057 s0650/1030] loss = 0.015550
[e057 s0700/1030] loss = 0.015406
[e057 s0750/1030] loss = 0.015492
[e057 s0800/1030] loss = 0.015546
[e057 s0850/1030] loss = 0.015388
[e057 s0900/1030] loss = 0.015560
[e057 s0950/1030] loss = 0.015536
[e057 s1000/1030] loss = 0.015780
Epoch 057: train_loss = 0.016201  MAE/GAME0 = 15.928  RMSE = 37.210  GAME1 = 21.238  GAME2 = 24.347  GAME3 = 25.633  lr = 1.00e-05  time = 7.5s
[e058 s0001/1030] loss = 0.010615
[e058 s0050/1030] loss = 0.021155
[e058 s0100/1030] loss = 0.016837
[e058 s0150/1030] loss = 0.015036
[e058 s0200/1030] loss = 0.016007
[e058 s0250/1030] loss = 0.015519
[e058 s0300/1030] loss = 0.016897
[e058 s0350/1030] loss = 0.017247
[e058 s0400/1030] loss = 0.016989
[e058 s0450/1030] loss = 0.016802
[e058 s0500/1030] loss = 0.016116
[e058 s0550/1030] loss = 0.016118
[e058 s0600/1030] loss = 0.015985
[e058 s0650/1030] loss = 0.015611
[e058 s0700/1030] loss = 0.015471
[e058 s0750/1030] loss = 0.015292
[e058 s0800/1030] loss = 0.015107
[e058 s0850/1030] loss = 0.015112
[e058 s0900/1030] loss = 0.015990
[e058 s0950/1030] loss = 0.015913
[e058 s1000/1030] loss = 0.015993
Epoch 058: train_loss = 0.015986  MAE/GAME0 = 15.830  RMSE = 37.092  GAME1 = 21.266  GAME2 = 24.448  GAME3 = 25.766  lr = 1.00e-05  time = 7.5s
[e059 s0001/1030] loss = 0.001363
[e059 s0050/1030] loss = 0.011137
[e059 s0100/1030] loss = 0.013960
[e059 s0150/1030] loss = 0.014680
[e059 s0200/1030] loss = 0.015713
[e059 s0250/1030] loss = 0.016241
[e059 s0300/1030] loss = 0.016926
[e059 s0350/1030] loss = 0.016340
[e059 s0400/1030] loss = 0.016584
[e059 s0450/1030] loss = 0.016374
[e059 s0500/1030] loss = 0.016237
[e059 s0550/1030] loss = 0.015970
[e059 s0600/1030] loss = 0.015412
[e059 s0650/1030] loss = 0.015924
[e059 s0700/1030] loss = 0.015841
[e059 s0750/1030] loss = 0.015568
[e059 s0800/1030] loss = 0.015851
[e059 s0850/1030] loss = 0.016017
[e059 s0900/1030] loss = 0.016319
[e059 s0950/1030] loss = 0.016291
[e059 s1000/1030] loss = 0.016539
Epoch 059: train_loss = 0.016589  MAE/GAME0 = 15.817  RMSE = 37.076  GAME1 = 21.271  GAME2 = 24.461  GAME3 = 25.783  lr = 1.00e-05  time = 7.5s
[e060 s0001/1030] loss = 0.004572
[e060 s0050/1030] loss = 0.024303
[e060 s0100/1030] loss = 0.017418
[e060 s0150/1030] loss = 0.016686
[e060 s0200/1030] loss = 0.018692
[e060 s0250/1030] loss = 0.017984
[e060 s0300/1030] loss = 0.018456
[e060 s0350/1030] loss = 0.017870
[e060 s0400/1030] loss = 0.019276
[e060 s0450/1030] loss = 0.018621
[e060 s0500/1030] loss = 0.018067
[e060 s0550/1030] loss = 0.017780
[e060 s0600/1030] loss = 0.017682
[e060 s0650/1030] loss = 0.017456
[e060 s0700/1030] loss = 0.016956
[e060 s0750/1030] loss = 0.016704
[e060 s0800/1030] loss = 0.016425
[e060 s0850/1030] loss = 0.016276
[e060 s0900/1030] loss = 0.016078
[e060 s0950/1030] loss = 0.016060
[e060 s1000/1030] loss = 0.016027
Epoch 060: train_loss = 0.015913  MAE/GAME0 = 15.488  RMSE = 36.604  GAME1 = 21.450  GAME2 = 24.948  GAME3 = 26.390  lr = 1.00e-05  time = 7.6s
[e061 s0001/1030] loss = 0.006589
[e061 s0050/1030] loss = 0.017228
[e061 s0100/1030] loss = 0.017832
[e061 s0150/1030] loss = 0.016550
[e061 s0200/1030] loss = 0.015967
[e061 s0250/1030] loss = 0.015688
[e061 s0300/1030] loss = 0.015492
[e061 s0350/1030] loss = 0.015078
[e061 s0400/1030] loss = 0.015132
[e061 s0450/1030] loss = 0.015060
[e061 s0500/1030] loss = 0.014872
[e061 s0550/1030] loss = 0.014763
[e061 s0600/1030] loss = 0.016075
[e061 s0650/1030] loss = 0.016132
[e061 s0700/1030] loss = 0.015809
[e061 s0750/1030] loss = 0.016420
[e061 s0800/1030] loss = 0.016229
[e061 s0850/1030] loss = 0.016292
[e061 s0900/1030] loss = 0.016166
[e061 s0950/1030] loss = 0.016113
[e061 s1000/1030] loss = 0.016343
Epoch 061: train_loss = 0.016346  MAE/GAME0 = 15.421  RMSE = 36.480  GAME1 = 21.513  GAME2 = 25.102  GAME3 = 26.573  lr = 1.00e-05  time = 7.6s
[e062 s0001/1030] loss = 0.001774
[e062 s0050/1030] loss = 0.017069
[e062 s0100/1030] loss = 0.020832
[e062 s0150/1030] loss = 0.018025
[e062 s0200/1030] loss = 0.017151
[e062 s0250/1030] loss = 0.016052
[e062 s0300/1030] loss = 0.014936
[e062 s0350/1030] loss = 0.014248
[e062 s0400/1030] loss = 0.014283
[e062 s0450/1030] loss = 0.014222
[e062 s0500/1030] loss = 0.013991
[e062 s0550/1030] loss = 0.014274
[e062 s0600/1030] loss = 0.013964
[e062 s0650/1030] loss = 0.013986
[e062 s0700/1030] loss = 0.015122
[e062 s0750/1030] loss = 0.015433
[e062 s0800/1030] loss = 0.015517
[e062 s0850/1030] loss = 0.015992
[e062 s0900/1030] loss = 0.016298
[e062 s0950/1030] loss = 0.016178
[e062 s1000/1030] loss = 0.016235
Epoch 062: train_loss = 0.016296  MAE/GAME0 = 15.851  RMSE = 37.117  GAME1 = 21.260  GAME2 = 24.426  GAME3 = 25.737  lr = 1.00e-05  time = 7.6s
[e063 s0001/1030] loss = 0.011931
[e063 s0050/1030] loss = 0.026110
[e063 s0100/1030] loss = 0.018387
[e063 s0150/1030] loss = 0.019787
[e063 s0200/1030] loss = 0.018413
[e063 s0250/1030] loss = 0.017445
[e063 s0300/1030] loss = 0.016628
[e063 s0350/1030] loss = 0.015936
[e063 s0400/1030] loss = 0.015685
[e063 s0450/1030] loss = 0.016243
[e063 s0500/1030] loss = 0.018209
[e063 s0550/1030] loss = 0.017387
[e063 s0600/1030] loss = 0.017028
[e063 s0650/1030] loss = 0.017075
[e063 s0700/1030] loss = 0.017308
[e063 s0750/1030] loss = 0.017520
[e063 s0800/1030] loss = 0.017575
[e063 s0850/1030] loss = 0.017270
[e063 s0900/1030] loss = 0.016953
[e063 s0950/1030] loss = 0.016729
[e063 s1000/1030] loss = 0.016511
Epoch 063: train_loss = 0.016555  MAE/GAME0 = 15.595  RMSE = 36.786  GAME1 = 21.371  GAME2 = 24.744  GAME3 = 26.140  lr = 1.00e-05  time = 7.8s
[e064 s0001/1030] loss = 0.027049
[e064 s0050/1030] loss = 0.012334
[e064 s0100/1030] loss = 0.012897
[e064 s0150/1030] loss = 0.013543
[e064 s0200/1030] loss = 0.013643
[e064 s0250/1030] loss = 0.014203
[e064 s0300/1030] loss = 0.014259
[e064 s0350/1030] loss = 0.014449
[e064 s0400/1030] loss = 0.014110
[e064 s0450/1030] loss = 0.014589
[e064 s0500/1030] loss = 0.014267
[e064 s0550/1030] loss = 0.014135
[e064 s0600/1030] loss = 0.014380
[e064 s0650/1030] loss = 0.014600
[e064 s0700/1030] loss = 0.015781
[e064 s0750/1030] loss = 0.015775
[e064 s0800/1030] loss = 0.015521
[e064 s0850/1030] loss = 0.015198
[e064 s0900/1030] loss = 0.015381
[e064 s0950/1030] loss = 0.015541
[e064 s1000/1030] loss = 0.015359
Epoch 064: train_loss = 0.015212  MAE/GAME0 = 15.889  RMSE = 37.162  GAME1 = 21.249  GAME2 = 24.388  GAME3 = 25.688  lr = 1.00e-05  time = 7.6s
[e065 s0001/1030] loss = 0.010773
[e065 s0050/1030] loss = 0.026322
[e065 s0100/1030] loss = 0.022209
[e065 s0150/1030] loss = 0.018631
[e065 s0200/1030] loss = 0.016929
[e065 s0250/1030] loss = 0.016257
[e065 s0300/1030] loss = 0.016046
[e065 s0350/1030] loss = 0.016400
[e065 s0400/1030] loss = 0.015932
[e065 s0450/1030] loss = 0.016048
[e065 s0500/1030] loss = 0.016235
[e065 s0550/1030] loss = 0.016607
[e065 s0600/1030] loss = 0.016928
[e065 s0650/1030] loss = 0.016793
[e065 s0700/1030] loss = 0.016625
[e065 s0750/1030] loss = 0.016860
[e065 s0800/1030] loss = 0.016749
[e065 s0850/1030] loss = 0.016569
[e065 s0900/1030] loss = 0.016378
[e065 s0950/1030] loss = 0.016474
[e065 s1000/1030] loss = 0.016365
Epoch 065: train_loss = 0.016323  MAE/GAME0 = 15.801  RMSE = 37.058  GAME1 = 21.276  GAME2 = 24.479  GAME3 = 25.807  lr = 1.00e-05  time = 7.7s
[e066 s0001/1030] loss = 0.000785
[e066 s0050/1030] loss = 0.013644
[e066 s0100/1030] loss = 0.013657
[e066 s0150/1030] loss = 0.013698
[e066 s0200/1030] loss = 0.013478
[e066 s0250/1030] loss = 0.013300
[e066 s0300/1030] loss = 0.013108
[e066 s0350/1030] loss = 0.015869
[e066 s0400/1030] loss = 0.015719
[e066 s0450/1030] loss = 0.015182
[e066 s0500/1030] loss = 0.015960
[e066 s0550/1030] loss = 0.016038
[e066 s0600/1030] loss = 0.016543
[e066 s0650/1030] loss = 0.016363
[e066 s0700/1030] loss = 0.016410
[e066 s0750/1030] loss = 0.016753
[e066 s0800/1030] loss = 0.016457
[e066 s0850/1030] loss = 0.016203
[e066 s0900/1030] loss = 0.016165
[e066 s0950/1030] loss = 0.015849
[e066 s1000/1030] loss = 0.015843
Epoch 066: train_loss = 0.015698  MAE/GAME0 = 15.751  RMSE = 36.994  GAME1 = 21.297  GAME2 = 24.537  GAME3 = 25.882  lr = 1.00e-05  time = 7.7s
[e067 s0001/1030] loss = 0.011339
[e067 s0050/1030] loss = 0.012422
[e067 s0100/1030] loss = 0.014983
[e067 s0150/1030] loss = 0.014556
[e067 s0200/1030] loss = 0.015344
[e067 s0250/1030] loss = 0.014278
[e067 s0300/1030] loss = 0.015226
[e067 s0350/1030] loss = 0.015041
[e067 s0400/1030] loss = 0.015152
[e067 s0450/1030] loss = 0.014743
[e067 s0500/1030] loss = 0.015457
[e067 s0550/1030] loss = 0.015708
[e067 s0600/1030] loss = 0.015555
[e067 s0650/1030] loss = 0.015668
[e067 s0700/1030] loss = 0.015766
[e067 s0750/1030] loss = 0.016054
[e067 s0800/1030] loss = 0.016073
[e067 s0850/1030] loss = 0.016081
[e067 s0900/1030] loss = 0.016223
[e067 s0950/1030] loss = 0.016096
[e067 s1000/1030] loss = 0.015931
Epoch 067: train_loss = 0.015743  MAE/GAME0 = 15.488  RMSE = 36.604  GAME1 = 21.450  GAME2 = 24.948  GAME3 = 26.391  lr = 1.00e-05  time = 7.6s
[e068 s0001/1030] loss = 0.021297
[e068 s0050/1030] loss = 0.026361
[e068 s0100/1030] loss = 0.019625
[e068 s0150/1030] loss = 0.017901
[e068 s0200/1030] loss = 0.016811
[e068 s0250/1030] loss = 0.016217
[e068 s0300/1030] loss = 0.016155
[e068 s0350/1030] loss = 0.015333
[e068 s0400/1030] loss = 0.014684
[e068 s0450/1030] loss = 0.014547
[e068 s0500/1030] loss = 0.014570
[e068 s0550/1030] loss = 0.014611
[e068 s0600/1030] loss = 0.014484
[e068 s0650/1030] loss = 0.014408
[e068 s0700/1030] loss = 0.014982
[e068 s0750/1030] loss = 0.014971
[e068 s0800/1030] loss = 0.015610
[e068 s0850/1030] loss = 0.015707
[e068 s0900/1030] loss = 0.015769
[e068 s0950/1030] loss = 0.015895
[e068 s1000/1030] loss = 0.015599
Epoch 068: train_loss = 0.015502  MAE/GAME0 = 15.940  RMSE = 37.224  GAME1 = 21.235  GAME2 = 24.335  GAME3 = 25.616  lr = 1.00e-05  time = 7.6s
[e069 s0001/1030] loss = 0.005406
[e069 s0050/1030] loss = 0.016975
[e069 s0100/1030] loss = 0.015715
[e069 s0150/1030] loss = 0.016079
[e069 s0200/1030] loss = 0.018350
[e069 s0250/1030] loss = 0.016835
[e069 s0300/1030] loss = 0.016642
[e069 s0350/1030] loss = 0.018383
[e069 s0400/1030] loss = 0.017693
[e069 s0450/1030] loss = 0.017454
[e069 s0500/1030] loss = 0.017287
[e069 s0550/1030] loss = 0.017544
[e069 s0600/1030] loss = 0.017695
[e069 s0650/1030] loss = 0.017572
[e069 s0700/1030] loss = 0.017423
[e069 s0750/1030] loss = 0.017475
[e069 s0800/1030] loss = 0.017114
[e069 s0850/1030] loss = 0.016892
[e069 s0900/1030] loss = 0.017047
[e069 s0950/1030] loss = 0.016942
[e069 s1000/1030] loss = 0.016810
Epoch 069: train_loss = 0.016736  MAE/GAME0 = 15.533  RMSE = 36.692  GAME1 = 21.411  GAME2 = 24.847  GAME3 = 26.266  lr = 1.00e-05  time = 7.6s
[e070 s0001/1030] loss = 0.005568
[e070 s0050/1030] loss = 0.012236
[e070 s0100/1030] loss = 0.011685
[e070 s0150/1030] loss = 0.011272
[e070 s0200/1030] loss = 0.012301
[e070 s0250/1030] loss = 0.013017
[e070 s0300/1030] loss = 0.013284
[e070 s0350/1030] loss = 0.013691
[e070 s0400/1030] loss = 0.013897
[e070 s0450/1030] loss = 0.014976
[e070 s0500/1030] loss = 0.015655
[e070 s0550/1030] loss = 0.015730
[e070 s0600/1030] loss = 0.015282
[e070 s0650/1030] loss = 0.015385
[e070 s0700/1030] loss = 0.015291
[e070 s0750/1030] loss = 0.015324
[e070 s0800/1030] loss = 0.015028
[e070 s0850/1030] loss = 0.014875
[e070 s0900/1030] loss = 0.015033
[e070 s0950/1030] loss = 0.015174
[e070 s1000/1030] loss = 0.015193
Epoch 070: train_loss = 0.015226  MAE/GAME0 = 15.898  RMSE = 37.173  GAME1 = 21.246  GAME2 = 24.377  GAME3 = 25.673  lr = 1.00e-05  time = 7.7s
[e071 s0001/1030] loss = 0.011744
[e071 s0050/1030] loss = 0.012451
[e071 s0100/1030] loss = 0.014834
[e071 s0150/1030] loss = 0.015462
[e071 s0200/1030] loss = 0.015028
[e071 s0250/1030] loss = 0.014939
[e071 s0300/1030] loss = 0.016627
[e071 s0350/1030] loss = 0.016815
[e071 s0400/1030] loss = 0.016502
[e071 s0450/1030] loss = 0.016348
[e071 s0500/1030] loss = 0.015969
[e071 s0550/1030] loss = 0.015827
[e071 s0600/1030] loss = 0.015305
[e071 s0650/1030] loss = 0.015300
[e071 s0700/1030] loss = 0.016320
[e071 s0750/1030] loss = 0.016171
[e071 s0800/1030] loss = 0.016050
[e071 s0850/1030] loss = 0.016067
[e071 s0900/1030] loss = 0.015919
[e071 s0950/1030] loss = 0.015730
[e071 s1000/1030] loss = 0.015678
Epoch 071: train_loss = 0.015577  MAE/GAME0 = 16.009  RMSE = 37.310  GAME1 = 21.218  GAME2 = 24.267  GAME3 = 25.524  lr = 1.00e-05  time = 7.6s
[e072 s0001/1030] loss = 0.005492
[e072 s0050/1030] loss = 0.014633
[e072 s0100/1030] loss = 0.019508
[e072 s0150/1030] loss = 0.018829
[e072 s0200/1030] loss = 0.016837
[e072 s0250/1030] loss = 0.016171
[e072 s0300/1030] loss = 0.015534
[e072 s0350/1030] loss = 0.015307
[e072 s0400/1030] loss = 0.015662
[e072 s0450/1030] loss = 0.017467
[e072 s0500/1030] loss = 0.016701
[e072 s0550/1030] loss = 0.016663
[e072 s0600/1030] loss = 0.016422
[e072 s0650/1030] loss = 0.016087
[e072 s0700/1030] loss = 0.016403
[e072 s0750/1030] loss = 0.016212
[e072 s0800/1030] loss = 0.016090
[e072 s0850/1030] loss = 0.016126
[e072 s0900/1030] loss = 0.016087
[e072 s0950/1030] loss = 0.015800
[e072 s1000/1030] loss = 0.015644
Epoch 072: train_loss = 0.015540  MAE/GAME0 = 15.591  RMSE = 36.782  GAME1 = 21.372  GAME2 = 24.748  GAME3 = 26.146  lr = 1.00e-05  time = 7.7s
[e073 s0001/1030] loss = 0.025466
[e073 s0050/1030] loss = 0.012152
[e073 s0100/1030] loss = 0.012631
[e073 s0150/1030] loss = 0.012547
[e073 s0200/1030] loss = 0.013598
[e073 s0250/1030] loss = 0.013658
[e073 s0300/1030] loss = 0.013995
[e073 s0350/1030] loss = 0.013732
[e073 s0400/1030] loss = 0.014443
[e073 s0450/1030] loss = 0.014689
[e073 s0500/1030] loss = 0.014404
[e073 s0550/1030] loss = 0.015241
[e073 s0600/1030] loss = 0.015176
[e073 s0650/1030] loss = 0.015147
[e073 s0700/1030] loss = 0.015698
[e073 s0750/1030] loss = 0.015525
[e073 s0800/1030] loss = 0.015526
[e073 s0850/1030] loss = 0.015409
[e073 s0900/1030] loss = 0.015301
[e073 s0950/1030] loss = 0.015104
[e073 s1000/1030] loss = 0.014919
Epoch 073: train_loss = 0.014878  MAE/GAME0 = 15.873  RMSE = 37.144  GAME1 = 21.253  GAME2 = 24.402  GAME3 = 25.706  lr = 1.00e-05  time = 7.5s
[e074 s0001/1030] loss = 0.005923
[e074 s0050/1030] loss = 0.014381
[e074 s0100/1030] loss = 0.015158
[e074 s0150/1030] loss = 0.015714
[e074 s0200/1030] loss = 0.015269
[e074 s0250/1030] loss = 0.014870
[e074 s0300/1030] loss = 0.014440
[e074 s0350/1030] loss = 0.014826
[e074 s0400/1030] loss = 0.014288
[e074 s0450/1030] loss = 0.014210
[e074 s0500/1030] loss = 0.014816
[e074 s0550/1030] loss = 0.014875
[e074 s0600/1030] loss = 0.015139
[e074 s0650/1030] loss = 0.015026
[e074 s0700/1030] loss = 0.015038
[e074 s0750/1030] loss = 0.015700
[e074 s0800/1030] loss = 0.015676
[e074 s0850/1030] loss = 0.015294
[e074 s0900/1030] loss = 0.014985
[e074 s0950/1030] loss = 0.015044
[e074 s1000/1030] loss = 0.015102
Epoch 074: train_loss = 0.015139  MAE/GAME0 = 15.937  RMSE = 37.221  GAME1 = 21.236  GAME2 = 24.338  GAME3 = 25.621  lr = 1.00e-05  time = 7.6s
[e075 s0001/1030] loss = 0.044198
[e075 s0050/1030] loss = 0.013902
[e075 s0100/1030] loss = 0.011790
[e075 s0150/1030] loss = 0.013483
[e075 s0200/1030] loss = 0.015126
[e075 s0250/1030] loss = 0.014233
[e075 s0300/1030] loss = 0.014337
[e075 s0350/1030] loss = 0.014155
[e075 s0400/1030] loss = 0.014696
[e075 s0450/1030] loss = 0.014174
[e075 s0500/1030] loss = 0.014199
[e075 s0550/1030] loss = 0.014454
[e075 s0600/1030] loss = 0.015869
[e075 s0650/1030] loss = 0.015815
[e075 s0700/1030] loss = 0.016116
[e075 s0750/1030] loss = 0.015854
[e075 s0800/1030] loss = 0.015694
[e075 s0850/1030] loss = 0.015458
[e075 s0900/1030] loss = 0.015383
[e075 s0950/1030] loss = 0.015503
[e075 s1000/1030] loss = 0.015291
Epoch 075: train_loss = 0.015298  MAE/GAME0 = 15.687  RMSE = 36.907  GAME1 = 21.325  GAME2 = 24.620  GAME3 = 25.987  lr = 1.00e-05  time = 7.5s
[e076 s0001/1030] loss = 0.009445
[e076 s0050/1030] loss = 0.018529
[e076 s0100/1030] loss = 0.017353
[e076 s0150/1030] loss = 0.020003
[e076 s0200/1030] loss = 0.018533
[e076 s0250/1030] loss = 0.017422
[e076 s0300/1030] loss = 0.016563
[e076 s0350/1030] loss = 0.016228
[e076 s0400/1030] loss = 0.015934
[e076 s0450/1030] loss = 0.015576
[e076 s0500/1030] loss = 0.015943
[e076 s0550/1030] loss = 0.016216
[e076 s0600/1030] loss = 0.016144
[e076 s0650/1030] loss = 0.016054
[e076 s0700/1030] loss = 0.015870
[e076 s0750/1030] loss = 0.015829
[e076 s0800/1030] loss = 0.016795
[e076 s0850/1030] loss = 0.016868
[e076 s0900/1030] loss = 0.016777
[e076 s0950/1030] loss = 0.016460
[e076 s1000/1030] loss = 0.016284
Epoch 076: train_loss = 0.016548  MAE/GAME0 = 16.038  RMSE = 37.346  GAME1 = 21.211  GAME2 = 24.239  GAME3 = 25.486  lr = 1.00e-05  time = 7.5s
[e077 s0001/1030] loss = 0.001403
[e077 s0050/1030] loss = 0.018854
[e077 s0100/1030] loss = 0.016274
[e077 s0150/1030] loss = 0.014395
[e077 s0200/1030] loss = 0.014110
[e077 s0250/1030] loss = 0.013308
[e077 s0300/1030] loss = 0.013193
[e077 s0350/1030] loss = 0.013560
[e077 s0400/1030] loss = 0.013502
[e077 s0450/1030] loss = 0.015028
[e077 s0500/1030] loss = 0.015250
[e077 s0550/1030] loss = 0.015269
[e077 s0600/1030] loss = 0.015048
[e077 s0650/1030] loss = 0.015294
[e077 s0700/1030] loss = 0.015318
[e077 s0750/1030] loss = 0.015386
[e077 s0800/1030] loss = 0.015589
[e077 s0850/1030] loss = 0.015388
[e077 s0900/1030] loss = 0.015288
[e077 s0950/1030] loss = 0.015123
[e077 s1000/1030] loss = 0.015588
Epoch 077: train_loss = 0.015699  MAE/GAME0 = 15.782  RMSE = 37.035  GAME1 = 21.283  GAME2 = 24.498  GAME3 = 25.830  lr = 1.00e-05  time = 7.7s
[e078 s0001/1030] loss = 0.012206
[e078 s0050/1030] loss = 0.012873
[e078 s0100/1030] loss = 0.014431
[e078 s0150/1030] loss = 0.016820
[e078 s0200/1030] loss = 0.015132
[e078 s0250/1030] loss = 0.014505
[e078 s0300/1030] loss = 0.015098
[e078 s0350/1030] loss = 0.015805
[e078 s0400/1030] loss = 0.015429
[e078 s0450/1030] loss = 0.014993
[e078 s0500/1030] loss = 0.015007
[e078 s0550/1030] loss = 0.014769
[e078 s0600/1030] loss = 0.014621
[e078 s0650/1030] loss = 0.014609
[e078 s0700/1030] loss = 0.014669
[e078 s0750/1030] loss = 0.014811
[e078 s0800/1030] loss = 0.014807
[e078 s0850/1030] loss = 0.014717
[e078 s0900/1030] loss = 0.014631
[e078 s0950/1030] loss = 0.014841
[e078 s1000/1030] loss = 0.015109
Epoch 078: train_loss = 0.015214  MAE/GAME0 = 15.749  RMSE = 36.992  GAME1 = 21.297  GAME2 = 24.538  GAME3 = 25.882  lr = 1.00e-05  time = 7.6s
[e079 s0001/1030] loss = 0.008164
[e079 s0050/1030] loss = 0.015556
[e079 s0100/1030] loss = 0.016271
[e079 s0150/1030] loss = 0.015413
[e079 s0200/1030] loss = 0.014853
[e079 s0250/1030] loss = 0.015168
[e079 s0300/1030] loss = 0.015645
[e079 s0350/1030] loss = 0.016071
[e079 s0400/1030] loss = 0.016601
[e079 s0450/1030] loss = 0.016558
[e079 s0500/1030] loss = 0.016678
[e079 s0550/1030] loss = 0.016321
[e079 s0600/1030] loss = 0.016302
[e079 s0650/1030] loss = 0.015967
[e079 s0700/1030] loss = 0.015693
[e079 s0750/1030] loss = 0.015581
[e079 s0800/1030] loss = 0.016242
[e079 s0850/1030] loss = 0.017337
[e079 s0900/1030] loss = 0.017448
[e079 s0950/1030] loss = 0.017122
[e079 s1000/1030] loss = 0.016887
Epoch 079: train_loss = 0.016653  MAE/GAME0 = 16.281  RMSE = 37.619  GAME1 = 21.177  GAME2 = 24.043  GAME3 = 25.215  lr = 1.00e-05  time = 7.5s
[e080 s0001/1030] loss = 0.001568
[e080 s0050/1030] loss = 0.021485
[e080 s0100/1030] loss = 0.022397
[e080 s0150/1030] loss = 0.019451
[e080 s0200/1030] loss = 0.017938
[e080 s0250/1030] loss = 0.017204
[e080 s0300/1030] loss = 0.018630
[e080 s0350/1030] loss = 0.017407
[e080 s0400/1030] loss = 0.017571
[e080 s0450/1030] loss = 0.016888
[e080 s0500/1030] loss = 0.016707
[e080 s0550/1030] loss = 0.016801
[e080 s0600/1030] loss = 0.016904
[e080 s0650/1030] loss = 0.016643
[e080 s0700/1030] loss = 0.017056
[e080 s0750/1030] loss = 0.016850
[e080 s0800/1030] loss = 0.017068
[e080 s0850/1030] loss = 0.016828
[e080 s0900/1030] loss = 0.016663
[e080 s0950/1030] loss = 0.016499
[e080 s1000/1030] loss = 0.016475
Epoch 080: train_loss = 0.016610  MAE/GAME0 = 16.164  RMSE = 37.486  GAME1 = 21.192  GAME2 = 24.136  GAME3 = 25.344  lr = 1.00e-05  time = 7.6s
[e081 s0001/1030] loss = 0.002931
[e081 s0050/1030] loss = 0.018157
[e081 s0100/1030] loss = 0.015723
[e081 s0150/1030] loss = 0.018133
[e081 s0200/1030] loss = 0.017254
[e081 s0250/1030] loss = 0.016694
[e081 s0300/1030] loss = 0.015873
[e081 s0350/1030] loss = 0.016630
[e081 s0400/1030] loss = 0.016725
[e081 s0450/1030] loss = 0.016400
[e081 s0500/1030] loss = 0.017337
[e081 s0550/1030] loss = 0.016962
[e081 s0600/1030] loss = 0.016776
[e081 s0650/1030] loss = 0.016884
[e081 s0700/1030] loss = 0.016761
[e081 s0750/1030] loss = 0.016371
[e081 s0800/1030] loss = 0.016342
[e081 s0850/1030] loss = 0.016209
[e081 s0900/1030] loss = 0.016325
[e081 s0950/1030] loss = 0.016250
[e081 s1000/1030] loss = 0.016065
Epoch 081: train_loss = 0.015971  MAE/GAME0 = 15.407  RMSE = 36.435  GAME1 = 21.538  GAME2 = 25.161  GAME3 = 26.644  lr = 1.00e-05  time = 7.6s
[e082 s0001/1030] loss = 0.008684
[e082 s0050/1030] loss = 0.023111
[e082 s0100/1030] loss = 0.022784
[e082 s0150/1030] loss = 0.019783
[e082 s0200/1030] loss = 0.018026
[e082 s0250/1030] loss = 0.017908
[e082 s0300/1030] loss = 0.019066
[e082 s0350/1030] loss = 0.017818
[e082 s0400/1030] loss = 0.017849
[e082 s0450/1030] loss = 0.018172
[e082 s0500/1030] loss = 0.018221
[e082 s0550/1030] loss = 0.018421
[e082 s0600/1030] loss = 0.019204
[e082 s0650/1030] loss = 0.019128
[e082 s0700/1030] loss = 0.018889
[e082 s0750/1030] loss = 0.018694
[e082 s0800/1030] loss = 0.018587
[e082 s0850/1030] loss = 0.018197
[e082 s0900/1030] loss = 0.018001
[e082 s0950/1030] loss = 0.017680
[e082 s1000/1030] loss = 0.017351
Epoch 082: train_loss = 0.017371  MAE/GAME0 = 16.245  RMSE = 37.578  GAME1 = 21.182  GAME2 = 24.071  GAME3 = 25.254  lr = 1.00e-05  time = 7.5s
[e083 s0001/1030] loss = 0.010219
[e083 s0050/1030] loss = 0.017023
[e083 s0100/1030] loss = 0.017698
[e083 s0150/1030] loss = 0.016183
[e083 s0200/1030] loss = 0.015660
[e083 s0250/1030] loss = 0.014833
[e083 s0300/1030] loss = 0.014751
[e083 s0350/1030] loss = 0.014560
[e083 s0400/1030] loss = 0.014735
[e083 s0450/1030] loss = 0.014803
[e083 s0500/1030] loss = 0.015406
[e083 s0550/1030] loss = 0.014965
[e083 s0600/1030] loss = 0.015397
[e083 s0650/1030] loss = 0.015120
[e083 s0700/1030] loss = 0.015817
[e083 s0750/1030] loss = 0.015771
[e083 s0800/1030] loss = 0.015646
[e083 s0850/1030] loss = 0.015445
[e083 s0900/1030] loss = 0.015411
[e083 s0950/1030] loss = 0.015631
[e083 s1000/1030] loss = 0.015619
Epoch 083: train_loss = 0.015985  MAE/GAME0 = 16.144  RMSE = 37.464  GAME1 = 21.195  GAME2 = 24.152  GAME3 = 25.367  lr = 1.00e-05  time = 7.6s
[e084 s0001/1030] loss = 0.011273
[e084 s0050/1030] loss = 0.020368
[e084 s0100/1030] loss = 0.019539
[e084 s0150/1030] loss = 0.017739
[e084 s0200/1030] loss = 0.016264
[e084 s0250/1030] loss = 0.016881
[e084 s0300/1030] loss = 0.016214
[e084 s0350/1030] loss = 0.016091
[e084 s0400/1030] loss = 0.016752
[e084 s0450/1030] loss = 0.016113
[e084 s0500/1030] loss = 0.015813
[e084 s0550/1030] loss = 0.015724
[e084 s0600/1030] loss = 0.015373
[e084 s0650/1030] loss = 0.015090
[e084 s0700/1030] loss = 0.014973
[e084 s0750/1030] loss = 0.014791
[e084 s0800/1030] loss = 0.014952
[e084 s0850/1030] loss = 0.015081
[e084 s0900/1030] loss = 0.015256
[e084 s0950/1030] loss = 0.015263
[e084 s1000/1030] loss = 0.015078
Epoch 084: train_loss = 0.015010  MAE/GAME0 = 16.045  RMSE = 37.354  GAME1 = 21.210  GAME2 = 24.232  GAME3 = 25.477  lr = 1.00e-05  time = 7.6s
[e085 s0001/1030] loss = 0.042656
[e085 s0050/1030] loss = 0.015004
[e085 s0100/1030] loss = 0.015829
[e085 s0150/1030] loss = 0.019253
[e085 s0200/1030] loss = 0.021569
[e085 s0250/1030] loss = 0.020642
[e085 s0300/1030] loss = 0.019408
[e085 s0350/1030] loss = 0.018378
[e085 s0400/1030] loss = 0.018503
[e085 s0450/1030] loss = 0.017688
[e085 s0500/1030] loss = 0.018181
[e085 s0550/1030] loss = 0.017629
[e085 s0600/1030] loss = 0.017529
[e085 s0650/1030] loss = 0.017285
[e085 s0700/1030] loss = 0.017379
[e085 s0750/1030] loss = 0.016913
[e085 s0800/1030] loss = 0.016643
[e085 s0850/1030] loss = 0.016915
[e085 s0900/1030] loss = 0.016768
[e085 s0950/1030] loss = 0.016691
[e085 s1000/1030] loss = 0.016618
Epoch 085: train_loss = 0.016417  MAE/GAME0 = 15.676  RMSE = 36.892  GAME1 = 21.330  GAME2 = 24.633  GAME3 = 26.003  lr = 1.00e-05  time = 7.6s
[e086 s0001/1030] loss = 0.001752
[e086 s0050/1030] loss = 0.019996
[e086 s0100/1030] loss = 0.018314
[e086 s0150/1030] loss = 0.016994
[e086 s0200/1030] loss = 0.015609
[e086 s0250/1030] loss = 0.014592
[e086 s0300/1030] loss = 0.014166
[e086 s0350/1030] loss = 0.014842
[e086 s0400/1030] loss = 0.014967
[e086 s0450/1030] loss = 0.015272
[e086 s0500/1030] loss = 0.016002
[e086 s0550/1030] loss = 0.016161
[e086 s0600/1030] loss = 0.015796
[e086 s0650/1030] loss = 0.015776
[e086 s0700/1030] loss = 0.016167
[e086 s0750/1030] loss = 0.015920
[e086 s0800/1030] loss = 0.016489
[e086 s0850/1030] loss = 0.016371
[e086 s0900/1030] loss = 0.016154
[e086 s0950/1030] loss = 0.016294
[e086 s1000/1030] loss = 0.016256
Epoch 086: train_loss = 0.016157  MAE/GAME0 = 15.549  RMSE = 36.725  GAME1 = 21.396  GAME2 = 24.810  GAME3 = 26.221  lr = 1.00e-05  time = 7.6s
[e087 s0001/1030] loss = 0.034647
[e087 s0050/1030] loss = 0.016601
[e087 s0100/1030] loss = 0.014136
[e087 s0150/1030] loss = 0.015023
[e087 s0200/1030] loss = 0.014440
[e087 s0250/1030] loss = 0.014002
[e087 s0300/1030] loss = 0.015891
[e087 s0350/1030] loss = 0.015703
[e087 s0400/1030] loss = 0.015776
[e087 s0450/1030] loss = 0.015523
[e087 s0500/1030] loss = 0.015144
[e087 s0550/1030] loss = 0.015255
[e087 s0600/1030] loss = 0.015075
[e087 s0650/1030] loss = 0.016005
[e087 s0700/1030] loss = 0.016203
[e087 s0750/1030] loss = 0.016247
[e087 s0800/1030] loss = 0.016313
[e087 s0850/1030] loss = 0.016356
[e087 s0900/1030] loss = 0.016281
[e087 s0950/1030] loss = 0.016011
[e087 s1000/1030] loss = 0.016067
Epoch 087: train_loss = 0.016274  MAE/GAME0 = 16.220  RMSE = 37.550  GAME1 = 21.184  GAME2 = 24.090  GAME3 = 25.280  lr = 1.00e-05  time = 7.5s
[e088 s0001/1030] loss = 0.010557
[e088 s0050/1030] loss = 0.014342
[e088 s0100/1030] loss = 0.022957
[e088 s0150/1030] loss = 0.020797
[e088 s0200/1030] loss = 0.019598
[e088 s0250/1030] loss = 0.017822
[e088 s0300/1030] loss = 0.017105
[e088 s0350/1030] loss = 0.017651
[e088 s0400/1030] loss = 0.017594
[e088 s0450/1030] loss = 0.017195
[e088 s0500/1030] loss = 0.018255
[e088 s0550/1030] loss = 0.017562
[e088 s0600/1030] loss = 0.017076
[e088 s0650/1030] loss = 0.018305
[e088 s0700/1030] loss = 0.018978
[e088 s0750/1030] loss = 0.018272
[e088 s0800/1030] loss = 0.017895
[e088 s0850/1030] loss = 0.017772
[e088 s0900/1030] loss = 0.017548
[e088 s0950/1030] loss = 0.017632
[e088 s1000/1030] loss = 0.017760
Epoch 088: train_loss = 0.017608  MAE/GAME0 = 16.239  RMSE = 37.571  GAME1 = 21.182  GAME2 = 24.076  GAME3 = 25.260  lr = 1.00e-05  time = 7.5s
[e089 s0001/1030] loss = 0.010494
[e089 s0050/1030] loss = 0.011703
[e089 s0100/1030] loss = 0.018800
[e089 s0150/1030] loss = 0.016441
[e089 s0200/1030] loss = 0.016400
[e089 s0250/1030] loss = 0.015329
[e089 s0300/1030] loss = 0.015335
[e089 s0350/1030] loss = 0.015122
[e089 s0400/1030] loss = 0.014738
[e089 s0450/1030] loss = 0.014667
[e089 s0500/1030] loss = 0.014730
[e089 s0550/1030] loss = 0.014742
[e089 s0600/1030] loss = 0.014473
[e089 s0650/1030] loss = 0.014602
[e089 s0700/1030] loss = 0.015239
[e089 s0750/1030] loss = 0.015151
[e089 s0800/1030] loss = 0.015543
[e089 s0850/1030] loss = 0.015497
[e089 s0900/1030] loss = 0.015260
[e089 s0950/1030] loss = 0.015318
[e089 s1000/1030] loss = 0.015150
Epoch 089: train_loss = 0.015069  MAE/GAME0 = 16.102  RMSE = 37.417  GAME1 = 21.200  GAME2 = 24.185  GAME3 = 25.413  lr = 1.00e-05  time = 7.5s
[e090 s0001/1030] loss = 0.005016
[e090 s0050/1030] loss = 0.011245
[e090 s0100/1030] loss = 0.013092
[e090 s0150/1030] loss = 0.014341
[e090 s0200/1030] loss = 0.013280
[e090 s0250/1030] loss = 0.014556
[e090 s0300/1030] loss = 0.014022
[e090 s0350/1030] loss = 0.014030
[e090 s0400/1030] loss = 0.013981
[e090 s0450/1030] loss = 0.014591
[e090 s0500/1030] loss = 0.014106
[e090 s0550/1030] loss = 0.014478
[e090 s0600/1030] loss = 0.014437
[e090 s0650/1030] loss = 0.015133
[e090 s0700/1030] loss = 0.016099
[e090 s0750/1030] loss = 0.016130
[e090 s0800/1030] loss = 0.016201
[e090 s0850/1030] loss = 0.016197
[e090 s0900/1030] loss = 0.015989
[e090 s0950/1030] loss = 0.015907
[e090 s1000/1030] loss = 0.016006
Epoch 090: train_loss = 0.015948  MAE/GAME0 = 15.450  RMSE = 36.534  GAME1 = 21.484  GAME2 = 25.033  GAME3 = 26.491  lr = 1.00e-05  time = 7.6s
[e091 s0001/1030] loss = 0.005188
[e091 s0050/1030] loss = 0.015672
[e091 s0100/1030] loss = 0.014549
[e091 s0150/1030] loss = 0.015077
[e091 s0200/1030] loss = 0.015314
[e091 s0250/1030] loss = 0.015096
[e091 s0300/1030] loss = 0.014798
[e091 s0350/1030] loss = 0.014406
[e091 s0400/1030] loss = 0.015454
[e091 s0450/1030] loss = 0.015356
[e091 s0500/1030] loss = 0.015152
[e091 s0550/1030] loss = 0.015390
[e091 s0600/1030] loss = 0.015046
[e091 s0650/1030] loss = 0.014603
[e091 s0700/1030] loss = 0.014578
[e091 s0750/1030] loss = 0.015345
[e091 s0800/1030] loss = 0.015249
[e091 s0850/1030] loss = 0.015039
[e091 s0900/1030] loss = 0.014964
[e091 s0950/1030] loss = 0.014816
[e091 s1000/1030] loss = 0.014846
Epoch 091: train_loss = 0.014964  MAE/GAME0 = 15.802  RMSE = 37.059  GAME1 = 21.276  GAME2 = 24.476  GAME3 = 25.803  lr = 1.00e-05  time = 7.6s
[e092 s0001/1030] loss = 0.012134
[e092 s0050/1030] loss = 0.018225
[e092 s0100/1030] loss = 0.016484
[e092 s0150/1030] loss = 0.016602
[e092 s0200/1030] loss = 0.017131
[e092 s0250/1030] loss = 0.016200
[e092 s0300/1030] loss = 0.015906
[e092 s0350/1030] loss = 0.015222
[e092 s0400/1030] loss = 0.014724
[e092 s0450/1030] loss = 0.014942
[e092 s0500/1030] loss = 0.015042
[e092 s0550/1030] loss = 0.015136
[e092 s0600/1030] loss = 0.014987
[e092 s0650/1030] loss = 0.014888
[e092 s0700/1030] loss = 0.015077
[e092 s0750/1030] loss = 0.015133
[e092 s0800/1030] loss = 0.015155
[e092 s0850/1030] loss = 0.015396
[e092 s0900/1030] loss = 0.015530
[e092 s0950/1030] loss = 0.015536
[e092 s1000/1030] loss = 0.015851
Epoch 092: train_loss = 0.016069  MAE/GAME0 = 15.916  RMSE = 37.196  GAME1 = 21.241  GAME2 = 24.359  GAME3 = 25.648  lr = 1.00e-05  time = 7.5s
[e093 s0001/1030] loss = 0.011670
[e093 s0050/1030] loss = 0.017340
[e093 s0100/1030] loss = 0.015506
[e093 s0150/1030] loss = 0.016196
[e093 s0200/1030] loss = 0.015404
[e093 s0250/1030] loss = 0.015473
[e093 s0300/1030] loss = 0.015040
[e093 s0350/1030] loss = 0.014849
[e093 s0400/1030] loss = 0.016076
[e093 s0450/1030] loss = 0.016038
[e093 s0500/1030] loss = 0.016123
[e093 s0550/1030] loss = 0.015658
[e093 s0600/1030] loss = 0.015626
[e093 s0650/1030] loss = 0.015845
[e093 s0700/1030] loss = 0.015936
[e093 s0750/1030] loss = 0.016235
[e093 s0800/1030] loss = 0.015965
[e093 s0850/1030] loss = 0.015884
[e093 s0900/1030] loss = 0.016993
[e093 s0950/1030] loss = 0.016854
[e093 s1000/1030] loss = 0.016733
Epoch 093: train_loss = 0.016668  MAE/GAME0 = 15.742  RMSE = 36.981  GAME1 = 21.301  GAME2 = 24.548  GAME3 = 25.895  lr = 1.00e-05  time = 7.6s
[e094 s0001/1030] loss = 0.002913
[e094 s0050/1030] loss = 0.013796
[e094 s0100/1030] loss = 0.018251
[e094 s0150/1030] loss = 0.017194
[e094 s0200/1030] loss = 0.016430
[e094 s0250/1030] loss = 0.019060
[e094 s0300/1030] loss = 0.018360
[e094 s0350/1030] loss = 0.017747
[e094 s0400/1030] loss = 0.017571
[e094 s0450/1030] loss = 0.017249
[e094 s0500/1030] loss = 0.017000
[e094 s0550/1030] loss = 0.017119
[e094 s0600/1030] loss = 0.016896
[e094 s0650/1030] loss = 0.016441
[e094 s0700/1030] loss = 0.016152
[e094 s0750/1030] loss = 0.016192
[e094 s0800/1030] loss = 0.016485
[e094 s0850/1030] loss = 0.016812
[e094 s0900/1030] loss = 0.016673
[e094 s0950/1030] loss = 0.016636
[e094 s1000/1030] loss = 0.016409
Epoch 094: train_loss = 0.016350  MAE/GAME0 = 15.543  RMSE = 36.712  GAME1 = 21.402  GAME2 = 24.825  GAME3 = 26.239  lr = 1.00e-05  time = 7.8s
[e095 s0001/1030] loss = 0.005523
[e095 s0050/1030] loss = 0.020948
[e095 s0100/1030] loss = 0.017106
[e095 s0150/1030] loss = 0.015814
[e095 s0200/1030] loss = 0.015597
[e095 s0250/1030] loss = 0.015785
[e095 s0300/1030] loss = 0.015600
[e095 s0350/1030] loss = 0.014937
[e095 s0400/1030] loss = 0.015245
[e095 s0450/1030] loss = 0.015279
[e095 s0500/1030] loss = 0.015004
[e095 s0550/1030] loss = 0.016705
[e095 s0600/1030] loss = 0.016290
[e095 s0650/1030] loss = 0.016104
[e095 s0700/1030] loss = 0.016004
[e095 s0750/1030] loss = 0.015917
[e095 s0800/1030] loss = 0.015587
[e095 s0850/1030] loss = 0.015418
[e095 s0900/1030] loss = 0.015166
[e095 s0950/1030] loss = 0.015185
[e095 s1000/1030] loss = 0.015637
Epoch 095: train_loss = 0.015539  MAE/GAME0 = 16.254  RMSE = 37.588  GAME1 = 21.180  GAME2 = 24.064  GAME3 = 25.244  lr = 1.00e-05  time = 7.6s
[e096 s0001/1030] loss = 0.006485
[e096 s0050/1030] loss = 0.019050
[e096 s0100/1030] loss = 0.020143
[e096 s0150/1030] loss = 0.019599
[e096 s0200/1030] loss = 0.018328
[e096 s0250/1030] loss = 0.017057
[e096 s0300/1030] loss = 0.019023
[e096 s0350/1030] loss = 0.018189
[e096 s0400/1030] loss = 0.017805
[e096 s0450/1030] loss = 0.017052
[e096 s0500/1030] loss = 0.016863
[e096 s0550/1030] loss = 0.016878
[e096 s0600/1030] loss = 0.016764
[e096 s0650/1030] loss = 0.016326
[e096 s0700/1030] loss = 0.016384
[e096 s0750/1030] loss = 0.016106
[e096 s0800/1030] loss = 0.016365
[e096 s0850/1030] loss = 0.016229
[e096 s0900/1030] loss = 0.016446
[e096 s0950/1030] loss = 0.016351
[e096 s1000/1030] loss = 0.016550
Epoch 096: train_loss = 0.016421  MAE/GAME0 = 16.018  RMSE = 37.321  GAME1 = 21.216  GAME2 = 24.259  GAME3 = 25.513  lr = 1.00e-05  time = 7.6s
[e097 s0001/1030] loss = 0.015615
[e097 s0050/1030] loss = 0.013623
[e097 s0100/1030] loss = 0.013101
[e097 s0150/1030] loss = 0.017678
[e097 s0200/1030] loss = 0.016270
[e097 s0250/1030] loss = 0.015637
[e097 s0300/1030] loss = 0.015302
[e097 s0350/1030] loss = 0.015481
[e097 s0400/1030] loss = 0.015744
[e097 s0450/1030] loss = 0.015284
[e097 s0500/1030] loss = 0.015676
[e097 s0550/1030] loss = 0.016638
[e097 s0600/1030] loss = 0.016281
[e097 s0650/1030] loss = 0.016091
[e097 s0700/1030] loss = 0.015806
[e097 s0750/1030] loss = 0.015481
[e097 s0800/1030] loss = 0.015492
[e097 s0850/1030] loss = 0.015263
[e097 s0900/1030] loss = 0.015150
[e097 s0950/1030] loss = 0.015050
[e097 s1000/1030] loss = 0.015949
Epoch 097: train_loss = 0.015816  MAE/GAME0 = 15.709  RMSE = 36.937  GAME1 = 21.315  GAME2 = 24.591  GAME3 = 25.949  lr = 1.00e-05  time = 7.6s
[e098 s0001/1030] loss = 0.011539
[e098 s0050/1030] loss = 0.017732
[e098 s0100/1030] loss = 0.014723
[e098 s0150/1030] loss = 0.014122
[e098 s0200/1030] loss = 0.014755
[e098 s0250/1030] loss = 0.017033
[e098 s0300/1030] loss = 0.016194
[e098 s0350/1030] loss = 0.016445
[e098 s0400/1030] loss = 0.016092
[e098 s0450/1030] loss = 0.015723
[e098 s0500/1030] loss = 0.015385
[e098 s0550/1030] loss = 0.015036
[e098 s0600/1030] loss = 0.015713
[e098 s0650/1030] loss = 0.015476
[e098 s0700/1030] loss = 0.015323
[e098 s0750/1030] loss = 0.015926
[e098 s0800/1030] loss = 0.015848
[e098 s0850/1030] loss = 0.016585
[e098 s0900/1030] loss = 0.016189
[e098 s0950/1030] loss = 0.016347
[e098 s1000/1030] loss = 0.016134
Epoch 098: train_loss = 0.016068  MAE/GAME0 = 16.085  RMSE = 37.398  GAME1 = 21.203  GAME2 = 24.201  GAME3 = 25.434  lr = 1.00e-05  time = 7.6s
[e099 s0001/1030] loss = 0.001220
[e099 s0050/1030] loss = 0.016977
[e099 s0100/1030] loss = 0.015745
[e099 s0150/1030] loss = 0.015369
[e099 s0200/1030] loss = 0.017025
[e099 s0250/1030] loss = 0.015785
[e099 s0300/1030] loss = 0.016424
[e099 s0350/1030] loss = 0.016106
[e099 s0400/1030] loss = 0.015786
[e099 s0450/1030] loss = 0.015778
[e099 s0500/1030] loss = 0.015526
[e099 s0550/1030] loss = 0.015992
[e099 s0600/1030] loss = 0.015749
[e099 s0650/1030] loss = 0.015543
[e099 s0700/1030] loss = 0.015123
[e099 s0750/1030] loss = 0.015125
[e099 s0800/1030] loss = 0.015085
[e099 s0850/1030] loss = 0.015058
[e099 s0900/1030] loss = 0.015242
[e099 s0950/1030] loss = 0.015907
[e099 s1000/1030] loss = 0.016114
Epoch 099: train_loss = 0.016380  MAE/GAME0 = 15.960  RMSE = 37.249  GAME1 = 21.230  GAME2 = 24.316  GAME3 = 25.591  lr = 1.00e-05  time = 7.6s
[e100 s0001/1030] loss = 0.008770
[e100 s0050/1030] loss = 0.014771
[e100 s0100/1030] loss = 0.015927
[e100 s0150/1030] loss = 0.016830
[e100 s0200/1030] loss = 0.016882
[e100 s0250/1030] loss = 0.016787
[e100 s0300/1030] loss = 0.016083
[e100 s0350/1030] loss = 0.016181
[e100 s0400/1030] loss = 0.015947
[e100 s0450/1030] loss = 0.016727
[e100 s0500/1030] loss = 0.016668
[e100 s0550/1030] loss = 0.016239
[e100 s0600/1030] loss = 0.015954
[e100 s0650/1030] loss = 0.015732
[e100 s0700/1030] loss = 0.015381
[e100 s0750/1030] loss = 0.015281
[e100 s0800/1030] loss = 0.016150
[e100 s0850/1030] loss = 0.016196
[e100 s0900/1030] loss = 0.016167
[e100 s0950/1030] loss = 0.016087
[e100 s1000/1030] loss = 0.016115
Epoch 100: train_loss = 0.015981  MAE/GAME0 = 16.203  RMSE = 37.530  GAME1 = 21.187  GAME2 = 24.105  GAME3 = 25.301  lr = 1.00e-05  time = 7.5s
[done] best_mae = 15.355  best_path = /scratch/users/ntu/kenneth0/FYP-SmartObjectCounter/outputs/train_rgbt_rgb_e100_sanity/12791762.pbs101_20260126_164027/best.pth
