[log] /scratch/users/ntu/kenneth0/FYP-SmartObjectCounter/logs/train_rgbt_adaptive_late_e100_sanity_12717651.pbs101_20260111_173113.log
[job] name=train_rgbt_adaptive_late_e100_sanity id=12717651.pbs101 host=x1000c0s3b0n1 time=Sun Jan 11 17:31:13 +08 2026
[init] device = cuda
[init] PROJECT_ROOT = /scratch/users/ntu/kenneth0/FYP-SmartObjectCounter
[epoch 001/100] lr = 1.00e-05 | train loss = 0.0478 (base 0.0071, count 0.0000, game 0.0000, temp 7.9913, illum 0.1582) | val RMSE = 89.861, MAE = 65.449, GAME0 = 65.449, GAME1 = 65.450, GAME2 = 65.450, GAME3 = 65.451 | time = 89.3s
[epoch 002/100] lr = 1.00e-05 | train loss = 0.0763 (base 0.0009, count 0.0000, game 0.0000, temp 7.3827, illum 0.1563) | val RMSE = 89.862, MAE = 65.450, GAME0 = 65.450, GAME1 = 65.450, GAME2 = 65.450, GAME3 = 65.450 | time = 84.4s
[epoch 003/100] lr = 1.00e-05 | train loss = 0.1124 (base 0.0008, count 0.0000, game 0.0000, temp 7.2878, illum 0.1504) | val RMSE = 89.661, MAE = 65.176, GAME0 = 65.176, GAME1 = 65.246, GAME2 = 65.577, GAME3 = 65.689 | time = 83.5s
[epoch 004/100] lr = 1.00e-05 | train loss = 0.1392 (base 0.0006, count 0.0000, game 0.0000, temp 6.7912, illum 0.1385) | val RMSE = 89.862, MAE = 65.450, GAME0 = 65.450, GAME1 = 65.450, GAME2 = 65.450, GAME3 = 65.450 | time = 85.0s
[epoch 005/100] lr = 1.00e-05 | train loss = 0.1994 (base 0.0010, count 0.0000, game 0.0000, temp 7.8117, illum 0.1264) | val RMSE = 89.862, MAE = 65.450, GAME0 = 65.450, GAME1 = 65.450, GAME2 = 65.450, GAME3 = 65.450 | time = 84.8s
[epoch 006/100] lr = 1.00e-05 | train loss = 0.2208 (base 0.0008, count 0.0000, game 0.0000, temp 7.2195, illum 0.1122) | val RMSE = 89.862, MAE = 65.450, GAME0 = 65.450, GAME1 = 65.450, GAME2 = 65.450, GAME3 = 65.450 | time = 83.7s
[epoch 007/100] lr = 1.00e-05 | train loss = 0.2369 (base 0.0008, count 0.0000, game 0.0000, temp 6.6447, illum 0.1023) | val RMSE = 89.862, MAE = 65.450, GAME0 = 65.450, GAME1 = 65.450, GAME2 = 65.450, GAME3 = 65.450 | time = 83.8s
[epoch 008/100] lr = 1.00e-05 | train loss = 0.2574 (base 0.0018, count 0.0000, game 0.0000, temp 6.2941, illum 0.0957) | val RMSE = 86.938, MAE = 61.498, GAME0 = 61.498, GAME1 = 63.369, GAME2 = 67.117, GAME3 = 67.931 | time = 84.9s
[epoch 009/100] lr = 1.00e-05 | train loss = 0.2424 (base 0.0017, count 0.0000, game 0.0000, temp 5.2539, illum 0.0949) | val RMSE = 82.497, MAE = 56.343, GAME0 = 56.343, GAME1 = 60.592, GAME2 = 67.198, GAME3 = 68.639 | time = 83.9s
[epoch 010/100] lr = 1.00e-05 | train loss = 0.2564 (base 0.0014, count 0.0000, game 0.0000, temp 5.0042, illum 0.0955) | val RMSE = 71.381, MAE = 42.266, GAME0 = 42.266, GAME1 = 55.142, GAME2 = 68.074, GAME3 = 71.009 | time = 84.2s
[epoch 011/100] lr = 1.00e-05 | train loss = 0.2400 (base 0.0011, count 0.0000, game 0.0000, temp 4.6818, illum 0.0949) | val RMSE = 74.092, MAE = 51.160, GAME0 = 51.160, GAME1 = 52.545, GAME2 = 55.608, GAME3 = 56.853 | time = 86.6s
[epoch 012/100] lr = 1.00e-05 | train loss = 0.2085 (base 0.0009, count 0.0000, game 0.0000, temp 4.0563, illum 0.0951) | val RMSE = 57.302, MAE = 26.532, GAME0 = 26.532, GAME1 = 37.891, GAME2 = 49.163, GAME3 = 55.169 | time = 83.9s
[epoch 013/100] lr = 1.00e-05 | train loss = 0.2285 (base 0.0010, count 0.0000, game 0.0000, temp 4.4544, illum 0.0950) | val RMSE = 63.393, MAE = 37.490, GAME0 = 37.490, GAME1 = 41.954, GAME2 = 47.771, GAME3 = 51.089 | time = 84.0s
[epoch 014/100] lr = 1.00e-05 | train loss = 0.2384 (base 0.0009, count 0.0000, game 0.0000, temp 4.6567, illum 0.0941) | val RMSE = 73.850, MAE = 51.502, GAME0 = 51.502, GAME1 = 52.073, GAME2 = 53.339, GAME3 = 54.268 | time = 84.1s
[epoch 015/100] lr = 1.00e-05 | train loss = 0.2043 (base 0.0009, count 0.0000, game 0.0000, temp 3.9740, illum 0.0934) | val RMSE = 54.476, MAE = 30.024, GAME0 = 30.024, GAME1 = 37.581, GAME2 = 46.150, GAME3 = 50.717 | time = 83.6s
[epoch 016/100] lr = 1.00e-05 | train loss = 0.2211 (base 0.0009, count 0.0000, game 0.0000, temp 4.3106, illum 0.0923) | val RMSE = 46.417, MAE = 22.441, GAME0 = 22.441, GAME1 = 32.559, GAME2 = 43.521, GAME3 = 52.100 | time = 84.0s
[epoch 017/100] lr = 1.00e-05 | train loss = 0.2099 (base 0.0010, count 0.0000, game 0.0000, temp 4.0874, illum 0.0918) | val RMSE = 61.515, MAE = 36.203, GAME0 = 36.203, GAME1 = 40.285, GAME2 = 46.233, GAME3 = 49.303 | time = 84.0s
[epoch 018/100] lr = 1.00e-05 | train loss = 0.2144 (base 0.0008, count 0.0000, game 0.0000, temp 4.1794, illum 0.0913) | val RMSE = 50.983, MAE = 26.258, GAME0 = 26.258, GAME1 = 30.463, GAME2 = 35.604, GAME3 = 40.385 | time = 83.6s
[epoch 019/100] lr = 1.00e-05 | train loss = 0.2203 (base 0.0008, count 0.0000, game 0.0000, temp 4.2994, illum 0.0914) | val RMSE = 56.752, MAE = 33.535, GAME0 = 33.535, GAME1 = 36.118, GAME2 = 39.876, GAME3 = 42.940 | time = 83.8s
[epoch 020/100] lr = 1.00e-05 | train loss = 0.1871 (base 0.0006, count 0.0000, game 0.0000, temp 3.6388, illum 0.0911) | val RMSE = 50.562, MAE = 26.977, GAME0 = 26.977, GAME1 = 31.897, GAME2 = 37.595, GAME3 = 42.492 | time = 83.5s
[epoch 021/100] lr = 1.00e-05 | train loss = 0.2036 (base 0.0007, count 0.0000, game 0.0000, temp 3.9649, illum 0.0915) | val RMSE = 46.556, MAE = 21.838, GAME0 = 21.838, GAME1 = 28.086, GAME2 = 34.374, GAME3 = 40.886 | time = 83.4s
[epoch 022/100] lr = 1.00e-05 | train loss = 0.1963 (base 0.0007, count 0.0000, game 0.0000, temp 3.8226, illum 0.0905) | val RMSE = 44.762, MAE = 21.385, GAME0 = 21.385, GAME1 = 27.521, GAME2 = 33.600, GAME3 = 40.106 | time = 84.2s
[epoch 023/100] lr = 1.00e-05 | train loss = 0.2012 (base 0.0008, count 0.0000, game 0.0000, temp 3.9198, illum 0.0894) | val RMSE = 40.606, MAE = 19.581, GAME0 = 19.581, GAME1 = 24.972, GAME2 = 30.397, GAME3 = 37.699 | time = 83.3s
[epoch 024/100] lr = 1.00e-05 | train loss = 0.1976 (base 0.0006, count 0.0000, game 0.0000, temp 3.8502, illum 0.0883) | val RMSE = 49.768, MAE = 26.021, GAME0 = 26.021, GAME1 = 30.528, GAME2 = 35.504, GAME3 = 40.915 | time = 84.6s
[epoch 025/100] lr = 1.00e-05 | train loss = 0.1873 (base 0.0006, count 0.0000, game 0.0000, temp 3.6440, illum 0.0894) | val RMSE = 58.256, MAE = 36.874, GAME0 = 36.874, GAME1 = 39.060, GAME2 = 42.745, GAME3 = 45.318 | time = 84.2s
[epoch 026/100] lr = 1.00e-05 | train loss = 0.1857 (base 0.0006, count 0.0000, game 0.0000, temp 3.6145, illum 0.0882) | val RMSE = 58.968, MAE = 35.701, GAME0 = 35.701, GAME1 = 37.547, GAME2 = 40.031, GAME3 = 42.474 | time = 83.5s
[epoch 027/100] lr = 1.00e-05 | train loss = 0.1873 (base 0.0005, count 0.0000, game 0.0000, temp 3.6489, illum 0.0870) | val RMSE = 47.225, MAE = 25.244, GAME0 = 25.244, GAME1 = 29.242, GAME2 = 33.918, GAME3 = 38.517 | time = 84.4s
[epoch 028/100] lr = 1.00e-05 | train loss = 0.1993 (base 0.0007, count 0.0000, game 0.0000, temp 3.8850, illum 0.0869) | val RMSE = 42.273, MAE = 20.575, GAME0 = 20.575, GAME1 = 27.373, GAME2 = 34.421, GAME3 = 40.953 | time = 83.7s
[epoch 029/100] lr = 1.00e-05 | train loss = 0.1883 (base 0.0006, count 0.0000, game 0.0000, temp 3.6656, illum 0.0878) | val RMSE = 51.744, MAE = 30.140, GAME0 = 30.140, GAME1 = 32.511, GAME2 = 36.519, GAME3 = 39.487 | time = 83.6s
[epoch 030/100] lr = 1.00e-05 | train loss = 0.1915 (base 0.0006, count 0.0000, game 0.0000, temp 3.7328, illum 0.0860) | val RMSE = 48.780, MAE = 26.405, GAME0 = 26.405, GAME1 = 29.550, GAME2 = 33.105, GAME3 = 36.925 | time = 84.6s
[epoch 031/100] lr = 1.00e-05 | train loss = 0.1912 (base 0.0006, count 0.0000, game 0.0000, temp 3.7259, illum 0.0865) | val RMSE = 46.630, MAE = 23.610, GAME0 = 23.610, GAME1 = 27.816, GAME2 = 32.670, GAME3 = 38.105 | time = 83.6s
[epoch 032/100] lr = 1.00e-05 | train loss = 0.1893 (base 0.0006, count 0.0000, game 0.0000, temp 3.6865, illum 0.0865) | val RMSE = 48.575, MAE = 24.599, GAME0 = 24.599, GAME1 = 28.548, GAME2 = 33.107, GAME3 = 38.401 | time = 76.5s
[epoch 033/100] lr = 1.00e-05 | train loss = 0.1728 (base 0.0005, count 0.0000, game 0.0000, temp 3.3598, illum 0.0862) | val RMSE = 50.424, MAE = 23.550, GAME0 = 23.550, GAME1 = 28.803, GAME2 = 33.978, GAME3 = 39.802 | time = 76.1s
[epoch 034/100] lr = 1.00e-05 | train loss = 0.1865 (base 0.0006, count 0.0000, game 0.0000, temp 3.6347, illum 0.0841) | val RMSE = 42.435, MAE = 20.559, GAME0 = 20.559, GAME1 = 24.910, GAME2 = 29.340, GAME3 = 35.730 | time = 77.4s
[epoch 035/100] lr = 1.00e-05 | train loss = 0.1755 (base 0.0005, count 0.0000, game 0.0000, temp 3.4161, illum 0.0833) | val RMSE = 56.651, MAE = 34.424, GAME0 = 34.424, GAME1 = 36.221, GAME2 = 39.005, GAME3 = 41.395 | time = 77.2s
[epoch 036/100] lr = 1.00e-05 | train loss = 0.1923 (base 0.0006, count 0.0000, game 0.0000, temp 3.7502, illum 0.0838) | val RMSE = 49.626, MAE = 27.218, GAME0 = 27.218, GAME1 = 29.853, GAME2 = 33.029, GAME3 = 36.920 | time = 76.6s
[epoch 037/100] lr = 1.00e-05 | train loss = 0.1821 (base 0.0006, count 0.0000, game 0.0000, temp 3.5461, illum 0.0833) | val RMSE = 46.203, MAE = 23.619, GAME0 = 23.619, GAME1 = 27.488, GAME2 = 31.804, GAME3 = 37.106 | time = 74.9s
[epoch 038/100] lr = 1.00e-05 | train loss = 0.1872 (base 0.0006, count 0.0000, game 0.0000, temp 3.6506, illum 0.0820) | val RMSE = 41.184, MAE = 19.491, GAME0 = 19.491, GAME1 = 23.939, GAME2 = 28.029, GAME3 = 34.458 | time = 80.9s
[epoch 039/100] lr = 1.00e-05 | train loss = 0.1728 (base 0.0005, count 0.0000, game 0.0000, temp 3.3646, illum 0.0824) | val RMSE = 38.335, MAE = 18.230, GAME0 = 18.230, GAME1 = 23.273, GAME2 = 27.906, GAME3 = 34.722 | time = 81.6s
[epoch 040/100] lr = 1.00e-05 | train loss = 0.1774 (base 0.0006, count 0.0000, game 0.0000, temp 3.4564, illum 0.0810) | val RMSE = 45.564, MAE = 22.940, GAME0 = 22.940, GAME1 = 26.665, GAME2 = 30.400, GAME3 = 35.861 | time = 83.0s
[epoch 041/100] lr = 1.00e-05 | train loss = 0.1826 (base 0.0005, count 0.0000, game 0.0000, temp 3.5595, illum 0.0810) | val RMSE = 38.458, MAE = 18.405, GAME0 = 18.405, GAME1 = 24.373, GAME2 = 29.362, GAME3 = 36.931 | time = 81.7s
[epoch 042/100] lr = 1.00e-05 | train loss = 0.1849 (base 0.0006, count 0.0000, game 0.0000, temp 3.6060, illum 0.0816) | val RMSE = 38.744, MAE = 18.595, GAME0 = 18.595, GAME1 = 23.868, GAME2 = 29.104, GAME3 = 36.428 | time = 82.9s
[epoch 043/100] lr = 1.00e-05 | train loss = 0.1658 (base 0.0005, count 0.0000, game 0.0000, temp 3.2243, illum 0.0809) | val RMSE = 46.157, MAE = 22.275, GAME0 = 22.275, GAME1 = 26.151, GAME2 = 29.710, GAME3 = 35.522 | time = 80.1s
[epoch 044/100] lr = 1.00e-05 | train loss = 0.1714 (base 0.0005, count 0.0000, game 0.0000, temp 3.3362, illum 0.0823) | val RMSE = 46.033, MAE = 25.615, GAME0 = 25.615, GAME1 = 27.609, GAME2 = 30.073, GAME3 = 33.796 | time = 86.3s
[epoch 045/100] lr = 1.00e-05 | train loss = 0.1792 (base 0.0005, count 0.0000, game 0.0000, temp 3.4938, illum 0.0794) | val RMSE = 37.858, MAE = 18.384, GAME0 = 18.384, GAME1 = 22.810, GAME2 = 27.426, GAME3 = 33.683 | time = 87.3s
[epoch 046/100] lr = 1.00e-05 | train loss = 0.1595 (base 0.0005, count 0.0000, game 0.0000, temp 3.1002, illum 0.0802) | val RMSE = 39.996, MAE = 19.384, GAME0 = 19.384, GAME1 = 22.896, GAME2 = 26.146, GAME3 = 31.371 | time = 81.2s
[epoch 047/100] lr = 1.00e-05 | train loss = 0.1761 (base 0.0005, count 0.0000, game 0.0000, temp 3.4317, illum 0.0789) | val RMSE = 40.377, MAE = 21.639, GAME0 = 21.639, GAME1 = 26.936, GAME2 = 31.828, GAME3 = 39.487 | time = 81.8s
[epoch 048/100] lr = 1.00e-05 | train loss = 0.1672 (base 0.0004, count 0.0000, game 0.0000, temp 3.2556, illum 0.0787) | val RMSE = 40.383, MAE = 19.688, GAME0 = 19.688, GAME1 = 23.215, GAME2 = 27.147, GAME3 = 32.489 | time = 96.3s
[epoch 049/100] lr = 1.00e-05 | train loss = 0.1728 (base 0.0005, count 0.0000, game 0.0000, temp 3.3681, illum 0.0788) | val RMSE = 37.080, MAE = 17.701, GAME0 = 17.701, GAME1 = 22.999, GAME2 = 27.955, GAME3 = 35.545 | time = 82.3s
[epoch 050/100] lr = 1.00e-05 | train loss = 0.1702 (base 0.0005, count 0.0000, game 0.0000, temp 3.3149, illum 0.0787) | val RMSE = 39.448, MAE = 19.101, GAME0 = 19.101, GAME1 = 24.443, GAME2 = 29.498, GAME3 = 37.419 | time = 81.2s
[epoch 051/100] lr = 1.00e-05 | train loss = 0.1772 (base 0.0006, count 0.0000, game 0.0000, temp 3.4531, illum 0.0780) | val RMSE = 37.720, MAE = 18.910, GAME0 = 18.910, GAME1 = 23.528, GAME2 = 28.209, GAME3 = 35.730 | time = 82.0s
[epoch 052/100] lr = 1.00e-05 | train loss = 0.1721 (base 0.0005, count 0.0000, game 0.0000, temp 3.3532, illum 0.0778) | val RMSE = 39.566, MAE = 20.720, GAME0 = 20.720, GAME1 = 25.448, GAME2 = 30.043, GAME3 = 37.081 | time = 83.8s
[epoch 053/100] lr = 1.00e-05 | train loss = 0.1695 (base 0.0005, count 0.0000, game 0.0000, temp 3.3027, illum 0.0773) | val RMSE = 45.029, MAE = 22.268, GAME0 = 22.268, GAME1 = 25.289, GAME2 = 28.430, GAME3 = 32.883 | time = 81.8s
[epoch 054/100] lr = 1.00e-05 | train loss = 0.1594 (base 0.0005, count 0.0000, game 0.0000, temp 3.0995, illum 0.0784) | val RMSE = 45.288, MAE = 23.898, GAME0 = 23.898, GAME1 = 26.823, GAME2 = 29.987, GAME3 = 34.591 | time = 81.0s
[epoch 055/100] lr = 1.00e-05 | train loss = 0.1689 (base 0.0005, count 0.0000, game 0.0000, temp 3.2905, illum 0.0761) | val RMSE = 35.454, MAE = 17.378, GAME0 = 17.378, GAME1 = 21.843, GAME2 = 26.384, GAME3 = 33.003 | time = 79.9s
[epoch 056/100] lr = 1.00e-05 | train loss = 0.1639 (base 0.0006, count 0.0000, game 0.0000, temp 3.1864, illum 0.0802) | val RMSE = 36.250, MAE = 17.052, GAME0 = 17.052, GAME1 = 21.265, GAME2 = 25.697, GAME3 = 32.072 | time = 87.6s
[epoch 057/100] lr = 1.00e-05 | train loss = 0.1661 (base 0.0005, count 0.0000, game 0.0000, temp 3.2342, illum 0.0771) | val RMSE = 42.261, MAE = 20.199, GAME0 = 20.199, GAME1 = 23.250, GAME2 = 26.539, GAME3 = 31.268 | time = 80.4s
[epoch 058/100] lr = 1.00e-05 | train loss = 0.1579 (base 0.0005, count 0.0000, game 0.0000, temp 3.0708, illum 0.0772) | val RMSE = 41.887, MAE = 22.767, GAME0 = 22.767, GAME1 = 27.473, GAME2 = 32.458, GAME3 = 40.141 | time = 81.8s
[epoch 059/100] lr = 1.00e-05 | train loss = 0.1743 (base 0.0006, count 0.0000, game 0.0000, temp 3.3970, illum 0.0766) | val RMSE = 37.191, MAE = 18.220, GAME0 = 18.220, GAME1 = 22.349, GAME2 = 26.407, GAME3 = 32.765 | time = 80.7s
[epoch 060/100] lr = 1.00e-05 | train loss = 0.1606 (base 0.0005, count 0.0000, game 0.0000, temp 3.1244, illum 0.0766) | val RMSE = 37.708, MAE = 21.914, GAME0 = 21.914, GAME1 = 26.972, GAME2 = 31.532, GAME3 = 39.844 | time = 82.4s
[epoch 061/100] lr = 1.00e-05 | train loss = 0.1587 (base 0.0005, count 0.0000, game 0.0000, temp 3.0878, illum 0.0767) | val RMSE = 49.233, MAE = 27.263, GAME0 = 27.263, GAME1 = 28.744, GAME2 = 30.685, GAME3 = 34.195 | time = 81.8s
[epoch 062/100] lr = 1.00e-05 | train loss = 0.1781 (base 0.0005, count 0.0000, game 0.0000, temp 3.4753, illum 0.0753) | val RMSE = 43.761, MAE = 24.227, GAME0 = 24.227, GAME1 = 26.572, GAME2 = 28.977, GAME3 = 32.797 | time = 81.2s
[epoch 063/100] lr = 1.00e-05 | train loss = 0.1735 (base 0.0006, count 0.0000, game 0.0000, temp 3.3827, illum 0.0755) | val RMSE = 36.652, MAE = 19.799, GAME0 = 19.799, GAME1 = 24.296, GAME2 = 28.983, GAME3 = 36.399 | time = 79.1s
[epoch 064/100] lr = 1.00e-05 | train loss = 0.1601 (base 0.0005, count 0.0000, game 0.0000, temp 3.1150, illum 0.0758) | val RMSE = 47.828, MAE = 26.615, GAME0 = 26.615, GAME1 = 28.218, GAME2 = 30.402, GAME3 = 34.373 | time = 84.4s
[epoch 065/100] lr = 1.00e-05 | train loss = 0.1616 (base 0.0005, count 0.0000, game 0.0000, temp 3.1474, illum 0.0735) | val RMSE = 47.099, MAE = 24.053, GAME0 = 24.053, GAME1 = 26.427, GAME2 = 29.263, GAME3 = 34.027 | time = 82.3s
[epoch 066/100] lr = 1.00e-05 | train loss = 0.1499 (base 0.0005, count 0.0000, game 0.0000, temp 2.9119, illum 0.0758) | val RMSE = 34.028, MAE = 17.567, GAME0 = 17.567, GAME1 = 22.428, GAME2 = 28.286, GAME3 = 34.668 | time = 82.1s
[epoch 067/100] lr = 1.00e-05 | train loss = 0.1514 (base 0.0004, count 0.0000, game 0.0000, temp 2.9452, illum 0.0741) | val RMSE = 34.806, MAE = 16.840, GAME0 = 16.840, GAME1 = 20.744, GAME2 = 24.991, GAME3 = 30.537 | time = 82.5s
[epoch 068/100] lr = 1.00e-05 | train loss = 0.1729 (base 0.0006, count 0.0000, game 0.0000, temp 3.3719, illum 0.0746) | val RMSE = 36.127, MAE = 16.832, GAME0 = 16.832, GAME1 = 21.228, GAME2 = 25.246, GAME3 = 31.316 | time = 82.0s
[epoch 069/100] lr = 1.00e-05 | train loss = 0.1623 (base 0.0005, count 0.0000, game 0.0000, temp 3.1641, illum 0.0738) | val RMSE = 35.968, MAE = 17.581, GAME0 = 17.581, GAME1 = 21.541, GAME2 = 25.924, GAME3 = 32.059 | time = 82.8s
[epoch 070/100] lr = 1.00e-05 | train loss = 0.1561 (base 0.0005, count 0.0000, game 0.0000, temp 3.0398, illum 0.0733) | val RMSE = 34.750, MAE = 21.732, GAME0 = 21.732, GAME1 = 25.618, GAME2 = 29.984, GAME3 = 36.504 | time = 80.4s
[epoch 071/100] lr = 1.00e-05 | train loss = 0.1595 (base 0.0005, count 0.0000, game 0.0000, temp 3.1079, illum 0.0718) | val RMSE = 47.422, MAE = 27.604, GAME0 = 27.604, GAME1 = 28.703, GAME2 = 30.664, GAME3 = 33.442 | time = 81.3s
[epoch 072/100] lr = 1.00e-05 | train loss = 0.1694 (base 0.0005, count 0.0000, game 0.0000, temp 3.3029, illum 0.0746) | val RMSE = 50.182, MAE = 29.511, GAME0 = 29.511, GAME1 = 30.623, GAME2 = 32.271, GAME3 = 34.922 | time = 81.0s
[epoch 073/100] lr = 1.00e-05 | train loss = 0.1750 (base 0.0005, count 0.0000, game 0.0000, temp 3.4173, illum 0.0732) | val RMSE = 35.685, MAE = 17.639, GAME0 = 17.639, GAME1 = 21.066, GAME2 = 25.138, GAME3 = 30.439 | time = 81.0s
[epoch 074/100] lr = 1.00e-05 | train loss = 0.1632 (base 0.0005, count 0.0000, game 0.0000, temp 3.1806, illum 0.0728) | val RMSE = 33.338, MAE = 19.393, GAME0 = 19.393, GAME1 = 24.263, GAME2 = 29.865, GAME3 = 36.699 | time = 80.4s
[epoch 075/100] lr = 1.00e-05 | train loss = 0.1631 (base 0.0005, count 0.0000, game 0.0000, temp 3.1791, illum 0.0725) | val RMSE = 37.206, MAE = 17.037, GAME0 = 17.037, GAME1 = 21.025, GAME2 = 24.677, GAME3 = 30.382 | time = 81.3s
[epoch 076/100] lr = 1.00e-05 | train loss = 0.1710 (base 0.0005, count 0.0000, game 0.0000, temp 3.3386, illum 0.0718) | val RMSE = 46.040, MAE = 25.570, GAME0 = 25.570, GAME1 = 27.256, GAME2 = 29.042, GAME3 = 31.977 | time = 83.1s
[epoch 077/100] lr = 1.00e-05 | train loss = 0.1449 (base 0.0005, count 0.0000, game 0.0000, temp 2.8153, illum 0.0733) | val RMSE = 42.325, MAE = 20.616, GAME0 = 20.616, GAME1 = 23.162, GAME2 = 26.021, GAME3 = 30.472 | time = 83.1s
[epoch 078/100] lr = 1.00e-05 | train loss = 0.1632 (base 0.0005, count 0.0000, game 0.0000, temp 3.1828, illum 0.0721) | val RMSE = 33.870, MAE = 17.539, GAME0 = 17.539, GAME1 = 21.427, GAME2 = 25.863, GAME3 = 31.681 | time = 79.7s
[epoch 079/100] lr = 1.00e-05 | train loss = 0.1620 (base 0.0005, count 0.0000, game 0.0000, temp 3.1570, illum 0.0734) | val RMSE = 42.917, MAE = 22.618, GAME0 = 22.618, GAME1 = 25.252, GAME2 = 28.134, GAME3 = 32.842 | time = 80.4s
[epoch 080/100] lr = 1.00e-05 | train loss = 0.1647 (base 0.0005, count 0.0000, game 0.0000, temp 3.2122, illum 0.0724) | val RMSE = 34.461, MAE = 17.167, GAME0 = 17.167, GAME1 = 21.739, GAME2 = 26.084, GAME3 = 32.586 | time = 82.0s
[epoch 081/100] lr = 1.00e-05 | train loss = 0.1529 (base 0.0004, count 0.0000, game 0.0000, temp 2.9778, illum 0.0706) | val RMSE = 36.936, MAE = 18.285, GAME0 = 18.285, GAME1 = 21.862, GAME2 = 25.519, GAME3 = 30.692 | time = 80.7s
[epoch 082/100] lr = 1.00e-05 | train loss = 0.1535 (base 0.0004, count 0.0000, game 0.0000, temp 2.9907, illum 0.0714) | val RMSE = 36.931, MAE = 17.974, GAME0 = 17.974, GAME1 = 20.951, GAME2 = 24.170, GAME3 = 28.965 | time = 81.3s
[epoch 083/100] lr = 1.00e-05 | train loss = 0.1586 (base 0.0005, count 0.0000, game 0.0000, temp 3.0896, illum 0.0708) | val RMSE = 42.514, MAE = 21.904, GAME0 = 21.904, GAME1 = 24.204, GAME2 = 26.905, GAME3 = 31.079 | time = 81.9s
[epoch 084/100] lr = 1.00e-05 | train loss = 0.1622 (base 0.0005, count 0.0000, game 0.0000, temp 3.1631, illum 0.0718) | val RMSE = 34.204, MAE = 19.744, GAME0 = 19.744, GAME1 = 23.905, GAME2 = 28.089, GAME3 = 34.324 | time = 80.0s
[epoch 085/100] lr = 1.00e-05 | train loss = 0.1584 (base 0.0005, count 0.0000, game 0.0000, temp 3.0853, illum 0.0718) | val RMSE = 32.888, MAE = 16.578, GAME0 = 16.578, GAME1 = 20.960, GAME2 = 24.897, GAME3 = 30.498 | time = 79.8s
[epoch 086/100] lr = 1.00e-05 | train loss = 0.1561 (base 0.0005, count 0.0000, game 0.0000, temp 3.0414, illum 0.0703) | val RMSE = 33.500, MAE = 18.373, GAME0 = 18.373, GAME1 = 21.833, GAME2 = 25.597, GAME3 = 31.165 | time = 85.2s
[epoch 087/100] lr = 1.00e-05 | train loss = 0.1563 (base 0.0005, count 0.0000, game 0.0000, temp 3.0466, illum 0.0695) | val RMSE = 38.764, MAE = 19.656, GAME0 = 19.656, GAME1 = 22.393, GAME2 = 25.280, GAME3 = 29.783 | time = 80.8s
[epoch 088/100] lr = 1.00e-05 | train loss = 0.1573 (base 0.0004, count 0.0000, game 0.0000, temp 3.0672, illum 0.0709) | val RMSE = 34.432, MAE = 21.160, GAME0 = 21.160, GAME1 = 24.770, GAME2 = 28.955, GAME3 = 34.929 | time = 80.2s
[epoch 089/100] lr = 1.00e-05 | train loss = 0.1645 (base 0.0005, count 0.0000, game 0.0000, temp 3.2090, illum 0.0704) | val RMSE = 35.151, MAE = 17.273, GAME0 = 17.273, GAME1 = 21.706, GAME2 = 25.821, GAME3 = 32.050 | time = 80.6s
[epoch 090/100] lr = 1.00e-05 | train loss = 0.1571 (base 0.0005, count 0.0000, game 0.0000, temp 3.0615, illum 0.0704) | val RMSE = 33.086, MAE = 16.727, GAME0 = 16.727, GAME1 = 20.226, GAME2 = 23.997, GAME3 = 29.296 | time = 80.5s
[epoch 091/100] lr = 1.00e-05 | train loss = 0.1605 (base 0.0005, count 0.0000, game 0.0000, temp 3.1291, illum 0.0718) | val RMSE = 37.503, MAE = 18.467, GAME0 = 18.467, GAME1 = 21.893, GAME2 = 25.233, GAME3 = 29.939 | time = 80.0s
[epoch 092/100] lr = 1.00e-05 | train loss = 0.1519 (base 0.0005, count 0.0000, game 0.0000, temp 2.9586, illum 0.0701) | val RMSE = 42.365, MAE = 24.104, GAME0 = 24.104, GAME1 = 26.393, GAME2 = 28.949, GAME3 = 32.454 | time = 80.0s
[epoch 093/100] lr = 1.00e-05 | train loss = 0.1375 (base 0.0004, count 0.0000, game 0.0000, temp 2.6737, illum 0.0689) | val RMSE = 41.479, MAE = 22.224, GAME0 = 22.224, GAME1 = 24.311, GAME2 = 26.849, GAME3 = 31.243 | time = 80.5s
[epoch 094/100] lr = 1.00e-05 | train loss = 0.1764 (base 0.0005, count 0.0000, game 0.0000, temp 3.4467, illum 0.0699) | val RMSE = 34.109, MAE = 16.397, GAME0 = 16.397, GAME1 = 20.325, GAME2 = 24.365, GAME3 = 30.013 | time = 80.9s
[epoch 095/100] lr = 1.00e-05 | train loss = 0.1583 (base 0.0005, count 0.0000, game 0.0000, temp 3.0855, illum 0.0696) | val RMSE = 36.859, MAE = 18.385, GAME0 = 18.385, GAME1 = 21.501, GAME2 = 24.575, GAME3 = 29.250 | time = 82.3s
[epoch 096/100] lr = 1.00e-05 | train loss = 0.1572 (base 0.0004, count 0.0000, game 0.0000, temp 3.0670, illum 0.0688) | val RMSE = 46.724, MAE = 26.936, GAME0 = 26.936, GAME1 = 28.391, GAME2 = 30.015, GAME3 = 32.589 | time = 81.4s
[epoch 097/100] lr = 1.00e-05 | train loss = 0.1665 (base 0.0005, count 0.0000, game 0.0000, temp 3.2511, illum 0.0696) | val RMSE = 36.610, MAE = 17.951, GAME0 = 17.951, GAME1 = 21.778, GAME2 = 25.536, GAME3 = 31.074 | time = 81.1s
[epoch 098/100] lr = 1.00e-05 | train loss = 0.1383 (base 0.0004, count 0.0000, game 0.0000, temp 2.6891, illum 0.0692) | val RMSE = 32.376, MAE = 17.668, GAME0 = 17.668, GAME1 = 21.799, GAME2 = 26.653, GAME3 = 32.274 | time = 81.1s
[epoch 099/100] lr = 1.00e-05 | train loss = 0.1480 (base 0.0004, count 0.0000, game 0.0000, temp 2.8818, illum 0.0688) | val RMSE = 38.168, MAE = 19.937, GAME0 = 19.937, GAME1 = 23.329, GAME2 = 26.608, GAME3 = 31.482 | time = 82.7s
[epoch 100/100] lr = 1.00e-05 | train loss = 0.1784 (base 0.0005, count 0.0000, game 0.0000, temp 3.4874, illum 0.0697) | val RMSE = 36.188, MAE = 24.353, GAME0 = 24.353, GAME1 = 28.142, GAME2 = 32.172, GAME3 = 38.467 | time = 81.4s
[done] best RMSE = 32.376
