[log] /scratch/users/ntu/kenneth0/FYP-SmartObjectCounter/logs/train_rgbt_adaptive_late_e100_sanity_12751553.pbs101_20260117_203940.log
[job] name=train_rgbt_adaptive_late_e100_sanity id=12751553.pbs101 host=x1000c0s4b0n1 time=Sat Jan 17 20:39:40 +08 2026
[init] device = cuda
[init] train = 1030  val = 200  workers = 4
/scratch/users/ntu/kenneth0/FYP-SmartObjectCounter/scripts/train_rgbt.py:383: FutureWarning: `torch.cuda.amp.GradScaler(args...)` is deprecated. Please use `torch.amp.GradScaler('cuda', args...)` instead.
  scaler = GradScaler(enabled = bool(args.amp))
[e001 s0001/1030] loss = 0.727863
[e001 s0050/1030] loss = 0.688133
[e001 s0100/1030] loss = 0.746741
[e001 s0150/1030] loss = 0.779225
[e001 s0200/1030] loss = 0.751460
[e001 s0250/1030] loss = 0.748956
[e001 s0300/1030] loss = 0.730009
[e001 s0350/1030] loss = 0.727122
[e001 s0400/1030] loss = 0.739007
[e001 s0450/1030] loss = 0.745594
[e001 s0500/1030] loss = 0.740471
[e001 s0550/1030] loss = 0.731386
[e001 s0600/1030] loss = 0.729906
[e001 s0650/1030] loss = 0.728497
[e001 s0700/1030] loss = 0.736443
[e001 s0750/1030] loss = 0.733600
[e001 s0800/1030] loss = 0.730843
[e001 s0850/1030] loss = 0.723696
[e001 s0900/1030] loss = 0.724595
[e001 s0950/1030] loss = 0.722254
[e001 s1000/1030] loss = 0.723982
Epoch 001: train_loss = 0.720527  MAE/GAME0 = 69.418  RMSE = 76.220  GAME1 = 69.418  GAME2 = 69.418  GAME3 = 69.418  lr = 1.00e-05  time = 16.7s
[e002 s0001/1030] loss = 1.660815
[e002 s0050/1030] loss = 0.807092
[e002 s0100/1030] loss = 0.809663
[e002 s0150/1030] loss = 0.761492
[e002 s0200/1030] loss = 0.742806
[e002 s0250/1030] loss = 0.717494
[e002 s0300/1030] loss = 0.700401
[e002 s0350/1030] loss = 0.695896
[e002 s0400/1030] loss = 0.697815
[e002 s0450/1030] loss = 0.692204
[e002 s0500/1030] loss = 0.703730
[e002 s0550/1030] loss = 0.706702
[e002 s0600/1030] loss = 0.702180
[e002 s0650/1030] loss = 0.696443
[e002 s0700/1030] loss = 0.699807
[e002 s0750/1030] loss = 0.698009
[e002 s0800/1030] loss = 0.698204
[e002 s0850/1030] loss = 0.692067
[e002 s0900/1030] loss = 0.703447
[e002 s0950/1030] loss = 0.700891
[e002 s1000/1030] loss = 0.701066
Epoch 002: train_loss = 0.705069  MAE/GAME0 = 67.545  RMSE = 74.091  GAME1 = 67.545  GAME2 = 67.545  GAME3 = 67.545  lr = 1.00e-05  time = 9.1s
[e003 s0001/1030] loss = 0.930803
[e003 s0050/1030] loss = 0.759141
[e003 s0100/1030] loss = 0.775003
[e003 s0150/1030] loss = 0.736081
[e003 s0200/1030] loss = 0.728267
[e003 s0250/1030] loss = 0.713774
[e003 s0300/1030] loss = 0.704523
[e003 s0350/1030] loss = 0.716063
[e003 s0400/1030] loss = 0.707634
[e003 s0450/1030] loss = 0.719500
[e003 s0500/1030] loss = 0.713979
[e003 s0550/1030] loss = 0.717637
[e003 s0600/1030] loss = 0.732503
[e003 s0650/1030] loss = 0.726812
[e003 s0700/1030] loss = 0.719622
[e003 s0750/1030] loss = 0.720323
[e003 s0800/1030] loss = 0.714814
[e003 s0850/1030] loss = 0.714664
[e003 s0900/1030] loss = 0.714061
[e003 s0950/1030] loss = 0.715778
[e003 s1000/1030] loss = 0.718053
Epoch 003: train_loss = 0.713496  MAE/GAME0 = 64.486  RMSE = 70.888  GAME1 = 64.486  GAME2 = 64.486  GAME3 = 64.486  lr = 1.00e-05  time = 8.9s
[e004 s0001/1030] loss = 0.555202
[e004 s0050/1030] loss = 0.633643
[e004 s0100/1030] loss = 0.635882
[e004 s0150/1030] loss = 0.647400
[e004 s0200/1030] loss = 0.677095
[e004 s0250/1030] loss = 0.681224
[e004 s0300/1030] loss = 0.659887
[e004 s0350/1030] loss = 0.674279
[e004 s0400/1030] loss = 0.682318
[e004 s0450/1030] loss = 0.685360
[e004 s0500/1030] loss = 0.688385
[e004 s0550/1030] loss = 0.692612
[e004 s0600/1030] loss = 0.688014
[e004 s0650/1030] loss = 0.691690
[e004 s0700/1030] loss = 0.691233
[e004 s0750/1030] loss = 0.696952
[e004 s0800/1030] loss = 0.699889
[e004 s0850/1030] loss = 0.696622
[e004 s0900/1030] loss = 0.697170
[e004 s0950/1030] loss = 0.700624
[e004 s1000/1030] loss = 0.698013
Epoch 004: train_loss = 0.696701  MAE/GAME0 = 67.022  RMSE = 75.478  GAME1 = 67.022  GAME2 = 67.022  GAME3 = 67.022  lr = 1.00e-05  time = 8.9s
[e005 s0001/1030] loss = 0.939369
[e005 s0050/1030] loss = 0.765284
[e005 s0100/1030] loss = 0.784278
[e005 s0150/1030] loss = 0.767896
[e005 s0200/1030] loss = 0.745416
[e005 s0250/1030] loss = 0.732707
[e005 s0300/1030] loss = 0.738878
[e005 s0350/1030] loss = 0.731653
[e005 s0400/1030] loss = 0.728147
[e005 s0450/1030] loss = 0.721429
[e005 s0500/1030] loss = 0.717386
[e005 s0550/1030] loss = 0.711592
[e005 s0600/1030] loss = 0.708399
[e005 s0650/1030] loss = 0.712933
[e005 s0700/1030] loss = 0.710033
[e005 s0750/1030] loss = 0.702862
[e005 s0800/1030] loss = 0.702199
[e005 s0850/1030] loss = 0.705978
[e005 s0900/1030] loss = 0.703675
[e005 s0950/1030] loss = 0.705740
[e005 s1000/1030] loss = 0.707336
Epoch 005: train_loss = 0.702274  MAE/GAME0 = 67.408  RMSE = 74.101  GAME1 = 67.408  GAME2 = 67.408  GAME3 = 67.408  lr = 1.00e-05  time = 8.9s
[e006 s0001/1030] loss = 0.565115
[e006 s0050/1030] loss = 0.539959
[e006 s0100/1030] loss = 0.478795
[e006 s0150/1030] loss = 0.431527
[e006 s0200/1030] loss = 0.378407
[e006 s0250/1030] loss = 0.336354
[e006 s0300/1030] loss = 0.301396
[e006 s0350/1030] loss = 0.271186
[e006 s0400/1030] loss = 0.246930
[e006 s0450/1030] loss = 0.225929
[e006 s0500/1030] loss = 0.207266
[e006 s0550/1030] loss = 0.191138
[e006 s0600/1030] loss = 0.177304
[e006 s0650/1030] loss = 0.164989
[e006 s0700/1030] loss = 0.154109
[e006 s0750/1030] loss = 0.144421
[e006 s0800/1030] loss = 0.135766
[e006 s0850/1030] loss = 0.128046
[e006 s0900/1030] loss = 0.121142
[e006 s0950/1030] loss = 0.114919
[e006 s1000/1030] loss = 0.109292
Epoch 006: train_loss = 0.106155  MAE/GAME0 = 2.836  RMSE = 3.109  GAME1 = 2.836  GAME2 = 2.836  GAME3 = 2.836  lr = 1.00e-05  time = 18.3s
[e007 s0001/1030] loss = 0.000546
[e007 s0050/1030] loss = 0.001574
[e007 s0100/1030] loss = 0.001253
[e007 s0150/1030] loss = 0.001109
[e007 s0200/1030] loss = 0.000971
[e007 s0250/1030] loss = 0.000874
[e007 s0300/1030] loss = 0.000791
[e007 s0350/1030] loss = 0.000717
[e007 s0400/1030] loss = 0.000652
[e007 s0450/1030] loss = 0.000600
[e007 s0500/1030] loss = 0.000555
[e007 s0550/1030] loss = 0.000514
[e007 s0600/1030] loss = 0.000479
[e007 s0650/1030] loss = 0.000447
[e007 s0700/1030] loss = 0.000419
[e007 s0750/1030] loss = 0.000394
[e007 s0800/1030] loss = 0.000372
[e007 s0850/1030] loss = 0.000351
[e007 s0900/1030] loss = 0.000333
[e007 s0950/1030] loss = 0.000317
[e007 s1000/1030] loss = 0.000302
Epoch 007: train_loss = 0.000293  MAE/GAME0 = 0.204  RMSE = 0.214  GAME1 = 0.204  GAME2 = 0.204  GAME3 = 0.204  lr = 1.00e-05  time = 18.0s
[e008 s0001/1030] loss = 0.000004
[e008 s0050/1030] loss = 0.000010
[e008 s0100/1030] loss = 0.000009
[e008 s0150/1030] loss = 0.000008
[e008 s0200/1030] loss = 0.000008
[e008 s0250/1030] loss = 0.000007
[e008 s0300/1030] loss = 0.000006
[e008 s0350/1030] loss = 0.000006
[e008 s0400/1030] loss = 0.000006
[e008 s0450/1030] loss = 0.000005
[e008 s0500/1030] loss = 0.000005
[e008 s0550/1030] loss = 0.000005
[e008 s0600/1030] loss = 0.000004
[e008 s0650/1030] loss = 0.000004
[e008 s0700/1030] loss = 0.000004
[e008 s0750/1030] loss = 0.000004
[e008 s0800/1030] loss = 0.000003
[e008 s0850/1030] loss = 0.000003
[e008 s0900/1030] loss = 113.602191
[e008 s0950/1030] loss = 107.623128
[e008 s1000/1030] loss = 102.241972
Epoch 008: train_loss = 99.264050  MAE/GAME0 = 0.033  RMSE = 0.033  GAME1 = 0.033  GAME2 = 0.033  GAME3 = 0.033  lr = 1.00e-05  time = 18.0s
[e009 s0001/1030] loss = 0.000000
[e009 s0050/1030] loss = 3252.547188
[e009 s0100/1030] loss = 1626.273594
[e009 s0150/1030] loss = 1084.182396
[e009 s0200/1030] loss = 841.650069
[e009 s0250/1030] loss = 681.559585
[e009 s0300/1030] loss = 567.966321
[e009 s0350/1030] loss = 490.538253
[e009 s0400/1030] loss = 429.757787
[e009 s0450/1030] loss = 382.497400
[e009 s0500/1030] loss = 352.356736
[e009 s0550/1030] loss = 320.546345
[e009 s0600/1030] loss = 296.758613
[e009 s0650/1030] loss = 274.710413
[e009 s0700/1030] loss = 255.088241
[e009 s0750/1030] loss = 238.082358
[e009 s0800/1030] loss = 223.202211
[e009 s0850/1030] loss = 210.072669
[e009 s0900/1030] loss = 198.871116
[e009 s0950/1030] loss = 188.740014
[e009 s1000/1030] loss = 179.615151
Epoch 009: train_loss = 174.383642  MAE/GAME0 = 28.084  RMSE = 397.131  GAME1 = 28.084  GAME2 = 28.084  GAME3 = 28.084  lr = 1.00e-05  time = 18.1s
[e010 s0001/1030] loss = 0.000000
[e010 s0050/1030] loss = 7.275209
[e010 s0100/1030] loss = 12.436286
[e010 s0150/1030] loss = 8.290857
[e010 s0200/1030] loss = 8.156799
[e010 s0250/1030] loss = 6.525439
[e010 s0300/1030] loss = 5.437866
[e010 s0350/1030] loss = 4.661028
[e010 s0400/1030] loss = 5.178840
[e010 s0450/1030] loss = 4.603413
[e010 s0500/1030] loss = 4.309218
[e010 s0550/1030] loss = 3.917471
[e010 s0600/1030] loss = 3.591015
[e010 s0650/1030] loss = 3.484230
[e010 s0700/1030] loss = 3.399887
[e010 s0750/1030] loss = 3.298077
[e010 s0800/1030] loss = 3.091948
[e010 s0850/1030] loss = 2.910074
[e010 s0900/1030] loss = 2.748403
[e010 s0950/1030] loss = 2.608356
[e010 s1000/1030] loss = 2.477938
Epoch 010: train_loss = 2.405960  MAE/GAME0 = 3.129  RMSE = 31.602  GAME1 = 3.129  GAME2 = 3.129  GAME3 = 3.129  lr = 1.00e-05  time = 17.9s
[e011 s0001/1030] loss = 0.000000
[e011 s0050/1030] loss = 0.000000
[e011 s0100/1030] loss = 0.000290
[e011 s0150/1030] loss = 0.000194
[e011 s0200/1030] loss = 0.000145
[e011 s0250/1030] loss = 0.000326
[e011 s0300/1030] loss = 0.000417
[e011 s0350/1030] loss = 0.000358
[e011 s0400/1030] loss = 0.000313
[e011 s0450/1030] loss = 0.000280
[e011 s0500/1030] loss = 0.000252
[e011 s0550/1030] loss = 0.000229
[e011 s0600/1030] loss = 0.000210
[e011 s0650/1030] loss = 0.000194
[e011 s0700/1030] loss = 0.000181
[e011 s0750/1030] loss = 0.000169
[e011 s0800/1030] loss = 0.000159
[e011 s0850/1030] loss = 0.000149
[e011 s0900/1030] loss = 0.000141
[e011 s0950/1030] loss = 0.000134
[e011 s1000/1030] loss = 0.000127
Epoch 011: train_loss = 0.000123  MAE/GAME0 = 0.000  RMSE = 0.000  GAME1 = 0.000  GAME2 = 0.000  GAME3 = 0.000  lr = 1.00e-05  time = 18.1s
[e012 s0001/1030] loss = 0.000000
[e012 s0050/1030] loss = 0.000000
[e012 s0100/1030] loss = 0.000000
[e012 s0150/1030] loss = 0.000000
[e012 s0200/1030] loss = 0.000000
[e012 s0250/1030] loss = 0.000000
[e012 s0300/1030] loss = 0.000000
[e012 s0350/1030] loss = 0.000000
[e012 s0400/1030] loss = 0.000000
[e012 s0450/1030] loss = 0.000000
[e012 s0500/1030] loss = 0.000000
[e012 s0550/1030] loss = 0.000000
[e012 s0600/1030] loss = 0.000000
[e012 s0650/1030] loss = 0.000000
[e012 s0700/1030] loss = 0.000000
[e012 s0750/1030] loss = 0.000000
[e012 s0800/1030] loss = 0.000000
[e012 s0850/1030] loss = 0.000000
[e012 s0900/1030] loss = 0.000000
[e012 s0950/1030] loss = 0.000000
[e012 s1000/1030] loss = 0.000000
Epoch 012: train_loss = 0.000000  MAE/GAME0 = 0.000  RMSE = 0.000  GAME1 = 0.000  GAME2 = 0.000  GAME3 = 0.000  lr = 1.00e-05  time = 18.0s
[e013 s0001/1030] loss = 0.000000
[e013 s0050/1030] loss = 0.000000
[e013 s0100/1030] loss = 0.000000
[e013 s0150/1030] loss = 0.000000
[e013 s0200/1030] loss = 0.000000
[e013 s0250/1030] loss = 0.000000
[e013 s0300/1030] loss = 0.000000
[e013 s0350/1030] loss = 0.000000
[e013 s0400/1030] loss = 0.000000
[e013 s0450/1030] loss = 0.000000
[e013 s0500/1030] loss = 0.000000
[e013 s0550/1030] loss = 0.000000
[e013 s0600/1030] loss = 0.000000
[e013 s0650/1030] loss = 0.000000
[e013 s0700/1030] loss = 0.000000
[e013 s0750/1030] loss = 0.000000
[e013 s0800/1030] loss = 0.000000
[e013 s0850/1030] loss = 0.000000
[e013 s0900/1030] loss = 0.000000
[e013 s0950/1030] loss = 0.000000
[e013 s1000/1030] loss = 0.000000
Epoch 013: train_loss = 0.000000  MAE/GAME0 = 0.000  RMSE = 0.000  GAME1 = 0.000  GAME2 = 0.000  GAME3 = 0.000  lr = 1.00e-05  time = 18.1s
[e014 s0001/1030] loss = 0.000000
[e014 s0050/1030] loss = 0.000000
[e014 s0100/1030] loss = 0.000000
[e014 s0150/1030] loss = 0.000000
[e014 s0200/1030] loss = 0.000000
[e014 s0250/1030] loss = 0.000000
[e014 s0300/1030] loss = 0.000000
[e014 s0350/1030] loss = 0.000000
[e014 s0400/1030] loss = 0.000000
[e014 s0450/1030] loss = 0.000000
[e014 s0500/1030] loss = 0.000000
[e014 s0550/1030] loss = 0.000000
[e014 s0600/1030] loss = 0.000000
[e014 s0650/1030] loss = 0.000000
[e014 s0700/1030] loss = 0.000000
[e014 s0750/1030] loss = 0.000000
[e014 s0800/1030] loss = 0.000000
[e014 s0850/1030] loss = 0.000000
[e014 s0900/1030] loss = 0.000000
[e014 s0950/1030] loss = 0.000000
[e014 s1000/1030] loss = 0.000000
Epoch 014: train_loss = 0.000000  MAE/GAME0 = 0.000  RMSE = 0.000  GAME1 = 0.000  GAME2 = 0.000  GAME3 = 0.000  lr = 1.00e-05  time = 17.9s
[e015 s0001/1030] loss = 0.000000
[e015 s0050/1030] loss = 0.000000
[e015 s0100/1030] loss = 0.000000
[e015 s0150/1030] loss = 0.000000
[e015 s0200/1030] loss = 0.000000
[e015 s0250/1030] loss = 0.000000
[e015 s0300/1030] loss = 0.000000
[e015 s0350/1030] loss = 0.000000
[e015 s0400/1030] loss = 0.000000
[e015 s0450/1030] loss = 0.000000
[e015 s0500/1030] loss = 0.000000
[e015 s0550/1030] loss = 0.000000
[e015 s0600/1030] loss = 0.000000
[e015 s0650/1030] loss = 0.000000
[e015 s0700/1030] loss = 0.000000
[e015 s0750/1030] loss = 0.000000
[e015 s0800/1030] loss = 0.000000
[e015 s0850/1030] loss = 0.000000
[e015 s0900/1030] loss = 0.000000
[e015 s0950/1030] loss = 0.000000
[e015 s1000/1030] loss = 0.000000
Epoch 015: train_loss = 0.000000  MAE/GAME0 = 0.000  RMSE = 0.000  GAME1 = 0.000  GAME2 = 0.000  GAME3 = 0.000  lr = 1.00e-05  time = 17.9s
[e016 s0001/1030] loss = 0.000000
[e016 s0050/1030] loss = 0.000000
[e016 s0100/1030] loss = 0.000000
[e016 s0150/1030] loss = 0.000000
[e016 s0200/1030] loss = 0.000000
[e016 s0250/1030] loss = 0.000000
[e016 s0300/1030] loss = 0.000000
[e016 s0350/1030] loss = 0.000000
[e016 s0400/1030] loss = 0.000000
[e016 s0450/1030] loss = 0.000000
[e016 s0500/1030] loss = 0.000000
[e016 s0550/1030] loss = 0.000000
[e016 s0600/1030] loss = 0.000000
[e016 s0650/1030] loss = 0.000000
[e016 s0700/1030] loss = 0.000000
[e016 s0750/1030] loss = 0.000000
[e016 s0800/1030] loss = 0.000000
[e016 s0850/1030] loss = 0.000000
[e016 s0900/1030] loss = 0.000000
[e016 s0950/1030] loss = 0.000000
[e016 s1000/1030] loss = 0.000000
Epoch 016: train_loss = 0.000000  MAE/GAME0 = 0.000  RMSE = 0.000  GAME1 = 0.000  GAME2 = 0.000  GAME3 = 0.000  lr = 1.00e-05  time = 17.9s
[e017 s0001/1030] loss = 0.000000
[e017 s0050/1030] loss = 0.000000
[e017 s0100/1030] loss = 0.000000
[e017 s0150/1030] loss = 0.000000
[e017 s0200/1030] loss = 0.000000
[e017 s0250/1030] loss = 0.000000
[e017 s0300/1030] loss = 0.000000
[e017 s0350/1030] loss = 0.000000
[e017 s0400/1030] loss = 0.000000
[e017 s0450/1030] loss = 0.000000
[e017 s0500/1030] loss = 0.000000
[e017 s0550/1030] loss = 0.000000
[e017 s0600/1030] loss = 0.000000
[e017 s0650/1030] loss = 0.000000
[e017 s0700/1030] loss = 0.000000
[e017 s0750/1030] loss = 0.000000
[e017 s0800/1030] loss = 0.000000
[e017 s0850/1030] loss = 0.000000
[e017 s0900/1030] loss = 0.000000
[e017 s0950/1030] loss = 0.000000
[e017 s1000/1030] loss = 0.000000
Epoch 017: train_loss = 0.000000  MAE/GAME0 = 0.000  RMSE = 0.000  GAME1 = 0.000  GAME2 = 0.000  GAME3 = 0.000  lr = 1.00e-05  time = 18.0s
[e018 s0001/1030] loss = 0.000000
[e018 s0050/1030] loss = 0.000000
[e018 s0100/1030] loss = 0.000000
[e018 s0150/1030] loss = 0.000000
[e018 s0200/1030] loss = 0.000000
[e018 s0250/1030] loss = 0.000000
[e018 s0300/1030] loss = 0.000000
[e018 s0350/1030] loss = 0.000000
[e018 s0400/1030] loss = 0.000000
[e018 s0450/1030] loss = 0.000000
[e018 s0500/1030] loss = 0.000000
[e018 s0550/1030] loss = 0.000000
[e018 s0600/1030] loss = 0.000000
[e018 s0650/1030] loss = 0.000000
[e018 s0700/1030] loss = 0.000000
[e018 s0750/1030] loss = 0.000000
[e018 s0800/1030] loss = 0.000000
[e018 s0850/1030] loss = 0.000000
[e018 s0900/1030] loss = 0.000000
[e018 s0950/1030] loss = 0.000000
[e018 s1000/1030] loss = 0.000000
Epoch 018: train_loss = 0.000000  MAE/GAME0 = 0.000  RMSE = 0.000  GAME1 = 0.000  GAME2 = 0.000  GAME3 = 0.000  lr = 1.00e-05  time = 17.8s
[e019 s0001/1030] loss = 0.000000
[e019 s0050/1030] loss = 0.000000
[e019 s0100/1030] loss = 0.000000
[e019 s0150/1030] loss = 0.000000
[e019 s0200/1030] loss = 0.000000
[e019 s0250/1030] loss = 0.000000
[e019 s0300/1030] loss = 0.000000
[e019 s0350/1030] loss = 0.000000
[e019 s0400/1030] loss = 0.000000
[e019 s0450/1030] loss = 0.000000
[e019 s0500/1030] loss = 0.000000
[e019 s0550/1030] loss = 0.000000
[e019 s0600/1030] loss = 0.000000
[e019 s0650/1030] loss = 0.000000
[e019 s0700/1030] loss = 0.000000
[e019 s0750/1030] loss = 0.000000
[e019 s0800/1030] loss = 0.000000
[e019 s0850/1030] loss = 0.000000
[e019 s0900/1030] loss = 0.000000
[e019 s0950/1030] loss = 0.000000
[e019 s1000/1030] loss = 0.000000
Epoch 019: train_loss = 0.000000  MAE/GAME0 = 0.000  RMSE = 0.000  GAME1 = 0.000  GAME2 = 0.000  GAME3 = 0.000  lr = 1.00e-05  time = 17.9s
[e020 s0001/1030] loss = 0.000000
[e020 s0050/1030] loss = 0.000000
[e020 s0100/1030] loss = 0.000000
[e020 s0150/1030] loss = 0.000000
[e020 s0200/1030] loss = 0.000000
[e020 s0250/1030] loss = 0.000000
[e020 s0300/1030] loss = 0.000000
[e020 s0350/1030] loss = 0.000000
[e020 s0400/1030] loss = 0.000000
[e020 s0450/1030] loss = 0.000000
[e020 s0500/1030] loss = 0.000000
[e020 s0550/1030] loss = 0.000000
[e020 s0600/1030] loss = 0.000000
[e020 s0650/1030] loss = 0.000000
[e020 s0700/1030] loss = 0.000000
[e020 s0750/1030] loss = 0.000000
[e020 s0800/1030] loss = 0.000000
[e020 s0850/1030] loss = 0.000000
[e020 s0900/1030] loss = 0.000000
[e020 s0950/1030] loss = 0.000000
[e020 s1000/1030] loss = 0.000000
Epoch 020: train_loss = 0.000000  MAE/GAME0 = 0.000  RMSE = 0.000  GAME1 = 0.000  GAME2 = 0.000  GAME3 = 0.000  lr = 1.00e-05  time = 18.3s
[e021 s0001/1030] loss = 0.000000
[e021 s0050/1030] loss = 0.000000
[e021 s0100/1030] loss = 0.000000
[e021 s0150/1030] loss = 0.000000
[e021 s0200/1030] loss = 0.000000
[e021 s0250/1030] loss = 0.000000
[e021 s0300/1030] loss = 0.000000
[e021 s0350/1030] loss = 0.000000
[e021 s0400/1030] loss = 0.000000
[e021 s0450/1030] loss = 0.000000
[e021 s0500/1030] loss = 0.000000
[e021 s0550/1030] loss = 0.000000
[e021 s0600/1030] loss = 0.000000
[e021 s0650/1030] loss = 0.000000
[e021 s0700/1030] loss = 0.000000
[e021 s0750/1030] loss = 0.000000
[e021 s0800/1030] loss = 0.000000
[e021 s0850/1030] loss = 0.000000
[e021 s0900/1030] loss = 0.000000
[e021 s0950/1030] loss = 0.000000
[e021 s1000/1030] loss = 0.000000
Epoch 021: train_loss = 0.000000  MAE/GAME0 = 0.000  RMSE = 0.000  GAME1 = 0.000  GAME2 = 0.000  GAME3 = 0.000  lr = 1.00e-05  time = 17.8s
[e022 s0001/1030] loss = 0.000000
[e022 s0050/1030] loss = 0.000000
[e022 s0100/1030] loss = 0.000000
[e022 s0150/1030] loss = 0.000000
[e022 s0200/1030] loss = 0.000000
[e022 s0250/1030] loss = 0.000000
[e022 s0300/1030] loss = 0.000000
[e022 s0350/1030] loss = 0.000000
[e022 s0400/1030] loss = 0.000000
[e022 s0450/1030] loss = 0.000000
[e022 s0500/1030] loss = 0.000000
[e022 s0550/1030] loss = 0.000000
[e022 s0600/1030] loss = 0.000000
[e022 s0650/1030] loss = 0.000000
[e022 s0700/1030] loss = 0.000000
[e022 s0750/1030] loss = 0.000000
[e022 s0800/1030] loss = 0.000000
[e022 s0850/1030] loss = 0.000000
[e022 s0900/1030] loss = 0.000000
[e022 s0950/1030] loss = 0.000000
[e022 s1000/1030] loss = 0.000000
Epoch 022: train_loss = 0.000000  MAE/GAME0 = 0.000  RMSE = 0.000  GAME1 = 0.000  GAME2 = 0.000  GAME3 = 0.000  lr = 1.00e-05  time = 17.8s
[e023 s0001/1030] loss = 0.000000
[e023 s0050/1030] loss = 0.000000
[e023 s0100/1030] loss = 0.000000
[e023 s0150/1030] loss = 0.000000
[e023 s0200/1030] loss = 0.000000
[e023 s0250/1030] loss = 0.000000
[e023 s0300/1030] loss = 0.000000
[e023 s0350/1030] loss = 0.000000
[e023 s0400/1030] loss = 0.000000
[e023 s0450/1030] loss = 0.000000
[e023 s0500/1030] loss = 0.000000
[e023 s0550/1030] loss = 0.000000
[e023 s0600/1030] loss = 0.000000
[e023 s0650/1030] loss = 0.000000
[e023 s0700/1030] loss = 0.000000
[e023 s0750/1030] loss = 0.000000
[e023 s0800/1030] loss = 0.000000
[e023 s0850/1030] loss = 0.000000
[e023 s0900/1030] loss = 0.000000
[e023 s0950/1030] loss = 0.000000
[e023 s1000/1030] loss = 0.000000
Epoch 023: train_loss = 0.000000  MAE/GAME0 = 0.000  RMSE = 0.000  GAME1 = 0.000  GAME2 = 0.000  GAME3 = 0.000  lr = 1.00e-05  time = 18.1s
[e024 s0001/1030] loss = 0.000000
[e024 s0050/1030] loss = 0.000000
[e024 s0100/1030] loss = 0.000000
[e024 s0150/1030] loss = 0.000000
[e024 s0200/1030] loss = 0.000000
[e024 s0250/1030] loss = 0.000000
[e024 s0300/1030] loss = 0.000000
[e024 s0350/1030] loss = 0.000000
[e024 s0400/1030] loss = 0.000000
[e024 s0450/1030] loss = 0.000000
[e024 s0500/1030] loss = 0.000000
[e024 s0550/1030] loss = 0.000000
[e024 s0600/1030] loss = 0.000000
[e024 s0650/1030] loss = 0.000000
[e024 s0700/1030] loss = 0.000000
[e024 s0750/1030] loss = 0.000000
[e024 s0800/1030] loss = 0.000000
[e024 s0850/1030] loss = 0.000000
[e024 s0900/1030] loss = 0.000000
[e024 s0950/1030] loss = 0.000000
[e024 s1000/1030] loss = 0.000000
Epoch 024: train_loss = 0.000000  MAE/GAME0 = 0.000  RMSE = 0.000  GAME1 = 0.000  GAME2 = 0.000  GAME3 = 0.000  lr = 1.00e-05  time = 17.8s
[e025 s0001/1030] loss = 0.000000
[e025 s0050/1030] loss = 0.000000
[e025 s0100/1030] loss = 0.000000
[e025 s0150/1030] loss = 0.000000
[e025 s0200/1030] loss = 0.000000
[e025 s0250/1030] loss = 0.000000
[e025 s0300/1030] loss = 0.000000
[e025 s0350/1030] loss = 0.000000
[e025 s0400/1030] loss = 0.000000
[e025 s0450/1030] loss = 0.000000
[e025 s0500/1030] loss = 0.000000
[e025 s0550/1030] loss = 0.000000
[e025 s0600/1030] loss = 0.000000
[e025 s0650/1030] loss = 0.000000
[e025 s0700/1030] loss = 0.000000
[e025 s0750/1030] loss = 0.000000
[e025 s0800/1030] loss = 0.000000
[e025 s0850/1030] loss = 0.000000
[e025 s0900/1030] loss = 0.000000
[e025 s0950/1030] loss = 0.000000
[e025 s1000/1030] loss = 0.000000
Epoch 025: train_loss = 0.000000  MAE/GAME0 = 0.000  RMSE = 0.000  GAME1 = 0.000  GAME2 = 0.000  GAME3 = 0.000  lr = 1.00e-05  time = 17.7s
[e026 s0001/1030] loss = 0.000000
[e026 s0050/1030] loss = 0.000000
[e026 s0100/1030] loss = 0.000000
[e026 s0150/1030] loss = 0.000000
[e026 s0200/1030] loss = 0.000000
[e026 s0250/1030] loss = 0.000000
[e026 s0300/1030] loss = 0.000000
[e026 s0350/1030] loss = 0.000000
[e026 s0400/1030] loss = 0.000000
[e026 s0450/1030] loss = 0.000000
[e026 s0500/1030] loss = 0.000000
[e026 s0550/1030] loss = 0.000000
[e026 s0600/1030] loss = 0.000000
[e026 s0650/1030] loss = 0.000000
[e026 s0700/1030] loss = 0.000000
[e026 s0750/1030] loss = 0.000000
[e026 s0800/1030] loss = 0.000000
[e026 s0850/1030] loss = 0.000000
[e026 s0900/1030] loss = 0.000000
[e026 s0950/1030] loss = 0.000000
[e026 s1000/1030] loss = 0.000000
Epoch 026: train_loss = 0.000000  MAE/GAME0 = 0.000  RMSE = 0.000  GAME1 = 0.000  GAME2 = 0.000  GAME3 = 0.000  lr = 1.00e-05  time = 17.7s
[e027 s0001/1030] loss = 0.000000
[e027 s0050/1030] loss = 0.000000
[e027 s0100/1030] loss = 0.000000
[e027 s0150/1030] loss = 0.000000
[e027 s0200/1030] loss = 0.000000
[e027 s0250/1030] loss = 0.000000
[e027 s0300/1030] loss = 0.000000
[e027 s0350/1030] loss = 0.000000
[e027 s0400/1030] loss = 0.000000
[e027 s0450/1030] loss = 0.000000
[e027 s0500/1030] loss = 0.000000
[e027 s0550/1030] loss = 0.000000
[e027 s0600/1030] loss = 0.000000
[e027 s0650/1030] loss = 0.000000
[e027 s0700/1030] loss = 0.000000
[e027 s0750/1030] loss = 0.000000
[e027 s0800/1030] loss = 0.000000
[e027 s0850/1030] loss = 0.000000
[e027 s0900/1030] loss = 0.000000
[e027 s0950/1030] loss = 0.000000
[e027 s1000/1030] loss = 0.000000
Epoch 027: train_loss = 0.000000  MAE/GAME0 = 0.000  RMSE = 0.000  GAME1 = 0.000  GAME2 = 0.000  GAME3 = 0.000  lr = 1.00e-05  time = 17.9s
[e028 s0001/1030] loss = 0.000000
[e028 s0050/1030] loss = 0.000000
[e028 s0100/1030] loss = 0.000000
[e028 s0150/1030] loss = 0.000000
[e028 s0200/1030] loss = 0.000000
[e028 s0250/1030] loss = 0.000000
[e028 s0300/1030] loss = 0.000000
[e028 s0350/1030] loss = 0.000000
[e028 s0400/1030] loss = 0.000000
[e028 s0450/1030] loss = 0.000000
[e028 s0500/1030] loss = 0.000000
[e028 s0550/1030] loss = 0.000000
[e028 s0600/1030] loss = 0.000000
[e028 s0650/1030] loss = 0.000000
[e028 s0700/1030] loss = 0.000000
[e028 s0750/1030] loss = 0.000000
[e028 s0800/1030] loss = 0.000000
[e028 s0850/1030] loss = 0.000000
[e028 s0900/1030] loss = 0.000000
[e028 s0950/1030] loss = 0.000000
[e028 s1000/1030] loss = 0.000000
Epoch 028: train_loss = 0.000000  MAE/GAME0 = 0.000  RMSE = 0.000  GAME1 = 0.000  GAME2 = 0.000  GAME3 = 0.000  lr = 1.00e-05  time = 18.3s
[e029 s0001/1030] loss = 0.000000
[e029 s0050/1030] loss = 0.000000
[e029 s0100/1030] loss = 0.000000
[e029 s0150/1030] loss = 0.000000
[e029 s0200/1030] loss = 0.000000
[e029 s0250/1030] loss = 0.000000
[e029 s0300/1030] loss = 0.000000
[e029 s0350/1030] loss = 0.000000
[e029 s0400/1030] loss = 0.000000
[e029 s0450/1030] loss = 0.000000
[e029 s0500/1030] loss = 0.000000
[e029 s0550/1030] loss = 0.000000
[e029 s0600/1030] loss = 0.000000
[e029 s0650/1030] loss = 0.000000
[e029 s0700/1030] loss = 0.000000
[e029 s0750/1030] loss = 0.000000
[e029 s0800/1030] loss = 0.000000
[e029 s0850/1030] loss = 0.000000
[e029 s0900/1030] loss = 0.000000
[e029 s0950/1030] loss = 0.000000
[e029 s1000/1030] loss = 0.000000
Epoch 029: train_loss = 0.000000  MAE/GAME0 = 0.000  RMSE = 0.000  GAME1 = 0.000  GAME2 = 0.000  GAME3 = 0.000  lr = 1.00e-05  time = 18.0s
[e030 s0001/1030] loss = 0.000000
[e030 s0050/1030] loss = 0.000000
[e030 s0100/1030] loss = 0.000000
[e030 s0150/1030] loss = 0.000000
[e030 s0200/1030] loss = 0.000000
[e030 s0250/1030] loss = 0.000000
[e030 s0300/1030] loss = 0.000000
[e030 s0350/1030] loss = 0.000000
[e030 s0400/1030] loss = 0.000000
[e030 s0450/1030] loss = 0.000000
[e030 s0500/1030] loss = 0.000000
[e030 s0550/1030] loss = 0.000000
[e030 s0600/1030] loss = 0.000000
[e030 s0650/1030] loss = 0.000000
[e030 s0700/1030] loss = 0.000000
[e030 s0750/1030] loss = 0.000000
[e030 s0800/1030] loss = 0.000000
[e030 s0850/1030] loss = 0.000000
[e030 s0900/1030] loss = 0.000000
[e030 s0950/1030] loss = 0.000000
[e030 s1000/1030] loss = 0.000000
Epoch 030: train_loss = 0.000000  MAE/GAME0 = 0.000  RMSE = 0.000  GAME1 = 0.000  GAME2 = 0.000  GAME3 = 0.000  lr = 1.00e-05  time = 17.7s
[e031 s0001/1030] loss = 0.000000
[e031 s0050/1030] loss = 0.000000
[e031 s0100/1030] loss = 0.000000
[e031 s0150/1030] loss = 0.000000
[e031 s0200/1030] loss = 0.000000
[e031 s0250/1030] loss = 0.000000
[e031 s0300/1030] loss = 0.000000
[e031 s0350/1030] loss = 0.000000
[e031 s0400/1030] loss = 0.000000
[e031 s0450/1030] loss = 0.000000
[e031 s0500/1030] loss = 0.000000
[e031 s0550/1030] loss = 0.000000
[e031 s0600/1030] loss = 0.000000
[e031 s0650/1030] loss = 0.000000
[e031 s0700/1030] loss = 0.000000
[e031 s0750/1030] loss = 0.000000
[e031 s0800/1030] loss = 0.000000
[e031 s0850/1030] loss = 0.000000
[e031 s0900/1030] loss = 0.000000
[e031 s0950/1030] loss = 0.000000
[e031 s1000/1030] loss = 0.000000
Epoch 031: train_loss = 0.000000  MAE/GAME0 = 0.000  RMSE = 0.000  GAME1 = 0.000  GAME2 = 0.000  GAME3 = 0.000  lr = 1.00e-05  time = 17.9s
[e032 s0001/1030] loss = 0.000000
[e032 s0050/1030] loss = 0.000000
[e032 s0100/1030] loss = 0.000000
[e032 s0150/1030] loss = 0.000000
[e032 s0200/1030] loss = 0.000000
[e032 s0250/1030] loss = 0.000000
[e032 s0300/1030] loss = 0.000000
[e032 s0350/1030] loss = 0.000000
[e032 s0400/1030] loss = 0.000000
[e032 s0450/1030] loss = 0.000000
[e032 s0500/1030] loss = 0.000000
[e032 s0550/1030] loss = 0.000000
[e032 s0600/1030] loss = 0.000000
[e032 s0650/1030] loss = 0.000000
[e032 s0700/1030] loss = 0.000000
[e032 s0750/1030] loss = 0.000000
[e032 s0800/1030] loss = 0.000000
[e032 s0850/1030] loss = 0.000000
[e032 s0900/1030] loss = 0.000000
[e032 s0950/1030] loss = 0.000000
[e032 s1000/1030] loss = 0.000000
Epoch 032: train_loss = 0.000000  MAE/GAME0 = 0.000  RMSE = 0.000  GAME1 = 0.000  GAME2 = 0.000  GAME3 = 0.000  lr = 1.00e-05  time = 18.0s
[e033 s0001/1030] loss = 0.000000
[e033 s0050/1030] loss = 0.000000
[e033 s0100/1030] loss = 0.000000
[e033 s0150/1030] loss = 0.000000
[e033 s0200/1030] loss = 0.000000
[e033 s0250/1030] loss = 0.000000
[e033 s0300/1030] loss = 0.000000
[e033 s0350/1030] loss = 0.000000
[e033 s0400/1030] loss = 0.000000
[e033 s0450/1030] loss = 0.000000
[e033 s0500/1030] loss = 0.000000
[e033 s0550/1030] loss = 0.000000
[e033 s0600/1030] loss = 0.000000
[e033 s0650/1030] loss = 0.000000
[e033 s0700/1030] loss = 0.000000
[e033 s0750/1030] loss = 0.000000
[e033 s0800/1030] loss = 0.000000
[e033 s0850/1030] loss = 0.000000
[e033 s0900/1030] loss = 0.000000
[e033 s0950/1030] loss = 0.000000
[e033 s1000/1030] loss = 0.000000
Epoch 033: train_loss = 0.000000  MAE/GAME0 = 0.000  RMSE = 0.000  GAME1 = 0.000  GAME2 = 0.000  GAME3 = 0.000  lr = 1.00e-05  time = 17.9s
[e034 s0001/1030] loss = 0.000000
[e034 s0050/1030] loss = 0.000000
[e034 s0100/1030] loss = 0.000000
[e034 s0150/1030] loss = 0.000000
[e034 s0200/1030] loss = 0.000000
[e034 s0250/1030] loss = 0.000000
[e034 s0300/1030] loss = 0.000000
[e034 s0350/1030] loss = 0.000000
[e034 s0400/1030] loss = 0.000000
[e034 s0450/1030] loss = 0.000000
[e034 s0500/1030] loss = 0.000000
[e034 s0550/1030] loss = 0.000000
[e034 s0600/1030] loss = 0.000000
[e034 s0650/1030] loss = 0.000000
[e034 s0700/1030] loss = 0.000000
[e034 s0750/1030] loss = 0.000000
[e034 s0800/1030] loss = 0.000000
[e034 s0850/1030] loss = 0.000000
[e034 s0900/1030] loss = 0.000000
[e034 s0950/1030] loss = 0.000000
[e034 s1000/1030] loss = 0.000000
Epoch 034: train_loss = 0.000000  MAE/GAME0 = 0.000  RMSE = 0.000  GAME1 = 0.000  GAME2 = 0.000  GAME3 = 0.000  lr = 1.00e-05  time = 17.9s
[e035 s0001/1030] loss = 0.000000
[e035 s0050/1030] loss = 0.000000
[e035 s0100/1030] loss = 0.000000
[e035 s0150/1030] loss = 0.000000
[e035 s0200/1030] loss = 0.000000
[e035 s0250/1030] loss = 0.000000
[e035 s0300/1030] loss = 0.000000
[e035 s0350/1030] loss = 0.000000
[e035 s0400/1030] loss = 0.000000
[e035 s0450/1030] loss = 0.000000
[e035 s0500/1030] loss = 0.000000
[e035 s0550/1030] loss = 0.000000
[e035 s0600/1030] loss = 0.000000
[e035 s0650/1030] loss = 0.000000
[e035 s0700/1030] loss = 0.000000
[e035 s0750/1030] loss = 0.000000
[e035 s0800/1030] loss = 0.000000
[e035 s0850/1030] loss = 0.000000
[e035 s0900/1030] loss = 0.000000
[e035 s0950/1030] loss = 0.000000
[e035 s1000/1030] loss = 0.000000
Epoch 035: train_loss = 0.000000  MAE/GAME0 = 0.000  RMSE = 0.000  GAME1 = 0.000  GAME2 = 0.000  GAME3 = 0.000  lr = 1.00e-05  time = 17.8s
[e036 s0001/1030] loss = 0.000000
[e036 s0050/1030] loss = 0.000000
[e036 s0100/1030] loss = 0.000000
[e036 s0150/1030] loss = 0.000000
[e036 s0200/1030] loss = 0.000000
[e036 s0250/1030] loss = 0.000000
[e036 s0300/1030] loss = 0.000000
[e036 s0350/1030] loss = 0.000000
[e036 s0400/1030] loss = 0.000000
[e036 s0450/1030] loss = 0.000000
[e036 s0500/1030] loss = 0.000000
[e036 s0550/1030] loss = 0.000000
[e036 s0600/1030] loss = 0.000000
[e036 s0650/1030] loss = 0.000000
[e036 s0700/1030] loss = 0.000000
[e036 s0750/1030] loss = 0.000000
[e036 s0800/1030] loss = 0.000000
[e036 s0850/1030] loss = 0.000000
[e036 s0900/1030] loss = 0.000000
[e036 s0950/1030] loss = 0.000000
[e036 s1000/1030] loss = 0.000000
Epoch 036: train_loss = 0.000000  MAE/GAME0 = 0.000  RMSE = 0.000  GAME1 = 0.000  GAME2 = 0.000  GAME3 = 0.000  lr = 1.00e-05  time = 18.0s
[e037 s0001/1030] loss = 0.000000
[e037 s0050/1030] loss = 0.000000
[e037 s0100/1030] loss = 0.000000
[e037 s0150/1030] loss = 0.000000
[e037 s0200/1030] loss = 0.000000
[e037 s0250/1030] loss = 0.000000
[e037 s0300/1030] loss = 0.000000
[e037 s0350/1030] loss = 0.000000
[e037 s0400/1030] loss = 0.000000
[e037 s0450/1030] loss = 0.000000
[e037 s0500/1030] loss = 0.000000
[e037 s0550/1030] loss = 0.000000
[e037 s0600/1030] loss = 0.000000
[e037 s0650/1030] loss = 0.000000
[e037 s0700/1030] loss = 0.000000
[e037 s0750/1030] loss = 0.000000
[e037 s0800/1030] loss = 0.000000
[e037 s0850/1030] loss = 0.000000
[e037 s0900/1030] loss = 0.000000
[e037 s0950/1030] loss = 0.000000
[e037 s1000/1030] loss = 0.000000
Epoch 037: train_loss = 0.000000  MAE/GAME0 = 0.000  RMSE = 0.000  GAME1 = 0.000  GAME2 = 0.000  GAME3 = 0.000  lr = 1.00e-05  time = 17.9s
[e038 s0001/1030] loss = 0.000000
[e038 s0050/1030] loss = 0.000000
[e038 s0100/1030] loss = 0.000000
[e038 s0150/1030] loss = 0.000000
[e038 s0200/1030] loss = 0.000000
[e038 s0250/1030] loss = 0.000000
[e038 s0300/1030] loss = 0.000000
[e038 s0350/1030] loss = 0.000000
[e038 s0400/1030] loss = 0.000000
[e038 s0450/1030] loss = 0.000000
[e038 s0500/1030] loss = 0.000000
[e038 s0550/1030] loss = 0.000000
[e038 s0600/1030] loss = 0.000000
[e038 s0650/1030] loss = 0.000000
[e038 s0700/1030] loss = 0.000000
[e038 s0750/1030] loss = 0.000000
[e038 s0800/1030] loss = 0.000000
[e038 s0850/1030] loss = 0.000000
[e038 s0900/1030] loss = 0.000000
[e038 s0950/1030] loss = 0.000000
[e038 s1000/1030] loss = 0.000000
Epoch 038: train_loss = 0.000000  MAE/GAME0 = 0.000  RMSE = 0.000  GAME1 = 0.000  GAME2 = 0.000  GAME3 = 0.000  lr = 1.00e-05  time = 18.1s
[e039 s0001/1030] loss = 0.000000
[e039 s0050/1030] loss = 0.000000
[e039 s0100/1030] loss = 0.000000
[e039 s0150/1030] loss = 0.000000
[e039 s0200/1030] loss = 0.000000
[e039 s0250/1030] loss = 0.000000
[e039 s0300/1030] loss = 0.000000
[e039 s0350/1030] loss = 0.000000
[e039 s0400/1030] loss = 0.000000
[e039 s0450/1030] loss = 0.000000
[e039 s0500/1030] loss = 0.000000
[e039 s0550/1030] loss = 0.000000
[e039 s0600/1030] loss = 0.000000
[e039 s0650/1030] loss = 0.000000
[e039 s0700/1030] loss = 0.000000
[e039 s0750/1030] loss = 0.000000
[e039 s0800/1030] loss = 0.000000
[e039 s0850/1030] loss = 0.000000
[e039 s0900/1030] loss = 0.000000
[e039 s0950/1030] loss = 0.000000
[e039 s1000/1030] loss = 0.000000
Epoch 039: train_loss = 0.000000  MAE/GAME0 = 0.000  RMSE = 0.000  GAME1 = 0.000  GAME2 = 0.000  GAME3 = 0.000  lr = 1.00e-05  time = 17.9s
[e040 s0001/1030] loss = 0.000000
[e040 s0050/1030] loss = 0.000000
[e040 s0100/1030] loss = 0.000000
[e040 s0150/1030] loss = 0.000000
[e040 s0200/1030] loss = 0.000000
[e040 s0250/1030] loss = 0.000000
[e040 s0300/1030] loss = 0.000000
[e040 s0350/1030] loss = 0.000000
[e040 s0400/1030] loss = 0.000000
[e040 s0450/1030] loss = 0.000000
[e040 s0500/1030] loss = 0.000000
[e040 s0550/1030] loss = 0.000000
[e040 s0600/1030] loss = 0.000000
[e040 s0650/1030] loss = 0.000000
[e040 s0700/1030] loss = 0.000000
[e040 s0750/1030] loss = 0.000000
[e040 s0800/1030] loss = 0.000000
[e040 s0850/1030] loss = 0.000000
[e040 s0900/1030] loss = 0.000000
[e040 s0950/1030] loss = 0.000000
[e040 s1000/1030] loss = 0.000000
Epoch 040: train_loss = 0.000000  MAE/GAME0 = 0.000  RMSE = 0.000  GAME1 = 0.000  GAME2 = 0.000  GAME3 = 0.000  lr = 1.00e-05  time = 18.0s
[e041 s0001/1030] loss = 0.000000
[e041 s0050/1030] loss = 0.000000
[e041 s0100/1030] loss = 0.000000
[e041 s0150/1030] loss = 0.000000
[e041 s0200/1030] loss = 0.000000
[e041 s0250/1030] loss = 0.000000
[e041 s0300/1030] loss = 0.000000
[e041 s0350/1030] loss = 0.000000
[e041 s0400/1030] loss = 0.000000
[e041 s0450/1030] loss = 0.000000
[e041 s0500/1030] loss = 0.000000
[e041 s0550/1030] loss = 0.000000
[e041 s0600/1030] loss = 0.000000
[e041 s0650/1030] loss = 0.000000
[e041 s0700/1030] loss = 0.000000
[e041 s0750/1030] loss = 0.000000
[e041 s0800/1030] loss = 0.000000
[e041 s0850/1030] loss = 0.000000
[e041 s0900/1030] loss = 0.000000
[e041 s0950/1030] loss = 0.000000
[e041 s1000/1030] loss = 0.000000
Epoch 041: train_loss = 0.000000  MAE/GAME0 = 0.000  RMSE = 0.000  GAME1 = 0.000  GAME2 = 0.000  GAME3 = 0.000  lr = 1.00e-05  time = 17.9s
[e042 s0001/1030] loss = 0.000000
[e042 s0050/1030] loss = 0.000000
[e042 s0100/1030] loss = 0.000000
[e042 s0150/1030] loss = 0.000000
[e042 s0200/1030] loss = 0.000000
[e042 s0250/1030] loss = 0.000000
[e042 s0300/1030] loss = 0.000000
[e042 s0350/1030] loss = 0.000000
[e042 s0400/1030] loss = 0.000000
[e042 s0450/1030] loss = 0.000000
[e042 s0500/1030] loss = 0.000000
[e042 s0550/1030] loss = 0.000000
[e042 s0600/1030] loss = 0.000000
[e042 s0650/1030] loss = 0.000000
[e042 s0700/1030] loss = 0.000000
[e042 s0750/1030] loss = 0.000000
[e042 s0800/1030] loss = 0.000000
[e042 s0850/1030] loss = 0.000000
[e042 s0900/1030] loss = 0.000000
[e042 s0950/1030] loss = 0.000000
[e042 s1000/1030] loss = 0.000000
Epoch 042: train_loss = 0.000000  MAE/GAME0 = 0.000  RMSE = 0.000  GAME1 = 0.000  GAME2 = 0.000  GAME3 = 0.000  lr = 1.00e-05  time = 17.8s
[e043 s0001/1030] loss = 0.000000
[e043 s0050/1030] loss = 0.000000
[e043 s0100/1030] loss = 0.000000
[e043 s0150/1030] loss = 0.000000
[e043 s0200/1030] loss = 0.000000
[e043 s0250/1030] loss = 0.000000
[e043 s0300/1030] loss = 0.000000
[e043 s0350/1030] loss = 0.000000
[e043 s0400/1030] loss = 0.000000
[e043 s0450/1030] loss = 0.000000
[e043 s0500/1030] loss = 0.000000
[e043 s0550/1030] loss = 0.000000
[e043 s0600/1030] loss = 0.000000
[e043 s0650/1030] loss = 0.000000
[e043 s0700/1030] loss = 0.000000
[e043 s0750/1030] loss = 0.000000
[e043 s0800/1030] loss = 0.000000
[e043 s0850/1030] loss = 0.000000
[e043 s0900/1030] loss = 0.000000
[e043 s0950/1030] loss = 0.000000
[e043 s1000/1030] loss = 0.000000
Epoch 043: train_loss = 0.000000  MAE/GAME0 = 0.000  RMSE = 0.000  GAME1 = 0.000  GAME2 = 0.000  GAME3 = 0.000  lr = 1.00e-05  time = 17.9s
[e044 s0001/1030] loss = 0.000000
[e044 s0050/1030] loss = 0.000000
[e044 s0100/1030] loss = 0.000000
[e044 s0150/1030] loss = 0.000000
[e044 s0200/1030] loss = 0.000000
[e044 s0250/1030] loss = 0.000000
[e044 s0300/1030] loss = 0.000000
[e044 s0350/1030] loss = 0.000000
[e044 s0400/1030] loss = 0.000000
[e044 s0450/1030] loss = 0.000000
[e044 s0500/1030] loss = 0.000000
[e044 s0550/1030] loss = 0.000000
[e044 s0600/1030] loss = 0.000000
[e044 s0650/1030] loss = 0.000000
[e044 s0700/1030] loss = 0.000000
[e044 s0750/1030] loss = 0.000000
[e044 s0800/1030] loss = 0.000000
[e044 s0850/1030] loss = 0.000000
[e044 s0900/1030] loss = 0.000000
[e044 s0950/1030] loss = 0.000000
[e044 s1000/1030] loss = 0.000000
Epoch 044: train_loss = 0.000000  MAE/GAME0 = 0.000  RMSE = 0.000  GAME1 = 0.000  GAME2 = 0.000  GAME3 = 0.000  lr = 1.00e-05  time = 18.0s
[e045 s0001/1030] loss = 0.000000
[e045 s0050/1030] loss = 0.000000
[e045 s0100/1030] loss = 0.000000
[e045 s0150/1030] loss = 0.000000
[e045 s0200/1030] loss = 0.000000
[e045 s0250/1030] loss = 0.000000
[e045 s0300/1030] loss = 0.000000
[e045 s0350/1030] loss = 0.000000
[e045 s0400/1030] loss = 0.000000
[e045 s0450/1030] loss = 0.000000
[e045 s0500/1030] loss = 0.000000
[e045 s0550/1030] loss = 0.000000
[e045 s0600/1030] loss = 0.000000
[e045 s0650/1030] loss = 0.000000
[e045 s0700/1030] loss = 0.000000
[e045 s0750/1030] loss = 0.000000
[e045 s0800/1030] loss = 0.000000
[e045 s0850/1030] loss = 0.000000
[e045 s0900/1030] loss = 0.000000
[e045 s0950/1030] loss = 0.000000
[e045 s1000/1030] loss = 0.000000
Epoch 045: train_loss = 0.000000  MAE/GAME0 = 0.000  RMSE = 0.000  GAME1 = 0.000  GAME2 = 0.000  GAME3 = 0.000  lr = 1.00e-05  time = 17.8s
[e046 s0001/1030] loss = 0.000000
[e046 s0050/1030] loss = 0.000000
[e046 s0100/1030] loss = 0.000000
[e046 s0150/1030] loss = 0.000000
[e046 s0200/1030] loss = 0.000000
[e046 s0250/1030] loss = 0.000000
[e046 s0300/1030] loss = 0.000000
[e046 s0350/1030] loss = 0.000000
[e046 s0400/1030] loss = 0.000000
[e046 s0450/1030] loss = 0.000000
[e046 s0500/1030] loss = 0.000000
[e046 s0550/1030] loss = 0.000000
[e046 s0600/1030] loss = 0.000000
[e046 s0650/1030] loss = 0.000000
[e046 s0700/1030] loss = 0.000000
[e046 s0750/1030] loss = 0.000000
[e046 s0800/1030] loss = 0.000000
[e046 s0850/1030] loss = 0.000000
[e046 s0900/1030] loss = 0.000000
[e046 s0950/1030] loss = 0.000000
[e046 s1000/1030] loss = 0.000000
Epoch 046: train_loss = 0.000000  MAE/GAME0 = 0.000  RMSE = 0.000  GAME1 = 0.000  GAME2 = 0.000  GAME3 = 0.000  lr = 1.00e-05  time = 17.9s
[e047 s0001/1030] loss = 0.000000
[e047 s0050/1030] loss = 0.000000
[e047 s0100/1030] loss = 0.000000
[e047 s0150/1030] loss = 0.000000
[e047 s0200/1030] loss = 0.000000
[e047 s0250/1030] loss = 0.000000
[e047 s0300/1030] loss = 0.000000
[e047 s0350/1030] loss = 0.000000
[e047 s0400/1030] loss = 0.000000
[e047 s0450/1030] loss = 0.000000
[e047 s0500/1030] loss = 0.000000
[e047 s0550/1030] loss = 0.000000
[e047 s0600/1030] loss = 0.000000
[e047 s0650/1030] loss = 0.000000
[e047 s0700/1030] loss = 0.000000
[e047 s0750/1030] loss = 0.000000
[e047 s0800/1030] loss = 0.000000
[e047 s0850/1030] loss = 0.000000
[e047 s0900/1030] loss = 0.000000
[e047 s0950/1030] loss = 0.000000
[e047 s1000/1030] loss = 0.000000
Epoch 047: train_loss = 0.000000  MAE/GAME0 = 0.000  RMSE = 0.000  GAME1 = 0.000  GAME2 = 0.000  GAME3 = 0.000  lr = 1.00e-05  time = 17.7s
[e048 s0001/1030] loss = 0.000000
[e048 s0050/1030] loss = 0.000000
[e048 s0100/1030] loss = 0.000000
[e048 s0150/1030] loss = 0.000000
[e048 s0200/1030] loss = 0.000000
[e048 s0250/1030] loss = 0.000000
[e048 s0300/1030] loss = 0.000000
[e048 s0350/1030] loss = 0.000000
[e048 s0400/1030] loss = 0.000000
[e048 s0450/1030] loss = 0.000000
[e048 s0500/1030] loss = 0.000000
[e048 s0550/1030] loss = 0.000000
[e048 s0600/1030] loss = 0.000000
[e048 s0650/1030] loss = 0.000000
[e048 s0700/1030] loss = 0.000000
[e048 s0750/1030] loss = 0.000000
[e048 s0800/1030] loss = 0.000000
[e048 s0850/1030] loss = 0.000000
[e048 s0900/1030] loss = 0.000000
[e048 s0950/1030] loss = 0.000000
[e048 s1000/1030] loss = 0.000000
Epoch 048: train_loss = 0.000000  MAE/GAME0 = 0.000  RMSE = 0.000  GAME1 = 0.000  GAME2 = 0.000  GAME3 = 0.000  lr = 1.00e-05  time = 18.0s
[e049 s0001/1030] loss = 0.000000
[e049 s0050/1030] loss = 0.000000
[e049 s0100/1030] loss = 0.000000
[e049 s0150/1030] loss = 0.000000
[e049 s0200/1030] loss = 0.000000
[e049 s0250/1030] loss = 0.000000
[e049 s0300/1030] loss = 0.000000
[e049 s0350/1030] loss = 0.000000
[e049 s0400/1030] loss = 0.000000
[e049 s0450/1030] loss = 0.000000
[e049 s0500/1030] loss = 0.000000
[e049 s0550/1030] loss = 0.000000
[e049 s0600/1030] loss = 0.000000
[e049 s0650/1030] loss = 0.000000
[e049 s0700/1030] loss = 0.000000
[e049 s0750/1030] loss = 0.000000
[e049 s0800/1030] loss = 0.000000
[e049 s0850/1030] loss = 0.000000
[e049 s0900/1030] loss = 0.000000
[e049 s0950/1030] loss = 0.000000
[e049 s1000/1030] loss = 0.000000
Epoch 049: train_loss = 0.000000  MAE/GAME0 = 0.000  RMSE = 0.000  GAME1 = 0.000  GAME2 = 0.000  GAME3 = 0.000  lr = 1.00e-05  time = 17.9s
[e050 s0001/1030] loss = 0.000000
[e050 s0050/1030] loss = 0.000000
[e050 s0100/1030] loss = 0.000000
[e050 s0150/1030] loss = 0.000000
[e050 s0200/1030] loss = 0.000000
[e050 s0250/1030] loss = 0.000000
[e050 s0300/1030] loss = 0.000000
[e050 s0350/1030] loss = 0.000000
[e050 s0400/1030] loss = 0.000000
[e050 s0450/1030] loss = 0.000000
[e050 s0500/1030] loss = 0.000000
[e050 s0550/1030] loss = 0.000000
[e050 s0600/1030] loss = 0.000000
[e050 s0650/1030] loss = 0.000000
[e050 s0700/1030] loss = 0.000000
[e050 s0750/1030] loss = 0.000000
[e050 s0800/1030] loss = 0.000000
[e050 s0850/1030] loss = 0.000000
[e050 s0900/1030] loss = 0.000000
[e050 s0950/1030] loss = 0.000000
[e050 s1000/1030] loss = 0.000000
Epoch 050: train_loss = 0.000000  MAE/GAME0 = 0.000  RMSE = 0.000  GAME1 = 0.000  GAME2 = 0.000  GAME3 = 0.000  lr = 1.00e-05  time = 17.9s
[e051 s0001/1030] loss = 0.000000
[e051 s0050/1030] loss = 0.000000
[e051 s0100/1030] loss = 0.000000
[e051 s0150/1030] loss = 0.000000
[e051 s0200/1030] loss = 0.000000
[e051 s0250/1030] loss = 0.000000
[e051 s0300/1030] loss = 0.000000
[e051 s0350/1030] loss = 0.000000
[e051 s0400/1030] loss = 0.000000
[e051 s0450/1030] loss = 0.000000
[e051 s0500/1030] loss = 0.000000
[e051 s0550/1030] loss = 0.000000
[e051 s0600/1030] loss = 0.000000
[e051 s0650/1030] loss = 0.000000
[e051 s0700/1030] loss = 0.000000
[e051 s0750/1030] loss = 0.000000
[e051 s0800/1030] loss = 0.000000
[e051 s0850/1030] loss = 0.000000
[e051 s0900/1030] loss = 0.000000
[e051 s0950/1030] loss = 0.000000
[e051 s1000/1030] loss = 0.000000
Epoch 051: train_loss = 0.000000  MAE/GAME0 = 0.000  RMSE = 0.000  GAME1 = 0.000  GAME2 = 0.000  GAME3 = 0.000  lr = 1.00e-05  time = 18.2s
[e052 s0001/1030] loss = 0.000000
[e052 s0050/1030] loss = 0.000000
[e052 s0100/1030] loss = 0.000000
[e052 s0150/1030] loss = 0.000000
[e052 s0200/1030] loss = 0.000000
[e052 s0250/1030] loss = 0.000000
[e052 s0300/1030] loss = 0.000000
[e052 s0350/1030] loss = 0.000000
[e052 s0400/1030] loss = 0.000000
[e052 s0450/1030] loss = 0.000000
[e052 s0500/1030] loss = 0.000000
[e052 s0550/1030] loss = 0.000000
[e052 s0600/1030] loss = 0.000000
[e052 s0650/1030] loss = 0.000000
[e052 s0700/1030] loss = 0.000000
[e052 s0750/1030] loss = 0.000000
[e052 s0800/1030] loss = 0.000000
[e052 s0850/1030] loss = 0.000000
[e052 s0900/1030] loss = 0.000000
[e052 s0950/1030] loss = 0.000000
[e052 s1000/1030] loss = 0.000000
Epoch 052: train_loss = 0.000000  MAE/GAME0 = 0.000  RMSE = 0.000  GAME1 = 0.000  GAME2 = 0.000  GAME3 = 0.000  lr = 1.00e-05  time = 17.9s
[e053 s0001/1030] loss = 0.000000
[e053 s0050/1030] loss = 0.000000
[e053 s0100/1030] loss = 0.000000
[e053 s0150/1030] loss = 0.000000
[e053 s0200/1030] loss = 0.000000
[e053 s0250/1030] loss = 0.000000
[e053 s0300/1030] loss = 0.000000
[e053 s0350/1030] loss = 0.000000
[e053 s0400/1030] loss = 0.000000
[e053 s0450/1030] loss = 0.000000
[e053 s0500/1030] loss = 0.000000
[e053 s0550/1030] loss = 0.000000
[e053 s0600/1030] loss = 0.000000
[e053 s0650/1030] loss = 0.000000
[e053 s0700/1030] loss = 0.000000
[e053 s0750/1030] loss = 0.000000
[e053 s0800/1030] loss = 0.000000
[e053 s0850/1030] loss = 0.000000
[e053 s0900/1030] loss = 0.000000
[e053 s0950/1030] loss = 0.000000
[e053 s1000/1030] loss = 0.000000
Epoch 053: train_loss = 0.000000  MAE/GAME0 = 0.000  RMSE = 0.000  GAME1 = 0.000  GAME2 = 0.000  GAME3 = 0.000  lr = 1.00e-05  time = 17.9s
[e054 s0001/1030] loss = 0.000000
[e054 s0050/1030] loss = 0.000000
[e054 s0100/1030] loss = 0.000000
[e054 s0150/1030] loss = 0.000000
[e054 s0200/1030] loss = 0.000000
[e054 s0250/1030] loss = 0.000000
[e054 s0300/1030] loss = 0.000000
[e054 s0350/1030] loss = 0.000000
[e054 s0400/1030] loss = 0.000000
[e054 s0450/1030] loss = 0.000000
[e054 s0500/1030] loss = 0.000000
[e054 s0550/1030] loss = 0.000000
[e054 s0600/1030] loss = 0.000000
[e054 s0650/1030] loss = 0.000000
[e054 s0700/1030] loss = 0.000000
[e054 s0750/1030] loss = 0.000000
[e054 s0800/1030] loss = 0.000000
[e054 s0850/1030] loss = 0.000000
[e054 s0900/1030] loss = 0.000000
[e054 s0950/1030] loss = 0.000000
[e054 s1000/1030] loss = 0.000000
Epoch 054: train_loss = 0.000000  MAE/GAME0 = 0.000  RMSE = 0.000  GAME1 = 0.000  GAME2 = 0.000  GAME3 = 0.000  lr = 1.00e-05  time = 18.2s
[e055 s0001/1030] loss = 0.000000
[e055 s0050/1030] loss = 0.000000
[e055 s0100/1030] loss = 0.000000
[e055 s0150/1030] loss = 0.000000
[e055 s0200/1030] loss = 0.000000
[e055 s0250/1030] loss = 0.000000
[e055 s0300/1030] loss = 0.000000
[e055 s0350/1030] loss = 0.000000
[e055 s0400/1030] loss = 0.000000
[e055 s0450/1030] loss = 0.000000
[e055 s0500/1030] loss = 0.000000
[e055 s0550/1030] loss = 0.000000
[e055 s0600/1030] loss = 0.000000
[e055 s0650/1030] loss = 0.000000
[e055 s0700/1030] loss = 0.000000
[e055 s0750/1030] loss = 0.000000
[e055 s0800/1030] loss = 0.000000
[e055 s0850/1030] loss = 0.000000
[e055 s0900/1030] loss = 0.000000
[e055 s0950/1030] loss = 0.000000
[e055 s1000/1030] loss = 0.000000
Epoch 055: train_loss = 0.000000  MAE/GAME0 = 0.000  RMSE = 0.000  GAME1 = 0.000  GAME2 = 0.000  GAME3 = 0.000  lr = 1.00e-05  time = 17.8s
[e056 s0001/1030] loss = 0.000000
[e056 s0050/1030] loss = 0.000000
[e056 s0100/1030] loss = 0.000000
[e056 s0150/1030] loss = 0.000000
[e056 s0200/1030] loss = 0.000000
[e056 s0250/1030] loss = 0.000000
[e056 s0300/1030] loss = 0.000000
[e056 s0350/1030] loss = 0.000000
[e056 s0400/1030] loss = 0.000000
[e056 s0450/1030] loss = 0.000000
[e056 s0500/1030] loss = 0.000000
[e056 s0550/1030] loss = 0.000000
[e056 s0600/1030] loss = 0.000000
[e056 s0650/1030] loss = 0.000000
[e056 s0700/1030] loss = 0.000000
[e056 s0750/1030] loss = 0.000000
[e056 s0800/1030] loss = 0.000000
[e056 s0850/1030] loss = 0.000000
[e056 s0900/1030] loss = 0.000000
[e056 s0950/1030] loss = 0.000000
[e056 s1000/1030] loss = 0.000000
Epoch 056: train_loss = 0.000000  MAE/GAME0 = 0.000  RMSE = 0.000  GAME1 = 0.000  GAME2 = 0.000  GAME3 = 0.000  lr = 1.00e-05  time = 17.9s
[e057 s0001/1030] loss = 0.000000
[e057 s0050/1030] loss = 0.000000
[e057 s0100/1030] loss = 0.000000
[e057 s0150/1030] loss = 0.000000
[e057 s0200/1030] loss = 0.000000
[e057 s0250/1030] loss = 0.000000
[e057 s0300/1030] loss = 0.000000
[e057 s0350/1030] loss = 0.000000
[e057 s0400/1030] loss = 0.000000
[e057 s0450/1030] loss = 0.000000
[e057 s0500/1030] loss = 0.000000
[e057 s0550/1030] loss = 0.000000
[e057 s0600/1030] loss = 0.000000
[e057 s0650/1030] loss = 0.000000
[e057 s0700/1030] loss = 0.000000
[e057 s0750/1030] loss = 0.000000
[e057 s0800/1030] loss = 0.000000
[e057 s0850/1030] loss = 0.000000
[e057 s0900/1030] loss = 0.000000
[e057 s0950/1030] loss = 0.000000
[e057 s1000/1030] loss = 0.000000
Epoch 057: train_loss = 0.000000  MAE/GAME0 = 0.000  RMSE = 0.000  GAME1 = 0.000  GAME2 = 0.000  GAME3 = 0.000  lr = 1.00e-05  time = 18.0s
[e058 s0001/1030] loss = 0.000000
[e058 s0050/1030] loss = 0.000000
[e058 s0100/1030] loss = 0.000000
[e058 s0150/1030] loss = 0.000000
[e058 s0200/1030] loss = 0.000000
[e058 s0250/1030] loss = 0.000000
[e058 s0300/1030] loss = 0.000000
[e058 s0350/1030] loss = 0.000000
[e058 s0400/1030] loss = 0.000000
[e058 s0450/1030] loss = 0.000000
[e058 s0500/1030] loss = 0.000000
[e058 s0550/1030] loss = 0.000000
[e058 s0600/1030] loss = 0.000000
[e058 s0650/1030] loss = 0.000000
[e058 s0700/1030] loss = 0.000000
[e058 s0750/1030] loss = 0.000000
[e058 s0800/1030] loss = 0.000000
[e058 s0850/1030] loss = 0.000000
[e058 s0900/1030] loss = 0.000000
[e058 s0950/1030] loss = 0.000000
[e058 s1000/1030] loss = 0.000000
Epoch 058: train_loss = 0.000000  MAE/GAME0 = 0.000  RMSE = 0.000  GAME1 = 0.000  GAME2 = 0.000  GAME3 = 0.000  lr = 1.00e-05  time = 17.9s
[e059 s0001/1030] loss = 0.000000
[e059 s0050/1030] loss = 0.000000
[e059 s0100/1030] loss = 0.000000
[e059 s0150/1030] loss = 0.000000
[e059 s0200/1030] loss = 0.000000
[e059 s0250/1030] loss = 0.000000
[e059 s0300/1030] loss = 0.000000
[e059 s0350/1030] loss = 0.000000
[e059 s0400/1030] loss = 0.000000
[e059 s0450/1030] loss = 0.000000
[e059 s0500/1030] loss = 0.000000
[e059 s0550/1030] loss = 0.000000
[e059 s0600/1030] loss = 0.000000
[e059 s0650/1030] loss = 0.000000
[e059 s0700/1030] loss = 0.000000
[e059 s0750/1030] loss = 0.000000
[e059 s0800/1030] loss = 0.000000
[e059 s0850/1030] loss = 0.000000
[e059 s0900/1030] loss = 0.000000
[e059 s0950/1030] loss = 0.000000
[e059 s1000/1030] loss = 0.000000
Epoch 059: train_loss = 0.000000  MAE/GAME0 = 0.000  RMSE = 0.000  GAME1 = 0.000  GAME2 = 0.000  GAME3 = 0.000  lr = 1.00e-05  time = 18.2s
[e060 s0001/1030] loss = 0.000000
[e060 s0050/1030] loss = 0.000000
[e060 s0100/1030] loss = 0.000000
[e060 s0150/1030] loss = 0.000000
[e060 s0200/1030] loss = 0.000000
[e060 s0250/1030] loss = 0.000000
[e060 s0300/1030] loss = 0.000000
[e060 s0350/1030] loss = 0.000000
[e060 s0400/1030] loss = 0.000000
[e060 s0450/1030] loss = 0.000000
[e060 s0500/1030] loss = 0.000000
[e060 s0550/1030] loss = 0.000000
[e060 s0600/1030] loss = 0.000000
[e060 s0650/1030] loss = 0.000000
[e060 s0700/1030] loss = 0.000000
[e060 s0750/1030] loss = 0.000000
[e060 s0800/1030] loss = 0.000000
[e060 s0850/1030] loss = 0.000000
[e060 s0900/1030] loss = 0.000000
[e060 s0950/1030] loss = 0.000000
[e060 s1000/1030] loss = 0.000000
Epoch 060: train_loss = 0.000000  MAE/GAME0 = 0.000  RMSE = 0.000  GAME1 = 0.000  GAME2 = 0.000  GAME3 = 0.000  lr = 1.00e-05  time = 17.8s
[e061 s0001/1030] loss = 0.000000
[e061 s0050/1030] loss = 0.000000
[e061 s0100/1030] loss = 0.000000
[e061 s0150/1030] loss = 0.000000
[e061 s0200/1030] loss = 0.000000
[e061 s0250/1030] loss = 0.000000
[e061 s0300/1030] loss = 0.000000
[e061 s0350/1030] loss = 0.000000
[e061 s0400/1030] loss = 0.000000
[e061 s0450/1030] loss = 0.000000
[e061 s0500/1030] loss = 0.000000
[e061 s0550/1030] loss = 0.000000
[e061 s0600/1030] loss = 0.000000
[e061 s0650/1030] loss = 0.000000
[e061 s0700/1030] loss = 0.000000
[e061 s0750/1030] loss = 0.000000
[e061 s0800/1030] loss = 0.000000
[e061 s0850/1030] loss = 0.000000
[e061 s0900/1030] loss = 0.000000
[e061 s0950/1030] loss = 0.000000
[e061 s1000/1030] loss = 0.000000
Epoch 061: train_loss = 0.000000  MAE/GAME0 = 0.000  RMSE = 0.000  GAME1 = 0.000  GAME2 = 0.000  GAME3 = 0.000  lr = 1.00e-05  time = 17.8s
[e062 s0001/1030] loss = 0.000000
[e062 s0050/1030] loss = 0.000000
[e062 s0100/1030] loss = 0.000000
[e062 s0150/1030] loss = 0.000000
[e062 s0200/1030] loss = 0.000000
[e062 s0250/1030] loss = 0.000000
[e062 s0300/1030] loss = 0.000000
[e062 s0350/1030] loss = 0.000000
[e062 s0400/1030] loss = 0.000000
[e062 s0450/1030] loss = 0.000000
[e062 s0500/1030] loss = 0.000000
[e062 s0550/1030] loss = 0.000000
[e062 s0600/1030] loss = 0.000000
[e062 s0650/1030] loss = 0.000000
[e062 s0700/1030] loss = 0.000000
[e062 s0750/1030] loss = 0.000000
[e062 s0800/1030] loss = 0.000000
[e062 s0850/1030] loss = 0.000000
[e062 s0900/1030] loss = 0.000000
[e062 s0950/1030] loss = 0.000000
[e062 s1000/1030] loss = 0.000000
Epoch 062: train_loss = 0.000000  MAE/GAME0 = 0.000  RMSE = 0.000  GAME1 = 0.000  GAME2 = 0.000  GAME3 = 0.000  lr = 1.00e-05  time = 18.0s
[e063 s0001/1030] loss = 0.000000
[e063 s0050/1030] loss = 0.000000
[e063 s0100/1030] loss = 0.000000
[e063 s0150/1030] loss = 0.000000
[e063 s0200/1030] loss = 0.000000
[e063 s0250/1030] loss = 0.000000
[e063 s0300/1030] loss = 0.000000
[e063 s0350/1030] loss = 0.000000
[e063 s0400/1030] loss = 0.000000
[e063 s0450/1030] loss = 0.000000
[e063 s0500/1030] loss = 0.000000
[e063 s0550/1030] loss = 0.000000
[e063 s0600/1030] loss = 0.000000
[e063 s0650/1030] loss = 0.000000
[e063 s0700/1030] loss = 0.000000
[e063 s0750/1030] loss = 0.000000
[e063 s0800/1030] loss = 0.000000
[e063 s0850/1030] loss = 0.000000
[e063 s0900/1030] loss = 0.000000
[e063 s0950/1030] loss = 0.000000
[e063 s1000/1030] loss = 0.000000
Epoch 063: train_loss = 0.000000  MAE/GAME0 = 0.000  RMSE = 0.000  GAME1 = 0.000  GAME2 = 0.000  GAME3 = 0.000  lr = 1.00e-05  time = 18.0s
[e064 s0001/1030] loss = 0.000000
[e064 s0050/1030] loss = 0.000000
[e064 s0100/1030] loss = 0.000000
[e064 s0150/1030] loss = 0.000000
[e064 s0200/1030] loss = 0.000000
[e064 s0250/1030] loss = 0.000000
[e064 s0300/1030] loss = 0.000000
[e064 s0350/1030] loss = 0.000000
[e064 s0400/1030] loss = 0.000000
[e064 s0450/1030] loss = 0.000000
[e064 s0500/1030] loss = 0.000000
[e064 s0550/1030] loss = 0.000000
[e064 s0600/1030] loss = 0.000000
[e064 s0650/1030] loss = 0.000000
[e064 s0700/1030] loss = 0.000000
[e064 s0750/1030] loss = 0.000000
[e064 s0800/1030] loss = 0.000000
[e064 s0850/1030] loss = 0.000000
[e064 s0900/1030] loss = 0.000000
[e064 s0950/1030] loss = 0.000000
[e064 s1000/1030] loss = 0.000000
Epoch 064: train_loss = 0.000000  MAE/GAME0 = 0.000  RMSE = 0.000  GAME1 = 0.000  GAME2 = 0.000  GAME3 = 0.000  lr = 1.00e-05  time = 17.9s
[e065 s0001/1030] loss = 0.000000
[e065 s0050/1030] loss = 0.000000
[e065 s0100/1030] loss = 0.000000
[e065 s0150/1030] loss = 0.000000
[e065 s0200/1030] loss = 0.000000
[e065 s0250/1030] loss = 0.000000
[e065 s0300/1030] loss = 0.000000
[e065 s0350/1030] loss = 0.000000
[e065 s0400/1030] loss = 0.000000
[e065 s0450/1030] loss = 0.000000
[e065 s0500/1030] loss = 0.000000
[e065 s0550/1030] loss = 0.000000
[e065 s0600/1030] loss = 0.000000
[e065 s0650/1030] loss = 0.000000
[e065 s0700/1030] loss = 0.000000
[e065 s0750/1030] loss = 0.000000
[e065 s0800/1030] loss = 0.000000
[e065 s0850/1030] loss = 0.000000
[e065 s0900/1030] loss = 0.000000
[e065 s0950/1030] loss = 0.000000
[e065 s1000/1030] loss = 0.000000
Epoch 065: train_loss = 0.000000  MAE/GAME0 = 0.000  RMSE = 0.000  GAME1 = 0.000  GAME2 = 0.000  GAME3 = 0.000  lr = 1.00e-05  time = 17.8s
[e066 s0001/1030] loss = 0.000000
[e066 s0050/1030] loss = 0.000000
[e066 s0100/1030] loss = 0.000000
[e066 s0150/1030] loss = 0.000000
[e066 s0200/1030] loss = 0.000000
[e066 s0250/1030] loss = 0.000000
[e066 s0300/1030] loss = 0.000000
[e066 s0350/1030] loss = 0.000000
[e066 s0400/1030] loss = 0.000000
[e066 s0450/1030] loss = 0.000000
[e066 s0500/1030] loss = 0.000000
[e066 s0550/1030] loss = 0.000000
[e066 s0600/1030] loss = 0.000000
[e066 s0650/1030] loss = 0.000000
[e066 s0700/1030] loss = 0.000000
[e066 s0750/1030] loss = 0.000000
[e066 s0800/1030] loss = 0.000000
[e066 s0850/1030] loss = 0.000000
[e066 s0900/1030] loss = 0.000000
[e066 s0950/1030] loss = 0.000000
[e066 s1000/1030] loss = 0.000000
Epoch 066: train_loss = 0.000000  MAE/GAME0 = 0.000  RMSE = 0.000  GAME1 = 0.000  GAME2 = 0.000  GAME3 = 0.000  lr = 1.00e-05  time = 18.1s
[e067 s0001/1030] loss = 0.000000
[e067 s0050/1030] loss = 0.000000
[e067 s0100/1030] loss = 0.000000
[e067 s0150/1030] loss = 0.000000
[e067 s0200/1030] loss = 0.000000
[e067 s0250/1030] loss = 0.000000
[e067 s0300/1030] loss = 0.000000
[e067 s0350/1030] loss = 0.000000
[e067 s0400/1030] loss = 0.000000
[e067 s0450/1030] loss = 0.000000
[e067 s0500/1030] loss = 0.000000
[e067 s0550/1030] loss = 0.000000
[e067 s0600/1030] loss = 0.000000
[e067 s0650/1030] loss = 0.000000
[e067 s0700/1030] loss = 0.000000
[e067 s0750/1030] loss = 0.000000
[e067 s0800/1030] loss = 0.000000
[e067 s0850/1030] loss = 0.000000
[e067 s0900/1030] loss = 0.000000
[e067 s0950/1030] loss = 0.000000
[e067 s1000/1030] loss = 0.000000
Epoch 067: train_loss = 0.000000  MAE/GAME0 = 0.000  RMSE = 0.000  GAME1 = 0.000  GAME2 = 0.000  GAME3 = 0.000  lr = 1.00e-05  time = 17.9s
[e068 s0001/1030] loss = 0.000000
[e068 s0050/1030] loss = 0.000000
[e068 s0100/1030] loss = 0.000000
[e068 s0150/1030] loss = 0.000000
[e068 s0200/1030] loss = 0.000000
[e068 s0250/1030] loss = 0.000000
[e068 s0300/1030] loss = 0.000000
[e068 s0350/1030] loss = 0.000000
[e068 s0400/1030] loss = 0.000000
[e068 s0450/1030] loss = 0.000000
[e068 s0500/1030] loss = 0.000000
[e068 s0550/1030] loss = 0.000000
[e068 s0600/1030] loss = 0.000000
[e068 s0650/1030] loss = 0.000000
[e068 s0700/1030] loss = 0.000000
[e068 s0750/1030] loss = 0.000000
[e068 s0800/1030] loss = 0.000000
[e068 s0850/1030] loss = 0.000000
[e068 s0900/1030] loss = 0.000000
[e068 s0950/1030] loss = 0.000000
[e068 s1000/1030] loss = 0.000000
Epoch 068: train_loss = 0.000000  MAE/GAME0 = 0.000  RMSE = 0.000  GAME1 = 0.000  GAME2 = 0.000  GAME3 = 0.000  lr = 1.00e-05  time = 18.0s
[e069 s0001/1030] loss = 0.000000
[e069 s0050/1030] loss = 0.000000
[e069 s0100/1030] loss = 0.000000
[e069 s0150/1030] loss = 0.000000
[e069 s0200/1030] loss = 0.000000
[e069 s0250/1030] loss = 0.000000
[e069 s0300/1030] loss = 0.000000
[e069 s0350/1030] loss = 0.000000
[e069 s0400/1030] loss = 0.000000
[e069 s0450/1030] loss = 0.000000
[e069 s0500/1030] loss = 0.000000
[e069 s0550/1030] loss = 0.000000
[e069 s0600/1030] loss = 0.000000
[e069 s0650/1030] loss = 0.000000
[e069 s0700/1030] loss = 0.000000
[e069 s0750/1030] loss = 0.000000
[e069 s0800/1030] loss = 0.000000
[e069 s0850/1030] loss = 0.000000
[e069 s0900/1030] loss = 0.000000
[e069 s0950/1030] loss = 0.000000
[e069 s1000/1030] loss = 0.000000
Epoch 069: train_loss = 0.000000  MAE/GAME0 = 0.000  RMSE = 0.000  GAME1 = 0.000  GAME2 = 0.000  GAME3 = 0.000  lr = 1.00e-05  time = 17.9s
[e070 s0001/1030] loss = 0.000000
[e070 s0050/1030] loss = 0.000000
[e070 s0100/1030] loss = 0.000000
[e070 s0150/1030] loss = 0.000000
[e070 s0200/1030] loss = 0.000000
[e070 s0250/1030] loss = 0.000000
[e070 s0300/1030] loss = 0.000000
[e070 s0350/1030] loss = 0.000000
[e070 s0400/1030] loss = 0.000000
[e070 s0450/1030] loss = 0.000000
[e070 s0500/1030] loss = 0.000000
[e070 s0550/1030] loss = 0.000000
[e070 s0600/1030] loss = 0.000000
[e070 s0650/1030] loss = 0.000000
[e070 s0700/1030] loss = 0.000000
[e070 s0750/1030] loss = 0.000000
[e070 s0800/1030] loss = 0.000000
[e070 s0850/1030] loss = 0.000000
[e070 s0900/1030] loss = 0.000000
[e070 s0950/1030] loss = 0.000000
[e070 s1000/1030] loss = 0.000000
Epoch 070: train_loss = 0.000000  MAE/GAME0 = 0.000  RMSE = 0.000  GAME1 = 0.000  GAME2 = 0.000  GAME3 = 0.000  lr = 1.00e-05  time = 18.0s
[e071 s0001/1030] loss = 0.000000
[e071 s0050/1030] loss = 0.000000
[e071 s0100/1030] loss = 0.000000
[e071 s0150/1030] loss = 0.000000
[e071 s0200/1030] loss = 0.000000
[e071 s0250/1030] loss = 0.000000
[e071 s0300/1030] loss = 0.000000
[e071 s0350/1030] loss = 0.000000
[e071 s0400/1030] loss = 0.000000
[e071 s0450/1030] loss = 0.000000
[e071 s0500/1030] loss = 0.000000
[e071 s0550/1030] loss = 0.000000
[e071 s0600/1030] loss = 0.000000
[e071 s0650/1030] loss = 0.000000
[e071 s0700/1030] loss = 0.000000
[e071 s0750/1030] loss = 0.000000
[e071 s0800/1030] loss = 0.000000
[e071 s0850/1030] loss = 0.000000
[e071 s0900/1030] loss = 0.000000
[e071 s0950/1030] loss = 0.000000
[e071 s1000/1030] loss = 0.000000
Epoch 071: train_loss = 0.000000  MAE/GAME0 = 0.000  RMSE = 0.000  GAME1 = 0.000  GAME2 = 0.000  GAME3 = 0.000  lr = 1.00e-05  time = 18.2s
[e072 s0001/1030] loss = 0.000000
[e072 s0050/1030] loss = 0.000000
[e072 s0100/1030] loss = 0.000000
[e072 s0150/1030] loss = 0.000000
[e072 s0200/1030] loss = 0.000000
[e072 s0250/1030] loss = 0.000000
[e072 s0300/1030] loss = 0.000000
[e072 s0350/1030] loss = 0.000000
[e072 s0400/1030] loss = 0.000000
[e072 s0450/1030] loss = 0.000000
[e072 s0500/1030] loss = 0.000000
[e072 s0550/1030] loss = 0.000000
[e072 s0600/1030] loss = 0.000000
[e072 s0650/1030] loss = 0.000000
[e072 s0700/1030] loss = 0.000000
[e072 s0750/1030] loss = 0.000000
[e072 s0800/1030] loss = 0.000000
[e072 s0850/1030] loss = 0.000000
[e072 s0900/1030] loss = 0.000000
[e072 s0950/1030] loss = 0.000000
[e072 s1000/1030] loss = 0.000000
Epoch 072: train_loss = 0.000000  MAE/GAME0 = 0.000  RMSE = 0.000  GAME1 = 0.000  GAME2 = 0.000  GAME3 = 0.000  lr = 1.00e-05  time = 18.0s
[e073 s0001/1030] loss = 0.000000
[e073 s0050/1030] loss = 0.000000
[e073 s0100/1030] loss = 0.000000
[e073 s0150/1030] loss = 0.000000
[e073 s0200/1030] loss = 0.000000
[e073 s0250/1030] loss = 0.000000
[e073 s0300/1030] loss = 0.000000
[e073 s0350/1030] loss = 0.000000
[e073 s0400/1030] loss = 0.000000
[e073 s0450/1030] loss = 0.000000
[e073 s0500/1030] loss = 0.000000
[e073 s0550/1030] loss = 0.000000
[e073 s0600/1030] loss = 0.000000
[e073 s0650/1030] loss = 0.000000
[e073 s0700/1030] loss = 0.000000
[e073 s0750/1030] loss = 0.000000
[e073 s0800/1030] loss = 0.000000
[e073 s0850/1030] loss = 0.000000
[e073 s0900/1030] loss = 0.000000
[e073 s0950/1030] loss = 0.000000
[e073 s1000/1030] loss = 0.000000
Epoch 073: train_loss = 0.000000  MAE/GAME0 = 0.000  RMSE = 0.000  GAME1 = 0.000  GAME2 = 0.000  GAME3 = 0.000  lr = 1.00e-05  time = 17.8s
[e074 s0001/1030] loss = 0.000000
[e074 s0050/1030] loss = 0.000000
[e074 s0100/1030] loss = 0.000000
[e074 s0150/1030] loss = 0.000000
[e074 s0200/1030] loss = 0.000000
[e074 s0250/1030] loss = 0.000000
[e074 s0300/1030] loss = 0.000000
[e074 s0350/1030] loss = 0.000000
[e074 s0400/1030] loss = 0.000000
[e074 s0450/1030] loss = 0.000000
[e074 s0500/1030] loss = 0.000000
[e074 s0550/1030] loss = 0.000000
[e074 s0600/1030] loss = 0.000000
[e074 s0650/1030] loss = 0.000000
[e074 s0700/1030] loss = 0.000000
[e074 s0750/1030] loss = 0.000000
[e074 s0800/1030] loss = 0.000000
[e074 s0850/1030] loss = 0.000000
[e074 s0900/1030] loss = 0.000000
[e074 s0950/1030] loss = 0.000000
[e074 s1000/1030] loss = 0.000000
Epoch 074: train_loss = 0.000000  MAE/GAME0 = 0.000  RMSE = 0.000  GAME1 = 0.000  GAME2 = 0.000  GAME3 = 0.000  lr = 1.00e-05  time = 18.0s
[e075 s0001/1030] loss = 0.000000
[e075 s0050/1030] loss = 0.000000
[e075 s0100/1030] loss = 0.000000
[e075 s0150/1030] loss = 0.000000
[e075 s0200/1030] loss = 0.000000
[e075 s0250/1030] loss = 0.000000
[e075 s0300/1030] loss = 0.000000
[e075 s0350/1030] loss = 0.000000
[e075 s0400/1030] loss = 0.000000
[e075 s0450/1030] loss = 0.000000
[e075 s0500/1030] loss = 0.000000
[e075 s0550/1030] loss = 0.000000
[e075 s0600/1030] loss = 0.000000
[e075 s0650/1030] loss = 0.000000
[e075 s0700/1030] loss = 0.000000
[e075 s0750/1030] loss = 0.000000
[e075 s0800/1030] loss = 0.000000
[e075 s0850/1030] loss = 0.000000
[e075 s0900/1030] loss = 0.000000
[e075 s0950/1030] loss = 0.000000
[e075 s1000/1030] loss = 0.000000
Epoch 075: train_loss = 0.000000  MAE/GAME0 = 0.000  RMSE = 0.000  GAME1 = 0.000  GAME2 = 0.000  GAME3 = 0.000  lr = 1.00e-05  time = 18.1s
[e076 s0001/1030] loss = 0.000000
[e076 s0050/1030] loss = 0.000000
[e076 s0100/1030] loss = 0.000000
[e076 s0150/1030] loss = 0.000000
[e076 s0200/1030] loss = 0.000000
[e076 s0250/1030] loss = 0.000000
[e076 s0300/1030] loss = 0.000000
[e076 s0350/1030] loss = 0.000000
[e076 s0400/1030] loss = 0.000000
[e076 s0450/1030] loss = 0.000000
[e076 s0500/1030] loss = 0.000000
[e076 s0550/1030] loss = 0.000000
[e076 s0600/1030] loss = 0.000000
[e076 s0650/1030] loss = 0.000000
[e076 s0700/1030] loss = 0.000000
[e076 s0750/1030] loss = 0.000000
[e076 s0800/1030] loss = 0.000000
[e076 s0850/1030] loss = 0.000000
[e076 s0900/1030] loss = 0.000000
[e076 s0950/1030] loss = 0.000000
[e076 s1000/1030] loss = 0.000000
Epoch 076: train_loss = 0.000000  MAE/GAME0 = 0.000  RMSE = 0.000  GAME1 = 0.000  GAME2 = 0.000  GAME3 = 0.000  lr = 1.00e-05  time = 18.0s
[e077 s0001/1030] loss = 0.000000
[e077 s0050/1030] loss = 0.000000
[e077 s0100/1030] loss = 0.000000
[e077 s0150/1030] loss = 0.000000
[e077 s0200/1030] loss = 0.000000
[e077 s0250/1030] loss = 0.000000
[e077 s0300/1030] loss = 0.000000
[e077 s0350/1030] loss = 0.000000
[e077 s0400/1030] loss = 0.000000
[e077 s0450/1030] loss = 0.000000
[e077 s0500/1030] loss = 0.000000
[e077 s0550/1030] loss = 0.000000
[e077 s0600/1030] loss = 0.000000
[e077 s0650/1030] loss = 0.000000
[e077 s0700/1030] loss = 0.000000
[e077 s0750/1030] loss = 0.000000
[e077 s0800/1030] loss = 0.000000
[e077 s0850/1030] loss = 0.000000
[e077 s0900/1030] loss = 0.000000
[e077 s0950/1030] loss = 0.000000
[e077 s1000/1030] loss = 0.000000
Epoch 077: train_loss = 0.000000  MAE/GAME0 = 0.000  RMSE = 0.000  GAME1 = 0.000  GAME2 = 0.000  GAME3 = 0.000  lr = 1.00e-05  time = 18.0s
[e078 s0001/1030] loss = 0.000000
[e078 s0050/1030] loss = 0.000000
[e078 s0100/1030] loss = 0.000000
[e078 s0150/1030] loss = 0.000000
[e078 s0200/1030] loss = 0.000000
[e078 s0250/1030] loss = 0.000000
[e078 s0300/1030] loss = 0.000000
[e078 s0350/1030] loss = 0.000000
[e078 s0400/1030] loss = 0.000000
[e078 s0450/1030] loss = 0.000000
[e078 s0500/1030] loss = 0.000000
[e078 s0550/1030] loss = 0.000000
[e078 s0600/1030] loss = 0.000000
[e078 s0650/1030] loss = 0.000000
[e078 s0700/1030] loss = 0.000000
[e078 s0750/1030] loss = 0.000000
[e078 s0800/1030] loss = 0.000000
[e078 s0850/1030] loss = 0.000000
[e078 s0900/1030] loss = 0.000000
[e078 s0950/1030] loss = 0.000000
[e078 s1000/1030] loss = 0.000000
Epoch 078: train_loss = 0.000000  MAE/GAME0 = 0.000  RMSE = 0.000  GAME1 = 0.000  GAME2 = 0.000  GAME3 = 0.000  lr = 1.00e-05  time = 17.9s
[e079 s0001/1030] loss = 0.000000
[e079 s0050/1030] loss = 0.000000
[e079 s0100/1030] loss = 0.000000
[e079 s0150/1030] loss = 0.000000
[e079 s0200/1030] loss = 0.000000
[e079 s0250/1030] loss = 0.000000
[e079 s0300/1030] loss = 0.000000
[e079 s0350/1030] loss = 0.000000
[e079 s0400/1030] loss = 0.000000
[e079 s0450/1030] loss = 0.000000
[e079 s0500/1030] loss = 0.000000
[e079 s0550/1030] loss = 0.000000
[e079 s0600/1030] loss = 0.000000
[e079 s0650/1030] loss = 0.000000
[e079 s0700/1030] loss = 0.000000
[e079 s0750/1030] loss = 0.000000
[e079 s0800/1030] loss = 0.000000
[e079 s0850/1030] loss = 0.000000
[e079 s0900/1030] loss = 0.000000
[e079 s0950/1030] loss = 0.000000
[e079 s1000/1030] loss = 0.000000
Epoch 079: train_loss = 0.000000  MAE/GAME0 = 0.000  RMSE = 0.000  GAME1 = 0.000  GAME2 = 0.000  GAME3 = 0.000  lr = 1.00e-05  time = 18.0s
[e080 s0001/1030] loss = 0.000000
[e080 s0050/1030] loss = 0.000000
[e080 s0100/1030] loss = 0.000000
[e080 s0150/1030] loss = 0.000000
[e080 s0200/1030] loss = 0.000000
[e080 s0250/1030] loss = 0.000000
[e080 s0300/1030] loss = 0.000000
[e080 s0350/1030] loss = 0.000000
[e080 s0400/1030] loss = 0.000000
[e080 s0450/1030] loss = 0.000000
[e080 s0500/1030] loss = 0.000000
[e080 s0550/1030] loss = 0.000000
[e080 s0600/1030] loss = 0.000000
[e080 s0650/1030] loss = 0.000000
[e080 s0700/1030] loss = 0.000000
[e080 s0750/1030] loss = 0.000000
[e080 s0800/1030] loss = 0.000000
[e080 s0850/1030] loss = 0.000000
[e080 s0900/1030] loss = 0.000000
[e080 s0950/1030] loss = 0.000000
[e080 s1000/1030] loss = 0.000000
Epoch 080: train_loss = 0.000000  MAE/GAME0 = 0.000  RMSE = 0.000  GAME1 = 0.000  GAME2 = 0.000  GAME3 = 0.000  lr = 1.00e-05  time = 17.9s
[e081 s0001/1030] loss = 0.000000
[e081 s0050/1030] loss = 0.000000
[e081 s0100/1030] loss = 0.000000
[e081 s0150/1030] loss = 0.000000
[e081 s0200/1030] loss = 0.000000
[e081 s0250/1030] loss = 0.000000
[e081 s0300/1030] loss = 0.000000
[e081 s0350/1030] loss = 0.000000
[e081 s0400/1030] loss = 0.000000
[e081 s0450/1030] loss = 0.000000
[e081 s0500/1030] loss = 0.000000
[e081 s0550/1030] loss = 0.000000
[e081 s0600/1030] loss = 0.000000
[e081 s0650/1030] loss = 0.000000
[e081 s0700/1030] loss = 0.000000
[e081 s0750/1030] loss = 0.000000
[e081 s0800/1030] loss = 0.000000
[e081 s0850/1030] loss = 0.000000
[e081 s0900/1030] loss = 0.000000
[e081 s0950/1030] loss = 0.000000
[e081 s1000/1030] loss = 0.000000
Epoch 081: train_loss = 0.000000  MAE/GAME0 = 0.000  RMSE = 0.000  GAME1 = 0.000  GAME2 = 0.000  GAME3 = 0.000  lr = 1.00e-05  time = 18.0s
[e082 s0001/1030] loss = 0.000000
[e082 s0050/1030] loss = 0.000000
[e082 s0100/1030] loss = 0.000000
[e082 s0150/1030] loss = 0.000000
[e082 s0200/1030] loss = 0.000000
[e082 s0250/1030] loss = 0.000000
[e082 s0300/1030] loss = 0.000000
[e082 s0350/1030] loss = 0.000000
[e082 s0400/1030] loss = 0.000000
[e082 s0450/1030] loss = 0.000000
[e082 s0500/1030] loss = 0.000000
[e082 s0550/1030] loss = 0.000000
[e082 s0600/1030] loss = 0.000000
[e082 s0650/1030] loss = 0.000000
[e082 s0700/1030] loss = 0.000000
[e082 s0750/1030] loss = 0.000000
[e082 s0800/1030] loss = 0.000000
[e082 s0850/1030] loss = 0.000000
[e082 s0900/1030] loss = 0.000000
[e082 s0950/1030] loss = 0.000000
[e082 s1000/1030] loss = 0.000000
Epoch 082: train_loss = 0.000000  MAE/GAME0 = 0.000  RMSE = 0.000  GAME1 = 0.000  GAME2 = 0.000  GAME3 = 0.000  lr = 1.00e-05  time = 18.0s
[e083 s0001/1030] loss = 0.000000
[e083 s0050/1030] loss = 0.000000
[e083 s0100/1030] loss = 0.000000
[e083 s0150/1030] loss = 0.000000
[e083 s0200/1030] loss = 0.000000
[e083 s0250/1030] loss = 0.000000
[e083 s0300/1030] loss = 0.000000
[e083 s0350/1030] loss = 0.000000
[e083 s0400/1030] loss = 0.000000
[e083 s0450/1030] loss = 0.000000
[e083 s0500/1030] loss = 0.000000
[e083 s0550/1030] loss = 0.000000
[e083 s0600/1030] loss = 0.000000
[e083 s0650/1030] loss = 0.000000
[e083 s0700/1030] loss = 0.000000
[e083 s0750/1030] loss = 0.000000
[e083 s0800/1030] loss = 0.000000
[e083 s0850/1030] loss = 0.000000
[e083 s0900/1030] loss = 0.000000
[e083 s0950/1030] loss = 0.000000
[e083 s1000/1030] loss = 0.000000
Epoch 083: train_loss = 0.000000  MAE/GAME0 = 0.000  RMSE = 0.000  GAME1 = 0.000  GAME2 = 0.000  GAME3 = 0.000  lr = 1.00e-05  time = 17.9s
[e084 s0001/1030] loss = 0.000000
[e084 s0050/1030] loss = 0.000000
[e084 s0100/1030] loss = 0.000000
[e084 s0150/1030] loss = 0.000000
[e084 s0200/1030] loss = 0.000000
[e084 s0250/1030] loss = 0.000000
[e084 s0300/1030] loss = 0.000000
[e084 s0350/1030] loss = 0.000000
[e084 s0400/1030] loss = 0.000000
[e084 s0450/1030] loss = 0.000000
[e084 s0500/1030] loss = 0.000000
[e084 s0550/1030] loss = 0.000000
[e084 s0600/1030] loss = 0.000000
[e084 s0650/1030] loss = 0.000000
[e084 s0700/1030] loss = 0.000000
[e084 s0750/1030] loss = 0.000000
[e084 s0800/1030] loss = 0.000000
[e084 s0850/1030] loss = 0.000000
[e084 s0900/1030] loss = 0.000000
[e084 s0950/1030] loss = 0.000000
[e084 s1000/1030] loss = 0.000000
Epoch 084: train_loss = 0.000000  MAE/GAME0 = 0.000  RMSE = 0.000  GAME1 = 0.000  GAME2 = 0.000  GAME3 = 0.000  lr = 1.00e-05  time = 17.8s
[e085 s0001/1030] loss = 0.000000
[e085 s0050/1030] loss = 0.000000
[e085 s0100/1030] loss = 0.000000
[e085 s0150/1030] loss = 0.000000
[e085 s0200/1030] loss = 0.000000
[e085 s0250/1030] loss = 0.000000
[e085 s0300/1030] loss = 0.000000
[e085 s0350/1030] loss = 0.000000
[e085 s0400/1030] loss = 0.000000
[e085 s0450/1030] loss = 0.000000
[e085 s0500/1030] loss = 0.000000
[e085 s0550/1030] loss = 0.000000
[e085 s0600/1030] loss = 0.000000
[e085 s0650/1030] loss = 0.000000
[e085 s0700/1030] loss = 0.000000
[e085 s0750/1030] loss = 0.000000
[e085 s0800/1030] loss = 0.000000
[e085 s0850/1030] loss = 0.000000
[e085 s0900/1030] loss = 0.000000
[e085 s0950/1030] loss = 0.000000
[e085 s1000/1030] loss = 0.000000
Epoch 085: train_loss = 0.000000  MAE/GAME0 = 0.000  RMSE = 0.000  GAME1 = 0.000  GAME2 = 0.000  GAME3 = 0.000  lr = 1.00e-05  time = 17.9s
[e086 s0001/1030] loss = 0.000000
[e086 s0050/1030] loss = 0.000000
[e086 s0100/1030] loss = 0.000000
[e086 s0150/1030] loss = 0.000000
[e086 s0200/1030] loss = 0.000000
[e086 s0250/1030] loss = 0.000000
[e086 s0300/1030] loss = 0.000000
[e086 s0350/1030] loss = 0.000000
[e086 s0400/1030] loss = 0.000000
[e086 s0450/1030] loss = 0.000000
[e086 s0500/1030] loss = 0.000000
[e086 s0550/1030] loss = 0.000000
[e086 s0600/1030] loss = 0.000000
[e086 s0650/1030] loss = 0.000000
[e086 s0700/1030] loss = 0.000000
[e086 s0750/1030] loss = 0.000000
[e086 s0800/1030] loss = 0.000000
[e086 s0850/1030] loss = 0.000000
[e086 s0900/1030] loss = 0.000000
[e086 s0950/1030] loss = 0.000000
[e086 s1000/1030] loss = 0.000000
Epoch 086: train_loss = 0.000000  MAE/GAME0 = 0.000  RMSE = 0.000  GAME1 = 0.000  GAME2 = 0.000  GAME3 = 0.000  lr = 1.00e-05  time = 17.9s
[e087 s0001/1030] loss = 0.000000
[e087 s0050/1030] loss = 0.000000
[e087 s0100/1030] loss = 0.000000
[e087 s0150/1030] loss = 0.000000
[e087 s0200/1030] loss = 0.000000
[e087 s0250/1030] loss = 0.000000
[e087 s0300/1030] loss = 0.000000
[e087 s0350/1030] loss = 0.000000
[e087 s0400/1030] loss = 0.000000
[e087 s0450/1030] loss = 0.000000
[e087 s0500/1030] loss = 0.000000
[e087 s0550/1030] loss = 0.000000
[e087 s0600/1030] loss = 0.000000
[e087 s0650/1030] loss = 0.000000
[e087 s0700/1030] loss = 0.000000
[e087 s0750/1030] loss = 0.000000
[e087 s0800/1030] loss = 0.000000
[e087 s0850/1030] loss = 0.000000
[e087 s0900/1030] loss = 0.000000
[e087 s0950/1030] loss = 0.000000
[e087 s1000/1030] loss = 0.000000
Epoch 087: train_loss = 0.000000  MAE/GAME0 = 0.000  RMSE = 0.000  GAME1 = 0.000  GAME2 = 0.000  GAME3 = 0.000  lr = 1.00e-05  time = 18.0s
[e088 s0001/1030] loss = 0.000000
[e088 s0050/1030] loss = 0.000000
[e088 s0100/1030] loss = 0.000000
[e088 s0150/1030] loss = 0.000000
[e088 s0200/1030] loss = 0.000000
[e088 s0250/1030] loss = 0.000000
[e088 s0300/1030] loss = 0.000000
[e088 s0350/1030] loss = 0.000000
[e088 s0400/1030] loss = 0.000000
[e088 s0450/1030] loss = 0.000000
[e088 s0500/1030] loss = 0.000000
[e088 s0550/1030] loss = 0.000000
[e088 s0600/1030] loss = 0.000000
[e088 s0650/1030] loss = 0.000000
[e088 s0700/1030] loss = 0.000000
[e088 s0750/1030] loss = 0.000000
[e088 s0800/1030] loss = 0.000000
[e088 s0850/1030] loss = 0.000000
[e088 s0900/1030] loss = 0.000000
[e088 s0950/1030] loss = 0.000000
[e088 s1000/1030] loss = 0.000000
Epoch 088: train_loss = 0.000000  MAE/GAME0 = 0.000  RMSE = 0.000  GAME1 = 0.000  GAME2 = 0.000  GAME3 = 0.000  lr = 1.00e-05  time = 17.9s
[e089 s0001/1030] loss = 0.000000
[e089 s0050/1030] loss = 0.000000
[e089 s0100/1030] loss = 0.000000
[e089 s0150/1030] loss = 0.000000
[e089 s0200/1030] loss = 0.000000
[e089 s0250/1030] loss = 0.000000
[e089 s0300/1030] loss = 0.000000
[e089 s0350/1030] loss = 0.000000
[e089 s0400/1030] loss = 0.000000
[e089 s0450/1030] loss = 0.000000
[e089 s0500/1030] loss = 0.000000
[e089 s0550/1030] loss = 0.000000
[e089 s0600/1030] loss = 0.000000
[e089 s0650/1030] loss = 0.000000
[e089 s0700/1030] loss = 0.000000
[e089 s0750/1030] loss = 0.000000
[e089 s0800/1030] loss = 0.000000
[e089 s0850/1030] loss = 0.000000
[e089 s0900/1030] loss = 0.000000
[e089 s0950/1030] loss = 0.000000
[e089 s1000/1030] loss = 0.000000
Epoch 089: train_loss = 0.000000  MAE/GAME0 = 0.000  RMSE = 0.000  GAME1 = 0.000  GAME2 = 0.000  GAME3 = 0.000  lr = 1.00e-05  time = 18.1s
[e090 s0001/1030] loss = 0.000000
[e090 s0050/1030] loss = 0.000000
[e090 s0100/1030] loss = 0.000000
[e090 s0150/1030] loss = 0.000000
[e090 s0200/1030] loss = 0.000000
[e090 s0250/1030] loss = 0.000000
[e090 s0300/1030] loss = 0.000000
[e090 s0350/1030] loss = 0.000000
[e090 s0400/1030] loss = 0.000000
[e090 s0450/1030] loss = 0.000000
[e090 s0500/1030] loss = 0.000000
[e090 s0550/1030] loss = 0.000000
[e090 s0600/1030] loss = 0.000000
[e090 s0650/1030] loss = 0.000000
[e090 s0700/1030] loss = 0.000000
[e090 s0750/1030] loss = 0.000000
[e090 s0800/1030] loss = 0.000000
[e090 s0850/1030] loss = 0.000000
[e090 s0900/1030] loss = 0.000000
[e090 s0950/1030] loss = 0.000000
[e090 s1000/1030] loss = 0.000000
Epoch 090: train_loss = 0.000000  MAE/GAME0 = 0.000  RMSE = 0.000  GAME1 = 0.000  GAME2 = 0.000  GAME3 = 0.000  lr = 1.00e-05  time = 17.8s
[e091 s0001/1030] loss = 0.000000
[e091 s0050/1030] loss = 0.000000
[e091 s0100/1030] loss = 0.000000
[e091 s0150/1030] loss = 0.000000
[e091 s0200/1030] loss = 0.000000
[e091 s0250/1030] loss = 0.000000
[e091 s0300/1030] loss = 0.000000
[e091 s0350/1030] loss = 0.000000
[e091 s0400/1030] loss = 0.000000
[e091 s0450/1030] loss = 0.000000
[e091 s0500/1030] loss = 0.000000
[e091 s0550/1030] loss = 0.000000
[e091 s0600/1030] loss = 0.000000
[e091 s0650/1030] loss = 0.000000
[e091 s0700/1030] loss = 0.000000
[e091 s0750/1030] loss = 0.000000
[e091 s0800/1030] loss = 0.000000
[e091 s0850/1030] loss = 0.000000
[e091 s0900/1030] loss = 0.000000
[e091 s0950/1030] loss = 0.000000
[e091 s1000/1030] loss = 0.000000
Epoch 091: train_loss = 0.000000  MAE/GAME0 = 0.000  RMSE = 0.000  GAME1 = 0.000  GAME2 = 0.000  GAME3 = 0.000  lr = 1.00e-05  time = 18.1s
[e092 s0001/1030] loss = 0.000000
[e092 s0050/1030] loss = 0.000000
[e092 s0100/1030] loss = 0.000000
[e092 s0150/1030] loss = 0.000000
[e092 s0200/1030] loss = 0.000000
[e092 s0250/1030] loss = 0.000000
[e092 s0300/1030] loss = 0.000000
[e092 s0350/1030] loss = 0.000000
[e092 s0400/1030] loss = 0.000000
[e092 s0450/1030] loss = 0.000000
[e092 s0500/1030] loss = 0.000000
[e092 s0550/1030] loss = 0.000000
[e092 s0600/1030] loss = 0.000000
[e092 s0650/1030] loss = 0.000000
[e092 s0700/1030] loss = 0.000000
[e092 s0750/1030] loss = 0.000000
[e092 s0800/1030] loss = 0.000000
[e092 s0850/1030] loss = 0.000000
[e092 s0900/1030] loss = 0.000000
[e092 s0950/1030] loss = 0.000000
[e092 s1000/1030] loss = 0.000000
Epoch 092: train_loss = 0.000000  MAE/GAME0 = 0.000  RMSE = 0.000  GAME1 = 0.000  GAME2 = 0.000  GAME3 = 0.000  lr = 1.00e-05  time = 17.8s
[e093 s0001/1030] loss = 0.000000
[e093 s0050/1030] loss = 0.000000
[e093 s0100/1030] loss = 0.000000
[e093 s0150/1030] loss = 0.000000
[e093 s0200/1030] loss = 0.000000
[e093 s0250/1030] loss = 0.000000
[e093 s0300/1030] loss = 0.000000
[e093 s0350/1030] loss = 0.000000
[e093 s0400/1030] loss = 0.000000
[e093 s0450/1030] loss = 0.000000
[e093 s0500/1030] loss = 0.000000
[e093 s0550/1030] loss = 0.000000
[e093 s0600/1030] loss = 0.000000
[e093 s0650/1030] loss = 0.000000
[e093 s0700/1030] loss = 0.000000
[e093 s0750/1030] loss = 0.000000
[e093 s0800/1030] loss = 0.000000
[e093 s0850/1030] loss = 0.000000
[e093 s0900/1030] loss = 0.000000
[e093 s0950/1030] loss = 0.000000
[e093 s1000/1030] loss = 0.000000
Epoch 093: train_loss = 0.000000  MAE/GAME0 = 0.000  RMSE = 0.000  GAME1 = 0.000  GAME2 = 0.000  GAME3 = 0.000  lr = 1.00e-05  time = 17.9s
[e094 s0001/1030] loss = 0.000000
[e094 s0050/1030] loss = 0.000000
[e094 s0100/1030] loss = 0.000000
[e094 s0150/1030] loss = 0.000000
[e094 s0200/1030] loss = 0.000000
[e094 s0250/1030] loss = 0.000000
[e094 s0300/1030] loss = 0.000000
[e094 s0350/1030] loss = 0.000000
[e094 s0400/1030] loss = 0.000000
[e094 s0450/1030] loss = 0.000000
[e094 s0500/1030] loss = 0.000000
[e094 s0550/1030] loss = 0.000000
[e094 s0600/1030] loss = 0.000000
[e094 s0650/1030] loss = 0.000000
[e094 s0700/1030] loss = 0.000000
[e094 s0750/1030] loss = 0.000000
[e094 s0800/1030] loss = 0.000000
[e094 s0850/1030] loss = 0.000000
[e094 s0900/1030] loss = 0.000000
[e094 s0950/1030] loss = 0.000000
[e094 s1000/1030] loss = 0.000000
Epoch 094: train_loss = 0.000000  MAE/GAME0 = 0.000  RMSE = 0.000  GAME1 = 0.000  GAME2 = 0.000  GAME3 = 0.000  lr = 1.00e-05  time = 17.9s
[e095 s0001/1030] loss = 0.000000
[e095 s0050/1030] loss = 0.000000
[e095 s0100/1030] loss = 0.000000
[e095 s0150/1030] loss = 0.000000
[e095 s0200/1030] loss = 0.000000
[e095 s0250/1030] loss = 0.000000
[e095 s0300/1030] loss = 0.000000
[e095 s0350/1030] loss = 0.000000
[e095 s0400/1030] loss = 0.000000
[e095 s0450/1030] loss = 0.000000
[e095 s0500/1030] loss = 0.000000
[e095 s0550/1030] loss = 0.000000
[e095 s0600/1030] loss = 0.000000
[e095 s0650/1030] loss = 0.000000
[e095 s0700/1030] loss = 0.000000
[e095 s0750/1030] loss = 0.000000
[e095 s0800/1030] loss = 0.000000
[e095 s0850/1030] loss = 0.000000
[e095 s0900/1030] loss = 0.000000
[e095 s0950/1030] loss = 0.000000
[e095 s1000/1030] loss = 0.000000
Epoch 095: train_loss = 0.000000  MAE/GAME0 = 0.000  RMSE = 0.000  GAME1 = 0.000  GAME2 = 0.000  GAME3 = 0.000  lr = 1.00e-05  time = 17.7s
[e096 s0001/1030] loss = 0.000000
[e096 s0050/1030] loss = 0.000000
[e096 s0100/1030] loss = 0.000000
[e096 s0150/1030] loss = 0.000000
[e096 s0200/1030] loss = 0.000000
[e096 s0250/1030] loss = 0.000000
[e096 s0300/1030] loss = 0.000000
[e096 s0350/1030] loss = 0.000000
[e096 s0400/1030] loss = 0.000000
[e096 s0450/1030] loss = 0.000000
[e096 s0500/1030] loss = 0.000000
[e096 s0550/1030] loss = 0.000000
[e096 s0600/1030] loss = 0.000000
[e096 s0650/1030] loss = 0.000000
[e096 s0700/1030] loss = 0.000000
[e096 s0750/1030] loss = 0.000000
[e096 s0800/1030] loss = 0.000000
[e096 s0850/1030] loss = 0.000000
[e096 s0900/1030] loss = 0.000000
[e096 s0950/1030] loss = 0.000000
[e096 s1000/1030] loss = 0.000000
Epoch 096: train_loss = 0.000000  MAE/GAME0 = 0.000  RMSE = 0.000  GAME1 = 0.000  GAME2 = 0.000  GAME3 = 0.000  lr = 1.00e-05  time = 17.8s
[e097 s0001/1030] loss = 0.000000
[e097 s0050/1030] loss = 0.000000
[e097 s0100/1030] loss = 0.000000
[e097 s0150/1030] loss = 0.000000
[e097 s0200/1030] loss = 0.000000
[e097 s0250/1030] loss = 0.000000
[e097 s0300/1030] loss = 0.000000
[e097 s0350/1030] loss = 0.000000
[e097 s0400/1030] loss = 0.000000
[e097 s0450/1030] loss = 0.000000
[e097 s0500/1030] loss = 0.000000
[e097 s0550/1030] loss = 0.000000
[e097 s0600/1030] loss = 0.000000
[e097 s0650/1030] loss = 0.000000
[e097 s0700/1030] loss = 0.000000
[e097 s0750/1030] loss = 0.000000
[e097 s0800/1030] loss = 0.000000
[e097 s0850/1030] loss = 0.000000
[e097 s0900/1030] loss = 0.000000
[e097 s0950/1030] loss = 0.000000
[e097 s1000/1030] loss = 0.000000
Epoch 097: train_loss = 0.000000  MAE/GAME0 = 0.000  RMSE = 0.000  GAME1 = 0.000  GAME2 = 0.000  GAME3 = 0.000  lr = 1.00e-05  time = 17.6s
[e098 s0001/1030] loss = 0.000000
[e098 s0050/1030] loss = 0.000000
[e098 s0100/1030] loss = 0.000000
[e098 s0150/1030] loss = 0.000000
[e098 s0200/1030] loss = 0.000000
[e098 s0250/1030] loss = 0.000000
[e098 s0300/1030] loss = 0.000000
[e098 s0350/1030] loss = 0.000000
[e098 s0400/1030] loss = 0.000000
[e098 s0450/1030] loss = 0.000000
[e098 s0500/1030] loss = 0.000000
[e098 s0550/1030] loss = 0.000000
[e098 s0600/1030] loss = 0.000000
[e098 s0650/1030] loss = 0.000000
[e098 s0700/1030] loss = 0.000000
[e098 s0750/1030] loss = 0.000000
[e098 s0800/1030] loss = 0.000000
[e098 s0850/1030] loss = 0.000000
[e098 s0900/1030] loss = 0.000000
[e098 s0950/1030] loss = 0.000000
[e098 s1000/1030] loss = 0.000000
Epoch 098: train_loss = 0.000000  MAE/GAME0 = 0.000  RMSE = 0.000  GAME1 = 0.000  GAME2 = 0.000  GAME3 = 0.000  lr = 1.00e-05  time = 17.9s
[e099 s0001/1030] loss = 0.000000
[e099 s0050/1030] loss = 0.000000
[e099 s0100/1030] loss = 0.000000
[e099 s0150/1030] loss = 0.000000
[e099 s0200/1030] loss = 0.000000
[e099 s0250/1030] loss = 0.000000
[e099 s0300/1030] loss = 0.000000
[e099 s0350/1030] loss = 0.000000
[e099 s0400/1030] loss = 0.000000
[e099 s0450/1030] loss = 0.000000
[e099 s0500/1030] loss = 0.000000
[e099 s0550/1030] loss = 0.000000
[e099 s0600/1030] loss = 0.000000
[e099 s0650/1030] loss = 0.000000
[e099 s0700/1030] loss = 0.000000
[e099 s0750/1030] loss = 0.000000
[e099 s0800/1030] loss = 0.000000
[e099 s0850/1030] loss = 0.000000
[e099 s0900/1030] loss = 0.000000
[e099 s0950/1030] loss = 0.000000
[e099 s1000/1030] loss = 0.000000
Epoch 099: train_loss = 0.000000  MAE/GAME0 = 0.000  RMSE = 0.000  GAME1 = 0.000  GAME2 = 0.000  GAME3 = 0.000  lr = 1.00e-05  time = 17.7s
[e100 s0001/1030] loss = 0.000000
[e100 s0050/1030] loss = 0.000000
[e100 s0100/1030] loss = 0.000000
[e100 s0150/1030] loss = 0.000000
[e100 s0200/1030] loss = 0.000000
[e100 s0250/1030] loss = 0.000000
[e100 s0300/1030] loss = 0.000000
[e100 s0350/1030] loss = 0.000000
[e100 s0400/1030] loss = 0.000000
[e100 s0450/1030] loss = 0.000000
[e100 s0500/1030] loss = 0.000000
[e100 s0550/1030] loss = 0.000000
[e100 s0600/1030] loss = 0.000000
[e100 s0650/1030] loss = 0.000000
[e100 s0700/1030] loss = 0.000000
[e100 s0750/1030] loss = 0.000000
[e100 s0800/1030] loss = 0.000000
[e100 s0850/1030] loss = 0.000000
[e100 s0900/1030] loss = 0.000000
[e100 s0950/1030] loss = 0.000000
[e100 s1000/1030] loss = 0.000000
Epoch 100: train_loss = 0.000000  MAE/GAME0 = 0.000  RMSE = 0.000  GAME1 = 0.000  GAME2 = 0.000  GAME3 = 0.000  lr = 1.00e-05  time = 18.0s
[done] best_mae = 0.000  best_path = /scratch/users/ntu/kenneth0/FYP-SmartObjectCounter/outputs/rgbt_adaptive_late_e100_sanity/12751553.pbs101_20260117_203940/best.pth
