[log] /scratch/users/ntu/kenneth0/FYP-SmartObjectCounter/logs/train_rgbt_late_e100_12759863.pbs101_20260120_003251.log
[job] name=train_rgbt_late_e100 id=12759863.pbs101 host=x1000c0s7b0n0 time=Tue Jan 20 00:32:51 +08 2026
[init] device = cuda
[init] train = 1030  val = 200  workers = 4
/scratch/users/ntu/kenneth0/FYP-SmartObjectCounter/scripts/train_rgbt.py:394: FutureWarning: `torch.cuda.amp.GradScaler(args...)` is deprecated. Please use `torch.amp.GradScaler('cuda', args...)` instead.
  scaler = GradScaler(enabled = bool(args.amp))
Traceback (most recent call last):
  File "/scratch/users/ntu/kenneth0/FYP-SmartObjectCounter/scripts/train_rgbt.py", line 575, in <module>
    main()
    ~~~~^^
  File "/scratch/users/ntu/kenneth0/FYP-SmartObjectCounter/scripts/train_rgbt.py", line 461, in main
    for batch in dl_train:
                 ^^^^^^^^
  File "/app/apps/pytorch/2.6.0-py3-cu11.8/lib/python3.13/site-packages/torch/utils/data/dataloader.py", line 708, in __next__
    data = self._next_data()
  File "/app/apps/pytorch/2.6.0-py3-cu11.8/lib/python3.13/site-packages/torch/utils/data/dataloader.py", line 1480, in _next_data
    return self._process_data(data)
           ~~~~~~~~~~~~~~~~~~^^^^^^
  File "/app/apps/pytorch/2.6.0-py3-cu11.8/lib/python3.13/site-packages/torch/utils/data/dataloader.py", line 1505, in _process_data
    data.reraise()
    ~~~~~~~~~~~~^^
  File "/app/apps/pytorch/2.6.0-py3-cu11.8/lib/python3.13/site-packages/torch/_utils.py", line 733, in reraise
    raise exception
NameError: Caught NameError in DataLoader worker process 0.
Original Traceback (most recent call last):
  File "/app/apps/pytorch/2.6.0-py3-cu11.8/lib/python3.13/site-packages/torch/utils/data/_utils/worker.py", line 349, in _worker_loop
    data = fetcher.fetch(index)  # type: ignore[possibly-undefined]
  File "/app/apps/pytorch/2.6.0-py3-cu11.8/lib/python3.13/site-packages/torch/utils/data/_utils/fetch.py", line 52, in fetch
    data = [self.dataset[idx] for idx in possibly_batched_index]
            ~~~~~~~~~~~~^^^^^
  File "/scratch/users/ntu/kenneth0/FYP-SmartObjectCounter/datasets/rgbt_cc.py", line 722, in __getitem__
    rgb_t = _normalize_imagenet(_to_chw_tensor_rgb(rgb_np))
            ^^^^^^^^^^^^^^^^^^^
NameError: name '_normalize_imagenet' is not defined

