[log] /scratch/users/ntu/kenneth0/FYP-SmartObjectCounter/logs/train_rgbt_adaptive_late_e100_sanity_12750456.pbs101_20260117_124411.log
[job] name=train_rgbt_adaptive_late_e100_sanity id=12750456.pbs101 host=x1000c0s3b0n1 time=Sat Jan 17 12:44:11 +08 2026
[init] device = cuda
[init] train = 1030  val = 200  workers = 4
[e001 s0001/1030] loss = 1282.213135
[e001 s0050/1030] loss = 613.146839
[e001 s0100/1030] loss = 307.673785
[e001 s0150/1030] loss = 205.143490
[e001 s0200/1030] loss = 153.860291
[e001 s0250/1030] loss = 123.089262
[e001 s0300/1030] loss = 102.575097
[e001 s0350/1030] loss = 87.922672
[e001 s0400/1030] loss = 76.932788
[e001 s0450/1030] loss = 68.385013
[e001 s0500/1030] loss = 61.546864
[e001 s0550/1030] loss = 55.953031
[e001 s0600/1030] loss = 51.290688
[e001 s0650/1030] loss = 47.345555
[e001 s0700/1030] loss = 43.963921
[e001 s0750/1030] loss = 41.033166
[e001 s0800/1030] loss = 38.468831
[e001 s0850/1030] loss = 36.206113
[e001 s0900/1030] loss = 34.194792
[e001 s0950/1030] loss = 32.395257
[e001 s1000/1030] loss = 30.775590
Epoch 001: train_loss = 29.879314  MAE/GAME0 = 75.677  RMSE = 99.771  GAME1 = 85.428  GAME2 = 102.839  GAME3 = 125.124  lr = 1.00e-05  time = 24.4s
[e002 s0001/1030] loss = 0.000377
[e002 s0050/1030] loss = 0.003022
[e002 s0100/1030] loss = 0.002533
[e002 s0150/1030] loss = 0.002275
[e002 s0200/1030] loss = 0.002297
[e002 s0250/1030] loss = 0.002436
[e002 s0300/1030] loss = 0.002317
[e002 s0350/1030] loss = 0.002205
[e002 s0400/1030] loss = 0.002122
[e002 s0450/1030] loss = 0.002355
[e002 s0500/1030] loss = 0.002325
[e002 s0550/1030] loss = 0.002593
[e002 s0600/1030] loss = 0.002542
[e002 s0650/1030] loss = 0.002447
[e002 s0700/1030] loss = 0.002602
[e002 s0750/1030] loss = 0.002521
[e002 s0800/1030] loss = 0.002454
[e002 s0850/1030] loss = 0.002388
[e002 s0900/1030] loss = 0.002350
[e002 s0950/1030] loss = 0.002599
[e002 s1000/1030] loss = 0.002577
Epoch 002: train_loss = 0.002529  MAE/GAME0 = 58.180  RMSE = 85.625  GAME1 = 64.073  GAME2 = 75.799  GAME3 = 90.675  lr = 1.00e-05  time = 19.3s
[e003 s0001/1030] loss = 0.000242
[e003 s0050/1030] loss = 0.001884
[e003 s0100/1030] loss = 0.001905
[e003 s0150/1030] loss = 0.002030
[e003 s0200/1030] loss = 0.001861
[e003 s0250/1030] loss = 0.001711
[e003 s0300/1030] loss = 0.001637
[e003 s0350/1030] loss = 0.001728
[e003 s0400/1030] loss = 0.001984
[e003 s0450/1030] loss = 0.001926
[e003 s0500/1030] loss = 0.001909
[e003 s0550/1030] loss = 0.001857
[e003 s0600/1030] loss = 0.001874
[e003 s0650/1030] loss = 0.001885
[e003 s0700/1030] loss = 0.001837
[e003 s0750/1030] loss = 0.001791
[e003 s0800/1030] loss = 0.001798
[e003 s0850/1030] loss = 0.001773
[e003 s0900/1030] loss = 0.001745
[e003 s0950/1030] loss = 0.001707
[e003 s1000/1030] loss = 0.001671
Epoch 003: train_loss = 0.001689  MAE/GAME0 = 56.957  RMSE = 78.953  GAME1 = 62.232  GAME2 = 71.759  GAME3 = 84.315  lr = 1.00e-05  time = 19.3s
[e004 s0001/1030] loss = 0.000374
[e004 s0050/1030] loss = 0.001855
[e004 s0100/1030] loss = 0.001723
[e004 s0150/1030] loss = 0.001785
[e004 s0200/1030] loss = 0.001690
[e004 s0250/1030] loss = 0.001681
[e004 s0300/1030] loss = 0.001673
[e004 s0350/1030] loss = 0.001756
[e004 s0400/1030] loss = 0.001729
[e004 s0450/1030] loss = 0.001652
[e004 s0500/1030] loss = 0.001597
[e004 s0550/1030] loss = 0.001583
[e004 s0600/1030] loss = 0.001530
[e004 s0650/1030] loss = 0.001484
[e004 s0700/1030] loss = 0.001470
[e004 s0750/1030] loss = 0.001454
[e004 s0800/1030] loss = 0.001424
[e004 s0850/1030] loss = 0.001792
[e004 s0900/1030] loss = 0.001780
[e004 s0950/1030] loss = 0.001742
[e004 s1000/1030] loss = 0.001693
Epoch 004: train_loss = 0.001759  MAE/GAME0 = 35.053  RMSE = 51.019  GAME1 = 45.326  GAME2 = 57.504  GAME3 = 68.399  lr = 1.00e-05  time = 19.3s
[e005 s0001/1030] loss = 0.002320
[e005 s0050/1030] loss = 0.002516
[e005 s0100/1030] loss = 0.001715
[e005 s0150/1030] loss = 0.001700
[e005 s0200/1030] loss = 0.001554
[e005 s0250/1030] loss = 0.001474
[e005 s0300/1030] loss = 0.001613
[e005 s0350/1030] loss = 0.001587
[e005 s0400/1030] loss = 0.001487
[e005 s0450/1030] loss = 0.001613
[e005 s0500/1030] loss = 0.001586
[e005 s0550/1030] loss = 0.001529
[e005 s0600/1030] loss = 0.001465
[e005 s0650/1030] loss = 0.001416
[e005 s0700/1030] loss = 0.001365
[e005 s0750/1030] loss = 0.001373
[e005 s0800/1030] loss = 0.001364
[e005 s0850/1030] loss = 0.001369
[e005 s0900/1030] loss = 0.001377
[e005 s0950/1030] loss = 0.001397
[e005 s1000/1030] loss = 0.001369
Epoch 005: train_loss = 0.001349  MAE/GAME0 = 36.271  RMSE = 53.357  GAME1 = 53.596  GAME2 = 70.991  GAME3 = 80.979  lr = 1.00e-05  time = 19.3s
[e006 s0001/1030] loss = 0.000128
[e006 s0050/1030] loss = 0.000670
[e006 s0100/1030] loss = 0.001227
[e006 s0150/1030] loss = 0.001319
[e006 s0200/1030] loss = 0.001146
[e006 s0250/1030] loss = 0.002497
[e006 s0300/1030] loss = 0.002235
[e006 s0350/1030] loss = 0.002174
[e006 s0400/1030] loss = 0.002040
[e006 s0450/1030] loss = 0.001941
[e006 s0500/1030] loss = 0.001833
[e006 s0550/1030] loss = 0.001723
[e006 s0600/1030] loss = 0.001691
[e006 s0650/1030] loss = 0.001688
[e006 s0700/1030] loss = 0.001647
[e006 s0750/1030] loss = 0.001602
[e006 s0800/1030] loss = 0.001592
[e006 s0850/1030] loss = 0.001549
[e006 s0900/1030] loss = 0.001535
[e006 s0950/1030] loss = 0.001558
[e006 s1000/1030] loss = 0.001530
Epoch 006: train_loss = 0.001507  MAE/GAME0 = 30.063  RMSE = 57.182  GAME1 = 36.834  GAME2 = 43.652  GAME3 = 50.793  lr = 1.00e-05  time = 19.4s
[e007 s0001/1030] loss = 0.000434
[e007 s0050/1030] loss = 0.001387
[e007 s0100/1030] loss = 0.001024
[e007 s0150/1030] loss = 0.001092
[e007 s0200/1030] loss = 0.001327
[e007 s0250/1030] loss = 0.001213
[e007 s0300/1030] loss = 0.001120
[e007 s0350/1030] loss = 0.001259
[e007 s0400/1030] loss = 0.001190
[e007 s0450/1030] loss = 0.001176
[e007 s0500/1030] loss = 0.001217
[e007 s0550/1030] loss = 0.001432
[e007 s0600/1030] loss = 0.001409
[e007 s0650/1030] loss = 0.001347
[e007 s0700/1030] loss = 0.001373
[e007 s0750/1030] loss = 0.001335
[e007 s0800/1030] loss = 0.001298
[e007 s0850/1030] loss = 0.001290
[e007 s0900/1030] loss = 0.001291
[e007 s0950/1030] loss = 0.001256
[e007 s1000/1030] loss = 0.001243
Epoch 007: train_loss = 0.001248  MAE/GAME0 = 30.902  RMSE = 57.510  GAME1 = 38.066  GAME2 = 44.242  GAME3 = 49.861  lr = 1.00e-05  time = 19.3s
[e008 s0001/1030] loss = 0.000662
[e008 s0050/1030] loss = 0.001065
[e008 s0100/1030] loss = 0.001303
[e008 s0150/1030] loss = 0.001213
[e008 s0200/1030] loss = 0.001082
[e008 s0250/1030] loss = 0.000970
[e008 s0300/1030] loss = 0.001092
[e008 s0350/1030] loss = 0.001086
[e008 s0400/1030] loss = 0.001016
[e008 s0450/1030] loss = 0.001063
[e008 s0500/1030] loss = 0.001226
[e008 s0550/1030] loss = 0.001263
[e008 s0600/1030] loss = 0.001254
[e008 s0650/1030] loss = 0.001222
[e008 s0700/1030] loss = 0.001342
[e008 s0750/1030] loss = 0.001296
[e008 s0800/1030] loss = 0.001275
[e008 s0850/1030] loss = 0.001278
[e008 s0900/1030] loss = 0.001296
[e008 s0950/1030] loss = 0.001273
[e008 s1000/1030] loss = 0.001250
Epoch 008: train_loss = 0.001253  MAE/GAME0 = 28.476  RMSE = 54.057  GAME1 = 37.183  GAME2 = 45.443  GAME3 = 52.758  lr = 1.00e-05  time = 19.4s
[e009 s0001/1030] loss = 0.000343
[e009 s0050/1030] loss = 0.000524
[e009 s0100/1030] loss = 0.000745
[e009 s0150/1030] loss = 0.000759
[e009 s0200/1030] loss = 0.000739
[e009 s0250/1030] loss = 0.000971
[e009 s0300/1030] loss = 0.000925
[e009 s0350/1030] loss = 0.000941
[e009 s0400/1030] loss = 0.000926
[e009 s0450/1030] loss = 0.000944
[e009 s0500/1030] loss = 0.000916
[e009 s0550/1030] loss = 0.001015
[e009 s0600/1030] loss = 0.001009
[e009 s0650/1030] loss = 0.000989
[e009 s0700/1030] loss = 0.000961
[e009 s0750/1030] loss = 0.000956
[e009 s0800/1030] loss = 0.000999
[e009 s0850/1030] loss = 0.000978
[e009 s0900/1030] loss = 0.001004
[e009 s0950/1030] loss = 0.001564
[e009 s1000/1030] loss = 0.001529
Epoch 009: train_loss = 0.001504  MAE/GAME0 = 56.923  RMSE = 77.183  GAME1 = 57.219  GAME2 = 58.173  GAME3 = 60.393  lr = 1.00e-05  time = 19.3s
[e010 s0001/1030] loss = 0.001777
[e010 s0050/1030] loss = 0.002160
[e010 s0100/1030] loss = 0.001417
[e010 s0150/1030] loss = 0.001991
[e010 s0200/1030] loss = 0.001903
[e010 s0250/1030] loss = 0.001889
[e010 s0300/1030] loss = 0.001785
[e010 s0350/1030] loss = 0.001689
[e010 s0400/1030] loss = 0.001569
[e010 s0450/1030] loss = 0.001488
[e010 s0500/1030] loss = 0.001486
[e010 s0550/1030] loss = 0.001447
[e010 s0600/1030] loss = 0.001421
[e010 s0650/1030] loss = 0.001360
[e010 s0700/1030] loss = 0.001340
[e010 s0750/1030] loss = 0.001295
[e010 s0800/1030] loss = 0.001308
[e010 s0850/1030] loss = 0.001265
[e010 s0900/1030] loss = 0.001247
[e010 s0950/1030] loss = 0.001218
[e010 s1000/1030] loss = 0.001233
Epoch 010: train_loss = 0.001236  MAE/GAME0 = 40.004  RMSE = 66.249  GAME1 = 43.163  GAME2 = 46.328  GAME3 = 50.218  lr = 1.00e-05  time = 19.3s
[e011 s0001/1030] loss = 0.000067
[e011 s0050/1030] loss = 0.000804
[e011 s0100/1030] loss = 0.000844
[e011 s0150/1030] loss = 0.000782
[e011 s0200/1030] loss = 0.001111
[e011 s0250/1030] loss = 0.001105
[e011 s0300/1030] loss = 0.001536
[e011 s0350/1030] loss = 0.001593
[e011 s0400/1030] loss = 0.001565
[e011 s0450/1030] loss = 0.001597
[e011 s0500/1030] loss = 0.001578
[e011 s0550/1030] loss = 0.001506
[e011 s0600/1030] loss = 0.001442
[e011 s0650/1030] loss = 0.001383
[e011 s0700/1030] loss = 0.001373
[e011 s0750/1030] loss = 0.001321
[e011 s0800/1030] loss = 0.001278
[e011 s0850/1030] loss = 0.001264
[e011 s0900/1030] loss = 0.001236
[e011 s0950/1030] loss = 0.001299
[e011 s1000/1030] loss = 0.001304
Epoch 011: train_loss = 0.001278  MAE/GAME0 = 26.196  RMSE = 51.538  GAME1 = 39.204  GAME2 = 50.027  GAME3 = 57.012  lr = 1.00e-05  time = 19.3s
[e012 s0001/1030] loss = 0.000020
[e012 s0050/1030] loss = 0.001002
[e012 s0100/1030] loss = 0.001174
[e012 s0150/1030] loss = 0.001138
[e012 s0200/1030] loss = 0.001028
[e012 s0250/1030] loss = 0.001168
[e012 s0300/1030] loss = 0.001098
[e012 s0350/1030] loss = 0.001223
[e012 s0400/1030] loss = 0.001274
[e012 s0450/1030] loss = 0.001316
[e012 s0500/1030] loss = 0.001271
[e012 s0550/1030] loss = 0.001231
[e012 s0600/1030] loss = 0.001222
[e012 s0650/1030] loss = 0.001195
[e012 s0700/1030] loss = 0.001162
[e012 s0750/1030] loss = 0.001155
[e012 s0800/1030] loss = 0.001146
[e012 s0850/1030] loss = 0.001142
[e012 s0900/1030] loss = 0.001188
[e012 s0950/1030] loss = 0.001169
[e012 s1000/1030] loss = 0.001140
Epoch 012: train_loss = 0.001131  MAE/GAME0 = 54.379  RMSE = 75.606  GAME1 = 55.112  GAME2 = 56.569  GAME3 = 59.086  lr = 1.00e-05  time = 19.3s
[e013 s0001/1030] loss = 0.000253
[e013 s0050/1030] loss = 0.000861
[e013 s0100/1030] loss = 0.001167
[e013 s0150/1030] loss = 0.001024
[e013 s0200/1030] loss = 0.000927
[e013 s0250/1030] loss = 0.000914
[e013 s0300/1030] loss = 0.000921
[e013 s0350/1030] loss = 0.000862
[e013 s0400/1030] loss = 0.000927
[e013 s0450/1030] loss = 0.000887
[e013 s0500/1030] loss = 0.000865
[e013 s0550/1030] loss = 0.000897
[e013 s0600/1030] loss = 0.000892
[e013 s0650/1030] loss = 0.000906
[e013 s0700/1030] loss = 0.000901
[e013 s0750/1030] loss = 0.000903
[e013 s0800/1030] loss = 0.000914
[e013 s0850/1030] loss = 0.000896
[e013 s0900/1030] loss = 0.000873
[e013 s0950/1030] loss = 0.000949
[e013 s1000/1030] loss = 0.000964
Epoch 013: train_loss = 0.000987  MAE/GAME0 = 71.459  RMSE = 88.289  GAME1 = 71.459  GAME2 = 71.525  GAME3 = 71.741  lr = 1.00e-05  time = 19.3s
[e014 s0001/1030] loss = 0.000055
[e014 s0050/1030] loss = 0.000785
[e014 s0100/1030] loss = 0.000850
[e014 s0150/1030] loss = 0.000815
[e014 s0200/1030] loss = 0.000766
[e014 s0250/1030] loss = 0.001013
[e014 s0300/1030] loss = 0.000942
[e014 s0350/1030] loss = 0.000895
[e014 s0400/1030] loss = 0.000870
[e014 s0450/1030] loss = 0.001242
[e014 s0500/1030] loss = 0.001212
[e014 s0550/1030] loss = 0.001181
[e014 s0600/1030] loss = 0.001178
[e014 s0650/1030] loss = 0.001159
[e014 s0700/1030] loss = 0.001118
[e014 s0750/1030] loss = 0.001085
[e014 s0800/1030] loss = 0.001090
[e014 s0850/1030] loss = 0.001061
[e014 s0900/1030] loss = 0.001110
[e014 s0950/1030] loss = 0.001114
[e014 s1000/1030] loss = 0.001331
Epoch 014: train_loss = 0.001318  MAE/GAME0 = 47.986  RMSE = 69.798  GAME1 = 48.505  GAME2 = 49.745  GAME3 = 52.308  lr = 1.00e-05  time = 19.4s
[e015 s0001/1030] loss = 0.000458
[e015 s0050/1030] loss = 0.001090
[e015 s0100/1030] loss = 0.001008
[e015 s0150/1030] loss = 0.000978
[e015 s0200/1030] loss = 0.000975
[e015 s0250/1030] loss = 0.001045
[e015 s0300/1030] loss = 0.001070
[e015 s0350/1030] loss = 0.001048
[e015 s0400/1030] loss = 0.001002
[e015 s0450/1030] loss = 0.000975
[e015 s0500/1030] loss = 0.001000
[e015 s0550/1030] loss = 0.001045
[e015 s0600/1030] loss = 0.001020
[e015 s0650/1030] loss = 0.001004
[e015 s0700/1030] loss = 0.000993
[e015 s0750/1030] loss = 0.000970
[e015 s0800/1030] loss = 0.000953
[e015 s0850/1030] loss = 0.000927
[e015 s0900/1030] loss = 0.000968
[e015 s0950/1030] loss = 0.001109
[e015 s1000/1030] loss = 0.001110
Epoch 015: train_loss = 0.001126  MAE/GAME0 = 27.271  RMSE = 55.921  GAME1 = 35.643  GAME2 = 42.711  GAME3 = 49.646  lr = 1.00e-05  time = 19.3s
[e016 s0001/1030] loss = 0.000121
[e016 s0050/1030] loss = 0.000767
[e016 s0100/1030] loss = 0.000999
[e016 s0150/1030] loss = 0.000984
[e016 s0200/1030] loss = 0.000981
[e016 s0250/1030] loss = 0.001183
[e016 s0300/1030] loss = 0.001054
[e016 s0350/1030] loss = 0.001106
[e016 s0400/1030] loss = 0.001276
[e016 s0450/1030] loss = 0.001220
[e016 s0500/1030] loss = 0.001142
[e016 s0550/1030] loss = 0.001133
[e016 s0600/1030] loss = 0.001106
[e016 s0650/1030] loss = 0.001072
[e016 s0700/1030] loss = 0.001032
[e016 s0750/1030] loss = 0.001080
[e016 s0800/1030] loss = 0.001209
[e016 s0850/1030] loss = 0.001176
[e016 s0900/1030] loss = 0.001158
[e016 s0950/1030] loss = 0.001146
[e016 s1000/1030] loss = 0.001146
Epoch 016: train_loss = 0.001134  MAE/GAME0 = 28.661  RMSE = 59.904  GAME1 = 34.760  GAME2 = 39.691  GAME3 = 44.318  lr = 1.00e-05  time = 19.2s
[e017 s0001/1030] loss = 0.000019
[e017 s0050/1030] loss = 0.000869
[e017 s0100/1030] loss = 0.000817
[e017 s0150/1030] loss = 0.000817
[e017 s0200/1030] loss = 0.000921
[e017 s0250/1030] loss = 0.001037
[e017 s0300/1030] loss = 0.000986
[e017 s0350/1030] loss = 0.001030
[e017 s0400/1030] loss = 0.001003
[e017 s0450/1030] loss = 0.000969
[e017 s0500/1030] loss = 0.001232
[e017 s0550/1030] loss = 0.001178
[e017 s0600/1030] loss = 0.001150
[e017 s0650/1030] loss = 0.001181
[e017 s0700/1030] loss = 0.001183
[e017 s0750/1030] loss = 0.001131
[e017 s0800/1030] loss = 0.001105
[e017 s0850/1030] loss = 0.001067
[e017 s0900/1030] loss = 0.001032
[e017 s0950/1030] loss = 0.001013
[e017 s1000/1030] loss = 0.001006
Epoch 017: train_loss = 0.001044  MAE/GAME0 = 26.861  RMSE = 53.517  GAME1 = 42.996  GAME2 = 55.891  GAME3 = 63.446  lr = 1.00e-05  time = 19.6s
[e018 s0001/1030] loss = 0.000029
[e018 s0050/1030] loss = 0.001367
[e018 s0100/1030] loss = 0.000982
[e018 s0150/1030] loss = 0.001231
[e018 s0200/1030] loss = 0.001107
[e018 s0250/1030] loss = 0.001216
[e018 s0300/1030] loss = 0.001288
[e018 s0350/1030] loss = 0.001191
[e018 s0400/1030] loss = 0.001141
[e018 s0450/1030] loss = 0.001234
[e018 s0500/1030] loss = 0.001183
[e018 s0550/1030] loss = 0.001132
[e018 s0600/1030] loss = 0.001093
[e018 s0650/1030] loss = 0.001074
[e018 s0700/1030] loss = 0.001060
[e018 s0750/1030] loss = 0.001045
[e018 s0800/1030] loss = 0.001026
[e018 s0850/1030] loss = 0.001071
[e018 s0900/1030] loss = 0.001045
[e018 s0950/1030] loss = 0.001049
[e018 s1000/1030] loss = 0.001049
Epoch 018: train_loss = 0.001045  MAE/GAME0 = 30.818  RMSE = 59.150  GAME1 = 41.932  GAME2 = 51.088  GAME3 = 56.819  lr = 1.00e-05  time = 19.3s
[e019 s0001/1030] loss = 0.000603
[e019 s0050/1030] loss = 0.000654
[e019 s0100/1030] loss = 0.000965
[e019 s0150/1030] loss = 0.000941
[e019 s0200/1030] loss = 0.000886
[e019 s0250/1030] loss = 0.000877
[e019 s0300/1030] loss = 0.001000
[e019 s0350/1030] loss = 0.001013
[e019 s0400/1030] loss = 0.000996
[e019 s0450/1030] loss = 0.000972
[e019 s0500/1030] loss = 0.001032
[e019 s0550/1030] loss = 0.001050
[e019 s0600/1030] loss = 0.001035
[e019 s0650/1030] loss = 0.001011
[e019 s0700/1030] loss = 0.001008
[e019 s0750/1030] loss = 0.000989
[e019 s0800/1030] loss = 0.000975
[e019 s0850/1030] loss = 0.000953
[e019 s0900/1030] loss = 0.000994
[e019 s0950/1030] loss = 0.000976
[e019 s1000/1030] loss = 0.000983
Epoch 019: train_loss = 0.000981  MAE/GAME0 = 43.228  RMSE = 66.681  GAME1 = 43.900  GAME2 = 45.118  GAME3 = 47.235  lr = 1.00e-05  time = 19.5s
[e020 s0001/1030] loss = 0.000001
[e020 s0050/1030] loss = 0.000970
[e020 s0100/1030] loss = 0.000805
[e020 s0150/1030] loss = 0.000968
[e020 s0200/1030] loss = 0.001137
[e020 s0250/1030] loss = 0.001308
[e020 s0300/1030] loss = 0.001342
[e020 s0350/1030] loss = 0.001226
[e020 s0400/1030] loss = 0.001151
[e020 s0450/1030] loss = 0.001095
[e020 s0500/1030] loss = 0.001028
[e020 s0550/1030] loss = 0.001275
[e020 s0600/1030] loss = 0.001374
[e020 s0650/1030] loss = 0.001320
[e020 s0700/1030] loss = 0.001288
[e020 s0750/1030] loss = 0.001279
[e020 s0800/1030] loss = 0.001257
[e020 s0850/1030] loss = 0.001231
[e020 s0900/1030] loss = 0.001217
[e020 s0950/1030] loss = 0.001187
[e020 s1000/1030] loss = 0.001167
Epoch 020: train_loss = 0.001181  MAE/GAME0 = 30.797  RMSE = 59.681  GAME1 = 46.329  GAME2 = 58.861  GAME3 = 66.058  lr = 1.00e-05  time = 19.5s
[e021 s0001/1030] loss = 0.000418
[e021 s0050/1030] loss = 0.001225
[e021 s0100/1030] loss = 0.000915
[e021 s0150/1030] loss = 0.000891
[e021 s0200/1030] loss = 0.000926
[e021 s0250/1030] loss = 0.000915
[e021 s0300/1030] loss = 0.000861
[e021 s0350/1030] loss = 0.000925
[e021 s0400/1030] loss = 0.000932
[e021 s0450/1030] loss = 0.000924
[e021 s0500/1030] loss = 0.000875
[e021 s0550/1030] loss = 0.000850
[e021 s0600/1030] loss = 0.000822
[e021 s0650/1030] loss = 0.000788
[e021 s0700/1030] loss = 0.000794
[e021 s0750/1030] loss = 0.000817
[e021 s0800/1030] loss = 0.000824
[e021 s0850/1030] loss = 0.000826
[e021 s0900/1030] loss = 0.000839
[e021 s0950/1030] loss = 0.000899
[e021 s1000/1030] loss = 0.000886
Epoch 021: train_loss = 0.000896  MAE/GAME0 = 39.035  RMSE = 62.586  GAME1 = 40.975  GAME2 = 43.042  GAME3 = 45.428  lr = 1.00e-05  time = 19.2s
[e022 s0001/1030] loss = 0.000067
[e022 s0050/1030] loss = 0.002424
[e022 s0100/1030] loss = 0.001525
[e022 s0150/1030] loss = 0.001201
[e022 s0200/1030] loss = 0.001011
[e022 s0250/1030] loss = 0.001208
[e022 s0300/1030] loss = 0.001241
[e022 s0350/1030] loss = 0.001283
[e022 s0400/1030] loss = 0.001264
[e022 s0450/1030] loss = 0.001293
[e022 s0500/1030] loss = 0.001246
[e022 s0550/1030] loss = 0.001207
[e022 s0600/1030] loss = 0.001187
[e022 s0650/1030] loss = 0.001159
[e022 s0700/1030] loss = 0.001144
[e022 s0750/1030] loss = 0.001111
[e022 s0800/1030] loss = 0.001179
[e022 s0850/1030] loss = 0.001182
[e022 s0900/1030] loss = 0.001184
[e022 s0950/1030] loss = 0.001190
[e022 s1000/1030] loss = 0.001203
Epoch 022: train_loss = 0.001197  MAE/GAME0 = 25.872  RMSE = 50.322  GAME1 = 40.528  GAME2 = 52.703  GAME3 = 60.083  lr = 1.00e-05  time = 19.4s
[e023 s0001/1030] loss = 0.002169
[e023 s0050/1030] loss = 0.001360
[e023 s0100/1030] loss = 0.000954
[e023 s0150/1030] loss = 0.000940
[e023 s0200/1030] loss = 0.000872
[e023 s0250/1030] loss = 0.001092
[e023 s0300/1030] loss = 0.001057
[e023 s0350/1030] loss = 0.000996
[e023 s0400/1030] loss = 0.000971
[e023 s0450/1030] loss = 0.000948
[e023 s0500/1030] loss = 0.001185
[e023 s0550/1030] loss = 0.001163
[e023 s0600/1030] loss = 0.001156
[e023 s0650/1030] loss = 0.001147
[e023 s0700/1030] loss = 0.001124
[e023 s0750/1030] loss = 0.001141
[e023 s0800/1030] loss = 0.001121
[e023 s0850/1030] loss = 0.001094
[e023 s0900/1030] loss = 0.001080
[e023 s0950/1030] loss = 0.001042
[e023 s1000/1030] loss = 0.001051
Epoch 023: train_loss = 0.001040  MAE/GAME0 = 36.786  RMSE = 63.813  GAME1 = 42.504  GAME2 = 47.670  GAME3 = 50.969  lr = 1.00e-05  time = 19.4s
[e024 s0001/1030] loss = 0.000708
[e024 s0050/1030] loss = 0.000917
[e024 s0100/1030] loss = 0.000858
[e024 s0150/1030] loss = 0.000846
[e024 s0200/1030] loss = 0.000822
[e024 s0250/1030] loss = 0.000735
[e024 s0300/1030] loss = 0.000849
[e024 s0350/1030] loss = 0.000908
[e024 s0400/1030] loss = 0.000911
[e024 s0450/1030] loss = 0.000881
[e024 s0500/1030] loss = 0.000854
[e024 s0550/1030] loss = 0.000977
[e024 s0600/1030] loss = 0.001215
[e024 s0650/1030] loss = 0.001374
[e024 s0700/1030] loss = 0.001328
[e024 s0750/1030] loss = 0.001327
[e024 s0800/1030] loss = 0.001281
[e024 s0850/1030] loss = 0.001237
[e024 s0900/1030] loss = 0.001204
[e024 s0950/1030] loss = 0.001203
[e024 s1000/1030] loss = 0.001190
Epoch 024: train_loss = 0.001188  MAE/GAME0 = 58.732  RMSE = 79.561  GAME1 = 58.746  GAME2 = 59.000  GAME3 = 59.668  lr = 1.00e-05  time = 19.4s
[e025 s0001/1030] loss = 0.000075
[e025 s0050/1030] loss = 0.000434
[e025 s0100/1030] loss = 0.000542
[e025 s0150/1030] loss = 0.000729
[e025 s0200/1030] loss = 0.000970
[e025 s0250/1030] loss = 0.000939
[e025 s0300/1030] loss = 0.000947
[e025 s0350/1030] loss = 0.000972
[e025 s0400/1030] loss = 0.001162
[e025 s0450/1030] loss = 0.001100
[e025 s0500/1030] loss = 0.001079
[e025 s0550/1030] loss = 0.001096
[e025 s0600/1030] loss = 0.001262
[e025 s0650/1030] loss = 0.001268
[e025 s0700/1030] loss = 0.001380
[e025 s0750/1030] loss = 0.001343
[e025 s0800/1030] loss = 0.001328
[e025 s0850/1030] loss = 0.001293
[e025 s0900/1030] loss = 0.001245
[e025 s0950/1030] loss = 0.001201
[e025 s1000/1030] loss = 0.001187
Epoch 025: train_loss = 0.001176  MAE/GAME0 = 46.946  RMSE = 73.539  GAME1 = 51.445  GAME2 = 56.287  GAME3 = 59.170  lr = 1.00e-05  time = 19.3s
[e026 s0001/1030] loss = 0.000757
[e026 s0050/1030] loss = 0.000597
[e026 s0100/1030] loss = 0.000567
[e026 s0150/1030] loss = 0.000718
[e026 s0200/1030] loss = 0.000832
[e026 s0250/1030] loss = 0.000899
[e026 s0300/1030] loss = 0.000844
[e026 s0350/1030] loss = 0.000838
[e026 s0400/1030] loss = 0.000876
[e026 s0450/1030] loss = 0.000976
[e026 s0500/1030] loss = 0.000924
[e026 s0550/1030] loss = 0.000889
[e026 s0600/1030] loss = 0.000862
[e026 s0650/1030] loss = 0.000834
[e026 s0700/1030] loss = 0.000871
[e026 s0750/1030] loss = 0.000888
[e026 s0800/1030] loss = 0.000876
[e026 s0850/1030] loss = 0.000893
[e026 s0900/1030] loss = 0.000900
[e026 s0950/1030] loss = 0.000894
[e026 s1000/1030] loss = 0.000906
Epoch 026: train_loss = 0.000909  MAE/GAME0 = 29.895  RMSE = 55.062  GAME1 = 46.618  GAME2 = 60.870  GAME3 = 69.265  lr = 1.00e-05  time = 19.4s
[e027 s0001/1030] loss = 0.000633
[e027 s0050/1030] loss = 0.000996
[e027 s0100/1030] loss = 0.000852
[e027 s0150/1030] loss = 0.000829
[e027 s0200/1030] loss = 0.000804
[e027 s0250/1030] loss = 0.000727
[e027 s0300/1030] loss = 0.000831
[e027 s0350/1030] loss = 0.000821
[e027 s0400/1030] loss = 0.001100
[e027 s0450/1030] loss = 0.001094
[e027 s0500/1030] loss = 0.001073
[e027 s0550/1030] loss = 0.001049
[e027 s0600/1030] loss = 0.001038
[e027 s0650/1030] loss = 0.001097
[e027 s0700/1030] loss = 0.001081
[e027 s0750/1030] loss = 0.001053
[e027 s0800/1030] loss = 0.001055
[e027 s0850/1030] loss = 0.001049
[e027 s0900/1030] loss = 0.001063
[e027 s0950/1030] loss = 0.001086
[e027 s1000/1030] loss = 0.001095
Epoch 027: train_loss = 0.001093  MAE/GAME0 = 37.061  RMSE = 66.137  GAME1 = 44.275  GAME2 = 50.696  GAME3 = 54.555  lr = 1.00e-05  time = 19.3s
[e028 s0001/1030] loss = 0.000389
[e028 s0050/1030] loss = 0.000850
[e028 s0100/1030] loss = 0.000783
[e028 s0150/1030] loss = 0.000797
[e028 s0200/1030] loss = 0.000691
[e028 s0250/1030] loss = 0.001064
[e028 s0300/1030] loss = 0.000992
[e028 s0350/1030] loss = 0.001006
[e028 s0400/1030] loss = 0.000972
[e028 s0450/1030] loss = 0.001402
[e028 s0500/1030] loss = 0.001313
[e028 s0550/1030] loss = 0.001272
[e028 s0600/1030] loss = 0.001246
[e028 s0650/1030] loss = 0.001210
[e028 s0700/1030] loss = 0.001207
[e028 s0750/1030] loss = 0.001170
[e028 s0800/1030] loss = 0.001213
[e028 s0850/1030] loss = 0.001207
[e028 s0900/1030] loss = 0.001224
[e028 s0950/1030] loss = 0.001190
[e028 s1000/1030] loss = 0.001161
Epoch 028: train_loss = 0.001174  MAE/GAME0 = 32.360  RMSE = 50.392  GAME1 = 45.697  GAME2 = 58.888  GAME3 = 67.548  lr = 1.00e-05  time = 19.3s
[e029 s0001/1030] loss = 0.012977
[e029 s0050/1030] loss = 0.001248
[e029 s0100/1030] loss = 0.000988
[e029 s0150/1030] loss = 0.001294
[e029 s0200/1030] loss = 0.001150
[e029 s0250/1030] loss = 0.001273
[e029 s0300/1030] loss = 0.001160
[e029 s0350/1030] loss = 0.001140
[e029 s0400/1030] loss = 0.001095
[e029 s0450/1030] loss = 0.001125
[e029 s0500/1030] loss = 0.001070
[e029 s0550/1030] loss = 0.001039
[e029 s0600/1030] loss = 0.001015
[e029 s0650/1030] loss = 0.000970
[e029 s0700/1030] loss = 0.000922
[e029 s0750/1030] loss = 0.000941
[e029 s0800/1030] loss = 0.000946
[e029 s0850/1030] loss = 0.000998
[e029 s0900/1030] loss = 0.000993
[e029 s0950/1030] loss = 0.001069
[e029 s1000/1030] loss = 0.001050
Epoch 029: train_loss = 0.001039  MAE/GAME0 = 33.566  RMSE = 61.148  GAME1 = 39.243  GAME2 = 42.989  GAME3 = 46.995  lr = 1.00e-05  time = 19.7s
[e030 s0001/1030] loss = 0.000435
[e030 s0050/1030] loss = 0.001117
[e030 s0100/1030] loss = 0.000988
[e030 s0150/1030] loss = 0.001075
[e030 s0200/1030] loss = 0.001002
[e030 s0250/1030] loss = 0.001067
[e030 s0300/1030] loss = 0.000981
[e030 s0350/1030] loss = 0.000951
[e030 s0400/1030] loss = 0.000957
[e030 s0450/1030] loss = 0.000915
[e030 s0500/1030] loss = 0.000922
[e030 s0550/1030] loss = 0.001000
[e030 s0600/1030] loss = 0.001017
[e030 s0650/1030] loss = 0.000977
[e030 s0700/1030] loss = 0.000947
[e030 s0750/1030] loss = 0.000997
[e030 s0800/1030] loss = 0.001075
[e030 s0850/1030] loss = 0.001095
[e030 s0900/1030] loss = 0.001099
[e030 s0950/1030] loss = 0.001076
[e030 s1000/1030] loss = 0.001064
Epoch 030: train_loss = 0.001051  MAE/GAME0 = 33.847  RMSE = 62.338  GAME1 = 39.116  GAME2 = 44.393  GAME3 = 48.265  lr = 1.00e-05  time = 19.4s
[e031 s0001/1030] loss = 0.000011
[e031 s0050/1030] loss = 0.000606
[e031 s0100/1030] loss = 0.000785
[e031 s0150/1030] loss = 0.001009
[e031 s0200/1030] loss = 0.001049
[e031 s0250/1030] loss = 0.000951
[e031 s0300/1030] loss = 0.000899
[e031 s0350/1030] loss = 0.001014
[e031 s0400/1030] loss = 0.000986
[e031 s0450/1030] loss = 0.000994
[e031 s0500/1030] loss = 0.000985
[e031 s0550/1030] loss = 0.001108
[e031 s0600/1030] loss = 0.001370
[e031 s0650/1030] loss = 0.001318
[e031 s0700/1030] loss = 0.001290
[e031 s0750/1030] loss = 0.001272
[e031 s0800/1030] loss = 0.001246
[e031 s0850/1030] loss = 0.001222
[e031 s0900/1030] loss = 0.001180
[e031 s0950/1030] loss = 0.001180
[e031 s1000/1030] loss = 0.001164
Epoch 031: train_loss = 0.001181  MAE/GAME0 = 28.126  RMSE = 54.546  GAME1 = 39.520  GAME2 = 47.626  GAME3 = 54.093  lr = 1.00e-05  time = 19.4s
[e032 s0001/1030] loss = 0.000698
[e032 s0050/1030] loss = 0.000596
[e032 s0100/1030] loss = 0.000601
[e032 s0150/1030] loss = 0.000578
[e032 s0200/1030] loss = 0.000701
[e032 s0250/1030] loss = 0.000674
[e032 s0300/1030] loss = 0.000708
[e032 s0350/1030] loss = 0.000798
[e032 s0400/1030] loss = 0.000974
[e032 s0450/1030] loss = 0.000966
[e032 s0500/1030] loss = 0.000957
[e032 s0550/1030] loss = 0.000973
[e032 s0600/1030] loss = 0.000942
[e032 s0650/1030] loss = 0.000948
[e032 s0700/1030] loss = 0.000919
[e032 s0750/1030] loss = 0.001023
[e032 s0800/1030] loss = 0.001032
[e032 s0850/1030] loss = 0.001055
[e032 s0900/1030] loss = 0.001047
[e032 s0950/1030] loss = 0.001052
[e032 s1000/1030] loss = 0.001040
Epoch 032: train_loss = 0.001067  MAE/GAME0 = 35.662  RMSE = 65.712  GAME1 = 43.715  GAME2 = 50.778  GAME3 = 55.256  lr = 1.00e-05  time = 19.4s
[e033 s0001/1030] loss = 0.001044
[e033 s0050/1030] loss = 0.000914
[e033 s0100/1030] loss = 0.001143
[e033 s0150/1030] loss = 0.001077
[e033 s0200/1030] loss = 0.001570
[e033 s0250/1030] loss = 0.001425
[e033 s0300/1030] loss = 0.001328
[e033 s0350/1030] loss = 0.001470
[e033 s0400/1030] loss = 0.001371
[e033 s0450/1030] loss = 0.001301
[e033 s0500/1030] loss = 0.001287
[e033 s0550/1030] loss = 0.001355
[e033 s0600/1030] loss = 0.001359
[e033 s0650/1030] loss = 0.001301
[e033 s0700/1030] loss = 0.001271
[e033 s0750/1030] loss = 0.001246
[e033 s0800/1030] loss = 0.001200
[e033 s0850/1030] loss = 0.001181
[e033 s0900/1030] loss = 0.001152
[e033 s0950/1030] loss = 0.001153
[e033 s1000/1030] loss = 0.001157
Epoch 033: train_loss = 0.001151  MAE/GAME0 = 35.480  RMSE = 61.438  GAME1 = 38.029  GAME2 = 41.000  GAME3 = 45.052  lr = 1.00e-05  time = 19.5s
[e034 s0001/1030] loss = 0.000954
[e034 s0050/1030] loss = 0.001307
[e034 s0100/1030] loss = 0.001547
[e034 s0150/1030] loss = 0.001455
[e034 s0200/1030] loss = 0.001233
[e034 s0250/1030] loss = 0.001078
[e034 s0300/1030] loss = 0.001228
[e034 s0350/1030] loss = 0.001225
[e034 s0400/1030] loss = 0.001152
[e034 s0450/1030] loss = 0.001094
[e034 s0500/1030] loss = 0.001070
[e034 s0550/1030] loss = 0.001150
[e034 s0600/1030] loss = 0.001095
[e034 s0650/1030] loss = 0.001119
[e034 s0700/1030] loss = 0.001096
[e034 s0750/1030] loss = 0.001060
[e034 s0800/1030] loss = 0.001039
[e034 s0850/1030] loss = 0.001055
[e034 s0900/1030] loss = 0.001032
[e034 s0950/1030] loss = 0.001069
[e034 s1000/1030] loss = 0.001042
Epoch 034: train_loss = 0.001049  MAE/GAME0 = 25.727  RMSE = 48.728  GAME1 = 30.124  GAME2 = 34.125  GAME3 = 39.290  lr = 1.00e-05  time = 19.7s
[e035 s0001/1030] loss = 0.000704
[e035 s0050/1030] loss = 0.000790
[e035 s0100/1030] loss = 0.001047
[e035 s0150/1030] loss = 0.000850
[e035 s0200/1030] loss = 0.000757
[e035 s0250/1030] loss = 0.000937
[e035 s0300/1030] loss = 0.000880
[e035 s0350/1030] loss = 0.000858
[e035 s0400/1030] loss = 0.000825
[e035 s0450/1030] loss = 0.000778
[e035 s0500/1030] loss = 0.000802
[e035 s0550/1030] loss = 0.000829
[e035 s0600/1030] loss = 0.001133
[e035 s0650/1030] loss = 0.001111
[e035 s0700/1030] loss = 0.001133
[e035 s0750/1030] loss = 0.001099
[e035 s0800/1030] loss = 0.001081
[e035 s0850/1030] loss = 0.001087
[e035 s0900/1030] loss = 0.001059
[e035 s0950/1030] loss = 0.001053
[e035 s1000/1030] loss = 0.001187
Epoch 035: train_loss = 0.001183  MAE/GAME0 = 40.607  RMSE = 66.996  GAME1 = 44.754  GAME2 = 48.806  GAME3 = 51.564  lr = 1.00e-05  time = 20.2s
[e036 s0001/1030] loss = 0.000170
[e036 s0050/1030] loss = 0.000897
[e036 s0100/1030] loss = 0.000767
[e036 s0150/1030] loss = 0.000828
[e036 s0200/1030] loss = 0.000711
[e036 s0250/1030] loss = 0.001321
[e036 s0300/1030] loss = 0.001219
[e036 s0350/1030] loss = 0.001119
[e036 s0400/1030] loss = 0.001079
[e036 s0450/1030] loss = 0.001052
[e036 s0500/1030] loss = 0.001044
[e036 s0550/1030] loss = 0.001026
[e036 s0600/1030] loss = 0.001046
[e036 s0650/1030] loss = 0.001114
[e036 s0700/1030] loss = 0.001095
[e036 s0750/1030] loss = 0.001077
[e036 s0800/1030] loss = 0.001065
[e036 s0850/1030] loss = 0.001034
[e036 s0900/1030] loss = 0.001127
[e036 s0950/1030] loss = 0.001096
[e036 s1000/1030] loss = 0.001077
Epoch 036: train_loss = 0.001105  MAE/GAME0 = 40.969  RMSE = 66.568  GAME1 = 45.527  GAME2 = 49.503  GAME3 = 52.910  lr = 1.00e-05  time = 19.2s
[e037 s0001/1030] loss = 0.000711
[e037 s0050/1030] loss = 0.001101
[e037 s0100/1030] loss = 0.000824
[e037 s0150/1030] loss = 0.000766
[e037 s0200/1030] loss = 0.000681
[e037 s0250/1030] loss = 0.000724
[e037 s0300/1030] loss = 0.000722
[e037 s0350/1030] loss = 0.000794
[e037 s0400/1030] loss = 0.000777
[e037 s0450/1030] loss = 0.000876
[e037 s0500/1030] loss = 0.000886
[e037 s0550/1030] loss = 0.000872
[e037 s0600/1030] loss = 0.000866
[e037 s0650/1030] loss = 0.000865
[e037 s0700/1030] loss = 0.000857
[e037 s0750/1030] loss = 0.000912
[e037 s0800/1030] loss = 0.000921
[e037 s0850/1030] loss = 0.000908
[e037 s0900/1030] loss = 0.000934
[e037 s0950/1030] loss = 0.000924
[e037 s1000/1030] loss = 0.000909
Epoch 037: train_loss = 0.000966  MAE/GAME0 = 57.542  RMSE = 81.840  GAME1 = 57.706  GAME2 = 58.316  GAME3 = 58.911  lr = 1.00e-05  time = 19.3s
[e038 s0001/1030] loss = 0.000868
[e038 s0050/1030] loss = 0.001137
[e038 s0100/1030] loss = 0.000879
[e038 s0150/1030] loss = 0.001058
[e038 s0200/1030] loss = 0.000966
[e038 s0250/1030] loss = 0.001525
[e038 s0300/1030] loss = 0.001376
[e038 s0350/1030] loss = 0.001357
[e038 s0400/1030] loss = 0.001278
[e038 s0450/1030] loss = 0.001202
[e038 s0500/1030] loss = 0.001160
[e038 s0550/1030] loss = 0.001099
[e038 s0600/1030] loss = 0.001111
[e038 s0650/1030] loss = 0.001117
[e038 s0700/1030] loss = 0.001141
[e038 s0750/1030] loss = 0.001152
[e038 s0800/1030] loss = 0.001120
[e038 s0850/1030] loss = 0.001084
[e038 s0900/1030] loss = 0.001131
[e038 s0950/1030] loss = 0.001113
[e038 s1000/1030] loss = 0.001108
Epoch 038: train_loss = 0.001103  MAE/GAME0 = 25.797  RMSE = 52.055  GAME1 = 35.792  GAME2 = 44.114  GAME3 = 49.921  lr = 1.00e-05  time = 19.4s
[e039 s0001/1030] loss = 0.000126
[e039 s0050/1030] loss = 0.002237
[e039 s0100/1030] loss = 0.001629
[e039 s0150/1030] loss = 0.001378
[e039 s0200/1030] loss = 0.001384
[e039 s0250/1030] loss = 0.001351
[e039 s0300/1030] loss = 0.001228
[e039 s0350/1030] loss = 0.001174
[e039 s0400/1030] loss = 0.001118
[e039 s0450/1030] loss = 0.001065
[e039 s0500/1030] loss = 0.001054
[e039 s0550/1030] loss = 0.001046
[e039 s0600/1030] loss = 0.001044
[e039 s0650/1030] loss = 0.001073
[e039 s0700/1030] loss = 0.001061
[e039 s0750/1030] loss = 0.001144
[e039 s0800/1030] loss = 0.001123
[e039 s0850/1030] loss = 0.001085
[e039 s0900/1030] loss = 0.001105
[e039 s0950/1030] loss = 0.001076
[e039 s1000/1030] loss = 0.001091
Epoch 039: train_loss = 0.001081  MAE/GAME0 = 51.693  RMSE = 76.278  GAME1 = 51.907  GAME2 = 52.645  GAME3 = 53.848  lr = 1.00e-05  time = 19.4s
[e040 s0001/1030] loss = 0.000016
[e040 s0050/1030] loss = 0.000688
[e040 s0100/1030] loss = 0.000588
[e040 s0150/1030] loss = 0.000672
[e040 s0200/1030] loss = 0.000742
[e040 s0250/1030] loss = 0.000738
[e040 s0300/1030] loss = 0.000826
[e040 s0350/1030] loss = 0.000802
[e040 s0400/1030] loss = 0.000820
[e040 s0450/1030] loss = 0.000805
[e040 s0500/1030] loss = 0.000790
[e040 s0550/1030] loss = 0.000819
[e040 s0600/1030] loss = 0.000799
[e040 s0650/1030] loss = 0.000782
[e040 s0700/1030] loss = 0.000949
[e040 s0750/1030] loss = 0.000914
[e040 s0800/1030] loss = 0.000898
[e040 s0850/1030] loss = 0.000939
[e040 s0900/1030] loss = 0.000936
[e040 s0950/1030] loss = 0.000929
[e040 s1000/1030] loss = 0.000923
Epoch 040: train_loss = 0.000917  MAE/GAME0 = 53.457  RMSE = 76.519  GAME1 = 53.709  GAME2 = 54.649  GAME3 = 56.107  lr = 1.00e-05  time = 19.4s
[e041 s0001/1030] loss = 0.000802
[e041 s0050/1030] loss = 0.000932
[e041 s0100/1030] loss = 0.000808
[e041 s0150/1030] loss = 0.000716
[e041 s0200/1030] loss = 0.001100
[e041 s0250/1030] loss = 0.001061
[e041 s0300/1030] loss = 0.001013
[e041 s0350/1030] loss = 0.001019
[e041 s0400/1030] loss = 0.000975
[e041 s0450/1030] loss = 0.000938
[e041 s0500/1030] loss = 0.000946
[e041 s0550/1030] loss = 0.000950
[e041 s0600/1030] loss = 0.000919
[e041 s0650/1030] loss = 0.000889
[e041 s0700/1030] loss = 0.000881
[e041 s0750/1030] loss = 0.000907
[e041 s0800/1030] loss = 0.000951
[e041 s0850/1030] loss = 0.000949
[e041 s0900/1030] loss = 0.000931
[e041 s0950/1030] loss = 0.000940
[e041 s1000/1030] loss = 0.000959
Epoch 041: train_loss = 0.000980  MAE/GAME0 = 34.875  RMSE = 63.556  GAME1 = 39.469  GAME2 = 43.668  GAME3 = 47.271  lr = 1.00e-05  time = 19.4s
[e042 s0001/1030] loss = 0.000264
[e042 s0050/1030] loss = 0.001188
[e042 s0100/1030] loss = 0.000843
[e042 s0150/1030] loss = 0.000763
[e042 s0200/1030] loss = 0.000751
[e042 s0250/1030] loss = 0.000744
[e042 s0300/1030] loss = 0.000845
[e042 s0350/1030] loss = 0.000803
[e042 s0400/1030] loss = 0.000758
[e042 s0450/1030] loss = 0.000753
[e042 s0500/1030] loss = 0.000804
[e042 s0550/1030] loss = 0.000805
[e042 s0600/1030] loss = 0.000815
[e042 s0650/1030] loss = 0.000830
[e042 s0700/1030] loss = 0.000887
[e042 s0750/1030] loss = 0.000876
[e042 s0800/1030] loss = 0.000901
[e042 s0850/1030] loss = 0.000909
[e042 s0900/1030] loss = 0.000905
[e042 s0950/1030] loss = 0.000885
[e042 s1000/1030] loss = 0.000867
Epoch 042: train_loss = 0.000858  MAE/GAME0 = 66.021  RMSE = 87.268  GAME1 = 66.021  GAME2 = 66.046  GAME3 = 66.175  lr = 1.00e-05  time = 19.2s
[e043 s0001/1030] loss = 0.000260
[e043 s0050/1030] loss = 0.000566
[e043 s0100/1030] loss = 0.000934
[e043 s0150/1030] loss = 0.000863
[e043 s0200/1030] loss = 0.000887
[e043 s0250/1030] loss = 0.000980
[e043 s0300/1030] loss = 0.000948
[e043 s0350/1030] loss = 0.001019
[e043 s0400/1030] loss = 0.000942
[e043 s0450/1030] loss = 0.001003
[e043 s0500/1030] loss = 0.000979
[e043 s0550/1030] loss = 0.000927
[e043 s0600/1030] loss = 0.000942
[e043 s0650/1030] loss = 0.000919
[e043 s0700/1030] loss = 0.000954
[e043 s0750/1030] loss = 0.000992
[e043 s0800/1030] loss = 0.001038
[e043 s0850/1030] loss = 0.001072
[e043 s0900/1030] loss = 0.001133
[e043 s0950/1030] loss = 0.001124
[e043 s1000/1030] loss = 0.001093
Epoch 043: train_loss = 0.001210  MAE/GAME0 = 44.880  RMSE = 70.582  GAME1 = 46.282  GAME2 = 48.372  GAME3 = 50.775  lr = 1.00e-05  time = 19.2s
[e044 s0001/1030] loss = 0.000037
[e044 s0050/1030] loss = 0.000985
[e044 s0100/1030] loss = 0.000914
[e044 s0150/1030] loss = 0.000785
[e044 s0200/1030] loss = 0.000752
[e044 s0250/1030] loss = 0.000799
[e044 s0300/1030] loss = 0.000798
[e044 s0350/1030] loss = 0.000769
[e044 s0400/1030] loss = 0.000869
[e044 s0450/1030] loss = 0.000887
[e044 s0500/1030] loss = 0.000918
[e044 s0550/1030] loss = 0.000883
[e044 s0600/1030] loss = 0.001021
[e044 s0650/1030] loss = 0.000999
[e044 s0700/1030] loss = 0.000981
[e044 s0750/1030] loss = 0.001033
[e044 s0800/1030] loss = 0.001017
[e044 s0850/1030] loss = 0.001032
[e044 s0900/1030] loss = 0.001049
[e044 s0950/1030] loss = 0.001077
[e044 s1000/1030] loss = 0.001096
Epoch 044: train_loss = 0.001092  MAE/GAME0 = 32.936  RMSE = 53.045  GAME1 = 40.317  GAME2 = 47.389  GAME3 = 53.402  lr = 1.00e-05  time = 19.4s
[e045 s0001/1030] loss = 0.000144
[e045 s0050/1030] loss = 0.000616
[e045 s0100/1030] loss = 0.000701
[e045 s0150/1030] loss = 0.000910
[e045 s0200/1030] loss = 0.000772
[e045 s0250/1030] loss = 0.000721
[e045 s0300/1030] loss = 0.001038
[e045 s0350/1030] loss = 0.001000
[e045 s0400/1030] loss = 0.001109
[e045 s0450/1030] loss = 0.001134
[e045 s0500/1030] loss = 0.001158
[e045 s0550/1030] loss = 0.001148
[e045 s0600/1030] loss = 0.001147
[e045 s0650/1030] loss = 0.001166
[e045 s0700/1030] loss = 0.001133
[e045 s0750/1030] loss = 0.001111
[e045 s0800/1030] loss = 0.001096
[e045 s0850/1030] loss = 0.001107
[e045 s0900/1030] loss = 0.001086
[e045 s0950/1030] loss = 0.001064
[e045 s1000/1030] loss = 0.001047
Epoch 045: train_loss = 0.001028  MAE/GAME0 = 33.304  RMSE = 63.874  GAME1 = 37.396  GAME2 = 41.155  GAME3 = 44.524  lr = 1.00e-05  time = 19.5s
[e046 s0001/1030] loss = 0.000203
[e046 s0050/1030] loss = 0.000551
[e046 s0100/1030] loss = 0.000674
[e046 s0150/1030] loss = 0.000732
[e046 s0200/1030] loss = 0.000723
[e046 s0250/1030] loss = 0.000838
[e046 s0300/1030] loss = 0.000870
[e046 s0350/1030] loss = 0.000888
[e046 s0400/1030] loss = 0.000848
[e046 s0450/1030] loss = 0.000827
[e046 s0500/1030] loss = 0.000803
[e046 s0550/1030] loss = 0.000891
[e046 s0600/1030] loss = 0.000868
[e046 s0650/1030] loss = 0.000841
[e046 s0700/1030] loss = 0.000821
[e046 s0750/1030] loss = 0.000815
[e046 s0800/1030] loss = 0.000954
[e046 s0850/1030] loss = 0.000970
[e046 s0900/1030] loss = 0.000992
[e046 s0950/1030] loss = 0.000992
[e046 s1000/1030] loss = 0.000978
Epoch 046: train_loss = 0.001007  MAE/GAME0 = 36.785  RMSE = 52.881  GAME1 = 45.438  GAME2 = 53.924  GAME3 = 60.841  lr = 1.00e-05  time = 19.5s
[e047 s0001/1030] loss = 0.000615
[e047 s0050/1030] loss = 0.001185
[e047 s0100/1030] loss = 0.001041
[e047 s0150/1030] loss = 0.000914
[e047 s0200/1030] loss = 0.000884
[e047 s0250/1030] loss = 0.000879
[e047 s0300/1030] loss = 0.000837
[e047 s0350/1030] loss = 0.000901
[e047 s0400/1030] loss = 0.000922
[e047 s0450/1030] loss = 0.000927
[e047 s0500/1030] loss = 0.000958
[e047 s0550/1030] loss = 0.000993
[e047 s0600/1030] loss = 0.000969
[e047 s0650/1030] loss = 0.000977
[e047 s0700/1030] loss = 0.000995
[e047 s0750/1030] loss = 0.001056
[e047 s0800/1030] loss = 0.001120
[e047 s0850/1030] loss = 0.001155
[e047 s0900/1030] loss = 0.001131
[e047 s0950/1030] loss = 0.001127
[e047 s1000/1030] loss = 0.001106
Epoch 047: train_loss = 0.001155  MAE/GAME0 = 53.626  RMSE = 78.670  GAME1 = 54.228  GAME2 = 55.368  GAME3 = 56.660  lr = 1.00e-05  time = 19.3s
[e048 s0001/1030] loss = 0.000947
[e048 s0050/1030] loss = 0.002408
[e048 s0100/1030] loss = 0.001628
[e048 s0150/1030] loss = 0.001496
[e048 s0200/1030] loss = 0.001522
[e048 s0250/1030] loss = 0.001684
[e048 s0300/1030] loss = 0.001531
[e048 s0350/1030] loss = 0.001420
[e048 s0400/1030] loss = 0.001309
[e048 s0450/1030] loss = 0.001289
[e048 s0500/1030] loss = 0.001211
[e048 s0550/1030] loss = 0.001225
[e048 s0600/1030] loss = 0.001219
[e048 s0650/1030] loss = 0.001196
[e048 s0700/1030] loss = 0.001154
[e048 s0750/1030] loss = 0.001116
[e048 s0800/1030] loss = 0.001080
[e048 s0850/1030] loss = 0.001044
[e048 s0900/1030] loss = 0.001026
[e048 s0950/1030] loss = 0.001016
[e048 s1000/1030] loss = 0.000998
Epoch 048: train_loss = 0.000986  MAE/GAME0 = 52.987  RMSE = 78.008  GAME1 = 53.654  GAME2 = 54.780  GAME3 = 55.527  lr = 1.00e-05  time = 21.0s
[e049 s0001/1030] loss = 0.000129
[e049 s0050/1030] loss = 0.001400
[e049 s0100/1030] loss = 0.001499
[e049 s0150/1030] loss = 0.001911
[e049 s0200/1030] loss = 0.001785
[e049 s0250/1030] loss = 0.001737
[e049 s0300/1030] loss = 0.001562
[e049 s0350/1030] loss = 0.001438
[e049 s0400/1030] loss = 0.001357
[e049 s0450/1030] loss = 0.001297
[e049 s0500/1030] loss = 0.001311
[e049 s0550/1030] loss = 0.001233
[e049 s0600/1030] loss = 0.001240
[e049 s0650/1030] loss = 0.001228
[e049 s0700/1030] loss = 0.001277
[e049 s0750/1030] loss = 0.001216
[e049 s0800/1030] loss = 0.001204
[e049 s0850/1030] loss = 0.001194
[e049 s0900/1030] loss = 0.001208
[e049 s0950/1030] loss = 0.001191
[e049 s1000/1030] loss = 0.001184
Epoch 049: train_loss = 0.001167  MAE/GAME0 = 51.659  RMSE = 74.389  GAME1 = 52.077  GAME2 = 53.042  GAME3 = 54.355  lr = 1.00e-05  time = 19.3s
[e050 s0001/1030] loss = 0.000358
[e050 s0050/1030] loss = 0.001068
[e050 s0100/1030] loss = 0.001123
[e050 s0150/1030] loss = 0.001073
[e050 s0200/1030] loss = 0.000929
[e050 s0250/1030] loss = 0.000952
[e050 s0300/1030] loss = 0.000973
[e050 s0350/1030] loss = 0.000961
[e050 s0400/1030] loss = 0.000954
[e050 s0450/1030] loss = 0.000970
[e050 s0500/1030] loss = 0.000951
[e050 s0550/1030] loss = 0.000964
[e050 s0600/1030] loss = 0.000935
[e050 s0650/1030] loss = 0.000967
[e050 s0700/1030] loss = 0.000977
[e050 s0750/1030] loss = 0.000949
[e050 s0800/1030] loss = 0.000970
[e050 s0850/1030] loss = 0.001021
[e050 s0900/1030] loss = 0.001029
[e050 s0950/1030] loss = 0.001020
[e050 s1000/1030] loss = 0.000996
Epoch 050: train_loss = 0.000984  MAE/GAME0 = 46.521  RMSE = 72.135  GAME1 = 47.445  GAME2 = 48.970  GAME3 = 50.742  lr = 1.00e-05  time = 19.4s
[e051 s0001/1030] loss = 0.000272
[e051 s0050/1030] loss = 0.001144
[e051 s0100/1030] loss = 0.001004
[e051 s0150/1030] loss = 0.001146
[e051 s0200/1030] loss = 0.001118
[e051 s0250/1030] loss = 0.001162
[e051 s0300/1030] loss = 0.001182
[e051 s0350/1030] loss = 0.001160
[e051 s0400/1030] loss = 0.001138
[e051 s0450/1030] loss = 0.001085
[e051 s0500/1030] loss = 0.001060
[e051 s0550/1030] loss = 0.001061
[e051 s0600/1030] loss = 0.001011
[e051 s0650/1030] loss = 0.001008
[e051 s0700/1030] loss = 0.001018
[e051 s0750/1030] loss = 0.001000
[e051 s0800/1030] loss = 0.000996
[e051 s0850/1030] loss = 0.000995
[e051 s0900/1030] loss = 0.001038
[e051 s0950/1030] loss = 0.001015
[e051 s1000/1030] loss = 0.000985
Epoch 051: train_loss = 0.000972  MAE/GAME0 = 36.812  RMSE = 66.396  GAME1 = 45.442  GAME2 = 53.212  GAME3 = 57.375  lr = 1.00e-05  time = 19.3s
[e052 s0001/1030] loss = 0.000090
[e052 s0050/1030] loss = 0.000897
[e052 s0100/1030] loss = 0.000823
[e052 s0150/1030] loss = 0.001250
[e052 s0200/1030] loss = 0.001146
[e052 s0250/1030] loss = 0.001170
[e052 s0300/1030] loss = 0.001065
[e052 s0350/1030] loss = 0.001093
[e052 s0400/1030] loss = 0.001093
[e052 s0450/1030] loss = 0.001132
[e052 s0500/1030] loss = 0.001112
[e052 s0550/1030] loss = 0.001044
[e052 s0600/1030] loss = 0.001029
[e052 s0650/1030] loss = 0.001003
[e052 s0700/1030] loss = 0.001009
[e052 s0750/1030] loss = 0.001012
[e052 s0800/1030] loss = 0.000993
[e052 s0850/1030] loss = 0.000989
[e052 s0900/1030] loss = 0.000987
[e052 s0950/1030] loss = 0.000972
[e052 s1000/1030] loss = 0.000954
Epoch 052: train_loss = 0.000961  MAE/GAME0 = 31.677  RMSE = 60.922  GAME1 = 36.907  GAME2 = 41.182  GAME3 = 45.616  lr = 1.00e-05  time = 19.5s
[e053 s0001/1030] loss = 0.007611
[e053 s0050/1030] loss = 0.001806
[e053 s0100/1030] loss = 0.001651
[e053 s0150/1030] loss = 0.001278
[e053 s0200/1030] loss = 0.001181
[e053 s0250/1030] loss = 0.001168
[e053 s0300/1030] loss = 0.001073
[e053 s0350/1030] loss = 0.001038
[e053 s0400/1030] loss = 0.000981
[e053 s0450/1030] loss = 0.000962
[e053 s0500/1030] loss = 0.001062
[e053 s0550/1030] loss = 0.001107
[e053 s0600/1030] loss = 0.001087
[e053 s0650/1030] loss = 0.001069
[e053 s0700/1030] loss = 0.001101
[e053 s0750/1030] loss = 0.001077
[e053 s0800/1030] loss = 0.001059
[e053 s0850/1030] loss = 0.001060
[e053 s0900/1030] loss = 0.001084
[e053 s0950/1030] loss = 0.001069
[e053 s1000/1030] loss = 0.001050
Epoch 053: train_loss = 0.001130  MAE/GAME0 = 42.080  RMSE = 71.613  GAME1 = 50.600  GAME2 = 58.500  GAME3 = 62.980  lr = 1.00e-05  time = 19.3s
[e054 s0001/1030] loss = 0.000301
[e054 s0050/1030] loss = 0.001218
[e054 s0100/1030] loss = 0.002353
[e054 s0150/1030] loss = 0.001864
[e054 s0200/1030] loss = 0.001722
[e054 s0250/1030] loss = 0.001617
[e054 s0300/1030] loss = 0.001497
[e054 s0350/1030] loss = 0.001365
[e054 s0400/1030] loss = 0.001335
[e054 s0450/1030] loss = 0.001253
[e054 s0500/1030] loss = 0.001172
[e054 s0550/1030] loss = 0.001171
[e054 s0600/1030] loss = 0.001231
[e054 s0650/1030] loss = 0.001265
[e054 s0700/1030] loss = 0.001222
[e054 s0750/1030] loss = 0.001180
[e054 s0800/1030] loss = 0.001130
[e054 s0850/1030] loss = 0.001141
[e054 s0900/1030] loss = 0.001133
[e054 s0950/1030] loss = 0.001136
[e054 s1000/1030] loss = 0.001117
Epoch 054: train_loss = 0.001109  MAE/GAME0 = 29.602  RMSE = 60.238  GAME1 = 41.822  GAME2 = 51.886  GAME3 = 58.100  lr = 1.00e-05  time = 19.5s
[e055 s0001/1030] loss = 0.000056
[e055 s0050/1030] loss = 0.000671
[e055 s0100/1030] loss = 0.000643
[e055 s0150/1030] loss = 0.000681
[e055 s0200/1030] loss = 0.000748
[e055 s0250/1030] loss = 0.000866
[e055 s0300/1030] loss = 0.000908
[e055 s0350/1030] loss = 0.000989
[e055 s0400/1030] loss = 0.001001
[e055 s0450/1030] loss = 0.001000
[e055 s0500/1030] loss = 0.000960
[e055 s0550/1030] loss = 0.000994
[e055 s0600/1030] loss = 0.001014
[e055 s0650/1030] loss = 0.001025
[e055 s0700/1030] loss = 0.000991
[e055 s0750/1030] loss = 0.000950
[e055 s0800/1030] loss = 0.000967
[e055 s0850/1030] loss = 0.001000
[e055 s0900/1030] loss = 0.000980
[e055 s0950/1030] loss = 0.000984
[e055 s1000/1030] loss = 0.001108
Epoch 055: train_loss = 0.001124  MAE/GAME0 = 70.707  RMSE = 91.229  GAME1 = 70.707  GAME2 = 70.789  GAME3 = 70.994  lr = 1.00e-05  time = 19.3s
[e056 s0001/1030] loss = 0.000133
[e056 s0050/1030] loss = 0.000924
[e056 s0100/1030] loss = 0.001045
[e056 s0150/1030] loss = 0.001027
[e056 s0200/1030] loss = 0.000967
[e056 s0250/1030] loss = 0.000960
[e056 s0300/1030] loss = 0.000953
[e056 s0350/1030] loss = 0.000909
[e056 s0400/1030] loss = 0.000886
[e056 s0450/1030] loss = 0.000848
[e056 s0500/1030] loss = 0.000840
[e056 s0550/1030] loss = 0.000822
[e056 s0600/1030] loss = 0.000871
[e056 s0650/1030] loss = 0.000903
[e056 s0700/1030] loss = 0.000888
[e056 s0750/1030] loss = 0.000878
[e056 s0800/1030] loss = 0.000852
[e056 s0850/1030] loss = 0.001030
[e056 s0900/1030] loss = 0.001047
[e056 s0950/1030] loss = 0.001097
[e056 s1000/1030] loss = 0.001079
Epoch 056: train_loss = 0.001060  MAE/GAME0 = 52.047  RMSE = 76.663  GAME1 = 53.048  GAME2 = 54.536  GAME3 = 55.732  lr = 1.00e-05  time = 19.3s
[e057 s0001/1030] loss = 0.000097
[e057 s0050/1030] loss = 0.000612
[e057 s0100/1030] loss = 0.001313
[e057 s0150/1030] loss = 0.001270
[e057 s0200/1030] loss = 0.001259
[e057 s0250/1030] loss = 0.001132
[e057 s0300/1030] loss = 0.001121
[e057 s0350/1030] loss = 0.001038
[e057 s0400/1030] loss = 0.001061
[e057 s0450/1030] loss = 0.001102
[e057 s0500/1030] loss = 0.001089
[e057 s0550/1030] loss = 0.001082
[e057 s0600/1030] loss = 0.001097
[e057 s0650/1030] loss = 0.001358
[e057 s0700/1030] loss = 0.001324
[e057 s0750/1030] loss = 0.001297
[e057 s0800/1030] loss = 0.001247
[e057 s0850/1030] loss = 0.001249
[e057 s0900/1030] loss = 0.001256
[e057 s0950/1030] loss = 0.001253
[e057 s1000/1030] loss = 0.001221
Epoch 057: train_loss = 0.001202  MAE/GAME0 = 27.883  RMSE = 58.371  GAME1 = 40.228  GAME2 = 50.689  GAME3 = 57.228  lr = 1.00e-05  time = 19.2s
[e058 s0001/1030] loss = 0.000032
[e058 s0050/1030] loss = 0.000365
[e058 s0100/1030] loss = 0.001149
[e058 s0150/1030] loss = 0.001195
[e058 s0200/1030] loss = 0.001080
[e058 s0250/1030] loss = 0.001051
[e058 s0300/1030] loss = 0.001110
[e058 s0350/1030] loss = 0.001098
[e058 s0400/1030] loss = 0.001099
[e058 s0450/1030] loss = 0.001098
[e058 s0500/1030] loss = 0.001080
[e058 s0550/1030] loss = 0.001087
[e058 s0600/1030] loss = 0.001064
[e058 s0650/1030] loss = 0.001076
[e058 s0700/1030] loss = 0.001038
[e058 s0750/1030] loss = 0.001025
[e058 s0800/1030] loss = 0.000989
[e058 s0850/1030] loss = 0.001012
[e058 s0900/1030] loss = 0.000989
[e058 s0950/1030] loss = 0.000966
[e058 s1000/1030] loss = 0.000970
Epoch 058: train_loss = 0.000960  MAE/GAME0 = 27.609  RMSE = 57.174  GAME1 = 37.793  GAME2 = 45.817  GAME3 = 51.870  lr = 1.00e-05  time = 19.4s
[e059 s0001/1030] loss = 0.000044
[e059 s0050/1030] loss = 0.001174
[e059 s0100/1030] loss = 0.001219
[e059 s0150/1030] loss = 0.001378
[e059 s0200/1030] loss = 0.002003
[e059 s0250/1030] loss = 0.001966
[e059 s0300/1030] loss = 0.001929
[e059 s0350/1030] loss = 0.001739
[e059 s0400/1030] loss = 0.001630
[e059 s0450/1030] loss = 0.001539
[e059 s0500/1030] loss = 0.001508
[e059 s0550/1030] loss = 0.001450
[e059 s0600/1030] loss = 0.001412
[e059 s0650/1030] loss = 0.001367
[e059 s0700/1030] loss = 0.001351
[e059 s0750/1030] loss = 0.001306
[e059 s0800/1030] loss = 0.001275
[e059 s0850/1030] loss = 0.001236
[e059 s0900/1030] loss = 0.001201
[e059 s0950/1030] loss = 0.001171
[e059 s1000/1030] loss = 0.001171
Epoch 059: train_loss = 0.001161  MAE/GAME0 = 44.937  RMSE = 71.349  GAME1 = 50.314  GAME2 = 55.775  GAME3 = 59.029  lr = 1.00e-05  time = 19.3s
[e060 s0001/1030] loss = 0.000046
[e060 s0050/1030] loss = 0.001453
[e060 s0100/1030] loss = 0.000948
[e060 s0150/1030] loss = 0.001079
[e060 s0200/1030] loss = 0.000985
[e060 s0250/1030] loss = 0.001725
[e060 s0300/1030] loss = 0.001567
[e060 s0350/1030] loss = 0.001436
[e060 s0400/1030] loss = 0.001362
[e060 s0450/1030] loss = 0.001341
[e060 s0500/1030] loss = 0.001274
[e060 s0550/1030] loss = 0.001241
[e060 s0600/1030] loss = 0.001224
[e060 s0650/1030] loss = 0.001181
[e060 s0700/1030] loss = 0.001205
[e060 s0750/1030] loss = 0.001224
[e060 s0800/1030] loss = 0.001215
[e060 s0850/1030] loss = 0.001188
[e060 s0900/1030] loss = 0.001148
[e060 s0950/1030] loss = 0.001165
[e060 s1000/1030] loss = 0.001138
Epoch 060: train_loss = 0.001122  MAE/GAME0 = 51.495  RMSE = 74.564  GAME1 = 51.715  GAME2 = 52.598  GAME3 = 54.382  lr = 1.00e-05  time = 19.4s
[e061 s0001/1030] loss = 0.000002
[e061 s0050/1030] loss = 0.000519
[e061 s0100/1030] loss = 0.000879
[e061 s0150/1030] loss = 0.000961
[e061 s0200/1030] loss = 0.000972
[e061 s0250/1030] loss = 0.001019
[e061 s0300/1030] loss = 0.001152
[e061 s0350/1030] loss = 0.001167
[e061 s0400/1030] loss = 0.001136
[e061 s0450/1030] loss = 0.001108
[e061 s0500/1030] loss = 0.001071
[e061 s0550/1030] loss = 0.001109
[e061 s0600/1030] loss = 0.001093
[e061 s0650/1030] loss = 0.001077
[e061 s0700/1030] loss = 0.001046
[e061 s0750/1030] loss = 0.001044
[e061 s0800/1030] loss = 0.001017
[e061 s0850/1030] loss = 0.001003
[e061 s0900/1030] loss = 0.000993
[e061 s0950/1030] loss = 0.001030
[e061 s1000/1030] loss = 0.001009
Epoch 061: train_loss = 0.001005  MAE/GAME0 = 33.625  RMSE = 63.754  GAME1 = 41.745  GAME2 = 48.571  GAME3 = 53.308  lr = 1.00e-05  time = 19.2s
[e062 s0001/1030] loss = 0.000421
[e062 s0050/1030] loss = 0.001987
[e062 s0100/1030] loss = 0.001418
[e062 s0150/1030] loss = 0.001146
[e062 s0200/1030] loss = 0.001021
[e062 s0250/1030] loss = 0.001041
[e062 s0300/1030] loss = 0.001045
[e062 s0350/1030] loss = 0.000991
[e062 s0400/1030] loss = 0.000968
[e062 s0450/1030] loss = 0.000915
[e062 s0500/1030] loss = 0.000879
[e062 s0550/1030] loss = 0.000868
[e062 s0600/1030] loss = 0.000870
[e062 s0650/1030] loss = 0.000856
[e062 s0700/1030] loss = 0.000837
[e062 s0750/1030] loss = 0.000974
[e062 s0800/1030] loss = 0.000987
[e062 s0850/1030] loss = 0.000989
[e062 s0900/1030] loss = 0.000980
[e062 s0950/1030] loss = 0.001053
[e062 s1000/1030] loss = 0.001041
Epoch 062: train_loss = 0.001026  MAE/GAME0 = 65.132  RMSE = 86.516  GAME1 = 65.135  GAME2 = 65.174  GAME3 = 65.280  lr = 1.00e-05  time = 19.3s
[e063 s0001/1030] loss = 0.000167
[e063 s0050/1030] loss = 0.001086
[e063 s0100/1030] loss = 0.001022
[e063 s0150/1030] loss = 0.000896
[e063 s0200/1030] loss = 0.000876
[e063 s0250/1030] loss = 0.000893
[e063 s0300/1030] loss = 0.000899
[e063 s0350/1030] loss = 0.000843
[e063 s0400/1030] loss = 0.000896
[e063 s0450/1030] loss = 0.000898
[e063 s0500/1030] loss = 0.000855
[e063 s0550/1030] loss = 0.000844
[e063 s0600/1030] loss = 0.000826
[e063 s0650/1030] loss = 0.000939
[e063 s0700/1030] loss = 0.001043
[e063 s0750/1030] loss = 0.001035
[e063 s0800/1030] loss = 0.001000
[e063 s0850/1030] loss = 0.000974
[e063 s0900/1030] loss = 0.000963
[e063 s0950/1030] loss = 0.000958
[e063 s1000/1030] loss = 0.000964
Epoch 063: train_loss = 0.000962  MAE/GAME0 = 63.844  RMSE = 82.537  GAME1 = 63.844  GAME2 = 63.960  GAME3 = 64.214  lr = 1.00e-05  time = 19.3s
[e064 s0001/1030] loss = 0.003529
[e064 s0050/1030] loss = 0.000942
[e064 s0100/1030] loss = 0.000980
[e064 s0150/1030] loss = 0.001068
[e064 s0200/1030] loss = 0.001147
[e064 s0250/1030] loss = 0.001159
[e064 s0300/1030] loss = 0.001208
[e064 s0350/1030] loss = 0.001152
[e064 s0400/1030] loss = 0.001070
[e064 s0450/1030] loss = 0.001047
[e064 s0500/1030] loss = 0.001069
[e064 s0550/1030] loss = 0.001034
[e064 s0600/1030] loss = 0.001044
[e064 s0650/1030] loss = 0.001012
[e064 s0700/1030] loss = 0.001053
[e064 s0750/1030] loss = 0.001054
[e064 s0800/1030] loss = 0.001043
[e064 s0850/1030] loss = 0.001026
[e064 s0900/1030] loss = 0.001040
[e064 s0950/1030] loss = 0.001018
[e064 s1000/1030] loss = 0.001022
Epoch 064: train_loss = 0.001011  MAE/GAME0 = 42.984  RMSE = 70.368  GAME1 = 46.401  GAME2 = 49.416  GAME3 = 52.705  lr = 1.00e-05  time = 19.3s
[e065 s0001/1030] loss = 0.000274
[e065 s0050/1030] loss = 0.000537
[e065 s0100/1030] loss = 0.000680
[e065 s0150/1030] loss = 0.000692
[e065 s0200/1030] loss = 0.000650
[e065 s0250/1030] loss = 0.000636
[e065 s0300/1030] loss = 0.000623
[e065 s0350/1030] loss = 0.000657
[e065 s0400/1030] loss = 0.000655
[e065 s0450/1030] loss = 0.000652
[e065 s0500/1030] loss = 0.000628
[e065 s0550/1030] loss = 0.000662
[e065 s0600/1030] loss = 0.000687
[e065 s0650/1030] loss = 0.000728
[e065 s0700/1030] loss = 0.000725
[e065 s0750/1030] loss = 0.001064
[e065 s0800/1030] loss = 0.001079
[e065 s0850/1030] loss = 0.001071
[e065 s0900/1030] loss = 0.001088
[e065 s0950/1030] loss = 0.001074
[e065 s1000/1030] loss = 0.001125
Epoch 065: train_loss = 0.001113  MAE/GAME0 = 68.855  RMSE = 87.087  GAME1 = 68.855  GAME2 = 68.929  GAME3 = 69.131  lr = 1.00e-05  time = 19.3s
[e066 s0001/1030] loss = 0.000441
[e066 s0050/1030] loss = 0.000913
[e066 s0100/1030] loss = 0.000779
[e066 s0150/1030] loss = 0.001113
[e066 s0200/1030] loss = 0.001019
[e066 s0250/1030] loss = 0.001045
[e066 s0300/1030] loss = 0.001058
[e066 s0350/1030] loss = 0.001017
[e066 s0400/1030] loss = 0.001050
[e066 s0450/1030] loss = 0.001001
[e066 s0500/1030] loss = 0.001003
[e066 s0550/1030] loss = 0.000983
[e066 s0600/1030] loss = 0.000977
[e066 s0650/1030] loss = 0.000969
[e066 s0700/1030] loss = 0.001027
[e066 s0750/1030] loss = 0.001033
[e066 s0800/1030] loss = 0.001097
[e066 s0850/1030] loss = 0.001113
[e066 s0900/1030] loss = 0.001112
[e066 s0950/1030] loss = 0.001086
[e066 s1000/1030] loss = 0.001057
Epoch 066: train_loss = 0.001053  MAE/GAME0 = 38.131  RMSE = 62.797  GAME1 = 41.328  GAME2 = 44.722  GAME3 = 47.241  lr = 1.00e-05  time = 19.4s
[e067 s0001/1030] loss = 0.000231
[e067 s0050/1030] loss = 0.002480
[e067 s0100/1030] loss = 0.001666
[e067 s0150/1030] loss = 0.001424
[e067 s0200/1030] loss = 0.001362
[e067 s0250/1030] loss = 0.001362
[e067 s0300/1030] loss = 0.001300
[e067 s0350/1030] loss = 0.001250
[e067 s0400/1030] loss = 0.001165
[e067 s0450/1030] loss = 0.001141
[e067 s0500/1030] loss = 0.001093
[e067 s0550/1030] loss = 0.001098
[e067 s0600/1030] loss = 0.001101
[e067 s0650/1030] loss = 0.001114
[e067 s0700/1030] loss = 0.001066
[e067 s0750/1030] loss = 0.001051
[e067 s0800/1030] loss = 0.001105
[e067 s0850/1030] loss = 0.001114
[e067 s0900/1030] loss = 0.001129
[e067 s0950/1030] loss = 0.001095
[e067 s1000/1030] loss = 0.001082
Epoch 067: train_loss = 0.001073  MAE/GAME0 = 26.287  RMSE = 50.022  GAME1 = 41.406  GAME2 = 54.946  GAME3 = 63.055  lr = 1.00e-05  time = 19.4s
[e068 s0001/1030] loss = 0.000786
[e068 s0050/1030] loss = 0.000889
[e068 s0100/1030] loss = 0.000950
[e068 s0150/1030] loss = 0.001038
[e068 s0200/1030] loss = 0.001002
[e068 s0250/1030] loss = 0.000886
[e068 s0300/1030] loss = 0.000854
[e068 s0350/1030] loss = 0.000875
[e068 s0400/1030] loss = 0.000919
[e068 s0450/1030] loss = 0.000972
[e068 s0500/1030] loss = 0.000919
[e068 s0550/1030] loss = 0.000932
[e068 s0600/1030] loss = 0.000973
[e068 s0650/1030] loss = 0.000973
[e068 s0700/1030] loss = 0.000940
[e068 s0750/1030] loss = 0.000939
[e068 s0800/1030] loss = 0.000972
[e068 s0850/1030] loss = 0.000955
[e068 s0900/1030] loss = 0.000933
[e068 s0950/1030] loss = 0.000912
[e068 s1000/1030] loss = 0.000903
Epoch 068: train_loss = 0.000891  MAE/GAME0 = 62.506  RMSE = 83.869  GAME1 = 62.516  GAME2 = 62.570  GAME3 = 62.731  lr = 1.00e-05  time = 19.4s
[e069 s0001/1030] loss = 0.000768
[e069 s0050/1030] loss = 0.000924
[e069 s0100/1030] loss = 0.000861
[e069 s0150/1030] loss = 0.001393
[e069 s0200/1030] loss = 0.001418
[e069 s0250/1030] loss = 0.001437
[e069 s0300/1030] loss = 0.001351
[e069 s0350/1030] loss = 0.001400
[e069 s0400/1030] loss = 0.001305
[e069 s0450/1030] loss = 0.001223
[e069 s0500/1030] loss = 0.001212
[e069 s0550/1030] loss = 0.001215
[e069 s0600/1030] loss = 0.001185
[e069 s0650/1030] loss = 0.001183
[e069 s0700/1030] loss = 0.001170
[e069 s0750/1030] loss = 0.001144
[e069 s0800/1030] loss = 0.001107
[e069 s0850/1030] loss = 0.001103
[e069 s0900/1030] loss = 0.001088
[e069 s0950/1030] loss = 0.001059
[e069 s1000/1030] loss = 0.001046
Epoch 069: train_loss = 0.001189  MAE/GAME0 = 27.061  RMSE = 52.906  GAME1 = 40.488  GAME2 = 51.290  GAME3 = 58.475  lr = 1.00e-05  time = 19.2s
[e070 s0001/1030] loss = 0.001905
[e070 s0050/1030] loss = 0.000757
[e070 s0100/1030] loss = 0.001012
[e070 s0150/1030] loss = 0.000905
[e070 s0200/1030] loss = 0.000928
[e070 s0250/1030] loss = 0.000899
[e070 s0300/1030] loss = 0.000885
[e070 s0350/1030] loss = 0.000844
[e070 s0400/1030] loss = 0.000865
[e070 s0450/1030] loss = 0.000895
[e070 s0500/1030] loss = 0.000884
[e070 s0550/1030] loss = 0.000898
[e070 s0600/1030] loss = 0.000919
[e070 s0650/1030] loss = 0.000914
[e070 s0700/1030] loss = 0.000929
[e070 s0750/1030] loss = 0.000930
[e070 s0800/1030] loss = 0.000926
[e070 s0850/1030] loss = 0.000919
[e070 s0900/1030] loss = 0.000897
[e070 s0950/1030] loss = 0.000871
[e070 s1000/1030] loss = 0.000855
Epoch 070: train_loss = 0.000865  MAE/GAME0 = 41.199  RMSE = 69.231  GAME1 = 47.256  GAME2 = 53.180  GAME3 = 56.798  lr = 1.00e-05  time = 19.4s
[e071 s0001/1030] loss = 0.000109
[e071 s0050/1030] loss = 0.000595
[e071 s0100/1030] loss = 0.000542
[e071 s0150/1030] loss = 0.000716
[e071 s0200/1030] loss = 0.000724
[e071 s0250/1030] loss = 0.000775
[e071 s0300/1030] loss = 0.000881
[e071 s0350/1030] loss = 0.000833
[e071 s0400/1030] loss = 0.000945
[e071 s0450/1030] loss = 0.000920
[e071 s0500/1030] loss = 0.000899
[e071 s0550/1030] loss = 0.000872
[e071 s0600/1030] loss = 0.000896
[e071 s0650/1030] loss = 0.000904
[e071 s0700/1030] loss = 0.000908
[e071 s0750/1030] loss = 0.000926
[e071 s0800/1030] loss = 0.000944
[e071 s0850/1030] loss = 0.000919
[e071 s0900/1030] loss = 0.000921
[e071 s0950/1030] loss = 0.000910
[e071 s1000/1030] loss = 0.000902
Epoch 071: train_loss = 0.000907  MAE/GAME0 = 28.860  RMSE = 57.709  GAME1 = 39.104  GAME2 = 47.602  GAME3 = 53.378  lr = 1.00e-05  time = 19.2s
[e072 s0001/1030] loss = 0.000816
[e072 s0050/1030] loss = 0.000441
[e072 s0100/1030] loss = 0.000813
[e072 s0150/1030] loss = 0.000791
[e072 s0200/1030] loss = 0.001301
[e072 s0250/1030] loss = 0.001202
[e072 s0300/1030] loss = 0.001178
[e072 s0350/1030] loss = 0.001196
[e072 s0400/1030] loss = 0.001137
[e072 s0450/1030] loss = 0.001071
[e072 s0500/1030] loss = 0.001035
[e072 s0550/1030] loss = 0.001010
[e072 s0600/1030] loss = 0.001034
[e072 s0650/1030] loss = 0.001009
[e072 s0700/1030] loss = 0.001083
[e072 s0750/1030] loss = 0.001081
[e072 s0800/1030] loss = 0.001066
[e072 s0850/1030] loss = 0.001029
[e072 s0900/1030] loss = 0.000995
[e072 s0950/1030] loss = 0.000975
[e072 s1000/1030] loss = 0.000980
Epoch 072: train_loss = 0.000976  MAE/GAME0 = 33.495  RMSE = 63.410  GAME1 = 41.498  GAME2 = 47.719  GAME3 = 52.162  lr = 1.00e-05  time = 19.7s
[e073 s0001/1030] loss = 0.000206
[e073 s0050/1030] loss = 0.000695
[e073 s0100/1030] loss = 0.000709
[e073 s0150/1030] loss = 0.000653
[e073 s0200/1030] loss = 0.000619
[e073 s0250/1030] loss = 0.000668
[e073 s0300/1030] loss = 0.000835
[e073 s0350/1030] loss = 0.000934
[e073 s0400/1030] loss = 0.000883
[e073 s0450/1030] loss = 0.000876
[e073 s0500/1030] loss = 0.000906
[e073 s0550/1030] loss = 0.001028
[e073 s0600/1030] loss = 0.001075
[e073 s0650/1030] loss = 0.001035
[e073 s0700/1030] loss = 0.001039
[e073 s0750/1030] loss = 0.001032
[e073 s0800/1030] loss = 0.001079
[e073 s0850/1030] loss = 0.001041
[e073 s0900/1030] loss = 0.001025
[e073 s0950/1030] loss = 0.001002
[e073 s1000/1030] loss = 0.001022
Epoch 073: train_loss = 0.001023  MAE/GAME0 = 43.885  RMSE = 70.782  GAME1 = 48.708  GAME2 = 53.725  GAME3 = 56.827  lr = 1.00e-05  time = 19.6s
[e074 s0001/1030] loss = 0.000308
[e074 s0050/1030] loss = 0.000603
[e074 s0100/1030] loss = 0.000815
[e074 s0150/1030] loss = 0.000722
[e074 s0200/1030] loss = 0.001014
[e074 s0250/1030] loss = 0.000950
[e074 s0300/1030] loss = 0.001027
[e074 s0350/1030] loss = 0.001034
[e074 s0400/1030] loss = 0.001074
[e074 s0450/1030] loss = 0.001149
[e074 s0500/1030] loss = 0.001099
[e074 s0550/1030] loss = 0.001095
[e074 s0600/1030] loss = 0.001085
[e074 s0650/1030] loss = 0.001057
[e074 s0700/1030] loss = 0.001130
[e074 s0750/1030] loss = 0.001110
[e074 s0800/1030] loss = 0.001061
[e074 s0850/1030] loss = 0.001078
[e074 s0900/1030] loss = 0.001070
[e074 s0950/1030] loss = 0.001094
[e074 s1000/1030] loss = 0.001076
Epoch 074: train_loss = 0.001065  MAE/GAME0 = 41.286  RMSE = 68.190  GAME1 = 45.560  GAME2 = 50.115  GAME3 = 53.019  lr = 1.00e-05  time = 19.3s
[e075 s0001/1030] loss = 0.000118
[e075 s0050/1030] loss = 0.000971
[e075 s0100/1030] loss = 0.001040
[e075 s0150/1030] loss = 0.001077
[e075 s0200/1030] loss = 0.001096
[e075 s0250/1030] loss = 0.001163
[e075 s0300/1030] loss = 0.001089
[e075 s0350/1030] loss = 0.001030
[e075 s0400/1030] loss = 0.001143
[e075 s0450/1030] loss = 0.001280
[e075 s0500/1030] loss = 0.001223
[e075 s0550/1030] loss = 0.001185
[e075 s0600/1030] loss = 0.001160
[e075 s0650/1030] loss = 0.001135
[e075 s0700/1030] loss = 0.001108
[e075 s0750/1030] loss = 0.001083
[e075 s0800/1030] loss = 0.001048
[e075 s0850/1030] loss = 0.001070
[e075 s0900/1030] loss = 0.001052
[e075 s0950/1030] loss = 0.001067
[e075 s1000/1030] loss = 0.001042
Epoch 075: train_loss = 0.001024  MAE/GAME0 = 54.926  RMSE = 79.143  GAME1 = 55.943  GAME2 = 57.399  GAME3 = 58.368  lr = 1.00e-05  time = 19.7s
[e076 s0001/1030] loss = 0.000228
[e076 s0050/1030] loss = 0.001462
[e076 s0100/1030] loss = 0.001273
[e076 s0150/1030] loss = 0.001360
[e076 s0200/1030] loss = 0.001311
[e076 s0250/1030] loss = 0.001223
[e076 s0300/1030] loss = 0.001199
[e076 s0350/1030] loss = 0.001178
[e076 s0400/1030] loss = 0.001102
[e076 s0450/1030] loss = 0.001061
[e076 s0500/1030] loss = 0.001248
[e076 s0550/1030] loss = 0.001385
[e076 s0600/1030] loss = 0.001348
[e076 s0650/1030] loss = 0.001312
[e076 s0700/1030] loss = 0.001331
[e076 s0750/1030] loss = 0.001304
[e076 s0800/1030] loss = 0.001299
[e076 s0850/1030] loss = 0.001348
[e076 s0900/1030] loss = 0.001301
[e076 s0950/1030] loss = 0.001275
[e076 s1000/1030] loss = 0.001263
Epoch 076: train_loss = 0.001246  MAE/GAME0 = 42.226  RMSE = 68.934  GAME1 = 45.231  GAME2 = 48.649  GAME3 = 51.190  lr = 1.00e-05  time = 19.6s
[e077 s0001/1030] loss = 0.000289
[e077 s0050/1030] loss = 0.000751
[e077 s0100/1030] loss = 0.001388
[e077 s0150/1030] loss = 0.001278
[e077 s0200/1030] loss = 0.001467
[e077 s0250/1030] loss = 0.001283
[e077 s0300/1030] loss = 0.001172
[e077 s0350/1030] loss = 0.001096
[e077 s0400/1030] loss = 0.001063
[e077 s0450/1030] loss = 0.001016
[e077 s0500/1030] loss = 0.001031
[e077 s0550/1030] loss = 0.001043
[e077 s0600/1030] loss = 0.001046
[e077 s0650/1030] loss = 0.001050
[e077 s0700/1030] loss = 0.001026
[e077 s0750/1030] loss = 0.001115
[e077 s0800/1030] loss = 0.001262
[e077 s0850/1030] loss = 0.001251
[e077 s0900/1030] loss = 0.001223
[e077 s0950/1030] loss = 0.001204
[e077 s1000/1030] loss = 0.001185
Epoch 077: train_loss = 0.001186  MAE/GAME0 = 26.738  RMSE = 52.900  GAME1 = 39.887  GAME2 = 51.227  GAME3 = 58.347  lr = 1.00e-05  time = 19.5s
[e078 s0001/1030] loss = 0.000282
[e078 s0050/1030] loss = 0.000581
[e078 s0100/1030] loss = 0.001639
[e078 s0150/1030] loss = 0.001580
[e078 s0200/1030] loss = 0.001340
[e078 s0250/1030] loss = 0.001238
[e078 s0300/1030] loss = 0.001151
[e078 s0350/1030] loss = 0.001118
[e078 s0400/1030] loss = 0.001197
[e078 s0450/1030] loss = 0.001267
[e078 s0500/1030] loss = 0.001184
[e078 s0550/1030] loss = 0.001215
[e078 s0600/1030] loss = 0.001200
[e078 s0650/1030] loss = 0.001175
[e078 s0700/1030] loss = 0.001144
[e078 s0750/1030] loss = 0.001106
[e078 s0800/1030] loss = 0.001102
[e078 s0850/1030] loss = 0.001121
[e078 s0900/1030] loss = 0.001109
[e078 s0950/1030] loss = 0.001087
[e078 s1000/1030] loss = 0.001086
Epoch 078: train_loss = 0.001078  MAE/GAME0 = 27.929  RMSE = 55.145  GAME1 = 41.352  GAME2 = 52.572  GAME3 = 59.777  lr = 1.00e-05  time = 19.3s
[e079 s0001/1030] loss = 0.000178
[e079 s0050/1030] loss = 0.000558
[e079 s0100/1030] loss = 0.000789
[e079 s0150/1030] loss = 0.000790
[e079 s0200/1030] loss = 0.000834
[e079 s0250/1030] loss = 0.000812
[e079 s0300/1030] loss = 0.000893
[e079 s0350/1030] loss = 0.000928
[e079 s0400/1030] loss = 0.000914
[e079 s0450/1030] loss = 0.000877
[e079 s0500/1030] loss = 0.001049
[e079 s0550/1030] loss = 0.001032
[e079 s0600/1030] loss = 0.001007
[e079 s0650/1030] loss = 0.001043
[e079 s0700/1030] loss = 0.001006
[e079 s0750/1030] loss = 0.000986
[e079 s0800/1030] loss = 0.000999
[e079 s0850/1030] loss = 0.001024
[e079 s0900/1030] loss = 0.001016
[e079 s0950/1030] loss = 0.001021
[e079 s1000/1030] loss = 0.001010
Epoch 079: train_loss = 0.001006  MAE/GAME0 = 52.862  RMSE = 78.349  GAME1 = 57.294  GAME2 = 62.302  GAME3 = 64.920  lr = 1.00e-05  time = 19.2s
[e080 s0001/1030] loss = 0.000362
[e080 s0050/1030] loss = 0.001479
[e080 s0100/1030] loss = 0.001121
[e080 s0150/1030] loss = 0.001089
[e080 s0200/1030] loss = 0.000947
[e080 s0250/1030] loss = 0.001012
[e080 s0300/1030] loss = 0.001013
[e080 s0350/1030] loss = 0.000986
[e080 s0400/1030] loss = 0.000986
[e080 s0450/1030] loss = 0.000940
[e080 s0500/1030] loss = 0.000991
[e080 s0550/1030] loss = 0.001128
[e080 s0600/1030] loss = 0.001075
[e080 s0650/1030] loss = 0.001067
[e080 s0700/1030] loss = 0.001017
[e080 s0750/1030] loss = 0.000987
[e080 s0800/1030] loss = 0.000962
[e080 s0850/1030] loss = 0.000970
[e080 s0900/1030] loss = 0.001032
[e080 s0950/1030] loss = 0.001026
[e080 s1000/1030] loss = 0.001009
Epoch 080: train_loss = 0.001026  MAE/GAME0 = 45.098  RMSE = 66.473  GAME1 = 45.638  GAME2 = 46.873  GAME3 = 48.653  lr = 1.00e-05  time = 19.3s
[e081 s0001/1030] loss = 0.000075
[e081 s0050/1030] loss = 0.003698
[e081 s0100/1030] loss = 0.002285
[e081 s0150/1030] loss = 0.001833
[e081 s0200/1030] loss = 0.001638
[e081 s0250/1030] loss = 0.001530
[e081 s0300/1030] loss = 0.001563
[e081 s0350/1030] loss = 0.001404
[e081 s0400/1030] loss = 0.001386
[e081 s0450/1030] loss = 0.001311
[e081 s0500/1030] loss = 0.001252
[e081 s0550/1030] loss = 0.001199
[e081 s0600/1030] loss = 0.001233
[e081 s0650/1030] loss = 0.001206
[e081 s0700/1030] loss = 0.001169
[e081 s0750/1030] loss = 0.001129
[e081 s0800/1030] loss = 0.001108
[e081 s0850/1030] loss = 0.001090
[e081 s0900/1030] loss = 0.001066
[e081 s0950/1030] loss = 0.001089
[e081 s1000/1030] loss = 0.001061
Epoch 081: train_loss = 0.001050  MAE/GAME0 = 30.723  RMSE = 61.328  GAME1 = 40.822  GAME2 = 49.223  GAME3 = 54.570  lr = 1.00e-05  time = 19.3s
[e082 s0001/1030] loss = 0.000102
[e082 s0050/1030] loss = 0.001065
[e082 s0100/1030] loss = 0.001071
[e082 s0150/1030] loss = 0.001265
[e082 s0200/1030] loss = 0.001619
[e082 s0250/1030] loss = 0.001445
[e082 s0300/1030] loss = 0.001321
[e082 s0350/1030] loss = 0.001260
[e082 s0400/1030] loss = 0.001214
[e082 s0450/1030] loss = 0.001220
[e082 s0500/1030] loss = 0.001220
[e082 s0550/1030] loss = 0.001240
[e082 s0600/1030] loss = 0.001185
[e082 s0650/1030] loss = 0.001204
[e082 s0700/1030] loss = 0.001192
[e082 s0750/1030] loss = 0.001156
[e082 s0800/1030] loss = 0.001174
[e082 s0850/1030] loss = 0.001146
[e082 s0900/1030] loss = 0.001122
[e082 s0950/1030] loss = 0.001125
[e082 s1000/1030] loss = 0.001107
Epoch 082: train_loss = 0.001091  MAE/GAME0 = 36.573  RMSE = 64.765  GAME1 = 43.730  GAME2 = 50.308  GAME3 = 54.442  lr = 1.00e-05  time = 19.2s
[e083 s0001/1030] loss = 0.000326
[e083 s0050/1030] loss = 0.000485
[e083 s0100/1030] loss = 0.000531
[e083 s0150/1030] loss = 0.000752
[e083 s0200/1030] loss = 0.000755
[e083 s0250/1030] loss = 0.000789
[e083 s0300/1030] loss = 0.000704
[e083 s0350/1030] loss = 0.000779
[e083 s0400/1030] loss = 0.001037
[e083 s0450/1030] loss = 0.001059
[e083 s0500/1030] loss = 0.001041
[e083 s0550/1030] loss = 0.001130
[e083 s0600/1030] loss = 0.001143
[e083 s0650/1030] loss = 0.001106
[e083 s0700/1030] loss = 0.001079
[e083 s0750/1030] loss = 0.001046
[e083 s0800/1030] loss = 0.001054
[e083 s0850/1030] loss = 0.001062
[e083 s0900/1030] loss = 0.001076
[e083 s0950/1030] loss = 0.001047
[e083 s1000/1030] loss = 0.001026
Epoch 083: train_loss = 0.001013  MAE/GAME0 = 47.895  RMSE = 73.634  GAME1 = 49.996  GAME2 = 52.839  GAME3 = 54.522  lr = 1.00e-05  time = 19.5s
[e084 s0001/1030] loss = 0.000093
[e084 s0050/1030] loss = 0.000386
[e084 s0100/1030] loss = 0.000386
[e084 s0150/1030] loss = 0.000746
[e084 s0200/1030] loss = 0.000740
[e084 s0250/1030] loss = 0.000771
[e084 s0300/1030] loss = 0.000824
[e084 s0350/1030] loss = 0.000821
[e084 s0400/1030] loss = 0.000801
[e084 s0450/1030] loss = 0.000758
[e084 s0500/1030] loss = 0.000742
[e084 s0550/1030] loss = 0.000735
[e084 s0600/1030] loss = 0.000739
[e084 s0650/1030] loss = 0.000775
[e084 s0700/1030] loss = 0.000760
[e084 s0750/1030] loss = 0.000776
[e084 s0800/1030] loss = 0.000801
[e084 s0850/1030] loss = 0.000789
[e084 s0900/1030] loss = 0.000783
[e084 s0950/1030] loss = 0.000822
[e084 s1000/1030] loss = 0.000908
Epoch 084: train_loss = 0.000898  MAE/GAME0 = 61.688  RMSE = 84.864  GAME1 = 61.707  GAME2 = 61.797  GAME3 = 62.050  lr = 1.00e-05  time = 19.3s
[e085 s0001/1030] loss = 0.000234
[e085 s0050/1030] loss = 0.001064
[e085 s0100/1030] loss = 0.001124
[e085 s0150/1030] loss = 0.001026
[e085 s0200/1030] loss = 0.000978
[e085 s0250/1030] loss = 0.001132
[e085 s0300/1030] loss = 0.001145
[e085 s0350/1030] loss = 0.001047
[e085 s0400/1030] loss = 0.000997
[e085 s0450/1030] loss = 0.001038
[e085 s0500/1030] loss = 0.001032
[e085 s0550/1030] loss = 0.001035
[e085 s0600/1030] loss = 0.001023
[e085 s0650/1030] loss = 0.000990
[e085 s0700/1030] loss = 0.000968
[e085 s0750/1030] loss = 0.000960
[e085 s0800/1030] loss = 0.000942
[e085 s0850/1030] loss = 0.000923
[e085 s0900/1030] loss = 0.000927
[e085 s0950/1030] loss = 0.000974
[e085 s1000/1030] loss = 0.000980
Epoch 085: train_loss = 0.001015  MAE/GAME0 = 51.525  RMSE = 75.000  GAME1 = 51.675  GAME2 = 52.238  GAME3 = 53.066  lr = 1.00e-05  time = 19.2s
[e086 s0001/1030] loss = 0.000041
[e086 s0050/1030] loss = 0.001566
[e086 s0100/1030] loss = 0.001138
[e086 s0150/1030] loss = 0.001139
[e086 s0200/1030] loss = 0.001002
[e086 s0250/1030] loss = 0.000920
[e086 s0300/1030] loss = 0.000965
[e086 s0350/1030] loss = 0.000944
[e086 s0400/1030] loss = 0.001007
[e086 s0450/1030] loss = 0.001047
[e086 s0500/1030] loss = 0.001018
[e086 s0550/1030] loss = 0.001013
[e086 s0600/1030] loss = 0.001008
[e086 s0650/1030] loss = 0.000989
[e086 s0700/1030] loss = 0.000974
[e086 s0750/1030] loss = 0.000999
[e086 s0800/1030] loss = 0.000970
[e086 s0850/1030] loss = 0.000958
[e086 s0900/1030] loss = 0.000936
[e086 s0950/1030] loss = 0.000966
[e086 s1000/1030] loss = 0.000956
Epoch 086: train_loss = 0.000960  MAE/GAME0 = 58.267  RMSE = 81.314  GAME1 = 58.296  GAME2 = 58.438  GAME3 = 58.774  lr = 1.00e-05  time = 19.4s
[e087 s0001/1030] loss = 0.000624
[e087 s0050/1030] loss = 0.001137
[e087 s0100/1030] loss = 0.001300
[e087 s0150/1030] loss = 0.001174
[e087 s0200/1030] loss = 0.001201
[e087 s0250/1030] loss = 0.001165
[e087 s0300/1030] loss = 0.001214
[e087 s0350/1030] loss = 0.001143
[e087 s0400/1030] loss = 0.001177
[e087 s0450/1030] loss = 0.001143
[e087 s0500/1030] loss = 0.001233
[e087 s0550/1030] loss = 0.001331
[e087 s0600/1030] loss = 0.001317
[e087 s0650/1030] loss = 0.001273
[e087 s0700/1030] loss = 0.001221
[e087 s0750/1030] loss = 0.001179
[e087 s0800/1030] loss = 0.001145
[e087 s0850/1030] loss = 0.001133
[e087 s0900/1030] loss = 0.001099
[e087 s0950/1030] loss = 0.001092
[e087 s1000/1030] loss = 0.001087
Epoch 087: train_loss = 0.001072  MAE/GAME0 = 63.178  RMSE = 84.659  GAME1 = 63.201  GAME2 = 63.287  GAME3 = 63.497  lr = 1.00e-05  time = 19.4s
[e088 s0001/1030] loss = 0.000298
[e088 s0050/1030] loss = 0.000591
[e088 s0100/1030] loss = 0.000671
[e088 s0150/1030] loss = 0.000690
[e088 s0200/1030] loss = 0.000754
[e088 s0250/1030] loss = 0.000696
[e088 s0300/1030] loss = 0.000791
[e088 s0350/1030] loss = 0.000867
[e088 s0400/1030] loss = 0.000928
[e088 s0450/1030] loss = 0.000904
[e088 s0500/1030] loss = 0.000880
[e088 s0550/1030] loss = 0.000854
[e088 s0600/1030] loss = 0.000825
[e088 s0650/1030] loss = 0.000809
[e088 s0700/1030] loss = 0.000786
[e088 s0750/1030] loss = 0.000775
[e088 s0800/1030] loss = 0.000772
[e088 s0850/1030] loss = 0.001008
[e088 s0900/1030] loss = 0.001011
[e088 s0950/1030] loss = 0.001022
[e088 s1000/1030] loss = 0.001046
Epoch 088: train_loss = 0.001046  MAE/GAME0 = 37.904  RMSE = 65.666  GAME1 = 45.598  GAME2 = 52.878  GAME3 = 57.120  lr = 1.00e-05  time = 19.6s
[e089 s0001/1030] loss = 0.000295
[e089 s0050/1030] loss = 0.000658
[e089 s0100/1030] loss = 0.000816
[e089 s0150/1030] loss = 0.000803
[e089 s0200/1030] loss = 0.000799
[e089 s0250/1030] loss = 0.000858
[e089 s0300/1030] loss = 0.001404
[e089 s0350/1030] loss = 0.001271
[e089 s0400/1030] loss = 0.001213
[e089 s0450/1030] loss = 0.001242
[e089 s0500/1030] loss = 0.001187
[e089 s0550/1030] loss = 0.001122
[e089 s0600/1030] loss = 0.001095
[e089 s0650/1030] loss = 0.001069
[e089 s0700/1030] loss = 0.001035
[e089 s0750/1030] loss = 0.001004
[e089 s0800/1030] loss = 0.001032
[e089 s0850/1030] loss = 0.001058
[e089 s0900/1030] loss = 0.001049
[e089 s0950/1030] loss = 0.001043
[e089 s1000/1030] loss = 0.001055
Epoch 089: train_loss = 0.001050  MAE/GAME0 = 29.191  RMSE = 57.057  GAME1 = 44.789  GAME2 = 57.443  GAME3 = 64.594  lr = 1.00e-05  time = 19.2s
[e090 s0001/1030] loss = 0.000135
[e090 s0050/1030] loss = 0.000517
[e090 s0100/1030] loss = 0.000807
[e090 s0150/1030] loss = 0.000811
[e090 s0200/1030] loss = 0.001060
[e090 s0250/1030] loss = 0.001054
[e090 s0300/1030] loss = 0.000991
[e090 s0350/1030] loss = 0.001043
[e090 s0400/1030] loss = 0.000998
[e090 s0450/1030] loss = 0.000998
[e090 s0500/1030] loss = 0.001016
[e090 s0550/1030] loss = 0.001062
[e090 s0600/1030] loss = 0.001028
[e090 s0650/1030] loss = 0.001024
[e090 s0700/1030] loss = 0.001027
[e090 s0750/1030] loss = 0.001031
[e090 s0800/1030] loss = 0.000999
[e090 s0850/1030] loss = 0.001017
[e090 s0900/1030] loss = 0.001017
[e090 s0950/1030] loss = 0.001013
[e090 s1000/1030] loss = 0.001064
Epoch 090: train_loss = 0.001070  MAE/GAME0 = 25.411  RMSE = 51.798  GAME1 = 37.729  GAME2 = 47.625  GAME3 = 54.511  lr = 1.00e-05  time = 19.4s
[e091 s0001/1030] loss = 0.000157
[e091 s0050/1030] loss = 0.000775
[e091 s0100/1030] loss = 0.000892
[e091 s0150/1030] loss = 0.000916
[e091 s0200/1030] loss = 0.000978
[e091 s0250/1030] loss = 0.000971
[e091 s0300/1030] loss = 0.001005
[e091 s0350/1030] loss = 0.001069
[e091 s0400/1030] loss = 0.001028
[e091 s0450/1030] loss = 0.001095
[e091 s0500/1030] loss = 0.001121
[e091 s0550/1030] loss = 0.001098
[e091 s0600/1030] loss = 0.001062
[e091 s0650/1030] loss = 0.001022
[e091 s0700/1030] loss = 0.001049
[e091 s0750/1030] loss = 0.001019
[e091 s0800/1030] loss = 0.001039
[e091 s0850/1030] loss = 0.001035
[e091 s0900/1030] loss = 0.001044
[e091 s0950/1030] loss = 0.001077
[e091 s1000/1030] loss = 0.001053
Epoch 091: train_loss = 0.001054  MAE/GAME0 = 33.739  RMSE = 62.555  GAME1 = 41.924  GAME2 = 48.756  GAME3 = 53.223  lr = 1.00e-05  time = 19.2s
[e092 s0001/1030] loss = 0.003021
[e092 s0050/1030] loss = 0.001046
[e092 s0100/1030] loss = 0.001510
[e092 s0150/1030] loss = 0.002397
[e092 s0200/1030] loss = 0.001968
[e092 s0250/1030] loss = 0.001934
[e092 s0300/1030] loss = 0.001706
[e092 s0350/1030] loss = 0.001628
[e092 s0400/1030] loss = 0.001670
[e092 s0450/1030] loss = 0.001633
[e092 s0500/1030] loss = 0.001555
[e092 s0550/1030] loss = 0.001468
[e092 s0600/1030] loss = 0.001419
[e092 s0650/1030] loss = 0.001417
[e092 s0700/1030] loss = 0.001363
[e092 s0750/1030] loss = 0.001303
[e092 s0800/1030] loss = 0.001257
[e092 s0850/1030] loss = 0.001253
[e092 s0900/1030] loss = 0.001223
[e092 s0950/1030] loss = 0.001231
[e092 s1000/1030] loss = 0.001229
Epoch 092: train_loss = 0.001220  MAE/GAME0 = 57.647  RMSE = 81.278  GAME1 = 57.793  GAME2 = 58.322  GAME3 = 59.279  lr = 1.00e-05  time = 19.3s
[e093 s0001/1030] loss = 0.001485
[e093 s0050/1030] loss = 0.001595
[e093 s0100/1030] loss = 0.001051
[e093 s0150/1030] loss = 0.000915
[e093 s0200/1030] loss = 0.000922
[e093 s0250/1030] loss = 0.001155
[e093 s0300/1030] loss = 0.001206
[e093 s0350/1030] loss = 0.001135
[e093 s0400/1030] loss = 0.001107
[e093 s0450/1030] loss = 0.001048
[e093 s0500/1030] loss = 0.001089
[e093 s0550/1030] loss = 0.001099
[e093 s0600/1030] loss = 0.001129
[e093 s0650/1030] loss = 0.001121
[e093 s0700/1030] loss = 0.001120
[e093 s0750/1030] loss = 0.001099
[e093 s0800/1030] loss = 0.001074
[e093 s0850/1030] loss = 0.001063
[e093 s0900/1030] loss = 0.001059
[e093 s0950/1030] loss = 0.001032
[e093 s1000/1030] loss = 0.001012
Epoch 093: train_loss = 0.001011  MAE/GAME0 = 59.665  RMSE = 83.893  GAME1 = 60.007  GAME2 = 60.717  GAME3 = 61.164  lr = 1.00e-05  time = 19.2s
[e094 s0001/1030] loss = 0.000134
[e094 s0050/1030] loss = 0.001502
[e094 s0100/1030] loss = 0.001100
[e094 s0150/1030] loss = 0.000996
[e094 s0200/1030] loss = 0.002045
[e094 s0250/1030] loss = 0.001803
[e094 s0300/1030] loss = 0.001837
[e094 s0350/1030] loss = 0.001806
[e094 s0400/1030] loss = 0.001649
[e094 s0450/1030] loss = 0.001537
[e094 s0500/1030] loss = 0.001468
[e094 s0550/1030] loss = 0.001461
[e094 s0600/1030] loss = 0.001402
[e094 s0650/1030] loss = 0.001346
[e094 s0700/1030] loss = 0.001308
[e094 s0750/1030] loss = 0.001298
[e094 s0800/1030] loss = 0.001259
[e094 s0850/1030] loss = 0.001208
[e094 s0900/1030] loss = 0.001165
[e094 s0950/1030] loss = 0.001186
[e094 s1000/1030] loss = 0.001217
Epoch 094: train_loss = 0.001211  MAE/GAME0 = 27.253  RMSE = 53.588  GAME1 = 37.691  GAME2 = 46.595  GAME3 = 53.007  lr = 1.00e-05  time = 19.3s
[e095 s0001/1030] loss = 0.000405
[e095 s0050/1030] loss = 0.002139
[e095 s0100/1030] loss = 0.001393
[e095 s0150/1030] loss = 0.001160
[e095 s0200/1030] loss = 0.001031
[e095 s0250/1030] loss = 0.000964
[e095 s0300/1030] loss = 0.000926
[e095 s0350/1030] loss = 0.000940
[e095 s0400/1030] loss = 0.001029
[e095 s0450/1030] loss = 0.001053
[e095 s0500/1030] loss = 0.001166
[e095 s0550/1030] loss = 0.001138
[e095 s0600/1030] loss = 0.001168
[e095 s0650/1030] loss = 0.001126
[e095 s0700/1030] loss = 0.001098
[e095 s0750/1030] loss = 0.001104
[e095 s0800/1030] loss = 0.001207
[e095 s0850/1030] loss = 0.001225
[e095 s0900/1030] loss = 0.001237
[e095 s0950/1030] loss = 0.001222
[e095 s1000/1030] loss = 0.001213
Epoch 095: train_loss = 0.001231  MAE/GAME0 = 33.506  RMSE = 62.450  GAME1 = 43.865  GAME2 = 52.278  GAME3 = 57.565  lr = 1.00e-05  time = 19.2s
[e096 s0001/1030] loss = 0.000099
[e096 s0050/1030] loss = 0.000724
[e096 s0100/1030] loss = 0.000629
[e096 s0150/1030] loss = 0.000869
[e096 s0200/1030] loss = 0.000848
[e096 s0250/1030] loss = 0.000867
[e096 s0300/1030] loss = 0.000829
[e096 s0350/1030] loss = 0.000935
[e096 s0400/1030] loss = 0.000903
[e096 s0450/1030] loss = 0.000896
[e096 s0500/1030] loss = 0.000888
[e096 s0550/1030] loss = 0.000893
[e096 s0600/1030] loss = 0.000953
[e096 s0650/1030] loss = 0.000953
[e096 s0700/1030] loss = 0.000947
[e096 s0750/1030] loss = 0.000967
[e096 s0800/1030] loss = 0.000963
[e096 s0850/1030] loss = 0.000949
[e096 s0900/1030] loss = 0.000931
[e096 s0950/1030] loss = 0.000948
[e096 s1000/1030] loss = 0.000967
Epoch 096: train_loss = 0.000958  MAE/GAME0 = 52.979  RMSE = 77.420  GAME1 = 54.219  GAME2 = 56.138  GAME3 = 57.227  lr = 1.00e-05  time = 19.8s
[e097 s0001/1030] loss = 0.000386
[e097 s0050/1030] loss = 0.000635
[e097 s0100/1030] loss = 0.000765
[e097 s0150/1030] loss = 0.000785
[e097 s0200/1030] loss = 0.000783
[e097 s0250/1030] loss = 0.000913
[e097 s0300/1030] loss = 0.000886
[e097 s0350/1030] loss = 0.000989
[e097 s0400/1030] loss = 0.001011
[e097 s0450/1030] loss = 0.000985
[e097 s0500/1030] loss = 0.000978
[e097 s0550/1030] loss = 0.001044
[e097 s0600/1030] loss = 0.001044
[e097 s0650/1030] loss = 0.001028
[e097 s0700/1030] loss = 0.001137
[e097 s0750/1030] loss = 0.001108
[e097 s0800/1030] loss = 0.001077
[e097 s0850/1030] loss = 0.001059
[e097 s0900/1030] loss = 0.001059
[e097 s0950/1030] loss = 0.001028
[e097 s1000/1030] loss = 0.001014
Epoch 097: train_loss = 0.000998  MAE/GAME0 = 34.936  RMSE = 63.460  GAME1 = 41.611  GAME2 = 47.483  GAME3 = 51.501  lr = 1.00e-05  time = 19.2s
[e098 s0001/1030] loss = 0.000062
[e098 s0050/1030] loss = 0.000870
[e098 s0100/1030] loss = 0.001410
[e098 s0150/1030] loss = 0.001356
[e098 s0200/1030] loss = 0.001412
[e098 s0250/1030] loss = 0.001381
[e098 s0300/1030] loss = 0.001278
[e098 s0350/1030] loss = 0.001168
[e098 s0400/1030] loss = 0.001074
[e098 s0450/1030] loss = 0.001052
[e098 s0500/1030] loss = 0.001017
[e098 s0550/1030] loss = 0.001013
[e098 s0600/1030] loss = 0.000988
[e098 s0650/1030] loss = 0.000990
[e098 s0700/1030] loss = 0.000970
[e098 s0750/1030] loss = 0.000995
[e098 s0800/1030] loss = 0.001021
[e098 s0850/1030] loss = 0.001012
[e098 s0900/1030] loss = 0.001000
[e098 s0950/1030] loss = 0.000979
[e098 s1000/1030] loss = 0.001031
Epoch 098: train_loss = 0.001035  MAE/GAME0 = 29.560  RMSE = 52.788  GAME1 = 41.374  GAME2 = 51.446  GAME3 = 58.454  lr = 1.00e-05  time = 19.3s
[e099 s0001/1030] loss = 0.000794
[e099 s0050/1030] loss = 0.000879
[e099 s0100/1030] loss = 0.000714
[e099 s0150/1030] loss = 0.000740
[e099 s0200/1030] loss = 0.001405
[e099 s0250/1030] loss = 0.001304
[e099 s0300/1030] loss = 0.001213
[e099 s0350/1030] loss = 0.001169
[e099 s0400/1030] loss = 0.001179
[e099 s0450/1030] loss = 0.001164
[e099 s0500/1030] loss = 0.001094
[e099 s0550/1030] loss = 0.001072
[e099 s0600/1030] loss = 0.001262
[e099 s0650/1030] loss = 0.001231
[e099 s0700/1030] loss = 0.001212
[e099 s0750/1030] loss = 0.001174
[e099 s0800/1030] loss = 0.001188
[e099 s0850/1030] loss = 0.001165
[e099 s0900/1030] loss = 0.001155
[e099 s0950/1030] loss = 0.001156
[e099 s1000/1030] loss = 0.001179
Epoch 099: train_loss = 0.001160  MAE/GAME0 = 40.852  RMSE = 65.702  GAME1 = 45.791  GAME2 = 51.184  GAME3 = 54.371  lr = 1.00e-05  time = 19.5s
[e100 s0001/1030] loss = 0.000036
[e100 s0050/1030] loss = 0.000541
[e100 s0100/1030] loss = 0.000545
[e100 s0150/1030] loss = 0.000625
[e100 s0200/1030] loss = 0.000633
[e100 s0250/1030] loss = 0.000690
[e100 s0300/1030] loss = 0.000963
[e100 s0350/1030] loss = 0.000947
[e100 s0400/1030] loss = 0.001003
[e100 s0450/1030] loss = 0.000974
[e100 s0500/1030] loss = 0.000961
[e100 s0550/1030] loss = 0.000926
[e100 s0600/1030] loss = 0.000893
[e100 s0650/1030] loss = 0.000996
[e100 s0700/1030] loss = 0.001017
[e100 s0750/1030] loss = 0.001012
[e100 s0800/1030] loss = 0.001038
[e100 s0850/1030] loss = 0.001018
[e100 s0900/1030] loss = 0.001012
[e100 s0950/1030] loss = 0.001129
[e100 s1000/1030] loss = 0.001145
Epoch 100: train_loss = 0.001148  MAE/GAME0 = 31.669  RMSE = 60.138  GAME1 = 39.115  GAME2 = 44.928  GAME3 = 49.352  lr = 1.00e-05  time = 19.2s
[done] best_mae = 25.411  best_path = /scratch/users/ntu/kenneth0/FYP-SmartObjectCounter/outputs/rgbt_adaptive_late_e100_sanity/12750456.pbs101_20260117_124411/best.pth
