[log] /scratch/users/ntu/kenneth0/FYP-SmartObjectCounter/logs/train_rgbt_late_e100_12735449.pbs101_20260114_143413.log
[init] device = cuda
[init] train = 1030  val = 200  workers = 4
[e001 s0001/1030] loss = 4538.189453
[e001 s0050/1030] loss = 1436.838011
[e001 s0100/1030] loss = 722.866264
[e001 s0150/1030] loss = 482.039114
[e001 s0200/1030] loss = 361.535568
[e001 s0250/1030] loss = 289.229221
[e001 s0300/1030] loss = 241.024705
[e001 s0350/1030] loss = 206.592804
[e001 s0400/1030] loss = 180.768886
[e001 s0450/1030] loss = 160.683606
[e001 s0500/1030] loss = 144.615384
[e001 s0550/1030] loss = 131.468607
[e001 s0600/1030] loss = 120.512983
[e001 s0650/1030] loss = 111.242817
[e001 s0700/1030] loss = 103.296970
[e001 s0750/1030] loss = 96.410562
[e001 s0800/1030] loss = 90.384954
[e001 s0850/1030] loss = 85.068232
[e001 s0900/1030] loss = 80.342254
[e001 s0950/1030] loss = 76.113762
[e001 s1000/1030] loss = 72.308124
-> saved late_best.pth (MAE/GAME0 51.23)
Epoch 001: train_loss = 70.202092  MAE/GAME0 = 51.23  RMSE = 71.33  GAME1 = 17.01  GAME2 = 5.79  GAME3 = 1.73  lr = 1.00e-05  time = 166.1s
[e002 s0001/1030] loss = 0.000597
[e002 s0050/1030] loss = 0.001651
[e002 s0100/1030] loss = 0.001101
[e002 s0150/1030] loss = 0.000918
[e002 s0200/1030] loss = 0.000787
[e002 s0250/1030] loss = 0.000809
[e002 s0300/1030] loss = 0.000820
[e002 s0350/1030] loss = 0.000783
[e002 s0400/1030] loss = 0.000798
[e002 s0450/1030] loss = 0.000765
[e002 s0500/1030] loss = 0.000786
[e002 s0550/1030] loss = 0.000796
[e002 s0600/1030] loss = 0.000777
[e002 s0650/1030] loss = 0.000747
[e002 s0700/1030] loss = 0.000715
[e002 s0750/1030] loss = 0.000686
[e002 s0800/1030] loss = 0.000685
[e002 s0850/1030] loss = 0.000681
[e002 s0900/1030] loss = 0.000667
[e002 s0950/1030] loss = 0.000740
[e002 s1000/1030] loss = 0.000743
-> saved late_best.pth (MAE/GAME0 37.61)
Epoch 002: train_loss = 0.000734  MAE/GAME0 = 37.61  RMSE = 72.77  GAME1 = 13.63  GAME2 = 4.72  GAME3 = 1.43  lr = 1.00e-05  time = 49.6s
[e003 s0001/1030] loss = 0.000065
[e003 s0050/1030] loss = 0.000410
[e003 s0100/1030] loss = 0.000676
[e003 s0150/1030] loss = 0.000817
[e003 s0200/1030] loss = 0.000724
[e003 s0250/1030] loss = 0.000832
[e003 s0300/1030] loss = 0.000884
[e003 s0350/1030] loss = 0.000878
[e003 s0400/1030] loss = 0.000814
[e003 s0450/1030] loss = 0.000757
[e003 s0500/1030] loss = 0.000733
[e003 s0550/1030] loss = 0.000749
[e003 s0600/1030] loss = 0.000723
[e003 s0650/1030] loss = 0.000705
[e003 s0700/1030] loss = 0.000803
[e003 s0750/1030] loss = 0.000797
[e003 s0800/1030] loss = 0.000802
[e003 s0850/1030] loss = 0.000789
[e003 s0900/1030] loss = 0.000774
[e003 s0950/1030] loss = 0.000763
[e003 s1000/1030] loss = 0.000743
Epoch 003: train_loss = 0.000734  MAE/GAME0 = 39.68  RMSE = 69.15  GAME1 = 13.46  GAME2 = 4.55  GAME3 = 1.40  lr = 1.00e-05  time = 47.9s
[e004 s0001/1030] loss = 0.000083
[e004 s0050/1030] loss = 0.000989
[e004 s0100/1030] loss = 0.000634
[e004 s0150/1030] loss = 0.000529
[e004 s0200/1030] loss = 0.000473
[e004 s0250/1030] loss = 0.000854
[e004 s0300/1030] loss = 0.000797
[e004 s0350/1030] loss = 0.000764
[e004 s0400/1030] loss = 0.000708
[e004 s0450/1030] loss = 0.000939
[e004 s0500/1030] loss = 0.000889
[e004 s0550/1030] loss = 0.000914
[e004 s0600/1030] loss = 0.000874
[e004 s0650/1030] loss = 0.000849
[e004 s0700/1030] loss = 0.000845
[e004 s0750/1030] loss = 0.000832
[e004 s0800/1030] loss = 0.000790
[e004 s0850/1030] loss = 0.000786
[e004 s0900/1030] loss = 0.000756
[e004 s0950/1030] loss = 0.000771
[e004 s1000/1030] loss = 0.000789
Epoch 004: train_loss = 0.000771  MAE/GAME0 = 40.94  RMSE = 68.89  GAME1 = 13.04  GAME2 = 3.89  GAME3 = 1.13  lr = 1.00e-05  time = 47.5s
[e005 s0001/1030] loss = 0.000064
[e005 s0050/1030] loss = 0.000360
[e005 s0100/1030] loss = 0.000392
[e005 s0150/1030] loss = 0.000502
[e005 s0200/1030] loss = 0.000458
[e005 s0250/1030] loss = 0.000540
[e005 s0300/1030] loss = 0.000522
[e005 s0350/1030] loss = 0.000537
[e005 s0400/1030] loss = 0.000575
[e005 s0450/1030] loss = 0.000538
[e005 s0500/1030] loss = 0.000527
[e005 s0550/1030] loss = 0.000513
[e005 s0600/1030] loss = 0.000547
[e005 s0650/1030] loss = 0.000548
[e005 s0700/1030] loss = 0.000530
[e005 s0750/1030] loss = 0.000521
[e005 s0800/1030] loss = 0.000545
[e005 s0850/1030] loss = 0.000535
[e005 s0900/1030] loss = 0.000526
[e005 s0950/1030] loss = 0.000522
[e005 s1000/1030] loss = 0.000687
Epoch 005: train_loss = 0.000680  MAE/GAME0 = 42.77  RMSE = 66.16  GAME1 = 12.34  GAME2 = 3.70  GAME3 = 1.10  lr = 1.00e-05  time = 48.8s
[e006 s0001/1030] loss = 0.000040
[e006 s0050/1030] loss = 0.000417
[e006 s0100/1030] loss = 0.000745
[e006 s0150/1030] loss = 0.000880
[e006 s0200/1030] loss = 0.000836
[e006 s0250/1030] loss = 0.000882
[e006 s0300/1030] loss = 0.000778
[e006 s0350/1030] loss = 0.000737
[e006 s0400/1030] loss = 0.000703
[e006 s0450/1030] loss = 0.000688
[e006 s0500/1030] loss = 0.000644
[e006 s0550/1030] loss = 0.000714
[e006 s0600/1030] loss = 0.000673
[e006 s0650/1030] loss = 0.000652
[e006 s0700/1030] loss = 0.000632
[e006 s0750/1030] loss = 0.000610
[e006 s0800/1030] loss = 0.000589
[e006 s0850/1030] loss = 0.000577
[e006 s0900/1030] loss = 0.000560
[e006 s0950/1030] loss = 0.000547
[e006 s1000/1030] loss = 0.000533
Epoch 006: train_loss = 0.000530  MAE/GAME0 = 48.92  RMSE = 64.16  GAME1 = 14.44  GAME2 = 4.35  GAME3 = 1.24  lr = 1.00e-05  time = 48.4s
[e007 s0001/1030] loss = 0.000098
[e007 s0050/1030] loss = 0.000159
[e007 s0100/1030] loss = 0.000411
[e007 s0150/1030] loss = 0.000524
[e007 s0200/1030] loss = 0.000479
[e007 s0250/1030] loss = 0.000434
[e007 s0300/1030] loss = 0.000656
[e007 s0350/1030] loss = 0.000737
[e007 s0400/1030] loss = 0.000674
[e007 s0450/1030] loss = 0.000659
[e007 s0500/1030] loss = 0.000635
[e007 s0550/1030] loss = 0.000602
[e007 s0600/1030] loss = 0.000591
[e007 s0650/1030] loss = 0.000570
[e007 s0700/1030] loss = 0.000581
[e007 s0750/1030] loss = 0.000559
[e007 s0800/1030] loss = 0.000540
[e007 s0850/1030] loss = 0.000521
[e007 s0900/1030] loss = 0.000502
[e007 s0950/1030] loss = 0.000502
[e007 s1000/1030] loss = 0.000503
-> saved late_best.pth (MAE/GAME0 25.18)
Epoch 007: train_loss = 0.000495  MAE/GAME0 = 25.18  RMSE = 51.55  GAME1 = 8.16  GAME2 = 2.57  GAME3 = 0.75  lr = 1.00e-05  time = 49.1s
[e008 s0001/1030] loss = 0.000164
[e008 s0050/1030] loss = 0.000290
[e008 s0100/1030] loss = 0.000368
[e008 s0150/1030] loss = 0.000423
[e008 s0200/1030] loss = 0.000358
[e008 s0250/1030] loss = 0.000431
[e008 s0300/1030] loss = 0.000395
[e008 s0350/1030] loss = 0.000380
[e008 s0400/1030] loss = 0.000353
[e008 s0450/1030] loss = 0.000367
[e008 s0500/1030] loss = 0.000352
[e008 s0550/1030] loss = 0.000380
[e008 s0600/1030] loss = 0.000362
[e008 s0650/1030] loss = 0.000349
[e008 s0700/1030] loss = 0.000350
[e008 s0750/1030] loss = 0.000348
[e008 s0800/1030] loss = 0.000400
[e008 s0850/1030] loss = 0.000393
[e008 s0900/1030] loss = 0.000394
[e008 s0950/1030] loss = 0.000397
[e008 s1000/1030] loss = 0.000387
Epoch 008: train_loss = 0.000383  MAE/GAME0 = 26.51  RMSE = 52.21  GAME1 = 8.08  GAME2 = 2.41  GAME3 = 0.71  lr = 1.00e-05  time = 46.8s
[e009 s0001/1030] loss = 0.004923
[e009 s0050/1030] loss = 0.000257
[e009 s0100/1030] loss = 0.000273
[e009 s0150/1030] loss = 0.000302
[e009 s0200/1030] loss = 0.000472
[e009 s0250/1030] loss = 0.000423
[e009 s0300/1030] loss = 0.000424
[e009 s0350/1030] loss = 0.000468
[e009 s0400/1030] loss = 0.000437
[e009 s0450/1030] loss = 0.000401
[e009 s0500/1030] loss = 0.000399
[e009 s0550/1030] loss = 0.000386
[e009 s0600/1030] loss = 0.000415
[e009 s0650/1030] loss = 0.000396
[e009 s0700/1030] loss = 0.000407
[e009 s0750/1030] loss = 0.000395
[e009 s0800/1030] loss = 0.000398
[e009 s0850/1030] loss = 0.000401
[e009 s0900/1030] loss = 0.000384
[e009 s0950/1030] loss = 0.000376
[e009 s1000/1030] loss = 0.000374
Epoch 009: train_loss = 0.000382  MAE/GAME0 = 32.03  RMSE = 44.16  GAME1 = 9.14  GAME2 = 2.68  GAME3 = 0.79  lr = 1.00e-05  time = 46.6s
[e010 s0001/1030] loss = 0.000039
[e010 s0050/1030] loss = 0.000395
[e010 s0100/1030] loss = 0.000312
[e010 s0150/1030] loss = 0.000424
[e010 s0200/1030] loss = 0.000438
[e010 s0250/1030] loss = 0.000400
[e010 s0300/1030] loss = 0.000386
[e010 s0350/1030] loss = 0.000379
[e010 s0400/1030] loss = 0.000417
[e010 s0450/1030] loss = 0.000390
[e010 s0500/1030] loss = 0.000407
[e010 s0550/1030] loss = 0.000390
[e010 s0600/1030] loss = 0.000377
[e010 s0650/1030] loss = 0.000368
[e010 s0700/1030] loss = 0.000351
[e010 s0750/1030] loss = 0.000338
[e010 s0800/1030] loss = 0.000426
[e010 s0850/1030] loss = 0.000581
[e010 s0900/1030] loss = 0.000574
[e010 s0950/1030] loss = 0.000559
[e010 s1000/1030] loss = 0.000550
Epoch 010: train_loss = 0.000539  MAE/GAME0 = 30.89  RMSE = 48.64  GAME1 = 8.86  GAME2 = 2.60  GAME3 = 0.77  lr = 1.00e-05  time = 48.2s
