[log] /scratch/users/ntu/kenneth0/FYP-SmartObjectCounter/logs/train_rgbt_late_e100_12749893.pbs101_20260117_041747.log
[job] name=train_rgbt_late_e100 id=12749893.pbs101 host=x1000c0s3b0n0 time=Sat Jan 17 04:17:47 +08 2026
[init] device = cuda
[init] train = 1030  val = 200  workers = 4
/scratch/users/ntu/kenneth0/FYP-SmartObjectCounter/scripts/train_rgbt.py:364: FutureWarning: `torch.cuda.amp.GradScaler(args...)` is deprecated. Please use `torch.amp.GradScaler('cuda', args...)` instead.
  scaler = GradScaler(enabled = bool(args.amp))
[e001 s0001/1030] loss = 5483.227051
[e001 s0050/1030] loss = 2271.642975
[e001 s0100/1030] loss = 1141.375203
[e001 s0150/1030] loss = 761.073459
[e001 s0200/1030] loss = 570.813506
[e001 s0250/1030] loss = 456.652097
[e001 s0300/1030] loss = 380.544187
[e001 s0350/1030] loss = 326.181902
[e001 s0400/1030] loss = 285.409622
[e001 s0450/1030] loss = 253.697758
[e001 s0500/1030] loss = 228.328338
[e001 s0550/1030] loss = 207.572576
[e001 s0600/1030] loss = 190.275285
[e001 s0650/1030] loss = 175.639047
[e001 s0700/1030] loss = 163.093606
[e001 s0750/1030] loss = 152.220897
[e001 s0800/1030] loss = 142.707348
[e001 s0850/1030] loss = 134.312970
[e001 s0900/1030] loss = 126.851286
[e001 s0950/1030] loss = 120.175102
[e001 s1000/1030] loss = 114.166470
Epoch 001: train_loss = 110.841354  MAE/GAME0 = 155.599  RMSE = 168.308  GAME1 = 160.907  GAME2 = 175.991  GAME3 = 197.512  lr = 1.00e-05  time = 22.6s
[e002 s0001/1030] loss = 0.000286
[e002 s0050/1030] loss = 0.003580
[e002 s0100/1030] loss = 0.003266
[e002 s0150/1030] loss = 0.003060
[e002 s0200/1030] loss = 0.003212
[e002 s0250/1030] loss = 0.003286
[e002 s0300/1030] loss = 0.003125
[e002 s0350/1030] loss = 0.002952
[e002 s0400/1030] loss = 0.002886
[e002 s0450/1030] loss = 0.003062
[e002 s0500/1030] loss = 0.003016
[e002 s0550/1030] loss = 0.003382
[e002 s0600/1030] loss = 0.003370
[e002 s0650/1030] loss = 0.003251
[e002 s0700/1030] loss = 0.003486
[e002 s0750/1030] loss = 0.003394
[e002 s0800/1030] loss = 0.003317
[e002 s0850/1030] loss = 0.003226
[e002 s0900/1030] loss = 0.003189
[e002 s0950/1030] loss = 0.003428
[e002 s1000/1030] loss = 0.003420
Epoch 002: train_loss = 0.003354  MAE/GAME0 = 81.438  RMSE = 96.613  GAME1 = 92.515  GAME2 = 109.575  GAME3 = 127.543  lr = 1.00e-05  time = 18.0s
[e003 s0001/1030] loss = 0.000237
[e003 s0050/1030] loss = 0.002464
[e003 s0100/1030] loss = 0.002548
[e003 s0150/1030] loss = 0.002822
[e003 s0200/1030] loss = 0.002619
[e003 s0250/1030] loss = 0.002518
[e003 s0300/1030] loss = 0.002579
[e003 s0350/1030] loss = 0.002668
[e003 s0400/1030] loss = 0.003244
[e003 s0450/1030] loss = 0.003099
[e003 s0500/1030] loss = 0.003063
[e003 s0550/1030] loss = 0.002975
[e003 s0600/1030] loss = 0.003038
[e003 s0650/1030] loss = 0.003047
[e003 s0700/1030] loss = 0.002968
[e003 s0750/1030] loss = 0.002865
[e003 s0800/1030] loss = 0.002898
[e003 s0850/1030] loss = 0.002838
[e003 s0900/1030] loss = 0.002772
[e003 s0950/1030] loss = 0.002713
[e003 s1000/1030] loss = 0.002651
Epoch 003: train_loss = 0.002644  MAE/GAME0 = 36.480  RMSE = 57.093  GAME1 = 49.770  GAME2 = 66.724  GAME3 = 81.375  lr = 1.00e-05  time = 18.0s
[e004 s0001/1030] loss = 0.000379
[e004 s0050/1030] loss = 0.002739
[e004 s0100/1030] loss = 0.002407
[e004 s0150/1030] loss = 0.002411
[e004 s0200/1030] loss = 0.002223
[e004 s0250/1030] loss = 0.002133
[e004 s0300/1030] loss = 0.002103
[e004 s0350/1030] loss = 0.002196
[e004 s0400/1030] loss = 0.002119
[e004 s0450/1030] loss = 0.002037
[e004 s0500/1030] loss = 0.001980
[e004 s0550/1030] loss = 0.001953
[e004 s0600/1030] loss = 0.001891
[e004 s0650/1030] loss = 0.001824
[e004 s0700/1030] loss = 0.001796
[e004 s0750/1030] loss = 0.001795
[e004 s0800/1030] loss = 0.001749
[e004 s0850/1030] loss = 0.002255
[e004 s0900/1030] loss = 0.002228
[e004 s0950/1030] loss = 0.002180
[e004 s1000/1030] loss = 0.002140
Epoch 004: train_loss = 0.002254  MAE/GAME0 = 104.087  RMSE = 111.653  GAME1 = 108.978  GAME2 = 119.920  GAME3 = 130.333  lr = 1.00e-05  time = 18.0s
[e005 s0001/1030] loss = 0.000524
[e005 s0050/1030] loss = 0.003265
[e005 s0100/1030] loss = 0.002210
[e005 s0150/1030] loss = 0.002059
[e005 s0200/1030] loss = 0.001849
[e005 s0250/1030] loss = 0.001830
[e005 s0300/1030] loss = 0.002400
[e005 s0350/1030] loss = 0.002261
[e005 s0400/1030] loss = 0.002083
[e005 s0450/1030] loss = 0.002311
[e005 s0500/1030] loss = 0.002226
[e005 s0550/1030] loss = 0.002106
[e005 s0600/1030] loss = 0.002011
[e005 s0650/1030] loss = 0.001924
[e005 s0700/1030] loss = 0.001841
[e005 s0750/1030] loss = 0.001818
[e005 s0800/1030] loss = 0.001786
[e005 s0850/1030] loss = 0.001775
[e005 s0900/1030] loss = 0.001759
[e005 s0950/1030] loss = 0.001740
[e005 s1000/1030] loss = 0.001703
Epoch 005: train_loss = 0.001673  MAE/GAME0 = 69.719  RMSE = 79.376  GAME1 = 79.719  GAME2 = 94.692  GAME3 = 105.535  lr = 1.00e-05  time = 17.9s
[e006 s0001/1030] loss = 0.000273
[e006 s0050/1030] loss = 0.000602
[e006 s0100/1030] loss = 0.001112
[e006 s0150/1030] loss = 0.001252
[e006 s0200/1030] loss = 0.001082
[e006 s0250/1030] loss = 0.002241
[e006 s0300/1030] loss = 0.002042
[e006 s0350/1030] loss = 0.002018
[e006 s0400/1030] loss = 0.001923
[e006 s0450/1030] loss = 0.001845
[e006 s0500/1030] loss = 0.001764
[e006 s0550/1030] loss = 0.001666
[e006 s0600/1030] loss = 0.001651
[e006 s0650/1030] loss = 0.001710
[e006 s0700/1030] loss = 0.001664
[e006 s0750/1030] loss = 0.001618
[e006 s0800/1030] loss = 0.001634
[e006 s0850/1030] loss = 0.001589
[e006 s0900/1030] loss = 0.001569
[e006 s0950/1030] loss = 0.001582
[e006 s1000/1030] loss = 0.001564
Epoch 006: train_loss = 0.001541  MAE/GAME0 = 26.924  RMSE = 52.573  GAME1 = 41.883  GAME2 = 54.944  GAME3 = 64.134  lr = 1.00e-05  time = 17.9s
[e007 s0001/1030] loss = 0.000577
[e007 s0050/1030] loss = 0.001474
[e007 s0100/1030] loss = 0.001081
[e007 s0150/1030] loss = 0.001110
[e007 s0200/1030] loss = 0.001323
[e007 s0250/1030] loss = 0.001182
[e007 s0300/1030] loss = 0.001108
[e007 s0350/1030] loss = 0.001305
[e007 s0400/1030] loss = 0.001226
[e007 s0450/1030] loss = 0.001196
[e007 s0500/1030] loss = 0.001242
[e007 s0550/1030] loss = 0.001513
[e007 s0600/1030] loss = 0.001519
[e007 s0650/1030] loss = 0.001473
[e007 s0700/1030] loss = 0.001557
[e007 s0750/1030] loss = 0.001508
[e007 s0800/1030] loss = 0.001466
[e007 s0850/1030] loss = 0.001460
[e007 s0900/1030] loss = 0.001459
[e007 s0950/1030] loss = 0.001417
[e007 s1000/1030] loss = 0.001396
Epoch 007: train_loss = 0.001406  MAE/GAME0 = 29.920  RMSE = 56.076  GAME1 = 46.803  GAME2 = 62.317  GAME3 = 71.034  lr = 1.00e-05  time = 18.0s
[e008 s0001/1030] loss = 0.000714
[e008 s0050/1030] loss = 0.001050
[e008 s0100/1030] loss = 0.001158
[e008 s0150/1030] loss = 0.001142
[e008 s0200/1030] loss = 0.001040
[e008 s0250/1030] loss = 0.000945
[e008 s0300/1030] loss = 0.001109
[e008 s0350/1030] loss = 0.001103
[e008 s0400/1030] loss = 0.001030
[e008 s0450/1030] loss = 0.001080
[e008 s0500/1030] loss = 0.001248
[e008 s0550/1030] loss = 0.001303
[e008 s0600/1030] loss = 0.001296
[e008 s0650/1030] loss = 0.001292
[e008 s0700/1030] loss = 0.001427
[e008 s0750/1030] loss = 0.001374
[e008 s0800/1030] loss = 0.001351
[e008 s0850/1030] loss = 0.001353
[e008 s0900/1030] loss = 0.001369
[e008 s0950/1030] loss = 0.001339
[e008 s1000/1030] loss = 0.001331
Epoch 008: train_loss = 0.001335  MAE/GAME0 = 42.735  RMSE = 62.985  GAME1 = 51.164  GAME2 = 61.422  GAME3 = 69.271  lr = 1.00e-05  time = 17.8s
[e009 s0001/1030] loss = 0.000764
[e009 s0050/1030] loss = 0.000476
[e009 s0100/1030] loss = 0.000755
[e009 s0150/1030] loss = 0.000759
[e009 s0200/1030] loss = 0.000739
[e009 s0250/1030] loss = 0.000950
[e009 s0300/1030] loss = 0.000918
[e009 s0350/1030] loss = 0.000944
[e009 s0400/1030] loss = 0.000929
[e009 s0450/1030] loss = 0.000953
[e009 s0500/1030] loss = 0.000920
[e009 s0550/1030] loss = 0.001026
[e009 s0600/1030] loss = 0.001021
[e009 s0650/1030] loss = 0.001002
[e009 s0700/1030] loss = 0.000974
[e009 s0750/1030] loss = 0.000977
[e009 s0800/1030] loss = 0.000990
[e009 s0850/1030] loss = 0.000970
[e009 s0900/1030] loss = 0.000982
[e009 s0950/1030] loss = 0.001756
[e009 s1000/1030] loss = 0.001714
Epoch 009: train_loss = 0.001681  MAE/GAME0 = 26.700  RMSE = 56.319  GAME1 = 37.205  GAME2 = 46.777  GAME3 = 53.259  lr = 1.00e-05  time = 17.8s
[e010 s0001/1030] loss = 0.001179
[e010 s0050/1030] loss = 0.002046
[e010 s0100/1030] loss = 0.001388
[e010 s0150/1030] loss = 0.002100
[e010 s0200/1030] loss = 0.001916
[e010 s0250/1030] loss = 0.001793
[e010 s0300/1030] loss = 0.001758
[e010 s0350/1030] loss = 0.001685
[e010 s0400/1030] loss = 0.001581
[e010 s0450/1030] loss = 0.001502
[e010 s0500/1030] loss = 0.001506
[e010 s0550/1030] loss = 0.001466
[e010 s0600/1030] loss = 0.001445
[e010 s0650/1030] loss = 0.001383
[e010 s0700/1030] loss = 0.001366
[e010 s0750/1030] loss = 0.001326
[e010 s0800/1030] loss = 0.001342
[e010 s0850/1030] loss = 0.001305
[e010 s0900/1030] loss = 0.001284
[e010 s0950/1030] loss = 0.001254
[e010 s1000/1030] loss = 0.001267
Epoch 010: train_loss = 0.001271  MAE/GAME0 = 28.080  RMSE = 59.352  GAME1 = 38.521  GAME2 = 47.080  GAME3 = 53.783  lr = 1.00e-05  time = 17.8s
[e011 s0001/1030] loss = 0.000146
[e011 s0050/1030] loss = 0.000909
[e011 s0100/1030] loss = 0.000948
[e011 s0150/1030] loss = 0.000875
[e011 s0200/1030] loss = 0.001193
[e011 s0250/1030] loss = 0.001185
[e011 s0300/1030] loss = 0.001596
[e011 s0350/1030] loss = 0.001594
[e011 s0400/1030] loss = 0.001621
[e011 s0450/1030] loss = 0.001654
[e011 s0500/1030] loss = 0.001635
[e011 s0550/1030] loss = 0.001560
[e011 s0600/1030] loss = 0.001513
[e011 s0650/1030] loss = 0.001443
[e011 s0700/1030] loss = 0.001439
[e011 s0750/1030] loss = 0.001379
[e011 s0800/1030] loss = 0.001333
[e011 s0850/1030] loss = 0.001326
[e011 s0900/1030] loss = 0.001298
[e011 s0950/1030] loss = 0.001389
[e011 s1000/1030] loss = 0.001368
Epoch 011: train_loss = 0.001339  MAE/GAME0 = 33.465  RMSE = 53.210  GAME1 = 47.705  GAME2 = 61.489  GAME3 = 69.586  lr = 1.00e-05  time = 17.9s
[e012 s0001/1030] loss = 0.000029
[e012 s0050/1030] loss = 0.001043
[e012 s0100/1030] loss = 0.001240
[e012 s0150/1030] loss = 0.001201
[e012 s0200/1030] loss = 0.001103
[e012 s0250/1030] loss = 0.001235
[e012 s0300/1030] loss = 0.001137
[e012 s0350/1030] loss = 0.001343
[e012 s0400/1030] loss = 0.001347
[e012 s0450/1030] loss = 0.001369
[e012 s0500/1030] loss = 0.001326
[e012 s0550/1030] loss = 0.001289
[e012 s0600/1030] loss = 0.001290
[e012 s0650/1030] loss = 0.001259
[e012 s0700/1030] loss = 0.001225
[e012 s0750/1030] loss = 0.001213
[e012 s0800/1030] loss = 0.001202
[e012 s0850/1030] loss = 0.001203
[e012 s0900/1030] loss = 0.001312
[e012 s0950/1030] loss = 0.001285
[e012 s1000/1030] loss = 0.001250
Epoch 012: train_loss = 0.001240  MAE/GAME0 = 43.160  RMSE = 69.938  GAME1 = 45.184  GAME2 = 49.311  GAME3 = 53.690  lr = 1.00e-05  time = 18.1s
[e013 s0001/1030] loss = 0.000259
[e013 s0050/1030] loss = 0.000866
[e013 s0100/1030] loss = 0.001145
[e013 s0150/1030] loss = 0.001003
[e013 s0200/1030] loss = 0.000934
[e013 s0250/1030] loss = 0.000912
[e013 s0300/1030] loss = 0.000934
[e013 s0350/1030] loss = 0.000879
[e013 s0400/1030] loss = 0.000962
[e013 s0450/1030] loss = 0.000928
[e013 s0500/1030] loss = 0.000908
[e013 s0550/1030] loss = 0.000928
[e013 s0600/1030] loss = 0.000921
[e013 s0650/1030] loss = 0.000969
[e013 s0700/1030] loss = 0.000952
[e013 s0750/1030] loss = 0.000953
[e013 s0800/1030] loss = 0.000972
[e013 s0850/1030] loss = 0.000951
[e013 s0900/1030] loss = 0.000929
[e013 s0950/1030] loss = 0.001021
[e013 s1000/1030] loss = 0.001014
Epoch 013: train_loss = 0.001032  MAE/GAME0 = 43.634  RMSE = 69.402  GAME1 = 48.803  GAME2 = 52.390  GAME3 = 56.844  lr = 1.00e-05  time = 18.2s
[e014 s0001/1030] loss = 0.000074
[e014 s0050/1030] loss = 0.000809
[e014 s0100/1030] loss = 0.000868
[e014 s0150/1030] loss = 0.000845
[e014 s0200/1030] loss = 0.000807
[e014 s0250/1030] loss = 0.001086
[e014 s0300/1030] loss = 0.001009
[e014 s0350/1030] loss = 0.000946
[e014 s0400/1030] loss = 0.000925
[e014 s0450/1030] loss = 0.001281
[e014 s0500/1030] loss = 0.001314
[e014 s0550/1030] loss = 0.001280
[e014 s0600/1030] loss = 0.001266
[e014 s0650/1030] loss = 0.001236
[e014 s0700/1030] loss = 0.001201
[e014 s0750/1030] loss = 0.001180
[e014 s0800/1030] loss = 0.001187
[e014 s0850/1030] loss = 0.001163
[e014 s0900/1030] loss = 0.001212
[e014 s0950/1030] loss = 0.001228
[e014 s1000/1030] loss = 0.001339
Epoch 014: train_loss = 0.001326  MAE/GAME0 = 30.497  RMSE = 58.964  GAME1 = 37.425  GAME2 = 42.800  GAME3 = 47.100  lr = 1.00e-05  time = 17.9s
[e015 s0001/1030] loss = 0.000723
[e015 s0050/1030] loss = 0.001171
[e015 s0100/1030] loss = 0.001044
[e015 s0150/1030] loss = 0.001023
[e015 s0200/1030] loss = 0.001018
[e015 s0250/1030] loss = 0.001115
[e015 s0300/1030] loss = 0.001123
[e015 s0350/1030] loss = 0.001112
[e015 s0400/1030] loss = 0.001070
[e015 s0450/1030] loss = 0.001045
[e015 s0500/1030] loss = 0.001063
[e015 s0550/1030] loss = 0.001101
[e015 s0600/1030] loss = 0.001074
[e015 s0650/1030] loss = 0.001056
[e015 s0700/1030] loss = 0.001037
[e015 s0750/1030] loss = 0.001015
[e015 s0800/1030] loss = 0.001000
[e015 s0850/1030] loss = 0.000975
[e015 s0900/1030] loss = 0.001012
[e015 s0950/1030] loss = 0.001130
[e015 s1000/1030] loss = 0.001133
Epoch 015: train_loss = 0.001151  MAE/GAME0 = 26.124  RMSE = 54.494  GAME1 = 40.017  GAME2 = 50.547  GAME3 = 57.607  lr = 1.00e-05  time = 17.9s
[e016 s0001/1030] loss = 0.000085
[e016 s0050/1030] loss = 0.000759
[e016 s0100/1030] loss = 0.000996
[e016 s0150/1030] loss = 0.000995
[e016 s0200/1030] loss = 0.000993
[e016 s0250/1030] loss = 0.001227
[e016 s0300/1030] loss = 0.001096
[e016 s0350/1030] loss = 0.001168
[e016 s0400/1030] loss = 0.001321
[e016 s0450/1030] loss = 0.001263
[e016 s0500/1030] loss = 0.001183
[e016 s0550/1030] loss = 0.001166
[e016 s0600/1030] loss = 0.001134
[e016 s0650/1030] loss = 0.001099
[e016 s0700/1030] loss = 0.001062
[e016 s0750/1030] loss = 0.001119
[e016 s0800/1030] loss = 0.001267
[e016 s0850/1030] loss = 0.001233
[e016 s0900/1030] loss = 0.001216
[e016 s0950/1030] loss = 0.001208
[e016 s1000/1030] loss = 0.001192
Epoch 016: train_loss = 0.001177  MAE/GAME0 = 28.447  RMSE = 59.517  GAME1 = 40.996  GAME2 = 50.325  GAME3 = 56.260  lr = 1.00e-05  time = 18.0s
[e017 s0001/1030] loss = 0.000016
[e017 s0050/1030] loss = 0.000918
[e017 s0100/1030] loss = 0.000851
[e017 s0150/1030] loss = 0.000870
[e017 s0200/1030] loss = 0.000977
[e017 s0250/1030] loss = 0.001101
[e017 s0300/1030] loss = 0.001045
[e017 s0350/1030] loss = 0.001103
[e017 s0400/1030] loss = 0.001073
[e017 s0450/1030] loss = 0.001036
[e017 s0500/1030] loss = 0.001241
[e017 s0550/1030] loss = 0.001189
[e017 s0600/1030] loss = 0.001166
[e017 s0650/1030] loss = 0.001207
[e017 s0700/1030] loss = 0.001201
[e017 s0750/1030] loss = 0.001147
[e017 s0800/1030] loss = 0.001123
[e017 s0850/1030] loss = 0.001085
[e017 s0900/1030] loss = 0.001051
[e017 s0950/1030] loss = 0.001032
[e017 s1000/1030] loss = 0.001027
Epoch 017: train_loss = 0.001056  MAE/GAME0 = 44.941  RMSE = 71.054  GAME1 = 51.199  GAME2 = 55.301  GAME3 = 59.184  lr = 1.00e-05  time = 17.9s
[e018 s0001/1030] loss = 0.000004
[e018 s0050/1030] loss = 0.001996
[e018 s0100/1030] loss = 0.001277
[e018 s0150/1030] loss = 0.001356
[e018 s0200/1030] loss = 0.001211
[e018 s0250/1030] loss = 0.001329
[e018 s0300/1030] loss = 0.001398
[e018 s0350/1030] loss = 0.001281
[e018 s0400/1030] loss = 0.001219
[e018 s0450/1030] loss = 0.001331
[e018 s0500/1030] loss = 0.001265
[e018 s0550/1030] loss = 0.001209
[e018 s0600/1030] loss = 0.001167
[e018 s0650/1030] loss = 0.001153
[e018 s0700/1030] loss = 0.001123
[e018 s0750/1030] loss = 0.001106
[e018 s0800/1030] loss = 0.001083
[e018 s0850/1030] loss = 0.001130
[e018 s0900/1030] loss = 0.001100
[e018 s0950/1030] loss = 0.001107
[e018 s1000/1030] loss = 0.001108
Epoch 018: train_loss = 0.001106  MAE/GAME0 = 30.327  RMSE = 59.459  GAME1 = 43.669  GAME2 = 54.435  GAME3 = 61.039  lr = 1.00e-05  time = 17.9s
[e019 s0001/1030] loss = 0.000671
[e019 s0050/1030] loss = 0.000629
[e019 s0100/1030] loss = 0.000978
[e019 s0150/1030] loss = 0.000956
[e019 s0200/1030] loss = 0.000943
[e019 s0250/1030] loss = 0.000930
[e019 s0300/1030] loss = 0.001071
[e019 s0350/1030] loss = 0.001090
[e019 s0400/1030] loss = 0.001079
[e019 s0450/1030] loss = 0.001049
[e019 s0500/1030] loss = 0.001091
[e019 s0550/1030] loss = 0.001111
[e019 s0600/1030] loss = 0.001100
[e019 s0650/1030] loss = 0.001082
[e019 s0700/1030] loss = 0.001076
[e019 s0750/1030] loss = 0.001055
[e019 s0800/1030] loss = 0.001040
[e019 s0850/1030] loss = 0.001016
[e019 s0900/1030] loss = 0.001058
[e019 s0950/1030] loss = 0.001045
[e019 s1000/1030] loss = 0.001046
Epoch 019: train_loss = 0.001043  MAE/GAME0 = 30.433  RMSE = 58.918  GAME1 = 40.045  GAME2 = 47.753  GAME3 = 52.573  lr = 1.00e-05  time = 17.8s
[e020 s0001/1030] loss = 0.000003
[e020 s0050/1030] loss = 0.001098
[e020 s0100/1030] loss = 0.000881
[e020 s0150/1030] loss = 0.001060
[e020 s0200/1030] loss = 0.001242
[e020 s0250/1030] loss = 0.001416
[e020 s0300/1030] loss = 0.001404
[e020 s0350/1030] loss = 0.001281
[e020 s0400/1030] loss = 0.001201
[e020 s0450/1030] loss = 0.001146
[e020 s0500/1030] loss = 0.001077
[e020 s0550/1030] loss = 0.001306
[e020 s0600/1030] loss = 0.001406
[e020 s0650/1030] loss = 0.001347
[e020 s0700/1030] loss = 0.001316
[e020 s0750/1030] loss = 0.001305
[e020 s0800/1030] loss = 0.001297
[e020 s0850/1030] loss = 0.001270
[e020 s0900/1030] loss = 0.001254
[e020 s0950/1030] loss = 0.001226
[e020 s1000/1030] loss = 0.001211
Epoch 020: train_loss = 0.001224  MAE/GAME0 = 28.885  RMSE = 58.216  GAME1 = 45.622  GAME2 = 59.093  GAME3 = 66.718  lr = 1.00e-05  time = 17.8s
[e021 s0001/1030] loss = 0.000332
[e021 s0050/1030] loss = 0.001278
[e021 s0100/1030] loss = 0.000975
[e021 s0150/1030] loss = 0.000962
[e021 s0200/1030] loss = 0.001030
[e021 s0250/1030] loss = 0.001001
[e021 s0300/1030] loss = 0.000940
[e021 s0350/1030] loss = 0.000984
[e021 s0400/1030] loss = 0.000992
[e021 s0450/1030] loss = 0.000990
[e021 s0500/1030] loss = 0.000938
[e021 s0550/1030] loss = 0.000908
[e021 s0600/1030] loss = 0.000876
[e021 s0650/1030] loss = 0.000842
[e021 s0700/1030] loss = 0.000850
[e021 s0750/1030] loss = 0.000871
[e021 s0800/1030] loss = 0.000872
[e021 s0850/1030] loss = 0.000884
[e021 s0900/1030] loss = 0.000895
[e021 s0950/1030] loss = 0.000959
[e021 s1000/1030] loss = 0.000945
Epoch 021: train_loss = 0.000956  MAE/GAME0 = 36.864  RMSE = 61.532  GAME1 = 40.542  GAME2 = 44.190  GAME3 = 46.931  lr = 1.00e-05  time = 18.0s
[e022 s0001/1030] loss = 0.000066
[e022 s0050/1030] loss = 0.002445
[e022 s0100/1030] loss = 0.001540
[e022 s0150/1030] loss = 0.001233
[e022 s0200/1030] loss = 0.001041
[e022 s0250/1030] loss = 0.001246
[e022 s0300/1030] loss = 0.001266
[e022 s0350/1030] loss = 0.001293
[e022 s0400/1030] loss = 0.001282
[e022 s0450/1030] loss = 0.001330
[e022 s0500/1030] loss = 0.001283
[e022 s0550/1030] loss = 0.001249
[e022 s0600/1030] loss = 0.001230
[e022 s0650/1030] loss = 0.001200
[e022 s0700/1030] loss = 0.001176
[e022 s0750/1030] loss = 0.001145
[e022 s0800/1030] loss = 0.001211
[e022 s0850/1030] loss = 0.001204
[e022 s0900/1030] loss = 0.001203
[e022 s0950/1030] loss = 0.001216
[e022 s1000/1030] loss = 0.001248
Epoch 022: train_loss = 0.001240  MAE/GAME0 = 26.069  RMSE = 51.757  GAME1 = 40.140  GAME2 = 51.800  GAME3 = 58.860  lr = 1.00e-05  time = 17.7s
[e023 s0001/1030] loss = 0.002408
[e023 s0050/1030] loss = 0.001221
[e023 s0100/1030] loss = 0.000893
[e023 s0150/1030] loss = 0.000935
[e023 s0200/1030] loss = 0.000871
[e023 s0250/1030] loss = 0.001106
[e023 s0300/1030] loss = 0.001074
[e023 s0350/1030] loss = 0.001016
[e023 s0400/1030] loss = 0.000993
[e023 s0450/1030] loss = 0.000968
[e023 s0500/1030] loss = 0.001292
[e023 s0550/1030] loss = 0.001252
[e023 s0600/1030] loss = 0.001230
[e023 s0650/1030] loss = 0.001221
[e023 s0700/1030] loss = 0.001191
[e023 s0750/1030] loss = 0.001212
[e023 s0800/1030] loss = 0.001192
[e023 s0850/1030] loss = 0.001160
[e023 s0900/1030] loss = 0.001146
[e023 s0950/1030] loss = 0.001105
[e023 s1000/1030] loss = 0.001112
Epoch 023: train_loss = 0.001100  MAE/GAME0 = 32.682  RMSE = 61.989  GAME1 = 44.342  GAME2 = 52.720  GAME3 = 57.683  lr = 1.00e-05  time = 17.7s
[e024 s0001/1030] loss = 0.000685
[e024 s0050/1030] loss = 0.000971
[e024 s0100/1030] loss = 0.000936
[e024 s0150/1030] loss = 0.000994
[e024 s0200/1030] loss = 0.000994
[e024 s0250/1030] loss = 0.000881
[e024 s0300/1030] loss = 0.000993
[e024 s0350/1030] loss = 0.001034
[e024 s0400/1030] loss = 0.001033
[e024 s0450/1030] loss = 0.000982
[e024 s0500/1030] loss = 0.000947
[e024 s0550/1030] loss = 0.001073
[e024 s0600/1030] loss = 0.001319
[e024 s0650/1030] loss = 0.001493
[e024 s0700/1030] loss = 0.001439
[e024 s0750/1030] loss = 0.001433
[e024 s0800/1030] loss = 0.001382
[e024 s0850/1030] loss = 0.001334
[e024 s0900/1030] loss = 0.001297
[e024 s0950/1030] loss = 0.001288
[e024 s1000/1030] loss = 0.001271
Epoch 024: train_loss = 0.001268  MAE/GAME0 = 45.356  RMSE = 71.439  GAME1 = 45.812  GAME2 = 46.921  GAME3 = 49.080  lr = 1.00e-05  time = 17.9s
[e025 s0001/1030] loss = 0.000050
[e025 s0050/1030] loss = 0.000405
[e025 s0100/1030] loss = 0.000556
[e025 s0150/1030] loss = 0.000781
[e025 s0200/1030] loss = 0.001023
[e025 s0250/1030] loss = 0.000988
[e025 s0300/1030] loss = 0.000995
[e025 s0350/1030] loss = 0.001006
[e025 s0400/1030] loss = 0.001190
[e025 s0450/1030] loss = 0.001122
[e025 s0500/1030] loss = 0.001103
[e025 s0550/1030] loss = 0.001138
[e025 s0600/1030] loss = 0.001354
[e025 s0650/1030] loss = 0.001377
[e025 s0700/1030] loss = 0.001509
[e025 s0750/1030] loss = 0.001487
[e025 s0800/1030] loss = 0.001476
[e025 s0850/1030] loss = 0.001432
[e025 s0900/1030] loss = 0.001381
[e025 s0950/1030] loss = 0.001332
[e025 s1000/1030] loss = 0.001312
Epoch 025: train_loss = 0.001298  MAE/GAME0 = 42.974  RMSE = 71.279  GAME1 = 52.140  GAME2 = 60.189  GAME3 = 64.796  lr = 1.00e-05  time = 17.9s
[e026 s0001/1030] loss = 0.000622
[e026 s0050/1030] loss = 0.000592
[e026 s0100/1030] loss = 0.000574
[e026 s0150/1030] loss = 0.000761
[e026 s0200/1030] loss = 0.000890
[e026 s0250/1030] loss = 0.000991
[e026 s0300/1030] loss = 0.000932
[e026 s0350/1030] loss = 0.000910
[e026 s0400/1030] loss = 0.000943
[e026 s0450/1030] loss = 0.001044
[e026 s0500/1030] loss = 0.000980
[e026 s0550/1030] loss = 0.000937
[e026 s0600/1030] loss = 0.000912
[e026 s0650/1030] loss = 0.000884
[e026 s0700/1030] loss = 0.000921
[e026 s0750/1030] loss = 0.000947
[e026 s0800/1030] loss = 0.000937
[e026 s0850/1030] loss = 0.000959
[e026 s0900/1030] loss = 0.000965
[e026 s0950/1030] loss = 0.000960
[e026 s1000/1030] loss = 0.000980
Epoch 026: train_loss = 0.000981  MAE/GAME0 = 30.267  RMSE = 52.966  GAME1 = 43.526  GAME2 = 55.053  GAME3 = 62.604  lr = 1.00e-05  time = 17.9s
[e027 s0001/1030] loss = 0.000489
[e027 s0050/1030] loss = 0.001184
[e027 s0100/1030] loss = 0.000988
[e027 s0150/1030] loss = 0.000952
[e027 s0200/1030] loss = 0.000908
[e027 s0250/1030] loss = 0.000802
[e027 s0300/1030] loss = 0.000887
[e027 s0350/1030] loss = 0.000875
[e027 s0400/1030] loss = 0.001019
[e027 s0450/1030] loss = 0.001034
[e027 s0500/1030] loss = 0.001027
[e027 s0550/1030] loss = 0.001013
[e027 s0600/1030] loss = 0.001007
[e027 s0650/1030] loss = 0.001067
[e027 s0700/1030] loss = 0.001063
[e027 s0750/1030] loss = 0.001038
[e027 s0800/1030] loss = 0.001041
[e027 s0850/1030] loss = 0.001030
[e027 s0900/1030] loss = 0.001042
[e027 s0950/1030] loss = 0.001069
[e027 s1000/1030] loss = 0.001099
Epoch 027: train_loss = 0.001097  MAE/GAME0 = 29.797  RMSE = 59.915  GAME1 = 43.820  GAME2 = 54.711  GAME3 = 60.993  lr = 1.00e-05  time = 17.8s
[e028 s0001/1030] loss = 0.000324
[e028 s0050/1030] loss = 0.000870
[e028 s0100/1030] loss = 0.000803
[e028 s0150/1030] loss = 0.000862
[e028 s0200/1030] loss = 0.000748
[e028 s0250/1030] loss = 0.001114
[e028 s0300/1030] loss = 0.001047
[e028 s0350/1030] loss = 0.001075
[e028 s0400/1030] loss = 0.001031
[e028 s0450/1030] loss = 0.001478
[e028 s0500/1030] loss = 0.001379
[e028 s0550/1030] loss = 0.001328
[e028 s0600/1030] loss = 0.001307
[e028 s0650/1030] loss = 0.001263
[e028 s0700/1030] loss = 0.001266
[e028 s0750/1030] loss = 0.001231
[e028 s0800/1030] loss = 0.001256
[e028 s0850/1030] loss = 0.001254
[e028 s0900/1030] loss = 0.001268
[e028 s0950/1030] loss = 0.001232
[e028 s1000/1030] loss = 0.001202
Epoch 028: train_loss = 0.001222  MAE/GAME0 = 38.869  RMSE = 52.651  GAME1 = 50.000  GAME2 = 62.359  GAME3 = 70.654  lr = 1.00e-05  time = 17.9s
[e029 s0001/1030] loss = 0.018446
[e029 s0050/1030] loss = 0.001396
[e029 s0100/1030] loss = 0.001118
[e029 s0150/1030] loss = 0.001388
[e029 s0200/1030] loss = 0.001210
[e029 s0250/1030] loss = 0.001317
[e029 s0300/1030] loss = 0.001222
[e029 s0350/1030] loss = 0.001200
[e029 s0400/1030] loss = 0.001176
[e029 s0450/1030] loss = 0.001208
[e029 s0500/1030] loss = 0.001150
[e029 s0550/1030] loss = 0.001124
[e029 s0600/1030] loss = 0.001102
[e029 s0650/1030] loss = 0.001053
[e029 s0700/1030] loss = 0.000998
[e029 s0750/1030] loss = 0.001021
[e029 s0800/1030] loss = 0.001021
[e029 s0850/1030] loss = 0.001054
[e029 s0900/1030] loss = 0.001045
[e029 s0950/1030] loss = 0.001137
[e029 s1000/1030] loss = 0.001114
Epoch 029: train_loss = 0.001105  MAE/GAME0 = 29.039  RMSE = 54.564  GAME1 = 40.504  GAME2 = 49.981  GAME3 = 56.694  lr = 1.00e-05  time = 17.9s
[e030 s0001/1030] loss = 0.000312
[e030 s0050/1030] loss = 0.001248
[e030 s0100/1030] loss = 0.001059
[e030 s0150/1030] loss = 0.001183
[e030 s0200/1030] loss = 0.001084
[e030 s0250/1030] loss = 0.001168
[e030 s0300/1030] loss = 0.001074
[e030 s0350/1030] loss = 0.001042
[e030 s0400/1030] loss = 0.001683
[e030 s0450/1030] loss = 0.001564
[e030 s0500/1030] loss = 0.001516
[e030 s0550/1030] loss = 0.001546
[e030 s0600/1030] loss = 0.001517
[e030 s0650/1030] loss = 0.001441
[e030 s0700/1030] loss = 0.001380
[e030 s0750/1030] loss = 0.001428
[e030 s0800/1030] loss = 0.001505
[e030 s0850/1030] loss = 0.001501
[e030 s0900/1030] loss = 0.001485
[e030 s0950/1030] loss = 0.001452
[e030 s1000/1030] loss = 0.001419
Epoch 030: train_loss = 0.001397  MAE/GAME0 = 27.206  RMSE = 56.530  GAME1 = 38.347  GAME2 = 47.845  GAME3 = 54.089  lr = 1.00e-05  time = 18.1s
[e031 s0001/1030] loss = 0.000017
[e031 s0050/1030] loss = 0.000650
[e031 s0100/1030] loss = 0.000800
[e031 s0150/1030] loss = 0.001027
[e031 s0200/1030] loss = 0.001092
[e031 s0250/1030] loss = 0.000995
[e031 s0300/1030] loss = 0.000950
[e031 s0350/1030] loss = 0.001078
[e031 s0400/1030] loss = 0.001051
[e031 s0450/1030] loss = 0.001071
[e031 s0500/1030] loss = 0.001057
[e031 s0550/1030] loss = 0.001183
[e031 s0600/1030] loss = 0.001357
[e031 s0650/1030] loss = 0.001306
[e031 s0700/1030] loss = 0.001291
[e031 s0750/1030] loss = 0.001280
[e031 s0800/1030] loss = 0.001255
[e031 s0850/1030] loss = 0.001233
[e031 s0900/1030] loss = 0.001190
[e031 s0950/1030] loss = 0.001182
[e031 s1000/1030] loss = 0.001168
Epoch 031: train_loss = 0.001198  MAE/GAME0 = 27.960  RMSE = 56.066  GAME1 = 43.849  GAME2 = 56.345  GAME3 = 63.655  lr = 1.00e-05  time = 17.8s
[e032 s0001/1030] loss = 0.000646
[e032 s0050/1030] loss = 0.000573
[e032 s0100/1030] loss = 0.000607
[e032 s0150/1030] loss = 0.000583
[e032 s0200/1030] loss = 0.000662
[e032 s0250/1030] loss = 0.000649
[e032 s0300/1030] loss = 0.000697
[e032 s0350/1030] loss = 0.000786
[e032 s0400/1030] loss = 0.000975
[e032 s0450/1030] loss = 0.000995
[e032 s0500/1030] loss = 0.000980
[e032 s0550/1030] loss = 0.001010
[e032 s0600/1030] loss = 0.000976
[e032 s0650/1030] loss = 0.000973
[e032 s0700/1030] loss = 0.000943
[e032 s0750/1030] loss = 0.001147
[e032 s0800/1030] loss = 0.001141
[e032 s0850/1030] loss = 0.001152
[e032 s0900/1030] loss = 0.001144
[e032 s0950/1030] loss = 0.001147
[e032 s1000/1030] loss = 0.001132
Epoch 032: train_loss = 0.001161  MAE/GAME0 = 32.703  RMSE = 63.296  GAME1 = 43.557  GAME2 = 52.496  GAME3 = 57.877  lr = 1.00e-05  time = 17.9s
[e033 s0001/1030] loss = 0.001010
[e033 s0050/1030] loss = 0.000947
[e033 s0100/1030] loss = 0.001208
[e033 s0150/1030] loss = 0.001116
[e033 s0200/1030] loss = 0.001745
[e033 s0250/1030] loss = 0.001585
[e033 s0300/1030] loss = 0.001452
[e033 s0350/1030] loss = 0.001645
[e033 s0400/1030] loss = 0.001528
[e033 s0450/1030] loss = 0.001436
[e033 s0500/1030] loss = 0.001420
[e033 s0550/1030] loss = 0.001477
[e033 s0600/1030] loss = 0.001474
[e033 s0650/1030] loss = 0.001406
[e033 s0700/1030] loss = 0.001369
[e033 s0750/1030] loss = 0.001337
[e033 s0800/1030] loss = 0.001286
[e033 s0850/1030] loss = 0.001271
[e033 s0900/1030] loss = 0.001241
[e033 s0950/1030] loss = 0.001240
[e033 s1000/1030] loss = 0.001242
Epoch 033: train_loss = 0.001235  MAE/GAME0 = 25.976  RMSE = 53.875  GAME1 = 36.009  GAME2 = 44.219  GAME3 = 50.414  lr = 1.00e-05  time = 17.9s
[e034 s0001/1030] loss = 0.000856
[e034 s0050/1030] loss = 0.001514
[e034 s0100/1030] loss = 0.001791
[e034 s0150/1030] loss = 0.001605
[e034 s0200/1030] loss = 0.001366
[e034 s0250/1030] loss = 0.001188
[e034 s0300/1030] loss = 0.001341
[e034 s0350/1030] loss = 0.001329
[e034 s0400/1030] loss = 0.001242
[e034 s0450/1030] loss = 0.001191
[e034 s0500/1030] loss = 0.001146
[e034 s0550/1030] loss = 0.001151
[e034 s0600/1030] loss = 0.001105
[e034 s0650/1030] loss = 0.001144
[e034 s0700/1030] loss = 0.001128
[e034 s0750/1030] loss = 0.001090
[e034 s0800/1030] loss = 0.001071
[e034 s0850/1030] loss = 0.001085
[e034 s0900/1030] loss = 0.001065
[e034 s0950/1030] loss = 0.001093
[e034 s1000/1030] loss = 0.001061
Epoch 034: train_loss = 0.001070  MAE/GAME0 = 24.253  RMSE = 48.564  GAME1 = 31.675  GAME2 = 37.868  GAME3 = 43.500  lr = 1.00e-05  time = 17.9s
[e035 s0001/1030] loss = 0.000773
[e035 s0050/1030] loss = 0.000789
[e035 s0100/1030] loss = 0.001090
[e035 s0150/1030] loss = 0.000879
[e035 s0200/1030] loss = 0.000781
[e035 s0250/1030] loss = 0.000956
[e035 s0300/1030] loss = 0.000902
[e035 s0350/1030] loss = 0.000885
[e035 s0400/1030] loss = 0.000850
[e035 s0450/1030] loss = 0.000801
[e035 s0500/1030] loss = 0.000825
[e035 s0550/1030] loss = 0.000855
[e035 s0600/1030] loss = 0.001143
[e035 s0650/1030] loss = 0.001111
[e035 s0700/1030] loss = 0.001128
[e035 s0750/1030] loss = 0.001100
[e035 s0800/1030] loss = 0.001083
[e035 s0850/1030] loss = 0.001094
[e035 s0900/1030] loss = 0.001068
[e035 s0950/1030] loss = 0.001063
[e035 s1000/1030] loss = 0.001220
Epoch 035: train_loss = 0.001217  MAE/GAME0 = 36.505  RMSE = 64.441  GAME1 = 44.342  GAME2 = 51.057  GAME3 = 55.348  lr = 1.00e-05  time = 17.9s
[e036 s0001/1030] loss = 0.000175
[e036 s0050/1030] loss = 0.000921
[e036 s0100/1030] loss = 0.000789
[e036 s0150/1030] loss = 0.000898
[e036 s0200/1030] loss = 0.000748
[e036 s0250/1030] loss = 0.001526
[e036 s0300/1030] loss = 0.001397
[e036 s0350/1030] loss = 0.001273
[e036 s0400/1030] loss = 0.001223
[e036 s0450/1030] loss = 0.001188
[e036 s0500/1030] loss = 0.001154
[e036 s0550/1030] loss = 0.001162
[e036 s0600/1030] loss = 0.001214
[e036 s0650/1030] loss = 0.001264
[e036 s0700/1030] loss = 0.001233
[e036 s0750/1030] loss = 0.001206
[e036 s0800/1030] loss = 0.001191
[e036 s0850/1030] loss = 0.001154
[e036 s0900/1030] loss = 0.001254
[e036 s0950/1030] loss = 0.001218
[e036 s1000/1030] loss = 0.001194
Epoch 036: train_loss = 0.001233  MAE/GAME0 = 44.430  RMSE = 69.956  GAME1 = 46.894  GAME2 = 49.729  GAME3 = 52.333  lr = 1.00e-05  time = 17.8s
[e037 s0001/1030] loss = 0.000681
[e037 s0050/1030] loss = 0.001187
[e037 s0100/1030] loss = 0.000863
[e037 s0150/1030] loss = 0.000781
[e037 s0200/1030] loss = 0.000700
[e037 s0250/1030] loss = 0.000760
[e037 s0300/1030] loss = 0.000757
[e037 s0350/1030] loss = 0.000851
[e037 s0400/1030] loss = 0.000829
[e037 s0450/1030] loss = 0.000941
[e037 s0500/1030] loss = 0.000953
[e037 s0550/1030] loss = 0.000932
[e037 s0600/1030] loss = 0.000936
[e037 s0650/1030] loss = 0.000944
[e037 s0700/1030] loss = 0.000931
[e037 s0750/1030] loss = 0.000984
[e037 s0800/1030] loss = 0.000993
[e037 s0850/1030] loss = 0.000979
[e037 s0900/1030] loss = 0.001007
[e037 s0950/1030] loss = 0.000997
[e037 s1000/1030] loss = 0.000979
Epoch 037: train_loss = 0.001053  MAE/GAME0 = 56.806  RMSE = 80.804  GAME1 = 56.909  GAME2 = 57.334  GAME3 = 58.229  lr = 1.00e-05  time = 17.9s
[e038 s0001/1030] loss = 0.000880
[e038 s0050/1030] loss = 0.001187
[e038 s0100/1030] loss = 0.001005
[e038 s0150/1030] loss = 0.001085
[e038 s0200/1030] loss = 0.000989
[e038 s0250/1030] loss = 0.001274
[e038 s0300/1030] loss = 0.001174
[e038 s0350/1030] loss = 0.001160
[e038 s0400/1030] loss = 0.001094
[e038 s0450/1030] loss = 0.001039
[e038 s0500/1030] loss = 0.001014
[e038 s0550/1030] loss = 0.000966
[e038 s0600/1030] loss = 0.000927
[e038 s0650/1030] loss = 0.000946
[e038 s0700/1030] loss = 0.000974
[e038 s0750/1030] loss = 0.001005
[e038 s0800/1030] loss = 0.000981
[e038 s0850/1030] loss = 0.000955
[e038 s0900/1030] loss = 0.001007
[e038 s0950/1030] loss = 0.000995
[e038 s1000/1030] loss = 0.000994
Epoch 038: train_loss = 0.000994  MAE/GAME0 = 26.619  RMSE = 50.178  GAME1 = 39.111  GAME2 = 49.638  GAME3 = 56.653  lr = 1.00e-05  time = 17.7s
[e039 s0001/1030] loss = 0.000088
[e039 s0050/1030] loss = 0.002511
[e039 s0100/1030] loss = 0.001863
[e039 s0150/1030] loss = 0.001566
[e039 s0200/1030] loss = 0.001370
[e039 s0250/1030] loss = 0.001369
[e039 s0300/1030] loss = 0.001252
[e039 s0350/1030] loss = 0.001207
[e039 s0400/1030] loss = 0.001153
[e039 s0450/1030] loss = 0.001104
[e039 s0500/1030] loss = 0.001094
[e039 s0550/1030] loss = 0.001089
[e039 s0600/1030] loss = 0.001089
[e039 s0650/1030] loss = 0.001131
[e039 s0700/1030] loss = 0.001118
[e039 s0750/1030] loss = 0.001206
[e039 s0800/1030] loss = 0.001181
[e039 s0850/1030] loss = 0.001139
[e039 s0900/1030] loss = 0.001157
[e039 s0950/1030] loss = 0.001126
[e039 s1000/1030] loss = 0.001135
Epoch 039: train_loss = 0.001123  MAE/GAME0 = 35.741  RMSE = 65.312  GAME1 = 41.519  GAME2 = 46.541  GAME3 = 50.526  lr = 1.00e-05  time = 17.9s
[e040 s0001/1030] loss = 0.000031
[e040 s0050/1030] loss = 0.000721
[e040 s0100/1030] loss = 0.000629
[e040 s0150/1030] loss = 0.000721
[e040 s0200/1030] loss = 0.000776
[e040 s0250/1030] loss = 0.000766
[e040 s0300/1030] loss = 0.000910
[e040 s0350/1030] loss = 0.000880
[e040 s0400/1030] loss = 0.000905
[e040 s0450/1030] loss = 0.000883
[e040 s0500/1030] loss = 0.000861
[e040 s0550/1030] loss = 0.000898
[e040 s0600/1030] loss = 0.000871
[e040 s0650/1030] loss = 0.000860
[e040 s0700/1030] loss = 0.000934
[e040 s0750/1030] loss = 0.000906
[e040 s0800/1030] loss = 0.000893
[e040 s0850/1030] loss = 0.000957
[e040 s0900/1030] loss = 0.000952
[e040 s0950/1030] loss = 0.000946
[e040 s1000/1030] loss = 0.000943
Epoch 040: train_loss = 0.000940  MAE/GAME0 = 29.201  RMSE = 55.935  GAME1 = 43.555  GAME2 = 55.175  GAME3 = 62.059  lr = 1.00e-05  time = 17.8s
[e041 s0001/1030] loss = 0.001451
[e041 s0050/1030] loss = 0.001192
[e041 s0100/1030] loss = 0.000970
[e041 s0150/1030] loss = 0.000841
[e041 s0200/1030] loss = 0.001000
[e041 s0250/1030] loss = 0.000993
[e041 s0300/1030] loss = 0.000969
[e041 s0350/1030] loss = 0.000992
[e041 s0400/1030] loss = 0.000964
[e041 s0450/1030] loss = 0.000929
[e041 s0500/1030] loss = 0.000964
[e041 s0550/1030] loss = 0.000983
[e041 s0600/1030] loss = 0.000948
[e041 s0650/1030] loss = 0.000917
[e041 s0700/1030] loss = 0.000908
[e041 s0750/1030] loss = 0.000939
[e041 s0800/1030] loss = 0.000988
[e041 s0850/1030] loss = 0.000982
[e041 s0900/1030] loss = 0.000963
[e041 s0950/1030] loss = 0.000974
[e041 s1000/1030] loss = 0.000986
Epoch 041: train_loss = 0.001004  MAE/GAME0 = 43.855  RMSE = 70.409  GAME1 = 46.311  GAME2 = 48.959  GAME3 = 51.379  lr = 1.00e-05  time = 17.7s
[e042 s0001/1030] loss = 0.000243
[e042 s0050/1030] loss = 0.001304
[e042 s0100/1030] loss = 0.000905
[e042 s0150/1030] loss = 0.000803
[e042 s0200/1030] loss = 0.000777
[e042 s0250/1030] loss = 0.000777
[e042 s0300/1030] loss = 0.000858
[e042 s0350/1030] loss = 0.000824
[e042 s0400/1030] loss = 0.000781
[e042 s0450/1030] loss = 0.000776
[e042 s0500/1030] loss = 0.000832
[e042 s0550/1030] loss = 0.000827
[e042 s0600/1030] loss = 0.000836
[e042 s0650/1030] loss = 0.000864
[e042 s0700/1030] loss = 0.000893
[e042 s0750/1030] loss = 0.000878
[e042 s0800/1030] loss = 0.000908
[e042 s0850/1030] loss = 0.000918
[e042 s0900/1030] loss = 0.000917
[e042 s0950/1030] loss = 0.000897
[e042 s1000/1030] loss = 0.000877
Epoch 042: train_loss = 0.000874  MAE/GAME0 = 59.497  RMSE = 83.753  GAME1 = 59.748  GAME2 = 60.193  GAME3 = 61.114  lr = 1.00e-05  time = 17.8s
[e043 s0001/1030] loss = 0.000438
[e043 s0050/1030] loss = 0.000628
[e043 s0100/1030] loss = 0.001041
[e043 s0150/1030] loss = 0.000941
[e043 s0200/1030] loss = 0.000961
[e043 s0250/1030] loss = 0.001049
[e043 s0300/1030] loss = 0.000999
[e043 s0350/1030] loss = 0.001065
[e043 s0400/1030] loss = 0.000985
[e043 s0450/1030] loss = 0.001030
[e043 s0500/1030] loss = 0.001010
[e043 s0550/1030] loss = 0.000955
[e043 s0600/1030] loss = 0.000979
[e043 s0650/1030] loss = 0.000956
[e043 s0700/1030] loss = 0.000984
[e043 s0750/1030] loss = 0.001012
[e043 s0800/1030] loss = 0.001053
[e043 s0850/1030] loss = 0.001093
[e043 s0900/1030] loss = 0.001161
[e043 s0950/1030] loss = 0.001155
[e043 s1000/1030] loss = 0.001125
Epoch 043: train_loss = 0.001248  MAE/GAME0 = 38.624  RMSE = 65.779  GAME1 = 42.471  GAME2 = 46.321  GAME3 = 49.148  lr = 1.00e-05  time = 17.8s
[e044 s0001/1030] loss = 0.000034
[e044 s0050/1030] loss = 0.001023
[e044 s0100/1030] loss = 0.000971
[e044 s0150/1030] loss = 0.000824
[e044 s0200/1030] loss = 0.000777
[e044 s0250/1030] loss = 0.000822
[e044 s0300/1030] loss = 0.000820
[e044 s0350/1030] loss = 0.000788
[e044 s0400/1030] loss = 0.000895
[e044 s0450/1030] loss = 0.000922
[e044 s0500/1030] loss = 0.000955
[e044 s0550/1030] loss = 0.000920
[e044 s0600/1030] loss = 0.001069
[e044 s0650/1030] loss = 0.001042
[e044 s0700/1030] loss = 0.001024
[e044 s0750/1030] loss = 0.001064
[e044 s0800/1030] loss = 0.001049
[e044 s0850/1030] loss = 0.001059
[e044 s0900/1030] loss = 0.001077
[e044 s0950/1030] loss = 0.001105
[e044 s1000/1030] loss = 0.001116
Epoch 044: train_loss = 0.001113  MAE/GAME0 = 41.705  RMSE = 57.320  GAME1 = 49.271  GAME2 = 57.627  GAME3 = 63.911  lr = 1.00e-05  time = 18.1s
[e045 s0001/1030] loss = 0.000173
[e045 s0050/1030] loss = 0.000675
[e045 s0100/1030] loss = 0.000717
[e045 s0150/1030] loss = 0.000968
[e045 s0200/1030] loss = 0.000824
[e045 s0250/1030] loss = 0.000766
[e045 s0300/1030] loss = 0.001080
[e045 s0350/1030] loss = 0.001034
[e045 s0400/1030] loss = 0.001144
[e045 s0450/1030] loss = 0.001172
[e045 s0500/1030] loss = 0.001194
[e045 s0550/1030] loss = 0.001183
[e045 s0600/1030] loss = 0.001181
[e045 s0650/1030] loss = 0.001197
[e045 s0700/1030] loss = 0.001161
[e045 s0750/1030] loss = 0.001140
[e045 s0800/1030] loss = 0.001124
[e045 s0850/1030] loss = 0.001138
[e045 s0900/1030] loss = 0.001118
[e045 s0950/1030] loss = 0.001096
[e045 s1000/1030] loss = 0.001079
Epoch 045: train_loss = 0.001059  MAE/GAME0 = 33.091  RMSE = 63.271  GAME1 = 40.906  GAME2 = 47.322  GAME3 = 51.669  lr = 1.00e-05  time = 17.8s
[e046 s0001/1030] loss = 0.000171
[e046 s0050/1030] loss = 0.000588
[e046 s0100/1030] loss = 0.000704
[e046 s0150/1030] loss = 0.000755
[e046 s0200/1030] loss = 0.000727
[e046 s0250/1030] loss = 0.000822
[e046 s0300/1030] loss = 0.000867
[e046 s0350/1030] loss = 0.000883
[e046 s0400/1030] loss = 0.000845
[e046 s0450/1030] loss = 0.000830
[e046 s0500/1030] loss = 0.000800
[e046 s0550/1030] loss = 0.000860
[e046 s0600/1030] loss = 0.000838
[e046 s0650/1030] loss = 0.000813
[e046 s0700/1030] loss = 0.000799
[e046 s0750/1030] loss = 0.000796
[e046 s0800/1030] loss = 0.000955
[e046 s0850/1030] loss = 0.000970
[e046 s0900/1030] loss = 0.000995
[e046 s0950/1030] loss = 0.000997
[e046 s1000/1030] loss = 0.000982
Epoch 046: train_loss = 0.001017  MAE/GAME0 = 32.569  RMSE = 53.209  GAME1 = 44.856  GAME2 = 56.539  GAME3 = 64.334  lr = 1.00e-05  time = 18.3s
[e047 s0001/1030] loss = 0.000542
[e047 s0050/1030] loss = 0.001255
[e047 s0100/1030] loss = 0.001064
[e047 s0150/1030] loss = 0.000923
[e047 s0200/1030] loss = 0.000909
[e047 s0250/1030] loss = 0.000897
[e047 s0300/1030] loss = 0.000851
[e047 s0350/1030] loss = 0.000910
[e047 s0400/1030] loss = 0.000916
[e047 s0450/1030] loss = 0.000928
[e047 s0500/1030] loss = 0.000947
[e047 s0550/1030] loss = 0.000983
[e047 s0600/1030] loss = 0.000960
[e047 s0650/1030] loss = 0.000970
[e047 s0700/1030] loss = 0.000990
[e047 s0750/1030] loss = 0.001061
[e047 s0800/1030] loss = 0.001128
[e047 s0850/1030] loss = 0.001149
[e047 s0900/1030] loss = 0.001126
[e047 s0950/1030] loss = 0.001124
[e047 s1000/1030] loss = 0.001108
Epoch 047: train_loss = 0.001170  MAE/GAME0 = 51.183  RMSE = 77.774  GAME1 = 55.794  GAME2 = 60.669  GAME3 = 63.324  lr = 1.00e-05  time = 17.8s
[e048 s0001/1030] loss = 0.001090
[e048 s0050/1030] loss = 0.002250
[e048 s0100/1030] loss = 0.001594
[e048 s0150/1030] loss = 0.001522
[e048 s0200/1030] loss = 0.001451
[e048 s0250/1030] loss = 0.001582
[e048 s0300/1030] loss = 0.001462
[e048 s0350/1030] loss = 0.001376
[e048 s0400/1030] loss = 0.001270
[e048 s0450/1030] loss = 0.001273
[e048 s0500/1030] loss = 0.001196
[e048 s0550/1030] loss = 0.001213
[e048 s0600/1030] loss = 0.001217
[e048 s0650/1030] loss = 0.001194
[e048 s0700/1030] loss = 0.001154
[e048 s0750/1030] loss = 0.001119
[e048 s0800/1030] loss = 0.001086
[e048 s0850/1030] loss = 0.001050
[e048 s0900/1030] loss = 0.001035
[e048 s0950/1030] loss = 0.001027
[e048 s1000/1030] loss = 0.001011
Epoch 048: train_loss = 0.000999  MAE/GAME0 = 49.795  RMSE = 75.669  GAME1 = 52.779  GAME2 = 56.263  GAME3 = 58.172  lr = 1.00e-05  time = 17.8s
[e049 s0001/1030] loss = 0.000107
[e049 s0050/1030] loss = 0.001612
[e049 s0100/1030] loss = 0.001674
[e049 s0150/1030] loss = 0.002091
[e049 s0200/1030] loss = 0.001921
[e049 s0250/1030] loss = 0.001854
[e049 s0300/1030] loss = 0.001651
[e049 s0350/1030] loss = 0.001517
[e049 s0400/1030] loss = 0.001427
[e049 s0450/1030] loss = 0.001367
[e049 s0500/1030] loss = 0.001373
[e049 s0550/1030] loss = 0.001288
[e049 s0600/1030] loss = 0.001289
[e049 s0650/1030] loss = 0.001278
[e049 s0700/1030] loss = 0.001328
[e049 s0750/1030] loss = 0.001266
[e049 s0800/1030] loss = 0.001256
[e049 s0850/1030] loss = 0.001254
[e049 s0900/1030] loss = 0.001257
[e049 s0950/1030] loss = 0.001237
[e049 s1000/1030] loss = 0.001228
Epoch 049: train_loss = 0.001211  MAE/GAME0 = 46.078  RMSE = 70.907  GAME1 = 50.106  GAME2 = 54.761  GAME3 = 57.381  lr = 1.00e-05  time = 18.0s
[e050 s0001/1030] loss = 0.000406
[e050 s0050/1030] loss = 0.001128
[e050 s0100/1030] loss = 0.001167
[e050 s0150/1030] loss = 0.001150
[e050 s0200/1030] loss = 0.001005
[e050 s0250/1030] loss = 0.001008
[e050 s0300/1030] loss = 0.001033
[e050 s0350/1030] loss = 0.001021
[e050 s0400/1030] loss = 0.001015
[e050 s0450/1030] loss = 0.001024
[e050 s0500/1030] loss = 0.001006
[e050 s0550/1030] loss = 0.001020
[e050 s0600/1030] loss = 0.000989
[e050 s0650/1030] loss = 0.001029
[e050 s0700/1030] loss = 0.001038
[e050 s0750/1030] loss = 0.001006
[e050 s0800/1030] loss = 0.001041
[e050 s0850/1030] loss = 0.001075
[e050 s0900/1030] loss = 0.001080
[e050 s0950/1030] loss = 0.001071
[e050 s1000/1030] loss = 0.001048
Epoch 050: train_loss = 0.001034  MAE/GAME0 = 41.345  RMSE = 68.221  GAME1 = 45.663  GAME2 = 50.147  GAME3 = 52.738  lr = 1.00e-05  time = 17.9s
[e051 s0001/1030] loss = 0.000272
[e051 s0050/1030] loss = 0.001148
[e051 s0100/1030] loss = 0.000996
[e051 s0150/1030] loss = 0.001245
[e051 s0200/1030] loss = 0.001215
[e051 s0250/1030] loss = 0.001250
[e051 s0300/1030] loss = 0.001264
[e051 s0350/1030] loss = 0.001228
[e051 s0400/1030] loss = 0.001200
[e051 s0450/1030] loss = 0.001142
[e051 s0500/1030] loss = 0.001110
[e051 s0550/1030] loss = 0.001109
[e051 s0600/1030] loss = 0.001059
[e051 s0650/1030] loss = 0.001051
[e051 s0700/1030] loss = 0.001050
[e051 s0750/1030] loss = 0.001032
[e051 s0800/1030] loss = 0.001022
[e051 s0850/1030] loss = 0.001021
[e051 s0900/1030] loss = 0.001067
[e051 s0950/1030] loss = 0.001043
[e051 s1000/1030] loss = 0.001015
Epoch 051: train_loss = 0.001002  MAE/GAME0 = 37.935  RMSE = 67.385  GAME1 = 47.526  GAME2 = 55.913  GAME3 = 60.246  lr = 1.00e-05  time = 18.0s
[e052 s0001/1030] loss = 0.000094
[e052 s0050/1030] loss = 0.000907
[e052 s0100/1030] loss = 0.000845
[e052 s0150/1030] loss = 0.001216
[e052 s0200/1030] loss = 0.001112
[e052 s0250/1030] loss = 0.001158
[e052 s0300/1030] loss = 0.001058
[e052 s0350/1030] loss = 0.001102
[e052 s0400/1030] loss = 0.001104
[e052 s0450/1030] loss = 0.001159
[e052 s0500/1030] loss = 0.001135
[e052 s0550/1030] loss = 0.001066
[e052 s0600/1030] loss = 0.001049
[e052 s0650/1030] loss = 0.001024
[e052 s0700/1030] loss = 0.001029
[e052 s0750/1030] loss = 0.001033
[e052 s0800/1030] loss = 0.001013
[e052 s0850/1030] loss = 0.001002
[e052 s0900/1030] loss = 0.001001
[e052 s0950/1030] loss = 0.000988
[e052 s1000/1030] loss = 0.000969
Epoch 052: train_loss = 0.000978  MAE/GAME0 = 28.055  RMSE = 58.132  GAME1 = 36.549  GAME2 = 43.417  GAME3 = 48.766  lr = 1.00e-05  time = 17.9s
[e053 s0001/1030] loss = 0.007920
[e053 s0050/1030] loss = 0.001782
[e053 s0100/1030] loss = 0.001752
[e053 s0150/1030] loss = 0.001340
[e053 s0200/1030] loss = 0.001237
[e053 s0250/1030] loss = 0.001235
[e053 s0300/1030] loss = 0.001123
[e053 s0350/1030] loss = 0.001085
[e053 s0400/1030] loss = 0.001026
[e053 s0450/1030] loss = 0.001000
[e053 s0500/1030] loss = 0.001090
[e053 s0550/1030] loss = 0.001133
[e053 s0600/1030] loss = 0.001114
[e053 s0650/1030] loss = 0.001095
[e053 s0700/1030] loss = 0.001127
[e053 s0750/1030] loss = 0.001098
[e053 s0800/1030] loss = 0.001083
[e053 s0850/1030] loss = 0.001087
[e053 s0900/1030] loss = 0.001106
[e053 s0950/1030] loss = 0.001090
[e053 s1000/1030] loss = 0.001070
Epoch 053: train_loss = 0.001143  MAE/GAME0 = 36.247  RMSE = 67.496  GAME1 = 49.036  GAME2 = 59.651  GAME3 = 65.511  lr = 1.00e-05  time = 17.7s
[e054 s0001/1030] loss = 0.000236
[e054 s0050/1030] loss = 0.001198
[e054 s0100/1030] loss = 0.002287
[e054 s0150/1030] loss = 0.001856
[e054 s0200/1030] loss = 0.001690
[e054 s0250/1030] loss = 0.001601
[e054 s0300/1030] loss = 0.001531
[e054 s0350/1030] loss = 0.001396
[e054 s0400/1030] loss = 0.001374
[e054 s0450/1030] loss = 0.001290
[e054 s0500/1030] loss = 0.001205
[e054 s0550/1030] loss = 0.001205
[e054 s0600/1030] loss = 0.001272
[e054 s0650/1030] loss = 0.001298
[e054 s0700/1030] loss = 0.001254
[e054 s0750/1030] loss = 0.001211
[e054 s0800/1030] loss = 0.001159
[e054 s0850/1030] loss = 0.001168
[e054 s0900/1030] loss = 0.001148
[e054 s0950/1030] loss = 0.001145
[e054 s1000/1030] loss = 0.001123
Epoch 054: train_loss = 0.001115  MAE/GAME0 = 32.501  RMSE = 62.619  GAME1 = 43.278  GAME2 = 52.033  GAME3 = 57.472  lr = 1.00e-05  time = 17.9s
[e055 s0001/1030] loss = 0.000054
[e055 s0050/1030] loss = 0.000637
[e055 s0100/1030] loss = 0.000622
[e055 s0150/1030] loss = 0.000693
[e055 s0200/1030] loss = 0.000774
[e055 s0250/1030] loss = 0.000833
[e055 s0300/1030] loss = 0.000884
[e055 s0350/1030] loss = 0.000937
[e055 s0400/1030] loss = 0.000951
[e055 s0450/1030] loss = 0.000966
[e055 s0500/1030] loss = 0.000925
[e055 s0550/1030] loss = 0.000962
[e055 s0600/1030] loss = 0.001001
[e055 s0650/1030] loss = 0.001015
[e055 s0700/1030] loss = 0.000980
[e055 s0750/1030] loss = 0.000940
[e055 s0800/1030] loss = 0.000960
[e055 s0850/1030] loss = 0.000993
[e055 s0900/1030] loss = 0.000972
[e055 s0950/1030] loss = 0.000976
[e055 s1000/1030] loss = 0.001100
Epoch 055: train_loss = 0.001122  MAE/GAME0 = 60.519  RMSE = 82.975  GAME1 = 60.537  GAME2 = 60.699  GAME3 = 61.043  lr = 1.00e-05  time = 18.0s
[e056 s0001/1030] loss = 0.000194
[e056 s0050/1030] loss = 0.000848
[e056 s0100/1030] loss = 0.001129
[e056 s0150/1030] loss = 0.001125
[e056 s0200/1030] loss = 0.001036
[e056 s0250/1030] loss = 0.001017
[e056 s0300/1030] loss = 0.000996
[e056 s0350/1030] loss = 0.000942
[e056 s0400/1030] loss = 0.000924
[e056 s0450/1030] loss = 0.000885
[e056 s0500/1030] loss = 0.000875
[e056 s0550/1030] loss = 0.000856
[e056 s0600/1030] loss = 0.000909
[e056 s0650/1030] loss = 0.000923
[e056 s0700/1030] loss = 0.000906
[e056 s0750/1030] loss = 0.000895
[e056 s0800/1030] loss = 0.000869
[e056 s0850/1030] loss = 0.001061
[e056 s0900/1030] loss = 0.001082
[e056 s0950/1030] loss = 0.001120
[e056 s1000/1030] loss = 0.001105
Epoch 056: train_loss = 0.001085  MAE/GAME0 = 48.364  RMSE = 73.657  GAME1 = 50.618  GAME2 = 53.621  GAME3 = 55.365  lr = 1.00e-05  time = 17.8s
[e057 s0001/1030] loss = 0.000111
[e057 s0050/1030] loss = 0.000607
[e057 s0100/1030] loss = 0.001076
[e057 s0150/1030] loss = 0.001082
[e057 s0200/1030] loss = 0.001115
[e057 s0250/1030] loss = 0.001016
[e057 s0300/1030] loss = 0.001037
[e057 s0350/1030] loss = 0.000969
[e057 s0400/1030] loss = 0.000995
[e057 s0450/1030] loss = 0.001037
[e057 s0500/1030] loss = 0.001031
[e057 s0550/1030] loss = 0.001028
[e057 s0600/1030] loss = 0.001051
[e057 s0650/1030] loss = 0.001304
[e057 s0700/1030] loss = 0.001271
[e057 s0750/1030] loss = 0.001249
[e057 s0800/1030] loss = 0.001203
[e057 s0850/1030] loss = 0.001209
[e057 s0900/1030] loss = 0.001214
[e057 s0950/1030] loss = 0.001213
[e057 s1000/1030] loss = 0.001183
Epoch 057: train_loss = 0.001165  MAE/GAME0 = 27.798  RMSE = 58.229  GAME1 = 40.839  GAME2 = 51.545  GAME3 = 58.025  lr = 1.00e-05  time = 17.7s
[e058 s0001/1030] loss = 0.000033
[e058 s0050/1030] loss = 0.000359
[e058 s0100/1030] loss = 0.001031
[e058 s0150/1030] loss = 0.001162
[e058 s0200/1030] loss = 0.001058
[e058 s0250/1030] loss = 0.001038
[e058 s0300/1030] loss = 0.001099
[e058 s0350/1030] loss = 0.001092
[e058 s0400/1030] loss = 0.001088
[e058 s0450/1030] loss = 0.001078
[e058 s0500/1030] loss = 0.001058
[e058 s0550/1030] loss = 0.001066
[e058 s0600/1030] loss = 0.001043
[e058 s0650/1030] loss = 0.001061
[e058 s0700/1030] loss = 0.001029
[e058 s0750/1030] loss = 0.001017
[e058 s0800/1030] loss = 0.000981
[e058 s0850/1030] loss = 0.000997
[e058 s0900/1030] loss = 0.000975
[e058 s0950/1030] loss = 0.000952
[e058 s1000/1030] loss = 0.000956
Epoch 058: train_loss = 0.000948  MAE/GAME0 = 27.699  RMSE = 58.031  GAME1 = 39.083  GAME2 = 48.095  GAME3 = 54.234  lr = 1.00e-05  time = 17.9s
[e059 s0001/1030] loss = 0.000032
[e059 s0050/1030] loss = 0.001171
[e059 s0100/1030] loss = 0.001209
[e059 s0150/1030] loss = 0.001333
[e059 s0200/1030] loss = 0.001956
[e059 s0250/1030] loss = 0.001936
[e059 s0300/1030] loss = 0.001893
[e059 s0350/1030] loss = 0.001709
[e059 s0400/1030] loss = 0.001605
[e059 s0450/1030] loss = 0.001518
[e059 s0500/1030] loss = 0.001496
[e059 s0550/1030] loss = 0.001439
[e059 s0600/1030] loss = 0.001405
[e059 s0650/1030] loss = 0.001371
[e059 s0700/1030] loss = 0.001361
[e059 s0750/1030] loss = 0.001315
[e059 s0800/1030] loss = 0.001282
[e059 s0850/1030] loss = 0.001243
[e059 s0900/1030] loss = 0.001209
[e059 s0950/1030] loss = 0.001179
[e059 s1000/1030] loss = 0.001176
Epoch 059: train_loss = 0.001166  MAE/GAME0 = 44.862  RMSE = 70.523  GAME1 = 50.355  GAME2 = 55.869  GAME3 = 59.160  lr = 1.00e-05  time = 17.9s
[e060 s0001/1030] loss = 0.000033
[e060 s0050/1030] loss = 0.001849
[e060 s0100/1030] loss = 0.001155
[e060 s0150/1030] loss = 0.001200
[e060 s0200/1030] loss = 0.001066
[e060 s0250/1030] loss = 0.001696
[e060 s0300/1030] loss = 0.001542
[e060 s0350/1030] loss = 0.001421
[e060 s0400/1030] loss = 0.001355
[e060 s0450/1030] loss = 0.001338
[e060 s0500/1030] loss = 0.001272
[e060 s0550/1030] loss = 0.001245
[e060 s0600/1030] loss = 0.001232
[e060 s0650/1030] loss = 0.001189
[e060 s0700/1030] loss = 0.001230
[e060 s0750/1030] loss = 0.001237
[e060 s0800/1030] loss = 0.001229
[e060 s0850/1030] loss = 0.001200
[e060 s0900/1030] loss = 0.001162
[e060 s0950/1030] loss = 0.001181
[e060 s1000/1030] loss = 0.001152
Epoch 060: train_loss = 0.001132  MAE/GAME0 = 51.062  RMSE = 74.392  GAME1 = 51.341  GAME2 = 52.318  GAME3 = 53.263  lr = 1.00e-05  time = 17.9s
[e061 s0001/1030] loss = 0.000001
[e061 s0050/1030] loss = 0.000545
[e061 s0100/1030] loss = 0.000915
[e061 s0150/1030] loss = 0.000976
[e061 s0200/1030] loss = 0.001011
[e061 s0250/1030] loss = 0.001030
[e061 s0300/1030] loss = 0.001131
[e061 s0350/1030] loss = 0.001153
[e061 s0400/1030] loss = 0.001117
[e061 s0450/1030] loss = 0.001110
[e061 s0500/1030] loss = 0.001071
[e061 s0550/1030] loss = 0.001124
[e061 s0600/1030] loss = 0.001098
[e061 s0650/1030] loss = 0.001084
[e061 s0700/1030] loss = 0.001054
[e061 s0750/1030] loss = 0.001051
[e061 s0800/1030] loss = 0.001024
[e061 s0850/1030] loss = 0.001016
[e061 s0900/1030] loss = 0.000999
[e061 s0950/1030] loss = 0.001030
[e061 s1000/1030] loss = 0.001011
Epoch 061: train_loss = 0.001008  MAE/GAME0 = 29.669  RMSE = 53.272  GAME1 = 43.739  GAME2 = 56.488  GAME3 = 64.540  lr = 1.00e-05  time = 17.9s
[e062 s0001/1030] loss = 0.000491
[e062 s0050/1030] loss = 0.001944
[e062 s0100/1030] loss = 0.001398
[e062 s0150/1030] loss = 0.001132
[e062 s0200/1030] loss = 0.001007
[e062 s0250/1030] loss = 0.001034
[e062 s0300/1030] loss = 0.001002
[e062 s0350/1030] loss = 0.000954
[e062 s0400/1030] loss = 0.000936
[e062 s0450/1030] loss = 0.000888
[e062 s0500/1030] loss = 0.000856
[e062 s0550/1030] loss = 0.000846
[e062 s0600/1030] loss = 0.000846
[e062 s0650/1030] loss = 0.000834
[e062 s0700/1030] loss = 0.000815
[e062 s0750/1030] loss = 0.000920
[e062 s0800/1030] loss = 0.000926
[e062 s0850/1030] loss = 0.000925
[e062 s0900/1030] loss = 0.000924
[e062 s0950/1030] loss = 0.000998
[e062 s1000/1030] loss = 0.000983
Epoch 062: train_loss = 0.000974  MAE/GAME0 = 56.438  RMSE = 80.776  GAME1 = 57.156  GAME2 = 58.242  GAME3 = 59.211  lr = 1.00e-05  time = 17.7s
[e063 s0001/1030] loss = 0.000201
[e063 s0050/1030] loss = 0.001143
[e063 s0100/1030] loss = 0.001041
[e063 s0150/1030] loss = 0.000904
[e063 s0200/1030] loss = 0.000879
[e063 s0250/1030] loss = 0.000907
[e063 s0300/1030] loss = 0.000916
[e063 s0350/1030] loss = 0.000859
[e063 s0400/1030] loss = 0.000908
[e063 s0450/1030] loss = 0.000917
[e063 s0500/1030] loss = 0.000869
[e063 s0550/1030] loss = 0.000857
[e063 s0600/1030] loss = 0.000843
[e063 s0650/1030] loss = 0.000996
[e063 s0700/1030] loss = 0.001090
[e063 s0750/1030] loss = 0.001069
[e063 s0800/1030] loss = 0.001027
[e063 s0850/1030] loss = 0.001000
[e063 s0900/1030] loss = 0.000990
[e063 s0950/1030] loss = 0.000987
[e063 s1000/1030] loss = 0.000987
Epoch 063: train_loss = 0.000986  MAE/GAME0 = 63.056  RMSE = 82.889  GAME1 = 63.055  GAME2 = 63.203  GAME3 = 63.519  lr = 1.00e-05  time = 17.7s
[e064 s0001/1030] loss = 0.002647
[e064 s0050/1030] loss = 0.000925
[e064 s0100/1030] loss = 0.000958
[e064 s0150/1030] loss = 0.001039
[e064 s0200/1030] loss = 0.001150
[e064 s0250/1030] loss = 0.001170
[e064 s0300/1030] loss = 0.001239
[e064 s0350/1030] loss = 0.001205
[e064 s0400/1030] loss = 0.001120
[e064 s0450/1030] loss = 0.001089
[e064 s0500/1030] loss = 0.001098
[e064 s0550/1030] loss = 0.001060
[e064 s0600/1030] loss = 0.001074
[e064 s0650/1030] loss = 0.001041
[e064 s0700/1030] loss = 0.001078
[e064 s0750/1030] loss = 0.001074
[e064 s0800/1030] loss = 0.001058
[e064 s0850/1030] loss = 0.001040
[e064 s0900/1030] loss = 0.001055
[e064 s0950/1030] loss = 0.001036
[e064 s1000/1030] loss = 0.001045
Epoch 064: train_loss = 0.001039  MAE/GAME0 = 38.832  RMSE = 67.635  GAME1 = 44.094  GAME2 = 48.609  GAME3 = 52.173  lr = 1.00e-05  time = 17.8s
[e065 s0001/1030] loss = 0.000344
[e065 s0050/1030] loss = 0.000606
[e065 s0100/1030] loss = 0.000714
[e065 s0150/1030] loss = 0.000715
[e065 s0200/1030] loss = 0.000661
[e065 s0250/1030] loss = 0.000642
[e065 s0300/1030] loss = 0.000628
[e065 s0350/1030] loss = 0.000673
[e065 s0400/1030] loss = 0.000678
[e065 s0450/1030] loss = 0.000671
[e065 s0500/1030] loss = 0.000646
[e065 s0550/1030] loss = 0.000679
[e065 s0600/1030] loss = 0.000697
[e065 s0650/1030] loss = 0.000739
[e065 s0700/1030] loss = 0.000735
[e065 s0750/1030] loss = 0.001104
[e065 s0800/1030] loss = 0.001106
[e065 s0850/1030] loss = 0.001110
[e065 s0900/1030] loss = 0.001118
[e065 s0950/1030] loss = 0.001102
[e065 s1000/1030] loss = 0.001146
Epoch 065: train_loss = 0.001133  MAE/GAME0 = 57.812  RMSE = 79.552  GAME1 = 57.839  GAME2 = 58.100  GAME3 = 58.625  lr = 1.00e-05  time = 18.0s
[e066 s0001/1030] loss = 0.000405
[e066 s0050/1030] loss = 0.000881
[e066 s0100/1030] loss = 0.000780
[e066 s0150/1030] loss = 0.001095
[e066 s0200/1030] loss = 0.001009
[e066 s0250/1030] loss = 0.001040
[e066 s0300/1030] loss = 0.001050
[e066 s0350/1030] loss = 0.001010
[e066 s0400/1030] loss = 0.001040
[e066 s0450/1030] loss = 0.000995
[e066 s0500/1030] loss = 0.000994
[e066 s0550/1030] loss = 0.000981
[e066 s0600/1030] loss = 0.000976
[e066 s0650/1030] loss = 0.000974
[e066 s0700/1030] loss = 0.001028
[e066 s0750/1030] loss = 0.001028
[e066 s0800/1030] loss = 0.001098
[e066 s0850/1030] loss = 0.001120
[e066 s0900/1030] loss = 0.001113
[e066 s0950/1030] loss = 0.001089
[e066 s1000/1030] loss = 0.001061
Epoch 066: train_loss = 0.001057  MAE/GAME0 = 43.540  RMSE = 66.178  GAME1 = 44.797  GAME2 = 46.359  GAME3 = 48.333  lr = 1.00e-05  time = 17.8s
[e067 s0001/1030] loss = 0.000293
[e067 s0050/1030] loss = 0.002461
[e067 s0100/1030] loss = 0.001943
[e067 s0150/1030] loss = 0.001561
[e067 s0200/1030] loss = 0.001452
[e067 s0250/1030] loss = 0.001456
[e067 s0300/1030] loss = 0.001367
[e067 s0350/1030] loss = 0.001317
[e067 s0400/1030] loss = 0.001226
[e067 s0450/1030] loss = 0.001193
[e067 s0500/1030] loss = 0.001143
[e067 s0550/1030] loss = 0.001149
[e067 s0600/1030] loss = 0.001146
[e067 s0650/1030] loss = 0.001153
[e067 s0700/1030] loss = 0.001104
[e067 s0750/1030] loss = 0.001089
[e067 s0800/1030] loss = 0.001112
[e067 s0850/1030] loss = 0.001119
[e067 s0900/1030] loss = 0.001129
[e067 s0950/1030] loss = 0.001096
[e067 s1000/1030] loss = 0.001080
Epoch 067: train_loss = 0.001070  MAE/GAME0 = 26.182  RMSE = 51.260  GAME1 = 40.165  GAME2 = 52.200  GAME3 = 59.656  lr = 1.00e-05  time = 17.9s
[e068 s0001/1030] loss = 0.000845
[e068 s0050/1030] loss = 0.000875
[e068 s0100/1030] loss = 0.000946
[e068 s0150/1030] loss = 0.001046
[e068 s0200/1030] loss = 0.001036
[e068 s0250/1030] loss = 0.000910
[e068 s0300/1030] loss = 0.000875
[e068 s0350/1030] loss = 0.000896
[e068 s0400/1030] loss = 0.000943
[e068 s0450/1030] loss = 0.000988
[e068 s0500/1030] loss = 0.000936
[e068 s0550/1030] loss = 0.000950
[e068 s0600/1030] loss = 0.000983
[e068 s0650/1030] loss = 0.000987
[e068 s0700/1030] loss = 0.000955
[e068 s0750/1030] loss = 0.000955
[e068 s0800/1030] loss = 0.000989
[e068 s0850/1030] loss = 0.000974
[e068 s0900/1030] loss = 0.000951
[e068 s0950/1030] loss = 0.000931
[e068 s1000/1030] loss = 0.000918
Epoch 068: train_loss = 0.000906  MAE/GAME0 = 63.976  RMSE = 85.067  GAME1 = 63.981  GAME2 = 64.016  GAME3 = 64.101  lr = 1.00e-05  time = 17.9s
[e069 s0001/1030] loss = 0.000849
[e069 s0050/1030] loss = 0.000975
[e069 s0100/1030] loss = 0.000868
[e069 s0150/1030] loss = 0.001342
[e069 s0200/1030] loss = 0.001363
[e069 s0250/1030] loss = 0.001404
[e069 s0300/1030] loss = 0.001323
[e069 s0350/1030] loss = 0.001386
[e069 s0400/1030] loss = 0.001292
[e069 s0450/1030] loss = 0.001213
[e069 s0500/1030] loss = 0.001206
[e069 s0550/1030] loss = 0.001213
[e069 s0600/1030] loss = 0.001185
[e069 s0650/1030] loss = 0.001186
[e069 s0700/1030] loss = 0.001178
[e069 s0750/1030] loss = 0.001150
[e069 s0800/1030] loss = 0.001115
[e069 s0850/1030] loss = 0.001118
[e069 s0900/1030] loss = 0.001111
[e069 s0950/1030] loss = 0.001086
[e069 s1000/1030] loss = 0.001074
Epoch 069: train_loss = 0.001238  MAE/GAME0 = 27.195  RMSE = 51.432  GAME1 = 42.639  GAME2 = 55.772  GAME3 = 63.896  lr = 1.00e-05  time = 17.7s
[e070 s0001/1030] loss = 0.001777
[e070 s0050/1030] loss = 0.000734
[e070 s0100/1030] loss = 0.001059
[e070 s0150/1030] loss = 0.000937
[e070 s0200/1030] loss = 0.000990
[e070 s0250/1030] loss = 0.000959
[e070 s0300/1030] loss = 0.000930
[e070 s0350/1030] loss = 0.000880
[e070 s0400/1030] loss = 0.000915
[e070 s0450/1030] loss = 0.000957
[e070 s0500/1030] loss = 0.000951
[e070 s0550/1030] loss = 0.000944
[e070 s0600/1030] loss = 0.000959
[e070 s0650/1030] loss = 0.000953
[e070 s0700/1030] loss = 0.000965
[e070 s0750/1030] loss = 0.000960
[e070 s0800/1030] loss = 0.000956
[e070 s0850/1030] loss = 0.000944
[e070 s0900/1030] loss = 0.000923
[e070 s0950/1030] loss = 0.000897
[e070 s1000/1030] loss = 0.000880
Epoch 070: train_loss = 0.000888  MAE/GAME0 = 42.338  RMSE = 69.619  GAME1 = 48.746  GAME2 = 54.782  GAME3 = 58.357  lr = 1.00e-05  time = 18.0s
[e071 s0001/1030] loss = 0.000149
[e071 s0050/1030] loss = 0.000571
[e071 s0100/1030] loss = 0.000520
[e071 s0150/1030] loss = 0.000708
[e071 s0200/1030] loss = 0.000714
[e071 s0250/1030] loss = 0.000763
[e071 s0300/1030] loss = 0.000875
[e071 s0350/1030] loss = 0.000826
[e071 s0400/1030] loss = 0.000940
[e071 s0450/1030] loss = 0.000917
[e071 s0500/1030] loss = 0.000893
[e071 s0550/1030] loss = 0.000870
[e071 s0600/1030] loss = 0.000894
[e071 s0650/1030] loss = 0.000898
[e071 s0700/1030] loss = 0.000904
[e071 s0750/1030] loss = 0.000922
[e071 s0800/1030] loss = 0.000948
[e071 s0850/1030] loss = 0.000923
[e071 s0900/1030] loss = 0.000926
[e071 s0950/1030] loss = 0.000914
[e071 s1000/1030] loss = 0.000907
Epoch 071: train_loss = 0.000911  MAE/GAME0 = 27.541  RMSE = 56.333  GAME1 = 41.322  GAME2 = 52.504  GAME3 = 59.379  lr = 1.00e-05  time = 17.9s
[e072 s0001/1030] loss = 0.000737
[e072 s0050/1030] loss = 0.000455
[e072 s0100/1030] loss = 0.000863
[e072 s0150/1030] loss = 0.000811
[e072 s0200/1030] loss = 0.001356
[e072 s0250/1030] loss = 0.001250
[e072 s0300/1030] loss = 0.001226
[e072 s0350/1030] loss = 0.001244
[e072 s0400/1030] loss = 0.001176
[e072 s0450/1030] loss = 0.001105
[e072 s0500/1030] loss = 0.001075
[e072 s0550/1030] loss = 0.001050
[e072 s0600/1030] loss = 0.001069
[e072 s0650/1030] loss = 0.001047
[e072 s0700/1030] loss = 0.001134
[e072 s0750/1030] loss = 0.001125
[e072 s0800/1030] loss = 0.001107
[e072 s0850/1030] loss = 0.001067
[e072 s0900/1030] loss = 0.001030
[e072 s0950/1030] loss = 0.001010
[e072 s1000/1030] loss = 0.001017
Epoch 072: train_loss = 0.001011  MAE/GAME0 = 36.809  RMSE = 65.589  GAME1 = 44.076  GAME2 = 49.822  GAME3 = 53.476  lr = 1.00e-05  time = 17.9s
[e073 s0001/1030] loss = 0.000221
[e073 s0050/1030] loss = 0.000721
[e073 s0100/1030] loss = 0.000719
[e073 s0150/1030] loss = 0.000692
[e073 s0200/1030] loss = 0.000644
[e073 s0250/1030] loss = 0.000694
[e073 s0300/1030] loss = 0.000874
[e073 s0350/1030] loss = 0.000964
[e073 s0400/1030] loss = 0.000913
[e073 s0450/1030] loss = 0.000907
[e073 s0500/1030] loss = 0.000926
[e073 s0550/1030] loss = 0.001053
[e073 s0600/1030] loss = 0.001089
[e073 s0650/1030] loss = 0.001046
[e073 s0700/1030] loss = 0.001040
[e073 s0750/1030] loss = 0.001034
[e073 s0800/1030] loss = 0.001065
[e073 s0850/1030] loss = 0.001027
[e073 s0900/1030] loss = 0.001013
[e073 s0950/1030] loss = 0.000992
[e073 s1000/1030] loss = 0.001018
Epoch 073: train_loss = 0.001019  MAE/GAME0 = 57.614  RMSE = 80.128  GAME1 = 57.767  GAME2 = 58.218  GAME3 = 58.824  lr = 1.00e-05  time = 17.9s
[e074 s0001/1030] loss = 0.000339
[e074 s0050/1030] loss = 0.000629
[e074 s0100/1030] loss = 0.000841
[e074 s0150/1030] loss = 0.000737
[e074 s0200/1030] loss = 0.000969
[e074 s0250/1030] loss = 0.000943
[e074 s0300/1030] loss = 0.001056
[e074 s0350/1030] loss = 0.001074
[e074 s0400/1030] loss = 0.001117
[e074 s0450/1030] loss = 0.001182
[e074 s0500/1030] loss = 0.001131
[e074 s0550/1030] loss = 0.001132
[e074 s0600/1030] loss = 0.001119
[e074 s0650/1030] loss = 0.001089
[e074 s0700/1030] loss = 0.001177
[e074 s0750/1030] loss = 0.001156
[e074 s0800/1030] loss = 0.001104
[e074 s0850/1030] loss = 0.001118
[e074 s0900/1030] loss = 0.001114
[e074 s0950/1030] loss = 0.001137
[e074 s1000/1030] loss = 0.001115
Epoch 074: train_loss = 0.001104  MAE/GAME0 = 38.474  RMSE = 66.016  GAME1 = 46.556  GAME2 = 53.961  GAME3 = 58.201  lr = 1.00e-05  time = 17.8s
[e075 s0001/1030] loss = 0.000079
[e075 s0050/1030] loss = 0.001012
[e075 s0100/1030] loss = 0.001054
[e075 s0150/1030] loss = 0.001073
[e075 s0200/1030] loss = 0.001082
[e075 s0250/1030] loss = 0.001148
[e075 s0300/1030] loss = 0.001077
[e075 s0350/1030] loss = 0.001021
[e075 s0400/1030] loss = 0.001134
[e075 s0450/1030] loss = 0.001272
[e075 s0500/1030] loss = 0.001213
[e075 s0550/1030] loss = 0.001178
[e075 s0600/1030] loss = 0.001148
[e075 s0650/1030] loss = 0.001130
[e075 s0700/1030] loss = 0.001104
[e075 s0750/1030] loss = 0.001080
[e075 s0800/1030] loss = 0.001047
[e075 s0850/1030] loss = 0.001062
[e075 s0900/1030] loss = 0.001047
[e075 s0950/1030] loss = 0.001065
[e075 s1000/1030] loss = 0.001040
Epoch 075: train_loss = 0.001020  MAE/GAME0 = 59.067  RMSE = 82.281  GAME1 = 59.130  GAME2 = 59.391  GAME3 = 59.793  lr = 1.00e-05  time = 17.9s
[e076 s0001/1030] loss = 0.000218
[e076 s0050/1030] loss = 0.001425
[e076 s0100/1030] loss = 0.001222
[e076 s0150/1030] loss = 0.001320
[e076 s0200/1030] loss = 0.001285
[e076 s0250/1030] loss = 0.001186
[e076 s0300/1030] loss = 0.001183
[e076 s0350/1030] loss = 0.001169
[e076 s0400/1030] loss = 0.001089
[e076 s0450/1030] loss = 0.001051
[e076 s0500/1030] loss = 0.001215
[e076 s0550/1030] loss = 0.001393
[e076 s0600/1030] loss = 0.001357
[e076 s0650/1030] loss = 0.001321
[e076 s0700/1030] loss = 0.001331
[e076 s0750/1030] loss = 0.001302
[e076 s0800/1030] loss = 0.001297
[e076 s0850/1030] loss = 0.001334
[e076 s0900/1030] loss = 0.001288
[e076 s0950/1030] loss = 0.001267
[e076 s1000/1030] loss = 0.001251
Epoch 076: train_loss = 0.001234  MAE/GAME0 = 52.592  RMSE = 76.353  GAME1 = 52.926  GAME2 = 53.749  GAME3 = 54.835  lr = 1.00e-05  time = 17.8s
[e077 s0001/1030] loss = 0.000365
[e077 s0050/1030] loss = 0.000785
[e077 s0100/1030] loss = 0.001404
[e077 s0150/1030] loss = 0.001303
[e077 s0200/1030] loss = 0.001491
[e077 s0250/1030] loss = 0.001296
[e077 s0300/1030] loss = 0.001180
[e077 s0350/1030] loss = 0.001100
[e077 s0400/1030] loss = 0.001064
[e077 s0450/1030] loss = 0.001018
[e077 s0500/1030] loss = 0.001026
[e077 s0550/1030] loss = 0.001037
[e077 s0600/1030] loss = 0.001046
[e077 s0650/1030] loss = 0.001054
[e077 s0700/1030] loss = 0.001031
[e077 s0750/1030] loss = 0.001134
[e077 s0800/1030] loss = 0.001252
[e077 s0850/1030] loss = 0.001238
[e077 s0900/1030] loss = 0.001212
[e077 s0950/1030] loss = 0.001195
[e077 s1000/1030] loss = 0.001177
Epoch 077: train_loss = 0.001181  MAE/GAME0 = 26.135  RMSE = 51.117  GAME1 = 40.621  GAME2 = 53.131  GAME3 = 60.899  lr = 1.00e-05  time = 17.9s
[e078 s0001/1030] loss = 0.000325
[e078 s0050/1030] loss = 0.000560
[e078 s0100/1030] loss = 0.001828
[e078 s0150/1030] loss = 0.001706
[e078 s0200/1030] loss = 0.001442
[e078 s0250/1030] loss = 0.001330
[e078 s0300/1030] loss = 0.001240
[e078 s0350/1030] loss = 0.001195
[e078 s0400/1030] loss = 0.001251
[e078 s0450/1030] loss = 0.001324
[e078 s0500/1030] loss = 0.001237
[e078 s0550/1030] loss = 0.001277
[e078 s0600/1030] loss = 0.001248
[e078 s0650/1030] loss = 0.001214
[e078 s0700/1030] loss = 0.001178
[e078 s0750/1030] loss = 0.001137
[e078 s0800/1030] loss = 0.001131
[e078 s0850/1030] loss = 0.001157
[e078 s0900/1030] loss = 0.001146
[e078 s0950/1030] loss = 0.001123
[e078 s1000/1030] loss = 0.001119
Epoch 078: train_loss = 0.001110  MAE/GAME0 = 29.673  RMSE = 55.416  GAME1 = 45.216  GAME2 = 58.728  GAME3 = 66.662  lr = 1.00e-05  time = 17.8s
[e079 s0001/1030] loss = 0.000170
[e079 s0050/1030] loss = 0.000593
[e079 s0100/1030] loss = 0.000837
[e079 s0150/1030] loss = 0.000815
[e079 s0200/1030] loss = 0.000847
[e079 s0250/1030] loss = 0.000832
[e079 s0300/1030] loss = 0.000930
[e079 s0350/1030] loss = 0.000969
[e079 s0400/1030] loss = 0.000948
[e079 s0450/1030] loss = 0.000913
[e079 s0500/1030] loss = 0.001083
[e079 s0550/1030] loss = 0.001059
[e079 s0600/1030] loss = 0.001030
[e079 s0650/1030] loss = 0.001067
[e079 s0700/1030] loss = 0.001026
[e079 s0750/1030] loss = 0.001010
[e079 s0800/1030] loss = 0.001023
[e079 s0850/1030] loss = 0.001053
[e079 s0900/1030] loss = 0.001048
[e079 s0950/1030] loss = 0.001051
[e079 s1000/1030] loss = 0.001036
Epoch 079: train_loss = 0.001028  MAE/GAME0 = 52.932  RMSE = 78.542  GAME1 = 58.002  GAME2 = 63.374  GAME3 = 66.278  lr = 1.00e-05  time = 17.9s
[e080 s0001/1030] loss = 0.000434
[e080 s0050/1030] loss = 0.001621
[e080 s0100/1030] loss = 0.001180
[e080 s0150/1030] loss = 0.001103
[e080 s0200/1030] loss = 0.000944
[e080 s0250/1030] loss = 0.001064
[e080 s0300/1030] loss = 0.001075
[e080 s0350/1030] loss = 0.001042
[e080 s0400/1030] loss = 0.001035
[e080 s0450/1030] loss = 0.000983
[e080 s0500/1030] loss = 0.001012
[e080 s0550/1030] loss = 0.001106
[e080 s0600/1030] loss = 0.001051
[e080 s0650/1030] loss = 0.001048
[e080 s0700/1030] loss = 0.001001
[e080 s0750/1030] loss = 0.000972
[e080 s0800/1030] loss = 0.000952
[e080 s0850/1030] loss = 0.000954
[e080 s0900/1030] loss = 0.001012
[e080 s0950/1030] loss = 0.001017
[e080 s1000/1030] loss = 0.001005
Epoch 080: train_loss = 0.001029  MAE/GAME0 = 31.905  RMSE = 56.837  GAME1 = 38.657  GAME2 = 44.701  GAME3 = 48.839  lr = 1.00e-05  time = 17.9s
[e081 s0001/1030] loss = 0.000084
[e081 s0050/1030] loss = 0.001291
[e081 s0100/1030] loss = 0.001153
[e081 s0150/1030] loss = 0.001107
[e081 s0200/1030] loss = 0.001081
[e081 s0250/1030] loss = 0.001098
[e081 s0300/1030] loss = 0.001179
[e081 s0350/1030] loss = 0.001078
[e081 s0400/1030] loss = 0.001105
[e081 s0450/1030] loss = 0.001061
[e081 s0500/1030] loss = 0.001024
[e081 s0550/1030] loss = 0.000994
[e081 s0600/1030] loss = 0.001052
[e081 s0650/1030] loss = 0.001041
[e081 s0700/1030] loss = 0.001016
[e081 s0750/1030] loss = 0.000988
[e081 s0800/1030] loss = 0.000976
[e081 s0850/1030] loss = 0.000967
[e081 s0900/1030] loss = 0.000944
[e081 s0950/1030] loss = 0.000962
[e081 s1000/1030] loss = 0.000940
Epoch 081: train_loss = 0.000932  MAE/GAME0 = 27.988  RMSE = 58.407  GAME1 = 41.118  GAME2 = 51.750  GAME3 = 57.940  lr = 1.00e-05  time = 18.2s
[e082 s0001/1030] loss = 0.000160
[e082 s0050/1030] loss = 0.001080
[e082 s0100/1030] loss = 0.001075
[e082 s0150/1030] loss = 0.001290
[e082 s0200/1030] loss = 0.001524
[e082 s0250/1030] loss = 0.001369
[e082 s0300/1030] loss = 0.001267
[e082 s0350/1030] loss = 0.001217
[e082 s0400/1030] loss = 0.001179
[e082 s0450/1030] loss = 0.001187
[e082 s0500/1030] loss = 0.001199
[e082 s0550/1030] loss = 0.001263
[e082 s0600/1030] loss = 0.001208
[e082 s0650/1030] loss = 0.001233
[e082 s0700/1030] loss = 0.001215
[e082 s0750/1030] loss = 0.001178
[e082 s0800/1030] loss = 0.001199
[e082 s0850/1030] loss = 0.001171
[e082 s0900/1030] loss = 0.001145
[e082 s0950/1030] loss = 0.001143
[e082 s1000/1030] loss = 0.001122
Epoch 082: train_loss = 0.001104  MAE/GAME0 = 35.794  RMSE = 64.018  GAME1 = 44.275  GAME2 = 51.573  GAME3 = 56.031  lr = 1.00e-05  time = 17.8s
[e083 s0001/1030] loss = 0.000425
[e083 s0050/1030] loss = 0.000504
[e083 s0100/1030] loss = 0.000536
[e083 s0150/1030] loss = 0.000780
[e083 s0200/1030] loss = 0.000778
[e083 s0250/1030] loss = 0.000817
[e083 s0300/1030] loss = 0.000729
[e083 s0350/1030] loss = 0.000804
[e083 s0400/1030] loss = 0.001028
[e083 s0450/1030] loss = 0.001020
[e083 s0500/1030] loss = 0.001011
[e083 s0550/1030] loss = 0.001092
[e083 s0600/1030] loss = 0.001112
[e083 s0650/1030] loss = 0.001077
[e083 s0700/1030] loss = 0.001053
[e083 s0750/1030] loss = 0.001023
[e083 s0800/1030] loss = 0.001031
[e083 s0850/1030] loss = 0.001037
[e083 s0900/1030] loss = 0.001061
[e083 s0950/1030] loss = 0.001033
[e083 s1000/1030] loss = 0.001016
Epoch 083: train_loss = 0.001005  MAE/GAME0 = 48.228  RMSE = 73.659  GAME1 = 50.557  GAME2 = 53.719  GAME3 = 55.253  lr = 1.00e-05  time = 17.8s
[e084 s0001/1030] loss = 0.000094
[e084 s0050/1030] loss = 0.000402
[e084 s0100/1030] loss = 0.000392
[e084 s0150/1030] loss = 0.000814
[e084 s0200/1030] loss = 0.000800
[e084 s0250/1030] loss = 0.000848
[e084 s0300/1030] loss = 0.000908
[e084 s0350/1030] loss = 0.000897
[e084 s0400/1030] loss = 0.000871
[e084 s0450/1030] loss = 0.000823
[e084 s0500/1030] loss = 0.000800
[e084 s0550/1030] loss = 0.000788
[e084 s0600/1030] loss = 0.000803
[e084 s0650/1030] loss = 0.000838
[e084 s0700/1030] loss = 0.000817
[e084 s0750/1030] loss = 0.000819
[e084 s0800/1030] loss = 0.000841
[e084 s0850/1030] loss = 0.000829
[e084 s0900/1030] loss = 0.000820
[e084 s0950/1030] loss = 0.000852
[e084 s1000/1030] loss = 0.000947
Epoch 084: train_loss = 0.000934  MAE/GAME0 = 55.558  RMSE = 79.868  GAME1 = 56.697  GAME2 = 58.344  GAME3 = 59.297  lr = 1.00e-05  time = 18.0s
[e085 s0001/1030] loss = 0.000434
[e085 s0050/1030] loss = 0.001008
[e085 s0100/1030] loss = 0.001148
[e085 s0150/1030] loss = 0.001054
[e085 s0200/1030] loss = 0.000984
[e085 s0250/1030] loss = 0.001163
[e085 s0300/1030] loss = 0.001172
[e085 s0350/1030] loss = 0.001067
[e085 s0400/1030] loss = 0.001018
[e085 s0450/1030] loss = 0.001065
[e085 s0500/1030] loss = 0.001040
[e085 s0550/1030] loss = 0.001046
[e085 s0600/1030] loss = 0.001031
[e085 s0650/1030] loss = 0.000996
[e085 s0700/1030] loss = 0.000972
[e085 s0750/1030] loss = 0.000959
[e085 s0800/1030] loss = 0.000941
[e085 s0850/1030] loss = 0.000925
[e085 s0900/1030] loss = 0.000928
[e085 s0950/1030] loss = 0.000978
[e085 s1000/1030] loss = 0.000987
Epoch 085: train_loss = 0.001022  MAE/GAME0 = 54.856  RMSE = 78.089  GAME1 = 54.958  GAME2 = 55.381  GAME3 = 56.099  lr = 1.00e-05  time = 18.1s
[e086 s0001/1030] loss = 0.000048
[e086 s0050/1030] loss = 0.001685
[e086 s0100/1030] loss = 0.001230
[e086 s0150/1030] loss = 0.001188
[e086 s0200/1030] loss = 0.001035
[e086 s0250/1030] loss = 0.000946
[e086 s0300/1030] loss = 0.000975
[e086 s0350/1030] loss = 0.000956
[e086 s0400/1030] loss = 0.001037
[e086 s0450/1030] loss = 0.001064
[e086 s0500/1030] loss = 0.001030
[e086 s0550/1030] loss = 0.001022
[e086 s0600/1030] loss = 0.001020
[e086 s0650/1030] loss = 0.001010
[e086 s0700/1030] loss = 0.000996
[e086 s0750/1030] loss = 0.001025
[e086 s0800/1030] loss = 0.000994
[e086 s0850/1030] loss = 0.000977
[e086 s0900/1030] loss = 0.000955
[e086 s0950/1030] loss = 0.000983
[e086 s1000/1030] loss = 0.000970
Epoch 086: train_loss = 0.000975  MAE/GAME0 = 63.552  RMSE = 85.169  GAME1 = 63.558  GAME2 = 63.612  GAME3 = 63.797  lr = 1.00e-05  time = 18.0s
[e087 s0001/1030] loss = 0.000547
[e087 s0050/1030] loss = 0.001176
[e087 s0100/1030] loss = 0.001831
[e087 s0150/1030] loss = 0.001480
[e087 s0200/1030] loss = 0.001414
[e087 s0250/1030] loss = 0.001354
[e087 s0300/1030] loss = 0.001373
[e087 s0350/1030] loss = 0.001280
[e087 s0400/1030] loss = 0.001297
[e087 s0450/1030] loss = 0.001252
[e087 s0500/1030] loss = 0.001325
[e087 s0550/1030] loss = 0.001381
[e087 s0600/1030] loss = 0.001376
[e087 s0650/1030] loss = 0.001321
[e087 s0700/1030] loss = 0.001268
[e087 s0750/1030] loss = 0.001223
[e087 s0800/1030] loss = 0.001186
[e087 s0850/1030] loss = 0.001172
[e087 s0900/1030] loss = 0.001137
[e087 s0950/1030] loss = 0.001129
[e087 s1000/1030] loss = 0.001124
Epoch 087: train_loss = 0.001107  MAE/GAME0 = 64.368  RMSE = 85.422  GAME1 = 64.375  GAME2 = 64.428  GAME3 = 64.564  lr = 1.00e-05  time = 17.8s
[e088 s0001/1030] loss = 0.000277
[e088 s0050/1030] loss = 0.000594
[e088 s0100/1030] loss = 0.000632
[e088 s0150/1030] loss = 0.000662
[e088 s0200/1030] loss = 0.000730
[e088 s0250/1030] loss = 0.000678
[e088 s0300/1030] loss = 0.000745
[e088 s0350/1030] loss = 0.000833
[e088 s0400/1030] loss = 0.000895
[e088 s0450/1030] loss = 0.000887
[e088 s0500/1030] loss = 0.000865
[e088 s0550/1030] loss = 0.000841
[e088 s0600/1030] loss = 0.000814
[e088 s0650/1030] loss = 0.000799
[e088 s0700/1030] loss = 0.000776
[e088 s0750/1030] loss = 0.000766
[e088 s0800/1030] loss = 0.000768
[e088 s0850/1030] loss = 0.001024
[e088 s0900/1030] loss = 0.001027
[e088 s0950/1030] loss = 0.001044
[e088 s1000/1030] loss = 0.001071
Epoch 088: train_loss = 0.001074  MAE/GAME0 = 41.464  RMSE = 68.398  GAME1 = 48.597  GAME2 = 55.355  GAME3 = 59.241  lr = 1.00e-05  time = 17.7s
[e089 s0001/1030] loss = 0.000177
[e089 s0050/1030] loss = 0.000675
[e089 s0100/1030] loss = 0.000814
[e089 s0150/1030] loss = 0.000804
[e089 s0200/1030] loss = 0.000799
[e089 s0250/1030] loss = 0.000849
[e089 s0300/1030] loss = 0.001242
[e089 s0350/1030] loss = 0.001132
[e089 s0400/1030] loss = 0.001093
[e089 s0450/1030] loss = 0.001129
[e089 s0500/1030] loss = 0.001088
[e089 s0550/1030] loss = 0.001035
[e089 s0600/1030] loss = 0.001016
[e089 s0650/1030] loss = 0.000994
[e089 s0700/1030] loss = 0.000970
[e089 s0750/1030] loss = 0.000947
[e089 s0800/1030] loss = 0.000988
[e089 s0850/1030] loss = 0.001024
[e089 s0900/1030] loss = 0.001018
[e089 s0950/1030] loss = 0.001008
[e089 s1000/1030] loss = 0.001021
Epoch 089: train_loss = 0.001019  MAE/GAME0 = 28.604  RMSE = 55.267  GAME1 = 48.936  GAME2 = 65.568  GAME3 = 74.495  lr = 1.00e-05  time = 17.9s
[e090 s0001/1030] loss = 0.000134
[e090 s0050/1030] loss = 0.000511
[e090 s0100/1030] loss = 0.000803
[e090 s0150/1030] loss = 0.000810
[e090 s0200/1030] loss = 0.001006
[e090 s0250/1030] loss = 0.001025
[e090 s0300/1030] loss = 0.000963
[e090 s0350/1030] loss = 0.001011
[e090 s0400/1030] loss = 0.000967
[e090 s0450/1030] loss = 0.000969
[e090 s0500/1030] loss = 0.000971
[e090 s0550/1030] loss = 0.001026
[e090 s0600/1030] loss = 0.000995
[e090 s0650/1030] loss = 0.000995
[e090 s0700/1030] loss = 0.001004
[e090 s0750/1030] loss = 0.001004
[e090 s0800/1030] loss = 0.000974
[e090 s0850/1030] loss = 0.000991
[e090 s0900/1030] loss = 0.000994
[e090 s0950/1030] loss = 0.000991
[e090 s1000/1030] loss = 0.001059
Epoch 090: train_loss = 0.001069  MAE/GAME0 = 29.645  RMSE = 58.253  GAME1 = 43.973  GAME2 = 55.663  GAME3 = 62.268  lr = 1.00e-05  time = 17.9s
[e091 s0001/1030] loss = 0.000073
[e091 s0050/1030] loss = 0.000651
[e091 s0100/1030] loss = 0.000861
[e091 s0150/1030] loss = 0.000989
[e091 s0200/1030] loss = 0.001157
[e091 s0250/1030] loss = 0.001121
[e091 s0300/1030] loss = 0.001111
[e091 s0350/1030] loss = 0.001144
[e091 s0400/1030] loss = 0.001093
[e091 s0450/1030] loss = 0.001154
[e091 s0500/1030] loss = 0.001176
[e091 s0550/1030] loss = 0.001148
[e091 s0600/1030] loss = 0.001112
[e091 s0650/1030] loss = 0.001068
[e091 s0700/1030] loss = 0.001095
[e091 s0750/1030] loss = 0.001063
[e091 s0800/1030] loss = 0.001085
[e091 s0850/1030] loss = 0.001079
[e091 s0900/1030] loss = 0.001089
[e091 s0950/1030] loss = 0.001125
[e091 s1000/1030] loss = 0.001101
Epoch 091: train_loss = 0.001101  MAE/GAME0 = 34.498  RMSE = 62.623  GAME1 = 42.030  GAME2 = 48.065  GAME3 = 52.055  lr = 1.00e-05  time = 17.8s
[e092 s0001/1030] loss = 0.002982
[e092 s0050/1030] loss = 0.001115
[e092 s0100/1030] loss = 0.001634
[e092 s0150/1030] loss = 0.002227
[e092 s0200/1030] loss = 0.001820
[e092 s0250/1030] loss = 0.001795
[e092 s0300/1030] loss = 0.001588
[e092 s0350/1030] loss = 0.001530
[e092 s0400/1030] loss = 0.001581
[e092 s0450/1030] loss = 0.001564
[e092 s0500/1030] loss = 0.001490
[e092 s0550/1030] loss = 0.001408
[e092 s0600/1030] loss = 0.001365
[e092 s0650/1030] loss = 0.001364
[e092 s0700/1030] loss = 0.001312
[e092 s0750/1030] loss = 0.001256
[e092 s0800/1030] loss = 0.001213
[e092 s0850/1030] loss = 0.001214
[e092 s0900/1030] loss = 0.001187
[e092 s0950/1030] loss = 0.001199
[e092 s1000/1030] loss = 0.001196
Epoch 092: train_loss = 0.001186  MAE/GAME0 = 58.863  RMSE = 82.291  GAME1 = 58.903  GAME2 = 59.121  GAME3 = 59.631  lr = 1.00e-05  time = 17.8s
[e093 s0001/1030] loss = 0.001447
[e093 s0050/1030] loss = 0.001543
[e093 s0100/1030] loss = 0.001035
[e093 s0150/1030] loss = 0.000914
[e093 s0200/1030] loss = 0.000924
[e093 s0250/1030] loss = 0.001132
[e093 s0300/1030] loss = 0.001200
[e093 s0350/1030] loss = 0.001130
[e093 s0400/1030] loss = 0.001108
[e093 s0450/1030] loss = 0.001045
[e093 s0500/1030] loss = 0.001095
[e093 s0550/1030] loss = 0.001083
[e093 s0600/1030] loss = 0.001113
[e093 s0650/1030] loss = 0.001107
[e093 s0700/1030] loss = 0.001104
[e093 s0750/1030] loss = 0.001078
[e093 s0800/1030] loss = 0.001055
[e093 s0850/1030] loss = 0.001047
[e093 s0900/1030] loss = 0.001046
[e093 s0950/1030] loss = 0.001019
[e093 s1000/1030] loss = 0.001000
Epoch 093: train_loss = 0.000991  MAE/GAME0 = 52.710  RMSE = 77.137  GAME1 = 54.615  GAME2 = 57.093  GAME3 = 58.379  lr = 1.00e-05  time = 18.0s
[e094 s0001/1030] loss = 0.000049
[e094 s0050/1030] loss = 0.001435
[e094 s0100/1030] loss = 0.001073
[e094 s0150/1030] loss = 0.000963
[e094 s0200/1030] loss = 0.001874
[e094 s0250/1030] loss = 0.001648
[e094 s0300/1030] loss = 0.001689
[e094 s0350/1030] loss = 0.001700
[e094 s0400/1030] loss = 0.001557
[e094 s0450/1030] loss = 0.001461
[e094 s0500/1030] loss = 0.001396
[e094 s0550/1030] loss = 0.001408
[e094 s0600/1030] loss = 0.001353
[e094 s0650/1030] loss = 0.001299
[e094 s0700/1030] loss = 0.001272
[e094 s0750/1030] loss = 0.001263
[e094 s0800/1030] loss = 0.001227
[e094 s0850/1030] loss = 0.001178
[e094 s0900/1030] loss = 0.001137
[e094 s0950/1030] loss = 0.001157
[e094 s1000/1030] loss = 0.001187
Epoch 094: train_loss = 0.001181  MAE/GAME0 = 29.486  RMSE = 53.822  GAME1 = 41.873  GAME2 = 53.219  GAME3 = 60.597  lr = 1.00e-05  time = 17.9s
[e095 s0001/1030] loss = 0.000348
[e095 s0050/1030] loss = 0.001985
[e095 s0100/1030] loss = 0.001328
[e095 s0150/1030] loss = 0.001110
[e095 s0200/1030] loss = 0.000992
[e095 s0250/1030] loss = 0.000932
[e095 s0300/1030] loss = 0.000896
[e095 s0350/1030] loss = 0.000921
[e095 s0400/1030] loss = 0.001011
[e095 s0450/1030] loss = 0.001036
[e095 s0500/1030] loss = 0.001149
[e095 s0550/1030] loss = 0.001124
[e095 s0600/1030] loss = 0.001158
[e095 s0650/1030] loss = 0.001116
[e095 s0700/1030] loss = 0.001089
[e095 s0750/1030] loss = 0.001093
[e095 s0800/1030] loss = 0.001191
[e095 s0850/1030] loss = 0.001211
[e095 s0900/1030] loss = 0.001223
[e095 s0950/1030] loss = 0.001210
[e095 s1000/1030] loss = 0.001198
Epoch 095: train_loss = 0.001215  MAE/GAME0 = 33.413  RMSE = 62.251  GAME1 = 45.443  GAME2 = 54.882  GAME3 = 60.372  lr = 1.00e-05  time = 17.7s
[e096 s0001/1030] loss = 0.000074
[e096 s0050/1030] loss = 0.000742
[e096 s0100/1030] loss = 0.000627
[e096 s0150/1030] loss = 0.000893
[e096 s0200/1030] loss = 0.000867
[e096 s0250/1030] loss = 0.000877
[e096 s0300/1030] loss = 0.000832
[e096 s0350/1030] loss = 0.000911
[e096 s0400/1030] loss = 0.000881
[e096 s0450/1030] loss = 0.000885
[e096 s0500/1030] loss = 0.000887
[e096 s0550/1030] loss = 0.000891
[e096 s0600/1030] loss = 0.000950
[e096 s0650/1030] loss = 0.000953
[e096 s0700/1030] loss = 0.000946
[e096 s0750/1030] loss = 0.000968
[e096 s0800/1030] loss = 0.000967
[e096 s0850/1030] loss = 0.000951
[e096 s0900/1030] loss = 0.000931
[e096 s0950/1030] loss = 0.000948
[e096 s1000/1030] loss = 0.000969
Epoch 096: train_loss = 0.000959  MAE/GAME0 = 48.365  RMSE = 74.414  GAME1 = 51.674  GAME2 = 55.723  GAME3 = 57.878  lr = 1.00e-05  time = 17.8s
[e097 s0001/1030] loss = 0.000424
[e097 s0050/1030] loss = 0.000642
[e097 s0100/1030] loss = 0.000757
[e097 s0150/1030] loss = 0.000787
[e097 s0200/1030] loss = 0.000785
[e097 s0250/1030] loss = 0.000911
[e097 s0300/1030] loss = 0.000885
[e097 s0350/1030] loss = 0.001010
[e097 s0400/1030] loss = 0.001034
[e097 s0450/1030] loss = 0.001002
[e097 s0500/1030] loss = 0.000992
[e097 s0550/1030] loss = 0.001061
[e097 s0600/1030] loss = 0.001066
[e097 s0650/1030] loss = 0.001053
[e097 s0700/1030] loss = 0.001178
[e097 s0750/1030] loss = 0.001150
[e097 s0800/1030] loss = 0.001120
[e097 s0850/1030] loss = 0.001103
[e097 s0900/1030] loss = 0.001106
[e097 s0950/1030] loss = 0.001071
[e097 s1000/1030] loss = 0.001055
Epoch 097: train_loss = 0.001038  MAE/GAME0 = 38.053  RMSE = 65.375  GAME1 = 43.959  GAME2 = 49.343  GAME3 = 52.750  lr = 1.00e-05  time = 18.1s
[e098 s0001/1030] loss = 0.000063
[e098 s0050/1030] loss = 0.000899
[e098 s0100/1030] loss = 0.001369
[e098 s0150/1030] loss = 0.001337
[e098 s0200/1030] loss = 0.001379
[e098 s0250/1030] loss = 0.001349
[e098 s0300/1030] loss = 0.001255
[e098 s0350/1030] loss = 0.001150
[e098 s0400/1030] loss = 0.001059
[e098 s0450/1030] loss = 0.001036
[e098 s0500/1030] loss = 0.001006
[e098 s0550/1030] loss = 0.001004
[e098 s0600/1030] loss = 0.000977
[e098 s0650/1030] loss = 0.000985
[e098 s0700/1030] loss = 0.000975
[e098 s0750/1030] loss = 0.000995
[e098 s0800/1030] loss = 0.001089
[e098 s0850/1030] loss = 0.001073
[e098 s0900/1030] loss = 0.001059
[e098 s0950/1030] loss = 0.001035
[e098 s1000/1030] loss = 0.001078
Epoch 098: train_loss = 0.001081  MAE/GAME0 = 42.839  RMSE = 58.564  GAME1 = 56.112  GAME2 = 69.926  GAME3 = 78.592  lr = 1.00e-05  time = 17.9s
[e099 s0001/1030] loss = 0.000852
[e099 s0050/1030] loss = 0.000923
[e099 s0100/1030] loss = 0.000716
[e099 s0150/1030] loss = 0.000733
[e099 s0200/1030] loss = 0.001374
[e099 s0250/1030] loss = 0.001268
[e099 s0300/1030] loss = 0.001177
[e099 s0350/1030] loss = 0.001141
[e099 s0400/1030] loss = 0.001158
[e099 s0450/1030] loss = 0.001146
[e099 s0500/1030] loss = 0.001078
[e099 s0550/1030] loss = 0.001061
[e099 s0600/1030] loss = 0.001255
[e099 s0650/1030] loss = 0.001224
[e099 s0700/1030] loss = 0.001203
[e099 s0750/1030] loss = 0.001168
[e099 s0800/1030] loss = 0.001181
[e099 s0850/1030] loss = 0.001155
[e099 s0900/1030] loss = 0.001150
[e099 s0950/1030] loss = 0.001152
[e099 s1000/1030] loss = 0.001172
Epoch 099: train_loss = 0.001152  MAE/GAME0 = 30.393  RMSE = 57.854  GAME1 = 40.799  GAME2 = 49.581  GAME3 = 55.083  lr = 1.00e-05  time = 17.8s
[e100 s0001/1030] loss = 0.000032
[e100 s0050/1030] loss = 0.000601
[e100 s0100/1030] loss = 0.000578
[e100 s0150/1030] loss = 0.000640
[e100 s0200/1030] loss = 0.000646
[e100 s0250/1030] loss = 0.000702
[e100 s0300/1030] loss = 0.000964
[e100 s0350/1030] loss = 0.000952
[e100 s0400/1030] loss = 0.000993
[e100 s0450/1030] loss = 0.000966
[e100 s0500/1030] loss = 0.000953
[e100 s0550/1030] loss = 0.000919
[e100 s0600/1030] loss = 0.000886
[e100 s0650/1030] loss = 0.000986
[e100 s0700/1030] loss = 0.001016
[e100 s0750/1030] loss = 0.001005
[e100 s0800/1030] loss = 0.001034
[e100 s0850/1030] loss = 0.001019
[e100 s0900/1030] loss = 0.001015
[e100 s0950/1030] loss = 0.001134
[e100 s1000/1030] loss = 0.001141
Epoch 100: train_loss = 0.001149  MAE/GAME0 = 28.283  RMSE = 57.090  GAME1 = 41.973  GAME2 = 52.762  GAME3 = 59.290  lr = 1.00e-05  time = 17.8s
[done] best_mae = 24.253  best_path = /scratch/users/ntu/kenneth0/FYP-SmartObjectCounter/outputs/rgbt_late_e100/12749893.pbs101_20260117_041747/best.pth
