[log] /scratch/users/ntu/kenneth0/FYP-SmartObjectCounter/logs/train_t_e100_12738431.pbs101_20260114_204204.log
[init] device = cuda
[init] train = 1030  val = 200  workers = 4
[e001 s0001/1030] loss = 732.072388
[e001 s0050/1030] loss = 168.031578
[e001 s0100/1030] loss = 84.157386
[e001 s0150/1030] loss = 56.108674
[e001 s0200/1030] loss = 42.082315
[e001 s0250/1030] loss = 33.666228
[e001 s0300/1030] loss = 28.055405
[e001 s0350/1030] loss = 24.047626
[e001 s0400/1030] loss = 21.041814
[e001 s0450/1030] loss = 18.703959
[e001 s0500/1030] loss = 16.833693
[e001 s0550/1030] loss = 15.303423
[e001 s0600/1030] loss = 14.028223
[e001 s0650/1030] loss = 12.949187
[e001 s0700/1030] loss = 12.024311
[e001 s0750/1030] loss = 11.222744
[e001 s0800/1030] loss = 10.521372
[e001 s0850/1030] loss = 9.902505
[e001 s0900/1030] loss = 9.352399
[e001 s0950/1030] loss = 8.860215
[e001 s1000/1030] loss = 8.417253
-> saved t_best.pth (MAE/GAME0 76.52)
Epoch 001: train_loss = 8.172118  MAE/GAME0 = 76.52  RMSE = 87.84  GAME1 = 23.59  GAME2 = 7.34  GAME3 = 2.06  lr = 1.00e-05  time = 93.1s
[e002 s0001/1030] loss = 0.000522
[e002 s0050/1030] loss = 0.001609
[e002 s0100/1030] loss = 0.001070
[e002 s0150/1030] loss = 0.000885
[e002 s0200/1030] loss = 0.000751
[e002 s0250/1030] loss = 0.000778
[e002 s0300/1030] loss = 0.000790
[e002 s0350/1030] loss = 0.000750
[e002 s0400/1030] loss = 0.000762
[e002 s0450/1030] loss = 0.000723
[e002 s0500/1030] loss = 0.000739
[e002 s0550/1030] loss = 0.000746
[e002 s0600/1030] loss = 0.000730
[e002 s0650/1030] loss = 0.000699
[e002 s0700/1030] loss = 0.000666
[e002 s0750/1030] loss = 0.000637
[e002 s0800/1030] loss = 0.000633
[e002 s0850/1030] loss = 0.000624
[e002 s0900/1030] loss = 0.000608
[e002 s0950/1030] loss = 0.000683
[e002 s1000/1030] loss = 0.000682
-> saved t_best.pth (MAE/GAME0 31.58)
Epoch 002: train_loss = 0.000674  MAE/GAME0 = 31.58  RMSE = 58.41  GAME1 = 11.32  GAME2 = 3.65  GAME3 = 1.05  lr = 1.00e-05  time = 24.8s
[e003 s0001/1030] loss = 0.000036
[e003 s0050/1030] loss = 0.000238
[e003 s0100/1030] loss = 0.000435
[e003 s0150/1030] loss = 0.000647
[e003 s0200/1030] loss = 0.000578
[e003 s0250/1030] loss = 0.000650
[e003 s0300/1030] loss = 0.000703
[e003 s0350/1030] loss = 0.000673
[e003 s0400/1030] loss = 0.000624
[e003 s0450/1030] loss = 0.000580
[e003 s0500/1030] loss = 0.000559
[e003 s0550/1030] loss = 0.000580
[e003 s0600/1030] loss = 0.000553
[e003 s0650/1030] loss = 0.000546
[e003 s0700/1030] loss = 0.000623
[e003 s0750/1030] loss = 0.000623
[e003 s0800/1030] loss = 0.000628
[e003 s0850/1030] loss = 0.000617
[e003 s0900/1030] loss = 0.000601
[e003 s0950/1030] loss = 0.000593
[e003 s1000/1030] loss = 0.000578
Epoch 003: train_loss = 0.000568  MAE/GAME0 = 53.49  RMSE = 67.55  GAME1 = 14.17  GAME2 = 3.90  GAME3 = 1.09  lr = 1.00e-05  time = 24.1s
[e004 s0001/1030] loss = 0.000219
[e004 s0050/1030] loss = 0.000814
[e004 s0100/1030] loss = 0.000520
[e004 s0150/1030] loss = 0.000418
[e004 s0200/1030] loss = 0.000383
[e004 s0250/1030] loss = 0.000723
[e004 s0300/1030] loss = 0.000661
[e004 s0350/1030] loss = 0.000627
[e004 s0400/1030] loss = 0.000573
[e004 s0450/1030] loss = 0.000754
[e004 s0500/1030] loss = 0.000719
[e004 s0550/1030] loss = 0.000728
[e004 s0600/1030] loss = 0.000697
[e004 s0650/1030] loss = 0.000661
[e004 s0700/1030] loss = 0.000647
[e004 s0750/1030] loss = 0.000634
[e004 s0800/1030] loss = 0.000602
[e004 s0850/1030] loss = 0.000600
[e004 s0900/1030] loss = 0.000577
[e004 s0950/1030] loss = 0.000586
[e004 s1000/1030] loss = 0.000604
-> saved t_best.pth (MAE/GAME0 25.12)
Epoch 004: train_loss = 0.000590  MAE/GAME0 = 25.12  RMSE = 49.69  GAME1 = 8.43  GAME2 = 2.54  GAME3 = 0.78  lr = 1.00e-05  time = 24.0s
[e005 s0001/1030] loss = 0.000078
[e005 s0050/1030] loss = 0.000252
[e005 s0100/1030] loss = 0.000255
[e005 s0150/1030] loss = 0.000383
[e005 s0200/1030] loss = 0.000348
[e005 s0250/1030] loss = 0.000377
[e005 s0300/1030] loss = 0.000357
[e005 s0350/1030] loss = 0.000364
[e005 s0400/1030] loss = 0.000378
[e005 s0450/1030] loss = 0.000354
[e005 s0500/1030] loss = 0.000344
[e005 s0550/1030] loss = 0.000333
[e005 s0600/1030] loss = 0.000356
[e005 s0650/1030] loss = 0.000372
[e005 s0700/1030] loss = 0.000360
[e005 s0750/1030] loss = 0.000349
[e005 s0800/1030] loss = 0.000373
[e005 s0850/1030] loss = 0.000366
[e005 s0900/1030] loss = 0.000358
[e005 s0950/1030] loss = 0.000356
[e005 s1000/1030] loss = 0.000480
Epoch 005: train_loss = 0.000481  MAE/GAME0 = 59.57  RMSE = 79.99  GAME1 = 15.31  GAME2 = 4.09  GAME3 = 1.13  lr = 1.00e-05  time = 24.0s
[e006 s0001/1030] loss = 0.000025
[e006 s0050/1030] loss = 0.000475
[e006 s0100/1030] loss = 0.000694
[e006 s0150/1030] loss = 0.000868
[e006 s0200/1030] loss = 0.000762
[e006 s0250/1030] loss = 0.000750
[e006 s0300/1030] loss = 0.000666
[e006 s0350/1030] loss = 0.000608
[e006 s0400/1030] loss = 0.000571
[e006 s0450/1030] loss = 0.000543
[e006 s0500/1030] loss = 0.000509
[e006 s0550/1030] loss = 0.000514
[e006 s0600/1030] loss = 0.000492
[e006 s0650/1030] loss = 0.000477
[e006 s0700/1030] loss = 0.000479
[e006 s0750/1030] loss = 0.000468
[e006 s0800/1030] loss = 0.000452
[e006 s0850/1030] loss = 0.000446
[e006 s0900/1030] loss = 0.000439
[e006 s0950/1030] loss = 0.000430
[e006 s1000/1030] loss = 0.000418
Epoch 006: train_loss = 0.000418  MAE/GAME0 = 28.65  RMSE = 44.95  GAME1 = 9.24  GAME2 = 2.75  GAME3 = 0.80  lr = 1.00e-05  time = 23.6s
[e007 s0001/1030] loss = 0.000097
[e007 s0050/1030] loss = 0.000164
[e007 s0100/1030] loss = 0.000404
[e007 s0150/1030] loss = 0.000396
[e007 s0200/1030] loss = 0.000383
[e007 s0250/1030] loss = 0.000358
[e007 s0300/1030] loss = 0.000649
[e007 s0350/1030] loss = 0.000673
[e007 s0400/1030] loss = 0.000611
[e007 s0450/1030] loss = 0.000596
[e007 s0500/1030] loss = 0.000566
[e007 s0550/1030] loss = 0.000543
[e007 s0600/1030] loss = 0.000534
[e007 s0650/1030] loss = 0.000513
[e007 s0700/1030] loss = 0.000522
[e007 s0750/1030] loss = 0.000503
[e007 s0800/1030] loss = 0.000484
[e007 s0850/1030] loss = 0.000466
[e007 s0900/1030] loss = 0.000448
[e007 s0950/1030] loss = 0.000444
[e007 s1000/1030] loss = 0.000437
-> saved t_best.pth (MAE/GAME0 22.96)
Epoch 007: train_loss = 0.000430  MAE/GAME0 = 22.96  RMSE = 39.40  GAME1 = 7.44  GAME2 = 2.22  GAME3 = 0.65  lr = 1.00e-05  time = 24.0s
[e008 s0001/1030] loss = 0.000200
[e008 s0050/1030] loss = 0.000275
[e008 s0100/1030] loss = 0.000279
[e008 s0150/1030] loss = 0.000350
[e008 s0200/1030] loss = 0.000301
[e008 s0250/1030] loss = 0.000362
[e008 s0300/1030] loss = 0.000337
[e008 s0350/1030] loss = 0.000329
[e008 s0400/1030] loss = 0.000306
[e008 s0450/1030] loss = 0.000321
[e008 s0500/1030] loss = 0.000314
[e008 s0550/1030] loss = 0.000347
[e008 s0600/1030] loss = 0.000331
[e008 s0650/1030] loss = 0.000320
[e008 s0700/1030] loss = 0.000321
[e008 s0750/1030] loss = 0.000317
[e008 s0800/1030] loss = 0.000369
[e008 s0850/1030] loss = 0.000365
[e008 s0900/1030] loss = 0.000371
[e008 s0950/1030] loss = 0.000382
[e008 s1000/1030] loss = 0.000375
Epoch 008: train_loss = 0.000371  MAE/GAME0 = 33.61  RMSE = 60.48  GAME1 = 9.62  GAME2 = 2.81  GAME3 = 0.83  lr = 1.00e-05  time = 24.0s
[e009 s0001/1030] loss = 0.005772
[e009 s0050/1030] loss = 0.000262
[e009 s0100/1030] loss = 0.000290
[e009 s0150/1030] loss = 0.000312
[e009 s0200/1030] loss = 0.000488
[e009 s0250/1030] loss = 0.000433
[e009 s0300/1030] loss = 0.000436
[e009 s0350/1030] loss = 0.000487
[e009 s0400/1030] loss = 0.000456
[e009 s0450/1030] loss = 0.000418
[e009 s0500/1030] loss = 0.000409
[e009 s0550/1030] loss = 0.000393
[e009 s0600/1030] loss = 0.000420
[e009 s0650/1030] loss = 0.000399
[e009 s0700/1030] loss = 0.000405
[e009 s0750/1030] loss = 0.000392
[e009 s0800/1030] loss = 0.000390
[e009 s0850/1030] loss = 0.000384
[e009 s0900/1030] loss = 0.000367
[e009 s0950/1030] loss = 0.000358
[e009 s1000/1030] loss = 0.000354
Epoch 009: train_loss = 0.000363  MAE/GAME0 = 33.80  RMSE = 42.30  GAME1 = 9.48  GAME2 = 2.73  GAME3 = 0.79  lr = 1.00e-05  time = 24.5s
[e010 s0001/1030] loss = 0.000042
[e010 s0050/1030] loss = 0.000334
[e010 s0100/1030] loss = 0.000281
[e010 s0150/1030] loss = 0.000406
[e010 s0200/1030] loss = 0.000400
[e010 s0250/1030] loss = 0.000366
[e010 s0300/1030] loss = 0.000357
[e010 s0350/1030] loss = 0.000347
[e010 s0400/1030] loss = 0.000409
[e010 s0450/1030] loss = 0.000383
[e010 s0500/1030] loss = 0.000409
[e010 s0550/1030] loss = 0.000391
[e010 s0600/1030] loss = 0.000378
[e010 s0650/1030] loss = 0.000369
[e010 s0700/1030] loss = 0.000351
[e010 s0750/1030] loss = 0.000338
[e010 s0800/1030] loss = 0.000433
[e010 s0850/1030] loss = 0.000624
[e010 s0900/1030] loss = 0.000602
[e010 s0950/1030] loss = 0.000582
[e010 s1000/1030] loss = 0.000572
Epoch 010: train_loss = 0.000561  MAE/GAME0 = 30.71  RMSE = 46.32  GAME1 = 8.64  GAME2 = 2.46  GAME3 = 0.72  lr = 1.00e-05  time = 24.0s
[e011 s0001/1030] loss = 0.000001
[e011 s0050/1030] loss = 0.000493
[e011 s0100/1030] loss = 0.000501
[e011 s0150/1030] loss = 0.000433
[e011 s0200/1030] loss = 0.000514
[e011 s0250/1030] loss = 0.000466
[e011 s0300/1030] loss = 0.000426
[e011 s0350/1030] loss = 0.000510
[e011 s0400/1030] loss = 0.000473
[e011 s0450/1030] loss = 0.000434
[e011 s0500/1030] loss = 0.000415
[e011 s0550/1030] loss = 0.000398
[e011 s0600/1030] loss = 0.000376
[e011 s0650/1030] loss = 0.000379
[e011 s0700/1030] loss = 0.000440
[e011 s0750/1030] loss = 0.000423
[e011 s0800/1030] loss = 0.000450
[e011 s0850/1030] loss = 0.000451
[e011 s0900/1030] loss = 0.000451
[e011 s0950/1030] loss = 0.000447
[e011 s1000/1030] loss = 0.000440
Epoch 011: train_loss = 0.000433  MAE/GAME0 = 24.45  RMSE = 40.29  GAME1 = 7.48  GAME2 = 2.22  GAME3 = 0.66  lr = 1.00e-05  time = 24.5s
[e012 s0001/1030] loss = 0.000007
[e012 s0050/1030] loss = 0.000198
[e012 s0100/1030] loss = 0.000208
[e012 s0150/1030] loss = 0.000226
[e012 s0200/1030] loss = 0.000216
[e012 s0250/1030] loss = 0.000282
[e012 s0300/1030] loss = 0.000253
[e012 s0350/1030] loss = 0.000233
[e012 s0400/1030] loss = 0.000250
[e012 s0450/1030] loss = 0.000315
[e012 s0500/1030] loss = 0.000322
[e012 s0550/1030] loss = 0.000331
[e012 s0600/1030] loss = 0.000334
[e012 s0650/1030] loss = 0.000331
[e012 s0700/1030] loss = 0.000335
[e012 s0750/1030] loss = 0.000333
[e012 s0800/1030] loss = 0.000341
[e012 s0850/1030] loss = 0.000339
[e012 s0900/1030] loss = 0.000334
[e012 s0950/1030] loss = 0.000332
[e012 s1000/1030] loss = 0.000324
Epoch 012: train_loss = 0.000342  MAE/GAME0 = 56.69  RMSE = 66.45  GAME1 = 14.71  GAME2 = 3.84  GAME3 = 1.03  lr = 1.00e-05  time = 24.1s
[e013 s0001/1030] loss = 0.000867
[e013 s0050/1030] loss = 0.000344
[e013 s0100/1030] loss = 0.000633
[e013 s0150/1030] loss = 0.000506
[e013 s0200/1030] loss = 0.000592
[e013 s0250/1030] loss = 0.000545
[e013 s0300/1030] loss = 0.000478
[e013 s0350/1030] loss = 0.000478
[e013 s0400/1030] loss = 0.000459
[e013 s0450/1030] loss = 0.000424
[e013 s0500/1030] loss = 0.000417
[e013 s0550/1030] loss = 0.000410
[e013 s0600/1030] loss = 0.000421
[e013 s0650/1030] loss = 0.000428
[e013 s0700/1030] loss = 0.000413
[e013 s0750/1030] loss = 0.000407
[e013 s0800/1030] loss = 0.000394
[e013 s0850/1030] loss = 0.000386
[e013 s0900/1030] loss = 0.000385
[e013 s0950/1030] loss = 0.000372
[e013 s1000/1030] loss = 0.000365
-> saved t_best.pth (MAE/GAME0 22.32)
Epoch 013: train_loss = 0.000361  MAE/GAME0 = 22.32  RMSE = 43.34  GAME1 = 7.21  GAME2 = 2.14  GAME3 = 0.63  lr = 1.00e-05  time = 24.2s
[e014 s0001/1030] loss = 0.000051
[e014 s0050/1030] loss = 0.000230
[e014 s0100/1030] loss = 0.000223
[e014 s0150/1030] loss = 0.000260
[e014 s0200/1030] loss = 0.000354
[e014 s0250/1030] loss = 0.000307
[e014 s0300/1030] loss = 0.000296
[e014 s0350/1030] loss = 0.000300
[e014 s0400/1030] loss = 0.000282
[e014 s0450/1030] loss = 0.000281
[e014 s0500/1030] loss = 0.000309
[e014 s0550/1030] loss = 0.000466
[e014 s0600/1030] loss = 0.000443
[e014 s0650/1030] loss = 0.000514
[e014 s0700/1030] loss = 0.000524
[e014 s0750/1030] loss = 0.000506
[e014 s0800/1030] loss = 0.000504
[e014 s0850/1030] loss = 0.000489
[e014 s0900/1030] loss = 0.000473
[e014 s0950/1030] loss = 0.000457
[e014 s1000/1030] loss = 0.000447
Epoch 014: train_loss = 0.000444  MAE/GAME0 = 30.15  RMSE = 51.78  GAME1 = 8.16  GAME2 = 2.23  GAME3 = 0.63  lr = 1.00e-05  time = 23.8s
[e015 s0001/1030] loss = 0.000097
[e015 s0050/1030] loss = 0.000173
[e015 s0100/1030] loss = 0.000529
[e015 s0150/1030] loss = 0.000462
[e015 s0200/1030] loss = 0.000416
[e015 s0250/1030] loss = 0.000372
[e015 s0300/1030] loss = 0.000390
[e015 s0350/1030] loss = 0.000375
[e015 s0400/1030] loss = 0.000381
[e015 s0450/1030] loss = 0.000364
[e015 s0500/1030] loss = 0.000349
[e015 s0550/1030] loss = 0.000344
[e015 s0600/1030] loss = 0.000342
[e015 s0650/1030] loss = 0.000335
[e015 s0700/1030] loss = 0.000341
[e015 s0750/1030] loss = 0.000333
[e015 s0800/1030] loss = 0.000331
[e015 s0850/1030] loss = 0.000352
[e015 s0900/1030] loss = 0.000344
[e015 s0950/1030] loss = 0.000387
[e015 s1000/1030] loss = 0.000394
Epoch 015: train_loss = 0.000403  MAE/GAME0 = 28.22  RMSE = 49.21  GAME1 = 8.14  GAME2 = 2.37  GAME3 = 0.70  lr = 1.00e-05  time = 24.3s
[e016 s0001/1030] loss = 0.000520
[e016 s0050/1030] loss = 0.000510
[e016 s0100/1030] loss = 0.000391
[e016 s0150/1030] loss = 0.000358
[e016 s0200/1030] loss = 0.000352
[e016 s0250/1030] loss = 0.000317
[e016 s0300/1030] loss = 0.000285
[e016 s0350/1030] loss = 0.000306
[e016 s0400/1030] loss = 0.000397
[e016 s0450/1030] loss = 0.000391
[e016 s0500/1030] loss = 0.000382
[e016 s0550/1030] loss = 0.000371
[e016 s0600/1030] loss = 0.000370
[e016 s0650/1030] loss = 0.000383
[e016 s0700/1030] loss = 0.000397
[e016 s0750/1030] loss = 0.000402
[e016 s0800/1030] loss = 0.000398
[e016 s0850/1030] loss = 0.000392
[e016 s0900/1030] loss = 0.000382
[e016 s0950/1030] loss = 0.000412
[e016 s1000/1030] loss = 0.000401
Epoch 016: train_loss = 0.000401  MAE/GAME0 = 32.15  RMSE = 45.54  GAME1 = 8.91  GAME2 = 2.55  GAME3 = 0.75  lr = 1.00e-05  time = 25.0s
[e017 s0001/1030] loss = 0.000617
[e017 s0050/1030] loss = 0.001455
[e017 s0100/1030] loss = 0.000964
[e017 s0150/1030] loss = 0.000731
[e017 s0200/1030] loss = 0.000609
[e017 s0250/1030] loss = 0.000955
[e017 s0300/1030] loss = 0.000881
[e017 s0350/1030] loss = 0.000853
[e017 s0400/1030] loss = 0.000816
[e017 s0450/1030] loss = 0.000784
[e017 s0500/1030] loss = 0.000782
[e017 s0550/1030] loss = 0.000752
[e017 s0600/1030] loss = 0.000711
[e017 s0650/1030] loss = 0.000672
[e017 s0700/1030] loss = 0.000633
[e017 s0750/1030] loss = 0.000617
[e017 s0800/1030] loss = 0.000599
[e017 s0850/1030] loss = 0.000611
[e017 s0900/1030] loss = 0.000651
[e017 s0950/1030] loss = 0.000625
[e017 s1000/1030] loss = 0.000614
Epoch 017: train_loss = 0.000602  MAE/GAME0 = 24.80  RMSE = 41.32  GAME1 = 7.51  GAME2 = 2.19  GAME3 = 0.65  lr = 1.00e-05  time = 23.6s
[e018 s0001/1030] loss = 0.000001
[e018 s0050/1030] loss = 0.000548
[e018 s0100/1030] loss = 0.000353
[e018 s0150/1030] loss = 0.000346
[e018 s0200/1030] loss = 0.000314
[e018 s0250/1030] loss = 0.000295
[e018 s0300/1030] loss = 0.000265
[e018 s0350/1030] loss = 0.000253
[e018 s0400/1030] loss = 0.000237
[e018 s0450/1030] loss = 0.000254
[e018 s0500/1030] loss = 0.000248
[e018 s0550/1030] loss = 0.000285
[e018 s0600/1030] loss = 0.000292
[e018 s0650/1030] loss = 0.000281
[e018 s0700/1030] loss = 0.000280
[e018 s0750/1030] loss = 0.000282
[e018 s0800/1030] loss = 0.000278
[e018 s0850/1030] loss = 0.000279
[e018 s0900/1030] loss = 0.000287
[e018 s0950/1030] loss = 0.000291
[e018 s1000/1030] loss = 0.000294
Epoch 018: train_loss = 0.000295  MAE/GAME0 = 27.61  RMSE = 52.96  GAME1 = 7.73  GAME2 = 2.16  GAME3 = 0.62  lr = 1.00e-05  time = 24.0s
[e019 s0001/1030] loss = 0.000412
[e019 s0050/1030] loss = 0.000427
[e019 s0100/1030] loss = 0.000442
[e019 s0150/1030] loss = 0.000413
[e019 s0200/1030] loss = 0.000386
[e019 s0250/1030] loss = 0.000444
[e019 s0300/1030] loss = 0.000393
[e019 s0350/1030] loss = 0.000372
[e019 s0400/1030] loss = 0.000356
[e019 s0450/1030] loss = 0.000342
[e019 s0500/1030] loss = 0.000381
[e019 s0550/1030] loss = 0.000372
[e019 s0600/1030] loss = 0.000373
[e019 s0650/1030] loss = 0.000359
[e019 s0700/1030] loss = 0.000344
[e019 s0750/1030] loss = 0.000334
[e019 s0800/1030] loss = 0.000334
[e019 s0850/1030] loss = 0.000326
[e019 s0900/1030] loss = 0.000323
[e019 s0950/1030] loss = 0.000317
[e019 s1000/1030] loss = 0.000316
Epoch 019: train_loss = 0.000318  MAE/GAME0 = 24.85  RMSE = 44.92  GAME1 = 7.39  GAME2 = 2.10  GAME3 = 0.62  lr = 1.00e-05  time = 24.3s
[e020 s0001/1030] loss = 0.000118
[e020 s0050/1030] loss = 0.000364
[e020 s0100/1030] loss = 0.000260
[e020 s0150/1030] loss = 0.000223
[e020 s0200/1030] loss = 0.000214
[e020 s0250/1030] loss = 0.000235
[e020 s0300/1030] loss = 0.000227
[e020 s0350/1030] loss = 0.000278
[e020 s0400/1030] loss = 0.000289
[e020 s0450/1030] loss = 0.000302
[e020 s0500/1030] loss = 0.000349
[e020 s0550/1030] loss = 0.000376
[e020 s0600/1030] loss = 0.000360
[e020 s0650/1030] loss = 0.000368
[e020 s0700/1030] loss = 0.000357
[e020 s0750/1030] loss = 0.000358
[e020 s0800/1030] loss = 0.000348
[e020 s0850/1030] loss = 0.000336
[e020 s0900/1030] loss = 0.000326
[e020 s0950/1030] loss = 0.000323
[e020 s1000/1030] loss = 0.000319
Epoch 020: train_loss = 0.000321  MAE/GAME0 = 35.49  RMSE = 50.55  GAME1 = 9.79  GAME2 = 2.69  GAME3 = 0.76  lr = 1.00e-05  time = 24.2s
[e021 s0001/1030] loss = 0.000348
[e021 s0050/1030] loss = 0.000340
[e021 s0100/1030] loss = 0.000383
[e021 s0150/1030] loss = 0.000332
[e021 s0200/1030] loss = 0.000432
[e021 s0250/1030] loss = 0.000464
[e021 s0300/1030] loss = 0.000424
[e021 s0350/1030] loss = 0.000397
[e021 s0400/1030] loss = 0.000405
[e021 s0450/1030] loss = 0.000414
[e021 s0500/1030] loss = 0.000406
[e021 s0550/1030] loss = 0.000416
[e021 s0600/1030] loss = 0.000401
[e021 s0650/1030] loss = 0.000429
[e021 s0700/1030] loss = 0.000419
[e021 s0750/1030] loss = 0.000409
[e021 s0800/1030] loss = 0.000403
[e021 s0850/1030] loss = 0.000391
[e021 s0900/1030] loss = 0.000379
[e021 s0950/1030] loss = 0.000370
[e021 s1000/1030] loss = 0.000376
Epoch 021: train_loss = 0.000374  MAE/GAME0 = 28.35  RMSE = 46.83  GAME1 = 8.76  GAME2 = 2.59  GAME3 = 0.75  lr = 1.00e-05  time = 24.1s
[e022 s0001/1030] loss = 0.000150
[e022 s0050/1030] loss = 0.000087
[e022 s0100/1030] loss = 0.000350
[e022 s0150/1030] loss = 0.000307
[e022 s0200/1030] loss = 0.000300
[e022 s0250/1030] loss = 0.000325
[e022 s0300/1030] loss = 0.000362
[e022 s0350/1030] loss = 0.000371
[e022 s0400/1030] loss = 0.000352
[e022 s0450/1030] loss = 0.000333
[e022 s0500/1030] loss = 0.000317
[e022 s0550/1030] loss = 0.000307
[e022 s0600/1030] loss = 0.000476
[e022 s0650/1030] loss = 0.000491
[e022 s0700/1030] loss = 0.000487
[e022 s0750/1030] loss = 0.000483
[e022 s0800/1030] loss = 0.000472
[e022 s0850/1030] loss = 0.000469
[e022 s0900/1030] loss = 0.000456
[e022 s0950/1030] loss = 0.000462
[e022 s1000/1030] loss = 0.000458
Epoch 022: train_loss = 0.000448  MAE/GAME0 = 32.94  RMSE = 56.94  GAME1 = 9.55  GAME2 = 2.70  GAME3 = 0.74  lr = 1.00e-05  time = 24.0s
[e023 s0001/1030] loss = 0.000001
[e023 s0050/1030] loss = 0.000251
[e023 s0100/1030] loss = 0.000314
[e023 s0150/1030] loss = 0.000477
[e023 s0200/1030] loss = 0.000730
[e023 s0250/1030] loss = 0.000678
[e023 s0300/1030] loss = 0.000689
[e023 s0350/1030] loss = 0.000646
[e023 s0400/1030] loss = 0.000589
[e023 s0450/1030] loss = 0.000555
[e023 s0500/1030] loss = 0.000543
[e023 s0550/1030] loss = 0.000513
[e023 s0600/1030] loss = 0.000510
[e023 s0650/1030] loss = 0.000498
[e023 s0700/1030] loss = 0.000471
[e023 s0750/1030] loss = 0.000478
[e023 s0800/1030] loss = 0.000462
[e023 s0850/1030] loss = 0.000481
[e023 s0900/1030] loss = 0.000488
[e023 s0950/1030] loss = 0.000475
[e023 s1000/1030] loss = 0.000462
Epoch 023: train_loss = 0.000457  MAE/GAME0 = 28.18  RMSE = 46.60  GAME1 = 8.64  GAME2 = 2.55  GAME3 = 0.74  lr = 1.00e-05  time = 25.3s
[e024 s0001/1030] loss = 0.000012
[e024 s0050/1030] loss = 0.000403
[e024 s0100/1030] loss = 0.000388
[e024 s0150/1030] loss = 0.000333
[e024 s0200/1030] loss = 0.000313
[e024 s0250/1030] loss = 0.000345
[e024 s0300/1030] loss = 0.000355
[e024 s0350/1030] loss = 0.000408
[e024 s0400/1030] loss = 0.000404
[e024 s0450/1030] loss = 0.000385
[e024 s0500/1030] loss = 0.000379
[e024 s0550/1030] loss = 0.000375
[e024 s0600/1030] loss = 0.000371
[e024 s0650/1030] loss = 0.000378
[e024 s0700/1030] loss = 0.000359
[e024 s0750/1030] loss = 0.000348
[e024 s0800/1030] loss = 0.000339
[e024 s0850/1030] loss = 0.000340
[e024 s0900/1030] loss = 0.000339
[e024 s0950/1030] loss = 0.000331
[e024 s1000/1030] loss = 0.000336
Epoch 024: train_loss = 0.000329  MAE/GAME0 = 25.04  RMSE = 44.23  GAME1 = 7.24  GAME2 = 2.07  GAME3 = 0.61  lr = 1.00e-05  time = 24.0s
[e025 s0001/1030] loss = 0.000116
[e025 s0050/1030] loss = 0.000310
[e025 s0100/1030] loss = 0.000585
[e025 s0150/1030] loss = 0.000496
[e025 s0200/1030] loss = 0.000424
[e025 s0250/1030] loss = 0.000386
[e025 s0300/1030] loss = 0.000357
[e025 s0350/1030] loss = 0.000323
[e025 s0400/1030] loss = 0.000316
[e025 s0450/1030] loss = 0.000340
[e025 s0500/1030] loss = 0.000321
[e025 s0550/1030] loss = 0.000339
[e025 s0600/1030] loss = 0.000375
[e025 s0650/1030] loss = 0.000386
[e025 s0700/1030] loss = 0.000410
[e025 s0750/1030] loss = 0.000393
[e025 s0800/1030] loss = 0.000395
[e025 s0850/1030] loss = 0.000381
[e025 s0900/1030] loss = 0.000391
[e025 s0950/1030] loss = 0.000381
[e025 s1000/1030] loss = 0.000370
Epoch 025: train_loss = 0.000363  MAE/GAME0 = 22.98  RMSE = 48.49  GAME1 = 8.13  GAME2 = 2.55  GAME3 = 0.75  lr = 1.00e-05  time = 24.1s
[e026 s0001/1030] loss = 0.000007
[e026 s0050/1030] loss = 0.000230
[e026 s0100/1030] loss = 0.000400
[e026 s0150/1030] loss = 0.000380
[e026 s0200/1030] loss = 0.000329
[e026 s0250/1030] loss = 0.000336
[e026 s0300/1030] loss = 0.000324
[e026 s0350/1030] loss = 0.000314
[e026 s0400/1030] loss = 0.000501
[e026 s0450/1030] loss = 0.000598
[e026 s0500/1030] loss = 0.000577
[e026 s0550/1030] loss = 0.000574
[e026 s0600/1030] loss = 0.000548
[e026 s0650/1030] loss = 0.000541
[e026 s0700/1030] loss = 0.000544
[e026 s0750/1030] loss = 0.000526
[e026 s0800/1030] loss = 0.000533
[e026 s0850/1030] loss = 0.000573
[e026 s0900/1030] loss = 0.000598
[e026 s0950/1030] loss = 0.000582
[e026 s1000/1030] loss = 0.000571
Epoch 026: train_loss = 0.000568  MAE/GAME0 = 24.97  RMSE = 51.70  GAME1 = 7.90  GAME2 = 2.38  GAME3 = 0.68  lr = 1.00e-05  time = 23.9s
[e027 s0001/1030] loss = 0.000005
[e027 s0050/1030] loss = 0.000299
[e027 s0100/1030] loss = 0.000251
[e027 s0150/1030] loss = 0.000299
[e027 s0200/1030] loss = 0.000280
[e027 s0250/1030] loss = 0.000375
[e027 s0300/1030] loss = 0.000373
[e027 s0350/1030] loss = 0.000360
[e027 s0400/1030] loss = 0.000382
[e027 s0450/1030] loss = 0.000361
[e027 s0500/1030] loss = 0.000350
[e027 s0550/1030] loss = 0.000356
[e027 s0600/1030] loss = 0.000364
[e027 s0650/1030] loss = 0.000356
[e027 s0700/1030] loss = 0.000349
[e027 s0750/1030] loss = 0.000355
[e027 s0800/1030] loss = 0.000341
[e027 s0850/1030] loss = 0.000353
[e027 s0900/1030] loss = 0.000392
[e027 s0950/1030] loss = 0.000403
[e027 s1000/1030] loss = 0.000403
Epoch 027: train_loss = 0.000395  MAE/GAME0 = 22.65  RMSE = 41.87  GAME1 = 7.10  GAME2 = 2.10  GAME3 = 0.61  lr = 1.00e-05  time = 24.0s
[e028 s0001/1030] loss = 0.000459
[e028 s0050/1030] loss = 0.000221
[e028 s0100/1030] loss = 0.000223
[e028 s0150/1030] loss = 0.000269
[e028 s0200/1030] loss = 0.000324
[e028 s0250/1030] loss = 0.000389
[e028 s0300/1030] loss = 0.000355
[e028 s0350/1030] loss = 0.000334
[e028 s0400/1030] loss = 0.000334
[e028 s0450/1030] loss = 0.000355
[e028 s0500/1030] loss = 0.000371
[e028 s0550/1030] loss = 0.000364
[e028 s0600/1030] loss = 0.000356
[e028 s0650/1030] loss = 0.000348
[e028 s0700/1030] loss = 0.000340
[e028 s0750/1030] loss = 0.000342
[e028 s0800/1030] loss = 0.000334
[e028 s0850/1030] loss = 0.000331
[e028 s0900/1030] loss = 0.000325
[e028 s0950/1030] loss = 0.000328
[e028 s1000/1030] loss = 0.000327
Epoch 028: train_loss = 0.000340  MAE/GAME0 = 23.12  RMSE = 38.33  GAME1 = 7.36  GAME2 = 2.20  GAME3 = 0.65  lr = 1.00e-05  time = 23.9s
[e029 s0001/1030] loss = 0.000044
[e029 s0050/1030] loss = 0.000304
[e029 s0100/1030] loss = 0.000381
[e029 s0150/1030] loss = 0.000383
[e029 s0200/1030] loss = 0.000356
[e029 s0250/1030] loss = 0.000334
[e029 s0300/1030] loss = 0.000389
[e029 s0350/1030] loss = 0.000411
[e029 s0400/1030] loss = 0.000427
[e029 s0450/1030] loss = 0.000430
[e029 s0500/1030] loss = 0.000440
[e029 s0550/1030] loss = 0.000425
[e029 s0600/1030] loss = 0.000460
[e029 s0650/1030] loss = 0.000447
[e029 s0700/1030] loss = 0.000479
[e029 s0750/1030] loss = 0.000471
[e029 s0800/1030] loss = 0.000460
[e029 s0850/1030] loss = 0.000450
[e029 s0900/1030] loss = 0.000449
[e029 s0950/1030] loss = 0.000442
[e029 s1000/1030] loss = 0.000454
Epoch 029: train_loss = 0.000452  MAE/GAME0 = 22.67  RMSE = 39.61  GAME1 = 6.96  GAME2 = 2.06  GAME3 = 0.62  lr = 1.00e-05  time = 24.0s
[e030 s0001/1030] loss = 0.001379
[e030 s0050/1030] loss = 0.000200
[e030 s0100/1030] loss = 0.000199
[e030 s0150/1030] loss = 0.000193
[e030 s0200/1030] loss = 0.000183
[e030 s0250/1030] loss = 0.000219
[e030 s0300/1030] loss = 0.000227
[e030 s0350/1030] loss = 0.000252
[e030 s0400/1030] loss = 0.000282
[e030 s0450/1030] loss = 0.000325
[e030 s0500/1030] loss = 0.000353
[e030 s0550/1030] loss = 0.000372
[e030 s0600/1030] loss = 0.000360
[e030 s0650/1030] loss = 0.000356
[e030 s0700/1030] loss = 0.000337
[e030 s0750/1030] loss = 0.000332
[e030 s0800/1030] loss = 0.000329
[e030 s0850/1030] loss = 0.000321
[e030 s0900/1030] loss = 0.000318
[e030 s0950/1030] loss = 0.000319
[e030 s1000/1030] loss = 0.000324
Epoch 030: train_loss = 0.000323  MAE/GAME0 = 26.07  RMSE = 41.56  GAME1 = 7.77  GAME2 = 2.24  GAME3 = 0.67  lr = 1.00e-05  time = 23.9s
[e031 s0001/1030] loss = 0.000001
[e031 s0050/1030] loss = 0.000252
[e031 s0100/1030] loss = 0.000271
[e031 s0150/1030] loss = 0.000471
[e031 s0200/1030] loss = 0.000435
[e031 s0250/1030] loss = 0.000528
[e031 s0300/1030] loss = 0.000494
[e031 s0350/1030] loss = 0.000461
[e031 s0400/1030] loss = 0.000431
[e031 s0450/1030] loss = 0.000434
[e031 s0500/1030] loss = 0.000433
[e031 s0550/1030] loss = 0.000415
[e031 s0600/1030] loss = 0.000394
[e031 s0650/1030] loss = 0.000502
[e031 s0700/1030] loss = 0.000477
[e031 s0750/1030] loss = 0.000499
[e031 s0800/1030] loss = 0.000490
[e031 s0850/1030] loss = 0.000471
[e031 s0900/1030] loss = 0.000477
[e031 s0950/1030] loss = 0.000462
[e031 s1000/1030] loss = 0.000469
Epoch 031: train_loss = 0.000465  MAE/GAME0 = 25.50  RMSE = 48.69  GAME1 = 7.67  GAME2 = 2.21  GAME3 = 0.63  lr = 1.00e-05  time = 24.4s
[e032 s0001/1030] loss = 0.000052
[e032 s0050/1030] loss = 0.002595
[e032 s0100/1030] loss = 0.001686
[e032 s0150/1030] loss = 0.001245
[e032 s0200/1030] loss = 0.001010
[e032 s0250/1030] loss = 0.000886
[e032 s0300/1030] loss = 0.000781
[e032 s0350/1030] loss = 0.000717
[e032 s0400/1030] loss = 0.000670
[e032 s0450/1030] loss = 0.000612
[e032 s0500/1030] loss = 0.000595
[e032 s0550/1030] loss = 0.000561
[e032 s0600/1030] loss = 0.000548
[e032 s0650/1030] loss = 0.000533
[e032 s0700/1030] loss = 0.000516
[e032 s0750/1030] loss = 0.000510
[e032 s0800/1030] loss = 0.000493
[e032 s0850/1030] loss = 0.000496
[e032 s0900/1030] loss = 0.000481
[e032 s0950/1030] loss = 0.000468
[e032 s1000/1030] loss = 0.000456
-> saved t_best.pth (MAE/GAME0 22.23)
Epoch 032: train_loss = 0.000453  MAE/GAME0 = 22.23  RMSE = 41.14  GAME1 = 6.88  GAME2 = 2.02  GAME3 = 0.59  lr = 1.00e-05  time = 24.3s
[e033 s0001/1030] loss = 0.000002
[e033 s0050/1030] loss = 0.000357
[e033 s0100/1030] loss = 0.000302
[e033 s0150/1030] loss = 0.000306
[e033 s0200/1030] loss = 0.000304
[e033 s0250/1030] loss = 0.000334
[e033 s0300/1030] loss = 0.000352
[e033 s0350/1030] loss = 0.000331
[e033 s0400/1030] loss = 0.000310
[e033 s0450/1030] loss = 0.000320
[e033 s0500/1030] loss = 0.000335
[e033 s0550/1030] loss = 0.000340
[e033 s0600/1030] loss = 0.000340
[e033 s0650/1030] loss = 0.000353
[e033 s0700/1030] loss = 0.000394
[e033 s0750/1030] loss = 0.000380
[e033 s0800/1030] loss = 0.000366
[e033 s0850/1030] loss = 0.000361
[e033 s0900/1030] loss = 0.000395
[e033 s0950/1030] loss = 0.000391
[e033 s1000/1030] loss = 0.000379
Epoch 033: train_loss = 0.000381  MAE/GAME0 = 53.00  RMSE = 60.86  GAME1 = 14.02  GAME2 = 3.75  GAME3 = 1.02  lr = 1.00e-05  time = 26.2s
[e034 s0001/1030] loss = 0.000198
[e034 s0050/1030] loss = 0.000337
[e034 s0100/1030] loss = 0.000292
[e034 s0150/1030] loss = 0.000358
[e034 s0200/1030] loss = 0.000363
[e034 s0250/1030] loss = 0.000374
[e034 s0300/1030] loss = 0.000352
[e034 s0350/1030] loss = 0.000350
[e034 s0400/1030] loss = 0.000337
[e034 s0450/1030] loss = 0.000386
[e034 s0500/1030] loss = 0.000427
[e034 s0550/1030] loss = 0.000580
[e034 s0600/1030] loss = 0.000553
[e034 s0650/1030] loss = 0.000556
[e034 s0700/1030] loss = 0.000539
[e034 s0750/1030] loss = 0.000531
[e034 s0800/1030] loss = 0.000510
[e034 s0850/1030] loss = 0.000488
[e034 s0900/1030] loss = 0.000475
[e034 s0950/1030] loss = 0.000467
[e034 s1000/1030] loss = 0.000462
Epoch 034: train_loss = 0.000454  MAE/GAME0 = 41.66  RMSE = 50.98  GAME1 = 11.25  GAME2 = 3.03  GAME3 = 0.84  lr = 1.00e-05  time = 24.5s
[e035 s0001/1030] loss = 0.000022
[e035 s0050/1030] loss = 0.000384
[e035 s0100/1030] loss = 0.000455
[e035 s0150/1030] loss = 0.000431
[e035 s0200/1030] loss = 0.000443
[e035 s0250/1030] loss = 0.000402
[e035 s0300/1030] loss = 0.000420
[e035 s0350/1030] loss = 0.000417
[e035 s0400/1030] loss = 0.000389
[e035 s0450/1030] loss = 0.000363
[e035 s0500/1030] loss = 0.000351
[e035 s0550/1030] loss = 0.000334
[e035 s0600/1030] loss = 0.000383
[e035 s0650/1030] loss = 0.000379
[e035 s0700/1030] loss = 0.000427
[e035 s0750/1030] loss = 0.000416
[e035 s0800/1030] loss = 0.000426
[e035 s0850/1030] loss = 0.000423
[e035 s0900/1030] loss = 0.000430
[e035 s0950/1030] loss = 0.000422
[e035 s1000/1030] loss = 0.000419
Epoch 035: train_loss = 0.000413  MAE/GAME0 = 25.03  RMSE = 48.25  GAME1 = 7.90  GAME2 = 2.29  GAME3 = 0.67  lr = 1.00e-05  time = 24.2s
[e036 s0001/1030] loss = 0.000060
[e036 s0050/1030] loss = 0.000332
[e036 s0100/1030] loss = 0.000219
[e036 s0150/1030] loss = 0.000224
[e036 s0200/1030] loss = 0.000418
[e036 s0250/1030] loss = 0.000372
[e036 s0300/1030] loss = 0.000391
[e036 s0350/1030] loss = 0.000413
[e036 s0400/1030] loss = 0.000402
[e036 s0450/1030] loss = 0.000393
[e036 s0500/1030] loss = 0.000387
[e036 s0550/1030] loss = 0.000375
[e036 s0600/1030] loss = 0.000376
[e036 s0650/1030] loss = 0.000375
[e036 s0700/1030] loss = 0.000375
[e036 s0750/1030] loss = 0.000374
[e036 s0800/1030] loss = 0.000362
[e036 s0850/1030] loss = 0.000367
[e036 s0900/1030] loss = 0.000361
[e036 s0950/1030] loss = 0.000356
[e036 s1000/1030] loss = 0.000356
Epoch 036: train_loss = 0.000349  MAE/GAME0 = 22.59  RMSE = 43.58  GAME1 = 6.83  GAME2 = 1.95  GAME3 = 0.57  lr = 1.00e-05  time = 24.0s
[e037 s0001/1030] loss = 0.000283
[e037 s0050/1030] loss = 0.000682
[e037 s0100/1030] loss = 0.000481
[e037 s0150/1030] loss = 0.000474
[e037 s0200/1030] loss = 0.000412
[e037 s0250/1030] loss = 0.000370
[e037 s0300/1030] loss = 0.000385
[e037 s0350/1030] loss = 0.000377
[e037 s0400/1030] loss = 0.000374
[e037 s0450/1030] loss = 0.000351
[e037 s0500/1030] loss = 0.000351
[e037 s0550/1030] loss = 0.000341
[e037 s0600/1030] loss = 0.000340
[e037 s0650/1030] loss = 0.000357
[e037 s0700/1030] loss = 0.000359
[e037 s0750/1030] loss = 0.000344
[e037 s0800/1030] loss = 0.000354
[e037 s0850/1030] loss = 0.000373
[e037 s0900/1030] loss = 0.000483
[e037 s0950/1030] loss = 0.000482
[e037 s1000/1030] loss = 0.000475
Epoch 037: train_loss = 0.000479  MAE/GAME0 = 55.07  RMSE = 63.10  GAME1 = 15.00  GAME2 = 4.15  GAME3 = 1.13  lr = 1.00e-05  time = 23.7s
[e038 s0001/1030] loss = 0.000438
[e038 s0050/1030] loss = 0.000499
[e038 s0100/1030] loss = 0.000355
[e038 s0150/1030] loss = 0.000284
[e038 s0200/1030] loss = 0.000285
[e038 s0250/1030] loss = 0.000281
[e038 s0300/1030] loss = 0.000454
[e038 s0350/1030] loss = 0.000501
[e038 s0400/1030] loss = 0.000476
[e038 s0450/1030] loss = 0.000444
[e038 s0500/1030] loss = 0.000437
[e038 s0550/1030] loss = 0.000421
[e038 s0600/1030] loss = 0.000398
[e038 s0650/1030] loss = 0.000407
[e038 s0700/1030] loss = 0.000401
[e038 s0750/1030] loss = 0.000383
[e038 s0800/1030] loss = 0.000389
[e038 s0850/1030] loss = 0.000382
[e038 s0900/1030] loss = 0.000369
[e038 s0950/1030] loss = 0.000368
[e038 s1000/1030] loss = 0.000377
Epoch 038: train_loss = 0.000373  MAE/GAME0 = 23.19  RMSE = 43.07  GAME1 = 7.18  GAME2 = 2.13  GAME3 = 0.64  lr = 1.00e-05  time = 24.6s
[e039 s0001/1030] loss = 0.000001
[e039 s0050/1030] loss = 0.000166
[e039 s0100/1030] loss = 0.000176
[e039 s0150/1030] loss = 0.000213
[e039 s0200/1030] loss = 0.000203
[e039 s0250/1030] loss = 0.000210
[e039 s0300/1030] loss = 0.000202
[e039 s0350/1030] loss = 0.000198
[e039 s0400/1030] loss = 0.000211
[e039 s0450/1030] loss = 0.000200
[e039 s0500/1030] loss = 0.000203
[e039 s0550/1030] loss = 0.000208
[e039 s0600/1030] loss = 0.000200
[e039 s0650/1030] loss = 0.000198
[e039 s0700/1030] loss = 0.000195
[e039 s0750/1030] loss = 0.000197
[e039 s0800/1030] loss = 0.000209
[e039 s0850/1030] loss = 0.000221
[e039 s0900/1030] loss = 0.000230
[e039 s0950/1030] loss = 0.000234
[e039 s1000/1030] loss = 0.000240
Epoch 039: train_loss = 0.000238  MAE/GAME0 = 24.85  RMSE = 43.26  GAME1 = 7.39  GAME2 = 2.08  GAME3 = 0.61  lr = 1.00e-05  time = 23.8s
[e040 s0001/1030] loss = 0.002068
[e040 s0050/1030] loss = 0.000239
[e040 s0100/1030] loss = 0.000198
[e040 s0150/1030] loss = 0.000186
[e040 s0200/1030] loss = 0.000421
[e040 s0250/1030] loss = 0.000361
[e040 s0300/1030] loss = 0.000401
[e040 s0350/1030] loss = 0.000377
[e040 s0400/1030] loss = 0.000374
[e040 s0450/1030] loss = 0.000364
[e040 s0500/1030] loss = 0.000356
[e040 s0550/1030] loss = 0.000345
[e040 s0600/1030] loss = 0.000330
[e040 s0650/1030] loss = 0.000328
[e040 s0700/1030] loss = 0.000329
[e040 s0750/1030] loss = 0.000319
[e040 s0800/1030] loss = 0.000318
[e040 s0850/1030] loss = 0.000317
[e040 s0900/1030] loss = 0.000326
[e040 s0950/1030] loss = 0.000319
[e040 s1000/1030] loss = 0.000325
Epoch 040: train_loss = 0.000334  MAE/GAME0 = 35.46  RMSE = 50.02  GAME1 = 9.85  GAME2 = 2.74  GAME3 = 0.78  lr = 1.00e-05  time = 23.9s
[e041 s0001/1030] loss = 0.000004
[e041 s0050/1030] loss = 0.000165
[e041 s0100/1030] loss = 0.000164
[e041 s0150/1030] loss = 0.000207
[e041 s0200/1030] loss = 0.000218
[e041 s0250/1030] loss = 0.000250
[e041 s0300/1030] loss = 0.000235
[e041 s0350/1030] loss = 0.000228
[e041 s0400/1030] loss = 0.000300
[e041 s0450/1030] loss = 0.000346
[e041 s0500/1030] loss = 0.000427
[e041 s0550/1030] loss = 0.000436
[e041 s0600/1030] loss = 0.000420
[e041 s0650/1030] loss = 0.000400
[e041 s0700/1030] loss = 0.000408
[e041 s0750/1030] loss = 0.000399
[e041 s0800/1030] loss = 0.000397
[e041 s0850/1030] loss = 0.000397
[e041 s0900/1030] loss = 0.000399
[e041 s0950/1030] loss = 0.000411
[e041 s1000/1030] loss = 0.000417
Epoch 041: train_loss = 0.000410  MAE/GAME0 = 25.52  RMSE = 44.49  GAME1 = 7.52  GAME2 = 2.12  GAME3 = 0.62  lr = 1.00e-05  time = 23.9s
[e042 s0001/1030] loss = 0.000171
[e042 s0050/1030] loss = 0.000395
[e042 s0100/1030] loss = 0.000367
[e042 s0150/1030] loss = 0.000340
[e042 s0200/1030] loss = 0.000365
[e042 s0250/1030] loss = 0.000357
[e042 s0300/1030] loss = 0.000339
[e042 s0350/1030] loss = 0.000313
[e042 s0400/1030] loss = 0.000381
[e042 s0450/1030] loss = 0.000359
[e042 s0500/1030] loss = 0.000349
[e042 s0550/1030] loss = 0.000351
[e042 s0600/1030] loss = 0.000335
[e042 s0650/1030] loss = 0.000329
[e042 s0700/1030] loss = 0.000327
[e042 s0750/1030] loss = 0.000325
[e042 s0800/1030] loss = 0.000346
[e042 s0850/1030] loss = 0.000405
[e042 s0900/1030] loss = 0.000398
[e042 s0950/1030] loss = 0.000388
[e042 s1000/1030] loss = 0.000378
Epoch 042: train_loss = 0.000372  MAE/GAME0 = 23.44  RMSE = 45.61  GAME1 = 7.03  GAME2 = 2.01  GAME3 = 0.58  lr = 1.00e-05  time = 24.4s
[e043 s0001/1030] loss = 0.000266
[e043 s0050/1030] loss = 0.000329
[e043 s0100/1030] loss = 0.000220
[e043 s0150/1030] loss = 0.000259
[e043 s0200/1030] loss = 0.000287
[e043 s0250/1030] loss = 0.000297
[e043 s0300/1030] loss = 0.000273
[e043 s0350/1030] loss = 0.000276
[e043 s0400/1030] loss = 0.000313
[e043 s0450/1030] loss = 0.000319
[e043 s0500/1030] loss = 0.000376
[e043 s0550/1030] loss = 0.000511
[e043 s0600/1030] loss = 0.000618
[e043 s0650/1030] loss = 0.000597
[e043 s0700/1030] loss = 0.000575
[e043 s0750/1030] loss = 0.000554
[e043 s0800/1030] loss = 0.000529
[e043 s0850/1030] loss = 0.000515
[e043 s0900/1030] loss = 0.000500
[e043 s0950/1030] loss = 0.000483
[e043 s1000/1030] loss = 0.000473
Epoch 043: train_loss = 0.000465  MAE/GAME0 = 25.33  RMSE = 44.51  GAME1 = 7.72  GAME2 = 2.21  GAME3 = 0.65  lr = 1.00e-05  time = 23.7s
[e044 s0001/1030] loss = 0.000001
[e044 s0050/1030] loss = 0.000442
[e044 s0100/1030] loss = 0.000332
[e044 s0150/1030] loss = 0.000321
[e044 s0200/1030] loss = 0.000318
[e044 s0250/1030] loss = 0.000398
[e044 s0300/1030] loss = 0.000375
[e044 s0350/1030] loss = 0.000347
[e044 s0400/1030] loss = 0.000387
[e044 s0450/1030] loss = 0.000400
[e044 s0500/1030] loss = 0.000419
[e044 s0550/1030] loss = 0.000421
[e044 s0600/1030] loss = 0.000405
[e044 s0650/1030] loss = 0.000403
[e044 s0700/1030] loss = 0.000393
[e044 s0750/1030] loss = 0.000389
[e044 s0800/1030] loss = 0.000379
[e044 s0850/1030] loss = 0.000408
[e044 s0900/1030] loss = 0.000406
[e044 s0950/1030] loss = 0.000408
[e044 s1000/1030] loss = 0.000396
Epoch 044: train_loss = 0.000397  MAE/GAME0 = 26.02  RMSE = 43.68  GAME1 = 7.69  GAME2 = 2.19  GAME3 = 0.65  lr = 1.00e-05  time = 23.8s
[e045 s0001/1030] loss = 0.000001
[e045 s0050/1030] loss = 0.000193
[e045 s0100/1030] loss = 0.000290
[e045 s0150/1030] loss = 0.000357
[e045 s0200/1030] loss = 0.000700
[e045 s0250/1030] loss = 0.000618
[e045 s0300/1030] loss = 0.000580
[e045 s0350/1030] loss = 0.000525
[e045 s0400/1030] loss = 0.000497
[e045 s0450/1030] loss = 0.000462
[e045 s0500/1030] loss = 0.000439
[e045 s0550/1030] loss = 0.000423
[e045 s0600/1030] loss = 0.000426
[e045 s0650/1030] loss = 0.000427
[e045 s0700/1030] loss = 0.000408
[e045 s0750/1030] loss = 0.000408
[e045 s0800/1030] loss = 0.000392
[e045 s0850/1030] loss = 0.000388
[e045 s0900/1030] loss = 0.000391
[e045 s0950/1030] loss = 0.000381
[e045 s1000/1030] loss = 0.000377
Epoch 045: train_loss = 0.000377  MAE/GAME0 = 24.29  RMSE = 43.74  GAME1 = 7.48  GAME2 = 2.14  GAME3 = 0.62  lr = 1.00e-05  time = 24.2s
[e046 s0001/1030] loss = 0.000156
[e046 s0050/1030] loss = 0.001261
[e046 s0100/1030] loss = 0.000758
[e046 s0150/1030] loss = 0.000582
[e046 s0200/1030] loss = 0.000480
[e046 s0250/1030] loss = 0.000788
[e046 s0300/1030] loss = 0.000704
[e046 s0350/1030] loss = 0.000640
[e046 s0400/1030] loss = 0.000581
[e046 s0450/1030] loss = 0.000548
[e046 s0500/1030] loss = 0.000537
[e046 s0550/1030] loss = 0.000527
[e046 s0600/1030] loss = 0.000509
[e046 s0650/1030] loss = 0.000513
[e046 s0700/1030] loss = 0.000494
[e046 s0750/1030] loss = 0.000485
[e046 s0800/1030] loss = 0.000469
[e046 s0850/1030] loss = 0.000454
[e046 s0900/1030] loss = 0.000477
[e046 s0950/1030] loss = 0.000475
[e046 s1000/1030] loss = 0.000469
Epoch 046: train_loss = 0.000464  MAE/GAME0 = 30.26  RMSE = 49.06  GAME1 = 8.16  GAME2 = 2.21  GAME3 = 0.61  lr = 1.00e-05  time = 24.0s
[e047 s0001/1030] loss = 0.000226
[e047 s0050/1030] loss = 0.000490
[e047 s0100/1030] loss = 0.000393
[e047 s0150/1030] loss = 0.000351
[e047 s0200/1030] loss = 0.000316
[e047 s0250/1030] loss = 0.000326
[e047 s0300/1030] loss = 0.000326
[e047 s0350/1030] loss = 0.000314
[e047 s0400/1030] loss = 0.000315
[e047 s0450/1030] loss = 0.000309
[e047 s0500/1030] loss = 0.000412
[e047 s0550/1030] loss = 0.000406
[e047 s0600/1030] loss = 0.000404
[e047 s0650/1030] loss = 0.000404
[e047 s0700/1030] loss = 0.000397
[e047 s0750/1030] loss = 0.000389
[e047 s0800/1030] loss = 0.000388
[e047 s0850/1030] loss = 0.000376
[e047 s0900/1030] loss = 0.000372
[e047 s0950/1030] loss = 0.000365
[e047 s1000/1030] loss = 0.000356
Epoch 047: train_loss = 0.000354  MAE/GAME0 = 23.62  RMSE = 43.10  GAME1 = 7.00  GAME2 = 2.01  GAME3 = 0.59  lr = 1.00e-05  time = 24.4s
[e048 s0001/1030] loss = 0.000256
[e048 s0050/1030] loss = 0.000468
[e048 s0100/1030] loss = 0.000306
[e048 s0150/1030] loss = 0.000380
[e048 s0200/1030] loss = 0.000364
[e048 s0250/1030] loss = 0.000356
[e048 s0300/1030] loss = 0.000321
[e048 s0350/1030] loss = 0.000326
[e048 s0400/1030] loss = 0.000344
[e048 s0450/1030] loss = 0.000336
[e048 s0500/1030] loss = 0.000324
[e048 s0550/1030] loss = 0.000320
[e048 s0600/1030] loss = 0.000306
[e048 s0650/1030] loss = 0.000298
[e048 s0700/1030] loss = 0.000293
[e048 s0750/1030] loss = 0.000309
[e048 s0800/1030] loss = 0.000303
[e048 s0850/1030] loss = 0.000318
[e048 s0900/1030] loss = 0.000324
[e048 s0950/1030] loss = 0.000341
[e048 s1000/1030] loss = 0.000342
Epoch 048: train_loss = 0.000343  MAE/GAME0 = 33.82  RMSE = 55.26  GAME1 = 8.95  GAME2 = 2.38  GAME3 = 0.65  lr = 1.00e-05  time = 24.0s
[e049 s0001/1030] loss = 0.000238
[e049 s0050/1030] loss = 0.000263
[e049 s0100/1030] loss = 0.000286
[e049 s0150/1030] loss = 0.000319
[e049 s0200/1030] loss = 0.000290
[e049 s0250/1030] loss = 0.000280
[e049 s0300/1030] loss = 0.000288
[e049 s0350/1030] loss = 0.000324
[e049 s0400/1030] loss = 0.000309
[e049 s0450/1030] loss = 0.000310
[e049 s0500/1030] loss = 0.000310
[e049 s0550/1030] loss = 0.000344
[e049 s0600/1030] loss = 0.000336
[e049 s0650/1030] loss = 0.000321
[e049 s0700/1030] loss = 0.000317
[e049 s0750/1030] loss = 0.000320
[e049 s0800/1030] loss = 0.000319
[e049 s0850/1030] loss = 0.000321
[e049 s0900/1030] loss = 0.000318
[e049 s0950/1030] loss = 0.000320
[e049 s1000/1030] loss = 0.000323
Epoch 049: train_loss = 0.000321  MAE/GAME0 = 25.25  RMSE = 44.50  GAME1 = 7.64  GAME2 = 2.22  GAME3 = 0.66  lr = 1.00e-05  time = 23.9s
[e050 s0001/1030] loss = 0.000131
[e050 s0050/1030] loss = 0.000119
[e050 s0100/1030] loss = 0.000166
[e050 s0150/1030] loss = 0.000265
[e050 s0200/1030] loss = 0.000257
[e050 s0250/1030] loss = 0.000282
[e050 s0300/1030] loss = 0.000304
[e050 s0350/1030] loss = 0.000299
[e050 s0400/1030] loss = 0.000286
[e050 s0450/1030] loss = 0.000374
[e050 s0500/1030] loss = 0.000376
[e050 s0550/1030] loss = 0.000366
[e050 s0600/1030] loss = 0.000356
[e050 s0650/1030] loss = 0.000350
[e050 s0700/1030] loss = 0.000334
[e050 s0750/1030] loss = 0.000327
[e050 s0800/1030] loss = 0.000325
[e050 s0850/1030] loss = 0.000317
[e050 s0900/1030] loss = 0.000315
[e050 s0950/1030] loss = 0.000321
[e050 s1000/1030] loss = 0.000315
Epoch 050: train_loss = 0.000346  MAE/GAME0 = 45.27  RMSE = 57.59  GAME1 = 12.31  GAME2 = 3.36  GAME3 = 0.92  lr = 1.00e-05  time = 24.6s
[e051 s0001/1030] loss = 0.000278
[e051 s0050/1030] loss = 0.000453
[e051 s0100/1030] loss = 0.000277
[e051 s0150/1030] loss = 0.000320
[e051 s0200/1030] loss = 0.000352
[e051 s0250/1030] loss = 0.000423
[e051 s0300/1030] loss = 0.000412
[e051 s0350/1030] loss = 0.000402
[e051 s0400/1030] loss = 0.000419
[e051 s0450/1030] loss = 0.000535
[e051 s0500/1030] loss = 0.000501
[e051 s0550/1030] loss = 0.000470
[e051 s0600/1030] loss = 0.000509
[e051 s0650/1030] loss = 0.000509
[e051 s0700/1030] loss = 0.000484
[e051 s0750/1030] loss = 0.000470
[e051 s0800/1030] loss = 0.000458
[e051 s0850/1030] loss = 0.000444
[e051 s0900/1030] loss = 0.000429
[e051 s0950/1030] loss = 0.000418
[e051 s1000/1030] loss = 0.000429
Epoch 051: train_loss = 0.000426  MAE/GAME0 = 30.55  RMSE = 48.69  GAME1 = 8.23  GAME2 = 2.25  GAME3 = 0.62  lr = 1.00e-05  time = 24.7s
[e052 s0001/1030] loss = 0.002090
[e052 s0050/1030] loss = 0.000572
[e052 s0100/1030] loss = 0.000487
[e052 s0150/1030] loss = 0.000407
[e052 s0200/1030] loss = 0.000354
[e052 s0250/1030] loss = 0.000354
[e052 s0300/1030] loss = 0.000366
[e052 s0350/1030] loss = 0.000354
[e052 s0400/1030] loss = 0.000436
[e052 s0450/1030] loss = 0.000445
[e052 s0500/1030] loss = 0.000448
[e052 s0550/1030] loss = 0.000430
[e052 s0600/1030] loss = 0.000437
[e052 s0650/1030] loss = 0.000425
[e052 s0700/1030] loss = 0.000413
[e052 s0750/1030] loss = 0.000410
[e052 s0800/1030] loss = 0.000400
[e052 s0850/1030] loss = 0.000385
[e052 s0900/1030] loss = 0.000378
[e052 s0950/1030] loss = 0.000408
[e052 s1000/1030] loss = 0.000422
Epoch 052: train_loss = 0.000419  MAE/GAME0 = 22.39  RMSE = 39.37  GAME1 = 7.03  GAME2 = 2.07  GAME3 = 0.61  lr = 1.00e-05  time = 24.0s
[e053 s0001/1030] loss = 0.000074
[e053 s0050/1030] loss = 0.001838
[e053 s0100/1030] loss = 0.001117
[e053 s0150/1030] loss = 0.000826
[e053 s0200/1030] loss = 0.000739
[e053 s0250/1030] loss = 0.000615
[e053 s0300/1030] loss = 0.000552
[e053 s0350/1030] loss = 0.000501
[e053 s0400/1030] loss = 0.000497
[e053 s0450/1030] loss = 0.000468
[e053 s0500/1030] loss = 0.000445
[e053 s0550/1030] loss = 0.000497
[e053 s0600/1030] loss = 0.000505
[e053 s0650/1030] loss = 0.000513
[e053 s0700/1030] loss = 0.000487
[e053 s0750/1030] loss = 0.000474
[e053 s0800/1030] loss = 0.000469
[e053 s0850/1030] loss = 0.000455
[e053 s0900/1030] loss = 0.000439
[e053 s0950/1030] loss = 0.000439
[e053 s1000/1030] loss = 0.000437
Epoch 053: train_loss = 0.000429  MAE/GAME0 = 23.05  RMSE = 41.63  GAME1 = 7.03  GAME2 = 2.04  GAME3 = 0.59  lr = 1.00e-05  time = 23.8s
[e054 s0001/1030] loss = 0.000000
[e054 s0050/1030] loss = 0.000215
[e054 s0100/1030] loss = 0.000244
[e054 s0150/1030] loss = 0.000800
[e054 s0200/1030] loss = 0.000679
[e054 s0250/1030] loss = 0.000589
[e054 s0300/1030] loss = 0.000568
[e054 s0350/1030] loss = 0.000534
[e054 s0400/1030] loss = 0.000522
[e054 s0450/1030] loss = 0.000511
[e054 s0500/1030] loss = 0.000483
[e054 s0550/1030] loss = 0.000463
[e054 s0600/1030] loss = 0.000437
[e054 s0650/1030] loss = 0.000433
[e054 s0700/1030] loss = 0.000420
[e054 s0750/1030] loss = 0.000490
[e054 s0800/1030] loss = 0.000472
[e054 s0850/1030] loss = 0.000462
[e054 s0900/1030] loss = 0.000453
[e054 s0950/1030] loss = 0.000437
[e054 s1000/1030] loss = 0.000432
Epoch 054: train_loss = 0.000430  MAE/GAME0 = 33.10  RMSE = 43.11  GAME1 = 9.54  GAME2 = 2.73  GAME3 = 0.79  lr = 1.00e-05  time = 24.2s
[e055 s0001/1030] loss = 0.000521
[e055 s0050/1030] loss = 0.000354
[e055 s0100/1030] loss = 0.000371
[e055 s0150/1030] loss = 0.000359
[e055 s0200/1030] loss = 0.000693
[e055 s0250/1030] loss = 0.000600
[e055 s0300/1030] loss = 0.000565
[e055 s0350/1030] loss = 0.000561
[e055 s0400/1030] loss = 0.000532
[e055 s0450/1030] loss = 0.000486
[e055 s0500/1030] loss = 0.000512
[e055 s0550/1030] loss = 0.000489
[e055 s0600/1030] loss = 0.000476
[e055 s0650/1030] loss = 0.000473
[e055 s0700/1030] loss = 0.000461
[e055 s0750/1030] loss = 0.000482
[e055 s0800/1030] loss = 0.000481
[e055 s0850/1030] loss = 0.000466
[e055 s0900/1030] loss = 0.000470
[e055 s0950/1030] loss = 0.000463
[e055 s1000/1030] loss = 0.000460
Epoch 055: train_loss = 0.000456  MAE/GAME0 = 34.76  RMSE = 46.05  GAME1 = 9.89  GAME2 = 2.81  GAME3 = 0.80  lr = 1.00e-05  time = 24.2s
[e056 s0001/1030] loss = 0.000545
[e056 s0050/1030] loss = 0.000350
[e056 s0100/1030] loss = 0.000324
[e056 s0150/1030] loss = 0.000295
[e056 s0200/1030] loss = 0.000275
[e056 s0250/1030] loss = 0.000269
[e056 s0300/1030] loss = 0.000253
[e056 s0350/1030] loss = 0.000273
[e056 s0400/1030] loss = 0.000296
[e056 s0450/1030] loss = 0.000298
[e056 s0500/1030] loss = 0.000301
[e056 s0550/1030] loss = 0.000301
[e056 s0600/1030] loss = 0.000293
[e056 s0650/1030] loss = 0.000288
[e056 s0700/1030] loss = 0.000299
[e056 s0750/1030] loss = 0.000301
[e056 s0800/1030] loss = 0.000299
[e056 s0850/1030] loss = 0.000297
[e056 s0900/1030] loss = 0.000289
[e056 s0950/1030] loss = 0.000281
[e056 s1000/1030] loss = 0.000279
Epoch 056: train_loss = 0.000275  MAE/GAME0 = 24.05  RMSE = 44.66  GAME1 = 7.17  GAME2 = 2.04  GAME3 = 0.59  lr = 1.00e-05  time = 24.1s
[e057 s0001/1030] loss = 0.000001
[e057 s0050/1030] loss = 0.000530
[e057 s0100/1030] loss = 0.000444
[e057 s0150/1030] loss = 0.000345
[e057 s0200/1030] loss = 0.000334
[e057 s0250/1030] loss = 0.000299
[e057 s0300/1030] loss = 0.000576
[e057 s0350/1030] loss = 0.000598
[e057 s0400/1030] loss = 0.000605
[e057 s0450/1030] loss = 0.000569
[e057 s0500/1030] loss = 0.000540
[e057 s0550/1030] loss = 0.000505
[e057 s0600/1030] loss = 0.000533
[e057 s0650/1030] loss = 0.000528
[e057 s0700/1030] loss = 0.000501
[e057 s0750/1030] loss = 0.000484
[e057 s0800/1030] loss = 0.000471
[e057 s0850/1030] loss = 0.000461
[e057 s0900/1030] loss = 0.000449
[e057 s0950/1030] loss = 0.000444
[e057 s1000/1030] loss = 0.000437
Epoch 057: train_loss = 0.000432  MAE/GAME0 = 26.81  RMSE = 45.49  GAME1 = 7.55  GAME2 = 2.12  GAME3 = 0.60  lr = 1.00e-05  time = 23.9s
[e058 s0001/1030] loss = 0.000000
[e058 s0050/1030] loss = 0.001584
[e058 s0100/1030] loss = 0.000994
[e058 s0150/1030] loss = 0.000740
[e058 s0200/1030] loss = 0.000610
[e058 s0250/1030] loss = 0.000565
[e058 s0300/1030] loss = 0.000533
[e058 s0350/1030] loss = 0.000488
[e058 s0400/1030] loss = 0.000479
[e058 s0450/1030] loss = 0.000441
[e058 s0500/1030] loss = 0.000430
[e058 s0550/1030] loss = 0.000417
[e058 s0600/1030] loss = 0.000416
[e058 s0650/1030] loss = 0.000401
[e058 s0700/1030] loss = 0.000397
[e058 s0750/1030] loss = 0.000382
[e058 s0800/1030] loss = 0.000388
[e058 s0850/1030] loss = 0.000388
[e058 s0900/1030] loss = 0.000415
[e058 s0950/1030] loss = 0.000414
[e058 s1000/1030] loss = 0.000404
Epoch 058: train_loss = 0.000400  MAE/GAME0 = 23.92  RMSE = 39.94  GAME1 = 7.37  GAME2 = 2.12  GAME3 = 0.62  lr = 1.00e-05  time = 25.2s
[e059 s0001/1030] loss = 0.000374
[e059 s0050/1030] loss = 0.000259
[e059 s0100/1030] loss = 0.000332
[e059 s0150/1030] loss = 0.000337
[e059 s0200/1030] loss = 0.000310
[e059 s0250/1030] loss = 0.000641
[e059 s0300/1030] loss = 0.000627
[e059 s0350/1030] loss = 0.000575
[e059 s0400/1030] loss = 0.000555
[e059 s0450/1030] loss = 0.000517
[e059 s0500/1030] loss = 0.000501
[e059 s0550/1030] loss = 0.000470
[e059 s0600/1030] loss = 0.000477
[e059 s0650/1030] loss = 0.000483
[e059 s0700/1030] loss = 0.000461
[e059 s0750/1030] loss = 0.000457
[e059 s0800/1030] loss = 0.000473
[e059 s0850/1030] loss = 0.000463
[e059 s0900/1030] loss = 0.000459
[e059 s0950/1030] loss = 0.000451
[e059 s1000/1030] loss = 0.000439
Epoch 059: train_loss = 0.000431  MAE/GAME0 = 22.84  RMSE = 40.56  GAME1 = 6.96  GAME2 = 1.97  GAME3 = 0.58  lr = 1.00e-05  time = 23.9s
[e060 s0001/1030] loss = 0.000060
[e060 s0050/1030] loss = 0.000409
[e060 s0100/1030] loss = 0.000322
[e060 s0150/1030] loss = 0.000258
[e060 s0200/1030] loss = 0.000313
[e060 s0250/1030] loss = 0.000336
[e060 s0300/1030] loss = 0.000333
[e060 s0350/1030] loss = 0.000333
[e060 s0400/1030] loss = 0.000319
[e060 s0450/1030] loss = 0.000330
[e060 s0500/1030] loss = 0.000325
[e060 s0550/1030] loss = 0.000327
[e060 s0600/1030] loss = 0.000340
[e060 s0650/1030] loss = 0.000356
[e060 s0700/1030] loss = 0.000340
[e060 s0750/1030] loss = 0.000335
[e060 s0800/1030] loss = 0.000338
[e060 s0850/1030] loss = 0.000332
[e060 s0900/1030] loss = 0.000336
[e060 s0950/1030] loss = 0.000332
[e060 s1000/1030] loss = 0.000331
Epoch 060: train_loss = 0.000327  MAE/GAME0 = 23.44  RMSE = 40.59  GAME1 = 7.08  GAME2 = 2.01  GAME3 = 0.59  lr = 1.00e-05  time = 23.8s
[e061 s0001/1030] loss = 0.000121
[e061 s0050/1030] loss = 0.000180
[e061 s0100/1030] loss = 0.000218
[e061 s0150/1030] loss = 0.000230
[e061 s0200/1030] loss = 0.000231
[e061 s0250/1030] loss = 0.000233
[e061 s0300/1030] loss = 0.000229
[e061 s0350/1030] loss = 0.000245
[e061 s0400/1030] loss = 0.000281
[e061 s0450/1030] loss = 0.000280
[e061 s0500/1030] loss = 0.000273
[e061 s0550/1030] loss = 0.000356
[e061 s0600/1030] loss = 0.000355
[e061 s0650/1030] loss = 0.000443
[e061 s0700/1030] loss = 0.000443
[e061 s0750/1030] loss = 0.000424
[e061 s0800/1030] loss = 0.000409
[e061 s0850/1030] loss = 0.000404
[e061 s0900/1030] loss = 0.000392
[e061 s0950/1030] loss = 0.000403
[e061 s1000/1030] loss = 0.000411
Epoch 061: train_loss = 0.000402  MAE/GAME0 = 27.05  RMSE = 48.77  GAME1 = 7.73  GAME2 = 2.20  GAME3 = 0.64  lr = 1.00e-05  time = 24.1s
[e062 s0001/1030] loss = 0.000001
[e062 s0050/1030] loss = 0.000257
[e062 s0100/1030] loss = 0.000312
[e062 s0150/1030] loss = 0.000338
[e062 s0200/1030] loss = 0.000391
[e062 s0250/1030] loss = 0.000370
[e062 s0300/1030] loss = 0.000386
[e062 s0350/1030] loss = 0.000357
[e062 s0400/1030] loss = 0.000346
[e062 s0450/1030] loss = 0.000334
[e062 s0500/1030] loss = 0.000332
[e062 s0550/1030] loss = 0.000324
[e062 s0600/1030] loss = 0.000325
[e062 s0650/1030] loss = 0.000331
[e062 s0700/1030] loss = 0.000331
[e062 s0750/1030] loss = 0.000320
[e062 s0800/1030] loss = 0.000309
[e062 s0850/1030] loss = 0.000322
[e062 s0900/1030] loss = 0.000342
[e062 s0950/1030] loss = 0.000366
[e062 s1000/1030] loss = 0.000377
Epoch 062: train_loss = 0.000371  MAE/GAME0 = 24.05  RMSE = 45.32  GAME1 = 7.90  GAME2 = 2.39  GAME3 = 0.70  lr = 1.00e-05  time = 24.2s
[e063 s0001/1030] loss = 0.000013
[e063 s0050/1030] loss = 0.000465
[e063 s0100/1030] loss = 0.000528
[e063 s0150/1030] loss = 0.000425
[e063 s0200/1030] loss = 0.000394
[e063 s0250/1030] loss = 0.000347
[e063 s0300/1030] loss = 0.000379
[e063 s0350/1030] loss = 0.000360
[e063 s0400/1030] loss = 0.000333
[e063 s0450/1030] loss = 0.000354
[e063 s0500/1030] loss = 0.000332
[e063 s0550/1030] loss = 0.000337
[e063 s0600/1030] loss = 0.000415
[e063 s0650/1030] loss = 0.000401
[e063 s0700/1030] loss = 0.000387
[e063 s0750/1030] loss = 0.000371
[e063 s0800/1030] loss = 0.000447
[e063 s0850/1030] loss = 0.000439
[e063 s0900/1030] loss = 0.000429
[e063 s0950/1030] loss = 0.000429
[e063 s1000/1030] loss = 0.000415
Epoch 063: train_loss = 0.000406  MAE/GAME0 = 26.47  RMSE = 49.03  GAME1 = 7.49  GAME2 = 2.11  GAME3 = 0.61  lr = 1.00e-05  time = 24.0s
[e064 s0001/1030] loss = 0.000001
[e064 s0050/1030] loss = 0.000317
[e064 s0100/1030] loss = 0.000278
[e064 s0150/1030] loss = 0.000298
[e064 s0200/1030] loss = 0.000263
[e064 s0250/1030] loss = 0.000273
[e064 s0300/1030] loss = 0.000259
[e064 s0350/1030] loss = 0.000254
[e064 s0400/1030] loss = 0.000253
[e064 s0450/1030] loss = 0.000252
[e064 s0500/1030] loss = 0.000250
[e064 s0550/1030] loss = 0.000253
[e064 s0600/1030] loss = 0.000271
[e064 s0650/1030] loss = 0.000270
[e064 s0700/1030] loss = 0.000286
[e064 s0750/1030] loss = 0.000289
[e064 s0800/1030] loss = 0.000319
[e064 s0850/1030] loss = 0.000349
[e064 s0900/1030] loss = 0.000351
[e064 s0950/1030] loss = 0.000352
[e064 s1000/1030] loss = 0.000348
Epoch 064: train_loss = 0.000361  MAE/GAME0 = 35.88  RMSE = 48.75  GAME1 = 9.90  GAME2 = 2.73  GAME3 = 0.77  lr = 1.00e-05  time = 26.1s
[e065 s0001/1030] loss = 0.000031
[e065 s0050/1030] loss = 0.003439
[e065 s0100/1030] loss = 0.001947
[e065 s0150/1030] loss = 0.001426
[e065 s0200/1030] loss = 0.001185
[e065 s0250/1030] loss = 0.001014
[e065 s0300/1030] loss = 0.000881
[e065 s0350/1030] loss = 0.000784
[e065 s0400/1030] loss = 0.000723
[e065 s0450/1030] loss = 0.000672
[e065 s0500/1030] loss = 0.000630
[e065 s0550/1030] loss = 0.000599
[e065 s0600/1030] loss = 0.000580
[e065 s0650/1030] loss = 0.000552
[e065 s0700/1030] loss = 0.000525
[e065 s0750/1030] loss = 0.000542
[e065 s0800/1030] loss = 0.000529
[e065 s0850/1030] loss = 0.000519
[e065 s0900/1030] loss = 0.000499
[e065 s0950/1030] loss = 0.000488
[e065 s1000/1030] loss = 0.000473
Epoch 065: train_loss = 0.000466  MAE/GAME0 = 24.34  RMSE = 41.72  GAME1 = 7.31  GAME2 = 2.07  GAME3 = 0.61  lr = 1.00e-05  time = 24.0s
[e066 s0001/1030] loss = 0.000786
[e066 s0050/1030] loss = 0.000149
[e066 s0100/1030] loss = 0.000254
[e066 s0150/1030] loss = 0.000245
[e066 s0200/1030] loss = 0.000266
[e066 s0250/1030] loss = 0.000341
[e066 s0300/1030] loss = 0.000377
[e066 s0350/1030] loss = 0.000362
[e066 s0400/1030] loss = 0.000352
[e066 s0450/1030] loss = 0.000339
[e066 s0500/1030] loss = 0.000363
[e066 s0550/1030] loss = 0.000375
[e066 s0600/1030] loss = 0.000453
[e066 s0650/1030] loss = 0.000433
[e066 s0700/1030] loss = 0.000417
[e066 s0750/1030] loss = 0.000407
[e066 s0800/1030] loss = 0.000396
[e066 s0850/1030] loss = 0.000386
[e066 s0900/1030] loss = 0.000386
[e066 s0950/1030] loss = 0.000375
[e066 s1000/1030] loss = 0.000364
Epoch 066: train_loss = 0.000361  MAE/GAME0 = 30.29  RMSE = 44.01  GAME1 = 8.82  GAME2 = 2.53  GAME3 = 0.73  lr = 1.00e-05  time = 23.9s
[e067 s0001/1030] loss = 0.000177
[e067 s0050/1030] loss = 0.000380
[e067 s0100/1030] loss = 0.000278
[e067 s0150/1030] loss = 0.000247
[e067 s0200/1030] loss = 0.000537
[e067 s0250/1030] loss = 0.000480
[e067 s0300/1030] loss = 0.000434
[e067 s0350/1030] loss = 0.000417
[e067 s0400/1030] loss = 0.000392
[e067 s0450/1030] loss = 0.000390
[e067 s0500/1030] loss = 0.000374
[e067 s0550/1030] loss = 0.000376
[e067 s0600/1030] loss = 0.000481
[e067 s0650/1030] loss = 0.000514
[e067 s0700/1030] loss = 0.000489
[e067 s0750/1030] loss = 0.000485
[e067 s0800/1030] loss = 0.000465
[e067 s0850/1030] loss = 0.000470
[e067 s0900/1030] loss = 0.000472
[e067 s0950/1030] loss = 0.000460
[e067 s1000/1030] loss = 0.000448
Epoch 067: train_loss = 0.000438  MAE/GAME0 = 31.15  RMSE = 51.81  GAME1 = 8.45  GAME2 = 2.32  GAME3 = 0.65  lr = 1.00e-05  time = 24.2s
[e068 s0001/1030] loss = 0.000001
[e068 s0050/1030] loss = 0.000403
[e068 s0100/1030] loss = 0.000435
[e068 s0150/1030] loss = 0.000376
[e068 s0200/1030] loss = 0.000650
[e068 s0250/1030] loss = 0.000804
[e068 s0300/1030] loss = 0.000734
[e068 s0350/1030] loss = 0.000665
[e068 s0400/1030] loss = 0.000616
[e068 s0450/1030] loss = 0.000579
[e068 s0500/1030] loss = 0.000574
[e068 s0550/1030] loss = 0.000541
[e068 s0600/1030] loss = 0.000559
[e068 s0650/1030] loss = 0.000540
[e068 s0700/1030] loss = 0.000522
[e068 s0750/1030] loss = 0.000527
[e068 s0800/1030] loss = 0.000507
[e068 s0850/1030] loss = 0.000511
[e068 s0900/1030] loss = 0.000510
[e068 s0950/1030] loss = 0.000501
[e068 s1000/1030] loss = 0.000489
Epoch 068: train_loss = 0.000490  MAE/GAME0 = 25.66  RMSE = 39.91  GAME1 = 7.57  GAME2 = 2.17  GAME3 = 0.64  lr = 1.00e-05  time = 24.1s
[e069 s0001/1030] loss = 0.000001
[e069 s0050/1030] loss = 0.000241
[e069 s0100/1030] loss = 0.000288
[e069 s0150/1030] loss = 0.000288
[e069 s0200/1030] loss = 0.000291
[e069 s0250/1030] loss = 0.000310
[e069 s0300/1030] loss = 0.000313
[e069 s0350/1030] loss = 0.000298
[e069 s0400/1030] loss = 0.000286
[e069 s0450/1030] loss = 0.000284
[e069 s0500/1030] loss = 0.000280
[e069 s0550/1030] loss = 0.000364
[e069 s0600/1030] loss = 0.000355
[e069 s0650/1030] loss = 0.000340
[e069 s0700/1030] loss = 0.000336
[e069 s0750/1030] loss = 0.000338
[e069 s0800/1030] loss = 0.000330
[e069 s0850/1030] loss = 0.000328
[e069 s0900/1030] loss = 0.000326
[e069 s0950/1030] loss = 0.000325
[e069 s1000/1030] loss = 0.000321
Epoch 069: train_loss = 0.000318  MAE/GAME0 = 44.53  RMSE = 54.99  GAME1 = 11.90  GAME2 = 3.17  GAME3 = 0.87  lr = 1.00e-05  time = 23.9s
[e070 s0001/1030] loss = 0.000008
[e070 s0050/1030] loss = 0.000187
[e070 s0100/1030] loss = 0.000174
[e070 s0150/1030] loss = 0.000169
[e070 s0200/1030] loss = 0.000211
[e070 s0250/1030] loss = 0.000221
[e070 s0300/1030] loss = 0.000232
[e070 s0350/1030] loss = 0.000235
[e070 s0400/1030] loss = 0.000240
[e070 s0450/1030] loss = 0.000237
[e070 s0500/1030] loss = 0.000264
[e070 s0550/1030] loss = 0.000258
[e070 s0600/1030] loss = 0.000252
[e070 s0650/1030] loss = 0.000249
[e070 s0700/1030] loss = 0.000247
[e070 s0750/1030] loss = 0.000262
[e070 s0800/1030] loss = 0.000270
[e070 s0850/1030] loss = 0.000273
[e070 s0900/1030] loss = 0.000270
[e070 s0950/1030] loss = 0.000268
[e070 s1000/1030] loss = 0.000266
Epoch 070: train_loss = 0.000264  MAE/GAME0 = 25.84  RMSE = 43.19  GAME1 = 8.23  GAME2 = 2.46  GAME3 = 0.72  lr = 1.00e-05  time = 25.5s
[e071 s0001/1030] loss = 0.000058
[e071 s0050/1030] loss = 0.000407
[e071 s0100/1030] loss = 0.000396
[e071 s0150/1030] loss = 0.000409
[e071 s0200/1030] loss = 0.000418
[e071 s0250/1030] loss = 0.000386
[e071 s0300/1030] loss = 0.000370
[e071 s0350/1030] loss = 0.000354
[e071 s0400/1030] loss = 0.000336
[e071 s0450/1030] loss = 0.000320
[e071 s0500/1030] loss = 0.000327
[e071 s0550/1030] loss = 0.000332
[e071 s0600/1030] loss = 0.000338
[e071 s0650/1030] loss = 0.000332
[e071 s0700/1030] loss = 0.000343
[e071 s0750/1030] loss = 0.000347
[e071 s0800/1030] loss = 0.000339
[e071 s0850/1030] loss = 0.000325
[e071 s0900/1030] loss = 0.000319
[e071 s0950/1030] loss = 0.000313
[e071 s1000/1030] loss = 0.000325
Epoch 071: train_loss = 0.000322  MAE/GAME0 = 33.22  RMSE = 48.25  GAME1 = 9.62  GAME2 = 2.72  GAME3 = 0.77  lr = 1.00e-05  time = 24.1s
[e072 s0001/1030] loss = 0.000002
[e072 s0050/1030] loss = 0.000282
[e072 s0100/1030] loss = 0.000275
[e072 s0150/1030] loss = 0.000296
[e072 s0200/1030] loss = 0.000280
[e072 s0250/1030] loss = 0.000258
[e072 s0300/1030] loss = 0.000272
[e072 s0350/1030] loss = 0.000293
[e072 s0400/1030] loss = 0.000315
[e072 s0450/1030] loss = 0.000308
[e072 s0500/1030] loss = 0.000294
[e072 s0550/1030] loss = 0.000302
[e072 s0600/1030] loss = 0.000298
[e072 s0650/1030] loss = 0.000294
[e072 s0700/1030] loss = 0.000289
[e072 s0750/1030] loss = 0.000294
[e072 s0800/1030] loss = 0.000297
[e072 s0850/1030] loss = 0.000300
[e072 s0900/1030] loss = 0.000302
[e072 s0950/1030] loss = 0.000314
[e072 s1000/1030] loss = 0.000306
Epoch 072: train_loss = 0.000305  MAE/GAME0 = 23.71  RMSE = 47.57  GAME1 = 7.63  GAME2 = 2.26  GAME3 = 0.66  lr = 1.00e-05  time = 24.1s
[e073 s0001/1030] loss = 0.000002
[e073 s0050/1030] loss = 0.000269
[e073 s0100/1030] loss = 0.000262
[e073 s0150/1030] loss = 0.000261
[e073 s0200/1030] loss = 0.000251
[e073 s0250/1030] loss = 0.000232
[e073 s0300/1030] loss = 0.000237
[e073 s0350/1030] loss = 0.000295
[e073 s0400/1030] loss = 0.000326
[e073 s0450/1030] loss = 0.000358
[e073 s0500/1030] loss = 0.000344
[e073 s0550/1030] loss = 0.000423
[e073 s0600/1030] loss = 0.000466
[e073 s0650/1030] loss = 0.000451
[e073 s0700/1030] loss = 0.000442
[e073 s0750/1030] loss = 0.000463
[e073 s0800/1030] loss = 0.000451
[e073 s0850/1030] loss = 0.000457
[e073 s0900/1030] loss = 0.000449
[e073 s0950/1030] loss = 0.000443
[e073 s1000/1030] loss = 0.000457
Epoch 073: train_loss = 0.000448  MAE/GAME0 = 24.16  RMSE = 44.65  GAME1 = 7.14  GAME2 = 2.03  GAME3 = 0.59  lr = 1.00e-05  time = 25.2s
[e074 s0001/1030] loss = 0.000032
[e074 s0050/1030] loss = 0.000254
[e074 s0100/1030] loss = 0.000258
[e074 s0150/1030] loss = 0.000315
[e074 s0200/1030] loss = 0.000303
[e074 s0250/1030] loss = 0.000309
[e074 s0300/1030] loss = 0.000287
[e074 s0350/1030] loss = 0.000372
[e074 s0400/1030] loss = 0.000380
[e074 s0450/1030] loss = 0.000360
[e074 s0500/1030] loss = 0.000354
[e074 s0550/1030] loss = 0.000344
[e074 s0600/1030] loss = 0.000346
[e074 s0650/1030] loss = 0.000348
[e074 s0700/1030] loss = 0.000363
[e074 s0750/1030] loss = 0.000370
[e074 s0800/1030] loss = 0.000367
[e074 s0850/1030] loss = 0.000354
[e074 s0900/1030] loss = 0.000355
[e074 s0950/1030] loss = 0.000365
[e074 s1000/1030] loss = 0.000355
Epoch 074: train_loss = 0.000352  MAE/GAME0 = 47.26  RMSE = 58.25  GAME1 = 12.54  GAME2 = 3.35  GAME3 = 0.92  lr = 1.00e-05  time = 24.0s
[e075 s0001/1030] loss = 0.000002
[e075 s0050/1030] loss = 0.000549
[e075 s0100/1030] loss = 0.000416
[e075 s0150/1030] loss = 0.000416
[e075 s0200/1030] loss = 0.000411
[e075 s0250/1030] loss = 0.000376
[e075 s0300/1030] loss = 0.000351
[e075 s0350/1030] loss = 0.000351
[e075 s0400/1030] loss = 0.000365
[e075 s0450/1030] loss = 0.000344
[e075 s0500/1030] loss = 0.000343
[e075 s0550/1030] loss = 0.000347
[e075 s0600/1030] loss = 0.000339
[e075 s0650/1030] loss = 0.000325
[e075 s0700/1030] loss = 0.000320
[e075 s0750/1030] loss = 0.000319
[e075 s0800/1030] loss = 0.000330
[e075 s0850/1030] loss = 0.000325
[e075 s0900/1030] loss = 0.000323
[e075 s0950/1030] loss = 0.000327
[e075 s1000/1030] loss = 0.000320
Epoch 075: train_loss = 0.000326  MAE/GAME0 = 28.43  RMSE = 44.07  GAME1 = 8.22  GAME2 = 2.34  GAME3 = 0.68  lr = 1.00e-05  time = 23.6s
[e076 s0001/1030] loss = 0.000002
[e076 s0050/1030] loss = 0.000322
[e076 s0100/1030] loss = 0.000323
[e076 s0150/1030] loss = 0.000304
[e076 s0200/1030] loss = 0.000287
[e076 s0250/1030] loss = 0.000276
[e076 s0300/1030] loss = 0.000304
[e076 s0350/1030] loss = 0.000285
[e076 s0400/1030] loss = 0.000298
[e076 s0450/1030] loss = 0.000318
[e076 s0500/1030] loss = 0.000357
[e076 s0550/1030] loss = 0.000337
[e076 s0600/1030] loss = 0.000355
[e076 s0650/1030] loss = 0.000341
[e076 s0700/1030] loss = 0.000341
[e076 s0750/1030] loss = 0.000336
[e076 s0800/1030] loss = 0.000333
[e076 s0850/1030] loss = 0.000326
[e076 s0900/1030] loss = 0.000332
[e076 s0950/1030] loss = 0.000347
[e076 s1000/1030] loss = 0.000344
Epoch 076: train_loss = 0.000376  MAE/GAME0 = 25.08  RMSE = 44.63  GAME1 = 8.36  GAME2 = 2.56  GAME3 = 0.75  lr = 1.00e-05  time = 24.3s
[e077 s0001/1030] loss = 0.000055
[e077 s0050/1030] loss = 0.001576
[e077 s0100/1030] loss = 0.001091
[e077 s0150/1030] loss = 0.000853
[e077 s0200/1030] loss = 0.000729
[e077 s0250/1030] loss = 0.000614
[e077 s0300/1030] loss = 0.000547
[e077 s0350/1030] loss = 0.000522
[e077 s0400/1030] loss = 0.000493
[e077 s0450/1030] loss = 0.000456
[e077 s0500/1030] loss = 0.000427
[e077 s0550/1030] loss = 0.000405
[e077 s0600/1030] loss = 0.000387
[e077 s0650/1030] loss = 0.000375
[e077 s0700/1030] loss = 0.000377
[e077 s0750/1030] loss = 0.000385
[e077 s0800/1030] loss = 0.000385
[e077 s0850/1030] loss = 0.000381
[e077 s0900/1030] loss = 0.000382
[e077 s0950/1030] loss = 0.000380
[e077 s1000/1030] loss = 0.000370
Epoch 077: train_loss = 0.000371  MAE/GAME0 = 26.98  RMSE = 43.29  GAME1 = 8.32  GAME2 = 2.42  GAME3 = 0.70  lr = 1.00e-05  time = 24.6s
[e078 s0001/1030] loss = 0.000069
[e078 s0050/1030] loss = 0.000371
[e078 s0100/1030] loss = 0.000553
[e078 s0150/1030] loss = 0.000480
[e078 s0200/1030] loss = 0.000431
[e078 s0250/1030] loss = 0.000391
[e078 s0300/1030] loss = 0.000362
[e078 s0350/1030] loss = 0.000334
[e078 s0400/1030] loss = 0.000330
[e078 s0450/1030] loss = 0.000466
[e078 s0500/1030] loss = 0.000521
[e078 s0550/1030] loss = 0.000504
[e078 s0600/1030] loss = 0.000478
[e078 s0650/1030] loss = 0.000463
[e078 s0700/1030] loss = 0.000441
[e078 s0750/1030] loss = 0.000431
[e078 s0800/1030] loss = 0.000432
[e078 s0850/1030] loss = 0.000433
[e078 s0900/1030] loss = 0.000427
[e078 s0950/1030] loss = 0.000414
[e078 s1000/1030] loss = 0.000408
Epoch 078: train_loss = 0.000403  MAE/GAME0 = 24.26  RMSE = 39.93  GAME1 = 7.39  GAME2 = 2.14  GAME3 = 0.63  lr = 1.00e-05  time = 23.9s
[e079 s0001/1030] loss = 0.000001
[e079 s0050/1030] loss = 0.000316
[e079 s0100/1030] loss = 0.000308
[e079 s0150/1030] loss = 0.000352
[e079 s0200/1030] loss = 0.000297
[e079 s0250/1030] loss = 0.000319
[e079 s0300/1030] loss = 0.000302
[e079 s0350/1030] loss = 0.000291
[e079 s0400/1030] loss = 0.000319
[e079 s0450/1030] loss = 0.000326
[e079 s0500/1030] loss = 0.000315
[e079 s0550/1030] loss = 0.000309
[e079 s0600/1030] loss = 0.000319
[e079 s0650/1030] loss = 0.000321
[e079 s0700/1030] loss = 0.000317
[e079 s0750/1030] loss = 0.000311
[e079 s0800/1030] loss = 0.000309
[e079 s0850/1030] loss = 0.000306
[e079 s0900/1030] loss = 0.000317
[e079 s0950/1030] loss = 0.000328
[e079 s1000/1030] loss = 0.000323
Epoch 079: train_loss = 0.000319  MAE/GAME0 = 23.30  RMSE = 41.76  GAME1 = 6.98  GAME2 = 2.00  GAME3 = 0.59  lr = 1.00e-05  time = 23.8s
[e080 s0001/1030] loss = 0.000013
[e080 s0050/1030] loss = 0.000407
[e080 s0100/1030] loss = 0.000304
[e080 s0150/1030] loss = 0.000364
[e080 s0200/1030] loss = 0.000334
[e080 s0250/1030] loss = 0.000371
[e080 s0300/1030] loss = 0.000373
[e080 s0350/1030] loss = 0.000375
[e080 s0400/1030] loss = 0.000358
[e080 s0450/1030] loss = 0.000411
[e080 s0500/1030] loss = 0.000414
[e080 s0550/1030] loss = 0.000389
[e080 s0600/1030] loss = 0.000387
[e080 s0650/1030] loss = 0.000372
[e080 s0700/1030] loss = 0.000368
[e080 s0750/1030] loss = 0.000363
[e080 s0800/1030] loss = 0.000348
[e080 s0850/1030] loss = 0.000335
[e080 s0900/1030] loss = 0.000328
[e080 s0950/1030] loss = 0.000333
[e080 s1000/1030] loss = 0.000323
Epoch 080: train_loss = 0.000327  MAE/GAME0 = 23.73  RMSE = 44.76  GAME1 = 7.19  GAME2 = 2.05  GAME3 = 0.60  lr = 1.00e-05  time = 23.8s
[e081 s0001/1030] loss = 0.000006
[e081 s0050/1030] loss = 0.000284
[e081 s0100/1030] loss = 0.000379
[e081 s0150/1030] loss = 0.000403
[e081 s0200/1030] loss = 0.000332
[e081 s0250/1030] loss = 0.000344
[e081 s0300/1030] loss = 0.000307
[e081 s0350/1030] loss = 0.000285
[e081 s0400/1030] loss = 0.000297
[e081 s0450/1030] loss = 0.000290
[e081 s0500/1030] loss = 0.000297
[e081 s0550/1030] loss = 0.000289
[e081 s0600/1030] loss = 0.000289
[e081 s0650/1030] loss = 0.000331
[e081 s0700/1030] loss = 0.000326
[e081 s0750/1030] loss = 0.000357
[e081 s0800/1030] loss = 0.000351
[e081 s0850/1030] loss = 0.000341
[e081 s0900/1030] loss = 0.000337
[e081 s0950/1030] loss = 0.000353
[e081 s1000/1030] loss = 0.000356
Epoch 081: train_loss = 0.000356  MAE/GAME0 = 24.42  RMSE = 44.63  GAME1 = 7.02  GAME2 = 1.98  GAME3 = 0.58  lr = 1.00e-05  time = 24.1s
[e082 s0001/1030] loss = 0.000027
[e082 s0050/1030] loss = 0.000269
[e082 s0100/1030] loss = 0.000454
[e082 s0150/1030] loss = 0.000433
[e082 s0200/1030] loss = 0.000423
[e082 s0250/1030] loss = 0.000399
[e082 s0300/1030] loss = 0.000383
[e082 s0350/1030] loss = 0.000351
[e082 s0400/1030] loss = 0.000383
[e082 s0450/1030] loss = 0.000366
[e082 s0500/1030] loss = 0.000356
[e082 s0550/1030] loss = 0.000358
[e082 s0600/1030] loss = 0.000361
[e082 s0650/1030] loss = 0.000362
[e082 s0700/1030] loss = 0.000372
[e082 s0750/1030] loss = 0.000386
[e082 s0800/1030] loss = 0.000394
[e082 s0850/1030] loss = 0.000396
[e082 s0900/1030] loss = 0.000391
[e082 s0950/1030] loss = 0.000394
[e082 s1000/1030] loss = 0.000395
Epoch 082: train_loss = 0.000394  MAE/GAME0 = 24.26  RMSE = 40.66  GAME1 = 7.04  GAME2 = 2.00  GAME3 = 0.58  lr = 1.00e-05  time = 23.9s
[e083 s0001/1030] loss = 0.000000
[e083 s0050/1030] loss = 0.000194
[e083 s0100/1030] loss = 0.000248
[e083 s0150/1030] loss = 0.000264
[e083 s0200/1030] loss = 0.000253
[e083 s0250/1030] loss = 0.000305
[e083 s0300/1030] loss = 0.000589
[e083 s0350/1030] loss = 0.000631
[e083 s0400/1030] loss = 0.000571
[e083 s0450/1030] loss = 0.000535
[e083 s0500/1030] loss = 0.000533
[e083 s0550/1030] loss = 0.000542
[e083 s0600/1030] loss = 0.000519
[e083 s0650/1030] loss = 0.000493
[e083 s0700/1030] loss = 0.000481
[e083 s0750/1030] loss = 0.000471
[e083 s0800/1030] loss = 0.000462
[e083 s0850/1030] loss = 0.000469
[e083 s0900/1030] loss = 0.000467
[e083 s0950/1030] loss = 0.000453
[e083 s1000/1030] loss = 0.000449
Epoch 083: train_loss = 0.000447  MAE/GAME0 = 25.69  RMSE = 48.30  GAME1 = 7.53  GAME2 = 2.11  GAME3 = 0.62  lr = 1.00e-05  time = 24.0s
[e084 s0001/1030] loss = 0.000850
[e084 s0050/1030] loss = 0.000254
[e084 s0100/1030] loss = 0.000446
[e084 s0150/1030] loss = 0.000421
[e084 s0200/1030] loss = 0.000378
[e084 s0250/1030] loss = 0.000349
[e084 s0300/1030] loss = 0.000327
[e084 s0350/1030] loss = 0.000340
[e084 s0400/1030] loss = 0.000354
[e084 s0450/1030] loss = 0.000336
[e084 s0500/1030] loss = 0.000331
[e084 s0550/1030] loss = 0.000316
[e084 s0600/1030] loss = 0.000318
[e084 s0650/1030] loss = 0.000313
[e084 s0700/1030] loss = 0.000310
[e084 s0750/1030] loss = 0.000308
[e084 s0800/1030] loss = 0.000302
[e084 s0850/1030] loss = 0.000306
[e084 s0900/1030] loss = 0.000324
[e084 s0950/1030] loss = 0.000330
[e084 s1000/1030] loss = 0.000334
Epoch 084: train_loss = 0.000331  MAE/GAME0 = 28.29  RMSE = 44.26  GAME1 = 8.54  GAME2 = 2.49  GAME3 = 0.72  lr = 1.00e-05  time = 24.9s
[e085 s0001/1030] loss = 0.000413
[e085 s0050/1030] loss = 0.000236
[e085 s0100/1030] loss = 0.000297
[e085 s0150/1030] loss = 0.000382
[e085 s0200/1030] loss = 0.000331
[e085 s0250/1030] loss = 0.000322
[e085 s0300/1030] loss = 0.000522
[e085 s0350/1030] loss = 0.000512
[e085 s0400/1030] loss = 0.000475
[e085 s0450/1030] loss = 0.000441
[e085 s0500/1030] loss = 0.000516
[e085 s0550/1030] loss = 0.000499
[e085 s0600/1030] loss = 0.000480
[e085 s0650/1030] loss = 0.000464
[e085 s0700/1030] loss = 0.000447
[e085 s0750/1030] loss = 0.000432
[e085 s0800/1030] loss = 0.000420
[e085 s0850/1030] loss = 0.000416
[e085 s0900/1030] loss = 0.000418
[e085 s0950/1030] loss = 0.000409
[e085 s1000/1030] loss = 0.000399
Epoch 085: train_loss = 0.000397  MAE/GAME0 = 24.47  RMSE = 46.24  GAME1 = 7.27  GAME2 = 2.04  GAME3 = 0.59  lr = 1.00e-05  time = 24.0s
[e086 s0001/1030] loss = 0.000290
[e086 s0050/1030] loss = 0.000517
[e086 s0100/1030] loss = 0.000317
[e086 s0150/1030] loss = 0.000255
[e086 s0200/1030] loss = 0.000234
[e086 s0250/1030] loss = 0.000281
[e086 s0300/1030] loss = 0.000289
[e086 s0350/1030] loss = 0.000277
[e086 s0400/1030] loss = 0.000290
[e086 s0450/1030] loss = 0.000301
[e086 s0500/1030] loss = 0.000318
[e086 s0550/1030] loss = 0.000310
[e086 s0600/1030] loss = 0.000298
[e086 s0650/1030] loss = 0.000290
[e086 s0700/1030] loss = 0.000377
[e086 s0750/1030] loss = 0.000417
[e086 s0800/1030] loss = 0.000409
[e086 s0850/1030] loss = 0.000391
[e086 s0900/1030] loss = 0.000384
[e086 s0950/1030] loss = 0.000402
[e086 s1000/1030] loss = 0.000392
Epoch 086: train_loss = 0.000392  MAE/GAME0 = 34.42  RMSE = 45.89  GAME1 = 9.50  GAME2 = 2.62  GAME3 = 0.74  lr = 1.00e-05  time = 24.2s
[e087 s0001/1030] loss = 0.000179
[e087 s0050/1030] loss = 0.000408
[e087 s0100/1030] loss = 0.000384
[e087 s0150/1030] loss = 0.000468
[e087 s0200/1030] loss = 0.000423
[e087 s0250/1030] loss = 0.000387
[e087 s0300/1030] loss = 0.000369
[e087 s0350/1030] loss = 0.000352
[e087 s0400/1030] loss = 0.000341
[e087 s0450/1030] loss = 0.000343
[e087 s0500/1030] loss = 0.000347
[e087 s0550/1030] loss = 0.000337
[e087 s0600/1030] loss = 0.000406
[e087 s0650/1030] loss = 0.000402
[e087 s0700/1030] loss = 0.000396
[e087 s0750/1030] loss = 0.000398
[e087 s0800/1030] loss = 0.000398
[e087 s0850/1030] loss = 0.000400
[e087 s0900/1030] loss = 0.000391
[e087 s0950/1030] loss = 0.000385
[e087 s1000/1030] loss = 0.000380
Epoch 087: train_loss = 0.000371  MAE/GAME0 = 24.50  RMSE = 44.27  GAME1 = 7.04  GAME2 = 1.99  GAME3 = 0.57  lr = 1.00e-05  time = 23.9s
[e088 s0001/1030] loss = 0.000252
[e088 s0050/1030] loss = 0.000231
[e088 s0100/1030] loss = 0.000230
[e088 s0150/1030] loss = 0.000303
[e088 s0200/1030] loss = 0.000289
[e088 s0250/1030] loss = 0.000642
[e088 s0300/1030] loss = 0.000620
[e088 s0350/1030] loss = 0.000574
[e088 s0400/1030] loss = 0.000561
[e088 s0450/1030] loss = 0.000545
[e088 s0500/1030] loss = 0.000513
[e088 s0550/1030] loss = 0.000547
[e088 s0600/1030] loss = 0.000525
[e088 s0650/1030] loss = 0.000517
[e088 s0700/1030] loss = 0.000499
[e088 s0750/1030] loss = 0.000475
[e088 s0800/1030] loss = 0.000454
[e088 s0850/1030] loss = 0.000443
[e088 s0900/1030] loss = 0.000437
[e088 s0950/1030] loss = 0.000422
[e088 s1000/1030] loss = 0.000421
Epoch 088: train_loss = 0.000413  MAE/GAME0 = 27.63  RMSE = 43.32  GAME1 = 8.29  GAME2 = 2.37  GAME3 = 0.68  lr = 1.00e-05  time = 25.5s
[e089 s0001/1030] loss = 0.000223
[e089 s0050/1030] loss = 0.000159
[e089 s0100/1030] loss = 0.000239
[e089 s0150/1030] loss = 0.000327
[e089 s0200/1030] loss = 0.000330
[e089 s0250/1030] loss = 0.000363
[e089 s0300/1030] loss = 0.000348
[e089 s0350/1030] loss = 0.000348
[e089 s0400/1030] loss = 0.000347
[e089 s0450/1030] loss = 0.000335
[e089 s0500/1030] loss = 0.000333
[e089 s0550/1030] loss = 0.000318
[e089 s0600/1030] loss = 0.000323
[e089 s0650/1030] loss = 0.000319
[e089 s0700/1030] loss = 0.000315
[e089 s0750/1030] loss = 0.000310
[e089 s0800/1030] loss = 0.000306
[e089 s0850/1030] loss = 0.000395
[e089 s0900/1030] loss = 0.000396
[e089 s0950/1030] loss = 0.000389
[e089 s1000/1030] loss = 0.000382
Epoch 089: train_loss = 0.000380  MAE/GAME0 = 51.13  RMSE = 62.45  GAME1 = 13.49  GAME2 = 3.57  GAME3 = 0.97  lr = 1.00e-05  time = 24.2s
[e090 s0001/1030] loss = 0.000098
[e090 s0050/1030] loss = 0.000165
[e090 s0100/1030] loss = 0.000230
[e090 s0150/1030] loss = 0.000781
[e090 s0200/1030] loss = 0.000711
[e090 s0250/1030] loss = 0.000614
[e090 s0300/1030] loss = 0.000587
[e090 s0350/1030] loss = 0.000544
[e090 s0400/1030] loss = 0.000525
[e090 s0450/1030] loss = 0.000642
[e090 s0500/1030] loss = 0.000600
[e090 s0550/1030] loss = 0.000560
[e090 s0600/1030] loss = 0.000559
[e090 s0650/1030] loss = 0.000525
[e090 s0700/1030] loss = 0.000514
[e090 s0750/1030] loss = 0.000495
[e090 s0800/1030] loss = 0.000493
[e090 s0850/1030] loss = 0.000482
[e090 s0900/1030] loss = 0.000468
[e090 s0950/1030] loss = 0.000460
[e090 s1000/1030] loss = 0.000446
Epoch 090: train_loss = 0.000446  MAE/GAME0 = 44.64  RMSE = 57.26  GAME1 = 11.94  GAME2 = 3.19  GAME3 = 0.88  lr = 1.00e-05  time = 24.5s
[e091 s0001/1030] loss = 0.000204
[e091 s0050/1030] loss = 0.000238
[e091 s0100/1030] loss = 0.000243
[e091 s0150/1030] loss = 0.000253
[e091 s0200/1030] loss = 0.000229
[e091 s0250/1030] loss = 0.000233
[e091 s0300/1030] loss = 0.000235
[e091 s0350/1030] loss = 0.000255
[e091 s0400/1030] loss = 0.000318
[e091 s0450/1030] loss = 0.000350
[e091 s0500/1030] loss = 0.000341
[e091 s0550/1030] loss = 0.000369
[e091 s0600/1030] loss = 0.000377
[e091 s0650/1030] loss = 0.000378
[e091 s0700/1030] loss = 0.000365
[e091 s0750/1030] loss = 0.000384
[e091 s0800/1030] loss = 0.000411
[e091 s0850/1030] loss = 0.000407
[e091 s0900/1030] loss = 0.000468
[e091 s0950/1030] loss = 0.000464
[e091 s1000/1030] loss = 0.000449
Epoch 091: train_loss = 0.000442  MAE/GAME0 = 27.22  RMSE = 50.61  GAME1 = 9.14  GAME2 = 2.82  GAME3 = 0.79  lr = 1.00e-05  time = 23.9s
[e092 s0001/1030] loss = 0.002118
[e092 s0050/1030] loss = 0.000521
[e092 s0100/1030] loss = 0.000355
[e092 s0150/1030] loss = 0.000461
[e092 s0200/1030] loss = 0.000514
[e092 s0250/1030] loss = 0.000483
[e092 s0300/1030] loss = 0.000498
[e092 s0350/1030] loss = 0.000509
[e092 s0400/1030] loss = 0.000511
[e092 s0450/1030] loss = 0.000487
[e092 s0500/1030] loss = 0.000452
[e092 s0550/1030] loss = 0.000456
[e092 s0600/1030] loss = 0.000444
[e092 s0650/1030] loss = 0.000474
[e092 s0700/1030] loss = 0.000463
[e092 s0750/1030] loss = 0.000456
[e092 s0800/1030] loss = 0.000443
[e092 s0850/1030] loss = 0.000439
[e092 s0900/1030] loss = 0.000451
[e092 s0950/1030] loss = 0.000440
[e092 s1000/1030] loss = 0.000433
Epoch 092: train_loss = 0.000430  MAE/GAME0 = 23.70  RMSE = 39.75  GAME1 = 7.30  GAME2 = 2.11  GAME3 = 0.62  lr = 1.00e-05  time = 23.7s
[e093 s0001/1030] loss = 0.000163
[e093 s0050/1030] loss = 0.000387
[e093 s0100/1030] loss = 0.000365
[e093 s0150/1030] loss = 0.000377
[e093 s0200/1030] loss = 0.000396
[e093 s0250/1030] loss = 0.000412
[e093 s0300/1030] loss = 0.000501
[e093 s0350/1030] loss = 0.000470
[e093 s0400/1030] loss = 0.000479
[e093 s0450/1030] loss = 0.000495
[e093 s0500/1030] loss = 0.000474
[e093 s0550/1030] loss = 0.000468
[e093 s0600/1030] loss = 0.000459
[e093 s0650/1030] loss = 0.000451
[e093 s0700/1030] loss = 0.000431
[e093 s0750/1030] loss = 0.000411
[e093 s0800/1030] loss = 0.000406
[e093 s0850/1030] loss = 0.000439
[e093 s0900/1030] loss = 0.000426
[e093 s0950/1030] loss = 0.000422
[e093 s1000/1030] loss = 0.000407
Epoch 093: train_loss = 0.000408  MAE/GAME0 = 28.33  RMSE = 42.21  GAME1 = 8.14  GAME2 = 2.28  GAME3 = 0.67  lr = 1.00e-05  time = 24.3s
[e094 s0001/1030] loss = 0.000793
[e094 s0050/1030] loss = 0.000207
[e094 s0100/1030] loss = 0.000230
[e094 s0150/1030] loss = 0.000261
[e094 s0200/1030] loss = 0.000301
[e094 s0250/1030] loss = 0.000330
[e094 s0300/1030] loss = 0.000308
[e094 s0350/1030] loss = 0.000372
[e094 s0400/1030] loss = 0.000353
[e094 s0450/1030] loss = 0.000350
[e094 s0500/1030] loss = 0.000362
[e094 s0550/1030] loss = 0.000349
[e094 s0600/1030] loss = 0.000354
[e094 s0650/1030] loss = 0.000358
[e094 s0700/1030] loss = 0.000342
[e094 s0750/1030] loss = 0.000349
[e094 s0800/1030] loss = 0.000346
[e094 s0850/1030] loss = 0.000361
[e094 s0900/1030] loss = 0.000369
[e094 s0950/1030] loss = 0.000369
[e094 s1000/1030] loss = 0.000363
Epoch 094: train_loss = 0.000359  MAE/GAME0 = 25.55  RMSE = 47.86  GAME1 = 7.80  GAME2 = 2.27  GAME3 = 0.65  lr = 1.00e-05  time = 23.9s
[e095 s0001/1030] loss = 0.000081
[e095 s0050/1030] loss = 0.000250
[e095 s0100/1030] loss = 0.000569
[e095 s0150/1030] loss = 0.000476
[e095 s0200/1030] loss = 0.000418
[e095 s0250/1030] loss = 0.000377
[e095 s0300/1030] loss = 0.000524
[e095 s0350/1030] loss = 0.000482
[e095 s0400/1030] loss = 0.000460
[e095 s0450/1030] loss = 0.000424
[e095 s0500/1030] loss = 0.000510
[e095 s0550/1030] loss = 0.000521
[e095 s0600/1030] loss = 0.000503
[e095 s0650/1030] loss = 0.000485
[e095 s0700/1030] loss = 0.000467
[e095 s0750/1030] loss = 0.000448
[e095 s0800/1030] loss = 0.000438
[e095 s0850/1030] loss = 0.000418
[e095 s0900/1030] loss = 0.000424
[e095 s0950/1030] loss = 0.000448
[e095 s1000/1030] loss = 0.000439
Epoch 095: train_loss = 0.000436  MAE/GAME0 = 35.04  RMSE = 46.58  GAME1 = 9.66  GAME2 = 2.68  GAME3 = 0.76  lr = 1.00e-05  time = 23.9s
[e096 s0001/1030] loss = 0.000060
[e096 s0050/1030] loss = 0.000232
[e096 s0100/1030] loss = 0.000273
[e096 s0150/1030] loss = 0.000400
[e096 s0200/1030] loss = 0.000342
[e096 s0250/1030] loss = 0.000345
[e096 s0300/1030] loss = 0.000325
[e096 s0350/1030] loss = 0.000490
[e096 s0400/1030] loss = 0.000479
[e096 s0450/1030] loss = 0.000470
[e096 s0500/1030] loss = 0.000452
[e096 s0550/1030] loss = 0.000444
[e096 s0600/1030] loss = 0.000422
[e096 s0650/1030] loss = 0.000423
[e096 s0700/1030] loss = 0.000405
[e096 s0750/1030] loss = 0.000403
[e096 s0800/1030] loss = 0.000396
[e096 s0850/1030] loss = 0.000395
[e096 s0900/1030] loss = 0.000407
[e096 s0950/1030] loss = 0.000415
[e096 s1000/1030] loss = 0.000423
Epoch 096: train_loss = 0.000420  MAE/GAME0 = 27.32  RMSE = 43.80  GAME1 = 7.99  GAME2 = 2.26  GAME3 = 0.66  lr = 1.00e-05  time = 25.3s
[e097 s0001/1030] loss = 0.000001
[e097 s0050/1030] loss = 0.000251
[e097 s0100/1030] loss = 0.000255
[e097 s0150/1030] loss = 0.000317
[e097 s0200/1030] loss = 0.000357
[e097 s0250/1030] loss = 0.000320
[e097 s0300/1030] loss = 0.000356
[e097 s0350/1030] loss = 0.000343
[e097 s0400/1030] loss = 0.000349
[e097 s0450/1030] loss = 0.000350
[e097 s0500/1030] loss = 0.000331
[e097 s0550/1030] loss = 0.000349
[e097 s0600/1030] loss = 0.000340
[e097 s0650/1030] loss = 0.000361
[e097 s0700/1030] loss = 0.000345
[e097 s0750/1030] loss = 0.000376
[e097 s0800/1030] loss = 0.000372
[e097 s0850/1030] loss = 0.000363
[e097 s0900/1030] loss = 0.000360
[e097 s0950/1030] loss = 0.000349
[e097 s1000/1030] loss = 0.000347
Epoch 097: train_loss = 0.000342  MAE/GAME0 = 22.97  RMSE = 41.65  GAME1 = 6.98  GAME2 = 2.04  GAME3 = 0.60  lr = 1.00e-05  time = 24.8s
[e098 s0001/1030] loss = 0.000029
[e098 s0050/1030] loss = 0.000211
[e098 s0100/1030] loss = 0.000250
[e098 s0150/1030] loss = 0.000256
[e098 s0200/1030] loss = 0.000240
[e098 s0250/1030] loss = 0.000262
[e098 s0300/1030] loss = 0.000264
[e098 s0350/1030] loss = 0.000286
[e098 s0400/1030] loss = 0.000298
[e098 s0450/1030] loss = 0.000303
[e098 s0500/1030] loss = 0.000294
[e098 s0550/1030] loss = 0.000309
[e098 s0600/1030] loss = 0.000310
[e098 s0650/1030] loss = 0.000308
[e098 s0700/1030] loss = 0.000301
[e098 s0750/1030] loss = 0.000301
[e098 s0800/1030] loss = 0.000301
[e098 s0850/1030] loss = 0.000301
[e098 s0900/1030] loss = 0.000304
[e098 s0950/1030] loss = 0.000306
[e098 s1000/1030] loss = 0.000323
Epoch 098: train_loss = 0.000321  MAE/GAME0 = 35.87  RMSE = 47.34  GAME1 = 10.27  GAME2 = 2.93  GAME3 = 0.83  lr = 1.00e-05  time = 25.0s
[e099 s0001/1030] loss = 0.000040
[e099 s0050/1030] loss = 0.000346
[e099 s0100/1030] loss = 0.000569
[e099 s0150/1030] loss = 0.000467
[e099 s0200/1030] loss = 0.000443
[e099 s0250/1030] loss = 0.000429
[e099 s0300/1030] loss = 0.000416
[e099 s0350/1030] loss = 0.000384
[e099 s0400/1030] loss = 0.000450
[e099 s0450/1030] loss = 0.000425
[e099 s0500/1030] loss = 0.000401
[e099 s0550/1030] loss = 0.000392
[e099 s0600/1030] loss = 0.000389
[e099 s0650/1030] loss = 0.000395
[e099 s0700/1030] loss = 0.000378
[e099 s0750/1030] loss = 0.000371
[e099 s0800/1030] loss = 0.000372
[e099 s0850/1030] loss = 0.000367
[e099 s0900/1030] loss = 0.000365
[e099 s0950/1030] loss = 0.000359
[e099 s1000/1030] loss = 0.000351
Epoch 099: train_loss = 0.000361  MAE/GAME0 = 36.93  RMSE = 50.68  GAME1 = 10.18  GAME2 = 2.80  GAME3 = 0.80  lr = 1.00e-05  time = 24.2s
[e100 s0001/1030] loss = 0.000137
[e100 s0050/1030] loss = 0.000160
[e100 s0100/1030] loss = 0.000175
[e100 s0150/1030] loss = 0.000272
[e100 s0200/1030] loss = 0.000274
[e100 s0250/1030] loss = 0.000249
[e100 s0300/1030] loss = 0.000239
[e100 s0350/1030] loss = 0.000223
[e100 s0400/1030] loss = 0.000223
[e100 s0450/1030] loss = 0.000213
[e100 s0500/1030] loss = 0.000233
[e100 s0550/1030] loss = 0.000233
[e100 s0600/1030] loss = 0.000253
[e100 s0650/1030] loss = 0.000253
[e100 s0700/1030] loss = 0.000264
[e100 s0750/1030] loss = 0.000258
[e100 s0800/1030] loss = 0.000258
[e100 s0850/1030] loss = 0.000270
[e100 s0900/1030] loss = 0.000271
[e100 s0950/1030] loss = 0.000271
[e100 s1000/1030] loss = 0.000283
Epoch 100: train_loss = 0.000292  MAE/GAME0 = 27.40  RMSE = 49.58  GAME1 = 7.83  GAME2 = 2.18  GAME3 = 0.62  lr = 1.00e-05  time = 24.0s
