[log] /scratch/users/ntu/kenneth0/FYP-SmartObjectCounter/logs/train_rgbt_early_e100_sanity_12717652.pbs101_20260111_173121.log
[job] name=train_rgbt_early_e100_sanity id=12717652.pbs101 host=x1000c0s3b0n1 time=Sun Jan 11 17:31:21 +08 2026
[init] device = cuda
[init] PROJECT_ROOT = /scratch/users/ntu/kenneth0/FYP-SmartObjectCounter
[epoch 001/100] lr = 1.00e-05 | train loss = 6.6000 (base 6.6000, count 0.0000, game 0.0000, temp 0.0000, illum 0.0000) | val RMSE = 62.062, MAE = 40.152, GAME0 = 40.152, GAME1 = 65.358, GAME2 = 89.371, GAME3 = 102.802 | time = 89.7s
[epoch 002/100] lr = 1.00e-05 | train loss = 0.0008 (base 0.0008, count 0.0000, game 0.0000, temp 0.0000, illum 0.0000) | val RMSE = 68.171, MAE = 46.912, GAME0 = 46.912, GAME1 = 66.786, GAME2 = 88.286, GAME3 = 102.980 | time = 25.2s
[epoch 003/100] lr = 1.00e-05 | train loss = 0.0006 (base 0.0006, count 0.0000, game 0.0000, temp 0.0000, illum 0.0000) | val RMSE = 67.292, MAE = 34.457, GAME0 = 34.457, GAME1 = 49.032, GAME2 = 62.473, GAME3 = 72.564 | time = 24.8s
[epoch 004/100] lr = 1.00e-05 | train loss = 0.0006 (base 0.0006, count 0.0000, game 0.0000, temp 0.0000, illum 0.0000) | val RMSE = 63.246, MAE = 31.001, GAME0 = 31.001, GAME1 = 45.132, GAME2 = 57.620, GAME3 = 67.524 | time = 25.4s
[epoch 005/100] lr = 1.00e-05 | train loss = 0.0007 (base 0.0007, count 0.0000, game 0.0000, temp 0.0000, illum 0.0000) | val RMSE = 60.360, MAE = 30.390, GAME0 = 30.390, GAME1 = 46.789, GAME2 = 59.136, GAME3 = 67.470 | time = 25.2s
[epoch 006/100] lr = 1.00e-05 | train loss = 0.0006 (base 0.0006, count 0.0000, game 0.0000, temp 0.0000, illum 0.0000) | val RMSE = 62.166, MAE = 29.651, GAME0 = 29.651, GAME1 = 44.442, GAME2 = 56.480, GAME3 = 64.332 | time = 25.2s
[epoch 007/100] lr = 1.00e-05 | train loss = 0.0006 (base 0.0006, count 0.0000, game 0.0000, temp 0.0000, illum 0.0000) | val RMSE = 56.174, MAE = 32.782, GAME0 = 32.782, GAME1 = 45.242, GAME2 = 56.892, GAME3 = 66.588 | time = 26.7s
[epoch 008/100] lr = 1.00e-05 | train loss = 0.0007 (base 0.0007, count 0.0000, game 0.0000, temp 0.0000, illum 0.0000) | val RMSE = 55.090, MAE = 29.575, GAME0 = 29.575, GAME1 = 36.254, GAME2 = 42.605, GAME3 = 49.835 | time = 25.2s
[epoch 009/100] lr = 1.00e-05 | train loss = 0.0005 (base 0.0005, count 0.0000, game 0.0000, temp 0.0000, illum 0.0000) | val RMSE = 61.044, MAE = 32.135, GAME0 = 32.135, GAME1 = 38.341, GAME2 = 44.930, GAME3 = 51.852 | time = 25.4s
[epoch 010/100] lr = 1.00e-05 | train loss = 0.0004 (base 0.0004, count 0.0000, game 0.0000, temp 0.0000, illum 0.0000) | val RMSE = 57.930, MAE = 27.590, GAME0 = 27.590, GAME1 = 34.530, GAME2 = 40.606, GAME3 = 46.978 | time = 25.3s
[epoch 011/100] lr = 1.00e-05 | train loss = 0.0006 (base 0.0006, count 0.0000, game 0.0000, temp 0.0000, illum 0.0000) | val RMSE = 60.472, MAE = 35.328, GAME0 = 35.328, GAME1 = 40.949, GAME2 = 47.411, GAME3 = 54.516 | time = 25.1s
[epoch 012/100] lr = 1.00e-05 | train loss = 0.0004 (base 0.0004, count 0.0000, game 0.0000, temp 0.0000, illum 0.0000) | val RMSE = 57.478, MAE = 28.432, GAME0 = 28.432, GAME1 = 36.623, GAME2 = 43.060, GAME3 = 49.202 | time = 25.4s
[epoch 013/100] lr = 1.00e-05 | train loss = 0.0006 (base 0.0006, count 0.0000, game 0.0000, temp 0.0000, illum 0.0000) | val RMSE = 70.394, MAE = 41.230, GAME0 = 41.230, GAME1 = 45.250, GAME2 = 49.176, GAME3 = 52.635 | time = 26.3s
[epoch 014/100] lr = 1.00e-05 | train loss = 0.0005 (base 0.0005, count 0.0000, game 0.0000, temp 0.0000, illum 0.0000) | val RMSE = 66.354, MAE = 41.266, GAME0 = 41.266, GAME1 = 47.598, GAME2 = 55.086, GAME3 = 62.470 | time = 25.4s
[epoch 015/100] lr = 1.00e-05 | train loss = 0.0006 (base 0.0006, count 0.0000, game 0.0000, temp 0.0000, illum 0.0000) | val RMSE = 65.274, MAE = 43.058, GAME0 = 43.058, GAME1 = 49.138, GAME2 = 55.578, GAME3 = 62.687 | time = 25.2s
[epoch 016/100] lr = 1.00e-05 | train loss = 0.0006 (base 0.0006, count 0.0000, game 0.0000, temp 0.0000, illum 0.0000) | val RMSE = 58.216, MAE = 29.736, GAME0 = 29.736, GAME1 = 39.001, GAME2 = 46.263, GAME3 = 52.130 | time = 25.7s
[epoch 017/100] lr = 1.00e-05 | train loss = 0.0007 (base 0.0007, count 0.0000, game 0.0000, temp 0.0000, illum 0.0000) | val RMSE = 61.001, MAE = 37.172, GAME0 = 37.172, GAME1 = 46.678, GAME2 = 56.893, GAME3 = 64.356 | time = 25.2s
[epoch 018/100] lr = 1.00e-05 | train loss = 0.0006 (base 0.0006, count 0.0000, game 0.0000, temp 0.0000, illum 0.0000) | val RMSE = 59.957, MAE = 34.347, GAME0 = 34.347, GAME1 = 45.280, GAME2 = 54.050, GAME3 = 60.982 | time = 25.3s
[epoch 019/100] lr = 1.00e-05 | train loss = 0.0006 (base 0.0006, count 0.0000, game 0.0000, temp 0.0000, illum 0.0000) | val RMSE = 59.313, MAE = 35.579, GAME0 = 35.579, GAME1 = 45.780, GAME2 = 56.422, GAME3 = 64.168 | time = 25.2s
[epoch 020/100] lr = 1.00e-05 | train loss = 0.0005 (base 0.0005, count 0.0000, game 0.0000, temp 0.0000, illum 0.0000) | val RMSE = 59.709, MAE = 31.356, GAME0 = 31.356, GAME1 = 39.842, GAME2 = 47.458, GAME3 = 53.168 | time = 25.3s
[epoch 021/100] lr = 1.00e-05 | train loss = 0.0005 (base 0.0005, count 0.0000, game 0.0000, temp 0.0000, illum 0.0000) | val RMSE = 85.496, MAE = 69.769, GAME0 = 69.769, GAME1 = 75.506, GAME2 = 83.329, GAME3 = 90.974 | time = 25.1s
[epoch 022/100] lr = 1.00e-05 | train loss = 0.0007 (base 0.0007, count 0.0000, game 0.0000, temp 0.0000, illum 0.0000) | val RMSE = 60.796, MAE = 34.382, GAME0 = 34.382, GAME1 = 43.677, GAME2 = 52.645, GAME3 = 59.435 | time = 25.1s
[epoch 023/100] lr = 1.00e-05 | train loss = 0.0006 (base 0.0006, count 0.0000, game 0.0000, temp 0.0000, illum 0.0000) | val RMSE = 70.406, MAE = 48.236, GAME0 = 48.236, GAME1 = 55.418, GAME2 = 64.255, GAME3 = 71.633 | time = 25.0s
[epoch 024/100] lr = 1.00e-05 | train loss = 0.0005 (base 0.0005, count 0.0000, game 0.0000, temp 0.0000, illum 0.0000) | val RMSE = 62.650, MAE = 35.633, GAME0 = 35.633, GAME1 = 41.080, GAME2 = 47.144, GAME3 = 53.757 | time = 25.2s
[epoch 025/100] lr = 1.00e-05 | train loss = 0.0007 (base 0.0007, count 0.0000, game 0.0000, temp 0.0000, illum 0.0000) | val RMSE = 64.296, MAE = 36.772, GAME0 = 36.772, GAME1 = 44.809, GAME2 = 52.621, GAME3 = 59.081 | time = 25.1s
[epoch 026/100] lr = 1.00e-05 | train loss = 0.0006 (base 0.0006, count 0.0000, game 0.0000, temp 0.0000, illum 0.0000) | val RMSE = 63.285, MAE = 38.378, GAME0 = 38.378, GAME1 = 47.308, GAME2 = 57.312, GAME3 = 64.819 | time = 26.7s
[epoch 027/100] lr = 1.00e-05 | train loss = 0.0005 (base 0.0005, count 0.0000, game 0.0000, temp 0.0000, illum 0.0000) | val RMSE = 63.139, MAE = 31.302, GAME0 = 31.302, GAME1 = 41.037, GAME2 = 49.144, GAME3 = 55.214 | time = 25.1s
[epoch 028/100] lr = 1.00e-05 | train loss = 0.0006 (base 0.0006, count 0.0000, game 0.0000, temp 0.0000, illum 0.0000) | val RMSE = 67.376, MAE = 42.878, GAME0 = 42.878, GAME1 = 49.574, GAME2 = 56.430, GAME3 = 63.560 | time = 25.1s
[epoch 029/100] lr = 1.00e-05 | train loss = 0.0006 (base 0.0006, count 0.0000, game 0.0000, temp 0.0000, illum 0.0000) | val RMSE = 62.165, MAE = 32.372, GAME0 = 32.372, GAME1 = 40.239, GAME2 = 47.090, GAME3 = 52.936 | time = 25.3s
[epoch 030/100] lr = 1.00e-05 | train loss = 0.0006 (base 0.0006, count 0.0000, game 0.0000, temp 0.0000, illum 0.0000) | val RMSE = 61.278, MAE = 32.171, GAME0 = 32.171, GAME1 = 41.802, GAME2 = 50.792, GAME3 = 57.410 | time = 25.1s
[epoch 031/100] lr = 1.00e-05 | train loss = 0.0005 (base 0.0005, count 0.0000, game 0.0000, temp 0.0000, illum 0.0000) | val RMSE = 79.084, MAE = 56.394, GAME0 = 56.394, GAME1 = 62.704, GAME2 = 70.462, GAME3 = 77.915 | time = 25.3s
[epoch 032/100] lr = 1.00e-05 | train loss = 0.0005 (base 0.0005, count 0.0000, game 0.0000, temp 0.0000, illum 0.0000) | val RMSE = 69.097, MAE = 37.122, GAME0 = 37.122, GAME1 = 43.895, GAME2 = 49.899, GAME3 = 54.138 | time = 25.2s
[epoch 033/100] lr = 1.00e-05 | train loss = 0.0005 (base 0.0005, count 0.0000, game 0.0000, temp 0.0000, illum 0.0000) | val RMSE = 66.799, MAE = 43.421, GAME0 = 43.421, GAME1 = 51.382, GAME2 = 60.853, GAME3 = 68.314 | time = 24.8s
[epoch 034/100] lr = 1.00e-05 | train loss = 0.0005 (base 0.0005, count 0.0000, game 0.0000, temp 0.0000, illum 0.0000) | val RMSE = 63.050, MAE = 33.035, GAME0 = 33.035, GAME1 = 39.448, GAME2 = 44.951, GAME3 = 49.936 | time = 25.4s
[epoch 035/100] lr = 1.00e-05 | train loss = 0.0005 (base 0.0005, count 0.0000, game 0.0000, temp 0.0000, illum 0.0000) | val RMSE = 74.627, MAE = 53.991, GAME0 = 53.991, GAME1 = 61.040, GAME2 = 70.141, GAME3 = 78.075 | time = 25.3s
[epoch 036/100] lr = 1.00e-05 | train loss = 0.0005 (base 0.0005, count 0.0000, game 0.0000, temp 0.0000, illum 0.0000) | val RMSE = 61.676, MAE = 33.640, GAME0 = 33.640, GAME1 = 40.888, GAME2 = 47.803, GAME3 = 54.275 | time = 25.4s
[epoch 037/100] lr = 1.00e-05 | train loss = 0.0007 (base 0.0007, count 0.0000, game 0.0000, temp 0.0000, illum 0.0000) | val RMSE = 64.574, MAE = 34.969, GAME0 = 34.969, GAME1 = 41.517, GAME2 = 48.472, GAME3 = 54.593 | time = 25.4s
[epoch 038/100] lr = 1.00e-05 | train loss = 0.0005 (base 0.0005, count 0.0000, game 0.0000, temp 0.0000, illum 0.0000) | val RMSE = 63.749, MAE = 32.238, GAME0 = 32.238, GAME1 = 38.964, GAME2 = 44.381, GAME3 = 49.572 | time = 25.2s
[epoch 039/100] lr = 1.00e-05 | train loss = 0.0005 (base 0.0005, count 0.0000, game 0.0000, temp 0.0000, illum 0.0000) | val RMSE = 63.978, MAE = 34.014, GAME0 = 34.014, GAME1 = 40.795, GAME2 = 46.664, GAME3 = 51.668 | time = 25.1s
[epoch 040/100] lr = 1.00e-05 | train loss = 0.0005 (base 0.0005, count 0.0000, game 0.0000, temp 0.0000, illum 0.0000) | val RMSE = 70.111, MAE = 39.362, GAME0 = 39.362, GAME1 = 43.622, GAME2 = 47.141, GAME3 = 50.683 | time = 24.8s
[epoch 041/100] lr = 1.00e-05 | train loss = 0.0006 (base 0.0006, count 0.0000, game 0.0000, temp 0.0000, illum 0.0000) | val RMSE = 71.404, MAE = 48.029, GAME0 = 48.029, GAME1 = 54.510, GAME2 = 62.713, GAME3 = 70.343 | time = 25.2s
[epoch 042/100] lr = 1.00e-05 | train loss = 0.0005 (base 0.0005, count 0.0000, game 0.0000, temp 0.0000, illum 0.0000) | val RMSE = 63.781, MAE = 35.022, GAME0 = 35.022, GAME1 = 42.076, GAME2 = 49.814, GAME3 = 56.933 | time = 25.0s
[epoch 043/100] lr = 1.00e-05 | train loss = 0.0005 (base 0.0005, count 0.0000, game 0.0000, temp 0.0000, illum 0.0000) | val RMSE = 69.290, MAE = 36.489, GAME0 = 36.489, GAME1 = 47.387, GAME2 = 56.471, GAME3 = 61.859 | time = 25.2s
[epoch 044/100] lr = 1.00e-05 | train loss = 0.0005 (base 0.0005, count 0.0000, game 0.0000, temp 0.0000, illum 0.0000) | val RMSE = 80.408, MAE = 58.566, GAME0 = 58.566, GAME1 = 64.196, GAME2 = 70.841, GAME3 = 78.424 | time = 25.0s
[epoch 045/100] lr = 1.00e-05 | train loss = 0.0005 (base 0.0005, count 0.0000, game 0.0000, temp 0.0000, illum 0.0000) | val RMSE = 62.837, MAE = 33.318, GAME0 = 33.318, GAME1 = 42.506, GAME2 = 50.184, GAME3 = 56.461 | time = 24.8s
[epoch 046/100] lr = 1.00e-05 | train loss = 0.0005 (base 0.0005, count 0.0000, game 0.0000, temp 0.0000, illum 0.0000) | val RMSE = 64.560, MAE = 38.838, GAME0 = 38.838, GAME1 = 46.408, GAME2 = 54.743, GAME3 = 61.856 | time = 25.1s
[epoch 047/100] lr = 1.00e-05 | train loss = 0.0005 (base 0.0005, count 0.0000, game 0.0000, temp 0.0000, illum 0.0000) | val RMSE = 87.549, MAE = 67.403, GAME0 = 67.403, GAME1 = 73.010, GAME2 = 79.869, GAME3 = 87.269 | time = 25.1s
[epoch 048/100] lr = 1.00e-05 | train loss = 0.0007 (base 0.0007, count 0.0000, game 0.0000, temp 0.0000, illum 0.0000) | val RMSE = 64.645, MAE = 40.327, GAME0 = 40.327, GAME1 = 47.002, GAME2 = 54.792, GAME3 = 62.322 | time = 25.2s
[epoch 049/100] lr = 1.00e-05 | train loss = 0.0005 (base 0.0005, count 0.0000, game 0.0000, temp 0.0000, illum 0.0000) | val RMSE = 69.426, MAE = 43.665, GAME0 = 43.665, GAME1 = 50.201, GAME2 = 57.902, GAME3 = 64.601 | time = 25.0s
[epoch 050/100] lr = 1.00e-05 | train loss = 0.0005 (base 0.0005, count 0.0000, game 0.0000, temp 0.0000, illum 0.0000) | val RMSE = 73.641, MAE = 51.698, GAME0 = 51.698, GAME1 = 58.643, GAME2 = 66.856, GAME3 = 74.244 | time = 25.6s
[epoch 051/100] lr = 1.00e-05 | train loss = 0.0005 (base 0.0005, count 0.0000, game 0.0000, temp 0.0000, illum 0.0000) | val RMSE = 64.434, MAE = 39.423, GAME0 = 39.423, GAME1 = 47.402, GAME2 = 55.767, GAME3 = 62.916 | time = 24.6s
[epoch 052/100] lr = 1.00e-05 | train loss = 0.0005 (base 0.0005, count 0.0000, game 0.0000, temp 0.0000, illum 0.0000) | val RMSE = 68.627, MAE = 45.062, GAME0 = 45.062, GAME1 = 50.778, GAME2 = 57.882, GAME3 = 65.577 | time = 25.4s
[epoch 053/100] lr = 1.00e-05 | train loss = 0.0006 (base 0.0006, count 0.0000, game 0.0000, temp 0.0000, illum 0.0000) | val RMSE = 62.261, MAE = 34.029, GAME0 = 34.029, GAME1 = 43.062, GAME2 = 51.566, GAME3 = 58.396 | time = 25.3s
[epoch 054/100] lr = 1.00e-05 | train loss = 0.0007 (base 0.0007, count 0.0000, game 0.0000, temp 0.0000, illum 0.0000) | val RMSE = 65.907, MAE = 41.452, GAME0 = 41.452, GAME1 = 48.386, GAME2 = 56.371, GAME3 = 63.765 | time = 25.3s
[epoch 055/100] lr = 1.00e-05 | train loss = 0.0005 (base 0.0005, count 0.0000, game 0.0000, temp 0.0000, illum 0.0000) | val RMSE = 89.354, MAE = 67.670, GAME0 = 67.670, GAME1 = 73.243, GAME2 = 80.915, GAME3 = 88.620 | time = 24.9s
[epoch 056/100] lr = 1.00e-05 | train loss = 0.0005 (base 0.0005, count 0.0000, game 0.0000, temp 0.0000, illum 0.0000) | val RMSE = 62.748, MAE = 32.328, GAME0 = 32.328, GAME1 = 41.582, GAME2 = 49.077, GAME3 = 55.197 | time = 24.8s
[epoch 057/100] lr = 1.00e-05 | train loss = 0.0005 (base 0.0005, count 0.0000, game 0.0000, temp 0.0000, illum 0.0000) | val RMSE = 70.538, MAE = 45.054, GAME0 = 45.054, GAME1 = 50.533, GAME2 = 57.265, GAME3 = 64.550 | time = 25.2s
[epoch 058/100] lr = 1.00e-05 | train loss = 0.0005 (base 0.0005, count 0.0000, game 0.0000, temp 0.0000, illum 0.0000) | val RMSE = 63.279, MAE = 33.569, GAME0 = 33.569, GAME1 = 41.606, GAME2 = 49.162, GAME3 = 55.792 | time = 26.8s
[epoch 059/100] lr = 1.00e-05 | train loss = 0.0005 (base 0.0005, count 0.0000, game 0.0000, temp 0.0000, illum 0.0000) | val RMSE = 63.187, MAE = 33.907, GAME0 = 33.907, GAME1 = 41.931, GAME2 = 48.955, GAME3 = 55.012 | time = 25.2s
[epoch 060/100] lr = 1.00e-05 | train loss = 0.0004 (base 0.0004, count 0.0000, game 0.0000, temp 0.0000, illum 0.0000) | val RMSE = 64.274, MAE = 33.354, GAME0 = 33.354, GAME1 = 40.617, GAME2 = 46.296, GAME3 = 51.257 | time = 25.1s
[epoch 061/100] lr = 1.00e-05 | train loss = 0.0005 (base 0.0005, count 0.0000, game 0.0000, temp 0.0000, illum 0.0000) | val RMSE = 63.910, MAE = 34.324, GAME0 = 34.324, GAME1 = 42.010, GAME2 = 49.071, GAME3 = 55.011 | time = 25.1s
[epoch 062/100] lr = 1.00e-05 | train loss = 0.0005 (base 0.0005, count 0.0000, game 0.0000, temp 0.0000, illum 0.0000) | val RMSE = 62.404, MAE = 35.684, GAME0 = 35.684, GAME1 = 43.261, GAME2 = 51.072, GAME3 = 58.172 | time = 26.1s
[epoch 063/100] lr = 1.00e-05 | train loss = 0.0006 (base 0.0006, count 0.0000, game 0.0000, temp 0.0000, illum 0.0000) | val RMSE = 63.551, MAE = 31.882, GAME0 = 31.882, GAME1 = 40.194, GAME2 = 46.413, GAME3 = 51.610 | time = 25.2s
[epoch 064/100] lr = 1.00e-05 | train loss = 0.0004 (base 0.0004, count 0.0000, game 0.0000, temp 0.0000, illum 0.0000) | val RMSE = 83.920, MAE = 63.969, GAME0 = 63.969, GAME1 = 70.425, GAME2 = 78.560, GAME3 = 86.253 | time = 25.1s
[epoch 065/100] lr = 1.00e-05 | train loss = 0.0007 (base 0.0007, count 0.0000, game 0.0000, temp 0.0000, illum 0.0000) | val RMSE = 61.918, MAE = 34.077, GAME0 = 34.077, GAME1 = 43.284, GAME2 = 51.503, GAME3 = 57.732 | time = 25.2s
[epoch 066/100] lr = 1.00e-05 | train loss = 0.0005 (base 0.0005, count 0.0000, game 0.0000, temp 0.0000, illum 0.0000) | val RMSE = 93.703, MAE = 77.711, GAME0 = 77.711, GAME1 = 83.380, GAME2 = 91.285, GAME3 = 98.806 | time = 24.9s
[epoch 067/100] lr = 1.00e-05 | train loss = 0.0006 (base 0.0006, count 0.0000, game 0.0000, temp 0.0000, illum 0.0000) | val RMSE = 61.851, MAE = 32.132, GAME0 = 32.132, GAME1 = 41.500, GAME2 = 49.071, GAME3 = 55.077 | time = 25.0s
[epoch 068/100] lr = 1.00e-05 | train loss = 0.0006 (base 0.0006, count 0.0000, game 0.0000, temp 0.0000, illum 0.0000) | val RMSE = 62.339, MAE = 31.105, GAME0 = 31.105, GAME1 = 40.804, GAME2 = 48.160, GAME3 = 53.975 | time = 24.9s
[epoch 069/100] lr = 1.00e-05 | train loss = 0.0006 (base 0.0006, count 0.0000, game 0.0000, temp 0.0000, illum 0.0000) | val RMSE = 63.545, MAE = 38.588, GAME0 = 38.588, GAME1 = 46.413, GAME2 = 55.024, GAME3 = 62.490 | time = 25.1s
[epoch 070/100] lr = 1.00e-05 | train loss = 0.0004 (base 0.0004, count 0.0000, game 0.0000, temp 0.0000, illum 0.0000) | val RMSE = 61.545, MAE = 33.504, GAME0 = 33.504, GAME1 = 42.890, GAME2 = 51.591, GAME3 = 58.166 | time = 24.5s
[epoch 071/100] lr = 1.00e-05 | train loss = 0.0006 (base 0.0006, count 0.0000, game 0.0000, temp 0.0000, illum 0.0000) | val RMSE = 68.739, MAE = 45.112, GAME0 = 45.112, GAME1 = 52.645, GAME2 = 59.358, GAME3 = 66.326 | time = 25.9s
[epoch 072/100] lr = 1.00e-05 | train loss = 0.0005 (base 0.0005, count 0.0000, game 0.0000, temp 0.0000, illum 0.0000) | val RMSE = 63.370, MAE = 30.992, GAME0 = 30.992, GAME1 = 40.213, GAME2 = 47.088, GAME3 = 52.605 | time = 25.2s
[epoch 073/100] lr = 1.00e-05 | train loss = 0.0006 (base 0.0006, count 0.0000, game 0.0000, temp 0.0000, illum 0.0000) | val RMSE = 64.887, MAE = 42.747, GAME0 = 42.747, GAME1 = 51.668, GAME2 = 61.449, GAME3 = 69.358 | time = 24.8s
[epoch 074/100] lr = 1.00e-05 | train loss = 0.0007 (base 0.0007, count 0.0000, game 0.0000, temp 0.0000, illum 0.0000) | val RMSE = 64.852, MAE = 37.884, GAME0 = 37.884, GAME1 = 44.839, GAME2 = 51.889, GAME3 = 58.403 | time = 25.2s
[epoch 075/100] lr = 1.00e-05 | train loss = 0.0005 (base 0.0005, count 0.0000, game 0.0000, temp 0.0000, illum 0.0000) | val RMSE = 64.069, MAE = 36.825, GAME0 = 36.825, GAME1 = 43.692, GAME2 = 50.732, GAME3 = 57.605 | time = 25.3s
[epoch 076/100] lr = 1.00e-05 | train loss = 0.0005 (base 0.0005, count 0.0000, game 0.0000, temp 0.0000, illum 0.0000) | val RMSE = 61.943, MAE = 35.573, GAME0 = 35.573, GAME1 = 42.610, GAME2 = 48.948, GAME3 = 55.572 | time = 24.8s
[epoch 077/100] lr = 1.00e-05 | train loss = 0.0006 (base 0.0006, count 0.0000, game 0.0000, temp 0.0000, illum 0.0000) | val RMSE = 64.846, MAE = 39.481, GAME0 = 39.481, GAME1 = 48.300, GAME2 = 57.777, GAME3 = 65.015 | time = 25.2s
[epoch 078/100] lr = 1.00e-05 | train loss = 0.0006 (base 0.0006, count 0.0000, game 0.0000, temp 0.0000, illum 0.0000) | val RMSE = 63.019, MAE = 34.208, GAME0 = 34.208, GAME1 = 41.480, GAME2 = 48.364, GAME3 = 54.540 | time = 25.2s
[epoch 079/100] lr = 1.00e-05 | train loss = 0.0004 (base 0.0004, count 0.0000, game 0.0000, temp 0.0000, illum 0.0000) | val RMSE = 61.071, MAE = 32.269, GAME0 = 32.269, GAME1 = 41.716, GAME2 = 50.549, GAME3 = 57.149 | time = 25.4s
[epoch 080/100] lr = 1.00e-05 | train loss = 0.0005 (base 0.0005, count 0.0000, game 0.0000, temp 0.0000, illum 0.0000) | val RMSE = 62.210, MAE = 35.775, GAME0 = 35.775, GAME1 = 44.758, GAME2 = 53.570, GAME3 = 60.702 | time = 25.2s
[epoch 081/100] lr = 1.00e-05 | train loss = 0.0005 (base 0.0005, count 0.0000, game 0.0000, temp 0.0000, illum 0.0000) | val RMSE = 61.983, MAE = 34.239, GAME0 = 34.239, GAME1 = 42.399, GAME2 = 49.841, GAME3 = 56.114 | time = 25.1s
[epoch 082/100] lr = 1.00e-05 | train loss = 0.0007 (base 0.0007, count 0.0000, game 0.0000, temp 0.0000, illum 0.0000) | val RMSE = 63.945, MAE = 38.646, GAME0 = 38.646, GAME1 = 47.264, GAME2 = 55.857, GAME3 = 63.031 | time = 25.1s
[epoch 083/100] lr = 1.00e-05 | train loss = 0.0004 (base 0.0004, count 0.0000, game 0.0000, temp 0.0000, illum 0.0000) | val RMSE = 71.924, MAE = 48.331, GAME0 = 48.331, GAME1 = 54.971, GAME2 = 62.927, GAME3 = 70.431 | time = 25.1s
[epoch 084/100] lr = 1.00e-05 | train loss = 0.0005 (base 0.0005, count 0.0000, game 0.0000, temp 0.0000, illum 0.0000) | val RMSE = 63.359, MAE = 40.152, GAME0 = 40.152, GAME1 = 48.108, GAME2 = 56.680, GAME3 = 64.149 | time = 24.9s
[epoch 085/100] lr = 1.00e-05 | train loss = 0.0006 (base 0.0006, count 0.0000, game 0.0000, temp 0.0000, illum 0.0000) | val RMSE = 62.052, MAE = 30.960, GAME0 = 30.960, GAME1 = 38.835, GAME2 = 45.252, GAME3 = 50.821 | time = 25.1s
[epoch 086/100] lr = 1.00e-05 | train loss = 0.0005 (base 0.0005, count 0.0000, game 0.0000, temp 0.0000, illum 0.0000) | val RMSE = 59.679, MAE = 33.507, GAME0 = 33.507, GAME1 = 42.350, GAME2 = 50.828, GAME3 = 57.819 | time = 24.6s
[epoch 087/100] lr = 1.00e-05 | train loss = 0.0006 (base 0.0006, count 0.0000, game 0.0000, temp 0.0000, illum 0.0000) | val RMSE = 62.697, MAE = 37.208, GAME0 = 37.208, GAME1 = 43.468, GAME2 = 49.906, GAME3 = 57.092 | time = 25.1s
[epoch 088/100] lr = 1.00e-05 | train loss = 0.0007 (base 0.0007, count 0.0000, game 0.0000, temp 0.0000, illum 0.0000) | val RMSE = 64.727, MAE = 32.562, GAME0 = 32.562, GAME1 = 39.964, GAME2 = 45.518, GAME3 = 50.274 | time = 24.9s
[epoch 089/100] lr = 1.00e-05 | train loss = 0.0006 (base 0.0006, count 0.0000, game 0.0000, temp 0.0000, illum 0.0000) | val RMSE = 85.529, MAE = 67.420, GAME0 = 67.420, GAME1 = 72.449, GAME2 = 79.017, GAME3 = 86.211 | time = 26.4s
[epoch 090/100] lr = 1.00e-05 | train loss = 0.0005 (base 0.0005, count 0.0000, game 0.0000, temp 0.0000, illum 0.0000) | val RMSE = 61.449, MAE = 30.848, GAME0 = 30.848, GAME1 = 38.534, GAME2 = 45.194, GAME3 = 50.921 | time = 25.6s
[epoch 091/100] lr = 1.00e-05 | train loss = 0.0004 (base 0.0004, count 0.0000, game 0.0000, temp 0.0000, illum 0.0000) | val RMSE = 61.523, MAE = 30.298, GAME0 = 30.298, GAME1 = 39.046, GAME2 = 46.355, GAME3 = 52.199 | time = 25.3s
[epoch 092/100] lr = 1.00e-05 | train loss = 0.0005 (base 0.0005, count 0.0000, game 0.0000, temp 0.0000, illum 0.0000) | val RMSE = 59.933, MAE = 30.647, GAME0 = 30.647, GAME1 = 39.459, GAME2 = 47.048, GAME3 = 53.403 | time = 25.1s
[epoch 093/100] lr = 1.00e-05 | train loss = 0.0005 (base 0.0005, count 0.0000, game 0.0000, temp 0.0000, illum 0.0000) | val RMSE = 60.347, MAE = 31.714, GAME0 = 31.714, GAME1 = 40.690, GAME2 = 48.779, GAME3 = 55.486 | time = 26.0s
[epoch 094/100] lr = 1.00e-05 | train loss = 0.0006 (base 0.0006, count 0.0000, game 0.0000, temp 0.0000, illum 0.0000) | val RMSE = 61.725, MAE = 31.498, GAME0 = 31.498, GAME1 = 39.695, GAME2 = 46.437, GAME3 = 52.188 | time = 24.8s
[epoch 095/100] lr = 1.00e-05 | train loss = 0.0005 (base 0.0005, count 0.0000, game 0.0000, temp 0.0000, illum 0.0000) | val RMSE = 63.645, MAE = 36.729, GAME0 = 36.729, GAME1 = 43.803, GAME2 = 50.888, GAME3 = 57.251 | time = 25.1s
[epoch 096/100] lr = 1.00e-05 | train loss = 0.0005 (base 0.0005, count 0.0000, game 0.0000, temp 0.0000, illum 0.0000) | val RMSE = 61.427, MAE = 33.701, GAME0 = 33.701, GAME1 = 41.017, GAME2 = 47.804, GAME3 = 53.805 | time = 26.4s
[epoch 097/100] lr = 1.00e-05 | train loss = 0.0007 (base 0.0007, count 0.0000, game 0.0000, temp 0.0000, illum 0.0000) | val RMSE = 70.312, MAE = 48.242, GAME0 = 48.242, GAME1 = 54.760, GAME2 = 62.179, GAME3 = 69.237 | time = 25.3s
[epoch 098/100] lr = 1.00e-05 | train loss = 0.0005 (base 0.0005, count 0.0000, game 0.0000, temp 0.0000, illum 0.0000) | val RMSE = 61.999, MAE = 35.014, GAME0 = 35.014, GAME1 = 42.275, GAME2 = 49.215, GAME3 = 55.568 | time = 25.0s
[epoch 099/100] lr = 1.00e-05 | train loss = 0.0006 (base 0.0006, count 0.0000, game 0.0000, temp 0.0000, illum 0.0000) | val RMSE = 64.498, MAE = 37.428, GAME0 = 37.428, GAME1 = 44.579, GAME2 = 51.896, GAME3 = 58.019 | time = 25.1s
[epoch 100/100] lr = 1.00e-05 | train loss = 0.0005 (base 0.0005, count 0.0000, game 0.0000, temp 0.0000, illum 0.0000) | val RMSE = 66.279, MAE = 42.974, GAME0 = 42.974, GAME1 = 49.538, GAME2 = 56.147, GAME3 = 63.300 | time = 25.3s
[done] best RMSE = 55.090
