[log] /scratch/users/ntu/kenneth0/FYP-SmartObjectCounter/logs/train_rgbt_adaptive_late_e100_sanity_12741370.pbs101_20260115_142232.log
[job] name=train_rgbt_adaptive_late_e100_sanity id=12741370.pbs101 host=x1000c1s4b0n0 time=Thu Jan 15 14:22:32 +08 2026
[init] device = cuda
[init] train = 1030  val = 200  workers = 4
[e001 s0001/1030] loss = 1092.217407
[e001 s0050/1030] loss = 365.879921
[e001 s0100/1030] loss = 183.726041
[e001 s0150/1030] loss = 122.506876
[e001 s0200/1030] loss = 91.882074
[e001 s0250/1030] loss = 73.506278
[e001 s0300/1030] loss = 61.255571
[e001 s0350/1030] loss = 52.504977
[e001 s0400/1030] loss = 45.942031
[e001 s0450/1030] loss = 40.837518
[e001 s0500/1030] loss = 36.753906
[e001 s0550/1030] loss = 33.412719
[e001 s0600/1030] loss = 30.628410
[e001 s0650/1030] loss = 28.272438
[e001 s0700/1030] loss = 26.253044
[e001 s0750/1030] loss = 24.502887
[e001 s0800/1030] loss = 22.971503
[e001 s0850/1030] loss = 21.620276
[e001 s0900/1030] loss = 20.419182
[e001 s0950/1030] loss = 19.344531
[e001 s1000/1030] loss = 18.377343
-> saved adaptive_late_best.pth (MAE/GAME0 33.26)
Epoch 001: train_loss = 17.842113  MAE/GAME0 = 33.26  RMSE = 62.40  GAME1 = 10.84  GAME2 = 3.54  GAME3 = 1.07  lr = 1.00e-05  time = 93.8s
[e002 s0001/1030] loss = 0.000666
[e002 s0050/1030] loss = 0.001444
[e002 s0100/1030] loss = 0.000900
[e002 s0150/1030] loss = 0.000789
[e002 s0200/1030] loss = 0.000686
[e002 s0250/1030] loss = 0.000725
[e002 s0300/1030] loss = 0.000715
[e002 s0350/1030] loss = 0.000692
[e002 s0400/1030] loss = 0.000716
[e002 s0450/1030] loss = 0.000676
[e002 s0500/1030] loss = 0.000669
[e002 s0550/1030] loss = 0.000666
[e002 s0600/1030] loss = 0.000648
[e002 s0650/1030] loss = 0.000621
[e002 s0700/1030] loss = 0.000593
[e002 s0750/1030] loss = 0.000566
[e002 s0800/1030] loss = 0.000564
[e002 s0850/1030] loss = 0.000556
[e002 s0900/1030] loss = 0.000541
[e002 s0950/1030] loss = 0.000584
[e002 s1000/1030] loss = 0.000589
-> saved adaptive_late_best.pth (MAE/GAME0 31.01)
Epoch 002: train_loss = 0.000581  MAE/GAME0 = 31.01  RMSE = 51.59  GAME1 = 9.45  GAME2 = 3.06  GAME3 = 0.95  lr = 1.00e-05  time = 48.3s
[e003 s0001/1030] loss = 0.000028
[e003 s0050/1030] loss = 0.000203
[e003 s0100/1030] loss = 0.000321
[e003 s0150/1030] loss = 0.000425
[e003 s0200/1030] loss = 0.000397
[e003 s0250/1030] loss = 0.000470
[e003 s0300/1030] loss = 0.000497
[e003 s0350/1030] loss = 0.000536
[e003 s0400/1030] loss = 0.000504
[e003 s0450/1030] loss = 0.000474
[e003 s0500/1030] loss = 0.000459
[e003 s0550/1030] loss = 0.000487
[e003 s0600/1030] loss = 0.000467
[e003 s0650/1030] loss = 0.000460
[e003 s0700/1030] loss = 0.000548
[e003 s0750/1030] loss = 0.000560
[e003 s0800/1030] loss = 0.000582
[e003 s0850/1030] loss = 0.000583
[e003 s0900/1030] loss = 0.000579
[e003 s0950/1030] loss = 0.000580
[e003 s1000/1030] loss = 0.000570
Epoch 003: train_loss = 0.000567  MAE/GAME0 = 46.38  RMSE = 69.86  GAME1 = 15.27  GAME2 = 5.07  GAME3 = 1.51  lr = 1.00e-05  time = 47.6s
[e004 s0001/1030] loss = 0.000138
[e004 s0050/1030] loss = 0.001014
[e004 s0100/1030] loss = 0.000624
[e004 s0150/1030] loss = 0.000513
[e004 s0200/1030] loss = 0.000454
[e004 s0250/1030] loss = 0.000781
[e004 s0300/1030] loss = 0.000701
[e004 s0350/1030] loss = 0.000659
[e004 s0400/1030] loss = 0.000609
[e004 s0450/1030] loss = 0.000775
[e004 s0500/1030] loss = 0.000740
[e004 s0550/1030] loss = 0.000745
[e004 s0600/1030] loss = 0.000715
[e004 s0650/1030] loss = 0.000680
[e004 s0700/1030] loss = 0.000666
[e004 s0750/1030] loss = 0.000651
[e004 s0800/1030] loss = 0.000618
[e004 s0850/1030] loss = 0.000612
[e004 s0900/1030] loss = 0.000589
[e004 s0950/1030] loss = 0.000593
[e004 s1000/1030] loss = 0.000599
-> saved adaptive_late_best.pth (MAE/GAME0 25.24)
Epoch 004: train_loss = 0.000586  MAE/GAME0 = 25.24  RMSE = 43.71  GAME1 = 7.91  GAME2 = 2.49  GAME3 = 0.77  lr = 1.00e-05  time = 48.0s
[e005 s0001/1030] loss = 0.000080
[e005 s0050/1030] loss = 0.000270
[e005 s0100/1030] loss = 0.000272
[e005 s0150/1030] loss = 0.000386
[e005 s0200/1030] loss = 0.000348
[e005 s0250/1030] loss = 0.000365
[e005 s0300/1030] loss = 0.000352
[e005 s0350/1030] loss = 0.000357
[e005 s0400/1030] loss = 0.000370
[e005 s0450/1030] loss = 0.000346
[e005 s0500/1030] loss = 0.000336
[e005 s0550/1030] loss = 0.000324
[e005 s0600/1030] loss = 0.000334
[e005 s0650/1030] loss = 0.000340
[e005 s0700/1030] loss = 0.000329
[e005 s0750/1030] loss = 0.000325
[e005 s0800/1030] loss = 0.000349
[e005 s0850/1030] loss = 0.000344
[e005 s0900/1030] loss = 0.000336
[e005 s0950/1030] loss = 0.000335
[e005 s1000/1030] loss = 0.000453
Epoch 005: train_loss = 0.000447  MAE/GAME0 = 29.86  RMSE = 41.94  GAME1 = 9.09  GAME2 = 2.81  GAME3 = 0.84  lr = 1.00e-05  time = 47.2s
[e006 s0001/1030] loss = 0.000008
[e006 s0050/1030] loss = 0.000434
[e006 s0100/1030] loss = 0.000439
[e006 s0150/1030] loss = 0.000704
[e006 s0200/1030] loss = 0.000638
[e006 s0250/1030] loss = 0.000650
[e006 s0300/1030] loss = 0.000580
[e006 s0350/1030] loss = 0.000537
[e006 s0400/1030] loss = 0.000513
[e006 s0450/1030] loss = 0.000494
[e006 s0500/1030] loss = 0.000463
[e006 s0550/1030] loss = 0.000487
[e006 s0600/1030] loss = 0.000473
[e006 s0650/1030] loss = 0.000473
[e006 s0700/1030] loss = 0.000475
[e006 s0750/1030] loss = 0.000465
[e006 s0800/1030] loss = 0.000448
[e006 s0850/1030] loss = 0.000442
[e006 s0900/1030] loss = 0.000436
[e006 s0950/1030] loss = 0.000427
[e006 s1000/1030] loss = 0.000416
Epoch 006: train_loss = 0.000416  MAE/GAME0 = 28.22  RMSE = 45.79  GAME1 = 9.22  GAME2 = 2.81  GAME3 = 0.82  lr = 1.00e-05  time = 47.7s
[e007 s0001/1030] loss = 0.000069
[e007 s0050/1030] loss = 0.000149
[e007 s0100/1030] loss = 0.000367
[e007 s0150/1030] loss = 0.000383
[e007 s0200/1030] loss = 0.000375
[e007 s0250/1030] loss = 0.000352
[e007 s0300/1030] loss = 0.000715
[e007 s0350/1030] loss = 0.000706
[e007 s0400/1030] loss = 0.000644
[e007 s0450/1030] loss = 0.000628
[e007 s0500/1030] loss = 0.000601
[e007 s0550/1030] loss = 0.000569
[e007 s0600/1030] loss = 0.000553
[e007 s0650/1030] loss = 0.000529
[e007 s0700/1030] loss = 0.000531
[e007 s0750/1030] loss = 0.000511
[e007 s0800/1030] loss = 0.000491
[e007 s0850/1030] loss = 0.000474
[e007 s0900/1030] loss = 0.000454
[e007 s0950/1030] loss = 0.000451
[e007 s1000/1030] loss = 0.000444
Epoch 007: train_loss = 0.000437  MAE/GAME0 = 38.87  RMSE = 58.47  GAME1 = 10.30  GAME2 = 2.80  GAME3 = 0.78  lr = 1.00e-05  time = 47.2s
[e008 s0001/1030] loss = 0.000356
[e008 s0050/1030] loss = 0.000272
[e008 s0100/1030] loss = 0.000264
[e008 s0150/1030] loss = 0.000326
[e008 s0200/1030] loss = 0.000280
[e008 s0250/1030] loss = 0.000342
[e008 s0300/1030] loss = 0.000321
[e008 s0350/1030] loss = 0.000315
[e008 s0400/1030] loss = 0.000294
[e008 s0450/1030] loss = 0.000310
[e008 s0500/1030] loss = 0.000301
[e008 s0550/1030] loss = 0.000328
[e008 s0600/1030] loss = 0.000313
[e008 s0650/1030] loss = 0.000303
[e008 s0700/1030] loss = 0.000307
[e008 s0750/1030] loss = 0.000303
[e008 s0800/1030] loss = 0.000355
[e008 s0850/1030] loss = 0.000352
[e008 s0900/1030] loss = 0.000361
[e008 s0950/1030] loss = 0.000375
[e008 s1000/1030] loss = 0.000368
Epoch 008: train_loss = 0.000365  MAE/GAME0 = 66.33  RMSE = 86.08  GAME1 = 16.71  GAME2 = 4.30  GAME3 = 1.14  lr = 1.00e-05  time = 49.2s
[e009 s0001/1030] loss = 0.006897
[e009 s0050/1030] loss = 0.000300
[e009 s0100/1030] loss = 0.000302
[e009 s0150/1030] loss = 0.000330
[e009 s0200/1030] loss = 0.000528
[e009 s0250/1030] loss = 0.000466
[e009 s0300/1030] loss = 0.000453
[e009 s0350/1030] loss = 0.000496
[e009 s0400/1030] loss = 0.000463
[e009 s0450/1030] loss = 0.000424
[e009 s0500/1030] loss = 0.000418
[e009 s0550/1030] loss = 0.000402
[e009 s0600/1030] loss = 0.000442
[e009 s0650/1030] loss = 0.000420
[e009 s0700/1030] loss = 0.000429
[e009 s0750/1030] loss = 0.000413
[e009 s0800/1030] loss = 0.000410
[e009 s0850/1030] loss = 0.000405
[e009 s0900/1030] loss = 0.000388
[e009 s0950/1030] loss = 0.000377
[e009 s1000/1030] loss = 0.000373
-> saved adaptive_late_best.pth (MAE/GAME0 24.81)
Epoch 009: train_loss = 0.000381  MAE/GAME0 = 24.81  RMSE = 47.44  GAME1 = 8.67  GAME2 = 2.69  GAME3 = 0.77  lr = 1.00e-05  time = 46.4s
[e010 s0001/1030] loss = 0.000094
[e010 s0050/1030] loss = 0.000510
[e010 s0100/1030] loss = 0.000358
[e010 s0150/1030] loss = 0.000453
[e010 s0200/1030] loss = 0.000443
[e010 s0250/1030] loss = 0.000401
[e010 s0300/1030] loss = 0.000383
[e010 s0350/1030] loss = 0.000371
[e010 s0400/1030] loss = 0.000417
[e010 s0450/1030] loss = 0.000392
[e010 s0500/1030] loss = 0.000407
[e010 s0550/1030] loss = 0.000399
[e010 s0600/1030] loss = 0.000392
[e010 s0650/1030] loss = 0.000385
[e010 s0700/1030] loss = 0.000368
[e010 s0750/1030] loss = 0.000353
[e010 s0800/1030] loss = 0.000450
[e010 s0850/1030] loss = 0.000648
[e010 s0900/1030] loss = 0.000631
[e010 s0950/1030] loss = 0.000611
[e010 s1000/1030] loss = 0.000601
Epoch 010: train_loss = 0.000588  MAE/GAME0 = 32.86  RMSE = 51.15  GAME1 = 9.26  GAME2 = 2.63  GAME3 = 0.75  lr = 1.00e-05  time = 47.6s
[e011 s0001/1030] loss = 0.000001
[e011 s0050/1030] loss = 0.000609
[e011 s0100/1030] loss = 0.000594
[e011 s0150/1030] loss = 0.000538
[e011 s0200/1030] loss = 0.000615
[e011 s0250/1030] loss = 0.000546
[e011 s0300/1030] loss = 0.000491
[e011 s0350/1030] loss = 0.000571
[e011 s0400/1030] loss = 0.000530
[e011 s0450/1030] loss = 0.000487
[e011 s0500/1030] loss = 0.000462
[e011 s0550/1030] loss = 0.000441
[e011 s0600/1030] loss = 0.000416
[e011 s0650/1030] loss = 0.000415
[e011 s0700/1030] loss = 0.000472
[e011 s0750/1030] loss = 0.000452
[e011 s0800/1030] loss = 0.000475
[e011 s0850/1030] loss = 0.000476
[e011 s0900/1030] loss = 0.000471
[e011 s0950/1030] loss = 0.000469
[e011 s1000/1030] loss = 0.000464
Epoch 011: train_loss = 0.000456  MAE/GAME0 = 27.74  RMSE = 45.94  GAME1 = 9.09  GAME2 = 2.85  GAME3 = 0.86  lr = 1.00e-05  time = 47.8s
[e012 s0001/1030] loss = 0.000006
[e012 s0050/1030] loss = 0.000209
[e012 s0100/1030] loss = 0.000220
[e012 s0150/1030] loss = 0.000238
[e012 s0200/1030] loss = 0.000230
[e012 s0250/1030] loss = 0.000289
[e012 s0300/1030] loss = 0.000259
[e012 s0350/1030] loss = 0.000239
[e012 s0400/1030] loss = 0.000258
[e012 s0450/1030] loss = 0.000322
[e012 s0500/1030] loss = 0.000331
[e012 s0550/1030] loss = 0.000341
[e012 s0600/1030] loss = 0.000342
[e012 s0650/1030] loss = 0.000337
[e012 s0700/1030] loss = 0.000339
[e012 s0750/1030] loss = 0.000335
[e012 s0800/1030] loss = 0.000339
[e012 s0850/1030] loss = 0.000336
[e012 s0900/1030] loss = 0.000330
[e012 s0950/1030] loss = 0.000327
[e012 s1000/1030] loss = 0.000320
Epoch 012: train_loss = 0.000337  MAE/GAME0 = 47.34  RMSE = 58.80  GAME1 = 12.43  GAME2 = 3.33  GAME3 = 0.92  lr = 1.00e-05  time = 47.2s
[e013 s0001/1030] loss = 0.000860
[e013 s0050/1030] loss = 0.000339
[e013 s0100/1030] loss = 0.000615
[e013 s0150/1030] loss = 0.000494
[e013 s0200/1030] loss = 0.000552
[e013 s0250/1030] loss = 0.000514
[e013 s0300/1030] loss = 0.000451
[e013 s0350/1030] loss = 0.000507
[e013 s0400/1030] loss = 0.000503
[e013 s0450/1030] loss = 0.000464
[e013 s0500/1030] loss = 0.000460
[e013 s0550/1030] loss = 0.000446
[e013 s0600/1030] loss = 0.000460
[e013 s0650/1030] loss = 0.000464
[e013 s0700/1030] loss = 0.000450
[e013 s0750/1030] loss = 0.000444
[e013 s0800/1030] loss = 0.000430
[e013 s0850/1030] loss = 0.000419
[e013 s0900/1030] loss = 0.000418
[e013 s0950/1030] loss = 0.000403
[e013 s1000/1030] loss = 0.000395
Epoch 013: train_loss = 0.000391  MAE/GAME0 = 26.00  RMSE = 50.56  GAME1 = 7.94  GAME2 = 2.32  GAME3 = 0.68  lr = 1.00e-05  time = 47.4s
[e014 s0001/1030] loss = 0.000053
[e014 s0050/1030] loss = 0.000229
[e014 s0100/1030] loss = 0.000219
[e014 s0150/1030] loss = 0.000251
[e014 s0200/1030] loss = 0.000346
[e014 s0250/1030] loss = 0.000300
[e014 s0300/1030] loss = 0.000288
[e014 s0350/1030] loss = 0.000290
[e014 s0400/1030] loss = 0.000271
[e014 s0450/1030] loss = 0.000271
[e014 s0500/1030] loss = 0.000300
[e014 s0550/1030] loss = 0.000462
[e014 s0600/1030] loss = 0.000439
[e014 s0650/1030] loss = 0.000509
[e014 s0700/1030] loss = 0.000515
[e014 s0750/1030] loss = 0.000499
[e014 s0800/1030] loss = 0.000499
[e014 s0850/1030] loss = 0.000484
[e014 s0900/1030] loss = 0.000470
[e014 s0950/1030] loss = 0.000453
[e014 s1000/1030] loss = 0.000444
Epoch 014: train_loss = 0.000442  MAE/GAME0 = 36.97  RMSE = 58.27  GAME1 = 9.69  GAME2 = 2.58  GAME3 = 0.70  lr = 1.00e-05  time = 48.0s
[e015 s0001/1030] loss = 0.000097
[e015 s0050/1030] loss = 0.000175
[e015 s0100/1030] loss = 0.000510
[e015 s0150/1030] loss = 0.000444
[e015 s0200/1030] loss = 0.000399
[e015 s0250/1030] loss = 0.000360
[e015 s0300/1030] loss = 0.000381
[e015 s0350/1030] loss = 0.000370
[e015 s0400/1030] loss = 0.000381
[e015 s0450/1030] loss = 0.000362
[e015 s0500/1030] loss = 0.000347
[e015 s0550/1030] loss = 0.000342
[e015 s0600/1030] loss = 0.000341
[e015 s0650/1030] loss = 0.000334
[e015 s0700/1030] loss = 0.000338
[e015 s0750/1030] loss = 0.000331
[e015 s0800/1030] loss = 0.000330
[e015 s0850/1030] loss = 0.000352
[e015 s0900/1030] loss = 0.000344
[e015 s0950/1030] loss = 0.000390
[e015 s1000/1030] loss = 0.000395
Epoch 015: train_loss = 0.000403  MAE/GAME0 = 26.27  RMSE = 46.99  GAME1 = 8.11  GAME2 = 2.49  GAME3 = 0.75  lr = 1.00e-05  time = 48.2s
[e016 s0001/1030] loss = 0.000524
[e016 s0050/1030] loss = 0.000492
[e016 s0100/1030] loss = 0.000394
[e016 s0150/1030] loss = 0.000366
[e016 s0200/1030] loss = 0.000359
[e016 s0250/1030] loss = 0.000324
[e016 s0300/1030] loss = 0.000290
[e016 s0350/1030] loss = 0.000310
[e016 s0400/1030] loss = 0.000409
[e016 s0450/1030] loss = 0.000401
[e016 s0500/1030] loss = 0.000390
[e016 s0550/1030] loss = 0.000380
[e016 s0600/1030] loss = 0.000379
[e016 s0650/1030] loss = 0.000392
[e016 s0700/1030] loss = 0.000407
[e016 s0750/1030] loss = 0.000412
[e016 s0800/1030] loss = 0.000408
[e016 s0850/1030] loss = 0.000401
[e016 s0900/1030] loss = 0.000391
[e016 s0950/1030] loss = 0.000425
[e016 s1000/1030] loss = 0.000414
Epoch 016: train_loss = 0.000413  MAE/GAME0 = 31.02  RMSE = 45.80  GAME1 = 8.71  GAME2 = 2.50  GAME3 = 0.73  lr = 1.00e-05  time = 50.4s
[e017 s0001/1030] loss = 0.000635
[e017 s0050/1030] loss = 0.001444
[e017 s0100/1030] loss = 0.000951
[e017 s0150/1030] loss = 0.000721
[e017 s0200/1030] loss = 0.000601
[e017 s0250/1030] loss = 0.000925
[e017 s0300/1030] loss = 0.000813
[e017 s0350/1030] loss = 0.000773
[e017 s0400/1030] loss = 0.000731
[e017 s0450/1030] loss = 0.000706
[e017 s0500/1030] loss = 0.000709
[e017 s0550/1030] loss = 0.000684
[e017 s0600/1030] loss = 0.000650
[e017 s0650/1030] loss = 0.000614
[e017 s0700/1030] loss = 0.000579
[e017 s0750/1030] loss = 0.000566
[e017 s0800/1030] loss = 0.000551
[e017 s0850/1030] loss = 0.000572
[e017 s0900/1030] loss = 0.000611
[e017 s0950/1030] loss = 0.000586
[e017 s1000/1030] loss = 0.000576
Epoch 017: train_loss = 0.000565  MAE/GAME0 = 26.91  RMSE = 42.94  GAME1 = 7.83  GAME2 = 2.26  GAME3 = 0.66  lr = 1.00e-05  time = 47.1s
[e018 s0001/1030] loss = 0.000001
[e018 s0050/1030] loss = 0.000563
[e018 s0100/1030] loss = 0.000362
[e018 s0150/1030] loss = 0.000348
[e018 s0200/1030] loss = 0.000316
[e018 s0250/1030] loss = 0.000298
[e018 s0300/1030] loss = 0.000267
[e018 s0350/1030] loss = 0.000256
[e018 s0400/1030] loss = 0.000238
[e018 s0450/1030] loss = 0.000252
[e018 s0500/1030] loss = 0.000246
[e018 s0550/1030] loss = 0.000281
[e018 s0600/1030] loss = 0.000289
[e018 s0650/1030] loss = 0.000278
[e018 s0700/1030] loss = 0.000278
[e018 s0750/1030] loss = 0.000280
[e018 s0800/1030] loss = 0.000276
[e018 s0850/1030] loss = 0.000277
[e018 s0900/1030] loss = 0.000285
[e018 s0950/1030] loss = 0.000289
[e018 s1000/1030] loss = 0.000292
Epoch 018: train_loss = 0.000294  MAE/GAME0 = 29.92  RMSE = 55.21  GAME1 = 8.13  GAME2 = 2.23  GAME3 = 0.62  lr = 1.00e-05  time = 47.1s
[e019 s0001/1030] loss = 0.000454
[e019 s0050/1030] loss = 0.000436
[e019 s0100/1030] loss = 0.000452
[e019 s0150/1030] loss = 0.000423
[e019 s0200/1030] loss = 0.000395
[e019 s0250/1030] loss = 0.000463
[e019 s0300/1030] loss = 0.000409
[e019 s0350/1030] loss = 0.000386
[e019 s0400/1030] loss = 0.000368
[e019 s0450/1030] loss = 0.000352
[e019 s0500/1030] loss = 0.000391
[e019 s0550/1030] loss = 0.000380
[e019 s0600/1030] loss = 0.000381
[e019 s0650/1030] loss = 0.000366
[e019 s0700/1030] loss = 0.000350
[e019 s0750/1030] loss = 0.000339
[e019 s0800/1030] loss = 0.000338
[e019 s0850/1030] loss = 0.000331
[e019 s0900/1030] loss = 0.000329
[e019 s0950/1030] loss = 0.000323
[e019 s1000/1030] loss = 0.000322
-> saved adaptive_late_best.pth (MAE/GAME0 23.84)
Epoch 019: train_loss = 0.000324  MAE/GAME0 = 23.84  RMSE = 46.44  GAME1 = 7.11  GAME2 = 2.07  GAME3 = 0.61  lr = 1.00e-05  time = 47.4s
[e020 s0001/1030] loss = 0.000111
[e020 s0050/1030] loss = 0.000367
[e020 s0100/1030] loss = 0.000262
[e020 s0150/1030] loss = 0.000223
[e020 s0200/1030] loss = 0.000213
[e020 s0250/1030] loss = 0.000235
[e020 s0300/1030] loss = 0.000229
[e020 s0350/1030] loss = 0.000281
[e020 s0400/1030] loss = 0.000295
[e020 s0450/1030] loss = 0.000307
[e020 s0500/1030] loss = 0.000363
[e020 s0550/1030] loss = 0.000377
[e020 s0600/1030] loss = 0.000358
[e020 s0650/1030] loss = 0.000359
[e020 s0700/1030] loss = 0.000349
[e020 s0750/1030] loss = 0.000350
[e020 s0800/1030] loss = 0.000340
[e020 s0850/1030] loss = 0.000329
[e020 s0900/1030] loss = 0.000320
[e020 s0950/1030] loss = 0.000317
[e020 s1000/1030] loss = 0.000314
Epoch 020: train_loss = 0.000316  MAE/GAME0 = 34.51  RMSE = 49.59  GAME1 = 9.56  GAME2 = 2.62  GAME3 = 0.74  lr = 1.00e-05  time = 47.3s
[e021 s0001/1030] loss = 0.000342
[e021 s0050/1030] loss = 0.000353
[e021 s0100/1030] loss = 0.000397
[e021 s0150/1030] loss = 0.000342
[e021 s0200/1030] loss = 0.000446
[e021 s0250/1030] loss = 0.000478
[e021 s0300/1030] loss = 0.000435
[e021 s0350/1030] loss = 0.000406
[e021 s0400/1030] loss = 0.000415
[e021 s0450/1030] loss = 0.000425
[e021 s0500/1030] loss = 0.000416
[e021 s0550/1030] loss = 0.000427
[e021 s0600/1030] loss = 0.000412
[e021 s0650/1030] loss = 0.000440
[e021 s0700/1030] loss = 0.000428
[e021 s0750/1030] loss = 0.000418
[e021 s0800/1030] loss = 0.000412
[e021 s0850/1030] loss = 0.000399
[e021 s0900/1030] loss = 0.000387
[e021 s0950/1030] loss = 0.000377
[e021 s1000/1030] loss = 0.000383
Epoch 021: train_loss = 0.000381  MAE/GAME0 = 25.68  RMSE = 46.68  GAME1 = 8.15  GAME2 = 2.43  GAME3 = 0.71  lr = 1.00e-05  time = 48.1s
[e022 s0001/1030] loss = 0.000149
[e022 s0050/1030] loss = 0.000086
[e022 s0100/1030] loss = 0.000358
[e022 s0150/1030] loss = 0.000322
[e022 s0200/1030] loss = 0.000311
[e022 s0250/1030] loss = 0.000332
[e022 s0300/1030] loss = 0.000372
[e022 s0350/1030] loss = 0.000379
[e022 s0400/1030] loss = 0.000360
[e022 s0450/1030] loss = 0.000341
[e022 s0500/1030] loss = 0.000324
[e022 s0550/1030] loss = 0.000314
[e022 s0600/1030] loss = 0.000487
[e022 s0650/1030] loss = 0.000528
[e022 s0700/1030] loss = 0.000519
[e022 s0750/1030] loss = 0.000523
[e022 s0800/1030] loss = 0.000513
[e022 s0850/1030] loss = 0.000518
[e022 s0900/1030] loss = 0.000502
[e022 s0950/1030] loss = 0.000504
[e022 s1000/1030] loss = 0.000498
Epoch 022: train_loss = 0.000487  MAE/GAME0 = 37.18  RMSE = 58.75  GAME1 = 9.93  GAME2 = 2.66  GAME3 = 0.70  lr = 1.00e-05  time = 47.3s
[e023 s0001/1030] loss = 0.000000
[e023 s0050/1030] loss = 0.000239
[e023 s0100/1030] loss = 0.000309
[e023 s0150/1030] loss = 0.000440
[e023 s0200/1030] loss = 0.000723
[e023 s0250/1030] loss = 0.000665
[e023 s0300/1030] loss = 0.000672
[e023 s0350/1030] loss = 0.000632
[e023 s0400/1030] loss = 0.000578
[e023 s0450/1030] loss = 0.000547
[e023 s0500/1030] loss = 0.000538
[e023 s0550/1030] loss = 0.000508
[e023 s0600/1030] loss = 0.000510
[e023 s0650/1030] loss = 0.000497
[e023 s0700/1030] loss = 0.000470
[e023 s0750/1030] loss = 0.000478
[e023 s0800/1030] loss = 0.000461
[e023 s0850/1030] loss = 0.000481
[e023 s0900/1030] loss = 0.000484
[e023 s0950/1030] loss = 0.000473
[e023 s1000/1030] loss = 0.000460
Epoch 023: train_loss = 0.000455  MAE/GAME0 = 26.51  RMSE = 52.98  GAME1 = 8.26  GAME2 = 2.43  GAME3 = 0.70  lr = 1.00e-05  time = 47.5s
[e024 s0001/1030] loss = 0.000007
[e024 s0050/1030] loss = 0.000398
[e024 s0100/1030] loss = 0.000418
[e024 s0150/1030] loss = 0.000368
[e024 s0200/1030] loss = 0.000352
[e024 s0250/1030] loss = 0.000404
[e024 s0300/1030] loss = 0.000428
[e024 s0350/1030] loss = 0.000492
[e024 s0400/1030] loss = 0.000474
[e024 s0450/1030] loss = 0.000451
[e024 s0500/1030] loss = 0.000443
[e024 s0550/1030] loss = 0.000437
[e024 s0600/1030] loss = 0.000432
[e024 s0650/1030] loss = 0.000437
[e024 s0700/1030] loss = 0.000415
[e024 s0750/1030] loss = 0.000400
[e024 s0800/1030] loss = 0.000389
[e024 s0850/1030] loss = 0.000390
[e024 s0900/1030] loss = 0.000386
[e024 s0950/1030] loss = 0.000376
[e024 s1000/1030] loss = 0.000379
Epoch 024: train_loss = 0.000371  MAE/GAME0 = 26.11  RMSE = 45.78  GAME1 = 7.58  GAME2 = 2.17  GAME3 = 0.64  lr = 1.00e-05  time = 48.1s
[e025 s0001/1030] loss = 0.000135
[e025 s0050/1030] loss = 0.000315
[e025 s0100/1030] loss = 0.000614
[e025 s0150/1030] loss = 0.000521
[e025 s0200/1030] loss = 0.000447
[e025 s0250/1030] loss = 0.000406
[e025 s0300/1030] loss = 0.000375
[e025 s0350/1030] loss = 0.000340
[e025 s0400/1030] loss = 0.000332
[e025 s0450/1030] loss = 0.000408
[e025 s0500/1030] loss = 0.000386
[e025 s0550/1030] loss = 0.000405
[e025 s0600/1030] loss = 0.000443
[e025 s0650/1030] loss = 0.000456
[e025 s0700/1030] loss = 0.000478
[e025 s0750/1030] loss = 0.000456
[e025 s0800/1030] loss = 0.000455
[e025 s0850/1030] loss = 0.000437
[e025 s0900/1030] loss = 0.000444
[e025 s0950/1030] loss = 0.000431
[e025 s1000/1030] loss = 0.000418
Epoch 025: train_loss = 0.000409  MAE/GAME0 = 26.06  RMSE = 51.77  GAME1 = 8.15  GAME2 = 2.43  GAME3 = 0.69  lr = 1.00e-05  time = 48.1s
[e026 s0001/1030] loss = 0.000004
[e026 s0050/1030] loss = 0.000237
[e026 s0100/1030] loss = 0.000417
[e026 s0150/1030] loss = 0.000392
[e026 s0200/1030] loss = 0.000340
[e026 s0250/1030] loss = 0.000347
[e026 s0300/1030] loss = 0.000335
[e026 s0350/1030] loss = 0.000323
[e026 s0400/1030] loss = 0.000520
[e026 s0450/1030] loss = 0.000615
[e026 s0500/1030] loss = 0.000596
[e026 s0550/1030] loss = 0.000601
[e026 s0600/1030] loss = 0.000583
[e026 s0650/1030] loss = 0.000588
[e026 s0700/1030] loss = 0.000601
[e026 s0750/1030] loss = 0.000580
[e026 s0800/1030] loss = 0.000584
[e026 s0850/1030] loss = 0.000618
[e026 s0900/1030] loss = 0.000640
[e026 s0950/1030] loss = 0.000620
[e026 s1000/1030] loss = 0.000606
Epoch 026: train_loss = 0.000599  MAE/GAME0 = 24.88  RMSE = 44.52  GAME1 = 7.43  GAME2 = 2.15  GAME3 = 0.62  lr = 1.00e-05  time = 47.4s
[e027 s0001/1030] loss = 0.000003
[e027 s0050/1030] loss = 0.000239
[e027 s0100/1030] loss = 0.000224
[e027 s0150/1030] loss = 0.000274
[e027 s0200/1030] loss = 0.000261
[e027 s0250/1030] loss = 0.000339
[e027 s0300/1030] loss = 0.000336
[e027 s0350/1030] loss = 0.000329
[e027 s0400/1030] loss = 0.000351
[e027 s0450/1030] loss = 0.000331
[e027 s0500/1030] loss = 0.000322
[e027 s0550/1030] loss = 0.000328
[e027 s0600/1030] loss = 0.000339
[e027 s0650/1030] loss = 0.000334
[e027 s0700/1030] loss = 0.000331
[e027 s0750/1030] loss = 0.000338
[e027 s0800/1030] loss = 0.000326
[e027 s0850/1030] loss = 0.000338
[e027 s0900/1030] loss = 0.000382
[e027 s0950/1030] loss = 0.000396
[e027 s1000/1030] loss = 0.000397
-> saved adaptive_late_best.pth (MAE/GAME0 22.93)
Epoch 027: train_loss = 0.000389  MAE/GAME0 = 22.93  RMSE = 43.02  GAME1 = 7.10  GAME2 = 2.09  GAME3 = 0.61  lr = 1.00e-05  time = 47.8s
[e028 s0001/1030] loss = 0.000434
[e028 s0050/1030] loss = 0.000218
[e028 s0100/1030] loss = 0.000221
[e028 s0150/1030] loss = 0.000269
[e028 s0200/1030] loss = 0.000330
[e028 s0250/1030] loss = 0.000398
[e028 s0300/1030] loss = 0.000363
[e028 s0350/1030] loss = 0.000342
[e028 s0400/1030] loss = 0.000345
[e028 s0450/1030] loss = 0.000367
[e028 s0500/1030] loss = 0.000383
[e028 s0550/1030] loss = 0.000377
[e028 s0600/1030] loss = 0.000369
[e028 s0650/1030] loss = 0.000361
[e028 s0700/1030] loss = 0.000352
[e028 s0750/1030] loss = 0.000354
[e028 s0800/1030] loss = 0.000344
[e028 s0850/1030] loss = 0.000340
[e028 s0900/1030] loss = 0.000334
[e028 s0950/1030] loss = 0.000339
[e028 s1000/1030] loss = 0.000337
Epoch 028: train_loss = 0.000353  MAE/GAME0 = 25.52  RMSE = 40.35  GAME1 = 7.71  GAME2 = 2.24  GAME3 = 0.66  lr = 1.00e-05  time = 47.8s
[e029 s0001/1030] loss = 0.000043
[e029 s0050/1030] loss = 0.000299
[e029 s0100/1030] loss = 0.000373
[e029 s0150/1030] loss = 0.000371
[e029 s0200/1030] loss = 0.000335
[e029 s0250/1030] loss = 0.000311
[e029 s0300/1030] loss = 0.000373
[e029 s0350/1030] loss = 0.000393
[e029 s0400/1030] loss = 0.000408
[e029 s0450/1030] loss = 0.000415
[e029 s0500/1030] loss = 0.000428
[e029 s0550/1030] loss = 0.000414
[e029 s0600/1030] loss = 0.000449
[e029 s0650/1030] loss = 0.000436
[e029 s0700/1030] loss = 0.000467
[e029 s0750/1030] loss = 0.000460
[e029 s0800/1030] loss = 0.000451
[e029 s0850/1030] loss = 0.000441
[e029 s0900/1030] loss = 0.000440
[e029 s0950/1030] loss = 0.000433
[e029 s1000/1030] loss = 0.000447
-> saved adaptive_late_best.pth (MAE/GAME0 22.41)
Epoch 029: train_loss = 0.000445  MAE/GAME0 = 22.41  RMSE = 39.46  GAME1 = 6.89  GAME2 = 2.02  GAME3 = 0.61  lr = 1.00e-05  time = 48.3s
[e030 s0001/1030] loss = 0.001459
[e030 s0050/1030] loss = 0.000204
[e030 s0100/1030] loss = 0.000199
[e030 s0150/1030] loss = 0.000192
[e030 s0200/1030] loss = 0.000179
[e030 s0250/1030] loss = 0.000214
[e030 s0300/1030] loss = 0.000221
[e030 s0350/1030] loss = 0.000249
[e030 s0400/1030] loss = 0.000285
[e030 s0450/1030] loss = 0.000332
[e030 s0500/1030] loss = 0.000378
[e030 s0550/1030] loss = 0.000463
[e030 s0600/1030] loss = 0.000471
[e030 s0650/1030] loss = 0.000466
[e030 s0700/1030] loss = 0.000440
[e030 s0750/1030] loss = 0.000432
[e030 s0800/1030] loss = 0.000423
[e030 s0850/1030] loss = 0.000412
[e030 s0900/1030] loss = 0.000410
[e030 s0950/1030] loss = 0.000409
[e030 s1000/1030] loss = 0.000414
Epoch 030: train_loss = 0.000413  MAE/GAME0 = 24.61  RMSE = 44.55  GAME1 = 7.26  GAME2 = 2.07  GAME3 = 0.60  lr = 1.00e-05  time = 53.3s
[e031 s0001/1030] loss = 0.000000
[e031 s0050/1030] loss = 0.000235
[e031 s0100/1030] loss = 0.000270
[e031 s0150/1030] loss = 0.000533
[e031 s0200/1030] loss = 0.000485
[e031 s0250/1030] loss = 0.000584
[e031 s0300/1030] loss = 0.000541
[e031 s0350/1030] loss = 0.000503
[e031 s0400/1030] loss = 0.000469
[e031 s0450/1030] loss = 0.000470
[e031 s0500/1030] loss = 0.000469
[e031 s0550/1030] loss = 0.000449
[e031 s0600/1030] loss = 0.000426
[e031 s0650/1030] loss = 0.000530
[e031 s0700/1030] loss = 0.000508
[e031 s0750/1030] loss = 0.000526
[e031 s0800/1030] loss = 0.000515
[e031 s0850/1030] loss = 0.000494
[e031 s0900/1030] loss = 0.000500
[e031 s0950/1030] loss = 0.000483
[e031 s1000/1030] loss = 0.000489
Epoch 031: train_loss = 0.000483  MAE/GAME0 = 24.89  RMSE = 47.67  GAME1 = 7.31  GAME2 = 2.09  GAME3 = 0.60  lr = 1.00e-05  time = 49.3s
[e032 s0001/1030] loss = 0.000054
[e032 s0050/1030] loss = 0.002592
[e032 s0100/1030] loss = 0.001684
[e032 s0150/1030] loss = 0.001242
[e032 s0200/1030] loss = 0.001011
[e032 s0250/1030] loss = 0.000885
[e032 s0300/1030] loss = 0.000781
[e032 s0350/1030] loss = 0.000716
[e032 s0400/1030] loss = 0.000669
[e032 s0450/1030] loss = 0.000611
[e032 s0500/1030] loss = 0.000592
[e032 s0550/1030] loss = 0.000558
[e032 s0600/1030] loss = 0.000545
[e032 s0650/1030] loss = 0.000532
[e032 s0700/1030] loss = 0.000517
[e032 s0750/1030] loss = 0.000510
[e032 s0800/1030] loss = 0.000493
[e032 s0850/1030] loss = 0.000497
[e032 s0900/1030] loss = 0.000481
[e032 s0950/1030] loss = 0.000468
[e032 s1000/1030] loss = 0.000456
Epoch 032: train_loss = 0.000454  MAE/GAME0 = 22.97  RMSE = 42.08  GAME1 = 6.98  GAME2 = 2.05  GAME3 = 0.60  lr = 1.00e-05  time = 48.5s
[e033 s0001/1030] loss = 0.000001
[e033 s0050/1030] loss = 0.000355
[e033 s0100/1030] loss = 0.000302
[e033 s0150/1030] loss = 0.000306
[e033 s0200/1030] loss = 0.000305
[e033 s0250/1030] loss = 0.000336
[e033 s0300/1030] loss = 0.000345
[e033 s0350/1030] loss = 0.000329
[e033 s0400/1030] loss = 0.000310
[e033 s0450/1030] loss = 0.000320
[e033 s0500/1030] loss = 0.000335
[e033 s0550/1030] loss = 0.000341
[e033 s0600/1030] loss = 0.000341
[e033 s0650/1030] loss = 0.000354
[e033 s0700/1030] loss = 0.000401
[e033 s0750/1030] loss = 0.000386
[e033 s0800/1030] loss = 0.000372
[e033 s0850/1030] loss = 0.000366
[e033 s0900/1030] loss = 0.000400
[e033 s0950/1030] loss = 0.000394
[e033 s1000/1030] loss = 0.000383
Epoch 033: train_loss = 0.000384  MAE/GAME0 = 55.51  RMSE = 64.19  GAME1 = 14.54  GAME2 = 3.84  GAME3 = 1.03  lr = 1.00e-05  time = 46.7s
[e034 s0001/1030] loss = 0.000200
[e034 s0050/1030] loss = 0.000393
[e034 s0100/1030] loss = 0.000311
[e034 s0150/1030] loss = 0.000378
[e034 s0200/1030] loss = 0.000378
[e034 s0250/1030] loss = 0.000397
[e034 s0300/1030] loss = 0.000370
[e034 s0350/1030] loss = 0.000367
[e034 s0400/1030] loss = 0.000353
[e034 s0450/1030] loss = 0.000400
[e034 s0500/1030] loss = 0.000445
[e034 s0550/1030] loss = 0.000619
[e034 s0600/1030] loss = 0.000597
[e034 s0650/1030] loss = 0.000598
[e034 s0700/1030] loss = 0.000584
[e034 s0750/1030] loss = 0.000572
[e034 s0800/1030] loss = 0.000549
[e034 s0850/1030] loss = 0.000525
[e034 s0900/1030] loss = 0.000510
[e034 s0950/1030] loss = 0.000502
[e034 s1000/1030] loss = 0.000497
Epoch 034: train_loss = 0.000489  MAE/GAME0 = 42.59  RMSE = 52.47  GAME1 = 11.46  GAME2 = 3.10  GAME3 = 0.86  lr = 1.00e-05  time = 47.9s
[e035 s0001/1030] loss = 0.000022
[e035 s0050/1030] loss = 0.000371
[e035 s0100/1030] loss = 0.000453
[e035 s0150/1030] loss = 0.000431
[e035 s0200/1030] loss = 0.000446
[e035 s0250/1030] loss = 0.000405
[e035 s0300/1030] loss = 0.000423
[e035 s0350/1030] loss = 0.000420
[e035 s0400/1030] loss = 0.000392
[e035 s0450/1030] loss = 0.000366
[e035 s0500/1030] loss = 0.000355
[e035 s0550/1030] loss = 0.000338
[e035 s0600/1030] loss = 0.000389
[e035 s0650/1030] loss = 0.000387
[e035 s0700/1030] loss = 0.000445
[e035 s0750/1030] loss = 0.000434
[e035 s0800/1030] loss = 0.000445
[e035 s0850/1030] loss = 0.000439
[e035 s0900/1030] loss = 0.000443
[e035 s0950/1030] loss = 0.000434
[e035 s1000/1030] loss = 0.000432
Epoch 035: train_loss = 0.000424  MAE/GAME0 = 25.11  RMSE = 48.62  GAME1 = 7.85  GAME2 = 2.26  GAME3 = 0.66  lr = 1.00e-05  time = 47.8s
[e036 s0001/1030] loss = 0.000051
[e036 s0050/1030] loss = 0.000321
[e036 s0100/1030] loss = 0.000215
[e036 s0150/1030] loss = 0.000222
[e036 s0200/1030] loss = 0.000414
[e036 s0250/1030] loss = 0.000371
[e036 s0300/1030] loss = 0.000395
[e036 s0350/1030] loss = 0.000425
[e036 s0400/1030] loss = 0.000410
[e036 s0450/1030] loss = 0.000401
[e036 s0500/1030] loss = 0.000393
[e036 s0550/1030] loss = 0.000379
[e036 s0600/1030] loss = 0.000383
[e036 s0650/1030] loss = 0.000381
[e036 s0700/1030] loss = 0.000380
[e036 s0750/1030] loss = 0.000379
[e036 s0800/1030] loss = 0.000366
[e036 s0850/1030] loss = 0.000370
[e036 s0900/1030] loss = 0.000364
[e036 s0950/1030] loss = 0.000360
[e036 s1000/1030] loss = 0.000359
Epoch 036: train_loss = 0.000352  MAE/GAME0 = 22.96  RMSE = 43.95  GAME1 = 6.86  GAME2 = 1.97  GAME3 = 0.58  lr = 1.00e-05  time = 57.0s
[e037 s0001/1030] loss = 0.000323
[e037 s0050/1030] loss = 0.000688
[e037 s0100/1030] loss = 0.000486
[e037 s0150/1030] loss = 0.000484
[e037 s0200/1030] loss = 0.000420
[e037 s0250/1030] loss = 0.000375
[e037 s0300/1030] loss = 0.000388
[e037 s0350/1030] loss = 0.000380
[e037 s0400/1030] loss = 0.000379
[e037 s0450/1030] loss = 0.000357
[e037 s0500/1030] loss = 0.000359
[e037 s0550/1030] loss = 0.000350
[e037 s0600/1030] loss = 0.000348
[e037 s0650/1030] loss = 0.000365
[e037 s0700/1030] loss = 0.000365
[e037 s0750/1030] loss = 0.000350
[e037 s0800/1030] loss = 0.000359
[e037 s0850/1030] loss = 0.000378
[e037 s0900/1030] loss = 0.000505
[e037 s0950/1030] loss = 0.000496
[e037 s1000/1030] loss = 0.000486
Epoch 037: train_loss = 0.000489  MAE/GAME0 = 58.15  RMSE = 70.65  GAME1 = 15.60  GAME2 = 4.21  GAME3 = 1.13  lr = 1.00e-05  time = 48.4s
[e038 s0001/1030] loss = 0.000581
[e038 s0050/1030] loss = 0.000596
[e038 s0100/1030] loss = 0.000399
[e038 s0150/1030] loss = 0.000311
[e038 s0200/1030] loss = 0.000311
[e038 s0250/1030] loss = 0.000300
[e038 s0300/1030] loss = 0.000484
[e038 s0350/1030] loss = 0.000531
[e038 s0400/1030] loss = 0.000502
[e038 s0450/1030] loss = 0.000468
[e038 s0500/1030] loss = 0.000460
[e038 s0550/1030] loss = 0.000442
[e038 s0600/1030] loss = 0.000418
[e038 s0650/1030] loss = 0.000434
[e038 s0700/1030] loss = 0.000426
[e038 s0750/1030] loss = 0.000407
[e038 s0800/1030] loss = 0.000413
[e038 s0850/1030] loss = 0.000406
[e038 s0900/1030] loss = 0.000391
[e038 s0950/1030] loss = 0.000390
[e038 s1000/1030] loss = 0.000398
Epoch 038: train_loss = 0.000394  MAE/GAME0 = 23.76  RMSE = 44.00  GAME1 = 7.28  GAME2 = 2.15  GAME3 = 0.64  lr = 1.00e-05  time = 47.9s
[e039 s0001/1030] loss = 0.000001
[e039 s0050/1030] loss = 0.000164
[e039 s0100/1030] loss = 0.000181
[e039 s0150/1030] loss = 0.000218
[e039 s0200/1030] loss = 0.000207
[e039 s0250/1030] loss = 0.000213
[e039 s0300/1030] loss = 0.000204
[e039 s0350/1030] loss = 0.000199
[e039 s0400/1030] loss = 0.000215
[e039 s0450/1030] loss = 0.000204
[e039 s0500/1030] loss = 0.000207
[e039 s0550/1030] loss = 0.000212
[e039 s0600/1030] loss = 0.000205
[e039 s0650/1030] loss = 0.000202
[e039 s0700/1030] loss = 0.000199
[e039 s0750/1030] loss = 0.000201
[e039 s0800/1030] loss = 0.000212
[e039 s0850/1030] loss = 0.000225
[e039 s0900/1030] loss = 0.000234
[e039 s0950/1030] loss = 0.000238
[e039 s1000/1030] loss = 0.000244
Epoch 039: train_loss = 0.000242  MAE/GAME0 = 25.81  RMSE = 44.91  GAME1 = 7.62  GAME2 = 2.14  GAME3 = 0.62  lr = 1.00e-05  time = 46.6s
[e040 s0001/1030] loss = 0.002201
[e040 s0050/1030] loss = 0.000244
[e040 s0100/1030] loss = 0.000199
[e040 s0150/1030] loss = 0.000186
[e040 s0200/1030] loss = 0.000416
[e040 s0250/1030] loss = 0.000357
[e040 s0300/1030] loss = 0.000399
[e040 s0350/1030] loss = 0.000376
[e040 s0400/1030] loss = 0.000374
[e040 s0450/1030] loss = 0.000364
[e040 s0500/1030] loss = 0.000357
[e040 s0550/1030] loss = 0.000347
[e040 s0600/1030] loss = 0.000332
[e040 s0650/1030] loss = 0.000330
[e040 s0700/1030] loss = 0.000332
[e040 s0750/1030] loss = 0.000321
[e040 s0800/1030] loss = 0.000320
[e040 s0850/1030] loss = 0.000320
[e040 s0900/1030] loss = 0.000329
[e040 s0950/1030] loss = 0.000321
[e040 s1000/1030] loss = 0.000328
Epoch 040: train_loss = 0.000338  MAE/GAME0 = 29.81  RMSE = 45.95  GAME1 = 8.61  GAME2 = 2.43  GAME3 = 0.71  lr = 1.00e-05  time = 46.6s
[e041 s0001/1030] loss = 0.000002
[e041 s0050/1030] loss = 0.000178
[e041 s0100/1030] loss = 0.000170
[e041 s0150/1030] loss = 0.000212
[e041 s0200/1030] loss = 0.000223
[e041 s0250/1030] loss = 0.000256
[e041 s0300/1030] loss = 0.000241
[e041 s0350/1030] loss = 0.000233
[e041 s0400/1030] loss = 0.000310
[e041 s0450/1030] loss = 0.000358
[e041 s0500/1030] loss = 0.000451
[e041 s0550/1030] loss = 0.000449
[e041 s0600/1030] loss = 0.000432
[e041 s0650/1030] loss = 0.000412
[e041 s0700/1030] loss = 0.000421
[e041 s0750/1030] loss = 0.000411
[e041 s0800/1030] loss = 0.000408
[e041 s0850/1030] loss = 0.000407
[e041 s0900/1030] loss = 0.000409
[e041 s0950/1030] loss = 0.000421
[e041 s1000/1030] loss = 0.000427
Epoch 041: train_loss = 0.000420  MAE/GAME0 = 26.77  RMSE = 46.28  GAME1 = 7.84  GAME2 = 2.21  GAME3 = 0.64  lr = 1.00e-05  time = 48.1s
[e042 s0001/1030] loss = 0.000191
[e042 s0050/1030] loss = 0.000405
[e042 s0100/1030] loss = 0.000372
[e042 s0150/1030] loss = 0.000343
[e042 s0200/1030] loss = 0.000365
[e042 s0250/1030] loss = 0.000358
[e042 s0300/1030] loss = 0.000340
[e042 s0350/1030] loss = 0.000314
[e042 s0400/1030] loss = 0.000384
[e042 s0450/1030] loss = 0.000362
[e042 s0500/1030] loss = 0.000351
[e042 s0550/1030] loss = 0.000349
[e042 s0600/1030] loss = 0.000333
[e042 s0650/1030] loss = 0.000328
[e042 s0700/1030] loss = 0.000326
[e042 s0750/1030] loss = 0.000324
[e042 s0800/1030] loss = 0.000345
[e042 s0850/1030] loss = 0.000402
[e042 s0900/1030] loss = 0.000397
[e042 s0950/1030] loss = 0.000386
[e042 s1000/1030] loss = 0.000375
Epoch 042: train_loss = 0.000370  MAE/GAME0 = 24.39  RMSE = 48.52  GAME1 = 7.26  GAME2 = 2.09  GAME3 = 0.61  lr = 1.00e-05  time = 48.7s
[e043 s0001/1030] loss = 0.000264
[e043 s0050/1030] loss = 0.000347
[e043 s0100/1030] loss = 0.000226
[e043 s0150/1030] loss = 0.000259
[e043 s0200/1030] loss = 0.000292
[e043 s0250/1030] loss = 0.000302
[e043 s0300/1030] loss = 0.000278
[e043 s0350/1030] loss = 0.000283
[e043 s0400/1030] loss = 0.000320
[e043 s0450/1030] loss = 0.000324
[e043 s0500/1030] loss = 0.000379
[e043 s0550/1030] loss = 0.000515
[e043 s0600/1030] loss = 0.000630
[e043 s0650/1030] loss = 0.000609
[e043 s0700/1030] loss = 0.000587
[e043 s0750/1030] loss = 0.000567
[e043 s0800/1030] loss = 0.000541
[e043 s0850/1030] loss = 0.000526
[e043 s0900/1030] loss = 0.000511
[e043 s0950/1030] loss = 0.000494
[e043 s1000/1030] loss = 0.000483
Epoch 043: train_loss = 0.000475  MAE/GAME0 = 25.01  RMSE = 47.08  GAME1 = 7.60  GAME2 = 2.17  GAME3 = 0.63  lr = 1.00e-05  time = 48.2s
[e044 s0001/1030] loss = 0.000001
[e044 s0050/1030] loss = 0.000462
[e044 s0100/1030] loss = 0.000352
[e044 s0150/1030] loss = 0.000331
[e044 s0200/1030] loss = 0.000328
[e044 s0250/1030] loss = 0.000413
[e044 s0300/1030] loss = 0.000389
[e044 s0350/1030] loss = 0.000361
[e044 s0400/1030] loss = 0.000397
[e044 s0450/1030] loss = 0.000415
[e044 s0500/1030] loss = 0.000436
[e044 s0550/1030] loss = 0.000435
[e044 s0600/1030] loss = 0.000418
[e044 s0650/1030] loss = 0.000414
[e044 s0700/1030] loss = 0.000404
[e044 s0750/1030] loss = 0.000400
[e044 s0800/1030] loss = 0.000390
[e044 s0850/1030] loss = 0.000422
[e044 s0900/1030] loss = 0.000418
[e044 s0950/1030] loss = 0.000420
[e044 s1000/1030] loss = 0.000407
Epoch 044: train_loss = 0.000408  MAE/GAME0 = 28.20  RMSE = 48.00  GAME1 = 8.22  GAME2 = 2.32  GAME3 = 0.68  lr = 1.00e-05  time = 49.2s
[e045 s0001/1030] loss = 0.000001
[e045 s0050/1030] loss = 0.000192
[e045 s0100/1030] loss = 0.000297
[e045 s0150/1030] loss = 0.000362
[e045 s0200/1030] loss = 0.000755
[e045 s0250/1030] loss = 0.000638
[e045 s0300/1030] loss = 0.000597
[e045 s0350/1030] loss = 0.000539
[e045 s0400/1030] loss = 0.000507
[e045 s0450/1030] loss = 0.000471
[e045 s0500/1030] loss = 0.000448
[e045 s0550/1030] loss = 0.000431
[e045 s0600/1030] loss = 0.000431
[e045 s0650/1030] loss = 0.000428
[e045 s0700/1030] loss = 0.000410
[e045 s0750/1030] loss = 0.000408
[e045 s0800/1030] loss = 0.000393
[e045 s0850/1030] loss = 0.000390
[e045 s0900/1030] loss = 0.000388
[e045 s0950/1030] loss = 0.000377
[e045 s1000/1030] loss = 0.000374
Epoch 045: train_loss = 0.000375  MAE/GAME0 = 25.12  RMSE = 48.98  GAME1 = 7.69  GAME2 = 2.21  GAME3 = 0.64  lr = 1.00e-05  time = 47.9s
[e046 s0001/1030] loss = 0.000158
[e046 s0050/1030] loss = 0.001287
[e046 s0100/1030] loss = 0.000774
[e046 s0150/1030] loss = 0.000591
[e046 s0200/1030] loss = 0.000490
[e046 s0250/1030] loss = 0.000815
[e046 s0300/1030] loss = 0.000725
[e046 s0350/1030] loss = 0.000657
[e046 s0400/1030] loss = 0.000598
[e046 s0450/1030] loss = 0.000566
[e046 s0500/1030] loss = 0.000560
[e046 s0550/1030] loss = 0.000545
[e046 s0600/1030] loss = 0.000528
[e046 s0650/1030] loss = 0.000529
[e046 s0700/1030] loss = 0.000509
[e046 s0750/1030] loss = 0.000500
[e046 s0800/1030] loss = 0.000484
[e046 s0850/1030] loss = 0.000468
[e046 s0900/1030] loss = 0.000508
[e046 s0950/1030] loss = 0.000510
[e046 s1000/1030] loss = 0.000503
Epoch 046: train_loss = 0.000498  MAE/GAME0 = 33.08  RMSE = 54.16  GAME1 = 8.90  GAME2 = 2.41  GAME3 = 0.66  lr = 1.00e-05  time = 47.4s
[e047 s0001/1030] loss = 0.000225
[e047 s0050/1030] loss = 0.000518
[e047 s0100/1030] loss = 0.000412
[e047 s0150/1030] loss = 0.000360
[e047 s0200/1030] loss = 0.000324
[e047 s0250/1030] loss = 0.000335
[e047 s0300/1030] loss = 0.000333
[e047 s0350/1030] loss = 0.000321
[e047 s0400/1030] loss = 0.000323
[e047 s0450/1030] loss = 0.000316
[e047 s0500/1030] loss = 0.000416
[e047 s0550/1030] loss = 0.000408
[e047 s0600/1030] loss = 0.000405
[e047 s0650/1030] loss = 0.000405
[e047 s0700/1030] loss = 0.000400
[e047 s0750/1030] loss = 0.000392
[e047 s0800/1030] loss = 0.000391
[e047 s0850/1030] loss = 0.000379
[e047 s0900/1030] loss = 0.000375
[e047 s0950/1030] loss = 0.000368
[e047 s1000/1030] loss = 0.000359
Epoch 047: train_loss = 0.000357  MAE/GAME0 = 25.90  RMSE = 48.31  GAME1 = 7.38  GAME2 = 2.10  GAME3 = 0.60  lr = 1.00e-05  time = 48.0s
[e048 s0001/1030] loss = 0.000287
[e048 s0050/1030] loss = 0.000481
[e048 s0100/1030] loss = 0.000315
[e048 s0150/1030] loss = 0.000387
[e048 s0200/1030] loss = 0.000370
[e048 s0250/1030] loss = 0.000360
[e048 s0300/1030] loss = 0.000325
[e048 s0350/1030] loss = 0.000330
[e048 s0400/1030] loss = 0.000349
[e048 s0450/1030] loss = 0.000340
[e048 s0500/1030] loss = 0.000328
[e048 s0550/1030] loss = 0.000325
[e048 s0600/1030] loss = 0.000310
[e048 s0650/1030] loss = 0.000302
[e048 s0700/1030] loss = 0.000296
[e048 s0750/1030] loss = 0.000314
[e048 s0800/1030] loss = 0.000307
[e048 s0850/1030] loss = 0.000328
[e048 s0900/1030] loss = 0.000334
[e048 s0950/1030] loss = 0.000351
[e048 s1000/1030] loss = 0.000353
Epoch 048: train_loss = 0.000354  MAE/GAME0 = 29.91  RMSE = 53.38  GAME1 = 8.41  GAME2 = 2.34  GAME3 = 0.65  lr = 1.00e-05  time = 48.4s
[e049 s0001/1030] loss = 0.000243
[e049 s0050/1030] loss = 0.000257
[e049 s0100/1030] loss = 0.000294
[e049 s0150/1030] loss = 0.000323
[e049 s0200/1030] loss = 0.000293
[e049 s0250/1030] loss = 0.000286
[e049 s0300/1030] loss = 0.000295
[e049 s0350/1030] loss = 0.000332
[e049 s0400/1030] loss = 0.000316
[e049 s0450/1030] loss = 0.000317
[e049 s0500/1030] loss = 0.000318
[e049 s0550/1030] loss = 0.000353
[e049 s0600/1030] loss = 0.000343
[e049 s0650/1030] loss = 0.000328
[e049 s0700/1030] loss = 0.000322
[e049 s0750/1030] loss = 0.000325
[e049 s0800/1030] loss = 0.000323
[e049 s0850/1030] loss = 0.000325
[e049 s0900/1030] loss = 0.000322
[e049 s0950/1030] loss = 0.000324
[e049 s1000/1030] loss = 0.000327
Epoch 049: train_loss = 0.000325  MAE/GAME0 = 25.61  RMSE = 46.92  GAME1 = 7.68  GAME2 = 2.23  GAME3 = 0.66  lr = 1.00e-05  time = 48.4s
[e050 s0001/1030] loss = 0.000084
[e050 s0050/1030] loss = 0.000110
[e050 s0100/1030] loss = 0.000163
[e050 s0150/1030] loss = 0.000264
[e050 s0200/1030] loss = 0.000255
[e050 s0250/1030] loss = 0.000279
[e050 s0300/1030] loss = 0.000310
[e050 s0350/1030] loss = 0.000305
[e050 s0400/1030] loss = 0.000292
[e050 s0450/1030] loss = 0.000385
[e050 s0500/1030] loss = 0.000387
[e050 s0550/1030] loss = 0.000376
[e050 s0600/1030] loss = 0.000367
[e050 s0650/1030] loss = 0.000359
[e050 s0700/1030] loss = 0.000342
[e050 s0750/1030] loss = 0.000335
[e050 s0800/1030] loss = 0.000333
[e050 s0850/1030] loss = 0.000324
[e050 s0900/1030] loss = 0.000321
[e050 s0950/1030] loss = 0.000326
[e050 s1000/1030] loss = 0.000321
Epoch 050: train_loss = 0.000353  MAE/GAME0 = 45.02  RMSE = 58.80  GAME1 = 12.30  GAME2 = 3.36  GAME3 = 0.92  lr = 1.00e-05  time = 49.2s
[e051 s0001/1030] loss = 0.000223
[e051 s0050/1030] loss = 0.000463
[e051 s0100/1030] loss = 0.000276
[e051 s0150/1030] loss = 0.000325
[e051 s0200/1030] loss = 0.000360
[e051 s0250/1030] loss = 0.000429
[e051 s0300/1030] loss = 0.000418
[e051 s0350/1030] loss = 0.000406
[e051 s0400/1030] loss = 0.000428
[e051 s0450/1030] loss = 0.000580
[e051 s0500/1030] loss = 0.000542
[e051 s0550/1030] loss = 0.000507
[e051 s0600/1030] loss = 0.000548
[e051 s0650/1030] loss = 0.000544
[e051 s0700/1030] loss = 0.000517
[e051 s0750/1030] loss = 0.000500
[e051 s0800/1030] loss = 0.000486
[e051 s0850/1030] loss = 0.000471
[e051 s0900/1030] loss = 0.000453
[e051 s0950/1030] loss = 0.000441
[e051 s1000/1030] loss = 0.000456
Epoch 051: train_loss = 0.000453  MAE/GAME0 = 29.60  RMSE = 48.39  GAME1 = 8.12  GAME2 = 2.23  GAME3 = 0.62  lr = 1.00e-05  time = 48.1s
[e052 s0001/1030] loss = 0.001962
[e052 s0050/1030] loss = 0.000552
[e052 s0100/1030] loss = 0.000478
[e052 s0150/1030] loss = 0.000400
[e052 s0200/1030] loss = 0.000348
[e052 s0250/1030] loss = 0.000350
[e052 s0300/1030] loss = 0.000362
[e052 s0350/1030] loss = 0.000351
[e052 s0400/1030] loss = 0.000434
[e052 s0450/1030] loss = 0.000448
[e052 s0500/1030] loss = 0.000452
[e052 s0550/1030] loss = 0.000434
[e052 s0600/1030] loss = 0.000441
[e052 s0650/1030] loss = 0.000431
[e052 s0700/1030] loss = 0.000418
[e052 s0750/1030] loss = 0.000414
[e052 s0800/1030] loss = 0.000404
[e052 s0850/1030] loss = 0.000389
[e052 s0900/1030] loss = 0.000383
[e052 s0950/1030] loss = 0.000412
[e052 s1000/1030] loss = 0.000427
Epoch 052: train_loss = 0.000426  MAE/GAME0 = 25.39  RMSE = 41.14  GAME1 = 7.90  GAME2 = 2.34  GAME3 = 0.69  lr = 1.00e-05  time = 48.6s
[e053 s0001/1030] loss = 0.000097
[e053 s0050/1030] loss = 0.001859
[e053 s0100/1030] loss = 0.001127
[e053 s0150/1030] loss = 0.000837
[e053 s0200/1030] loss = 0.000753
[e053 s0250/1030] loss = 0.000626
[e053 s0300/1030] loss = 0.000562
[e053 s0350/1030] loss = 0.000509
[e053 s0400/1030] loss = 0.000506
[e053 s0450/1030] loss = 0.000476
[e053 s0500/1030] loss = 0.000452
[e053 s0550/1030] loss = 0.000501
[e053 s0600/1030] loss = 0.000512
[e053 s0650/1030] loss = 0.000519
[e053 s0700/1030] loss = 0.000492
[e053 s0750/1030] loss = 0.000479
[e053 s0800/1030] loss = 0.000475
[e053 s0850/1030] loss = 0.000461
[e053 s0900/1030] loss = 0.000446
[e053 s0950/1030] loss = 0.000446
[e053 s1000/1030] loss = 0.000443
Epoch 053: train_loss = 0.000435  MAE/GAME0 = 23.64  RMSE = 42.60  GAME1 = 7.18  GAME2 = 2.11  GAME3 = 0.61  lr = 1.00e-05  time = 50.5s
[e054 s0001/1030] loss = 0.000000
[e054 s0050/1030] loss = 0.000219
[e054 s0100/1030] loss = 0.000242
[e054 s0150/1030] loss = 0.000806
[e054 s0200/1030] loss = 0.000690
[e054 s0250/1030] loss = 0.000602
[e054 s0300/1030] loss = 0.000586
[e054 s0350/1030] loss = 0.000552
[e054 s0400/1030] loss = 0.000546
[e054 s0450/1030] loss = 0.000549
[e054 s0500/1030] loss = 0.000516
[e054 s0550/1030] loss = 0.000492
[e054 s0600/1030] loss = 0.000464
[e054 s0650/1030] loss = 0.000459
[e054 s0700/1030] loss = 0.000444
[e054 s0750/1030] loss = 0.000510
[e054 s0800/1030] loss = 0.000490
[e054 s0850/1030] loss = 0.000479
[e054 s0900/1030] loss = 0.000470
[e054 s0950/1030] loss = 0.000453
[e054 s1000/1030] loss = 0.000447
Epoch 054: train_loss = 0.000445  MAE/GAME0 = 31.87  RMSE = 43.82  GAME1 = 9.17  GAME2 = 2.63  GAME3 = 0.77  lr = 1.00e-05  time = 48.6s
[e055 s0001/1030] loss = 0.000779
[e055 s0050/1030] loss = 0.000359
[e055 s0100/1030] loss = 0.000371
[e055 s0150/1030] loss = 0.000355
[e055 s0200/1030] loss = 0.000705
[e055 s0250/1030] loss = 0.000610
[e055 s0300/1030] loss = 0.000578
[e055 s0350/1030] loss = 0.000571
[e055 s0400/1030] loss = 0.000542
[e055 s0450/1030] loss = 0.000495
[e055 s0500/1030] loss = 0.000530
[e055 s0550/1030] loss = 0.000506
[e055 s0600/1030] loss = 0.000494
[e055 s0650/1030] loss = 0.000493
[e055 s0700/1030] loss = 0.000479
[e055 s0750/1030] loss = 0.000498
[e055 s0800/1030] loss = 0.000498
[e055 s0850/1030] loss = 0.000481
[e055 s0900/1030] loss = 0.000489
[e055 s0950/1030] loss = 0.000481
[e055 s1000/1030] loss = 0.000478
Epoch 055: train_loss = 0.000473  MAE/GAME0 = 36.89  RMSE = 48.38  GAME1 = 10.18  GAME2 = 2.83  GAME3 = 0.81  lr = 1.00e-05  time = 47.7s
[e056 s0001/1030] loss = 0.000453
[e056 s0050/1030] loss = 0.000379
[e056 s0100/1030] loss = 0.000336
[e056 s0150/1030] loss = 0.000299
[e056 s0200/1030] loss = 0.000281
[e056 s0250/1030] loss = 0.000272
[e056 s0300/1030] loss = 0.000257
[e056 s0350/1030] loss = 0.000275
[e056 s0400/1030] loss = 0.000296
[e056 s0450/1030] loss = 0.000299
[e056 s0500/1030] loss = 0.000302
[e056 s0550/1030] loss = 0.000301
[e056 s0600/1030] loss = 0.000293
[e056 s0650/1030] loss = 0.000288
[e056 s0700/1030] loss = 0.000301
[e056 s0750/1030] loss = 0.000303
[e056 s0800/1030] loss = 0.000302
[e056 s0850/1030] loss = 0.000300
[e056 s0900/1030] loss = 0.000292
[e056 s0950/1030] loss = 0.000284
[e056 s1000/1030] loss = 0.000283
Epoch 056: train_loss = 0.000279  MAE/GAME0 = 24.67  RMSE = 46.60  GAME1 = 7.27  GAME2 = 2.06  GAME3 = 0.60  lr = 1.00e-05  time = 47.6s
[e057 s0001/1030] loss = 0.000002
[e057 s0050/1030] loss = 0.000533
[e057 s0100/1030] loss = 0.000440
[e057 s0150/1030] loss = 0.000343
[e057 s0200/1030] loss = 0.000335
[e057 s0250/1030] loss = 0.000300
[e057 s0300/1030] loss = 0.000610
[e057 s0350/1030] loss = 0.000632
[e057 s0400/1030] loss = 0.000632
[e057 s0450/1030] loss = 0.000595
[e057 s0500/1030] loss = 0.000564
[e057 s0550/1030] loss = 0.000526
[e057 s0600/1030] loss = 0.000553
[e057 s0650/1030] loss = 0.000545
[e057 s0700/1030] loss = 0.000517
[e057 s0750/1030] loss = 0.000498
[e057 s0800/1030] loss = 0.000486
[e057 s0850/1030] loss = 0.000475
[e057 s0900/1030] loss = 0.000462
[e057 s0950/1030] loss = 0.000456
[e057 s1000/1030] loss = 0.000450
Epoch 057: train_loss = 0.000445  MAE/GAME0 = 26.71  RMSE = 46.67  GAME1 = 7.54  GAME2 = 2.12  GAME3 = 0.60  lr = 1.00e-05  time = 47.4s
[e058 s0001/1030] loss = 0.000000
[e058 s0050/1030] loss = 0.001739
[e058 s0100/1030] loss = 0.001085
[e058 s0150/1030] loss = 0.000804
[e058 s0200/1030] loss = 0.000661
[e058 s0250/1030] loss = 0.000603
[e058 s0300/1030] loss = 0.000571
[e058 s0350/1030] loss = 0.000522
[e058 s0400/1030] loss = 0.000511
[e058 s0450/1030] loss = 0.000470
[e058 s0500/1030] loss = 0.000456
[e058 s0550/1030] loss = 0.000442
[e058 s0600/1030] loss = 0.000438
[e058 s0650/1030] loss = 0.000421
[e058 s0700/1030] loss = 0.000417
[e058 s0750/1030] loss = 0.000400
[e058 s0800/1030] loss = 0.000405
[e058 s0850/1030] loss = 0.000405
[e058 s0900/1030] loss = 0.000433
[e058 s0950/1030] loss = 0.000432
[e058 s1000/1030] loss = 0.000421
Epoch 058: train_loss = 0.000416  MAE/GAME0 = 26.73  RMSE = 42.27  GAME1 = 8.11  GAME2 = 2.34  GAME3 = 0.68  lr = 1.00e-05  time = 48.5s
[e059 s0001/1030] loss = 0.000515
[e059 s0050/1030] loss = 0.000264
[e059 s0100/1030] loss = 0.000334
[e059 s0150/1030] loss = 0.000336
[e059 s0200/1030] loss = 0.000308
[e059 s0250/1030] loss = 0.000666
[e059 s0300/1030] loss = 0.000645
[e059 s0350/1030] loss = 0.000588
[e059 s0400/1030] loss = 0.000564
[e059 s0450/1030] loss = 0.000527
[e059 s0500/1030] loss = 0.000509
[e059 s0550/1030] loss = 0.000478
[e059 s0600/1030] loss = 0.000486
[e059 s0650/1030] loss = 0.000491
[e059 s0700/1030] loss = 0.000468
[e059 s0750/1030] loss = 0.000463
[e059 s0800/1030] loss = 0.000483
[e059 s0850/1030] loss = 0.000470
[e059 s0900/1030] loss = 0.000467
[e059 s0950/1030] loss = 0.000459
[e059 s1000/1030] loss = 0.000447
Epoch 059: train_loss = 0.000439  MAE/GAME0 = 23.07  RMSE = 42.00  GAME1 = 6.95  GAME2 = 1.97  GAME3 = 0.58  lr = 1.00e-05  time = 48.2s
[e060 s0001/1030] loss = 0.000050
[e060 s0050/1030] loss = 0.000416
[e060 s0100/1030] loss = 0.000344
[e060 s0150/1030] loss = 0.000278
[e060 s0200/1030] loss = 0.000330
[e060 s0250/1030] loss = 0.000350
[e060 s0300/1030] loss = 0.000342
[e060 s0350/1030] loss = 0.000339
[e060 s0400/1030] loss = 0.000323
[e060 s0450/1030] loss = 0.000336
[e060 s0500/1030] loss = 0.000331
[e060 s0550/1030] loss = 0.000333
[e060 s0600/1030] loss = 0.000346
[e060 s0650/1030] loss = 0.000362
[e060 s0700/1030] loss = 0.000346
[e060 s0750/1030] loss = 0.000339
[e060 s0800/1030] loss = 0.000343
[e060 s0850/1030] loss = 0.000335
[e060 s0900/1030] loss = 0.000341
[e060 s0950/1030] loss = 0.000336
[e060 s1000/1030] loss = 0.000336
Epoch 060: train_loss = 0.000333  MAE/GAME0 = 25.14  RMSE = 42.17  GAME1 = 7.51  GAME2 = 2.14  GAME3 = 0.62  lr = 1.00e-05  time = 48.8s
[e061 s0001/1030] loss = 0.000122
[e061 s0050/1030] loss = 0.000173
[e061 s0100/1030] loss = 0.000219
[e061 s0150/1030] loss = 0.000232
[e061 s0200/1030] loss = 0.000236
[e061 s0250/1030] loss = 0.000237
[e061 s0300/1030] loss = 0.000232
[e061 s0350/1030] loss = 0.000253
[e061 s0400/1030] loss = 0.000290
[e061 s0450/1030] loss = 0.000289
[e061 s0500/1030] loss = 0.000280
[e061 s0550/1030] loss = 0.000363
[e061 s0600/1030] loss = 0.000362
[e061 s0650/1030] loss = 0.000450
[e061 s0700/1030] loss = 0.000450
[e061 s0750/1030] loss = 0.000431
[e061 s0800/1030] loss = 0.000415
[e061 s0850/1030] loss = 0.000410
[e061 s0900/1030] loss = 0.000399
[e061 s0950/1030] loss = 0.000408
[e061 s1000/1030] loss = 0.000416
Epoch 061: train_loss = 0.000408  MAE/GAME0 = 26.39  RMSE = 48.54  GAME1 = 7.52  GAME2 = 2.12  GAME3 = 0.61  lr = 1.00e-05  time = 48.1s
[e062 s0001/1030] loss = 0.000000
[e062 s0050/1030] loss = 0.000263
[e062 s0100/1030] loss = 0.000315
[e062 s0150/1030] loss = 0.000343
[e062 s0200/1030] loss = 0.000399
[e062 s0250/1030] loss = 0.000375
[e062 s0300/1030] loss = 0.000391
[e062 s0350/1030] loss = 0.000363
[e062 s0400/1030] loss = 0.000352
[e062 s0450/1030] loss = 0.000339
[e062 s0500/1030] loss = 0.000337
[e062 s0550/1030] loss = 0.000330
[e062 s0600/1030] loss = 0.000329
[e062 s0650/1030] loss = 0.000334
[e062 s0700/1030] loss = 0.000336
[e062 s0750/1030] loss = 0.000324
[e062 s0800/1030] loss = 0.000313
[e062 s0850/1030] loss = 0.000325
[e062 s0900/1030] loss = 0.000346
[e062 s0950/1030] loss = 0.000371
[e062 s1000/1030] loss = 0.000379
Epoch 062: train_loss = 0.000372  MAE/GAME0 = 23.99  RMSE = 47.64  GAME1 = 7.68  GAME2 = 2.29  GAME3 = 0.67  lr = 1.00e-05  time = 50.2s
[e063 s0001/1030] loss = 0.000012
[e063 s0050/1030] loss = 0.000465
[e063 s0100/1030] loss = 0.000527
[e063 s0150/1030] loss = 0.000422
[e063 s0200/1030] loss = 0.000390
[e063 s0250/1030] loss = 0.000343
[e063 s0300/1030] loss = 0.000376
[e063 s0350/1030] loss = 0.000357
[e063 s0400/1030] loss = 0.000331
[e063 s0450/1030] loss = 0.000355
[e063 s0500/1030] loss = 0.000333
[e063 s0550/1030] loss = 0.000338
[e063 s0600/1030] loss = 0.000416
[e063 s0650/1030] loss = 0.000400
[e063 s0700/1030] loss = 0.000387
[e063 s0750/1030] loss = 0.000370
[e063 s0800/1030] loss = 0.000448
[e063 s0850/1030] loss = 0.000440
[e063 s0900/1030] loss = 0.000429
[e063 s0950/1030] loss = 0.000429
[e063 s1000/1030] loss = 0.000415
Epoch 063: train_loss = 0.000406  MAE/GAME0 = 28.68  RMSE = 53.00  GAME1 = 7.93  GAME2 = 2.20  GAME3 = 0.62  lr = 1.00e-05  time = 51.5s
[e064 s0001/1030] loss = 0.000000
[e064 s0050/1030] loss = 0.000331
[e064 s0100/1030] loss = 0.000283
[e064 s0150/1030] loss = 0.000305
[e064 s0200/1030] loss = 0.000269
[e064 s0250/1030] loss = 0.000279
[e064 s0300/1030] loss = 0.000265
[e064 s0350/1030] loss = 0.000258
[e064 s0400/1030] loss = 0.000257
[e064 s0450/1030] loss = 0.000256
[e064 s0500/1030] loss = 0.000254
[e064 s0550/1030] loss = 0.000259
[e064 s0600/1030] loss = 0.000277
[e064 s0650/1030] loss = 0.000277
[e064 s0700/1030] loss = 0.000292
[e064 s0750/1030] loss = 0.000295
[e064 s0800/1030] loss = 0.000325
[e064 s0850/1030] loss = 0.000362
[e064 s0900/1030] loss = 0.000363
[e064 s0950/1030] loss = 0.000363
[e064 s1000/1030] loss = 0.000358
Epoch 064: train_loss = 0.000373  MAE/GAME0 = 34.46  RMSE = 48.26  GAME1 = 9.61  GAME2 = 2.67  GAME3 = 0.76  lr = 1.00e-05  time = 47.8s
[e065 s0001/1030] loss = 0.000046
[e065 s0050/1030] loss = 0.003281
[e065 s0100/1030] loss = 0.001840
[e065 s0150/1030] loss = 0.001338
[e065 s0200/1030] loss = 0.001114
[e065 s0250/1030] loss = 0.000956
[e065 s0300/1030] loss = 0.000836
[e065 s0350/1030] loss = 0.000747
[e065 s0400/1030] loss = 0.000692
[e065 s0450/1030] loss = 0.000644
[e065 s0500/1030] loss = 0.000604
[e065 s0550/1030] loss = 0.000577
[e065 s0600/1030] loss = 0.000560
[e065 s0650/1030] loss = 0.000532
[e065 s0700/1030] loss = 0.000507
[e065 s0750/1030] loss = 0.000532
[e065 s0800/1030] loss = 0.000523
[e065 s0850/1030] loss = 0.000515
[e065 s0900/1030] loss = 0.000495
[e065 s0950/1030] loss = 0.000484
[e065 s1000/1030] loss = 0.000470
Epoch 065: train_loss = 0.000463  MAE/GAME0 = 24.77  RMSE = 43.95  GAME1 = 7.31  GAME2 = 2.08  GAME3 = 0.61  lr = 1.00e-05  time = 47.7s
[e066 s0001/1030] loss = 0.000878
[e066 s0050/1030] loss = 0.000155
[e066 s0100/1030] loss = 0.000259
[e066 s0150/1030] loss = 0.000247
[e066 s0200/1030] loss = 0.000278
[e066 s0250/1030] loss = 0.000362
[e066 s0300/1030] loss = 0.000395
[e066 s0350/1030] loss = 0.000379
[e066 s0400/1030] loss = 0.000369
[e066 s0450/1030] loss = 0.000355
[e066 s0500/1030] loss = 0.000377
[e066 s0550/1030] loss = 0.000391
[e066 s0600/1030] loss = 0.000499
[e066 s0650/1030] loss = 0.000477
[e066 s0700/1030] loss = 0.000458
[e066 s0750/1030] loss = 0.000446
[e066 s0800/1030] loss = 0.000434
[e066 s0850/1030] loss = 0.000421
[e066 s0900/1030] loss = 0.000419
[e066 s0950/1030] loss = 0.000407
[e066 s1000/1030] loss = 0.000394
Epoch 066: train_loss = 0.000390  MAE/GAME0 = 29.20  RMSE = 44.15  GAME1 = 8.57  GAME2 = 2.47  GAME3 = 0.71  lr = 1.00e-05  time = 48.2s
[e067 s0001/1030] loss = 0.000157
[e067 s0050/1030] loss = 0.000372
[e067 s0100/1030] loss = 0.000283
[e067 s0150/1030] loss = 0.000253
[e067 s0200/1030] loss = 0.000567
[e067 s0250/1030] loss = 0.000508
[e067 s0300/1030] loss = 0.000460
[e067 s0350/1030] loss = 0.000440
[e067 s0400/1030] loss = 0.000409
[e067 s0450/1030] loss = 0.000403
[e067 s0500/1030] loss = 0.000385
[e067 s0550/1030] loss = 0.000386
[e067 s0600/1030] loss = 0.000490
[e067 s0650/1030] loss = 0.000521
[e067 s0700/1030] loss = 0.000495
[e067 s0750/1030] loss = 0.000492
[e067 s0800/1030] loss = 0.000472
[e067 s0850/1030] loss = 0.000476
[e067 s0900/1030] loss = 0.000479
[e067 s0950/1030] loss = 0.000467
[e067 s1000/1030] loss = 0.000455
Epoch 067: train_loss = 0.000445  MAE/GAME0 = 31.92  RMSE = 52.83  GAME1 = 8.61  GAME2 = 2.34  GAME3 = 0.65  lr = 1.00e-05  time = 47.9s
[e068 s0001/1030] loss = 0.000001
[e068 s0050/1030] loss = 0.000401
[e068 s0100/1030] loss = 0.000445
[e068 s0150/1030] loss = 0.000397
[e068 s0200/1030] loss = 0.000669
[e068 s0250/1030] loss = 0.000834
[e068 s0300/1030] loss = 0.000764
[e068 s0350/1030] loss = 0.000687
[e068 s0400/1030] loss = 0.000636
[e068 s0450/1030] loss = 0.000596
[e068 s0500/1030] loss = 0.000588
[e068 s0550/1030] loss = 0.000554
[e068 s0600/1030] loss = 0.000571
[e068 s0650/1030] loss = 0.000552
[e068 s0700/1030] loss = 0.000531
[e068 s0750/1030] loss = 0.000535
[e068 s0800/1030] loss = 0.000515
[e068 s0850/1030] loss = 0.000520
[e068 s0900/1030] loss = 0.000520
[e068 s0950/1030] loss = 0.000509
[e068 s1000/1030] loss = 0.000497
Epoch 068: train_loss = 0.000498  MAE/GAME0 = 27.03  RMSE = 41.38  GAME1 = 7.82  GAME2 = 2.24  GAME3 = 0.65  lr = 1.00e-05  time = 47.6s
[e069 s0001/1030] loss = 0.000000
[e069 s0050/1030] loss = 0.000241
[e069 s0100/1030] loss = 0.000283
[e069 s0150/1030] loss = 0.000284
[e069 s0200/1030] loss = 0.000293
[e069 s0250/1030] loss = 0.000314
[e069 s0300/1030] loss = 0.000319
[e069 s0350/1030] loss = 0.000303
[e069 s0400/1030] loss = 0.000289
[e069 s0450/1030] loss = 0.000287
[e069 s0500/1030] loss = 0.000283
[e069 s0550/1030] loss = 0.000373
[e069 s0600/1030] loss = 0.000360
[e069 s0650/1030] loss = 0.000343
[e069 s0700/1030] loss = 0.000341
[e069 s0750/1030] loss = 0.000344
[e069 s0800/1030] loss = 0.000336
[e069 s0850/1030] loss = 0.000333
[e069 s0900/1030] loss = 0.000331
[e069 s0950/1030] loss = 0.000329
[e069 s1000/1030] loss = 0.000325
Epoch 069: train_loss = 0.000321  MAE/GAME0 = 42.12  RMSE = 53.52  GAME1 = 11.30  GAME2 = 3.04  GAME3 = 0.84  lr = 1.00e-05  time = 47.9s
[e070 s0001/1030] loss = 0.000008
[e070 s0050/1030] loss = 0.000190
[e070 s0100/1030] loss = 0.000177
[e070 s0150/1030] loss = 0.000171
[e070 s0200/1030] loss = 0.000210
[e070 s0250/1030] loss = 0.000222
[e070 s0300/1030] loss = 0.000233
[e070 s0350/1030] loss = 0.000237
[e070 s0400/1030] loss = 0.000242
[e070 s0450/1030] loss = 0.000240
[e070 s0500/1030] loss = 0.000267
[e070 s0550/1030] loss = 0.000262
[e070 s0600/1030] loss = 0.000257
[e070 s0650/1030] loss = 0.000254
[e070 s0700/1030] loss = 0.000252
[e070 s0750/1030] loss = 0.000271
[e070 s0800/1030] loss = 0.000285
[e070 s0850/1030] loss = 0.000288
[e070 s0900/1030] loss = 0.000282
[e070 s0950/1030] loss = 0.000279
[e070 s1000/1030] loss = 0.000277
Epoch 070: train_loss = 0.000276  MAE/GAME0 = 25.41  RMSE = 44.42  GAME1 = 8.13  GAME2 = 2.43  GAME3 = 0.71  lr = 1.00e-05  time = 47.6s
[e071 s0001/1030] loss = 0.000078
[e071 s0050/1030] loss = 0.000407
[e071 s0100/1030] loss = 0.000399
[e071 s0150/1030] loss = 0.000416
[e071 s0200/1030] loss = 0.000419
[e071 s0250/1030] loss = 0.000386
[e071 s0300/1030] loss = 0.000370
[e071 s0350/1030] loss = 0.000353
[e071 s0400/1030] loss = 0.000335
[e071 s0450/1030] loss = 0.000319
[e071 s0500/1030] loss = 0.000326
[e071 s0550/1030] loss = 0.000331
[e071 s0600/1030] loss = 0.000340
[e071 s0650/1030] loss = 0.000334
[e071 s0700/1030] loss = 0.000345
[e071 s0750/1030] loss = 0.000350
[e071 s0800/1030] loss = 0.000342
[e071 s0850/1030] loss = 0.000327
[e071 s0900/1030] loss = 0.000322
[e071 s0950/1030] loss = 0.000316
[e071 s1000/1030] loss = 0.000331
Epoch 071: train_loss = 0.000328  MAE/GAME0 = 34.30  RMSE = 51.17  GAME1 = 10.02  GAME2 = 2.87  GAME3 = 0.81  lr = 1.00e-05  time = 48.0s
[e072 s0001/1030] loss = 0.000002
[e072 s0050/1030] loss = 0.000299
[e072 s0100/1030] loss = 0.000290
[e072 s0150/1030] loss = 0.000322
[e072 s0200/1030] loss = 0.000300
[e072 s0250/1030] loss = 0.000273
[e072 s0300/1030] loss = 0.000288
[e072 s0350/1030] loss = 0.000307
[e072 s0400/1030] loss = 0.000325
[e072 s0450/1030] loss = 0.000317
[e072 s0500/1030] loss = 0.000302
[e072 s0550/1030] loss = 0.000313
[e072 s0600/1030] loss = 0.000309
[e072 s0650/1030] loss = 0.000302
[e072 s0700/1030] loss = 0.000297
[e072 s0750/1030] loss = 0.000304
[e072 s0800/1030] loss = 0.000305
[e072 s0850/1030] loss = 0.000308
[e072 s0900/1030] loss = 0.000310
[e072 s0950/1030] loss = 0.000321
[e072 s1000/1030] loss = 0.000312
Epoch 072: train_loss = 0.000310  MAE/GAME0 = 24.06  RMSE = 48.59  GAME1 = 7.80  GAME2 = 2.32  GAME3 = 0.68  lr = 1.00e-05  time = 47.7s
[e073 s0001/1030] loss = 0.000002
[e073 s0050/1030] loss = 0.000271
[e073 s0100/1030] loss = 0.000261
[e073 s0150/1030] loss = 0.000262
[e073 s0200/1030] loss = 0.000251
[e073 s0250/1030] loss = 0.000232
[e073 s0300/1030] loss = 0.000239
[e073 s0350/1030] loss = 0.000299
[e073 s0400/1030] loss = 0.000329
[e073 s0450/1030] loss = 0.000362
[e073 s0500/1030] loss = 0.000347
[e073 s0550/1030] loss = 0.000396
[e073 s0600/1030] loss = 0.000427
[e073 s0650/1030] loss = 0.000417
[e073 s0700/1030] loss = 0.000411
[e073 s0750/1030] loss = 0.000435
[e073 s0800/1030] loss = 0.000425
[e073 s0850/1030] loss = 0.000433
[e073 s0900/1030] loss = 0.000426
[e073 s0950/1030] loss = 0.000420
[e073 s1000/1030] loss = 0.000436
Epoch 073: train_loss = 0.000428  MAE/GAME0 = 24.41  RMSE = 46.67  GAME1 = 7.39  GAME2 = 2.13  GAME3 = 0.62  lr = 1.00e-05  time = 48.2s
[e074 s0001/1030] loss = 0.000032
[e074 s0050/1030] loss = 0.000254
[e074 s0100/1030] loss = 0.000261
[e074 s0150/1030] loss = 0.000318
[e074 s0200/1030] loss = 0.000306
[e074 s0250/1030] loss = 0.000314
[e074 s0300/1030] loss = 0.000293
[e074 s0350/1030] loss = 0.000386
[e074 s0400/1030] loss = 0.000389
[e074 s0450/1030] loss = 0.000367
[e074 s0500/1030] loss = 0.000360
[e074 s0550/1030] loss = 0.000350
[e074 s0600/1030] loss = 0.000351
[e074 s0650/1030] loss = 0.000355
[e074 s0700/1030] loss = 0.000371
[e074 s0750/1030] loss = 0.000378
[e074 s0800/1030] loss = 0.000377
[e074 s0850/1030] loss = 0.000364
[e074 s0900/1030] loss = 0.000364
[e074 s0950/1030] loss = 0.000376
[e074 s1000/1030] loss = 0.000365
Epoch 074: train_loss = 0.000362  MAE/GAME0 = 50.54  RMSE = 62.52  GAME1 = 13.33  GAME2 = 3.54  GAME3 = 0.96  lr = 1.00e-05  time = 47.7s
[e075 s0001/1030] loss = 0.000001
[e075 s0050/1030] loss = 0.000544
[e075 s0100/1030] loss = 0.000410
[e075 s0150/1030] loss = 0.000424
[e075 s0200/1030] loss = 0.000416
[e075 s0250/1030] loss = 0.000382
[e075 s0300/1030] loss = 0.000356
[e075 s0350/1030] loss = 0.000366
[e075 s0400/1030] loss = 0.000378
[e075 s0450/1030] loss = 0.000356
[e075 s0500/1030] loss = 0.000354
[e075 s0550/1030] loss = 0.000358
[e075 s0600/1030] loss = 0.000349
[e075 s0650/1030] loss = 0.000335
[e075 s0700/1030] loss = 0.000329
[e075 s0750/1030] loss = 0.000328
[e075 s0800/1030] loss = 0.000339
[e075 s0850/1030] loss = 0.000334
[e075 s0900/1030] loss = 0.000332
[e075 s0950/1030] loss = 0.000336
[e075 s1000/1030] loss = 0.000328
Epoch 075: train_loss = 0.000334  MAE/GAME0 = 28.79  RMSE = 45.62  GAME1 = 8.34  GAME2 = 2.37  GAME3 = 0.68  lr = 1.00e-05  time = 47.1s
[e076 s0001/1030] loss = 0.000002
[e076 s0050/1030] loss = 0.000323
[e076 s0100/1030] loss = 0.000326
[e076 s0150/1030] loss = 0.000307
[e076 s0200/1030] loss = 0.000290
[e076 s0250/1030] loss = 0.000278
[e076 s0300/1030] loss = 0.000313
[e076 s0350/1030] loss = 0.000293
[e076 s0400/1030] loss = 0.000305
[e076 s0450/1030] loss = 0.000321
[e076 s0500/1030] loss = 0.000357
[e076 s0550/1030] loss = 0.000336
[e076 s0600/1030] loss = 0.000354
[e076 s0650/1030] loss = 0.000341
[e076 s0700/1030] loss = 0.000341
[e076 s0750/1030] loss = 0.000337
[e076 s0800/1030] loss = 0.000333
[e076 s0850/1030] loss = 0.000327
[e076 s0900/1030] loss = 0.000334
[e076 s0950/1030] loss = 0.000354
[e076 s1000/1030] loss = 0.000350
Epoch 076: train_loss = 0.000384  MAE/GAME0 = 24.96  RMSE = 44.73  GAME1 = 8.07  GAME2 = 2.44  GAME3 = 0.71  lr = 1.00e-05  time = 46.3s
[e077 s0001/1030] loss = 0.000057
[e077 s0050/1030] loss = 0.001576
[e077 s0100/1030] loss = 0.001109
[e077 s0150/1030] loss = 0.000877
[e077 s0200/1030] loss = 0.000746
[e077 s0250/1030] loss = 0.000627
[e077 s0300/1030] loss = 0.000558
[e077 s0350/1030] loss = 0.000534
[e077 s0400/1030] loss = 0.000501
[e077 s0450/1030] loss = 0.000464
[e077 s0500/1030] loss = 0.000434
[e077 s0550/1030] loss = 0.000411
[e077 s0600/1030] loss = 0.000393
[e077 s0650/1030] loss = 0.000381
[e077 s0700/1030] loss = 0.000382
[e077 s0750/1030] loss = 0.000389
[e077 s0800/1030] loss = 0.000388
[e077 s0850/1030] loss = 0.000387
[e077 s0900/1030] loss = 0.000388
[e077 s0950/1030] loss = 0.000384
[e077 s1000/1030] loss = 0.000374
Epoch 077: train_loss = 0.000374  MAE/GAME0 = 25.75  RMSE = 44.35  GAME1 = 7.98  GAME2 = 2.32  GAME3 = 0.68  lr = 1.00e-05  time = 47.2s
[e078 s0001/1030] loss = 0.000066
[e078 s0050/1030] loss = 0.000380
[e078 s0100/1030] loss = 0.000579
[e078 s0150/1030] loss = 0.000496
[e078 s0200/1030] loss = 0.000447
[e078 s0250/1030] loss = 0.000406
[e078 s0300/1030] loss = 0.000373
[e078 s0350/1030] loss = 0.000345
[e078 s0400/1030] loss = 0.000339
[e078 s0450/1030] loss = 0.000480
[e078 s0500/1030] loss = 0.000557
[e078 s0550/1030] loss = 0.000536
[e078 s0600/1030] loss = 0.000507
[e078 s0650/1030] loss = 0.000489
[e078 s0700/1030] loss = 0.000465
[e078 s0750/1030] loss = 0.000453
[e078 s0800/1030] loss = 0.000452
[e078 s0850/1030] loss = 0.000451
[e078 s0900/1030] loss = 0.000446
[e078 s0950/1030] loss = 0.000431
[e078 s1000/1030] loss = 0.000425
Epoch 078: train_loss = 0.000420  MAE/GAME0 = 23.94  RMSE = 41.57  GAME1 = 7.33  GAME2 = 2.15  GAME3 = 0.63  lr = 1.00e-05  time = 46.7s
[e079 s0001/1030] loss = 0.000001
[e079 s0050/1030] loss = 0.000325
[e079 s0100/1030] loss = 0.000309
[e079 s0150/1030] loss = 0.000348
[e079 s0200/1030] loss = 0.000296
[e079 s0250/1030] loss = 0.000321
[e079 s0300/1030] loss = 0.000304
[e079 s0350/1030] loss = 0.000294
[e079 s0400/1030] loss = 0.000326
[e079 s0450/1030] loss = 0.000335
[e079 s0500/1030] loss = 0.000323
[e079 s0550/1030] loss = 0.000315
[e079 s0600/1030] loss = 0.000324
[e079 s0650/1030] loss = 0.000325
[e079 s0700/1030] loss = 0.000322
[e079 s0750/1030] loss = 0.000315
[e079 s0800/1030] loss = 0.000314
[e079 s0850/1030] loss = 0.000311
[e079 s0900/1030] loss = 0.000321
[e079 s0950/1030] loss = 0.000332
[e079 s1000/1030] loss = 0.000327
Epoch 079: train_loss = 0.000322  MAE/GAME0 = 23.97  RMSE = 43.25  GAME1 = 7.01  GAME2 = 2.00  GAME3 = 0.59  lr = 1.00e-05  time = 47.8s
[e080 s0001/1030] loss = 0.000007
[e080 s0050/1030] loss = 0.000426
[e080 s0100/1030] loss = 0.000312
[e080 s0150/1030] loss = 0.000375
[e080 s0200/1030] loss = 0.000344
[e080 s0250/1030] loss = 0.000374
[e080 s0300/1030] loss = 0.000373
[e080 s0350/1030] loss = 0.000376
[e080 s0400/1030] loss = 0.000360
[e080 s0450/1030] loss = 0.000414
[e080 s0500/1030] loss = 0.000417
[e080 s0550/1030] loss = 0.000393
[e080 s0600/1030] loss = 0.000391
[e080 s0650/1030] loss = 0.000376
[e080 s0700/1030] loss = 0.000374
[e080 s0750/1030] loss = 0.000367
[e080 s0800/1030] loss = 0.000352
[e080 s0850/1030] loss = 0.000339
[e080 s0900/1030] loss = 0.000332
[e080 s0950/1030] loss = 0.000337
[e080 s1000/1030] loss = 0.000327
Epoch 080: train_loss = 0.000330  MAE/GAME0 = 30.70  RMSE = 46.27  GAME1 = 8.89  GAME2 = 2.53  GAME3 = 0.72  lr = 1.00e-05  time = 51.7s
[e081 s0001/1030] loss = 0.000018
[e081 s0050/1030] loss = 0.000277
[e081 s0100/1030] loss = 0.000369
[e081 s0150/1030] loss = 0.000397
[e081 s0200/1030] loss = 0.000330
[e081 s0250/1030] loss = 0.000339
[e081 s0300/1030] loss = 0.000304
[e081 s0350/1030] loss = 0.000283
[e081 s0400/1030] loss = 0.000294
[e081 s0450/1030] loss = 0.000286
[e081 s0500/1030] loss = 0.000296
[e081 s0550/1030] loss = 0.000288
[e081 s0600/1030] loss = 0.000288
[e081 s0650/1030] loss = 0.000331
[e081 s0700/1030] loss = 0.000326
[e081 s0750/1030] loss = 0.000370
[e081 s0800/1030] loss = 0.000363
[e081 s0850/1030] loss = 0.000353
[e081 s0900/1030] loss = 0.000352
[e081 s0950/1030] loss = 0.000367
[e081 s1000/1030] loss = 0.000371
Epoch 081: train_loss = 0.000370  MAE/GAME0 = 27.09  RMSE = 49.10  GAME1 = 7.59  GAME2 = 2.11  GAME3 = 0.59  lr = 1.00e-05  time = 52.1s
[e082 s0001/1030] loss = 0.000029
[e082 s0050/1030] loss = 0.000282
[e082 s0100/1030] loss = 0.000475
[e082 s0150/1030] loss = 0.000433
[e082 s0200/1030] loss = 0.000432
[e082 s0250/1030] loss = 0.000407
[e082 s0300/1030] loss = 0.000389
[e082 s0350/1030] loss = 0.000358
[e082 s0400/1030] loss = 0.000398
[e082 s0450/1030] loss = 0.000383
[e082 s0500/1030] loss = 0.000373
[e082 s0550/1030] loss = 0.000373
[e082 s0600/1030] loss = 0.000376
[e082 s0650/1030] loss = 0.000377
[e082 s0700/1030] loss = 0.000387
[e082 s0750/1030] loss = 0.000402
[e082 s0800/1030] loss = 0.000410
[e082 s0850/1030] loss = 0.000412
[e082 s0900/1030] loss = 0.000407
[e082 s0950/1030] loss = 0.000415
[e082 s1000/1030] loss = 0.000417
Epoch 082: train_loss = 0.000414  MAE/GAME0 = 23.65  RMSE = 42.19  GAME1 = 7.07  GAME2 = 2.00  GAME3 = 0.58  lr = 1.00e-05  time = 46.4s
[e083 s0001/1030] loss = 0.000000
[e083 s0050/1030] loss = 0.000201
[e083 s0100/1030] loss = 0.000269
[e083 s0150/1030] loss = 0.000275
[e083 s0200/1030] loss = 0.000260
[e083 s0250/1030] loss = 0.000313
[e083 s0300/1030] loss = 0.000620
[e083 s0350/1030] loss = 0.000673
[e083 s0400/1030] loss = 0.000608
[e083 s0450/1030] loss = 0.000570
[e083 s0500/1030] loss = 0.000566
[e083 s0550/1030] loss = 0.000571
[e083 s0600/1030] loss = 0.000541
[e083 s0650/1030] loss = 0.000515
[e083 s0700/1030] loss = 0.000502
[e083 s0750/1030] loss = 0.000490
[e083 s0800/1030] loss = 0.000479
[e083 s0850/1030] loss = 0.000486
[e083 s0900/1030] loss = 0.000483
[e083 s0950/1030] loss = 0.000467
[e083 s1000/1030] loss = 0.000463
Epoch 083: train_loss = 0.000461  MAE/GAME0 = 28.94  RMSE = 53.28  GAME1 = 8.12  GAME2 = 2.24  GAME3 = 0.63  lr = 1.00e-05  time = 47.8s
[e084 s0001/1030] loss = 0.000959
[e084 s0050/1030] loss = 0.000271
[e084 s0100/1030] loss = 0.000470
[e084 s0150/1030] loss = 0.000430
[e084 s0200/1030] loss = 0.000387
[e084 s0250/1030] loss = 0.000355
[e084 s0300/1030] loss = 0.000332
[e084 s0350/1030] loss = 0.000351
[e084 s0400/1030] loss = 0.000364
[e084 s0450/1030] loss = 0.000345
[e084 s0500/1030] loss = 0.000341
[e084 s0550/1030] loss = 0.000327
[e084 s0600/1030] loss = 0.000330
[e084 s0650/1030] loss = 0.000325
[e084 s0700/1030] loss = 0.000321
[e084 s0750/1030] loss = 0.000318
[e084 s0800/1030] loss = 0.000312
[e084 s0850/1030] loss = 0.000315
[e084 s0900/1030] loss = 0.000341
[e084 s0950/1030] loss = 0.000347
[e084 s1000/1030] loss = 0.000346
Epoch 084: train_loss = 0.000343  MAE/GAME0 = 23.55  RMSE = 43.39  GAME1 = 7.36  GAME2 = 2.19  GAME3 = 0.64  lr = 1.00e-05  time = 47.0s
[e085 s0001/1030] loss = 0.000412
[e085 s0050/1030] loss = 0.000232
[e085 s0100/1030] loss = 0.000290
[e085 s0150/1030] loss = 0.000377
[e085 s0200/1030] loss = 0.000327
[e085 s0250/1030] loss = 0.000319
[e085 s0300/1030] loss = 0.000515
[e085 s0350/1030] loss = 0.000494
[e085 s0400/1030] loss = 0.000459
[e085 s0450/1030] loss = 0.000426
[e085 s0500/1030] loss = 0.000501
[e085 s0550/1030] loss = 0.000486
[e085 s0600/1030] loss = 0.000466
[e085 s0650/1030] loss = 0.000450
[e085 s0700/1030] loss = 0.000434
[e085 s0750/1030] loss = 0.000419
[e085 s0800/1030] loss = 0.000409
[e085 s0850/1030] loss = 0.000408
[e085 s0900/1030] loss = 0.000412
[e085 s0950/1030] loss = 0.000403
[e085 s1000/1030] loss = 0.000394
Epoch 085: train_loss = 0.000392  MAE/GAME0 = 23.91  RMSE = 46.20  GAME1 = 7.20  GAME2 = 2.06  GAME3 = 0.60  lr = 1.00e-05  time = 47.4s
[e086 s0001/1030] loss = 0.000266
[e086 s0050/1030] loss = 0.000542
[e086 s0100/1030] loss = 0.000330
[e086 s0150/1030] loss = 0.000262
[e086 s0200/1030] loss = 0.000238
[e086 s0250/1030] loss = 0.000280
[e086 s0300/1030] loss = 0.000289
[e086 s0350/1030] loss = 0.000279
[e086 s0400/1030] loss = 0.000292
[e086 s0450/1030] loss = 0.000306
[e086 s0500/1030] loss = 0.000323
[e086 s0550/1030] loss = 0.000314
[e086 s0600/1030] loss = 0.000301
[e086 s0650/1030] loss = 0.000293
[e086 s0700/1030] loss = 0.000397
[e086 s0750/1030] loss = 0.000425
[e086 s0800/1030] loss = 0.000414
[e086 s0850/1030] loss = 0.000396
[e086 s0900/1030] loss = 0.000389
[e086 s0950/1030] loss = 0.000407
[e086 s1000/1030] loss = 0.000395
Epoch 086: train_loss = 0.000396  MAE/GAME0 = 32.68  RMSE = 46.57  GAME1 = 9.15  GAME2 = 2.56  GAME3 = 0.72  lr = 1.00e-05  time = 47.9s
[e087 s0001/1030] loss = 0.000160
[e087 s0050/1030] loss = 0.000414
[e087 s0100/1030] loss = 0.000384
[e087 s0150/1030] loss = 0.000466
[e087 s0200/1030] loss = 0.000419
[e087 s0250/1030] loss = 0.000383
[e087 s0300/1030] loss = 0.000367
[e087 s0350/1030] loss = 0.000350
[e087 s0400/1030] loss = 0.000340
[e087 s0450/1030] loss = 0.000345
[e087 s0500/1030] loss = 0.000349
[e087 s0550/1030] loss = 0.000339
[e087 s0600/1030] loss = 0.000409
[e087 s0650/1030] loss = 0.000403
[e087 s0700/1030] loss = 0.000397
[e087 s0750/1030] loss = 0.000400
[e087 s0800/1030] loss = 0.000401
[e087 s0850/1030] loss = 0.000404
[e087 s0900/1030] loss = 0.000395
[e087 s0950/1030] loss = 0.000388
[e087 s1000/1030] loss = 0.000383
Epoch 087: train_loss = 0.000374  MAE/GAME0 = 24.07  RMSE = 45.20  GAME1 = 7.18  GAME2 = 2.09  GAME3 = 0.60  lr = 1.00e-05  time = 47.8s
[e088 s0001/1030] loss = 0.000279
[e088 s0050/1030] loss = 0.000237
[e088 s0100/1030] loss = 0.000236
[e088 s0150/1030] loss = 0.000309
[e088 s0200/1030] loss = 0.000293
[e088 s0250/1030] loss = 0.000683
[e088 s0300/1030] loss = 0.000658
[e088 s0350/1030] loss = 0.000609
[e088 s0400/1030] loss = 0.000594
[e088 s0450/1030] loss = 0.000571
[e088 s0500/1030] loss = 0.000537
[e088 s0550/1030] loss = 0.000567
[e088 s0600/1030] loss = 0.000543
[e088 s0650/1030] loss = 0.000539
[e088 s0700/1030] loss = 0.000520
[e088 s0750/1030] loss = 0.000495
[e088 s0800/1030] loss = 0.000473
[e088 s0850/1030] loss = 0.000461
[e088 s0900/1030] loss = 0.000456
[e088 s0950/1030] loss = 0.000440
[e088 s1000/1030] loss = 0.000438
Epoch 088: train_loss = 0.000429  MAE/GAME0 = 26.19  RMSE = 45.39  GAME1 = 7.94  GAME2 = 2.29  GAME3 = 0.66  lr = 1.00e-05  time = 47.8s
[e089 s0001/1030] loss = 0.000222
[e089 s0050/1030] loss = 0.000154
[e089 s0100/1030] loss = 0.000240
[e089 s0150/1030] loss = 0.000325
[e089 s0200/1030] loss = 0.000326
[e089 s0250/1030] loss = 0.000370
[e089 s0300/1030] loss = 0.000354
[e089 s0350/1030] loss = 0.000354
[e089 s0400/1030] loss = 0.000353
[e089 s0450/1030] loss = 0.000344
[e089 s0500/1030] loss = 0.000339
[e089 s0550/1030] loss = 0.000325
[e089 s0600/1030] loss = 0.000330
[e089 s0650/1030] loss = 0.000325
[e089 s0700/1030] loss = 0.000320
[e089 s0750/1030] loss = 0.000315
[e089 s0800/1030] loss = 0.000311
[e089 s0850/1030] loss = 0.000402
[e089 s0900/1030] loss = 0.000403
[e089 s0950/1030] loss = 0.000396
[e089 s1000/1030] loss = 0.000389
Epoch 089: train_loss = 0.000387  MAE/GAME0 = 52.13  RMSE = 64.64  GAME1 = 13.77  GAME2 = 3.65  GAME3 = 0.99  lr = 1.00e-05  time = 48.6s
[e090 s0001/1030] loss = 0.000190
[e090 s0050/1030] loss = 0.000170
[e090 s0100/1030] loss = 0.000232
[e090 s0150/1030] loss = 0.000771
[e090 s0200/1030] loss = 0.000708
[e090 s0250/1030] loss = 0.000611
[e090 s0300/1030] loss = 0.000584
[e090 s0350/1030] loss = 0.000541
[e090 s0400/1030] loss = 0.000524
[e090 s0450/1030] loss = 0.000664
[e090 s0500/1030] loss = 0.000620
[e090 s0550/1030] loss = 0.000578
[e090 s0600/1030] loss = 0.000576
[e090 s0650/1030] loss = 0.000541
[e090 s0700/1030] loss = 0.000528
[e090 s0750/1030] loss = 0.000509
[e090 s0800/1030] loss = 0.000506
[e090 s0850/1030] loss = 0.000495
[e090 s0900/1030] loss = 0.000481
[e090 s0950/1030] loss = 0.000472
[e090 s1000/1030] loss = 0.000457
Epoch 090: train_loss = 0.000457  MAE/GAME0 = 44.20  RMSE = 57.94  GAME1 = 11.85  GAME2 = 3.18  GAME3 = 0.88  lr = 1.00e-05  time = 47.9s
[e091 s0001/1030] loss = 0.000232
[e091 s0050/1030] loss = 0.000248
[e091 s0100/1030] loss = 0.000252
[e091 s0150/1030] loss = 0.000258
[e091 s0200/1030] loss = 0.000233
[e091 s0250/1030] loss = 0.000238
[e091 s0300/1030] loss = 0.000238
[e091 s0350/1030] loss = 0.000258
[e091 s0400/1030] loss = 0.000321
[e091 s0450/1030] loss = 0.000356
[e091 s0500/1030] loss = 0.000346
[e091 s0550/1030] loss = 0.000372
[e091 s0600/1030] loss = 0.000381
[e091 s0650/1030] loss = 0.000383
[e091 s0700/1030] loss = 0.000369
[e091 s0750/1030] loss = 0.000388
[e091 s0800/1030] loss = 0.000416
[e091 s0850/1030] loss = 0.000412
[e091 s0900/1030] loss = 0.000483
[e091 s0950/1030] loss = 0.000478
[e091 s1000/1030] loss = 0.000462
Epoch 091: train_loss = 0.000454  MAE/GAME0 = 24.06  RMSE = 46.28  GAME1 = 8.18  GAME2 = 2.56  GAME3 = 0.74  lr = 1.00e-05  time = 48.6s
[e092 s0001/1030] loss = 0.001436
[e092 s0050/1030] loss = 0.000493
[e092 s0100/1030] loss = 0.000348
[e092 s0150/1030] loss = 0.000462
[e092 s0200/1030] loss = 0.000531
[e092 s0250/1030] loss = 0.000504
[e092 s0300/1030] loss = 0.000543
[e092 s0350/1030] loss = 0.000546
[e092 s0400/1030] loss = 0.000542
[e092 s0450/1030] loss = 0.000515
[e092 s0500/1030] loss = 0.000476
[e092 s0550/1030] loss = 0.000481
[e092 s0600/1030] loss = 0.000467
[e092 s0650/1030] loss = 0.000497
[e092 s0700/1030] loss = 0.000485
[e092 s0750/1030] loss = 0.000473
[e092 s0800/1030] loss = 0.000460
[e092 s0850/1030] loss = 0.000457
[e092 s0900/1030] loss = 0.000467
[e092 s0950/1030] loss = 0.000455
[e092 s1000/1030] loss = 0.000448
Epoch 092: train_loss = 0.000444  MAE/GAME0 = 24.08  RMSE = 42.51  GAME1 = 7.46  GAME2 = 2.18  GAME3 = 0.64  lr = 1.00e-05  time = 48.7s
[e093 s0001/1030] loss = 0.000154
[e093 s0050/1030] loss = 0.000418
[e093 s0100/1030] loss = 0.000393
[e093 s0150/1030] loss = 0.000393
[e093 s0200/1030] loss = 0.000400
[e093 s0250/1030] loss = 0.000418
[e093 s0300/1030] loss = 0.000512
[e093 s0350/1030] loss = 0.000472
[e093 s0400/1030] loss = 0.000478
[e093 s0450/1030] loss = 0.000495
[e093 s0500/1030] loss = 0.000475
[e093 s0550/1030] loss = 0.000467
[e093 s0600/1030] loss = 0.000459
[e093 s0650/1030] loss = 0.000449
[e093 s0700/1030] loss = 0.000430
[e093 s0750/1030] loss = 0.000410
[e093 s0800/1030] loss = 0.000402
[e093 s0850/1030] loss = 0.000435
[e093 s0900/1030] loss = 0.000422
[e093 s0950/1030] loss = 0.000418
[e093 s1000/1030] loss = 0.000403
Epoch 093: train_loss = 0.000405  MAE/GAME0 = 25.58  RMSE = 41.50  GAME1 = 7.53  GAME2 = 2.15  GAME3 = 0.63  lr = 1.00e-05  time = 48.7s
[e094 s0001/1030] loss = 0.000803
[e094 s0050/1030] loss = 0.000189
[e094 s0100/1030] loss = 0.000210
[e094 s0150/1030] loss = 0.000246
[e094 s0200/1030] loss = 0.000282
[e094 s0250/1030] loss = 0.000297
[e094 s0300/1030] loss = 0.000281
[e094 s0350/1030] loss = 0.000344
[e094 s0400/1030] loss = 0.000328
[e094 s0450/1030] loss = 0.000329
[e094 s0500/1030] loss = 0.000343
[e094 s0550/1030] loss = 0.000331
[e094 s0600/1030] loss = 0.000337
[e094 s0650/1030] loss = 0.000342
[e094 s0700/1030] loss = 0.000327
[e094 s0750/1030] loss = 0.000335
[e094 s0800/1030] loss = 0.000333
[e094 s0850/1030] loss = 0.000350
[e094 s0900/1030] loss = 0.000362
[e094 s0950/1030] loss = 0.000362
[e094 s1000/1030] loss = 0.000356
Epoch 094: train_loss = 0.000353  MAE/GAME0 = 25.82  RMSE = 48.04  GAME1 = 7.96  GAME2 = 2.36  GAME3 = 0.67  lr = 1.00e-05  time = 48.0s
[e095 s0001/1030] loss = 0.000075
[e095 s0050/1030] loss = 0.000240
[e095 s0100/1030] loss = 0.000575
[e095 s0150/1030] loss = 0.000478
[e095 s0200/1030] loss = 0.000414
[e095 s0250/1030] loss = 0.000374
[e095 s0300/1030] loss = 0.000524
[e095 s0350/1030] loss = 0.000483
[e095 s0400/1030] loss = 0.000460
[e095 s0450/1030] loss = 0.000424
[e095 s0500/1030] loss = 0.000512
[e095 s0550/1030] loss = 0.000527
[e095 s0600/1030] loss = 0.000508
[e095 s0650/1030] loss = 0.000491
[e095 s0700/1030] loss = 0.000471
[e095 s0750/1030] loss = 0.000452
[e095 s0800/1030] loss = 0.000442
[e095 s0850/1030] loss = 0.000422
[e095 s0900/1030] loss = 0.000428
[e095 s0950/1030] loss = 0.000453
[e095 s1000/1030] loss = 0.000444
Epoch 095: train_loss = 0.000441  MAE/GAME0 = 32.79  RMSE = 46.52  GAME1 = 9.14  GAME2 = 2.57  GAME3 = 0.73  lr = 1.00e-05  time = 49.0s
[e096 s0001/1030] loss = 0.000061
[e096 s0050/1030] loss = 0.000232
[e096 s0100/1030] loss = 0.000274
[e096 s0150/1030] loss = 0.000411
[e096 s0200/1030] loss = 0.000349
[e096 s0250/1030] loss = 0.000357
[e096 s0300/1030] loss = 0.000335
[e096 s0350/1030] loss = 0.000500
[e096 s0400/1030] loss = 0.000487
[e096 s0450/1030] loss = 0.000476
[e096 s0500/1030] loss = 0.000461
[e096 s0550/1030] loss = 0.000453
[e096 s0600/1030] loss = 0.000430
[e096 s0650/1030] loss = 0.000433
[e096 s0700/1030] loss = 0.000413
[e096 s0750/1030] loss = 0.000411
[e096 s0800/1030] loss = 0.000404
[e096 s0850/1030] loss = 0.000411
[e096 s0900/1030] loss = 0.000421
[e096 s0950/1030] loss = 0.000427
[e096 s1000/1030] loss = 0.000433
Epoch 096: train_loss = 0.000430  MAE/GAME0 = 27.24  RMSE = 44.42  GAME1 = 8.06  GAME2 = 2.31  GAME3 = 0.67  lr = 1.00e-05  time = 48.5s
[e097 s0001/1030] loss = 0.000001
[e097 s0050/1030] loss = 0.000258
[e097 s0100/1030] loss = 0.000260
[e097 s0150/1030] loss = 0.000327
[e097 s0200/1030] loss = 0.000364
[e097 s0250/1030] loss = 0.000323
[e097 s0300/1030] loss = 0.000361
[e097 s0350/1030] loss = 0.000347
[e097 s0400/1030] loss = 0.000355
[e097 s0450/1030] loss = 0.000354
[e097 s0500/1030] loss = 0.000334
[e097 s0550/1030] loss = 0.000353
[e097 s0600/1030] loss = 0.000343
[e097 s0650/1030] loss = 0.000364
[e097 s0700/1030] loss = 0.000349
[e097 s0750/1030] loss = 0.000382
[e097 s0800/1030] loss = 0.000378
[e097 s0850/1030] loss = 0.000369
[e097 s0900/1030] loss = 0.000365
[e097 s0950/1030] loss = 0.000353
[e097 s1000/1030] loss = 0.000352
Epoch 097: train_loss = 0.000347  MAE/GAME0 = 23.85  RMSE = 44.19  GAME1 = 7.18  GAME2 = 2.11  GAME3 = 0.61  lr = 1.00e-05  time = 48.7s
[e098 s0001/1030] loss = 0.000023
[e098 s0050/1030] loss = 0.000207
[e098 s0100/1030] loss = 0.000247
[e098 s0150/1030] loss = 0.000256
[e098 s0200/1030] loss = 0.000241
[e098 s0250/1030] loss = 0.000266
[e098 s0300/1030] loss = 0.000268
[e098 s0350/1030] loss = 0.000288
[e098 s0400/1030] loss = 0.000298
[e098 s0450/1030] loss = 0.000304
[e098 s0500/1030] loss = 0.000294
[e098 s0550/1030] loss = 0.000310
[e098 s0600/1030] loss = 0.000310
[e098 s0650/1030] loss = 0.000308
[e098 s0700/1030] loss = 0.000301
[e098 s0750/1030] loss = 0.000302
[e098 s0800/1030] loss = 0.000303
[e098 s0850/1030] loss = 0.000302
[e098 s0900/1030] loss = 0.000306
[e098 s0950/1030] loss = 0.000308
[e098 s1000/1030] loss = 0.000322
Epoch 098: train_loss = 0.000320  MAE/GAME0 = 26.55  RMSE = 42.60  GAME1 = 8.25  GAME2 = 2.45  GAME3 = 0.72  lr = 1.00e-05  time = 47.6s
[e099 s0001/1030] loss = 0.000024
[e099 s0050/1030] loss = 0.000345
[e099 s0100/1030] loss = 0.000543
[e099 s0150/1030] loss = 0.000457
[e099 s0200/1030] loss = 0.000435
[e099 s0250/1030] loss = 0.000421
[e099 s0300/1030] loss = 0.000408
[e099 s0350/1030] loss = 0.000377
[e099 s0400/1030] loss = 0.000423
[e099 s0450/1030] loss = 0.000399
[e099 s0500/1030] loss = 0.000378
[e099 s0550/1030] loss = 0.000371
[e099 s0600/1030] loss = 0.000369
[e099 s0650/1030] loss = 0.000375
[e099 s0700/1030] loss = 0.000360
[e099 s0750/1030] loss = 0.000354
[e099 s0800/1030] loss = 0.000356
[e099 s0850/1030] loss = 0.000353
[e099 s0900/1030] loss = 0.000351
[e099 s0950/1030] loss = 0.000347
[e099 s1000/1030] loss = 0.000339
Epoch 099: train_loss = 0.000350  MAE/GAME0 = 38.48  RMSE = 52.47  GAME1 = 10.54  GAME2 = 2.91  GAME3 = 0.82  lr = 1.00e-05  time = 48.8s
[e100 s0001/1030] loss = 0.000151
[e100 s0050/1030] loss = 0.000164
[e100 s0100/1030] loss = 0.000174
[e100 s0150/1030] loss = 0.000279
[e100 s0200/1030] loss = 0.000280
[e100 s0250/1030] loss = 0.000252
[e100 s0300/1030] loss = 0.000241
[e100 s0350/1030] loss = 0.000225
[e100 s0400/1030] loss = 0.000227
[e100 s0450/1030] loss = 0.000216
[e100 s0500/1030] loss = 0.000236
[e100 s0550/1030] loss = 0.000237
[e100 s0600/1030] loss = 0.000258
[e100 s0650/1030] loss = 0.000257
[e100 s0700/1030] loss = 0.000267
[e100 s0750/1030] loss = 0.000261
[e100 s0800/1030] loss = 0.000261
[e100 s0850/1030] loss = 0.000272
[e100 s0900/1030] loss = 0.000273
[e100 s0950/1030] loss = 0.000273
[e100 s1000/1030] loss = 0.000287
Epoch 100: train_loss = 0.000296  MAE/GAME0 = 29.31  RMSE = 52.67  GAME1 = 8.36  GAME2 = 2.35  GAME3 = 0.65  lr = 1.00e-05  time = 49.2s
