[log] /scratch/users/ntu/kenneth0/FYP-SmartObjectCounter/logs/train_rgbt_adaptive_late_e100_sanity_12748619.pbs101_20260116_182830.log
[job] name=train_rgbt_adaptive_late_e100_sanity id=12748619.pbs101 host=x1000c0s2b0n1 time=Fri Jan 16 18:28:30 +08 2026
[init] device = cuda
[init] train = 1030  val = 200  workers = 4
Traceback (most recent call last):
  File "/scratch/users/ntu/kenneth0/FYP-SmartObjectCounter/scripts/train_rgbt.py", line 342, in main
    model = CSRNetRGBT_AdaptiveLate(load_imagenet = True).to(device)
            ~~~~~~~~~~~~~~~~~~~~~~~^^^^^^^^^^^^^^^^^^^^^^
  File "/scratch/users/ntu/kenneth0/FYP-SmartObjectCounter/models/rgbt_adaptive_late.py", line 150, in __init__
    self.rgb_net = CSRNet(load_weights = load_weights)
                   ~~~~~~^^^^^^^^^^^^^^^^^^^^^^^^^^^^^
TypeError: CSRNet.__init__() got an unexpected keyword argument 'load_weights'

During handling of the above exception, another exception occurred:

Traceback (most recent call last):
  File "/scratch/users/ntu/kenneth0/FYP-SmartObjectCounter/scripts/train_rgbt.py", line 566, in <module>
    main()
    ~~~~^^
  File "/scratch/users/ntu/kenneth0/FYP-SmartObjectCounter/scripts/train_rgbt.py", line 344, in main
    model = CSRNetRGBT_AdaptiveLate(load_weights = True).to(device)
            ~~~~~~~~~~~~~~~~~~~~~~~^^^^^^^^^^^^^^^^^^^^^
  File "/scratch/users/ntu/kenneth0/FYP-SmartObjectCounter/models/rgbt_adaptive_late.py", line 150, in __init__
    self.rgb_net = CSRNet(load_weights = load_weights)
                   ~~~~~~^^^^^^^^^^^^^^^^^^^^^^^^^^^^^
TypeError: CSRNet.__init__() got an unexpected keyword argument 'load_weights'
