[log] /scratch/users/ntu/kenneth0/FYP-SmartObjectCounter/logs/train_t_e100_sanity_12839455.pbs101_20260206_162359.log
[job] name=train_t_e100_sanity id=12839455.pbs101 host=x1000c1s1b0n0 time=Fri Feb  6 16:23:59 +08 2026
torch 2.6.0+cu118 cuda True
[init] device = cuda
[init] train = 1030  val = 200  workers = 4
/scratch/users/ntu/kenneth0/FYP-SmartObjectCounter/scripts/train_rgbt.py:383: FutureWarning: `torch.cuda.amp.GradScaler(args...)` is deprecated. Please use `torch.amp.GradScaler('cuda', args...)` instead.
  scaler = GradScaler(enabled = bool(args.amp))
[e001 s0001/1030] loss = 111861.843750
[e001 s0050/1030] loss = 5021.011555
[e001 s0100/1030] loss = 2520.288348
[e001 s0150/1030] loss = 1685.213684
[e001 s0200/1030] loss = 1267.344571
[e001 s0250/1030] loss = 1016.274757
[e001 s0300/1030] loss = 848.603523
[e001 s0350/1030] loss = 728.420198
[e001 s0400/1030] loss = 638.367206
[e001 s0450/1030] loss = 569.016537
[e001 s0500/1030] loss = 512.562884
[e001 s0550/1030] loss = 466.424070
[e001 s0600/1030] loss = 428.064746
[e001 s0650/1030] loss = 395.558062
[e001 s0700/1030] loss = 367.725286
[e001 s0750/1030] loss = 343.462379
[e001 s0800/1030] loss = 322.210431
[e001 s0850/1030] loss = 303.569835
[e001 s0900/1030] loss = 286.853316
[e001 s0950/1030] loss = 272.043446
[e001 s1000/1030] loss = 258.646697
Epoch 001: train_loss = 251.217028  MAE/GAME0 = 22.044  RMSE = 41.530  GAME1 = 22.846  GAME2 = 23.860  GAME3 = 24.233  lr = 1.00e-05  time = 20.2s
[e002 s0001/1030] loss = 0.318617
[e002 s0050/1030] loss = 2.199344
[e002 s0100/1030] loss = 2.223251
[e002 s0150/1030] loss = 2.843753
[e002 s0200/1030] loss = 2.729432
[e002 s0250/1030] loss = 2.866412
[e002 s0300/1030] loss = 3.249063
[e002 s0350/1030] loss = 3.868246
[e002 s0400/1030] loss = 3.855107
[e002 s0450/1030] loss = 4.360663
[e002 s0500/1030] loss = 4.209224
[e002 s0550/1030] loss = 4.029608
[e002 s0600/1030] loss = 3.962073
[e002 s0650/1030] loss = 3.945017
[e002 s0700/1030] loss = 3.951456
[e002 s0750/1030] loss = 3.815332
[e002 s0800/1030] loss = 3.825742
[e002 s0850/1030] loss = 3.815516
[e002 s0900/1030] loss = 3.771613
[e002 s0950/1030] loss = 3.757698
[e002 s1000/1030] loss = 3.737825
Epoch 002: train_loss = 3.703566  MAE/GAME0 = 22.730  RMSE = 41.934  GAME1 = 23.041  GAME2 = 23.461  GAME3 = 23.649  lr = 1.00e-05  time = 7.5s
[e003 s0001/1030] loss = 0.142613
[e003 s0050/1030] loss = 2.022034
[e003 s0100/1030] loss = 2.454526
[e003 s0150/1030] loss = 2.965086
[e003 s0200/1030] loss = 5.625614
[e003 s0250/1030] loss = 4.870727
[e003 s0300/1030] loss = 4.659648
[e003 s0350/1030] loss = 4.261229
[e003 s0400/1030] loss = 4.335325
[e003 s0450/1030] loss = 4.084724
[e003 s0500/1030] loss = 3.954982
[e003 s0550/1030] loss = 3.774645
[e003 s0600/1030] loss = 3.728121
[e003 s0650/1030] loss = 3.607172
[e003 s0700/1030] loss = 3.553470
[e003 s0750/1030] loss = 3.506079
[e003 s0800/1030] loss = 3.437921
[e003 s0850/1030] loss = 3.462997
[e003 s0900/1030] loss = 3.527537
[e003 s0950/1030] loss = 3.531505
[e003 s1000/1030] loss = 3.477202
Epoch 003: train_loss = 3.499589  MAE/GAME0 = 22.965  RMSE = 42.073  GAME1 = 23.128  GAME2 = 23.357  GAME3 = 23.458  lr = 1.00e-05  time = 7.8s
[e004 s0001/1030] loss = 0.090991
[e004 s0050/1030] loss = 2.728660
[e004 s0100/1030] loss = 2.586116
[e004 s0150/1030] loss = 2.776619
[e004 s0200/1030] loss = 2.850791
[e004 s0250/1030] loss = 2.621143
[e004 s0300/1030] loss = 2.869725
[e004 s0350/1030] loss = 3.129504
[e004 s0400/1030] loss = 3.045039
[e004 s0450/1030] loss = 3.008997
[e004 s0500/1030] loss = 2.887836
[e004 s0550/1030] loss = 2.822886
[e004 s0600/1030] loss = 2.956779
[e004 s0650/1030] loss = 3.068793
[e004 s0700/1030] loss = 2.925429
[e004 s0750/1030] loss = 2.976303
[e004 s0800/1030] loss = 3.006218
[e004 s0850/1030] loss = 3.197343
[e004 s0900/1030] loss = 3.183491
[e004 s0950/1030] loss = 3.387025
[e004 s1000/1030] loss = 3.443097
Epoch 004: train_loss = 3.587256  MAE/GAME0 = 23.072  RMSE = 42.139  GAME1 = 23.173  GAME2 = 23.313  GAME3 = 23.375  lr = 1.00e-05  time = 7.5s
[e005 s0001/1030] loss = 0.192690
[e005 s0050/1030] loss = 2.184100
[e005 s0100/1030] loss = 2.231857
[e005 s0150/1030] loss = 2.702461
[e005 s0200/1030] loss = 2.676485
[e005 s0250/1030] loss = 3.137221
[e005 s0300/1030] loss = 2.931207
[e005 s0350/1030] loss = 2.729215
[e005 s0400/1030] loss = 3.172223
[e005 s0450/1030] loss = 3.047491
[e005 s0500/1030] loss = 2.998272
[e005 s0550/1030] loss = 2.979303
[e005 s0600/1030] loss = 2.867161
[e005 s0650/1030] loss = 3.071672
[e005 s0700/1030] loss = 3.039021
[e005 s0750/1030] loss = 3.041700
[e005 s0800/1030] loss = 2.922598
[e005 s0850/1030] loss = 2.916906
[e005 s0900/1030] loss = 2.891307
[e005 s0950/1030] loss = 2.838489
[e005 s1000/1030] loss = 2.895747
Epoch 005: train_loss = 2.862532  MAE/GAME0 = 23.134  RMSE = 42.177  GAME1 = 23.198  GAME2 = 23.285  GAME3 = 23.327  lr = 1.00e-05  time = 7.4s
[e006 s0001/1030] loss = 0.041372
[e006 s0050/1030] loss = 2.176797
[e006 s0100/1030] loss = 2.507640
[e006 s0150/1030] loss = 2.551574
[e006 s0200/1030] loss = 2.615388
[e006 s0250/1030] loss = 2.472383
[e006 s0300/1030] loss = 2.453973
[e006 s0350/1030] loss = 2.445817
[e006 s0400/1030] loss = 3.627347
[e006 s0450/1030] loss = 3.437723
[e006 s0500/1030] loss = 3.310603
[e006 s0550/1030] loss = 3.262513
[e006 s0600/1030] loss = 3.164136
[e006 s0650/1030] loss = 3.567293
[e006 s0700/1030] loss = 3.589334
[e006 s0750/1030] loss = 3.664453
[e006 s0800/1030] loss = 3.740928
[e006 s0850/1030] loss = 3.637415
[e006 s0900/1030] loss = 3.618671
[e006 s0950/1030] loss = 3.744847
[e006 s1000/1030] loss = 3.749669
Epoch 006: train_loss = 3.755513  MAE/GAME0 = 23.167  RMSE = 42.198  GAME1 = 23.212  GAME2 = 23.273  GAME3 = 23.303  lr = 1.00e-05  time = 7.7s
[e007 s0001/1030] loss = 8.069549
[e007 s0050/1030] loss = 3.697742
[e007 s0100/1030] loss = 3.591519
[e007 s0150/1030] loss = 3.114162
[e007 s0200/1030] loss = 3.016641
[e007 s0250/1030] loss = 3.204042
[e007 s0300/1030] loss = 3.177532
[e007 s0350/1030] loss = 3.705783
[e007 s0400/1030] loss = 4.203619
[e007 s0450/1030] loss = 4.453592
[e007 s0500/1030] loss = 4.271359
[e007 s0550/1030] loss = 4.216780
[e007 s0600/1030] loss = 4.056301
[e007 s0650/1030] loss = 3.924320
[e007 s0700/1030] loss = 3.786386
[e007 s0750/1030] loss = 3.687119
[e007 s0800/1030] loss = 3.581154
[e007 s0850/1030] loss = 3.541022
[e007 s0900/1030] loss = 3.537262
[e007 s0950/1030] loss = 3.542769
[e007 s1000/1030] loss = 3.521605
Epoch 007: train_loss = 3.499461  MAE/GAME0 = 23.202  RMSE = 42.221  GAME1 = 23.226  GAME2 = 23.257  GAME3 = 23.278  lr = 1.00e-05  time = 7.4s
[e008 s0001/1030] loss = 6.371296
[e008 s0050/1030] loss = 2.071736
[e008 s0100/1030] loss = 2.867173
[e008 s0150/1030] loss = 3.390993
[e008 s0200/1030] loss = 3.237365
[e008 s0250/1030] loss = 3.170911
[e008 s0300/1030] loss = 3.175315
[e008 s0350/1030] loss = 3.055335
[e008 s0400/1030] loss = 3.001983
[e008 s0450/1030] loss = 3.588787
[e008 s0500/1030] loss = 3.445001
[e008 s0550/1030] loss = 3.364195
[e008 s0600/1030] loss = 3.375302
[e008 s0650/1030] loss = 3.513843
[e008 s0700/1030] loss = 3.509206
[e008 s0750/1030] loss = 3.419457
[e008 s0800/1030] loss = 3.381122
[e008 s0850/1030] loss = 3.295076
[e008 s0900/1030] loss = 3.298263
[e008 s0950/1030] loss = 3.252969
[e008 s1000/1030] loss = 3.157009
Epoch 008: train_loss = 3.174755  MAE/GAME0 = 23.210  RMSE = 42.226  GAME1 = 23.229  GAME2 = 23.254  GAME3 = 23.271  lr = 1.00e-05  time = 7.5s
[e009 s0001/1030] loss = 1.601487
[e009 s0050/1030] loss = 4.088654
[e009 s0100/1030] loss = 4.847807
[e009 s0150/1030] loss = 5.084123
[e009 s0200/1030] loss = 5.362646
[e009 s0250/1030] loss = 4.501237
[e009 s0300/1030] loss = 4.294585
[e009 s0350/1030] loss = 3.937828
[e009 s0400/1030] loss = 3.849432
[e009 s0450/1030] loss = 3.753080
[e009 s0500/1030] loss = 3.624067
[e009 s0550/1030] loss = 3.562070
[e009 s0600/1030] loss = 3.445961
[e009 s0650/1030] loss = 3.308376
[e009 s0700/1030] loss = 3.197784
[e009 s0750/1030] loss = 3.218478
[e009 s0800/1030] loss = 3.135702
[e009 s0850/1030] loss = 3.155546
[e009 s0900/1030] loss = 3.098950
[e009 s0950/1030] loss = 3.025978
[e009 s1000/1030] loss = 3.031344
Epoch 009: train_loss = 3.068229  MAE/GAME0 = 23.219  RMSE = 42.231  GAME1 = 23.233  GAME2 = 23.252  GAME3 = 23.265  lr = 1.00e-05  time = 7.6s
[e010 s0001/1030] loss = 0.388100
[e010 s0050/1030] loss = 3.659281
[e010 s0100/1030] loss = 3.157106
[e010 s0150/1030] loss = 3.510674
[e010 s0200/1030] loss = 3.175313
[e010 s0250/1030] loss = 3.697750
[e010 s0300/1030] loss = 3.529226
[e010 s0350/1030] loss = 3.355394
[e010 s0400/1030] loss = 3.404326
[e010 s0450/1030] loss = 3.829674
[e010 s0500/1030] loss = 3.685280
[e010 s0550/1030] loss = 3.544666
[e010 s0600/1030] loss = 3.426676
[e010 s0650/1030] loss = 3.457150
[e010 s0700/1030] loss = 3.417272
[e010 s0750/1030] loss = 3.280299
[e010 s0800/1030] loss = 3.245180
[e010 s0850/1030] loss = 3.232958
[e010 s0900/1030] loss = 3.266257
[e010 s0950/1030] loss = 3.348534
[e010 s1000/1030] loss = 3.277940
Epoch 010: train_loss = 3.276662  MAE/GAME0 = 23.223  RMSE = 42.234  GAME1 = 23.234  GAME2 = 23.250  GAME3 = 23.261  lr = 1.00e-05  time = 7.5s
[e011 s0001/1030] loss = 0.971240
[e011 s0050/1030] loss = 2.108513
[e011 s0100/1030] loss = 2.998963
[e011 s0150/1030] loss = 3.083739
[e011 s0200/1030] loss = 3.685222
[e011 s0250/1030] loss = 3.190379
[e011 s0300/1030] loss = 2.940226
[e011 s0350/1030] loss = 2.905356
[e011 s0400/1030] loss = 3.038563
[e011 s0450/1030] loss = 2.880478
[e011 s0500/1030] loss = 2.830206
[e011 s0550/1030] loss = 2.837782
[e011 s0600/1030] loss = 2.735477
[e011 s0650/1030] loss = 2.776077
[e011 s0700/1030] loss = 2.805021
[e011 s0750/1030] loss = 2.804792
[e011 s0800/1030] loss = 2.797480
[e011 s0850/1030] loss = 2.793416
[e011 s0900/1030] loss = 2.997640
[e011 s0950/1030] loss = 3.434204
[e011 s1000/1030] loss = 3.369241
Epoch 011: train_loss = 3.325170  MAE/GAME0 = 23.227  RMSE = 42.236  GAME1 = 23.236  GAME2 = 23.248  GAME3 = 23.257  lr = 1.00e-05  time = 7.6s
[e012 s0001/1030] loss = 0.000070
[e012 s0050/1030] loss = 1.635480
[e012 s0100/1030] loss = 1.842717
[e012 s0150/1030] loss = 2.591527
[e012 s0200/1030] loss = 2.563036
[e012 s0250/1030] loss = 2.852162
[e012 s0300/1030] loss = 2.797176
[e012 s0350/1030] loss = 2.723208
[e012 s0400/1030] loss = 2.608171
[e012 s0450/1030] loss = 2.765111
[e012 s0500/1030] loss = 2.685863
[e012 s0550/1030] loss = 2.871124
[e012 s0600/1030] loss = 2.982089
[e012 s0650/1030] loss = 3.307703
[e012 s0700/1030] loss = 3.417103
[e012 s0750/1030] loss = 3.346481
[e012 s0800/1030] loss = 3.332344
[e012 s0850/1030] loss = 3.440457
[e012 s0900/1030] loss = 3.374667
[e012 s0950/1030] loss = 3.325919
[e012 s1000/1030] loss = 3.322035
Epoch 012: train_loss = 3.320839  MAE/GAME0 = 23.236  RMSE = 42.242  GAME1 = 23.240  GAME2 = 23.246  GAME3 = 23.250  lr = 1.00e-05  time = 7.5s
[e013 s0001/1030] loss = 11.328738
[e013 s0050/1030] loss = 3.992688
[e013 s0100/1030] loss = 2.675724
[e013 s0150/1030] loss = 2.274537
[e013 s0200/1030] loss = 2.267925
[e013 s0250/1030] loss = 2.773205
[e013 s0300/1030] loss = 2.919429
[e013 s0350/1030] loss = 3.007908
[e013 s0400/1030] loss = 2.922831
[e013 s0450/1030] loss = 2.842859
[e013 s0500/1030] loss = 2.803042
[e013 s0550/1030] loss = 2.738704
[e013 s0600/1030] loss = 2.701293
[e013 s0650/1030] loss = 3.045773
[e013 s0700/1030] loss = 3.012958
[e013 s0750/1030] loss = 2.966273
[e013 s0800/1030] loss = 2.921801
[e013 s0850/1030] loss = 2.906637
[e013 s0900/1030] loss = 2.960136
[e013 s0950/1030] loss = 2.998577
[e013 s1000/1030] loss = 2.929769
Epoch 013: train_loss = 3.179957  MAE/GAME0 = 23.240  RMSE = 42.246  GAME1 = 23.242  GAME2 = 23.244  GAME3 = 23.246  lr = 1.00e-05  time = 7.7s
[e014 s0001/1030] loss = 0.694086
[e014 s0050/1030] loss = 1.658527
[e014 s0100/1030] loss = 2.274421
[e014 s0150/1030] loss = 2.452112
[e014 s0200/1030] loss = 2.082770
[e014 s0250/1030] loss = 2.066517
[e014 s0300/1030] loss = 2.088909
[e014 s0350/1030] loss = 2.681175
[e014 s0400/1030] loss = 3.190151
[e014 s0450/1030] loss = 3.119224
[e014 s0500/1030] loss = 3.006822
[e014 s0550/1030] loss = 3.238474
[e014 s0600/1030] loss = 3.431877
[e014 s0650/1030] loss = 3.403445
[e014 s0700/1030] loss = 3.404142
[e014 s0750/1030] loss = 3.386997
[e014 s0800/1030] loss = 3.505043
[e014 s0850/1030] loss = 3.408123
[e014 s0900/1030] loss = 3.318636
[e014 s0950/1030] loss = 3.554033
[e014 s1000/1030] loss = 3.538787
Epoch 014: train_loss = 3.581853  MAE/GAME0 = 23.242  RMSE = 42.247  GAME1 = 23.243  GAME2 = 23.245  GAME3 = 23.246  lr = 1.00e-05  time = 7.6s
[e015 s0001/1030] loss = 0.041617
[e015 s0050/1030] loss = 2.401201
[e015 s0100/1030] loss = 4.127326
[e015 s0150/1030] loss = 3.789424
[e015 s0200/1030] loss = 3.551917
[e015 s0250/1030] loss = 3.508874
[e015 s0300/1030] loss = 3.258028
[e015 s0350/1030] loss = 3.325233
[e015 s0400/1030] loss = 3.223447
[e015 s0450/1030] loss = 3.169679
[e015 s0500/1030] loss = 3.216136
[e015 s0550/1030] loss = 3.300999
[e015 s0600/1030] loss = 3.206970
[e015 s0650/1030] loss = 3.124971
[e015 s0700/1030] loss = 3.158362
[e015 s0750/1030] loss = 3.217048
[e015 s0800/1030] loss = 3.190109
[e015 s0850/1030] loss = 3.402460
[e015 s0900/1030] loss = 3.459683
[e015 s0950/1030] loss = 3.493585
[e015 s1000/1030] loss = 3.420766
Epoch 015: train_loss = 3.437891  MAE/GAME0 = 23.242  RMSE = 42.246  GAME1 = 23.243  GAME2 = 23.244  GAME3 = 23.246  lr = 1.00e-05  time = 7.6s
[e016 s0001/1030] loss = 0.186785
[e016 s0050/1030] loss = 2.082621
[e016 s0100/1030] loss = 1.976367
[e016 s0150/1030] loss = 3.234223
[e016 s0200/1030] loss = 3.930948
[e016 s0250/1030] loss = 3.739637
[e016 s0300/1030] loss = 3.489529
[e016 s0350/1030] loss = 3.785739
[e016 s0400/1030] loss = 3.838164
[e016 s0450/1030] loss = 3.838835
[e016 s0500/1030] loss = 3.777687
[e016 s0550/1030] loss = 3.709169
[e016 s0600/1030] loss = 3.596773
[e016 s0650/1030] loss = 3.447931
[e016 s0700/1030] loss = 3.537157
[e016 s0750/1030] loss = 3.485264
[e016 s0800/1030] loss = 3.361763
[e016 s0850/1030] loss = 3.298924
[e016 s0900/1030] loss = 3.267265
[e016 s0950/1030] loss = 3.318331
[e016 s1000/1030] loss = 3.268576
Epoch 016: train_loss = 3.224742  MAE/GAME0 = 23.242  RMSE = 42.246  GAME1 = 23.243  GAME2 = 23.244  GAME3 = 23.246  lr = 1.00e-05  time = 7.6s
[e017 s0001/1030] loss = 4.015625
[e017 s0050/1030] loss = 2.690106
[e017 s0100/1030] loss = 3.192619
[e017 s0150/1030] loss = 3.665069
[e017 s0200/1030] loss = 3.156701
[e017 s0250/1030] loss = 2.894698
[e017 s0300/1030] loss = 2.901247
[e017 s0350/1030] loss = 2.825577
[e017 s0400/1030] loss = 2.858513
[e017 s0450/1030] loss = 2.901738
[e017 s0500/1030] loss = 3.232305
[e017 s0550/1030] loss = 3.139396
[e017 s0600/1030] loss = 3.069884
[e017 s0650/1030] loss = 3.045994
[e017 s0700/1030] loss = 2.990036
[e017 s0750/1030] loss = 2.998146
[e017 s0800/1030] loss = 3.038276
[e017 s0850/1030] loss = 2.973861
[e017 s0900/1030] loss = 3.154572
[e017 s0950/1030] loss = 3.125767
[e017 s1000/1030] loss = 3.104748
Epoch 017: train_loss = 3.052503  MAE/GAME0 = 23.220  RMSE = 42.235  GAME1 = 23.224  GAME2 = 23.232  GAME3 = 23.243  lr = 1.00e-05  time = 7.6s
[e018 s0001/1030] loss = 0.049631
[e018 s0050/1030] loss = 3.052010
[e018 s0100/1030] loss = 3.320289
[e018 s0150/1030] loss = 2.986239
[e018 s0200/1030] loss = 3.100469
[e018 s0250/1030] loss = 3.139192
[e018 s0300/1030] loss = 3.818358
[e018 s0350/1030] loss = 3.576288
[e018 s0400/1030] loss = 3.423822
[e018 s0450/1030] loss = 3.383089
[e018 s0500/1030] loss = 3.316693
[e018 s0550/1030] loss = 3.382278
[e018 s0600/1030] loss = 3.257635
[e018 s0650/1030] loss = 3.192066
[e018 s0700/1030] loss = 3.251387
[e018 s0750/1030] loss = 3.116430
[e018 s0800/1030] loss = 3.083198
[e018 s0850/1030] loss = 3.060858
[e018 s0900/1030] loss = 2.983311
[e018 s0950/1030] loss = 2.953935
[e018 s1000/1030] loss = 3.020755
Epoch 018: train_loss = 3.258726  MAE/GAME0 = 23.242  RMSE = 42.246  GAME1 = 23.243  GAME2 = 23.246  GAME3 = 23.247  lr = 1.00e-05  time = 7.5s
[e019 s0001/1030] loss = 3.400587
[e019 s0050/1030] loss = 2.428584
[e019 s0100/1030] loss = 2.760558
[e019 s0150/1030] loss = 3.300442
[e019 s0200/1030] loss = 2.979847
[e019 s0250/1030] loss = 3.707125
[e019 s0300/1030] loss = 3.487591
[e019 s0350/1030] loss = 3.373766
[e019 s0400/1030] loss = 3.494917
[e019 s0450/1030] loss = 3.614391
[e019 s0500/1030] loss = 3.435572
[e019 s0550/1030] loss = 3.279951
[e019 s0600/1030] loss = 3.162645
[e019 s0650/1030] loss = 3.045586
[e019 s0700/1030] loss = 2.961976
[e019 s0750/1030] loss = 3.056683
[e019 s0800/1030] loss = 3.002079
[e019 s0850/1030] loss = 3.009509
[e019 s0900/1030] loss = 3.042325
[e019 s0950/1030] loss = 3.030150
[e019 s1000/1030] loss = 2.971642
Epoch 019: train_loss = 2.929532  MAE/GAME0 = 23.245  RMSE = 42.247  GAME1 = 23.245  GAME2 = 23.245  GAME3 = 23.245  lr = 1.00e-05  time = 7.7s
[e020 s0001/1030] loss = 2.201193
[e020 s0050/1030] loss = 2.962915
[e020 s0100/1030] loss = 3.415898
[e020 s0150/1030] loss = 3.047153
[e020 s0200/1030] loss = 2.793233
[e020 s0250/1030] loss = 3.501415
[e020 s0300/1030] loss = 3.284947
[e020 s0350/1030] loss = 3.444921
[e020 s0400/1030] loss = 3.372571
[e020 s0450/1030] loss = 3.443314
[e020 s0500/1030] loss = 3.228795
[e020 s0550/1030] loss = 3.497231
[e020 s0600/1030] loss = 3.463585
[e020 s0650/1030] loss = 3.421143
[e020 s0700/1030] loss = 3.300642
[e020 s0750/1030] loss = 3.298258
[e020 s0800/1030] loss = 3.290852
[e020 s0850/1030] loss = 3.242094
[e020 s0900/1030] loss = 3.179942
[e020 s0950/1030] loss = 3.120040
[e020 s1000/1030] loss = 3.100230
Epoch 020: train_loss = 3.178164  MAE/GAME0 = 23.243  RMSE = 42.246  GAME1 = 23.244  GAME2 = 23.246  GAME3 = 23.247  lr = 1.00e-05  time = 7.6s
[e021 s0001/1030] loss = 0.710309
[e021 s0050/1030] loss = 2.302990
[e021 s0100/1030] loss = 2.789057
[e021 s0150/1030] loss = 2.706057
[e021 s0200/1030] loss = 2.890022
[e021 s0250/1030] loss = 3.151845
[e021 s0300/1030] loss = 3.139797
[e021 s0350/1030] loss = 2.886325
[e021 s0400/1030] loss = 2.990370
[e021 s0450/1030] loss = 3.089454
[e021 s0500/1030] loss = 3.019477
[e021 s0550/1030] loss = 2.989878
[e021 s0600/1030] loss = 2.880913
[e021 s0650/1030] loss = 2.916327
[e021 s0700/1030] loss = 2.930809
[e021 s0750/1030] loss = 2.832547
[e021 s0800/1030] loss = 2.832850
[e021 s0850/1030] loss = 3.422150
[e021 s0900/1030] loss = 3.400322
[e021 s0950/1030] loss = 3.315881
[e021 s1000/1030] loss = 3.603862
Epoch 021: train_loss = 3.554213  MAE/GAME0 = 23.245  RMSE = 42.248  GAME1 = 23.245  GAME2 = 23.245  GAME3 = 23.245  lr = 1.00e-05  time = 7.6s
[e022 s0001/1030] loss = 6.069504
[e022 s0050/1030] loss = 1.353546
[e022 s0100/1030] loss = 1.769672
[e022 s0150/1030] loss = 2.184296
[e022 s0200/1030] loss = 2.560412
[e022 s0250/1030] loss = 2.641458
[e022 s0300/1030] loss = 2.758451
[e022 s0350/1030] loss = 3.330560
[e022 s0400/1030] loss = 3.481982
[e022 s0450/1030] loss = 3.456940
[e022 s0500/1030] loss = 3.787923
[e022 s0550/1030] loss = 3.805977
[e022 s0600/1030] loss = 3.972761
[e022 s0650/1030] loss = 3.805071
[e022 s0700/1030] loss = 3.700826
[e022 s0750/1030] loss = 3.561937
[e022 s0800/1030] loss = 3.482612
[e022 s0850/1030] loss = 3.418514
[e022 s0900/1030] loss = 3.371778
[e022 s0950/1030] loss = 3.293658
[e022 s1000/1030] loss = 3.263166
Epoch 022: train_loss = 3.226363  MAE/GAME0 = 23.245  RMSE = 42.247  GAME1 = 23.245  GAME2 = 23.245  GAME3 = 23.245  lr = 1.00e-05  time = 7.7s
[e023 s0001/1030] loss = 1.542027
[e023 s0050/1030] loss = 2.009332
[e023 s0100/1030] loss = 2.786974
[e023 s0150/1030] loss = 2.783276
[e023 s0200/1030] loss = 2.825136
[e023 s0250/1030] loss = 2.848745
[e023 s0300/1030] loss = 2.829536
[e023 s0350/1030] loss = 2.790724
[e023 s0400/1030] loss = 2.782866
[e023 s0450/1030] loss = 2.795068
[e023 s0500/1030] loss = 2.731308
[e023 s0550/1030] loss = 2.763313
[e023 s0600/1030] loss = 3.008662
[e023 s0650/1030] loss = 2.951692
[e023 s0700/1030] loss = 3.168012
[e023 s0750/1030] loss = 3.278130
[e023 s0800/1030] loss = 3.279783
[e023 s0850/1030] loss = 3.281222
[e023 s0900/1030] loss = 3.263221
[e023 s0950/1030] loss = 3.250253
[e023 s1000/1030] loss = 3.266156
Epoch 023: train_loss = 3.264324  MAE/GAME0 = 23.244  RMSE = 42.247  GAME1 = 23.245  GAME2 = 23.246  GAME3 = 23.246  lr = 1.00e-05  time = 7.5s
[e024 s0001/1030] loss = 3.766434
[e024 s0050/1030] loss = 3.431108
[e024 s0100/1030] loss = 3.407523
[e024 s0150/1030] loss = 3.064125
[e024 s0200/1030] loss = 2.983295
[e024 s0250/1030] loss = 2.862739
[e024 s0300/1030] loss = 3.238892
[e024 s0350/1030] loss = 3.105292
[e024 s0400/1030] loss = 3.153626
[e024 s0450/1030] loss = 3.133733
[e024 s0500/1030] loss = 3.018502
[e024 s0550/1030] loss = 2.915649
[e024 s0600/1030] loss = 2.850970
[e024 s0650/1030] loss = 2.828371
[e024 s0700/1030] loss = 2.761994
[e024 s0750/1030] loss = 2.798420
[e024 s0800/1030] loss = 2.992905
[e024 s0850/1030] loss = 2.955491
[e024 s0900/1030] loss = 2.973898
[e024 s0950/1030] loss = 2.981664
[e024 s1000/1030] loss = 2.906321
Epoch 024: train_loss = 2.881542  MAE/GAME0 = 23.245  RMSE = 42.248  GAME1 = 23.245  GAME2 = 23.245  GAME3 = 23.245  lr = 1.00e-05  time = 7.6s
[e025 s0001/1030] loss = 0.093269
[e025 s0050/1030] loss = 1.741228
[e025 s0100/1030] loss = 2.124155
[e025 s0150/1030] loss = 2.317313
[e025 s0200/1030] loss = 2.252894
[e025 s0250/1030] loss = 2.898313
[e025 s0300/1030] loss = 2.881523
[e025 s0350/1030] loss = 3.379634
[e025 s0400/1030] loss = 3.158281
[e025 s0450/1030] loss = 3.034905
[e025 s0500/1030] loss = 2.906997
[e025 s0550/1030] loss = 2.788281
[e025 s0600/1030] loss = 2.846489
[e025 s0650/1030] loss = 2.737048
[e025 s0700/1030] loss = 2.696750
[e025 s0750/1030] loss = 2.649798
[e025 s0800/1030] loss = 2.628235
[e025 s0850/1030] loss = 2.646958
[e025 s0900/1030] loss = 2.618586
[e025 s0950/1030] loss = 2.591251
[e025 s1000/1030] loss = 2.643537
Epoch 025: train_loss = 2.957702  MAE/GAME0 = 23.245  RMSE = 42.248  GAME1 = 23.245  GAME2 = 23.245  GAME3 = 23.245  lr = 1.00e-05  time = 7.6s
[e026 s0001/1030] loss = 0.193515
[e026 s0050/1030] loss = 3.287926
[e026 s0100/1030] loss = 2.993882
[e026 s0150/1030] loss = 2.826678
[e026 s0200/1030] loss = 2.742069
[e026 s0250/1030] loss = 2.812054
[e026 s0300/1030] loss = 3.724024
[e026 s0350/1030] loss = 3.455461
[e026 s0400/1030] loss = 3.461651
[e026 s0450/1030] loss = 3.504268
[e026 s0500/1030] loss = 3.492431
[e026 s0550/1030] loss = 3.387509
[e026 s0600/1030] loss = 3.243163
[e026 s0650/1030] loss = 3.296617
[e026 s0700/1030] loss = 3.272533
[e026 s0750/1030] loss = 3.465224
[e026 s0800/1030] loss = 3.347401
[e026 s0850/1030] loss = 3.288677
[e026 s0900/1030] loss = 3.242404
[e026 s0950/1030] loss = 3.187258
[e026 s1000/1030] loss = 3.107087
Epoch 026: train_loss = 3.178009  MAE/GAME0 = 23.244  RMSE = 42.247  GAME1 = 23.244  GAME2 = 23.245  GAME3 = 23.246  lr = 1.00e-05  time = 7.7s
[e027 s0001/1030] loss = 1.455525
[e027 s0050/1030] loss = 3.828059
[e027 s0100/1030] loss = 3.066093
[e027 s0150/1030] loss = 2.884153
[e027 s0200/1030] loss = 2.629382
[e027 s0250/1030] loss = 2.738687
[e027 s0300/1030] loss = 2.980301
[e027 s0350/1030] loss = 3.016543
[e027 s0400/1030] loss = 3.062448
[e027 s0450/1030] loss = 2.940095
[e027 s0500/1030] loss = 3.103743
[e027 s0550/1030] loss = 3.088483
[e027 s0600/1030] loss = 3.071315
[e027 s0650/1030] loss = 3.287719
[e027 s0700/1030] loss = 3.295935
[e027 s0750/1030] loss = 3.251715
[e027 s0800/1030] loss = 3.227115
[e027 s0850/1030] loss = 3.104157
[e027 s0900/1030] loss = 3.108520
[e027 s0950/1030] loss = 3.265940
[e027 s1000/1030] loss = 3.235315
Epoch 027: train_loss = 3.494789  MAE/GAME0 = 23.245  RMSE = 42.248  GAME1 = 23.245  GAME2 = 23.245  GAME3 = 23.245  lr = 1.00e-05  time = 7.6s
[e028 s0001/1030] loss = 0.455330
[e028 s0050/1030] loss = 4.879297
[e028 s0100/1030] loss = 3.736667
[e028 s0150/1030] loss = 3.021251
[e028 s0200/1030] loss = 3.085848
[e028 s0250/1030] loss = 2.967365
[e028 s0300/1030] loss = 2.930678
[e028 s0350/1030] loss = 3.078219
[e028 s0400/1030] loss = 3.071177
[e028 s0450/1030] loss = 2.993152
[e028 s0500/1030] loss = 2.991120
[e028 s0550/1030] loss = 2.887608
[e028 s0600/1030] loss = 2.853294
[e028 s0650/1030] loss = 2.784676
[e028 s0700/1030] loss = 3.419925
[e028 s0750/1030] loss = 3.353721
[e028 s0800/1030] loss = 3.419624
[e028 s0850/1030] loss = 3.361647
[e028 s0900/1030] loss = 3.311851
[e028 s0950/1030] loss = 3.281504
[e028 s1000/1030] loss = 3.244967
Epoch 028: train_loss = 3.246999  MAE/GAME0 = 23.245  RMSE = 42.248  GAME1 = 23.245  GAME2 = 23.245  GAME3 = 23.245  lr = 1.00e-05  time = 7.6s
[e029 s0001/1030] loss = 1.000643
[e029 s0050/1030] loss = 4.460080
[e029 s0100/1030] loss = 3.391740
[e029 s0150/1030] loss = 3.162180
[e029 s0200/1030] loss = 3.129922
[e029 s0250/1030] loss = 3.683180
[e029 s0300/1030] loss = 3.491639
[e029 s0350/1030] loss = 3.264848
[e029 s0400/1030] loss = 3.190767
[e029 s0450/1030] loss = 3.143025
[e029 s0500/1030] loss = 3.098603
[e029 s0550/1030] loss = 2.990424
[e029 s0600/1030] loss = 2.864399
[e029 s0650/1030] loss = 3.961111
[e029 s0700/1030] loss = 4.032338
[e029 s0750/1030] loss = 3.918254
[e029 s0800/1030] loss = 3.867103
[e029 s0850/1030] loss = 3.755768
[e029 s0900/1030] loss = 3.679754
[e029 s0950/1030] loss = 3.599704
[e029 s1000/1030] loss = 3.577927
Epoch 029: train_loss = 3.559511  MAE/GAME0 = 23.245  RMSE = 42.248  GAME1 = 23.245  GAME2 = 23.245  GAME3 = 23.245  lr = 1.00e-05  time = 7.6s
[e030 s0001/1030] loss = 1.993678
[e030 s0050/1030] loss = 4.088425
[e030 s0100/1030] loss = 3.452653
[e030 s0150/1030] loss = 3.748660
[e030 s0200/1030] loss = 3.663655
[e030 s0250/1030] loss = 4.201771
[e030 s0300/1030] loss = 4.086142
[e030 s0350/1030] loss = 3.962389
[e030 s0400/1030] loss = 3.862292
[e030 s0450/1030] loss = 3.616963
[e030 s0500/1030] loss = 3.446994
[e030 s0550/1030] loss = 3.344486
[e030 s0600/1030] loss = 3.274065
[e030 s0650/1030] loss = 3.101097
[e030 s0700/1030] loss = 3.052322
[e030 s0750/1030] loss = 3.359302
[e030 s0800/1030] loss = 3.640518
[e030 s0850/1030] loss = 3.634622
[e030 s0900/1030] loss = 3.533840
[e030 s0950/1030] loss = 3.525176
[e030 s1000/1030] loss = 3.480174
Epoch 030: train_loss = 3.548752  MAE/GAME0 = 23.245  RMSE = 42.248  GAME1 = 23.245  GAME2 = 23.245  GAME3 = 23.245  lr = 1.00e-05  time = 7.7s
[e031 s0001/1030] loss = 1.114066
[e031 s0050/1030] loss = 2.989656
[e031 s0100/1030] loss = 2.784840
[e031 s0150/1030] loss = 2.348645
[e031 s0200/1030] loss = 2.560859
[e031 s0250/1030] loss = 2.434560
[e031 s0300/1030] loss = 2.429422
[e031 s0350/1030] loss = 2.579120
[e031 s0400/1030] loss = 2.565046
[e031 s0450/1030] loss = 2.633883
[e031 s0500/1030] loss = 2.594611
[e031 s0550/1030] loss = 2.683768
[e031 s0600/1030] loss = 2.686394
[e031 s0650/1030] loss = 2.641215
[e031 s0700/1030] loss = 2.590741
[e031 s0750/1030] loss = 2.834947
[e031 s0800/1030] loss = 3.467041
[e031 s0850/1030] loss = 3.443425
[e031 s0900/1030] loss = 3.542383
[e031 s0950/1030] loss = 3.525786
[e031 s1000/1030] loss = 3.467153
Epoch 031: train_loss = 3.435683  MAE/GAME0 = 23.245  RMSE = 42.248  GAME1 = 23.245  GAME2 = 23.245  GAME3 = 23.245  lr = 1.00e-05  time = 7.6s
[e032 s0001/1030] loss = 6.949456
[e032 s0050/1030] loss = 3.319367
[e032 s0100/1030] loss = 4.180002
[e032 s0150/1030] loss = 3.518343
[e032 s0200/1030] loss = 3.499444
[e032 s0250/1030] loss = 3.399977
[e032 s0300/1030] loss = 3.266577
[e032 s0350/1030] loss = 3.325856
[e032 s0400/1030] loss = 3.358643
[e032 s0450/1030] loss = 3.607146
[e032 s0500/1030] loss = 3.484169
[e032 s0550/1030] loss = 3.302454
[e032 s0600/1030] loss = 3.283337
[e032 s0650/1030] loss = 3.251404
[e032 s0700/1030] loss = 3.251684
[e032 s0750/1030] loss = 3.507541
[e032 s0800/1030] loss = 3.405595
[e032 s0850/1030] loss = 3.365556
[e032 s0900/1030] loss = 3.309046
[e032 s0950/1030] loss = 3.383465
[e032 s1000/1030] loss = 3.309244
Epoch 032: train_loss = 3.262072  MAE/GAME0 = 23.245  RMSE = 42.248  GAME1 = 23.245  GAME2 = 23.245  GAME3 = 23.245  lr = 1.00e-05  time = 7.6s
[e033 s0001/1030] loss = 3.525660
[e033 s0050/1030] loss = 2.203425
[e033 s0100/1030] loss = 2.405830
[e033 s0150/1030] loss = 2.182270
[e033 s0200/1030] loss = 2.142712
[e033 s0250/1030] loss = 2.200083
[e033 s0300/1030] loss = 2.143635
[e033 s0350/1030] loss = 2.173805
[e033 s0400/1030] loss = 2.434843
[e033 s0450/1030] loss = 3.417068
[e033 s0500/1030] loss = 3.308840
[e033 s0550/1030] loss = 3.412956
[e033 s0600/1030] loss = 3.257413
[e033 s0650/1030] loss = 3.272017
[e033 s0700/1030] loss = 3.146735
[e033 s0750/1030] loss = 3.196296
[e033 s0800/1030] loss = 3.133811
[e033 s0850/1030] loss = 3.072519
[e033 s0900/1030] loss = 3.081282
[e033 s0950/1030] loss = 2.986990
[e033 s1000/1030] loss = 3.127390
Epoch 033: train_loss = 3.087489  MAE/GAME0 = 23.245  RMSE = 42.248  GAME1 = 23.245  GAME2 = 23.245  GAME3 = 23.245  lr = 1.00e-05  time = 7.6s
[e034 s0001/1030] loss = 0.041042
[e034 s0050/1030] loss = 2.004736
[e034 s0100/1030] loss = 3.041365
[e034 s0150/1030] loss = 2.670413
[e034 s0200/1030] loss = 2.664204
[e034 s0250/1030] loss = 2.627392
[e034 s0300/1030] loss = 2.692561
[e034 s0350/1030] loss = 3.065147
[e034 s0400/1030] loss = 2.981941
[e034 s0450/1030] loss = 2.880529
[e034 s0500/1030] loss = 2.995223
[e034 s0550/1030] loss = 3.235749
[e034 s0600/1030] loss = 3.298939
[e034 s0650/1030] loss = 3.162142
[e034 s0700/1030] loss = 3.238606
[e034 s0750/1030] loss = 3.293665
[e034 s0800/1030] loss = 3.235375
[e034 s0850/1030] loss = 3.177955
[e034 s0900/1030] loss = 3.194325
[e034 s0950/1030] loss = 3.122918
[e034 s1000/1030] loss = 3.096464
Epoch 034: train_loss = 3.085816  MAE/GAME0 = 23.245  RMSE = 42.248  GAME1 = 23.245  GAME2 = 23.245  GAME3 = 23.245  lr = 1.00e-05  time = 7.7s
[e035 s0001/1030] loss = 4.911903
[e035 s0050/1030] loss = 3.538284
[e035 s0100/1030] loss = 3.442894
[e035 s0150/1030] loss = 2.940433
[e035 s0200/1030] loss = 2.950930
[e035 s0250/1030] loss = 3.331111
[e035 s0300/1030] loss = 3.091097
[e035 s0350/1030] loss = 3.754131
[e035 s0400/1030] loss = 3.503990
[e035 s0450/1030] loss = 3.438213
[e035 s0500/1030] loss = 3.356778
[e035 s0550/1030] loss = 3.282243
[e035 s0600/1030] loss = 3.150174
[e035 s0650/1030] loss = 3.145600
[e035 s0700/1030] loss = 3.103847
[e035 s0750/1030] loss = 3.039743
[e035 s0800/1030] loss = 2.987327
[e035 s0850/1030] loss = 2.953129
[e035 s0900/1030] loss = 2.961358
[e035 s0950/1030] loss = 2.983860
[e035 s1000/1030] loss = 3.137723
Epoch 035: train_loss = 3.148149  MAE/GAME0 = 23.245  RMSE = 42.248  GAME1 = 23.245  GAME2 = 23.245  GAME3 = 23.245  lr = 1.00e-05  time = 7.5s
[e036 s0001/1030] loss = 0.106811
[e036 s0050/1030] loss = 6.916435
[e036 s0100/1030] loss = 4.794211
[e036 s0150/1030] loss = 4.095310
[e036 s0200/1030] loss = 3.677797
[e036 s0250/1030] loss = 4.462572
[e036 s0300/1030] loss = 4.053343
[e036 s0350/1030] loss = 3.785329
[e036 s0400/1030] loss = 3.573603
[e036 s0450/1030] loss = 3.551168
[e036 s0500/1030] loss = 3.539592
[e036 s0550/1030] loss = 3.709302
[e036 s0600/1030] loss = 3.619611
[e036 s0650/1030] loss = 3.551334
[e036 s0700/1030] loss = 3.496845
[e036 s0750/1030] loss = 3.507367
[e036 s0800/1030] loss = 3.428761
[e036 s0850/1030] loss = 3.361232
[e036 s0900/1030] loss = 3.376150
[e036 s0950/1030] loss = 3.286012
[e036 s1000/1030] loss = 3.224742
Epoch 036: train_loss = 3.194579  MAE/GAME0 = 23.245  RMSE = 42.248  GAME1 = 23.245  GAME2 = 23.245  GAME3 = 23.245  lr = 1.00e-05  time = 7.7s
[e037 s0001/1030] loss = 0.312565
[e037 s0050/1030] loss = 1.215704
[e037 s0100/1030] loss = 2.232662
[e037 s0150/1030] loss = 2.125715
[e037 s0200/1030] loss = 2.473459
[e037 s0250/1030] loss = 2.507908
[e037 s0300/1030] loss = 2.446779
[e037 s0350/1030] loss = 2.523171
[e037 s0400/1030] loss = 2.658894
[e037 s0450/1030] loss = 2.491888
[e037 s0500/1030] loss = 2.432814
[e037 s0550/1030] loss = 2.556453
[e037 s0600/1030] loss = 2.619287
[e037 s0650/1030] loss = 2.623689
[e037 s0700/1030] loss = 2.723445
[e037 s0750/1030] loss = 2.976101
[e037 s0800/1030] loss = 2.969366
[e037 s0850/1030] loss = 2.974698
[e037 s0900/1030] loss = 2.997955
[e037 s0950/1030] loss = 3.242413
[e037 s1000/1030] loss = 3.202422
Epoch 037: train_loss = 3.138714  MAE/GAME0 = 23.245  RMSE = 42.248  GAME1 = 23.245  GAME2 = 23.245  GAME3 = 23.245  lr = 1.00e-05  time = 7.6s
[e038 s0001/1030] loss = 0.032822
[e038 s0050/1030] loss = 5.043503
[e038 s0100/1030] loss = 4.834875
[e038 s0150/1030] loss = 6.163404
[e038 s0200/1030] loss = 5.480718
[e038 s0250/1030] loss = 5.005348
[e038 s0300/1030] loss = 4.401962
[e038 s0350/1030] loss = 4.304231
[e038 s0400/1030] loss = 4.329052
[e038 s0450/1030] loss = 4.245923
[e038 s0500/1030] loss = 4.147170
[e038 s0550/1030] loss = 3.975251
[e038 s0600/1030] loss = 3.880777
[e038 s0650/1030] loss = 3.725432
[e038 s0700/1030] loss = 3.663061
[e038 s0750/1030] loss = 3.571530
[e038 s0800/1030] loss = 3.446104
[e038 s0850/1030] loss = 3.481535
[e038 s0900/1030] loss = 3.450805
[e038 s0950/1030] loss = 3.415528
[e038 s1000/1030] loss = 3.386487
Epoch 038: train_loss = 3.337733  MAE/GAME0 = 23.245  RMSE = 42.248  GAME1 = 23.245  GAME2 = 23.245  GAME3 = 23.245  lr = 1.00e-05  time = 7.5s
[e039 s0001/1030] loss = 0.074299
[e039 s0050/1030] loss = 1.969944
[e039 s0100/1030] loss = 2.853467
[e039 s0150/1030] loss = 2.873694
[e039 s0200/1030] loss = 3.167011
[e039 s0250/1030] loss = 2.886302
[e039 s0300/1030] loss = 3.088886
[e039 s0350/1030] loss = 3.017838
[e039 s0400/1030] loss = 3.798053
[e039 s0450/1030] loss = 3.549528
[e039 s0500/1030] loss = 3.453746
[e039 s0550/1030] loss = 3.317079
[e039 s0600/1030] loss = 3.164583
[e039 s0650/1030] loss = 3.128629
[e039 s0700/1030] loss = 3.091551
[e039 s0750/1030] loss = 3.058796
[e039 s0800/1030] loss = 3.269265
[e039 s0850/1030] loss = 3.206165
[e039 s0900/1030] loss = 3.181150
[e039 s0950/1030] loss = 3.338115
[e039 s1000/1030] loss = 3.240869
Epoch 039: train_loss = 3.221404  MAE/GAME0 = 23.245  RMSE = 42.248  GAME1 = 23.245  GAME2 = 23.245  GAME3 = 23.245  lr = 1.00e-05  time = 7.6s
[e040 s0001/1030] loss = 0.023703
[e040 s0050/1030] loss = 2.509918
[e040 s0100/1030] loss = 4.383664
[e040 s0150/1030] loss = 3.742162
[e040 s0200/1030] loss = 4.453228
[e040 s0250/1030] loss = 4.317257
[e040 s0300/1030] loss = 4.080026
[e040 s0350/1030] loss = 3.817103
[e040 s0400/1030] loss = 3.918060
[e040 s0450/1030] loss = 3.869696
[e040 s0500/1030] loss = 3.665935
[e040 s0550/1030] loss = 3.509476
[e040 s0600/1030] loss = 3.394132
[e040 s0650/1030] loss = 3.270416
[e040 s0700/1030] loss = 3.198386
[e040 s0750/1030] loss = 3.284826
[e040 s0800/1030] loss = 3.205228
[e040 s0850/1030] loss = 3.144620
[e040 s0900/1030] loss = 3.108483
[e040 s0950/1030] loss = 3.103208
[e040 s1000/1030] loss = 3.060888
Epoch 040: train_loss = 3.195494  MAE/GAME0 = 23.245  RMSE = 42.248  GAME1 = 23.245  GAME2 = 23.245  GAME3 = 23.245  lr = 1.00e-05  time = 7.6s
[e041 s0001/1030] loss = 1.082784
[e041 s0050/1030] loss = 2.957841
[e041 s0100/1030] loss = 2.833579
[e041 s0150/1030] loss = 4.431838
[e041 s0200/1030] loss = 4.193008
[e041 s0250/1030] loss = 3.966322
[e041 s0300/1030] loss = 4.229101
[e041 s0350/1030] loss = 4.021957
[e041 s0400/1030] loss = 3.817980
[e041 s0450/1030] loss = 3.686830
[e041 s0500/1030] loss = 3.624068
[e041 s0550/1030] loss = 4.334988
[e041 s0600/1030] loss = 4.114758
[e041 s0650/1030] loss = 4.012987
[e041 s0700/1030] loss = 3.950611
[e041 s0750/1030] loss = 3.874458
[e041 s0800/1030] loss = 3.788712
[e041 s0850/1030] loss = 3.688021
[e041 s0900/1030] loss = 3.661552
[e041 s0950/1030] loss = 3.647827
[e041 s1000/1030] loss = 3.548506
Epoch 041: train_loss = 3.517703  MAE/GAME0 = 23.245  RMSE = 42.248  GAME1 = 23.245  GAME2 = 23.245  GAME3 = 23.245  lr = 1.00e-05  time = 7.6s
[e042 s0001/1030] loss = 0.186508
[e042 s0050/1030] loss = 3.272549
[e042 s0100/1030] loss = 2.993937
[e042 s0150/1030] loss = 2.583825
[e042 s0200/1030] loss = 2.402373
[e042 s0250/1030] loss = 2.255038
[e042 s0300/1030] loss = 2.871114
[e042 s0350/1030] loss = 3.375874
[e042 s0400/1030] loss = 3.271645
[e042 s0450/1030] loss = 3.277960
[e042 s0500/1030] loss = 3.197732
[e042 s0550/1030] loss = 3.146909
[e042 s0600/1030] loss = 3.153171
[e042 s0650/1030] loss = 3.107591
[e042 s0700/1030] loss = 3.056136
[e042 s0750/1030] loss = 3.033270
[e042 s0800/1030] loss = 3.035347
[e042 s0850/1030] loss = 2.953786
[e042 s0900/1030] loss = 2.870923
[e042 s0950/1030] loss = 2.875550
[e042 s1000/1030] loss = 2.846196
Epoch 042: train_loss = 2.864399  MAE/GAME0 = 23.245  RMSE = 42.248  GAME1 = 23.245  GAME2 = 23.245  GAME3 = 23.245  lr = 1.00e-05  time = 7.6s
[e043 s0001/1030] loss = 0.276774
[e043 s0050/1030] loss = 5.031761
[e043 s0100/1030] loss = 3.582298
[e043 s0150/1030] loss = 3.351325
[e043 s0200/1030] loss = 2.989832
[e043 s0250/1030] loss = 2.802733
[e043 s0300/1030] loss = 2.881102
[e043 s0350/1030] loss = 3.081336
[e043 s0400/1030] loss = 2.993392
[e043 s0450/1030] loss = 3.007117
[e043 s0500/1030] loss = 2.873608
[e043 s0550/1030] loss = 3.169766
[e043 s0600/1030] loss = 3.131747
[e043 s0650/1030] loss = 3.298222
[e043 s0700/1030] loss = 3.310827
[e043 s0750/1030] loss = 3.303377
[e043 s0800/1030] loss = 3.287302
[e043 s0850/1030] loss = 3.397387
[e043 s0900/1030] loss = 3.291716
[e043 s0950/1030] loss = 3.252933
[e043 s1000/1030] loss = 3.325314
Epoch 043: train_loss = 3.287692  MAE/GAME0 = 23.244  RMSE = 42.247  GAME1 = 23.245  GAME2 = 23.245  GAME3 = 23.246  lr = 1.00e-05  time = 7.6s
[e044 s0001/1030] loss = 2.386604
[e044 s0050/1030] loss = 4.858375
[e044 s0100/1030] loss = 5.489782
[e044 s0150/1030] loss = 4.500922
[e044 s0200/1030] loss = 4.034028
[e044 s0250/1030] loss = 3.633464
[e044 s0300/1030] loss = 4.099398
[e044 s0350/1030] loss = 3.854734
[e044 s0400/1030] loss = 3.746618
[e044 s0450/1030] loss = 3.608819
[e044 s0500/1030] loss = 3.494361
[e044 s0550/1030] loss = 3.508752
[e044 s0600/1030] loss = 3.472803
[e044 s0650/1030] loss = 3.320749
[e044 s0700/1030] loss = 3.419240
[e044 s0750/1030] loss = 3.274022
[e044 s0800/1030] loss = 3.507452
[e044 s0850/1030] loss = 3.401200
[e044 s0900/1030] loss = 3.353034
[e044 s0950/1030] loss = 3.426471
[e044 s1000/1030] loss = 3.392992
Epoch 044: train_loss = 3.418614  MAE/GAME0 = 23.245  RMSE = 42.248  GAME1 = 23.245  GAME2 = 23.245  GAME3 = 23.245  lr = 1.00e-05  time = 7.7s
[e045 s0001/1030] loss = 0.068151
[e045 s0050/1030] loss = 3.413354
[e045 s0100/1030] loss = 3.656754
[e045 s0150/1030] loss = 3.365656
[e045 s0200/1030] loss = 3.353830
[e045 s0250/1030] loss = 3.941602
[e045 s0300/1030] loss = 3.632958
[e045 s0350/1030] loss = 3.463377
[e045 s0400/1030] loss = 3.443609
[e045 s0450/1030] loss = 3.377163
[e045 s0500/1030] loss = 3.202419
[e045 s0550/1030] loss = 3.149685
[e045 s0600/1030] loss = 3.183081
[e045 s0650/1030] loss = 3.231888
[e045 s0700/1030] loss = 3.123289
[e045 s0750/1030] loss = 3.019261
[e045 s0800/1030] loss = 3.016197
[e045 s0850/1030] loss = 3.014154
[e045 s0900/1030] loss = 2.945690
[e045 s0950/1030] loss = 3.026652
[e045 s1000/1030] loss = 3.025794
Epoch 045: train_loss = 3.028639  MAE/GAME0 = 23.245  RMSE = 42.248  GAME1 = 23.245  GAME2 = 23.245  GAME3 = 23.245  lr = 1.00e-05  time = 7.6s
[e046 s0001/1030] loss = 9.725927
[e046 s0050/1030] loss = 3.212407
[e046 s0100/1030] loss = 3.241460
[e046 s0150/1030] loss = 3.147117
[e046 s0200/1030] loss = 2.942500
[e046 s0250/1030] loss = 3.437050
[e046 s0300/1030] loss = 3.121846
[e046 s0350/1030] loss = 3.172709
[e046 s0400/1030] loss = 3.087039
[e046 s0450/1030] loss = 3.107178
[e046 s0500/1030] loss = 2.984434
[e046 s0550/1030] loss = 2.907856
[e046 s0600/1030] loss = 3.067582
[e046 s0650/1030] loss = 3.125987
[e046 s0700/1030] loss = 3.246732
[e046 s0750/1030] loss = 3.491765
[e046 s0800/1030] loss = 3.631141
[e046 s0850/1030] loss = 3.793565
[e046 s0900/1030] loss = 3.764449
[e046 s0950/1030] loss = 3.700504
[e046 s1000/1030] loss = 3.655299
Epoch 046: train_loss = 3.636533  MAE/GAME0 = 23.245  RMSE = 42.248  GAME1 = 23.245  GAME2 = 23.245  GAME3 = 23.245  lr = 1.00e-05  time = 7.5s
[e047 s0001/1030] loss = 20.111813
[e047 s0050/1030] loss = 3.569133
[e047 s0100/1030] loss = 3.073020
[e047 s0150/1030] loss = 2.730137
[e047 s0200/1030] loss = 3.279106
[e047 s0250/1030] loss = 3.214297
[e047 s0300/1030] loss = 2.976975
[e047 s0350/1030] loss = 3.189184
[e047 s0400/1030] loss = 3.151081
[e047 s0450/1030] loss = 2.960083
[e047 s0500/1030] loss = 2.969057
[e047 s0550/1030] loss = 3.076724
[e047 s0600/1030] loss = 3.024420
[e047 s0650/1030] loss = 2.956423
[e047 s0700/1030] loss = 2.958208
[e047 s0750/1030] loss = 3.124470
[e047 s0800/1030] loss = 3.143160
[e047 s0850/1030] loss = 3.262976
[e047 s0900/1030] loss = 3.180757
[e047 s0950/1030] loss = 3.148275
[e047 s1000/1030] loss = 3.113588
Epoch 047: train_loss = 3.083506  MAE/GAME0 = 23.245  RMSE = 42.248  GAME1 = 23.245  GAME2 = 23.245  GAME3 = 23.245  lr = 1.00e-05  time = 7.7s
[e048 s0001/1030] loss = 1.837964
[e048 s0050/1030] loss = 1.721045
[e048 s0100/1030] loss = 1.934629
[e048 s0150/1030] loss = 2.098179
[e048 s0200/1030] loss = 2.057831
[e048 s0250/1030] loss = 2.021877
[e048 s0300/1030] loss = 2.144237
[e048 s0350/1030] loss = 2.306977
[e048 s0400/1030] loss = 2.602743
[e048 s0450/1030] loss = 2.534220
[e048 s0500/1030] loss = 3.370576
[e048 s0550/1030] loss = 3.286131
[e048 s0600/1030] loss = 3.331900
[e048 s0650/1030] loss = 3.313848
[e048 s0700/1030] loss = 3.290022
[e048 s0750/1030] loss = 3.274761
[e048 s0800/1030] loss = 3.182318
[e048 s0850/1030] loss = 3.125738
[e048 s0900/1030] loss = 3.084280
[e048 s0950/1030] loss = 3.014256
[e048 s1000/1030] loss = 3.210096
Epoch 048: train_loss = 3.213419  MAE/GAME0 = 23.245  RMSE = 42.248  GAME1 = 23.245  GAME2 = 23.245  GAME3 = 23.245  lr = 1.00e-05  time = 7.8s
[e049 s0001/1030] loss = 3.446727
[e049 s0050/1030] loss = 1.893455
[e049 s0100/1030] loss = 3.068888
[e049 s0150/1030] loss = 2.559681
[e049 s0200/1030] loss = 2.677575
[e049 s0250/1030] loss = 2.502778
[e049 s0300/1030] loss = 2.541458
[e049 s0350/1030] loss = 2.393927
[e049 s0400/1030] loss = 2.932967
[e049 s0450/1030] loss = 2.919196
[e049 s0500/1030] loss = 2.902288
[e049 s0550/1030] loss = 2.841557
[e049 s0600/1030] loss = 2.819694
[e049 s0650/1030] loss = 3.181116
[e049 s0700/1030] loss = 3.113683
[e049 s0750/1030] loss = 3.057953
[e049 s0800/1030] loss = 2.952185
[e049 s0850/1030] loss = 3.095402
[e049 s0900/1030] loss = 3.010621
[e049 s0950/1030] loss = 2.995891
[e049 s1000/1030] loss = 3.007013
Epoch 049: train_loss = 2.964183  MAE/GAME0 = 23.245  RMSE = 42.248  GAME1 = 23.245  GAME2 = 23.245  GAME3 = 23.245  lr = 1.00e-05  time = 7.5s
[e050 s0001/1030] loss = 0.663748
[e050 s0050/1030] loss = 4.119550
[e050 s0100/1030] loss = 3.740402
[e050 s0150/1030] loss = 3.320842
[e050 s0200/1030] loss = 3.646305
[e050 s0250/1030] loss = 4.301810
[e050 s0300/1030] loss = 4.068478
[e050 s0350/1030] loss = 3.960880
[e050 s0400/1030] loss = 3.715920
[e050 s0450/1030] loss = 3.477166
[e050 s0500/1030] loss = 3.426550
[e050 s0550/1030] loss = 3.495713
[e050 s0600/1030] loss = 3.399020
[e050 s0650/1030] loss = 3.304493
[e050 s0700/1030] loss = 3.338060
[e050 s0750/1030] loss = 3.327844
[e050 s0800/1030] loss = 3.405162
[e050 s0850/1030] loss = 3.379684
[e050 s0900/1030] loss = 3.374867
[e050 s0950/1030] loss = 3.560447
[e050 s1000/1030] loss = 3.514059
Epoch 050: train_loss = 3.459622  MAE/GAME0 = 23.245  RMSE = 42.248  GAME1 = 23.245  GAME2 = 23.245  GAME3 = 23.245  lr = 1.00e-05  time = 7.6s
[e051 s0001/1030] loss = 4.561591
[e051 s0050/1030] loss = 3.225886
[e051 s0100/1030] loss = 2.579130
[e051 s0150/1030] loss = 2.423216
[e051 s0200/1030] loss = 2.314495
[e051 s0250/1030] loss = 3.233008
[e051 s0300/1030] loss = 3.029266
[e051 s0350/1030] loss = 3.191169
[e051 s0400/1030] loss = 3.146356
[e051 s0450/1030] loss = 3.008472
[e051 s0500/1030] loss = 2.976424
[e051 s0550/1030] loss = 3.447744
[e051 s0600/1030] loss = 3.293411
[e051 s0650/1030] loss = 3.250486
[e051 s0700/1030] loss = 3.269140
[e051 s0750/1030] loss = 3.251851
[e051 s0800/1030] loss = 3.212092
[e051 s0850/1030] loss = 3.141536
[e051 s0900/1030] loss = 3.173739
[e051 s0950/1030] loss = 3.090512
[e051 s1000/1030] loss = 3.032192
Epoch 051: train_loss = 3.053360  MAE/GAME0 = 23.245  RMSE = 42.248  GAME1 = 23.245  GAME2 = 23.245  GAME3 = 23.245  lr = 1.00e-05  time = 7.6s
[e052 s0001/1030] loss = 0.000000
[e052 s0050/1030] loss = 3.018261
[e052 s0100/1030] loss = 2.653606
[e052 s0150/1030] loss = 4.090312
[e052 s0200/1030] loss = 3.575957
[e052 s0250/1030] loss = 3.637840
[e052 s0300/1030] loss = 3.526141
[e052 s0350/1030] loss = 3.349646
[e052 s0400/1030] loss = 3.266241
[e052 s0450/1030] loss = 3.173387
[e052 s0500/1030] loss = 3.178826
[e052 s0550/1030] loss = 3.132515
[e052 s0600/1030] loss = 3.766622
[e052 s0650/1030] loss = 3.743890
[e052 s0700/1030] loss = 3.738867
[e052 s0750/1030] loss = 3.626656
[e052 s0800/1030] loss = 3.734714
[e052 s0850/1030] loss = 3.704745
[e052 s0900/1030] loss = 3.739827
[e052 s0950/1030] loss = 3.655824
[e052 s1000/1030] loss = 3.625729
Epoch 052: train_loss = 3.575593  MAE/GAME0 = 23.245  RMSE = 42.248  GAME1 = 23.245  GAME2 = 23.245  GAME3 = 23.245  lr = 1.00e-05  time = 7.6s
[e053 s0001/1030] loss = 0.079012
[e053 s0050/1030] loss = 5.527614
[e053 s0100/1030] loss = 3.815105
[e053 s0150/1030] loss = 3.346163
[e053 s0200/1030] loss = 2.970961
[e053 s0250/1030] loss = 2.778213
[e053 s0300/1030] loss = 2.777831
[e053 s0350/1030] loss = 3.363764
[e053 s0400/1030] loss = 3.414529
[e053 s0450/1030] loss = 3.229197
[e053 s0500/1030] loss = 3.460740
[e053 s0550/1030] loss = 3.400947
[e053 s0600/1030] loss = 3.264116
[e053 s0650/1030] loss = 3.138762
[e053 s0700/1030] loss = 3.061582
[e053 s0750/1030] loss = 3.075112
[e053 s0800/1030] loss = 3.179884
[e053 s0850/1030] loss = 3.168497
[e053 s0900/1030] loss = 3.363762
[e053 s0950/1030] loss = 3.443166
[e053 s1000/1030] loss = 3.424152
Epoch 053: train_loss = 3.365289  MAE/GAME0 = 23.245  RMSE = 42.248  GAME1 = 23.245  GAME2 = 23.245  GAME3 = 23.245  lr = 1.00e-05  time = 7.5s
[e054 s0001/1030] loss = 0.501709
[e054 s0050/1030] loss = 2.701561
[e054 s0100/1030] loss = 2.518391
[e054 s0150/1030] loss = 3.116917
[e054 s0200/1030] loss = 3.096528
[e054 s0250/1030] loss = 3.212327
[e054 s0300/1030] loss = 2.998334
[e054 s0350/1030] loss = 2.969628
[e054 s0400/1030] loss = 3.434384
[e054 s0450/1030] loss = 3.324602
[e054 s0500/1030] loss = 3.246694
[e054 s0550/1030] loss = 3.103681
[e054 s0600/1030] loss = 3.037464
[e054 s0650/1030] loss = 2.996883
[e054 s0700/1030] loss = 2.930458
[e054 s0750/1030] loss = 2.880162
[e054 s0800/1030] loss = 2.829133
[e054 s0850/1030] loss = 2.946192
[e054 s0900/1030] loss = 2.916426
[e054 s0950/1030] loss = 2.876900
[e054 s1000/1030] loss = 2.921103
Epoch 054: train_loss = 2.866443  MAE/GAME0 = 23.245  RMSE = 42.248  GAME1 = 23.245  GAME2 = 23.245  GAME3 = 23.245  lr = 1.00e-05  time = 7.6s
[e055 s0001/1030] loss = 0.215981
[e055 s0050/1030] loss = 3.261096
[e055 s0100/1030] loss = 3.594189
[e055 s0150/1030] loss = 3.320736
[e055 s0200/1030] loss = 3.185881
[e055 s0250/1030] loss = 3.074519
[e055 s0300/1030] loss = 3.532299
[e055 s0350/1030] loss = 3.429793
[e055 s0400/1030] loss = 3.204092
[e055 s0450/1030] loss = 3.429291
[e055 s0500/1030] loss = 3.498314
[e055 s0550/1030] loss = 3.860440
[e055 s0600/1030] loss = 3.660802
[e055 s0650/1030] loss = 3.544858
[e055 s0700/1030] loss = 3.663469
[e055 s0750/1030] loss = 3.554138
[e055 s0800/1030] loss = 3.535328
[e055 s0850/1030] loss = 3.510158
[e055 s0900/1030] loss = 3.449263
[e055 s0950/1030] loss = 3.440094
[e055 s1000/1030] loss = 3.360712
Epoch 055: train_loss = 3.313586  MAE/GAME0 = 23.245  RMSE = 42.248  GAME1 = 23.245  GAME2 = 23.245  GAME3 = 23.245  lr = 1.00e-05  time = 7.6s
[e056 s0001/1030] loss = 0.250271
[e056 s0050/1030] loss = 9.932770
[e056 s0100/1030] loss = 6.890162
[e056 s0150/1030] loss = 6.446501
[e056 s0200/1030] loss = 5.234099
[e056 s0250/1030] loss = 5.442777
[e056 s0300/1030] loss = 4.790054
[e056 s0350/1030] loss = 4.318518
[e056 s0400/1030] loss = 4.014399
[e056 s0450/1030] loss = 3.825421
[e056 s0500/1030] loss = 3.744184
[e056 s0550/1030] loss = 3.597399
[e056 s0600/1030] loss = 3.530273
[e056 s0650/1030] loss = 3.436174
[e056 s0700/1030] loss = 3.493025
[e056 s0750/1030] loss = 3.661533
[e056 s0800/1030] loss = 3.608377
[e056 s0850/1030] loss = 3.714346
[e056 s0900/1030] loss = 3.697188
[e056 s0950/1030] loss = 3.625601
[e056 s1000/1030] loss = 3.566131
Epoch 056: train_loss = 3.527796  MAE/GAME0 = 23.245  RMSE = 42.248  GAME1 = 23.245  GAME2 = 23.245  GAME3 = 23.245  lr = 1.00e-05  time = 7.5s
[e057 s0001/1030] loss = 0.521865
[e057 s0050/1030] loss = 2.235667
[e057 s0100/1030] loss = 2.165241
[e057 s0150/1030] loss = 2.167137
[e057 s0200/1030] loss = 2.182749
[e057 s0250/1030] loss = 2.281079
[e057 s0300/1030] loss = 2.346375
[e057 s0350/1030] loss = 2.554379
[e057 s0400/1030] loss = 2.741153
[e057 s0450/1030] loss = 2.723018
[e057 s0500/1030] loss = 2.636032
[e057 s0550/1030] loss = 2.748327
[e057 s0600/1030] loss = 2.739216
[e057 s0650/1030] loss = 3.037124
[e057 s0700/1030] loss = 2.974029
[e057 s0750/1030] loss = 3.026657
[e057 s0800/1030] loss = 3.021256
[e057 s0850/1030] loss = 2.966272
[e057 s0900/1030] loss = 2.998945
[e057 s0950/1030] loss = 2.974703
[e057 s1000/1030] loss = 3.072409
Epoch 057: train_loss = 3.249968  MAE/GAME0 = 23.175  RMSE = 42.207  GAME1 = 23.201  GAME2 = 23.254  GAME3 = 23.280  lr = 1.00e-05  time = 7.6s
[e058 s0001/1030] loss = 0.024353
[e058 s0050/1030] loss = 4.680040
[e058 s0100/1030] loss = 3.424232
[e058 s0150/1030] loss = 2.872233
[e058 s0200/1030] loss = 3.501741
[e058 s0250/1030] loss = 3.216293
[e058 s0300/1030] loss = 3.703945
[e058 s0350/1030] loss = 3.744025
[e058 s0400/1030] loss = 3.605825
[e058 s0450/1030] loss = 3.519463
[e058 s0500/1030] loss = 3.325558
[e058 s0550/1030] loss = 3.306034
[e058 s0600/1030] loss = 3.261969
[e058 s0650/1030] loss = 3.159199
[e058 s0700/1030] loss = 3.104664
[e058 s0750/1030] loss = 3.046096
[e058 s0800/1030] loss = 2.967092
[e058 s0850/1030] loss = 2.961797
[e058 s0900/1030] loss = 3.287449
[e058 s0950/1030] loss = 3.238976
[e058 s1000/1030] loss = 3.287797
Epoch 058: train_loss = 3.300809  MAE/GAME0 = 23.245  RMSE = 42.248  GAME1 = 23.245  GAME2 = 23.245  GAME3 = 23.245  lr = 1.00e-05  time = 7.6s
[e059 s0001/1030] loss = 1.098813
[e059 s0050/1030] loss = 1.404819
[e059 s0100/1030] loss = 2.205446
[e059 s0150/1030] loss = 2.442313
[e059 s0200/1030] loss = 3.184389
[e059 s0250/1030] loss = 3.288935
[e059 s0300/1030] loss = 3.516461
[e059 s0350/1030] loss = 3.340386
[e059 s0400/1030] loss = 3.335628
[e059 s0450/1030] loss = 3.247745
[e059 s0500/1030] loss = 3.207231
[e059 s0550/1030] loss = 3.118770
[e059 s0600/1030] loss = 2.984283
[e059 s0650/1030] loss = 3.233384
[e059 s0700/1030] loss = 3.211053
[e059 s0750/1030] loss = 3.102781
[e059 s0800/1030] loss = 3.170079
[e059 s0850/1030] loss = 3.243507
[e059 s0900/1030] loss = 3.364482
[e059 s0950/1030] loss = 3.378099
[e059 s1000/1030] loss = 3.430614
Epoch 059: train_loss = 3.429046  MAE/GAME0 = 23.245  RMSE = 42.248  GAME1 = 23.245  GAME2 = 23.245  GAME3 = 23.245  lr = 1.00e-05  time = 7.5s
[e060 s0001/1030] loss = 1.394784
[e060 s0050/1030] loss = 5.349116
[e060 s0100/1030] loss = 3.260830
[e060 s0150/1030] loss = 3.168973
[e060 s0200/1030] loss = 4.116220
[e060 s0250/1030] loss = 3.747706
[e060 s0300/1030] loss = 3.974893
[e060 s0350/1030] loss = 3.798031
[e060 s0400/1030] loss = 4.379196
[e060 s0450/1030] loss = 4.117252
[e060 s0500/1030] loss = 3.962473
[e060 s0550/1030] loss = 3.852288
[e060 s0600/1030] loss = 3.791949
[e060 s0650/1030] loss = 3.693522
[e060 s0700/1030] loss = 3.527751
[e060 s0750/1030] loss = 3.454184
[e060 s0800/1030] loss = 3.361979
[e060 s0850/1030] loss = 3.296182
[e060 s0900/1030] loss = 3.226285
[e060 s0950/1030] loss = 3.212015
[e060 s1000/1030] loss = 3.180907
Epoch 060: train_loss = 3.154902  MAE/GAME0 = 23.245  RMSE = 42.248  GAME1 = 23.245  GAME2 = 23.245  GAME3 = 23.245  lr = 1.00e-05  time = 7.5s
[e061 s0001/1030] loss = 2.027971
[e061 s0050/1030] loss = 3.574417
[e061 s0100/1030] loss = 3.691320
[e061 s0150/1030] loss = 3.333944
[e061 s0200/1030] loss = 3.097576
[e061 s0250/1030] loss = 2.927959
[e061 s0300/1030] loss = 2.854374
[e061 s0350/1030] loss = 2.699630
[e061 s0400/1030] loss = 2.769927
[e061 s0450/1030] loss = 2.731638
[e061 s0500/1030] loss = 2.697979
[e061 s0550/1030] loss = 2.675684
[e061 s0600/1030] loss = 3.303505
[e061 s0650/1030] loss = 3.310675
[e061 s0700/1030] loss = 3.207820
[e061 s0750/1030] loss = 3.503895
[e061 s0800/1030] loss = 3.436950
[e061 s0850/1030] loss = 3.453021
[e061 s0900/1030] loss = 3.392808
[e061 s0950/1030] loss = 3.366125
[e061 s1000/1030] loss = 3.387755
Epoch 061: train_loss = 3.393926  MAE/GAME0 = 23.245  RMSE = 42.248  GAME1 = 23.245  GAME2 = 23.245  GAME3 = 23.245  lr = 1.00e-05  time = 7.5s
[e062 s0001/1030] loss = 0.867823
[e062 s0050/1030] loss = 3.276208
[e062 s0100/1030] loss = 5.048526
[e062 s0150/1030] loss = 4.079689
[e062 s0200/1030] loss = 3.719140
[e062 s0250/1030] loss = 3.340182
[e062 s0300/1030] loss = 3.060710
[e062 s0350/1030] loss = 2.795386
[e062 s0400/1030] loss = 2.771880
[e062 s0450/1030] loss = 2.723879
[e062 s0500/1030] loss = 2.640281
[e062 s0550/1030] loss = 2.717327
[e062 s0600/1030] loss = 2.599280
[e062 s0650/1030] loss = 2.593349
[e062 s0700/1030] loss = 3.029949
[e062 s0750/1030] loss = 3.150466
[e062 s0800/1030] loss = 3.163006
[e062 s0850/1030] loss = 3.356225
[e062 s0900/1030] loss = 3.444142
[e062 s0950/1030] loss = 3.383017
[e062 s1000/1030] loss = 3.377177
Epoch 062: train_loss = 3.379261  MAE/GAME0 = 23.245  RMSE = 42.248  GAME1 = 23.245  GAME2 = 23.245  GAME3 = 23.245  lr = 1.00e-05  time = 7.6s
[e063 s0001/1030] loss = 0.000000
[e063 s0050/1030] loss = 5.861438
[e063 s0100/1030] loss = 3.695699
[e063 s0150/1030] loss = 4.345291
[e063 s0200/1030] loss = 4.122273
[e063 s0250/1030] loss = 3.781619
[e063 s0300/1030] loss = 3.438475
[e063 s0350/1030] loss = 3.155825
[e063 s0400/1030] loss = 3.063542
[e063 s0450/1030] loss = 3.319405
[e063 s0500/1030] loss = 4.116910
[e063 s0550/1030] loss = 3.858677
[e063 s0600/1030] loss = 3.707842
[e063 s0650/1030] loss = 3.670368
[e063 s0700/1030] loss = 3.736844
[e063 s0750/1030] loss = 3.791179
[e063 s0800/1030] loss = 3.806911
[e063 s0850/1030] loss = 3.696782
[e063 s0900/1030] loss = 3.579260
[e063 s0950/1030] loss = 3.523075
[e063 s1000/1030] loss = 3.461158
Epoch 063: train_loss = 3.486008  MAE/GAME0 = 23.245  RMSE = 42.248  GAME1 = 23.245  GAME2 = 23.245  GAME3 = 23.245  lr = 1.00e-05  time = 7.6s
[e064 s0001/1030] loss = 6.287578
[e064 s0050/1030] loss = 2.018837
[e064 s0100/1030] loss = 2.259210
[e064 s0150/1030] loss = 2.362583
[e064 s0200/1030] loss = 2.297975
[e064 s0250/1030] loss = 2.429603
[e064 s0300/1030] loss = 2.424138
[e064 s0350/1030] loss = 2.497622
[e064 s0400/1030] loss = 2.421342
[e064 s0450/1030] loss = 2.604322
[e064 s0500/1030] loss = 2.535259
[e064 s0550/1030] loss = 2.519702
[e064 s0600/1030] loss = 2.591347
[e064 s0650/1030] loss = 2.667506
[e064 s0700/1030] loss = 3.194269
[e064 s0750/1030] loss = 3.171007
[e064 s0800/1030] loss = 3.083637
[e064 s0850/1030] loss = 2.998799
[e064 s0900/1030] loss = 3.044448
[e064 s0950/1030] loss = 3.059869
[e064 s1000/1030] loss = 3.002122
Epoch 064: train_loss = 2.959913  MAE/GAME0 = 23.245  RMSE = 42.248  GAME1 = 23.245  GAME2 = 23.245  GAME3 = 23.245  lr = 1.00e-05  time = 7.6s
[e065 s0001/1030] loss = 0.023987
[e065 s0050/1030] loss = 7.121560
[e065 s0100/1030] loss = 5.543201
[e065 s0150/1030] loss = 4.330324
[e065 s0200/1030] loss = 3.736233
[e065 s0250/1030] loss = 3.444128
[e065 s0300/1030] loss = 3.388340
[e065 s0350/1030] loss = 3.425902
[e065 s0400/1030] loss = 3.206274
[e065 s0450/1030] loss = 3.170990
[e065 s0500/1030] loss = 3.200029
[e065 s0550/1030] loss = 3.374291
[e065 s0600/1030] loss = 3.425232
[e065 s0650/1030] loss = 3.399922
[e065 s0700/1030] loss = 3.336444
[e065 s0750/1030] loss = 3.372125
[e065 s0800/1030] loss = 3.338273
[e065 s0850/1030] loss = 3.279042
[e065 s0900/1030] loss = 3.223344
[e065 s0950/1030] loss = 3.230164
[e065 s1000/1030] loss = 3.185920
Epoch 065: train_loss = 3.167420  MAE/GAME0 = 23.245  RMSE = 42.248  GAME1 = 23.245  GAME2 = 23.245  GAME3 = 23.245  lr = 1.00e-05  time = 7.6s
[e066 s0001/1030] loss = 0.732460
[e066 s0050/1030] loss = 2.249697
[e066 s0100/1030] loss = 2.320704
[e066 s0150/1030] loss = 2.497883
[e066 s0200/1030] loss = 2.421038
[e066 s0250/1030] loss = 2.341873
[e066 s0300/1030] loss = 2.313413
[e066 s0350/1030] loss = 3.663696
[e066 s0400/1030] loss = 3.506616
[e066 s0450/1030] loss = 3.264960
[e066 s0500/1030] loss = 3.528873
[e066 s0550/1030] loss = 3.516677
[e066 s0600/1030] loss = 3.628894
[e066 s0650/1030] loss = 3.546932
[e066 s0700/1030] loss = 3.544884
[e066 s0750/1030] loss = 3.634079
[e066 s0800/1030] loss = 3.514158
[e066 s0850/1030] loss = 3.434095
[e066 s0900/1030] loss = 3.420451
[e066 s0950/1030] loss = 3.318384
[e066 s1000/1030] loss = 3.302744
Epoch 066: train_loss = 3.255398  MAE/GAME0 = 23.245  RMSE = 42.248  GAME1 = 23.245  GAME2 = 23.245  GAME3 = 23.245  lr = 1.00e-05  time = 7.6s
[e067 s0001/1030] loss = 0.023713
[e067 s0050/1030] loss = 1.836052
[e067 s0100/1030] loss = 2.969144
[e067 s0150/1030] loss = 2.767215
[e067 s0200/1030] loss = 2.937929
[e067 s0250/1030] loss = 2.642395
[e067 s0300/1030] loss = 2.887116
[e067 s0350/1030] loss = 2.862546
[e067 s0400/1030] loss = 2.875096
[e067 s0450/1030] loss = 2.775487
[e067 s0500/1030] loss = 3.170986
[e067 s0550/1030] loss = 3.165811
[e067 s0600/1030] loss = 3.095338
[e067 s0650/1030] loss = 3.106335
[e067 s0700/1030] loss = 3.116780
[e067 s0750/1030] loss = 3.198592
[e067 s0800/1030] loss = 3.186306
[e067 s0850/1030] loss = 3.177480
[e067 s0900/1030] loss = 3.218269
[e067 s0950/1030] loss = 3.172810
[e067 s1000/1030] loss = 3.143144
Epoch 067: train_loss = 3.086415  MAE/GAME0 = 23.245  RMSE = 42.248  GAME1 = 23.245  GAME2 = 23.245  GAME3 = 23.245  lr = 1.00e-05  time = 7.6s
[e068 s0001/1030] loss = 3.078451
[e068 s0050/1030] loss = 7.483280
[e068 s0100/1030] loss = 4.743768
[e068 s0150/1030] loss = 4.054878
[e068 s0200/1030] loss = 3.629014
[e068 s0250/1030] loss = 3.415022
[e068 s0300/1030] loss = 3.279401
[e068 s0350/1030] loss = 3.021116
[e068 s0400/1030] loss = 2.846910
[e068 s0450/1030] loss = 2.793614
[e068 s0500/1030] loss = 2.820257
[e068 s0550/1030] loss = 2.786390
[e068 s0600/1030] loss = 2.716528
[e068 s0650/1030] loss = 2.688696
[e068 s0700/1030] loss = 2.845613
[e068 s0750/1030] loss = 2.818583
[e068 s0800/1030] loss = 3.154094
[e068 s0850/1030] loss = 3.167424
[e068 s0900/1030] loss = 3.171445
[e068 s0950/1030] loss = 3.185611
[e068 s1000/1030] loss = 3.098828
Epoch 068: train_loss = 3.072949  MAE/GAME0 = 23.245  RMSE = 42.248  GAME1 = 23.245  GAME2 = 23.245  GAME3 = 23.245  lr = 1.00e-05  time = 7.6s
[e069 s0001/1030] loss = 1.674394
[e069 s0050/1030] loss = 3.310986
[e069 s0100/1030] loss = 2.957289
[e069 s0150/1030] loss = 3.164378
[e069 s0200/1030] loss = 3.770388
[e069 s0250/1030] loss = 3.336832
[e069 s0300/1030] loss = 3.211056
[e069 s0350/1030] loss = 4.229955
[e069 s0400/1030] loss = 3.936218
[e069 s0450/1030] loss = 3.803213
[e069 s0500/1030] loss = 3.777080
[e069 s0550/1030] loss = 3.872780
[e069 s0600/1030] loss = 3.962074
[e069 s0650/1030] loss = 3.929244
[e069 s0700/1030] loss = 3.838090
[e069 s0750/1030] loss = 3.825834
[e069 s0800/1030] loss = 3.735085
[e069 s0850/1030] loss = 3.607095
[e069 s0900/1030] loss = 3.615566
[e069 s0950/1030] loss = 3.569818
[e069 s1000/1030] loss = 3.506404
Epoch 069: train_loss = 3.468696  MAE/GAME0 = 23.245  RMSE = 42.248  GAME1 = 23.245  GAME2 = 23.245  GAME3 = 23.245  lr = 1.00e-05  time = 7.7s
[e070 s0001/1030] loss = 0.377415
[e070 s0050/1030] loss = 1.776616
[e070 s0100/1030] loss = 1.702369
[e070 s0150/1030] loss = 1.723793
[e070 s0200/1030] loss = 1.979283
[e070 s0250/1030] loss = 2.170226
[e070 s0300/1030] loss = 2.235928
[e070 s0350/1030] loss = 2.388738
[e070 s0400/1030] loss = 2.510620
[e070 s0450/1030] loss = 3.019400
[e070 s0500/1030] loss = 3.299173
[e070 s0550/1030] loss = 3.385284
[e070 s0600/1030] loss = 3.227763
[e070 s0650/1030] loss = 3.259619
[e070 s0700/1030] loss = 3.248368
[e070 s0750/1030] loss = 3.263121
[e070 s0800/1030] loss = 3.152918
[e070 s0850/1030] loss = 3.084719
[e070 s0900/1030] loss = 3.096656
[e070 s0950/1030] loss = 3.170438
[e070 s1000/1030] loss = 3.173660
Epoch 070: train_loss = 3.171063  MAE/GAME0 = 23.245  RMSE = 42.248  GAME1 = 23.245  GAME2 = 23.245  GAME3 = 23.245  lr = 1.00e-05  time = 7.7s
[e071 s0001/1030] loss = 0.000000
[e071 s0050/1030] loss = 2.017197
[e071 s0100/1030] loss = 2.950149
[e071 s0150/1030] loss = 3.000306
[e071 s0200/1030] loss = 2.884017
[e071 s0250/1030] loss = 2.792663
[e071 s0300/1030] loss = 3.433240
[e071 s0350/1030] loss = 3.520670
[e071 s0400/1030] loss = 3.394565
[e071 s0450/1030] loss = 3.359380
[e071 s0500/1030] loss = 3.219455
[e071 s0550/1030] loss = 3.138923
[e071 s0600/1030] loss = 2.996091
[e071 s0650/1030] loss = 3.006530
[e071 s0700/1030] loss = 3.501330
[e071 s0750/1030] loss = 3.433961
[e071 s0800/1030] loss = 3.378624
[e071 s0850/1030] loss = 3.373072
[e071 s0900/1030] loss = 3.320201
[e071 s0950/1030] loss = 3.249652
[e071 s1000/1030] loss = 3.234807
Epoch 071: train_loss = 3.208275  MAE/GAME0 = 23.245  RMSE = 42.248  GAME1 = 23.245  GAME2 = 23.245  GAME3 = 23.245  lr = 1.00e-05  time = 7.6s
[e072 s0001/1030] loss = 0.326479
[e072 s0050/1030] loss = 2.469706
[e072 s0100/1030] loss = 4.700380
[e072 s0150/1030] loss = 4.451812
[e072 s0200/1030] loss = 3.776718
[e072 s0250/1030] loss = 3.495226
[e072 s0300/1030] loss = 3.259457
[e072 s0350/1030] loss = 3.117781
[e072 s0400/1030] loss = 3.152124
[e072 s0450/1030] loss = 3.913470
[e072 s0500/1030] loss = 3.662315
[e072 s0550/1030] loss = 3.589984
[e072 s0600/1030] loss = 3.449298
[e072 s0650/1030] loss = 3.350413
[e072 s0700/1030] loss = 3.450326
[e072 s0750/1030] loss = 3.371759
[e072 s0800/1030] loss = 3.305755
[e072 s0850/1030] loss = 3.282745
[e072 s0900/1030] loss = 3.249941
[e072 s0950/1030] loss = 3.178283
[e072 s1000/1030] loss = 3.128551
Epoch 072: train_loss = 3.092266  MAE/GAME0 = 23.245  RMSE = 42.248  GAME1 = 23.245  GAME2 = 23.245  GAME3 = 23.245  lr = 1.00e-05  time = 7.5s
[e073 s0001/1030] loss = 4.309589
[e073 s0050/1030] loss = 2.049679
[e073 s0100/1030] loss = 2.013526
[e073 s0150/1030] loss = 2.028365
[e073 s0200/1030] loss = 2.322103
[e073 s0250/1030] loss = 2.399835
[e073 s0300/1030] loss = 2.487455
[e073 s0350/1030] loss = 2.421145
[e073 s0400/1030] loss = 2.818458
[e073 s0450/1030] loss = 2.853596
[e073 s0500/1030] loss = 2.771722
[e073 s0550/1030] loss = 3.119968
[e073 s0600/1030] loss = 3.097812
[e073 s0650/1030] loss = 3.081031
[e073 s0700/1030] loss = 3.306245
[e073 s0750/1030] loss = 3.238779
[e073 s0800/1030] loss = 3.241345
[e073 s0850/1030] loss = 3.212385
[e073 s0900/1030] loss = 3.165176
[e073 s0950/1030] loss = 3.089808
[e073 s1000/1030] loss = 3.026118
Epoch 073: train_loss = 3.005058  MAE/GAME0 = 23.245  RMSE = 42.248  GAME1 = 23.245  GAME2 = 23.245  GAME3 = 23.245  lr = 1.00e-05  time = 7.6s
[e074 s0001/1030] loss = 0.247489
[e074 s0050/1030] loss = 2.806590
[e074 s0100/1030] loss = 2.823112
[e074 s0150/1030] loss = 2.869979
[e074 s0200/1030] loss = 2.739866
[e074 s0250/1030] loss = 2.653116
[e074 s0300/1030] loss = 2.589511
[e074 s0350/1030] loss = 2.726927
[e074 s0400/1030] loss = 2.571668
[e074 s0450/1030] loss = 2.531736
[e074 s0500/1030] loss = 2.693574
[e074 s0550/1030] loss = 2.703270
[e074 s0600/1030] loss = 2.799675
[e074 s0650/1030] loss = 2.774795
[e074 s0700/1030] loss = 2.780857
[e074 s0750/1030] loss = 3.012095
[e074 s0800/1030] loss = 3.007498
[e074 s0850/1030] loss = 2.903978
[e074 s0900/1030] loss = 2.825709
[e074 s0950/1030] loss = 2.816098
[e074 s1000/1030] loss = 2.863352
Epoch 074: train_loss = 2.875383  MAE/GAME0 = 23.245  RMSE = 42.248  GAME1 = 23.245  GAME2 = 23.245  GAME3 = 23.245  lr = 1.00e-05  time = 7.7s
[e075 s0001/1030] loss = 10.985145
[e075 s0050/1030] loss = 2.543047
[e075 s0100/1030] loss = 1.985701
[e075 s0150/1030] loss = 2.299266
[e075 s0200/1030] loss = 2.945320
[e075 s0250/1030] loss = 2.686413
[e075 s0300/1030] loss = 2.666717
[e075 s0350/1030] loss = 2.591532
[e075 s0400/1030] loss = 2.715059
[e075 s0450/1030] loss = 2.561033
[e075 s0500/1030] loss = 2.543130
[e075 s0550/1030] loss = 2.617679
[e075 s0600/1030] loss = 3.301055
[e075 s0650/1030] loss = 3.259144
[e075 s0700/1030] loss = 3.383935
[e075 s0750/1030] loss = 3.298174
[e075 s0800/1030] loss = 3.222229
[e075 s0850/1030] loss = 3.146664
[e075 s0900/1030] loss = 3.091474
[e075 s0950/1030] loss = 3.126926
[e075 s1000/1030] loss = 3.051492
Epoch 075: train_loss = 3.044740  MAE/GAME0 = 23.245  RMSE = 42.248  GAME1 = 23.245  GAME2 = 23.245  GAME3 = 23.245  lr = 1.00e-05  time = 7.6s
[e076 s0001/1030] loss = 1.153065
[e076 s0050/1030] loss = 4.398960
[e076 s0100/1030] loss = 3.738976
[e076 s0150/1030] loss = 4.724415
[e076 s0200/1030] loss = 4.150667
[e076 s0250/1030] loss = 3.778547
[e076 s0300/1030] loss = 3.431742
[e076 s0350/1030] loss = 3.330071
[e076 s0400/1030] loss = 3.259765
[e076 s0450/1030] loss = 3.125077
[e076 s0500/1030] loss = 3.188904
[e076 s0550/1030] loss = 3.363351
[e076 s0600/1030] loss = 3.359619
[e076 s0650/1030] loss = 3.290094
[e076 s0700/1030] loss = 3.194782
[e076 s0750/1030] loss = 3.169208
[e076 s0800/1030] loss = 3.492383
[e076 s0850/1030] loss = 3.522935
[e076 s0900/1030] loss = 3.490248
[e076 s0950/1030] loss = 3.391667
[e076 s1000/1030] loss = 3.327938
Epoch 076: train_loss = 3.437886  MAE/GAME0 = 23.245  RMSE = 42.248  GAME1 = 23.245  GAME2 = 23.245  GAME3 = 23.245  lr = 1.00e-05  time = 7.6s
[e077 s0001/1030] loss = 0.501496
[e077 s0050/1030] loss = 4.372328
[e077 s0100/1030] loss = 3.360900
[e077 s0150/1030] loss = 2.820511
[e077 s0200/1030] loss = 2.698593
[e077 s0250/1030] loss = 2.513427
[e077 s0300/1030] loss = 2.455151
[e077 s0350/1030] loss = 2.579880
[e077 s0400/1030] loss = 2.548689
[e077 s0450/1030] loss = 3.139872
[e077 s0500/1030] loss = 3.172335
[e077 s0550/1030] loss = 3.198985
[e077 s0600/1030] loss = 3.089173
[e077 s0650/1030] loss = 3.119518
[e077 s0700/1030] loss = 3.106250
[e077 s0750/1030] loss = 3.124574
[e077 s0800/1030] loss = 3.221672
[e077 s0850/1030] loss = 3.153278
[e077 s0900/1030] loss = 3.096249
[e077 s0950/1030] loss = 3.040952
[e077 s1000/1030] loss = 3.195311
Epoch 077: train_loss = 3.223006  MAE/GAME0 = 23.245  RMSE = 42.248  GAME1 = 23.245  GAME2 = 23.245  GAME3 = 23.245  lr = 1.00e-05  time = 7.5s
[e078 s0001/1030] loss = 0.000000
[e078 s0050/1030] loss = 2.219743
[e078 s0100/1030] loss = 2.509687
[e078 s0150/1030] loss = 3.529800
[e078 s0200/1030] loss = 2.964602
[e078 s0250/1030] loss = 2.715851
[e078 s0300/1030] loss = 2.858267
[e078 s0350/1030] loss = 3.044182
[e078 s0400/1030] loss = 2.910508
[e078 s0450/1030] loss = 2.760178
[e078 s0500/1030] loss = 2.739981
[e078 s0550/1030] loss = 2.701062
[e078 s0600/1030] loss = 2.654066
[e078 s0650/1030] loss = 2.644016
[e078 s0700/1030] loss = 2.664243
[e078 s0750/1030] loss = 2.701759
[e078 s0800/1030] loss = 2.708750
[e078 s0850/1030] loss = 2.681252
[e078 s0900/1030] loss = 2.645432
[e078 s0950/1030] loss = 2.737590
[e078 s1000/1030] loss = 2.786410
Epoch 078: train_loss = 2.814249  MAE/GAME0 = 23.245  RMSE = 42.248  GAME1 = 23.245  GAME2 = 23.245  GAME3 = 23.245  lr = 1.00e-05  time = 7.6s
[e079 s0001/1030] loss = 2.174501
[e079 s0050/1030] loss = 2.832099
[e079 s0100/1030] loss = 3.312052
[e079 s0150/1030] loss = 2.931390
[e079 s0200/1030] loss = 2.845339
[e079 s0250/1030] loss = 2.912605
[e079 s0300/1030] loss = 3.001685
[e079 s0350/1030] loss = 3.206863
[e079 s0400/1030] loss = 3.445763
[e079 s0450/1030] loss = 3.414958
[e079 s0500/1030] loss = 3.440521
[e079 s0550/1030] loss = 3.341870
[e079 s0600/1030] loss = 3.344009
[e079 s0650/1030] loss = 3.213282
[e079 s0700/1030] loss = 3.148267
[e079 s0750/1030] loss = 3.112021
[e079 s0800/1030] loss = 3.352351
[e079 s0850/1030] loss = 3.871210
[e079 s0900/1030] loss = 3.888274
[e079 s0950/1030] loss = 3.764582
[e079 s1000/1030] loss = 3.665836
Epoch 079: train_loss = 3.606080  MAE/GAME0 = 23.245  RMSE = 42.248  GAME1 = 23.245  GAME2 = 23.245  GAME3 = 23.245  lr = 1.00e-05  time = 7.6s
[e080 s0001/1030] loss = 0.751440
[e080 s0050/1030] loss = 4.424118
[e080 s0100/1030] loss = 5.263532
[e080 s0150/1030] loss = 4.254703
[e080 s0200/1030] loss = 3.819590
[e080 s0250/1030] loss = 3.547453
[e080 s0300/1030] loss = 4.086753
[e080 s0350/1030] loss = 3.708372
[e080 s0400/1030] loss = 3.708192
[e080 s0450/1030] loss = 3.506339
[e080 s0500/1030] loss = 3.436813
[e080 s0550/1030] loss = 3.507903
[e080 s0600/1030] loss = 3.509486
[e080 s0650/1030] loss = 3.413833
[e080 s0700/1030] loss = 3.536563
[e080 s0750/1030] loss = 3.446934
[e080 s0800/1030] loss = 3.527247
[e080 s0850/1030] loss = 3.422889
[e080 s0900/1030] loss = 3.397829
[e080 s0950/1030] loss = 3.333907
[e080 s1000/1030] loss = 3.311307
Epoch 080: train_loss = 3.367459  MAE/GAME0 = 23.245  RMSE = 42.248  GAME1 = 23.245  GAME2 = 23.245  GAME3 = 23.245  lr = 1.00e-05  time = 7.6s
[e081 s0001/1030] loss = 0.363966
[e081 s0050/1030] loss = 4.388350
[e081 s0100/1030] loss = 3.500809
[e081 s0150/1030] loss = 4.343421
[e081 s0200/1030] loss = 3.904619
[e081 s0250/1030] loss = 3.601061
[e081 s0300/1030] loss = 3.341188
[e081 s0350/1030] loss = 3.562018
[e081 s0400/1030] loss = 3.531870
[e081 s0450/1030] loss = 3.460713
[e081 s0500/1030] loss = 3.784476
[e081 s0550/1030] loss = 3.633431
[e081 s0600/1030] loss = 3.515757
[e081 s0650/1030] loss = 3.587618
[e081 s0700/1030] loss = 3.521993
[e081 s0750/1030] loss = 3.403638
[e081 s0800/1030] loss = 3.402150
[e081 s0850/1030] loss = 3.358749
[e081 s0900/1030] loss = 3.364481
[e081 s0950/1030] loss = 3.356703
[e081 s1000/1030] loss = 3.319033
Epoch 081: train_loss = 3.283146  MAE/GAME0 = 23.245  RMSE = 42.248  GAME1 = 23.245  GAME2 = 23.245  GAME3 = 23.245  lr = 1.00e-05  time = 7.7s
[e082 s0001/1030] loss = 1.951590
[e082 s0050/1030] loss = 5.223852
[e082 s0100/1030] loss = 5.818087
[e082 s0150/1030] loss = 4.711072
[e082 s0200/1030] loss = 4.097937
[e082 s0250/1030] loss = 3.930955
[e082 s0300/1030] loss = 4.219052
[e082 s0350/1030] loss = 3.838305
[e082 s0400/1030] loss = 3.825893
[e082 s0450/1030] loss = 4.072672
[e082 s0500/1030] loss = 4.025027
[e082 s0550/1030] loss = 4.024351
[e082 s0600/1030] loss = 4.367146
[e082 s0650/1030] loss = 4.315765
[e082 s0700/1030] loss = 4.202852
[e082 s0750/1030] loss = 4.118246
[e082 s0800/1030] loss = 4.069046
[e082 s0850/1030] loss = 3.925162
[e082 s0900/1030] loss = 3.850714
[e082 s0950/1030] loss = 3.768925
[e082 s1000/1030] loss = 3.667772
Epoch 082: train_loss = 3.668918  MAE/GAME0 = 23.245  RMSE = 42.248  GAME1 = 23.245  GAME2 = 23.245  GAME3 = 23.245  lr = 1.00e-05  time = 7.6s
[e083 s0001/1030] loss = 1.572982
[e083 s0050/1030] loss = 3.523057
[e083 s0100/1030] loss = 3.457455
[e083 s0150/1030] loss = 3.115779
[e083 s0200/1030] loss = 2.940642
[e083 s0250/1030] loss = 2.769030
[e083 s0300/1030] loss = 2.779828
[e083 s0350/1030] loss = 2.836862
[e083 s0400/1030] loss = 2.822662
[e083 s0450/1030] loss = 2.833547
[e083 s0500/1030] loss = 2.941960
[e083 s0550/1030] loss = 2.824260
[e083 s0600/1030] loss = 2.952325
[e083 s0650/1030] loss = 2.864564
[e083 s0700/1030] loss = 3.248547
[e083 s0750/1030] loss = 3.198097
[e083 s0800/1030] loss = 3.145390
[e083 s0850/1030] loss = 3.082928
[e083 s0900/1030] loss = 3.057228
[e083 s0950/1030] loss = 3.082105
[e083 s1000/1030] loss = 3.069515
Epoch 083: train_loss = 3.207187  MAE/GAME0 = 23.245  RMSE = 42.248  GAME1 = 23.245  GAME2 = 23.245  GAME3 = 23.245  lr = 1.00e-05  time = 7.5s
[e084 s0001/1030] loss = 1.915368
[e084 s0050/1030] loss = 4.214470
[e084 s0100/1030] loss = 4.039466
[e084 s0150/1030] loss = 3.635202
[e084 s0200/1030] loss = 3.248708
[e084 s0250/1030] loss = 3.458054
[e084 s0300/1030] loss = 3.320280
[e084 s0350/1030] loss = 3.209121
[e084 s0400/1030] loss = 3.481814
[e084 s0450/1030] loss = 3.295129
[e084 s0500/1030] loss = 3.155611
[e084 s0550/1030] loss = 3.138622
[e084 s0600/1030] loss = 3.035480
[e084 s0650/1030] loss = 2.927468
[e084 s0700/1030] loss = 2.879355
[e084 s0750/1030] loss = 2.813873
[e084 s0800/1030] loss = 2.841052
[e084 s0850/1030] loss = 2.906066
[e084 s0900/1030] loss = 2.956716
[e084 s0950/1030] loss = 2.941360
[e084 s1000/1030] loss = 2.886310
Epoch 084: train_loss = 2.876317  MAE/GAME0 = 23.245  RMSE = 42.248  GAME1 = 23.245  GAME2 = 23.245  GAME3 = 23.245  lr = 1.00e-05  time = 7.6s
[e085 s0001/1030] loss = 7.911217
[e085 s0050/1030] loss = 2.546913
[e085 s0100/1030] loss = 3.103504
[e085 s0150/1030] loss = 4.528903
[e085 s0200/1030] loss = 5.365841
[e085 s0250/1030] loss = 4.975419
[e085 s0300/1030] loss = 4.460973
[e085 s0350/1030] loss = 4.177616
[e085 s0400/1030] loss = 4.253590
[e085 s0450/1030] loss = 3.969700
[e085 s0500/1030] loss = 4.050479
[e085 s0550/1030] loss = 3.887298
[e085 s0600/1030] loss = 3.812548
[e085 s0650/1030] loss = 3.712027
[e085 s0700/1030] loss = 3.706905
[e085 s0750/1030] loss = 3.576876
[e085 s0800/1030] loss = 3.498028
[e085 s0850/1030] loss = 3.550553
[e085 s0900/1030] loss = 3.528222
[e085 s0950/1030] loss = 3.489901
[e085 s1000/1030] loss = 3.464137
Epoch 085: train_loss = 3.416807  MAE/GAME0 = 23.245  RMSE = 42.248  GAME1 = 23.245  GAME2 = 23.245  GAME3 = 23.245  lr = 1.00e-05  time = 7.5s
[e086 s0001/1030] loss = 1.171493
[e086 s0050/1030] loss = 5.129252
[e086 s0100/1030] loss = 4.364712
[e086 s0150/1030] loss = 3.714330
[e086 s0200/1030] loss = 3.296761
[e086 s0250/1030] loss = 2.930612
[e086 s0300/1030] loss = 2.752059
[e086 s0350/1030] loss = 2.937906
[e086 s0400/1030] loss = 2.920346
[e086 s0450/1030] loss = 3.002146
[e086 s0500/1030] loss = 3.335560
[e086 s0550/1030] loss = 3.341862
[e086 s0600/1030] loss = 3.205235
[e086 s0650/1030] loss = 3.189198
[e086 s0700/1030] loss = 3.298077
[e086 s0750/1030] loss = 3.214294
[e086 s0800/1030] loss = 3.385694
[e086 s0850/1030] loss = 3.337018
[e086 s0900/1030] loss = 3.263919
[e086 s0950/1030] loss = 3.261320
[e086 s1000/1030] loss = 3.236394
Epoch 086: train_loss = 3.207700  MAE/GAME0 = 23.245  RMSE = 42.248  GAME1 = 23.245  GAME2 = 23.245  GAME3 = 23.245  lr = 1.00e-05  time = 7.6s
[e087 s0001/1030] loss = 8.680445
[e087 s0050/1030] loss = 3.708820
[e087 s0100/1030] loss = 2.905328
[e087 s0150/1030] loss = 3.048252
[e087 s0200/1030] loss = 2.789483
[e087 s0250/1030] loss = 2.642413
[e087 s0300/1030] loss = 3.278036
[e087 s0350/1030] loss = 3.193902
[e087 s0400/1030] loss = 3.202871
[e087 s0450/1030] loss = 3.119187
[e087 s0500/1030] loss = 3.008265
[e087 s0550/1030] loss = 3.013359
[e087 s0600/1030] loss = 2.973926
[e087 s0650/1030] loss = 3.331892
[e087 s0700/1030] loss = 3.341351
[e087 s0750/1030] loss = 3.340258
[e087 s0800/1030] loss = 3.381051
[e087 s0850/1030] loss = 3.376277
[e087 s0900/1030] loss = 3.322329
[e087 s0950/1030] loss = 3.232187
[e087 s1000/1030] loss = 3.240955
Epoch 087: train_loss = 3.300500  MAE/GAME0 = 23.245  RMSE = 42.248  GAME1 = 23.245  GAME2 = 23.245  GAME3 = 23.245  lr = 1.00e-05  time = 7.5s
[e088 s0001/1030] loss = 0.000000
[e088 s0050/1030] loss = 2.724287
[e088 s0100/1030] loss = 6.501887
[e088 s0150/1030] loss = 5.321894
[e088 s0200/1030] loss = 4.784155
[e088 s0250/1030] loss = 4.187185
[e088 s0300/1030] loss = 3.844418
[e088 s0350/1030] loss = 4.021368
[e088 s0400/1030] loss = 3.906617
[e088 s0450/1030] loss = 3.706803
[e088 s0500/1030] loss = 4.039614
[e088 s0550/1030] loss = 3.826080
[e088 s0600/1030] loss = 3.677982
[e088 s0650/1030] loss = 4.272091
[e088 s0700/1030] loss = 4.556876
[e088 s0750/1030] loss = 4.331760
[e088 s0800/1030] loss = 4.196417
[e088 s0850/1030] loss = 4.124928
[e088 s0900/1030] loss = 4.026180
[e088 s0950/1030] loss = 4.066261
[e088 s1000/1030] loss = 4.081585
Epoch 088: train_loss = 4.019616  MAE/GAME0 = 23.245  RMSE = 42.248  GAME1 = 23.245  GAME2 = 23.245  GAME3 = 23.245  lr = 1.00e-05  time = 7.6s
[e089 s0001/1030] loss = 0.000000
[e089 s0050/1030] loss = 1.437754
[e089 s0100/1030] loss = 4.242723
[e089 s0150/1030] loss = 3.338179
[e089 s0200/1030] loss = 3.267344
[e089 s0250/1030] loss = 2.990558
[e089 s0300/1030] loss = 3.146763
[e089 s0350/1030] loss = 3.067371
[e089 s0400/1030] loss = 2.929234
[e089 s0450/1030] loss = 2.855008
[e089 s0500/1030] loss = 2.889106
[e089 s0550/1030] loss = 2.871442
[e089 s0600/1030] loss = 2.792808
[e089 s0650/1030] loss = 2.788895
[e089 s0700/1030] loss = 3.035936
[e089 s0750/1030] loss = 2.979316
[e089 s0800/1030] loss = 3.138538
[e089 s0850/1030] loss = 3.107799
[e089 s0900/1030] loss = 3.034343
[e089 s0950/1030] loss = 3.034682
[e089 s1000/1030] loss = 2.984040
Epoch 089: train_loss = 2.962710  MAE/GAME0 = 23.244  RMSE = 42.247  GAME1 = 23.244  GAME2 = 23.244  GAME3 = 23.245  lr = 1.00e-05  time = 7.5s
[e090 s0001/1030] loss = 0.211490
[e090 s0050/1030] loss = 1.708120
[e090 s0100/1030] loss = 2.099831
[e090 s0150/1030] loss = 2.433614
[e090 s0200/1030] loss = 2.216961
[e090 s0250/1030] loss = 2.507855
[e090 s0300/1030] loss = 2.361212
[e090 s0350/1030] loss = 2.368002
[e090 s0400/1030] loss = 2.404726
[e090 s0450/1030] loss = 2.614554
[e090 s0500/1030] loss = 2.507968
[e090 s0550/1030] loss = 2.707026
[e090 s0600/1030] loss = 2.656657
[e090 s0650/1030] loss = 2.966654
[e090 s0700/1030] loss = 3.373462
[e090 s0750/1030] loss = 3.375923
[e090 s0800/1030] loss = 3.423545
[e090 s0850/1030] loss = 3.351922
[e090 s0900/1030] loss = 3.255378
[e090 s0950/1030] loss = 3.225450
[e090 s1000/1030] loss = 3.253042
Epoch 090: train_loss = 3.238101  MAE/GAME0 = 15.107  RMSE = 36.027  GAME1 = 18.373  GAME2 = 22.585  GAME3 = 24.813  lr = 1.00e-05  time = 7.7s
[e091 s0001/1030] loss = 0.793319
[e091 s0050/1030] loss = 2.354486
[e091 s0100/1030] loss = 2.092667
[e091 s0150/1030] loss = 2.581622
[e091 s0200/1030] loss = 2.603744
[e091 s0250/1030] loss = 2.504425
[e091 s0300/1030] loss = 2.333981
[e091 s0350/1030] loss = 2.282008
[e091 s0400/1030] loss = 2.629440
[e091 s0450/1030] loss = 2.632393
[e091 s0500/1030] loss = 2.593050
[e091 s0550/1030] loss = 2.619153
[e091 s0600/1030] loss = 2.508349
[e091 s0650/1030] loss = 2.381636
[e091 s0700/1030] loss = 2.305132
[e091 s0750/1030] loss = 2.629283
[e091 s0800/1030] loss = 2.590243
[e091 s0850/1030] loss = 2.526603
[e091 s0900/1030] loss = 2.451487
[e091 s0950/1030] loss = 2.378918
[e091 s1000/1030] loss = 2.364544
Epoch 091: train_loss = 2.357642  MAE/GAME0 = 29.500  RMSE = 39.226  GAME1 = 30.823  GAME2 = 32.355  GAME3 = 33.511  lr = 1.00e-05  time = 7.5s
[e092 s0001/1030] loss = 1.938620
[e092 s0050/1030] loss = 3.009106
[e092 s0100/1030] loss = 2.259245
[e092 s0150/1030] loss = 2.666743
[e092 s0200/1030] loss = 2.437393
[e092 s0250/1030] loss = 2.166520
[e092 s0300/1030] loss = 2.076231
[e092 s0350/1030] loss = 1.914967
[e092 s0400/1030] loss = 1.789020
[e092 s0450/1030] loss = 1.841970
[e092 s0500/1030] loss = 1.844399
[e092 s0550/1030] loss = 1.823708
[e092 s0600/1030] loss = 1.832614
[e092 s0650/1030] loss = 1.774624
[e092 s0700/1030] loss = 1.834380
[e092 s0750/1030] loss = 1.822382
[e092 s0800/1030] loss = 1.791027
[e092 s0850/1030] loss = 1.805805
[e092 s0900/1030] loss = 1.860359
[e092 s0950/1030] loss = 1.832717
[e092 s1000/1030] loss = 1.979494
Epoch 092: train_loss = 2.088389  MAE/GAME0 = 23.041  RMSE = 42.021  GAME1 = 23.049  GAME2 = 23.069  GAME3 = 23.086  lr = 1.00e-05  time = 7.6s
[e093 s0001/1030] loss = 0.000324
[e093 s0050/1030] loss = 3.404167
[e093 s0100/1030] loss = 2.303465
[e093 s0150/1030] loss = 2.051804
[e093 s0200/1030] loss = 1.829871
[e093 s0250/1030] loss = 1.753534
[e093 s0300/1030] loss = 1.681321
[e093 s0350/1030] loss = 1.600886
[e093 s0400/1030] loss = 1.912522
[e093 s0450/1030] loss = 1.938413
[e093 s0500/1030] loss = 1.990808
[e093 s0550/1030] loss = 1.878444
[e093 s0600/1030] loss = 1.847201
[e093 s0650/1030] loss = 1.903599
[e093 s0700/1030] loss = 1.900250
[e093 s0750/1030] loss = 2.012408
[e093 s0800/1030] loss = 1.958754
[e093 s0850/1030] loss = 1.922501
[e093 s0900/1030] loss = 2.360236
[e093 s0950/1030] loss = 2.342620
[e093 s1000/1030] loss = 2.306251
Epoch 093: train_loss = 2.273622  MAE/GAME0 = 12.145  RMSE = 31.136  GAME1 = 14.245  GAME2 = 16.163  GAME3 = 17.516  lr = 1.00e-05  time = 7.6s
[e094 s0001/1030] loss = 0.482922
[e094 s0050/1030] loss = 1.533350
[e094 s0100/1030] loss = 2.724915
[e094 s0150/1030] loss = 2.345572
[e094 s0200/1030] loss = 2.060215
[e094 s0250/1030] loss = 3.286502
[e094 s0300/1030] loss = 3.111746
[e094 s0350/1030] loss = 2.846190
[e094 s0400/1030] loss = 2.746713
[e094 s0450/1030] loss = 2.589017
[e094 s0500/1030] loss = 2.432962
[e094 s0550/1030] loss = 2.509268
[e094 s0600/1030] loss = 2.418298
[e094 s0650/1030] loss = 2.329038
[e094 s0700/1030] loss = 2.218714
[e094 s0750/1030] loss = 2.188398
[e094 s0800/1030] loss = 2.187310
[e094 s0850/1030] loss = 2.252265
[e094 s0900/1030] loss = 2.208859
[e094 s0950/1030] loss = 2.169428
[e094 s1000/1030] loss = 2.103331
Epoch 094: train_loss = 2.074518  MAE/GAME0 = 12.627  RMSE = 29.910  GAME1 = 14.773  GAME2 = 16.778  GAME3 = 18.037  lr = 1.00e-05  time = 7.8s
[e095 s0001/1030] loss = 0.691889
[e095 s0050/1030] loss = 2.614445
[e095 s0100/1030] loss = 1.814450
[e095 s0150/1030] loss = 1.580824
[e095 s0200/1030] loss = 1.505873
[e095 s0250/1030] loss = 1.441478
[e095 s0300/1030] loss = 1.401368
[e095 s0350/1030] loss = 1.282951
[e095 s0400/1030] loss = 1.320578
[e095 s0450/1030] loss = 1.298169
[e095 s0500/1030] loss = 1.256327
[e095 s0550/1030] loss = 1.901527
[e095 s0600/1030] loss = 1.854129
[e095 s0650/1030] loss = 1.813244
[e095 s0700/1030] loss = 1.783756
[e095 s0750/1030] loss = 1.766318
[e095 s0800/1030] loss = 1.697994
[e095 s0850/1030] loss = 1.661674
[e095 s0900/1030] loss = 1.636867
[e095 s0950/1030] loss = 1.624721
[e095 s1000/1030] loss = 1.671598
Epoch 095: train_loss = 1.649720  MAE/GAME0 = 13.026  RMSE = 32.490  GAME1 = 14.731  GAME2 = 16.180  GAME3 = 17.154  lr = 1.00e-05  time = 7.6s
[e096 s0001/1030] loss = 0.065242
[e096 s0050/1030] loss = 1.936338
[e096 s0100/1030] loss = 1.975145
[e096 s0150/1030] loss = 1.863110
[e096 s0200/1030] loss = 1.609310
[e096 s0250/1030] loss = 1.504427
[e096 s0300/1030] loss = 2.446082
[e096 s0350/1030] loss = 2.283260
[e096 s0400/1030] loss = 2.192452
[e096 s0450/1030] loss = 2.023901
[e096 s0500/1030] loss = 1.987081
[e096 s0550/1030] loss = 1.927787
[e096 s0600/1030] loss = 1.887447
[e096 s0650/1030] loss = 1.797655
[e096 s0700/1030] loss = 1.748235
[e096 s0750/1030] loss = 1.689543
[e096 s0800/1030] loss = 1.782395
[e096 s0850/1030] loss = 1.766382
[e096 s0900/1030] loss = 1.801726
[e096 s0950/1030] loss = 1.773559
[e096 s1000/1030] loss = 1.830496
Epoch 096: train_loss = 1.805282  MAE/GAME0 = 11.116  RMSE = 29.028  GAME1 = 13.323  GAME2 = 15.313  GAME3 = 16.508  lr = 1.00e-05  time = 7.6s
[e097 s0001/1030] loss = 0.628638
[e097 s0050/1030] loss = 0.985131
[e097 s0100/1030] loss = 0.996927
[e097 s0150/1030] loss = 1.914402
[e097 s0200/1030] loss = 1.627917
[e097 s0250/1030] loss = 1.504679
[e097 s0300/1030] loss = 1.415066
[e097 s0350/1030] loss = 1.445030
[e097 s0400/1030] loss = 1.459677
[e097 s0450/1030] loss = 1.380886
[e097 s0500/1030] loss = 1.379211
[e097 s0550/1030] loss = 1.547749
[e097 s0600/1030] loss = 1.492435
[e097 s0650/1030] loss = 1.466373
[e097 s0700/1030] loss = 1.419954
[e097 s0750/1030] loss = 1.383292
[e097 s0800/1030] loss = 1.374916
[e097 s0850/1030] loss = 1.341256
[e097 s0900/1030] loss = 1.315013
[e097 s0950/1030] loss = 1.295232
[e097 s1000/1030] loss = 1.605085
Epoch 097: train_loss = 1.630430  MAE/GAME0 = 17.724  RMSE = 33.398  GAME1 = 18.103  GAME2 = 18.456  GAME3 = 18.695  lr = 1.00e-05  time = 7.6s
[e098 s0001/1030] loss = 1.919711
[e098 s0050/1030] loss = 1.915584
[e098 s0100/1030] loss = 1.437597
[e098 s0150/1030] loss = 1.298322
[e098 s0200/1030] loss = 1.411344
[e098 s0250/1030] loss = 1.641053
[e098 s0300/1030] loss = 1.528802
[e098 s0350/1030] loss = 1.511623
[e098 s0400/1030] loss = 1.458902
[e098 s0450/1030] loss = 1.401592
[e098 s0500/1030] loss = 1.347428
[e098 s0550/1030] loss = 1.284555
[e098 s0600/1030] loss = 1.438533
[e098 s0650/1030] loss = 1.403496
[e098 s0700/1030] loss = 1.366348
[e098 s0750/1030] loss = 1.446757
[e098 s0800/1030] loss = 1.426149
[e098 s0850/1030] loss = 1.590124
[e098 s0900/1030] loss = 1.533049
[e098 s0950/1030] loss = 1.528288
[e098 s1000/1030] loss = 1.496880
Epoch 098: train_loss = 1.486919  MAE/GAME0 = 10.690  RMSE = 26.298  GAME1 = 12.671  GAME2 = 14.603  GAME3 = 15.710  lr = 1.00e-05  time = 7.6s
[e099 s0001/1030] loss = 0.387694
[e099 s0050/1030] loss = 1.423458
[e099 s0100/1030] loss = 1.277865
[e099 s0150/1030] loss = 1.199963
[e099 s0200/1030] loss = 1.732371
[e099 s0250/1030] loss = 1.583186
[e099 s0300/1030] loss = 1.634162
[e099 s0350/1030] loss = 1.555478
[e099 s0400/1030] loss = 1.491453
[e099 s0450/1030] loss = 1.475992
[e099 s0500/1030] loss = 1.436873
[e099 s0550/1030] loss = 1.454820
[e099 s0600/1030] loss = 1.457475
[e099 s0650/1030] loss = 1.426102
[e099 s0700/1030] loss = 1.365112
[e099 s0750/1030] loss = 1.343225
[e099 s0800/1030] loss = 1.313330
[e099 s0850/1030] loss = 1.309663
[e099 s0900/1030] loss = 1.338931
[e099 s0950/1030] loss = 1.478755
[e099 s1000/1030] loss = 1.496627
Epoch 099: train_loss = 1.580183  MAE/GAME0 = 16.579  RMSE = 26.770  GAME1 = 18.110  GAME2 = 19.844  GAME3 = 20.998  lr = 1.00e-05  time = 7.6s
[e100 s0001/1030] loss = 0.989388
[e100 s0050/1030] loss = 1.829760
[e100 s0100/1030] loss = 1.581157
[e100 s0150/1030] loss = 1.650524
[e100 s0200/1030] loss = 1.603106
[e100 s0250/1030] loss = 1.554553
[e100 s0300/1030] loss = 1.397032
[e100 s0350/1030] loss = 1.431514
[e100 s0400/1030] loss = 1.436965
[e100 s0450/1030] loss = 1.573012
[e100 s0500/1030] loss = 1.539850
[e100 s0550/1030] loss = 1.496485
[e100 s0600/1030] loss = 1.441547
[e100 s0650/1030] loss = 1.381339
[e100 s0700/1030] loss = 1.329606
[e100 s0750/1030] loss = 1.289448
[e100 s0800/1030] loss = 1.641727
[e100 s0850/1030] loss = 1.662336
[e100 s0900/1030] loss = 1.662649
[e100 s0950/1030] loss = 1.627155
[e100 s1000/1030] loss = 1.636704
Epoch 100: train_loss = 1.607309  MAE/GAME0 = 10.365  RMSE = 26.378  GAME1 = 12.218  GAME2 = 14.253  GAME3 = 15.483  lr = 1.00e-05  time = 7.6s
[done] best_mae = 10.365  best_path = /scratch/users/ntu/kenneth0/FYP-SmartObjectCounter/outputs/train_t_e100_sanity/12839455.pbs101_20260206_162359/best.pth
