[log] /scratch/users/ntu/kenneth0/FYP-SmartObjectCounter/logs/train_rgbt_adaptive_late_e100_sanity_12790116.pbs101_20260126_132412.log
[job] name=train_rgbt_adaptive_late_e100_sanity id=12790116.pbs101 host=x1000c1s3b0n0 time=Mon Jan 26 13:24:12 +08 2026
[init] device = cuda
[init] train = 1030  val = 200  workers = 4
Traceback (most recent call last):
  File "/scratch/users/ntu/kenneth0/FYP-SmartObjectCounter/scripts/train_rgbt.py", line 456, in <module>
    main()
    ~~~~^^
  File "/scratch/users/ntu/kenneth0/FYP-SmartObjectCounter/scripts/train_rgbt.py", line 373, in main
    den_pred = model(x_rgb, x_t)
  File "/app/apps/pytorch/2.6.0-py3-cu11.8/lib/python3.13/site-packages/torch/nn/modules/module.py", line 1739, in _wrapped_call_impl
    return self._call_impl(*args, **kwargs)
           ~~~~~~~~~~~~~~~^^^^^^^^^^^^^^^^^
  File "/app/apps/pytorch/2.6.0-py3-cu11.8/lib/python3.13/site-packages/torch/nn/modules/module.py", line 1750, in _call_impl
    return forward_call(*args, **kwargs)
  File "/scratch/users/ntu/kenneth0/FYP-SmartObjectCounter/models/rgbt_adaptive_late.py", line 131, in forward
    conf_rgb = _confidence_map(x_rgb)
  File "/scratch/users/ntu/kenneth0/FYP-SmartObjectCounter/models/rgbt_adaptive_late.py", line 46, in _confidence_map
    denom = (mag_flat.quantile(0.99, dim = 1) + eps).view(b, 1, 1, 1)
             ~~~~~~~~~~~~~~~~~^^^^^^^^^^^^^^^
RuntimeError: quantile() input tensor must be either float or double dtype
