[log] /scratch/users/ntu/kenneth0/FYP-SmartObjectCounter/logs/train_rgbt_adaptive_late_e100_sanity_12839061.pbs101_20260206_150530.log
[job] name=train_rgbt_adaptive_late_e100_sanity id=12839061.pbs101 host=x1000c0s4b0n0 time=Fri Feb  6 15:05:30 +08 2026
torch 2.6.0+cu118 cuda True
[init] device = cuda
[init] train = 1030  val = 200  workers = 4
/scratch/users/ntu/kenneth0/FYP-SmartObjectCounter/scripts/train_rgbt.py:383: FutureWarning: `torch.cuda.amp.GradScaler(args...)` is deprecated. Please use `torch.amp.GradScaler('cuda', args...)` instead.
  scaler = GradScaler(enabled = bool(args.amp))
[e001 s0001/1030] loss = 160875.593750
[e001 s0050/1030] loss = 6096.556030
[e001 s0100/1030] loss = 3060.946247
[e001 s0150/1030] loss = 2046.293116
[e001 s0200/1030] loss = 1538.439046
[e001 s0250/1030] loss = 1232.878431
[e001 s0300/1030] loss = 1029.032716
[e001 s0350/1030] loss = 883.057887
[e001 s0400/1030] loss = 773.653119
[e001 s0450/1030] loss = 689.374640
[e001 s0500/1030] loss = 620.980969
[e001 s0550/1030] loss = 564.940980
[e001 s0600/1030] loss = 518.252451
[e001 s0650/1030] loss = 478.699655
[e001 s0700/1030] loss = 444.879045
[e001 s0750/1030] loss = 415.515207
[e001 s0800/1030] loss = 389.777766
[e001 s0850/1030] loss = 367.207799
[e001 s0900/1030] loss = 346.978134
[e001 s0950/1030] loss = 329.000527
[e001 s1000/1030] loss = 312.714454
Epoch 001: train_loss = 303.701254  MAE/GAME0 = 22.452  RMSE = 41.680  GAME1 = 23.120  GAME2 = 23.715  GAME3 = 23.935  lr = 1.00e-05  time = 32.9s
[e002 s0001/1030] loss = 0.061955
[e002 s0050/1030] loss = 2.291635
[e002 s0100/1030] loss = 2.471112
[e002 s0150/1030] loss = 3.144922
[e002 s0200/1030] loss = 2.989424
[e002 s0250/1030] loss = 3.011488
[e002 s0300/1030] loss = 3.442039
[e002 s0350/1030] loss = 4.074478
[e002 s0400/1030] loss = 4.103859
[e002 s0450/1030] loss = 4.543694
[e002 s0500/1030] loss = 4.390299
[e002 s0550/1030] loss = 4.216442
[e002 s0600/1030] loss = 4.136320
[e002 s0650/1030] loss = 4.202646
[e002 s0700/1030] loss = 4.202283
[e002 s0750/1030] loss = 4.057158
[e002 s0800/1030] loss = 4.040121
[e002 s0850/1030] loss = 4.041746
[e002 s0900/1030] loss = 3.950123
[e002 s0950/1030] loss = 3.957029
[e002 s1000/1030] loss = 3.928168
Epoch 002: train_loss = 3.889028  MAE/GAME0 = 22.963  RMSE = 42.024  GAME1 = 23.197  GAME2 = 23.420  GAME3 = 23.487  lr = 1.00e-05  time = 15.3s
[e003 s0001/1030] loss = 0.102441
[e003 s0050/1030] loss = 1.949548
[e003 s0100/1030] loss = 2.276894
[e003 s0150/1030] loss = 2.937918
[e003 s0200/1030] loss = 5.551991
[e003 s0250/1030] loss = 4.797261
[e003 s0300/1030] loss = 4.604371
[e003 s0350/1030] loss = 4.211039
[e003 s0400/1030] loss = 4.313084
[e003 s0450/1030] loss = 4.070895
[e003 s0500/1030] loss = 3.934736
[e003 s0550/1030] loss = 3.760769
[e003 s0600/1030] loss = 3.709288
[e003 s0650/1030] loss = 3.591054
[e003 s0700/1030] loss = 3.543893
[e003 s0750/1030] loss = 3.532817
[e003 s0800/1030] loss = 3.473797
[e003 s0850/1030] loss = 3.501259
[e003 s0900/1030] loss = 3.566285
[e003 s0950/1030] loss = 3.567242
[e003 s1000/1030] loss = 3.515073
Epoch 003: train_loss = 3.535310  MAE/GAME0 = 23.120  RMSE = 42.134  GAME1 = 23.224  GAME2 = 23.325  GAME3 = 23.356  lr = 1.00e-05  time = 15.1s
[e004 s0001/1030] loss = 0.085462
[e004 s0050/1030] loss = 2.727323
[e004 s0100/1030] loss = 2.594657
[e004 s0150/1030] loss = 2.784474
[e004 s0200/1030] loss = 2.846045
[e004 s0250/1030] loss = 2.622068
[e004 s0300/1030] loss = 2.864678
[e004 s0350/1030] loss = 3.123828
[e004 s0400/1030] loss = 3.023336
[e004 s0450/1030] loss = 2.996296
[e004 s0500/1030] loss = 2.873781
[e004 s0550/1030] loss = 2.814401
[e004 s0600/1030] loss = 2.948799
[e004 s0650/1030] loss = 3.058885
[e004 s0700/1030] loss = 2.915936
[e004 s0750/1030] loss = 2.972090
[e004 s0800/1030] loss = 3.001410
[e004 s0850/1030] loss = 3.191974
[e004 s0900/1030] loss = 3.177856
[e004 s0950/1030] loss = 3.380288
[e004 s1000/1030] loss = 3.437250
Epoch 004: train_loss = 3.581621  MAE/GAME0 = 23.170  RMSE = 42.173  GAME1 = 23.231  GAME2 = 23.295  GAME3 = 23.313  lr = 1.00e-05  time = 15.1s
[e005 s0001/1030] loss = 0.190903
[e005 s0050/1030] loss = 2.196727
[e005 s0100/1030] loss = 2.224321
[e005 s0150/1030] loss = 2.692757
[e005 s0200/1030] loss = 2.674122
[e005 s0250/1030] loss = 3.130407
[e005 s0300/1030] loss = 2.926471
[e005 s0350/1030] loss = 2.721565
[e005 s0400/1030] loss = 3.163582
[e005 s0450/1030] loss = 3.040198
[e005 s0500/1030] loss = 2.992540
[e005 s0550/1030] loss = 2.970133
[e005 s0600/1030] loss = 2.856012
[e005 s0650/1030] loss = 3.060507
[e005 s0700/1030] loss = 3.026727
[e005 s0750/1030] loss = 3.030078
[e005 s0800/1030] loss = 2.911528
[e005 s0850/1030] loss = 2.907314
[e005 s0900/1030] loss = 2.883776
[e005 s0950/1030] loss = 2.831375
[e005 s1000/1030] loss = 2.888487
Epoch 005: train_loss = 2.856052  MAE/GAME0 = 23.196  RMSE = 42.198  GAME1 = 23.238  GAME2 = 23.281  GAME3 = 23.293  lr = 1.00e-05  time = 15.0s
[e006 s0001/1030] loss = 0.041340
[e006 s0050/1030] loss = 2.161632
[e006 s0100/1030] loss = 2.497936
[e006 s0150/1030] loss = 2.541373
[e006 s0200/1030] loss = 2.599996
[e006 s0250/1030] loss = 2.459798
[e006 s0300/1030] loss = 2.450232
[e006 s0350/1030] loss = 2.440552
[e006 s0400/1030] loss = 3.622622
[e006 s0450/1030] loss = 3.432855
[e006 s0500/1030] loss = 3.306399
[e006 s0550/1030] loss = 3.258167
[e006 s0600/1030] loss = 3.159895
[e006 s0650/1030] loss = 3.563243
[e006 s0700/1030] loss = 3.586042
[e006 s0750/1030] loss = 3.662198
[e006 s0800/1030] loss = 3.738635
[e006 s0850/1030] loss = 3.635751
[e006 s0900/1030] loss = 3.617075
[e006 s0950/1030] loss = 3.744601
[e006 s1000/1030] loss = 3.751981
Epoch 006: train_loss = 3.758196  MAE/GAME0 = 23.214  RMSE = 42.215  GAME1 = 23.243  GAME2 = 23.269  GAME3 = 23.278  lr = 1.00e-05  time = 15.0s
[e007 s0001/1030] loss = 8.098712
[e007 s0050/1030] loss = 3.709323
[e007 s0100/1030] loss = 3.597763
[e007 s0150/1030] loss = 3.117760
[e007 s0200/1030] loss = 3.021468
[e007 s0250/1030] loss = 3.208135
[e007 s0300/1030] loss = 3.180546
[e007 s0350/1030] loss = 3.711366
[e007 s0400/1030] loss = 4.208359
[e007 s0450/1030] loss = 4.451539
[e007 s0500/1030] loss = 4.269547
[e007 s0550/1030] loss = 4.214913
[e007 s0600/1030] loss = 4.055148
[e007 s0650/1030] loss = 3.923886
[e007 s0700/1030] loss = 3.786929
[e007 s0750/1030] loss = 3.688340
[e007 s0800/1030] loss = 3.581968
[e007 s0850/1030] loss = 3.539349
[e007 s0900/1030] loss = 3.535736
[e007 s0950/1030] loss = 3.541364
[e007 s1000/1030] loss = 3.518644
Epoch 007: train_loss = 3.496464  MAE/GAME0 = 23.225  RMSE = 42.227  GAME1 = 23.245  GAME2 = 23.263  GAME3 = 23.267  lr = 1.00e-05  time = 15.2s
[e008 s0001/1030] loss = 6.369077
[e008 s0050/1030] loss = 2.102901
[e008 s0100/1030] loss = 2.882940
[e008 s0150/1030] loss = 3.400749
[e008 s0200/1030] loss = 3.244486
[e008 s0250/1030] loss = 3.176906
[e008 s0300/1030] loss = 3.180789
[e008 s0350/1030] loss = 3.061304
[e008 s0400/1030] loss = 3.007216
[e008 s0450/1030] loss = 3.593860
[e008 s0500/1030] loss = 3.450657
[e008 s0550/1030] loss = 3.368689
[e008 s0600/1030] loss = 3.379470
[e008 s0650/1030] loss = 3.517735
[e008 s0700/1030] loss = 3.512597
[e008 s0750/1030] loss = 3.422682
[e008 s0800/1030] loss = 3.384239
[e008 s0850/1030] loss = 3.298115
[e008 s0900/1030] loss = 3.301043
[e008 s0950/1030] loss = 3.260276
[e008 s1000/1030] loss = 3.164031
Epoch 008: train_loss = 3.181478  MAE/GAME0 = 23.233  RMSE = 42.234  GAME1 = 23.246  GAME2 = 23.256  GAME3 = 23.259  lr = 1.00e-05  time = 15.0s
[e009 s0001/1030] loss = 1.601250
[e009 s0050/1030] loss = 4.090720
[e009 s0100/1030] loss = 4.849636
[e009 s0150/1030] loss = 5.086124
[e009 s0200/1030] loss = 5.363004
[e009 s0250/1030] loss = 4.501861
[e009 s0300/1030] loss = 4.294842
[e009 s0350/1030] loss = 3.937999
[e009 s0400/1030] loss = 3.849863
[e009 s0450/1030] loss = 3.753584
[e009 s0500/1030] loss = 3.624589
[e009 s0550/1030] loss = 3.563078
[e009 s0600/1030] loss = 3.446860
[e009 s0650/1030] loss = 3.308922
[e009 s0700/1030] loss = 3.198346
[e009 s0750/1030] loss = 3.219072
[e009 s0800/1030] loss = 3.136258
[e009 s0850/1030] loss = 3.156119
[e009 s0900/1030] loss = 3.099243
[e009 s0950/1030] loss = 3.026246
[e009 s1000/1030] loss = 3.031609
Epoch 009: train_loss = 3.068474  MAE/GAME0 = 23.236  RMSE = 42.236  GAME1 = 23.247  GAME2 = 23.255  GAME3 = 23.257  lr = 1.00e-05  time = 15.1s
[e010 s0001/1030] loss = 0.387334
[e010 s0050/1030] loss = 3.676992
[e010 s0100/1030] loss = 3.167314
[e010 s0150/1030] loss = 3.518921
[e010 s0200/1030] loss = 3.181525
[e010 s0250/1030] loss = 3.702574
[e010 s0300/1030] loss = 3.533261
[e010 s0350/1030] loss = 3.358899
[e010 s0400/1030] loss = 3.407033
[e010 s0450/1030] loss = 3.832770
[e010 s0500/1030] loss = 3.688051
[e010 s0550/1030] loss = 3.546906
[e010 s0600/1030] loss = 3.428704
[e010 s0650/1030] loss = 3.459348
[e010 s0700/1030] loss = 3.419315
[e010 s0750/1030] loss = 3.282207
[e010 s0800/1030] loss = 3.246825
[e010 s0850/1030] loss = 3.234495
[e010 s0900/1030] loss = 3.267782
[e010 s0950/1030] loss = 3.349976
[e010 s1000/1030] loss = 3.279319
Epoch 010: train_loss = 3.278009  MAE/GAME0 = 23.238  RMSE = 42.241  GAME1 = 23.246  GAME2 = 23.252  GAME3 = 23.253  lr = 1.00e-05  time = 15.1s
[e011 s0001/1030] loss = 0.968757
[e011 s0050/1030] loss = 2.108420
[e011 s0100/1030] loss = 3.000274
[e011 s0150/1030] loss = 3.084567
[e011 s0200/1030] loss = 3.685943
[e011 s0250/1030] loss = 3.190988
[e011 s0300/1030] loss = 2.940826
[e011 s0350/1030] loss = 2.905847
[e011 s0400/1030] loss = 3.039032
[e011 s0450/1030] loss = 2.880945
[e011 s0500/1030] loss = 2.830607
[e011 s0550/1030] loss = 2.838119
[e011 s0600/1030] loss = 2.735817
[e011 s0650/1030] loss = 2.776398
[e011 s0700/1030] loss = 2.805488
[e011 s0750/1030] loss = 2.805043
[e011 s0800/1030] loss = 2.797728
[e011 s0850/1030] loss = 2.793654
[e011 s0900/1030] loss = 2.997887
[e011 s0950/1030] loss = 3.434445
[e011 s1000/1030] loss = 3.369472
Epoch 011: train_loss = 3.325401  MAE/GAME0 = 23.239  RMSE = 42.242  GAME1 = 23.246  GAME2 = 23.250  GAME3 = 23.251  lr = 1.00e-05  time = 15.0s
[e012 s0001/1030] loss = 0.000003
[e012 s0050/1030] loss = 1.635548
[e012 s0100/1030] loss = 1.842866
[e012 s0150/1030] loss = 2.581718
[e012 s0200/1030] loss = 2.555691
[e012 s0250/1030] loss = 2.846253
[e012 s0300/1030] loss = 2.792215
[e012 s0350/1030] loss = 2.718960
[e012 s0400/1030] loss = 2.604496
[e012 s0450/1030] loss = 2.761759
[e012 s0500/1030] loss = 2.683014
[e012 s0550/1030] loss = 2.868558
[e012 s0600/1030] loss = 2.979739
[e012 s0650/1030] loss = 3.305528
[e012 s0700/1030] loss = 3.415098
[e012 s0750/1030] loss = 3.344619
[e012 s0800/1030] loss = 3.330578
[e012 s0850/1030] loss = 3.438764
[e012 s0900/1030] loss = 3.373081
[e012 s0950/1030] loss = 3.324425
[e012 s1000/1030] loss = 3.320627
Epoch 012: train_loss = 3.319483  MAE/GAME0 = 23.240  RMSE = 42.242  GAME1 = 23.246  GAME2 = 23.249  GAME3 = 23.250  lr = 1.00e-05  time = 15.2s
[e013 s0001/1030] loss = 11.328762
[e013 s0050/1030] loss = 3.992821
[e013 s0100/1030] loss = 2.654032
[e013 s0150/1030] loss = 2.260025
[e013 s0200/1030] loss = 2.257020
[e013 s0250/1030] loss = 2.764495
[e013 s0300/1030] loss = 2.913112
[e013 s0350/1030] loss = 3.002579
[e013 s0400/1030] loss = 2.918463
[e013 s0450/1030] loss = 2.838914
[e013 s0500/1030] loss = 2.799477
[e013 s0550/1030] loss = 2.735405
[e013 s0600/1030] loss = 2.698269
[e013 s0650/1030] loss = 3.043599
[e013 s0700/1030] loss = 3.011037
[e013 s0750/1030] loss = 2.964474
[e013 s0800/1030] loss = 2.920131
[e013 s0850/1030] loss = 2.905054
[e013 s0900/1030] loss = 2.958684
[e013 s0950/1030] loss = 2.997211
[e013 s1000/1030] loss = 2.928449
Epoch 013: train_loss = 3.178676  MAE/GAME0 = 23.243  RMSE = 42.246  GAME1 = 23.246  GAME2 = 23.247  GAME3 = 23.247  lr = 1.00e-05  time = 15.0s
[e014 s0001/1030] loss = 0.694090
[e014 s0050/1030] loss = 1.658533
[e014 s0100/1030] loss = 2.274489
[e014 s0150/1030] loss = 2.452134
[e014 s0200/1030] loss = 2.082767
[e014 s0250/1030] loss = 2.065739
[e014 s0300/1030] loss = 2.088273
[e014 s0350/1030] loss = 2.680626
[e014 s0400/1030] loss = 3.189666
[e014 s0450/1030] loss = 3.118792
[e014 s0500/1030] loss = 3.006440
[e014 s0550/1030] loss = 3.238136
[e014 s0600/1030] loss = 3.431538
[e014 s0650/1030] loss = 3.403136
[e014 s0700/1030] loss = 3.403859
[e014 s0750/1030] loss = 3.386731
[e014 s0800/1030] loss = 3.504796
[e014 s0850/1030] loss = 3.407907
[e014 s0900/1030] loss = 3.318435
[e014 s0950/1030] loss = 3.553840
[e014 s1000/1030] loss = 3.538604
Epoch 014: train_loss = 3.581673  MAE/GAME0 = 23.244  RMSE = 42.247  GAME1 = 23.246  GAME2 = 23.247  GAME3 = 23.247  lr = 1.00e-05  time = 15.0s
[e015 s0001/1030] loss = 0.041641
[e015 s0050/1030] loss = 2.401228
[e015 s0100/1030] loss = 4.127364
[e015 s0150/1030] loss = 3.789438
[e015 s0200/1030] loss = 3.552242
[e015 s0250/1030] loss = 3.509152
[e015 s0300/1030] loss = 3.258273
[e015 s0350/1030] loss = 3.325425
[e015 s0400/1030] loss = 3.223629
[e015 s0450/1030] loss = 3.169863
[e015 s0500/1030] loss = 3.216303
[e015 s0550/1030] loss = 3.301154
[e015 s0600/1030] loss = 3.207112
[e015 s0650/1030] loss = 3.125104
[e015 s0700/1030] loss = 3.158494
[e015 s0750/1030] loss = 3.217171
[e015 s0800/1030] loss = 3.190225
[e015 s0850/1030] loss = 3.402582
[e015 s0900/1030] loss = 3.459798
[e015 s0950/1030] loss = 3.493695
[e015 s1000/1030] loss = 3.420869
Epoch 015: train_loss = 3.437994  MAE/GAME0 = 23.244  RMSE = 42.247  GAME1 = 23.245  GAME2 = 23.246  GAME3 = 23.246  lr = 1.00e-05  time = 15.1s
[e016 s0001/1030] loss = 0.186778
[e016 s0050/1030] loss = 2.082673
[e016 s0100/1030] loss = 1.976412
[e016 s0150/1030] loss = 3.234310
[e016 s0200/1030] loss = 3.931116
[e016 s0250/1030] loss = 3.739793
[e016 s0300/1030] loss = 3.489636
[e016 s0350/1030] loss = 3.785811
[e016 s0400/1030] loss = 3.838299
[e016 s0450/1030] loss = 3.839029
[e016 s0500/1030] loss = 3.777865
[e016 s0550/1030] loss = 3.709331
[e016 s0600/1030] loss = 3.596919
[e016 s0650/1030] loss = 3.448073
[e016 s0700/1030] loss = 3.537290
[e016 s0750/1030] loss = 3.485389
[e016 s0800/1030] loss = 3.361887
[e016 s0850/1030] loss = 3.299046
[e016 s0900/1030] loss = 3.267384
[e016 s0950/1030] loss = 3.318439
[e016 s1000/1030] loss = 3.268683
Epoch 016: train_loss = 3.224847  MAE/GAME0 = 23.244  RMSE = 42.247  GAME1 = 23.245  GAME2 = 23.246  GAME3 = 23.246  lr = 1.00e-05  time = 15.0s
[e017 s0001/1030] loss = 4.015626
[e017 s0050/1030] loss = 2.690187
[e017 s0100/1030] loss = 3.193907
[e017 s0150/1030] loss = 3.665964
[e017 s0200/1030] loss = 3.157388
[e017 s0250/1030] loss = 2.895261
[e017 s0300/1030] loss = 2.901986
[e017 s0350/1030] loss = 2.826271
[e017 s0400/1030] loss = 2.859123
[e017 s0450/1030] loss = 2.902280
[e017 s0500/1030] loss = 3.232814
[e017 s0550/1030] loss = 3.139893
[e017 s0600/1030] loss = 3.070316
[e017 s0650/1030] loss = 3.046409
[e017 s0700/1030] loss = 2.990445
[e017 s0750/1030] loss = 2.998524
[e017 s0800/1030] loss = 3.038635
[e017 s0850/1030] loss = 2.974214
[e017 s0900/1030] loss = 3.154953
[e017 s0950/1030] loss = 3.126286
[e017 s1000/1030] loss = 3.105224
Epoch 017: train_loss = 3.052974  MAE/GAME0 = 23.245  RMSE = 42.247  GAME1 = 23.245  GAME2 = 23.245  GAME3 = 23.246  lr = 1.00e-05  time = 15.2s
[e018 s0001/1030] loss = 0.049632
[e018 s0050/1030] loss = 3.050830
[e018 s0100/1030] loss = 3.319649
[e018 s0150/1030] loss = 2.985814
[e018 s0200/1030] loss = 3.100149
[e018 s0250/1030] loss = 3.138934
[e018 s0300/1030] loss = 3.818150
[e018 s0350/1030] loss = 3.576110
[e018 s0400/1030] loss = 3.423673
[e018 s0450/1030] loss = 3.382959
[e018 s0500/1030] loss = 3.316579
[e018 s0550/1030] loss = 3.382207
[e018 s0600/1030] loss = 3.257572
[e018 s0650/1030] loss = 3.192009
[e018 s0700/1030] loss = 3.251334
[e018 s0750/1030] loss = 3.116383
[e018 s0800/1030] loss = 3.083156
[e018 s0850/1030] loss = 3.060824
[e018 s0900/1030] loss = 2.983278
[e018 s0950/1030] loss = 2.953906
[e018 s1000/1030] loss = 3.020730
Epoch 018: train_loss = 3.258701  MAE/GAME0 = 23.245  RMSE = 42.248  GAME1 = 23.245  GAME2 = 23.245  GAME3 = 23.245  lr = 1.00e-05  time = 15.3s
[e019 s0001/1030] loss = 3.400593
[e019 s0050/1030] loss = 2.428612
[e019 s0100/1030] loss = 2.760596
[e019 s0150/1030] loss = 3.300573
[e019 s0200/1030] loss = 2.979972
[e019 s0250/1030] loss = 3.707239
[e019 s0300/1030] loss = 3.487770
[e019 s0350/1030] loss = 3.373939
[e019 s0400/1030] loss = 3.495101
[e019 s0450/1030] loss = 3.614571
[e019 s0500/1030] loss = 3.435578
[e019 s0550/1030] loss = 3.279957
[e019 s0600/1030] loss = 3.162678
[e019 s0650/1030] loss = 3.045615
[e019 s0700/1030] loss = 2.961999
[e019 s0750/1030] loss = 3.056705
[e019 s0800/1030] loss = 3.002095
[e019 s0850/1030] loss = 3.009523
[e019 s0900/1030] loss = 3.042340
[e019 s0950/1030] loss = 3.030166
[e019 s1000/1030] loss = 2.971658
Epoch 019: train_loss = 2.929546  MAE/GAME0 = 23.245  RMSE = 42.247  GAME1 = 23.245  GAME2 = 23.245  GAME3 = 23.246  lr = 1.00e-05  time = 15.1s
[e020 s0001/1030] loss = 2.201193
[e020 s0050/1030] loss = 2.962932
[e020 s0100/1030] loss = 3.415910
[e020 s0150/1030] loss = 3.047164
[e020 s0200/1030] loss = 2.793244
[e020 s0250/1030] loss = 3.501424
[e020 s0300/1030] loss = 3.284955
[e020 s0350/1030] loss = 3.444928
[e020 s0400/1030] loss = 3.372573
[e020 s0450/1030] loss = 3.443316
[e020 s0500/1030] loss = 3.228799
[e020 s0550/1030] loss = 3.497234
[e020 s0600/1030] loss = 3.464683
[e020 s0650/1030] loss = 3.422169
[e020 s0700/1030] loss = 3.301594
[e020 s0750/1030] loss = 3.299150
[e020 s0800/1030] loss = 3.291693
[e020 s0850/1030] loss = 3.242886
[e020 s0900/1030] loss = 3.180694
[e020 s0950/1030] loss = 3.120755
[e020 s1000/1030] loss = 3.100916
Epoch 020: train_loss = 3.178827  MAE/GAME0 = 23.240  RMSE = 42.244  GAME1 = 23.241  GAME2 = 23.249  GAME3 = 23.250  lr = 1.00e-05  time = 15.0s
[e021 s0001/1030] loss = 0.710309
[e021 s0050/1030] loss = 2.302936
[e021 s0100/1030] loss = 2.789052
[e021 s0150/1030] loss = 2.706041
[e021 s0200/1030] loss = 2.890015
[e021 s0250/1030] loss = 3.151846
[e021 s0300/1030] loss = 3.139803
[e021 s0350/1030] loss = 2.886331
[e021 s0400/1030] loss = 2.990382
[e021 s0450/1030] loss = 3.089479
[e021 s0500/1030] loss = 3.019508
[e021 s0550/1030] loss = 2.989915
[e021 s0600/1030] loss = 2.880954
[e021 s0650/1030] loss = 2.916416
[e021 s0700/1030] loss = 2.930865
[e021 s0750/1030] loss = 2.832585
[e021 s0800/1030] loss = 2.832881
[e021 s0850/1030] loss = 3.422176
[e021 s0900/1030] loss = 3.400347
[e021 s0950/1030] loss = 3.315907
[e021 s1000/1030] loss = 3.603890
Epoch 021: train_loss = 3.554241  MAE/GAME0 = 23.241  RMSE = 42.244  GAME1 = 23.241  GAME2 = 23.249  GAME3 = 23.249  lr = 1.00e-05  time = 15.1s
[e022 s0001/1030] loss = 6.069504
[e022 s0050/1030] loss = 1.353552
[e022 s0100/1030] loss = 1.769675
[e022 s0150/1030] loss = 2.184307
[e022 s0200/1030] loss = 2.560427
[e022 s0250/1030] loss = 2.641476
[e022 s0300/1030] loss = 2.758509
[e022 s0350/1030] loss = 3.330616
[e022 s0400/1030] loss = 3.481998
[e022 s0450/1030] loss = 3.456956
[e022 s0500/1030] loss = 3.787939
[e022 s0550/1030] loss = 3.805992
[e022 s0600/1030] loss = 3.972775
[e022 s0650/1030] loss = 3.805083
[e022 s0700/1030] loss = 3.700839
[e022 s0750/1030] loss = 3.561949
[e022 s0800/1030] loss = 3.482624
[e022 s0850/1030] loss = 3.418559
[e022 s0900/1030] loss = 3.371819
[e022 s0950/1030] loss = 3.293697
[e022 s1000/1030] loss = 3.263205
Epoch 022: train_loss = 3.226401  MAE/GAME0 = 23.245  RMSE = 42.247  GAME1 = 23.245  GAME2 = 23.245  GAME3 = 23.245  lr = 1.00e-05  time = 15.1s
[e023 s0001/1030] loss = 1.542037
[e023 s0050/1030] loss = 2.009572
[e023 s0100/1030] loss = 2.787574
[e023 s0150/1030] loss = 2.771773
[e023 s0200/1030] loss = 2.816504
[e023 s0250/1030] loss = 2.841838
[e023 s0300/1030] loss = 2.823770
[e023 s0350/1030] loss = 2.785786
[e023 s0400/1030] loss = 2.778544
[e023 s0450/1030] loss = 2.791227
[e023 s0500/1030] loss = 2.727844
[e023 s0550/1030] loss = 2.760164
[e023 s0600/1030] loss = 3.005776
[e023 s0650/1030] loss = 2.949028
[e023 s0700/1030] loss = 3.165538
[e023 s0750/1030] loss = 3.275819
[e023 s0800/1030] loss = 3.277620
[e023 s0850/1030] loss = 3.279377
[e023 s0900/1030] loss = 3.261480
[e023 s0950/1030] loss = 3.248604
[e023 s1000/1030] loss = 3.264588
Epoch 023: train_loss = 3.262802  MAE/GAME0 = 23.245  RMSE = 42.248  GAME1 = 23.245  GAME2 = 23.245  GAME3 = 23.245  lr = 1.00e-05  time = 15.1s
[e024 s0001/1030] loss = 3.766434
[e024 s0050/1030] loss = 3.431111
[e024 s0100/1030] loss = 3.407662
[e024 s0150/1030] loss = 3.064194
[e024 s0200/1030] loss = 2.983346
[e024 s0250/1030] loss = 2.862814
[e024 s0300/1030] loss = 3.238955
[e024 s0350/1030] loss = 3.105348
[e024 s0400/1030] loss = 3.153675
[e024 s0450/1030] loss = 3.133775
[e024 s0500/1030] loss = 3.018544
[e024 s0550/1030] loss = 2.915688
[e024 s0600/1030] loss = 2.851006
[e024 s0650/1030] loss = 2.828406
[e024 s0700/1030] loss = 2.762025
[e024 s0750/1030] loss = 2.798452
[e024 s0800/1030] loss = 2.992950
[e024 s0850/1030] loss = 2.955523
[e024 s0900/1030] loss = 2.973928
[e024 s0950/1030] loss = 2.981694
[e024 s1000/1030] loss = 2.906349
Epoch 024: train_loss = 2.881569  MAE/GAME0 = 23.245  RMSE = 42.248  GAME1 = 23.245  GAME2 = 23.245  GAME3 = 23.245  lr = 1.00e-05  time = 15.2s
[e025 s0001/1030] loss = 0.093269
[e025 s0050/1030] loss = 1.741243
[e025 s0100/1030] loss = 2.124170
[e025 s0150/1030] loss = 2.317324
[e025 s0200/1030] loss = 2.252913
[e025 s0250/1030] loss = 2.898329
[e025 s0300/1030] loss = 2.881535
[e025 s0350/1030] loss = 3.379664
[e025 s0400/1030] loss = 3.158340
[e025 s0450/1030] loss = 3.034953
[e025 s0500/1030] loss = 2.907041
[e025 s0550/1030] loss = 2.788321
[e025 s0600/1030] loss = 2.846525
[e025 s0650/1030] loss = 2.737082
[e025 s0700/1030] loss = 2.696783
[e025 s0750/1030] loss = 2.649831
[e025 s0800/1030] loss = 2.628266
[e025 s0850/1030] loss = 2.646990
[e025 s0900/1030] loss = 2.618616
[e025 s0950/1030] loss = 2.591283
[e025 s1000/1030] loss = 2.643569
Epoch 025: train_loss = 2.957733  MAE/GAME0 = 23.245  RMSE = 42.248  GAME1 = 23.245  GAME2 = 23.245  GAME3 = 23.245  lr = 1.00e-05  time = 15.0s
[e026 s0001/1030] loss = 0.193515
[e026 s0050/1030] loss = 3.287927
[e026 s0100/1030] loss = 2.993885
[e026 s0150/1030] loss = 2.826680
[e026 s0200/1030] loss = 2.742073
[e026 s0250/1030] loss = 2.812060
[e026 s0300/1030] loss = 3.724029
[e026 s0350/1030] loss = 3.455466
[e026 s0400/1030] loss = 3.461656
[e026 s0450/1030] loss = 3.504273
[e026 s0500/1030] loss = 3.492436
[e026 s0550/1030] loss = 3.387513
[e026 s0600/1030] loss = 3.243168
[e026 s0650/1030] loss = 3.296621
[e026 s0700/1030] loss = 3.272538
[e026 s0750/1030] loss = 3.465229
[e026 s0800/1030] loss = 3.347406
[e026 s0850/1030] loss = 3.288682
[e026 s0900/1030] loss = 3.242409
[e026 s0950/1030] loss = 3.187263
[e026 s1000/1030] loss = 3.107094
Epoch 026: train_loss = 3.178017  MAE/GAME0 = 23.245  RMSE = 42.248  GAME1 = 23.245  GAME2 = 23.245  GAME3 = 23.245  lr = 1.00e-05  time = 15.2s
[e027 s0001/1030] loss = 1.455529
[e027 s0050/1030] loss = 3.828150
[e027 s0100/1030] loss = 3.066142
[e027 s0150/1030] loss = 2.884189
[e027 s0200/1030] loss = 2.629409
[e027 s0250/1030] loss = 2.738710
[e027 s0300/1030] loss = 2.980321
[e027 s0350/1030] loss = 3.016560
[e027 s0400/1030] loss = 3.062465
[e027 s0450/1030] loss = 2.940110
[e027 s0500/1030] loss = 3.103776
[e027 s0550/1030] loss = 3.088514
[e027 s0600/1030] loss = 3.071345
[e027 s0650/1030] loss = 3.287750
[e027 s0700/1030] loss = 3.295961
[e027 s0750/1030] loss = 3.251743
[e027 s0800/1030] loss = 3.227151
[e027 s0850/1030] loss = 3.104195
[e027 s0900/1030] loss = 3.108537
[e027 s0950/1030] loss = 3.265959
[e027 s1000/1030] loss = 3.235333
Epoch 027: train_loss = 3.494806  MAE/GAME0 = 23.245  RMSE = 42.248  GAME1 = 23.245  GAME2 = 23.245  GAME3 = 23.245  lr = 1.00e-05  time = 15.0s
[e028 s0001/1030] loss = 0.455331
[e028 s0050/1030] loss = 4.879304
[e028 s0100/1030] loss = 3.736672
[e028 s0150/1030] loss = 3.021257
[e028 s0200/1030] loss = 3.085853
[e028 s0250/1030] loss = 2.967370
[e028 s0300/1030] loss = 2.930686
[e028 s0350/1030] loss = 3.078232
[e028 s0400/1030] loss = 3.071192
[e028 s0450/1030] loss = 2.964572
[e028 s0500/1030] loss = 2.965399
[e028 s0550/1030] loss = 2.864224
[e028 s0600/1030] loss = 2.831860
[e028 s0650/1030] loss = 2.764890
[e028 s0700/1030] loss = 3.401553
[e028 s0750/1030] loss = 3.336573
[e028 s0800/1030] loss = 3.403548
[e028 s0850/1030] loss = 3.346516
[e028 s0900/1030] loss = 3.297560
[e028 s0950/1030] loss = 3.269456
[e028 s1000/1030] loss = 3.233521
Epoch 028: train_loss = 3.235887  MAE/GAME0 = 23.245  RMSE = 42.248  GAME1 = 23.245  GAME2 = 23.245  GAME3 = 23.245  lr = 1.00e-05  time = 15.1s
[e029 s0001/1030] loss = 1.000643
[e029 s0050/1030] loss = 4.460081
[e029 s0100/1030] loss = 3.391740
[e029 s0150/1030] loss = 3.162179
[e029 s0200/1030] loss = 3.129922
[e029 s0250/1030] loss = 3.683174
[e029 s0300/1030] loss = 3.491635
[e029 s0350/1030] loss = 3.264845
[e029 s0400/1030] loss = 3.190764
[e029 s0450/1030] loss = 3.143023
[e029 s0500/1030] loss = 3.098601
[e029 s0550/1030] loss = 2.990422
[e029 s0600/1030] loss = 2.864396
[e029 s0650/1030] loss = 3.961108
[e029 s0700/1030] loss = 4.032335
[e029 s0750/1030] loss = 3.918252
[e029 s0800/1030] loss = 3.867101
[e029 s0850/1030] loss = 3.755766
[e029 s0900/1030] loss = 3.679752
[e029 s0950/1030] loss = 3.599702
[e029 s1000/1030] loss = 3.577923
Epoch 029: train_loss = 3.559527  MAE/GAME0 = 23.245  RMSE = 42.248  GAME1 = 23.245  GAME2 = 23.245  GAME3 = 23.245  lr = 1.00e-05  time = 15.2s
[e030 s0001/1030] loss = 1.993678
[e030 s0050/1030] loss = 4.088425
[e030 s0100/1030] loss = 3.452653
[e030 s0150/1030] loss = 3.748660
[e030 s0200/1030] loss = 3.663655
[e030 s0250/1030] loss = 4.201771
[e030 s0300/1030] loss = 4.086142
[e030 s0350/1030] loss = 3.962389
[e030 s0400/1030] loss = 3.862292
[e030 s0450/1030] loss = 3.616963
[e030 s0500/1030] loss = 3.446994
[e030 s0550/1030] loss = 3.344486
[e030 s0600/1030] loss = 3.274065
[e030 s0650/1030] loss = 3.101097
[e030 s0700/1030] loss = 3.052322
[e030 s0750/1030] loss = 3.359302
[e030 s0800/1030] loss = 3.640518
[e030 s0850/1030] loss = 3.634622
[e030 s0900/1030] loss = 3.533840
[e030 s0950/1030] loss = 3.525176
[e030 s1000/1030] loss = 3.480174
Epoch 030: train_loss = 3.548752  MAE/GAME0 = 23.245  RMSE = 42.248  GAME1 = 23.245  GAME2 = 23.245  GAME3 = 23.245  lr = 1.00e-05  time = 15.3s
[e031 s0001/1030] loss = 1.114066
[e031 s0050/1030] loss = 2.989656
[e031 s0100/1030] loss = 2.784840
[e031 s0150/1030] loss = 2.348646
[e031 s0200/1030] loss = 2.560860
[e031 s0250/1030] loss = 2.434560
[e031 s0300/1030] loss = 2.429422
[e031 s0350/1030] loss = 2.579120
[e031 s0400/1030] loss = 2.565046
[e031 s0450/1030] loss = 2.633883
[e031 s0500/1030] loss = 2.594611
[e031 s0550/1030] loss = 2.683768
[e031 s0600/1030] loss = 2.686394
[e031 s0650/1030] loss = 2.641215
[e031 s0700/1030] loss = 2.590741
[e031 s0750/1030] loss = 2.834947
[e031 s0800/1030] loss = 3.467041
[e031 s0850/1030] loss = 3.443425
[e031 s0900/1030] loss = 3.542384
[e031 s0950/1030] loss = 3.525786
[e031 s1000/1030] loss = 3.467153
Epoch 031: train_loss = 3.435683  MAE/GAME0 = 23.245  RMSE = 42.248  GAME1 = 23.245  GAME2 = 23.245  GAME3 = 23.245  lr = 1.00e-05  time = 15.3s
[e032 s0001/1030] loss = 6.949456
[e032 s0050/1030] loss = 3.319367
[e032 s0100/1030] loss = 4.180002
[e032 s0150/1030] loss = 3.518343
[e032 s0200/1030] loss = 3.499444
[e032 s0250/1030] loss = 3.399977
[e032 s0300/1030] loss = 3.266577
[e032 s0350/1030] loss = 3.325856
[e032 s0400/1030] loss = 3.358643
[e032 s0450/1030] loss = 3.607146
[e032 s0500/1030] loss = 3.484169
[e032 s0550/1030] loss = 3.302454
[e032 s0600/1030] loss = 3.283337
[e032 s0650/1030] loss = 3.251404
[e032 s0700/1030] loss = 3.251684
[e032 s0750/1030] loss = 3.507541
[e032 s0800/1030] loss = 3.405595
[e032 s0850/1030] loss = 3.365556
[e032 s0900/1030] loss = 3.309046
[e032 s0950/1030] loss = 3.383465
[e032 s1000/1030] loss = 3.309244
Epoch 032: train_loss = 3.262072  MAE/GAME0 = 23.245  RMSE = 42.248  GAME1 = 23.245  GAME2 = 23.245  GAME3 = 23.245  lr = 1.00e-05  time = 15.1s
[e033 s0001/1030] loss = 3.525660
[e033 s0050/1030] loss = 2.203425
[e033 s0100/1030] loss = 2.405830
[e033 s0150/1030] loss = 2.182270
[e033 s0200/1030] loss = 2.142712
[e033 s0250/1030] loss = 2.200083
[e033 s0300/1030] loss = 2.143635
[e033 s0350/1030] loss = 2.173805
[e033 s0400/1030] loss = 2.434843
[e033 s0450/1030] loss = 3.417068
[e033 s0500/1030] loss = 3.308840
[e033 s0550/1030] loss = 3.412956
[e033 s0600/1030] loss = 3.257413
[e033 s0650/1030] loss = 3.272017
[e033 s0700/1030] loss = 3.146735
[e033 s0750/1030] loss = 3.196296
[e033 s0800/1030] loss = 3.133811
[e033 s0850/1030] loss = 3.072519
[e033 s0900/1030] loss = 3.081282
[e033 s0950/1030] loss = 2.986990
[e033 s1000/1030] loss = 3.127390
Epoch 033: train_loss = 3.087489  MAE/GAME0 = 23.245  RMSE = 42.248  GAME1 = 23.245  GAME2 = 23.245  GAME3 = 23.245  lr = 1.00e-05  time = 15.1s
[e034 s0001/1030] loss = 0.041042
[e034 s0050/1030] loss = 2.004736
[e034 s0100/1030] loss = 3.041365
[e034 s0150/1030] loss = 2.670413
[e034 s0200/1030] loss = 2.664204
[e034 s0250/1030] loss = 2.627392
[e034 s0300/1030] loss = 2.692561
[e034 s0350/1030] loss = 3.065147
[e034 s0400/1030] loss = 2.981941
[e034 s0450/1030] loss = 2.880529
[e034 s0500/1030] loss = 2.995223
[e034 s0550/1030] loss = 3.235750
[e034 s0600/1030] loss = 3.298939
[e034 s0650/1030] loss = 3.162142
[e034 s0700/1030] loss = 3.238606
[e034 s0750/1030] loss = 3.293665
[e034 s0800/1030] loss = 3.235375
[e034 s0850/1030] loss = 3.177955
[e034 s0900/1030] loss = 3.194325
[e034 s0950/1030] loss = 3.122918
[e034 s1000/1030] loss = 3.096464
Epoch 034: train_loss = 3.085817  MAE/GAME0 = 23.245  RMSE = 42.248  GAME1 = 23.245  GAME2 = 23.245  GAME3 = 23.245  lr = 1.00e-05  time = 15.0s
[e035 s0001/1030] loss = 4.911903
[e035 s0050/1030] loss = 3.538284
[e035 s0100/1030] loss = 3.442894
[e035 s0150/1030] loss = 2.940435
[e035 s0200/1030] loss = 2.950932
[e035 s0250/1030] loss = 3.331113
[e035 s0300/1030] loss = 3.091099
[e035 s0350/1030] loss = 3.754132
[e035 s0400/1030] loss = 3.503991
[e035 s0450/1030] loss = 3.438214
[e035 s0500/1030] loss = 3.356778
[e035 s0550/1030] loss = 3.282244
[e035 s0600/1030] loss = 3.150174
[e035 s0650/1030] loss = 3.145600
[e035 s0700/1030] loss = 3.103847
[e035 s0750/1030] loss = 3.039744
[e035 s0800/1030] loss = 2.987327
[e035 s0850/1030] loss = 2.953130
[e035 s0900/1030] loss = 2.961359
[e035 s0950/1030] loss = 2.983860
[e035 s1000/1030] loss = 3.137723
Epoch 035: train_loss = 3.148150  MAE/GAME0 = 23.245  RMSE = 42.248  GAME1 = 23.245  GAME2 = 23.245  GAME3 = 23.245  lr = 1.00e-05  time = 15.0s
[e036 s0001/1030] loss = 0.106811
[e036 s0050/1030] loss = 6.916435
[e036 s0100/1030] loss = 4.794211
[e036 s0150/1030] loss = 4.095310
[e036 s0200/1030] loss = 3.677797
[e036 s0250/1030] loss = 4.462571
[e036 s0300/1030] loss = 4.053347
[e036 s0350/1030] loss = 3.785332
[e036 s0400/1030] loss = 3.573607
[e036 s0450/1030] loss = 3.551171
[e036 s0500/1030] loss = 3.539596
[e036 s0550/1030] loss = 3.708911
[e036 s0600/1030] loss = 3.619252
[e036 s0650/1030] loss = 3.551003
[e036 s0700/1030] loss = 3.496538
[e036 s0750/1030] loss = 3.507080
[e036 s0800/1030] loss = 3.428496
[e036 s0850/1030] loss = 3.360982
[e036 s0900/1030] loss = 3.375914
[e036 s0950/1030] loss = 3.285789
[e036 s1000/1030] loss = 3.224529
Epoch 036: train_loss = 3.194373  MAE/GAME0 = 23.245  RMSE = 42.248  GAME1 = 23.245  GAME2 = 23.245  GAME3 = 23.245  lr = 1.00e-05  time = 15.1s
[e037 s0001/1030] loss = 0.312565
[e037 s0050/1030] loss = 1.215704
[e037 s0100/1030] loss = 2.232662
[e037 s0150/1030] loss = 2.125715
[e037 s0200/1030] loss = 2.473459
[e037 s0250/1030] loss = 2.507908
[e037 s0300/1030] loss = 2.446779
[e037 s0350/1030] loss = 2.523171
[e037 s0400/1030] loss = 2.658894
[e037 s0450/1030] loss = 2.491888
[e037 s0500/1030] loss = 2.432814
[e037 s0550/1030] loss = 2.556453
[e037 s0600/1030] loss = 2.619287
[e037 s0650/1030] loss = 2.623689
[e037 s0700/1030] loss = 2.723445
[e037 s0750/1030] loss = 2.976101
[e037 s0800/1030] loss = 2.969366
[e037 s0850/1030] loss = 2.974698
[e037 s0900/1030] loss = 2.997965
[e037 s0950/1030] loss = 3.242422
[e037 s1000/1030] loss = 3.202431
Epoch 037: train_loss = 3.138722  MAE/GAME0 = 23.245  RMSE = 42.248  GAME1 = 23.245  GAME2 = 23.245  GAME3 = 23.245  lr = 1.00e-05  time = 15.0s
[e038 s0001/1030] loss = 0.032822
[e038 s0050/1030] loss = 5.043503
[e038 s0100/1030] loss = 4.834875
[e038 s0150/1030] loss = 6.163404
[e038 s0200/1030] loss = 5.480718
[e038 s0250/1030] loss = 5.005348
[e038 s0300/1030] loss = 4.401962
[e038 s0350/1030] loss = 4.304231
[e038 s0400/1030] loss = 4.329052
[e038 s0450/1030] loss = 4.245923
[e038 s0500/1030] loss = 4.147170
[e038 s0550/1030] loss = 3.975251
[e038 s0600/1030] loss = 3.880777
[e038 s0650/1030] loss = 3.725432
[e038 s0700/1030] loss = 3.663061
[e038 s0750/1030] loss = 3.571530
[e038 s0800/1030] loss = 3.446104
[e038 s0850/1030] loss = 3.481535
[e038 s0900/1030] loss = 3.450805
[e038 s0950/1030] loss = 3.415528
[e038 s1000/1030] loss = 3.386487
Epoch 038: train_loss = 3.337733  MAE/GAME0 = 23.245  RMSE = 42.248  GAME1 = 23.245  GAME2 = 23.245  GAME3 = 23.245  lr = 1.00e-05  time = 15.3s
[e039 s0001/1030] loss = 0.074299
[e039 s0050/1030] loss = 1.969944
[e039 s0100/1030] loss = 2.853467
[e039 s0150/1030] loss = 2.873694
[e039 s0200/1030] loss = 3.167011
[e039 s0250/1030] loss = 2.886302
[e039 s0300/1030] loss = 3.088886
[e039 s0350/1030] loss = 3.017838
[e039 s0400/1030] loss = 3.798053
[e039 s0450/1030] loss = 3.549526
[e039 s0500/1030] loss = 3.453744
[e039 s0550/1030] loss = 3.317078
[e039 s0600/1030] loss = 3.164582
[e039 s0650/1030] loss = 3.128628
[e039 s0700/1030] loss = 3.091550
[e039 s0750/1030] loss = 3.058795
[e039 s0800/1030] loss = 3.269264
[e039 s0850/1030] loss = 3.206164
[e039 s0900/1030] loss = 3.181149
[e039 s0950/1030] loss = 3.338155
[e039 s1000/1030] loss = 3.240901
Epoch 039: train_loss = 3.221434  MAE/GAME0 = 23.245  RMSE = 42.248  GAME1 = 23.245  GAME2 = 23.245  GAME3 = 23.245  lr = 1.00e-05  time = 15.2s
[e040 s0001/1030] loss = 0.023703
[e040 s0050/1030] loss = 2.509915
[e040 s0100/1030] loss = 4.383662
[e040 s0150/1030] loss = 3.742159
[e040 s0200/1030] loss = 4.453224
[e040 s0250/1030] loss = 4.317260
[e040 s0300/1030] loss = 4.080023
[e040 s0350/1030] loss = 3.817098
[e040 s0400/1030] loss = 3.918035
[e040 s0450/1030] loss = 3.869022
[e040 s0500/1030] loss = 3.664196
[e040 s0550/1030] loss = 3.507896
[e040 s0600/1030] loss = 3.392683
[e040 s0650/1030] loss = 3.269079
[e040 s0700/1030] loss = 3.197145
[e040 s0750/1030] loss = 3.283667
[e040 s0800/1030] loss = 3.204142
[e040 s0850/1030] loss = 3.143598
[e040 s0900/1030] loss = 3.107517
[e040 s0950/1030] loss = 3.102293
[e040 s1000/1030] loss = 3.060019
Epoch 040: train_loss = 3.194650  MAE/GAME0 = 23.245  RMSE = 42.248  GAME1 = 23.245  GAME2 = 23.245  GAME3 = 23.245  lr = 1.00e-05  time = 15.2s
[e041 s0001/1030] loss = 1.082779
[e041 s0050/1030] loss = 2.957840
[e041 s0100/1030] loss = 2.833578
[e041 s0150/1030] loss = 4.431836
[e041 s0200/1030] loss = 4.193007
[e041 s0250/1030] loss = 3.966320
[e041 s0300/1030] loss = 4.229098
[e041 s0350/1030] loss = 4.021954
[e041 s0400/1030] loss = 3.817973
[e041 s0450/1030] loss = 3.686776
[e041 s0500/1030] loss = 3.623387
[e041 s0550/1030] loss = 4.323648
[e041 s0600/1030] loss = 4.104474
[e041 s0650/1030] loss = 4.003494
[e041 s0700/1030] loss = 3.941796
[e041 s0750/1030] loss = 3.866231
[e041 s0800/1030] loss = 3.780999
[e041 s0850/1030] loss = 3.680761
[e041 s0900/1030] loss = 3.654696
[e041 s0950/1030] loss = 3.641332
[e041 s1000/1030] loss = 3.542335
Epoch 041: train_loss = 3.511712  MAE/GAME0 = 23.245  RMSE = 42.248  GAME1 = 23.245  GAME2 = 23.245  GAME3 = 23.245  lr = 1.00e-05  time = 15.0s
[e042 s0001/1030] loss = 0.186508
[e042 s0050/1030] loss = 3.272549
[e042 s0100/1030] loss = 2.993937
[e042 s0150/1030] loss = 2.583825
[e042 s0200/1030] loss = 2.402373
[e042 s0250/1030] loss = 2.255038
[e042 s0300/1030] loss = 2.871114
[e042 s0350/1030] loss = 3.375874
[e042 s0400/1030] loss = 3.271645
[e042 s0450/1030] loss = 3.277960
[e042 s0500/1030] loss = 3.197732
[e042 s0550/1030] loss = 3.146909
[e042 s0600/1030] loss = 3.153171
[e042 s0650/1030] loss = 3.107591
[e042 s0700/1030] loss = 3.056136
[e042 s0750/1030] loss = 3.033270
[e042 s0800/1030] loss = 3.035347
[e042 s0850/1030] loss = 2.953786
[e042 s0900/1030] loss = 2.870923
[e042 s0950/1030] loss = 2.875550
[e042 s1000/1030] loss = 2.846196
Epoch 042: train_loss = 2.864399  MAE/GAME0 = 23.245  RMSE = 42.248  GAME1 = 23.245  GAME2 = 23.245  GAME3 = 23.245  lr = 1.00e-05  time = 15.1s
[e043 s0001/1030] loss = 0.276774
[e043 s0050/1030] loss = 5.031761
[e043 s0100/1030] loss = 3.582298
[e043 s0150/1030] loss = 3.351325
[e043 s0200/1030] loss = 2.989831
[e043 s0250/1030] loss = 2.802734
[e043 s0300/1030] loss = 2.881103
[e043 s0350/1030] loss = 3.081337
[e043 s0400/1030] loss = 2.993393
[e043 s0450/1030] loss = 3.007117
[e043 s0500/1030] loss = 2.873609
[e043 s0550/1030] loss = 3.169766
[e043 s0600/1030] loss = 3.131747
[e043 s0650/1030] loss = 3.298223
[e043 s0700/1030] loss = 3.310828
[e043 s0750/1030] loss = 3.303378
[e043 s0800/1030] loss = 3.287302
[e043 s0850/1030] loss = 3.397388
[e043 s0900/1030] loss = 3.291716
[e043 s0950/1030] loss = 3.252933
[e043 s1000/1030] loss = 3.325313
Epoch 043: train_loss = 3.287692  MAE/GAME0 = 23.243  RMSE = 42.246  GAME1 = 23.243  GAME2 = 23.245  GAME3 = 23.246  lr = 1.00e-05  time = 15.3s
[e044 s0001/1030] loss = 2.386604
[e044 s0050/1030] loss = 4.858365
[e044 s0100/1030] loss = 5.489828
[e044 s0150/1030] loss = 4.500919
[e044 s0200/1030] loss = 4.034216
[e044 s0250/1030] loss = 3.633614
[e044 s0300/1030] loss = 4.099523
[e044 s0350/1030] loss = 3.854841
[e044 s0400/1030] loss = 3.746711
[e044 s0450/1030] loss = 3.608902
[e044 s0500/1030] loss = 3.494436
[e044 s0550/1030] loss = 3.508819
[e044 s0600/1030] loss = 3.472865
[e044 s0650/1030] loss = 3.320806
[e044 s0700/1030] loss = 3.419292
[e044 s0750/1030] loss = 3.274071
[e044 s0800/1030] loss = 3.507497
[e044 s0850/1030] loss = 3.401243
[e044 s0900/1030] loss = 3.353073
[e044 s0950/1030] loss = 3.426427
[e044 s1000/1030] loss = 3.393047
Epoch 044: train_loss = 3.418667  MAE/GAME0 = 23.245  RMSE = 42.248  GAME1 = 23.245  GAME2 = 23.245  GAME3 = 23.245  lr = 1.00e-05  time = 15.0s
[e045 s0001/1030] loss = 0.068151
[e045 s0050/1030] loss = 3.413354
[e045 s0100/1030] loss = 3.656755
[e045 s0150/1030] loss = 3.365653
[e045 s0200/1030] loss = 3.353828
[e045 s0250/1030] loss = 3.941600
[e045 s0300/1030] loss = 3.632957
[e045 s0350/1030] loss = 3.463375
[e045 s0400/1030] loss = 3.443608
[e045 s0450/1030] loss = 3.377162
[e045 s0500/1030] loss = 3.202418
[e045 s0550/1030] loss = 3.149684
[e045 s0600/1030] loss = 3.183080
[e045 s0650/1030] loss = 3.231887
[e045 s0700/1030] loss = 3.123288
[e045 s0750/1030] loss = 3.019261
[e045 s0800/1030] loss = 3.016196
[e045 s0850/1030] loss = 3.014153
[e045 s0900/1030] loss = 2.945689
[e045 s0950/1030] loss = 3.026652
[e045 s1000/1030] loss = 3.025793
Epoch 045: train_loss = 3.028639  MAE/GAME0 = 23.245  RMSE = 42.248  GAME1 = 23.245  GAME2 = 23.245  GAME3 = 23.245  lr = 1.00e-05  time = 15.1s
[e046 s0001/1030] loss = 9.725927
[e046 s0050/1030] loss = 3.212407
[e046 s0100/1030] loss = 3.241460
[e046 s0150/1030] loss = 3.147117
[e046 s0200/1030] loss = 2.942500
[e046 s0250/1030] loss = 3.437051
[e046 s0300/1030] loss = 3.121846
[e046 s0350/1030] loss = 3.172708
[e046 s0400/1030] loss = 3.087038
[e046 s0450/1030] loss = 3.107178
[e046 s0500/1030] loss = 2.984433
[e046 s0550/1030] loss = 2.907855
[e046 s0600/1030] loss = 3.067554
[e046 s0650/1030] loss = 3.125962
[e046 s0700/1030] loss = 3.246708
[e046 s0750/1030] loss = 3.491743
[e046 s0800/1030] loss = 3.631120
[e046 s0850/1030] loss = 3.793545
[e046 s0900/1030] loss = 3.764430
[e046 s0950/1030] loss = 3.700486
[e046 s1000/1030] loss = 3.655282
Epoch 046: train_loss = 3.636517  MAE/GAME0 = 23.245  RMSE = 42.248  GAME1 = 23.245  GAME2 = 23.245  GAME3 = 23.245  lr = 1.00e-05  time = 15.1s
[e047 s0001/1030] loss = 20.111813
[e047 s0050/1030] loss = 3.569133
[e047 s0100/1030] loss = 3.073020
[e047 s0150/1030] loss = 2.730137
[e047 s0200/1030] loss = 3.279106
[e047 s0250/1030] loss = 3.214297
[e047 s0300/1030] loss = 2.976975
[e047 s0350/1030] loss = 3.189184
[e047 s0400/1030] loss = 3.151081
[e047 s0450/1030] loss = 2.960083
[e047 s0500/1030] loss = 2.969057
[e047 s0550/1030] loss = 3.076724
[e047 s0600/1030] loss = 3.024420
[e047 s0650/1030] loss = 2.956423
[e047 s0700/1030] loss = 2.958208
[e047 s0750/1030] loss = 3.124470
[e047 s0800/1030] loss = 3.143160
[e047 s0850/1030] loss = 3.262976
[e047 s0900/1030] loss = 3.180757
[e047 s0950/1030] loss = 3.148275
[e047 s1000/1030] loss = 3.113587
Epoch 047: train_loss = 3.083506  MAE/GAME0 = 23.245  RMSE = 42.248  GAME1 = 23.245  GAME2 = 23.245  GAME3 = 23.245  lr = 1.00e-05  time = 15.0s
[e048 s0001/1030] loss = 1.837964
[e048 s0050/1030] loss = 1.721045
[e048 s0100/1030] loss = 1.934629
[e048 s0150/1030] loss = 2.098179
[e048 s0200/1030] loss = 2.057831
[e048 s0250/1030] loss = 2.021877
[e048 s0300/1030] loss = 2.144237
[e048 s0350/1030] loss = 2.306976
[e048 s0400/1030] loss = 2.602743
[e048 s0450/1030] loss = 2.534220
[e048 s0500/1030] loss = 3.370576
[e048 s0550/1030] loss = 3.286131
[e048 s0600/1030] loss = 3.331900
[e048 s0650/1030] loss = 3.313848
[e048 s0700/1030] loss = 3.290022
[e048 s0750/1030] loss = 3.274760
[e048 s0800/1030] loss = 3.182318
[e048 s0850/1030] loss = 3.125738
[e048 s0900/1030] loss = 3.084279
[e048 s0950/1030] loss = 3.014256
[e048 s1000/1030] loss = 3.210095
Epoch 048: train_loss = 3.213419  MAE/GAME0 = 23.245  RMSE = 42.248  GAME1 = 23.245  GAME2 = 23.245  GAME3 = 23.245  lr = 1.00e-05  time = 15.2s
[e049 s0001/1030] loss = 3.446727
[e049 s0050/1030] loss = 1.893453
[e049 s0100/1030] loss = 3.068886
[e049 s0150/1030] loss = 2.559674
[e049 s0200/1030] loss = 2.677274
[e049 s0250/1030] loss = 2.502183
[e049 s0300/1030] loss = 2.540779
[e049 s0350/1030] loss = 2.393265
[e049 s0400/1030] loss = 2.930761
[e049 s0450/1030] loss = 2.921617
[e049 s0500/1030] loss = 2.904467
[e049 s0550/1030] loss = 2.843538
[e049 s0600/1030] loss = 2.821510
[e049 s0650/1030] loss = 3.182793
[e049 s0700/1030] loss = 3.115240
[e049 s0750/1030] loss = 3.059407
[e049 s0800/1030] loss = 2.953548
[e049 s0850/1030] loss = 3.096616
[e049 s0900/1030] loss = 3.011768
[e049 s0950/1030] loss = 2.996977
[e049 s1000/1030] loss = 3.008045
Epoch 049: train_loss = 2.965185  MAE/GAME0 = 23.245  RMSE = 42.248  GAME1 = 23.245  GAME2 = 23.245  GAME3 = 23.245  lr = 1.00e-05  time = 15.2s
[e050 s0001/1030] loss = 0.663748
[e050 s0050/1030] loss = 4.119550
[e050 s0100/1030] loss = 3.740402
[e050 s0150/1030] loss = 3.320842
[e050 s0200/1030] loss = 3.646305
[e050 s0250/1030] loss = 4.301810
[e050 s0300/1030] loss = 4.068478
[e050 s0350/1030] loss = 3.960880
[e050 s0400/1030] loss = 3.715920
[e050 s0450/1030] loss = 3.477166
[e050 s0500/1030] loss = 3.426550
[e050 s0550/1030] loss = 3.495713
[e050 s0600/1030] loss = 3.399020
[e050 s0650/1030] loss = 3.304493
[e050 s0700/1030] loss = 3.338060
[e050 s0750/1030] loss = 3.327843
[e050 s0800/1030] loss = 3.405162
[e050 s0850/1030] loss = 3.379684
[e050 s0900/1030] loss = 3.374867
[e050 s0950/1030] loss = 3.560447
[e050 s1000/1030] loss = 3.514059
Epoch 050: train_loss = 3.459622  MAE/GAME0 = 23.245  RMSE = 42.248  GAME1 = 23.245  GAME2 = 23.245  GAME3 = 23.245  lr = 1.00e-05  time = 15.2s
[e051 s0001/1030] loss = 4.561336
[e051 s0050/1030] loss = 3.276717
[e051 s0100/1030] loss = 2.604545
[e051 s0150/1030] loss = 2.440160
[e051 s0200/1030] loss = 2.327202
[e051 s0250/1030] loss = 3.243175
[e051 s0300/1030] loss = 3.037738
[e051 s0350/1030] loss = 3.198430
[e051 s0400/1030] loss = 3.152710
[e051 s0450/1030] loss = 3.014120
[e051 s0500/1030] loss = 2.981507
[e051 s0550/1030] loss = 3.452365
[e051 s0600/1030] loss = 3.297647
[e051 s0650/1030] loss = 3.254396
[e051 s0700/1030] loss = 3.272771
[e051 s0750/1030] loss = 3.255240
[e051 s0800/1030] loss = 3.215269
[e051 s0850/1030] loss = 3.144526
[e051 s0900/1030] loss = 3.176563
[e051 s0950/1030] loss = 3.093188
[e051 s1000/1030] loss = 3.034734
Epoch 051: train_loss = 3.055827  MAE/GAME0 = 23.245  RMSE = 42.248  GAME1 = 23.245  GAME2 = 23.245  GAME3 = 23.245  lr = 1.00e-05  time = 15.1s
[e052 s0001/1030] loss = 0.000000
[e052 s0050/1030] loss = 3.018261
[e052 s0100/1030] loss = 2.653606
[e052 s0150/1030] loss = 4.090312
[e052 s0200/1030] loss = 3.575957
[e052 s0250/1030] loss = 3.637840
[e052 s0300/1030] loss = 3.526141
[e052 s0350/1030] loss = 3.349646
[e052 s0400/1030] loss = 3.266241
[e052 s0450/1030] loss = 3.173387
[e052 s0500/1030] loss = 3.178826
[e052 s0550/1030] loss = 3.132515
[e052 s0600/1030] loss = 3.766622
[e052 s0650/1030] loss = 3.743890
[e052 s0700/1030] loss = 3.738867
[e052 s0750/1030] loss = 3.626656
[e052 s0800/1030] loss = 3.734714
[e052 s0850/1030] loss = 3.704745
[e052 s0900/1030] loss = 3.739827
[e052 s0950/1030] loss = 3.655824
[e052 s1000/1030] loss = 3.625729
Epoch 052: train_loss = 3.575593  MAE/GAME0 = 23.245  RMSE = 42.248  GAME1 = 23.245  GAME2 = 23.245  GAME3 = 23.245  lr = 1.00e-05  time = 15.1s
[e053 s0001/1030] loss = 0.079012
[e053 s0050/1030] loss = 5.527614
[e053 s0100/1030] loss = 3.815105
[e053 s0150/1030] loss = 3.346163
[e053 s0200/1030] loss = 2.970961
[e053 s0250/1030] loss = 2.778213
[e053 s0300/1030] loss = 2.777831
[e053 s0350/1030] loss = 3.363764
[e053 s0400/1030] loss = 3.414529
[e053 s0450/1030] loss = 3.229197
[e053 s0500/1030] loss = 3.460740
[e053 s0550/1030] loss = 3.400947
[e053 s0600/1030] loss = 3.264117
[e053 s0650/1030] loss = 3.138762
[e053 s0700/1030] loss = 3.061423
[e053 s0750/1030] loss = 3.074963
[e053 s0800/1030] loss = 3.179745
[e053 s0850/1030] loss = 3.168365
[e053 s0900/1030] loss = 3.363638
[e053 s0950/1030] loss = 3.443049
[e053 s1000/1030] loss = 3.424040
Epoch 053: train_loss = 3.365180  MAE/GAME0 = 23.245  RMSE = 42.248  GAME1 = 23.245  GAME2 = 23.245  GAME3 = 23.245  lr = 1.00e-05  time = 15.0s
[e054 s0001/1030] loss = 0.501709
[e054 s0050/1030] loss = 2.701561
[e054 s0100/1030] loss = 2.518391
[e054 s0150/1030] loss = 3.116917
[e054 s0200/1030] loss = 3.096528
[e054 s0250/1030] loss = 3.212327
[e054 s0300/1030] loss = 2.998334
[e054 s0350/1030] loss = 2.969628
[e054 s0400/1030] loss = 3.434384
[e054 s0450/1030] loss = 3.324602
[e054 s0500/1030] loss = 3.246694
[e054 s0550/1030] loss = 3.103681
[e054 s0600/1030] loss = 3.037464
[e054 s0650/1030] loss = 2.996883
[e054 s0700/1030] loss = 2.930458
[e054 s0750/1030] loss = 2.880162
[e054 s0800/1030] loss = 2.829133
[e054 s0850/1030] loss = 2.946192
[e054 s0900/1030] loss = 2.916426
[e054 s0950/1030] loss = 2.876900
[e054 s1000/1030] loss = 2.921103
Epoch 054: train_loss = 2.866443  MAE/GAME0 = 23.245  RMSE = 42.248  GAME1 = 23.245  GAME2 = 23.245  GAME3 = 23.245  lr = 1.00e-05  time = 15.3s
[e055 s0001/1030] loss = 0.215981
[e055 s0050/1030] loss = 3.261096
[e055 s0100/1030] loss = 3.594187
[e055 s0150/1030] loss = 3.320735
[e055 s0200/1030] loss = 3.185880
[e055 s0250/1030] loss = 3.074518
[e055 s0300/1030] loss = 3.532298
[e055 s0350/1030] loss = 3.429792
[e055 s0400/1030] loss = 3.204091
[e055 s0450/1030] loss = 3.429290
[e055 s0500/1030] loss = 3.498314
[e055 s0550/1030] loss = 3.860439
[e055 s0600/1030] loss = 3.660802
[e055 s0650/1030] loss = 3.544858
[e055 s0700/1030] loss = 3.663469
[e055 s0750/1030] loss = 3.554137
[e055 s0800/1030] loss = 3.535327
[e055 s0850/1030] loss = 3.510158
[e055 s0900/1030] loss = 3.449263
[e055 s0950/1030] loss = 3.440093
[e055 s1000/1030] loss = 3.360712
Epoch 055: train_loss = 3.313586  MAE/GAME0 = 23.245  RMSE = 42.248  GAME1 = 23.245  GAME2 = 23.245  GAME3 = 23.245  lr = 1.00e-05  time = 15.5s
[e056 s0001/1030] loss = 0.250271
[e056 s0050/1030] loss = 9.932770
[e056 s0100/1030] loss = 6.890156
[e056 s0150/1030] loss = 6.446497
[e056 s0200/1030] loss = 5.234097
[e056 s0250/1030] loss = 5.442774
[e056 s0300/1030] loss = 4.790052
[e056 s0350/1030] loss = 4.318516
[e056 s0400/1030] loss = 4.014397
[e056 s0450/1030] loss = 3.825420
[e056 s0500/1030] loss = 3.744183
[e056 s0550/1030] loss = 3.597397
[e056 s0600/1030] loss = 3.530272
[e056 s0650/1030] loss = 3.436173
[e056 s0700/1030] loss = 3.493024
[e056 s0750/1030] loss = 3.661532
[e056 s0800/1030] loss = 3.608376
[e056 s0850/1030] loss = 3.714345
[e056 s0900/1030] loss = 3.697187
[e056 s0950/1030] loss = 3.625600
[e056 s1000/1030] loss = 3.566130
Epoch 056: train_loss = 3.527795  MAE/GAME0 = 23.245  RMSE = 42.248  GAME1 = 23.245  GAME2 = 23.245  GAME3 = 23.245  lr = 1.00e-05  time = 15.0s
[e057 s0001/1030] loss = 0.521865
[e057 s0050/1030] loss = 2.235664
[e057 s0100/1030] loss = 2.165235
[e057 s0150/1030] loss = 2.167132
[e057 s0200/1030] loss = 2.182744
[e057 s0250/1030] loss = 2.281072
[e057 s0300/1030] loss = 2.346788
[e057 s0350/1030] loss = 2.553035
[e057 s0400/1030] loss = 2.739977
[e057 s0450/1030] loss = 2.721973
[e057 s0500/1030] loss = 2.635092
[e057 s0550/1030] loss = 2.747472
[e057 s0600/1030] loss = 2.738432
[e057 s0650/1030] loss = 3.036401
[e057 s0700/1030] loss = 2.973357
[e057 s0750/1030] loss = 3.026030
[e057 s0800/1030] loss = 3.020668
[e057 s0850/1030] loss = 2.965719
[e057 s0900/1030] loss = 2.998423
[e057 s0950/1030] loss = 2.974208
[e057 s1000/1030] loss = 3.071940
Epoch 057: train_loss = 3.249520  MAE/GAME0 = 23.245  RMSE = 42.248  GAME1 = 23.245  GAME2 = 23.245  GAME3 = 23.245  lr = 1.00e-05  time = 15.2s
[e058 s0001/1030] loss = 0.023637
[e058 s0050/1030] loss = 4.680325
[e058 s0100/1030] loss = 3.425037
[e058 s0150/1030] loss = 2.872775
[e058 s0200/1030] loss = 3.502184
[e058 s0250/1030] loss = 3.216685
[e058 s0300/1030] loss = 3.659090
[e058 s0350/1030] loss = 3.705578
[e058 s0400/1030] loss = 3.572183
[e058 s0450/1030] loss = 3.489560
[e058 s0500/1030] loss = 3.298645
[e058 s0550/1030] loss = 3.281568
[e058 s0600/1030] loss = 3.239541
[e058 s0650/1030] loss = 3.138496
[e058 s0700/1030] loss = 3.085440
[e058 s0750/1030] loss = 3.028154
[e058 s0800/1030] loss = 2.950271
[e058 s0850/1030] loss = 2.945965
[e058 s0900/1030] loss = 3.272497
[e058 s0950/1030] loss = 3.224811
[e058 s1000/1030] loss = 3.274341
Epoch 058: train_loss = 3.287741  MAE/GAME0 = 23.245  RMSE = 42.248  GAME1 = 23.245  GAME2 = 23.245  GAME3 = 23.245  lr = 1.00e-05  time = 15.1s
[e059 s0001/1030] loss = 1.098813
[e059 s0050/1030] loss = 1.404817
[e059 s0100/1030] loss = 2.205445
[e059 s0150/1030] loss = 2.442313
[e059 s0200/1030] loss = 3.184389
[e059 s0250/1030] loss = 3.288935
[e059 s0300/1030] loss = 3.516460
[e059 s0350/1030] loss = 3.340386
[e059 s0400/1030] loss = 3.335627
[e059 s0450/1030] loss = 3.247744
[e059 s0500/1030] loss = 3.207230
[e059 s0550/1030] loss = 3.118769
[e059 s0600/1030] loss = 2.984283
[e059 s0650/1030] loss = 3.233382
[e059 s0700/1030] loss = 3.211051
[e059 s0750/1030] loss = 3.102779
[e059 s0800/1030] loss = 3.170076
[e059 s0850/1030] loss = 3.243482
[e059 s0900/1030] loss = 3.353826
[e059 s0950/1030] loss = 3.367684
[e059 s1000/1030] loss = 3.420718
Epoch 059: train_loss = 3.419439  MAE/GAME0 = 23.245  RMSE = 42.248  GAME1 = 23.245  GAME2 = 23.245  GAME3 = 23.245  lr = 1.00e-05  time = 15.2s
[e060 s0001/1030] loss = 1.394784
[e060 s0050/1030] loss = 5.349113
[e060 s0100/1030] loss = 3.260827
[e060 s0150/1030] loss = 3.168960
[e060 s0200/1030] loss = 4.116111
[e060 s0250/1030] loss = 3.747608
[e060 s0300/1030] loss = 3.975675
[e060 s0350/1030] loss = 3.798496
[e060 s0400/1030] loss = 4.376553
[e060 s0450/1030] loss = 4.114889
[e060 s0500/1030] loss = 3.960345
[e060 s0550/1030] loss = 3.850352
[e060 s0600/1030] loss = 3.790173
[e060 s0650/1030] loss = 3.691873
[e060 s0700/1030] loss = 3.526219
[e060 s0750/1030] loss = 3.452753
[e060 s0800/1030] loss = 3.360619
[e060 s0850/1030] loss = 3.294892
[e060 s0900/1030] loss = 3.229474
[e060 s0950/1030] loss = 3.215036
[e060 s1000/1030] loss = 3.183777
Epoch 060: train_loss = 3.157688  MAE/GAME0 = 23.245  RMSE = 42.248  GAME1 = 23.245  GAME2 = 23.245  GAME3 = 23.245  lr = 1.00e-05  time = 15.2s
[e061 s0001/1030] loss = 2.027971
[e061 s0050/1030] loss = 3.574341
[e061 s0100/1030] loss = 3.691277
[e061 s0150/1030] loss = 3.333907
[e061 s0200/1030] loss = 3.097544
[e061 s0250/1030] loss = 2.927929
[e061 s0300/1030] loss = 2.854074
[e061 s0350/1030] loss = 2.697495
[e061 s0400/1030] loss = 2.767909
[e061 s0450/1030] loss = 2.725455
[e061 s0500/1030] loss = 2.692393
[e061 s0550/1030] loss = 2.670494
[e061 s0600/1030] loss = 3.295684
[e061 s0650/1030] loss = 3.293695
[e061 s0700/1030] loss = 3.191994
[e061 s0750/1030] loss = 3.488081
[e061 s0800/1030] loss = 3.405362
[e061 s0850/1030] loss = 3.399251
[e061 s0900/1030] loss = 3.330541
[e061 s0950/1030] loss = 3.283981
[e061 s1000/1030] loss = 3.274530
Epoch 061: train_loss = 3.267364  MAE/GAME0 = 20.907  RMSE = 38.538  GAME1 = 25.109  GAME2 = 29.333  GAME3 = 31.638  lr = 1.00e-05  time = 15.0s
[e062 s0001/1030] loss = 0.643276
[e062 s0050/1030] loss = 2.901561
[e062 s0100/1030] loss = 4.771836
[e062 s0150/1030] loss = 3.798600
[e062 s0200/1030] loss = 3.410011
[e062 s0250/1030] loss = 3.029037
[e062 s0300/1030] loss = 2.745678
[e062 s0350/1030] loss = 2.473773
[e062 s0400/1030] loss = 2.416242
[e062 s0450/1030] loss = 2.347828
[e062 s0500/1030] loss = 2.266508
[e062 s0550/1030] loss = 2.326123
[e062 s0600/1030] loss = 2.210038
[e062 s0650/1030] loss = 2.203219
[e062 s0700/1030] loss = 2.583174
[e062 s0750/1030] loss = 2.684877
[e062 s0800/1030] loss = 2.685402
[e062 s0850/1030] loss = 2.812717
[e062 s0900/1030] loss = 2.919130
[e062 s0950/1030] loss = 2.874318
[e062 s1000/1030] loss = 2.839946
Epoch 062: train_loss = 2.824751  MAE/GAME0 = 16.330  RMSE = 35.902  GAME1 = 19.761  GAME2 = 22.605  GAME3 = 24.284  lr = 1.00e-05  time = 15.0s
[e063 s0001/1030] loss = 0.368582
[e063 s0050/1030] loss = 4.672366
[e063 s0100/1030] loss = 2.855819
[e063 s0150/1030] loss = 3.477947
[e063 s0200/1030] loss = 3.291516
[e063 s0250/1030] loss = 3.012776
[e063 s0300/1030] loss = 2.724430
[e063 s0350/1030] loss = 2.496913
[e063 s0400/1030] loss = 2.401382
[e063 s0450/1030] loss = 2.595151
[e063 s0500/1030] loss = 3.316978
[e063 s0550/1030] loss = 3.124174
[e063 s0600/1030] loss = 3.014961
[e063 s0650/1030] loss = 2.983085
[e063 s0700/1030] loss = 2.988934
[e063 s0750/1030] loss = 2.995226
[e063 s0800/1030] loss = 2.980659
[e063 s0850/1030] loss = 2.888742
[e063 s0900/1030] loss = 2.802103
[e063 s0950/1030] loss = 2.750256
[e063 s1000/1030] loss = 2.687581
Epoch 063: train_loss = 2.703113  MAE/GAME0 = 14.714  RMSE = 35.837  GAME1 = 17.588  GAME2 = 20.263  GAME3 = 21.885  lr = 1.00e-05  time = 15.2s
[e064 s0001/1030] loss = 3.150417
[e064 s0050/1030] loss = 1.521122
[e064 s0100/1030] loss = 1.795387
[e064 s0150/1030] loss = 1.737948
[e064 s0200/1030] loss = 1.628821
[e064 s0250/1030] loss = 1.748620
[e064 s0300/1030] loss = 1.759696
[e064 s0350/1030] loss = 1.783359
[e064 s0400/1030] loss = 1.707134
[e064 s0450/1030] loss = 1.846382
[e064 s0500/1030] loss = 1.804329
[e064 s0550/1030] loss = 1.769129
[e064 s0600/1030] loss = 1.802347
[e064 s0650/1030] loss = 1.835532
[e064 s0700/1030] loss = 2.324757
[e064 s0750/1030] loss = 2.314244
[e064 s0800/1030] loss = 2.239954
[e064 s0850/1030] loss = 2.175500
[e064 s0900/1030] loss = 2.188513
[e064 s0950/1030] loss = 2.176298
[e064 s1000/1030] loss = 2.126463
Epoch 064: train_loss = 2.090733  MAE/GAME0 = 15.167  RMSE = 35.194  GAME1 = 18.379  GAME2 = 21.137  GAME3 = 22.665  lr = 1.00e-05  time = 15.1s
[e065 s0001/1030] loss = 0.078249
[e065 s0050/1030] loss = 5.882165
[e065 s0100/1030] loss = 4.343614
[e065 s0150/1030] loss = 3.338944
[e065 s0200/1030] loss = 2.826136
[e065 s0250/1030] loss = 2.555444
[e065 s0300/1030] loss = 2.464826
[e065 s0350/1030] loss = 2.432742
[e065 s0400/1030] loss = 2.281216
[e065 s0450/1030] loss = 2.226570
[e065 s0500/1030] loss = 2.236169
[e065 s0550/1030] loss = 2.364436
[e065 s0600/1030] loss = 2.398000
[e065 s0650/1030] loss = 2.371129
[e065 s0700/1030] loss = 2.328597
[e065 s0750/1030] loss = 2.345622
[e065 s0800/1030] loss = 2.310516
[e065 s0850/1030] loss = 2.265282
[e065 s0900/1030] loss = 2.208686
[e065 s0950/1030] loss = 2.201716
[e065 s1000/1030] loss = 2.160426
Epoch 065: train_loss = 2.142096  MAE/GAME0 = 13.431  RMSE = 35.669  GAME1 = 16.164  GAME2 = 18.757  GAME3 = 20.036  lr = 1.00e-05  time = 15.0s
[e066 s0001/1030] loss = 0.579486
[e066 s0050/1030] loss = 1.163775
[e066 s0100/1030] loss = 1.454728
[e066 s0150/1030] loss = 1.582151
[e066 s0200/1030] loss = 1.472985
[e066 s0250/1030] loss = 1.414802
[e066 s0300/1030] loss = 1.371691
[e066 s0350/1030] loss = 2.694678
[e066 s0400/1030] loss = 2.565121
[e066 s0450/1030] loss = 2.378799
[e066 s0500/1030] loss = 2.580264
[e066 s0550/1030] loss = 2.546260
[e066 s0600/1030] loss = 2.571379
[e066 s0650/1030] loss = 2.505608
[e066 s0700/1030] loss = 2.489734
[e066 s0750/1030] loss = 2.485960
[e066 s0800/1030] loss = 2.404397
[e066 s0850/1030] loss = 2.342807
[e066 s0900/1030] loss = 2.344659
[e066 s0950/1030] loss = 2.274855
[e066 s1000/1030] loss = 2.248552
Epoch 066: train_loss = 2.226436  MAE/GAME0 = 14.182  RMSE = 36.452  GAME1 = 17.200  GAME2 = 19.548  GAME3 = 20.653  lr = 1.00e-05  time = 15.1s
[e067 s0001/1030] loss = 0.068119
[e067 s0050/1030] loss = 1.038659
[e067 s0100/1030] loss = 1.901015
[e067 s0150/1030] loss = 1.804138
[e067 s0200/1030] loss = 1.769901
[e067 s0250/1030] loss = 1.598086
[e067 s0300/1030] loss = 1.710314
[e067 s0350/1030] loss = 1.723336
[e067 s0400/1030] loss = 1.732758
[e067 s0450/1030] loss = 1.663998
[e067 s0500/1030] loss = 2.101548
[e067 s0550/1030] loss = 2.092140
[e067 s0600/1030] loss = 2.051197
[e067 s0650/1030] loss = 2.027946
[e067 s0700/1030] loss = 2.010802
[e067 s0750/1030] loss = 2.047310
[e067 s0800/1030] loss = 2.050061
[e067 s0850/1030] loss = 2.045320
[e067 s0900/1030] loss = 2.072536
[e067 s0950/1030] loss = 2.049092
[e067 s1000/1030] loss = 2.025582
Epoch 067: train_loss = 1.996543  MAE/GAME0 = 14.464  RMSE = 36.668  GAME1 = 17.790  GAME2 = 20.164  GAME3 = 21.286  lr = 1.00e-05  time = 15.1s
[e068 s0001/1030] loss = 1.505784
[e068 s0050/1030] loss = 4.817661
[e068 s0100/1030] loss = 3.133859
[e068 s0150/1030] loss = 2.582240
[e068 s0200/1030] loss = 2.244603
[e068 s0250/1030] loss = 2.091232
[e068 s0300/1030] loss = 1.963007
[e068 s0350/1030] loss = 1.806656
[e068 s0400/1030] loss = 1.730011
[e068 s0450/1030] loss = 1.699643
[e068 s0500/1030] loss = 1.719383
[e068 s0550/1030] loss = 1.705431
[e068 s0600/1030] loss = 1.654126
[e068 s0650/1030] loss = 1.634019
[e068 s0700/1030] loss = 1.762689
[e068 s0750/1030] loss = 1.734567
[e068 s0800/1030] loss = 2.069463
[e068 s0850/1030] loss = 2.081754
[e068 s0900/1030] loss = 2.068577
[e068 s0950/1030] loss = 2.086840
[e068 s1000/1030] loss = 2.019233
Epoch 068: train_loss = 1.990858  MAE/GAME0 = 13.171  RMSE = 35.238  GAME1 = 16.026  GAME2 = 18.576  GAME3 = 19.790  lr = 1.00e-05  time = 15.0s
[e069 s0001/1030] loss = 0.850709
[e069 s0050/1030] loss = 1.834167
[e069 s0100/1030] loss = 1.958609
[e069 s0150/1030] loss = 1.918331
[e069 s0200/1030] loss = 2.269526
[e069 s0250/1030] loss = 2.004775
[e069 s0300/1030] loss = 1.943100
[e069 s0350/1030] loss = 3.020626
[e069 s0400/1030] loss = 2.812207
[e069 s0450/1030] loss = 2.676304
[e069 s0500/1030] loss = 2.642421
[e069 s0550/1030] loss = 2.650970
[e069 s0600/1030] loss = 2.672446
[e069 s0650/1030] loss = 2.658573
[e069 s0700/1030] loss = 2.570962
[e069 s0750/1030] loss = 2.561874
[e069 s0800/1030] loss = 2.476935
[e069 s0850/1030] loss = 2.400066
[e069 s0900/1030] loss = 2.383349
[e069 s0950/1030] loss = 2.315846
[e069 s1000/1030] loss = 2.265776
Epoch 069: train_loss = 2.243735  MAE/GAME0 = 14.012  RMSE = 35.155  GAME1 = 16.888  GAME2 = 19.697  GAME3 = 21.077  lr = 1.00e-05  time = 15.2s
[e070 s0001/1030] loss = 0.399209
[e070 s0050/1030] loss = 1.110039
[e070 s0100/1030] loss = 1.010662
[e070 s0150/1030] loss = 1.022896
[e070 s0200/1030] loss = 1.121613
[e070 s0250/1030] loss = 1.222944
[e070 s0300/1030] loss = 1.254952
[e070 s0350/1030] loss = 1.382193
[e070 s0400/1030] loss = 1.471919
[e070 s0450/1030] loss = 1.989920
[e070 s0500/1030] loss = 2.124337
[e070 s0550/1030] loss = 2.214525
[e070 s0600/1030] loss = 2.116007
[e070 s0650/1030] loss = 2.115260
[e070 s0700/1030] loss = 2.100142
[e070 s0750/1030] loss = 2.096253
[e070 s0800/1030] loss = 2.035513
[e070 s0850/1030] loss = 1.999590
[e070 s0900/1030] loss = 1.987551
[e070 s0950/1030] loss = 2.026416
[e070 s1000/1030] loss = 2.028681
Epoch 070: train_loss = 2.015587  MAE/GAME0 = 19.443  RMSE = 36.709  GAME1 = 21.395  GAME2 = 23.669  GAME3 = 25.115  lr = 1.00e-05  time = 15.0s
[e071 s0001/1030] loss = 0.935461
[e071 s0050/1030] loss = 0.998144
[e071 s0100/1030] loss = 1.616653
[e071 s0150/1030] loss = 1.647341
[e071 s0200/1030] loss = 1.658094
[e071 s0250/1030] loss = 1.551260
[e071 s0300/1030] loss = 2.033352
[e071 s0350/1030] loss = 2.107526
[e071 s0400/1030] loss = 2.027375
[e071 s0450/1030] loss = 1.984551
[e071 s0500/1030] loss = 1.919864
[e071 s0550/1030] loss = 1.848943
[e071 s0600/1030] loss = 1.763335
[e071 s0650/1030] loss = 1.770757
[e071 s0700/1030] loss = 2.220936
[e071 s0750/1030] loss = 2.146867
[e071 s0800/1030] loss = 2.100864
[e071 s0850/1030] loss = 2.100643
[e071 s0900/1030] loss = 2.068146
[e071 s0950/1030] loss = 2.029433
[e071 s1000/1030] loss = 2.010616
Epoch 071: train_loss = 1.997004  MAE/GAME0 = 13.795  RMSE = 35.263  GAME1 = 16.137  GAME2 = 18.885  GAME3 = 20.177  lr = 1.00e-05  time = 15.0s
[e072 s0001/1030] loss = 0.312958
[e072 s0050/1030] loss = 1.289544
[e072 s0100/1030] loss = 2.401879
[e072 s0150/1030] loss = 2.214917
[e072 s0200/1030] loss = 2.029235
[e072 s0250/1030] loss = 1.923533
[e072 s0300/1030] loss = 1.792056
[e072 s0350/1030] loss = 1.698950
[e072 s0400/1030] loss = 1.749503
[e072 s0450/1030] loss = 2.359243
[e072 s0500/1030] loss = 2.220480
[e072 s0550/1030] loss = 2.177026
[e072 s0600/1030] loss = 2.077753
[e072 s0650/1030] loss = 1.999921
[e072 s0700/1030] loss = 2.053760
[e072 s0750/1030] loss = 1.989219
[e072 s0800/1030] loss = 1.951940
[e072 s0850/1030] loss = 1.930769
[e072 s0900/1030] loss = 1.940362
[e072 s0950/1030] loss = 1.894455
[e072 s1000/1030] loss = 1.853334
Epoch 072: train_loss = 1.836244  MAE/GAME0 = 12.697  RMSE = 35.235  GAME1 = 15.691  GAME2 = 18.216  GAME3 = 19.382  lr = 1.00e-05  time = 15.0s
[e073 s0001/1030] loss = 3.484680
[e073 s0050/1030] loss = 0.849359
[e073 s0100/1030] loss = 1.033999
[e073 s0150/1030] loss = 1.074895
[e073 s0200/1030] loss = 1.218069
[e073 s0250/1030] loss = 1.276043
[e073 s0300/1030] loss = 1.301174
[e073 s0350/1030] loss = 1.267454
[e073 s0400/1030] loss = 1.642500
[e073 s0450/1030] loss = 1.691081
[e073 s0500/1030] loss = 1.649125
[e073 s0550/1030] loss = 1.892825
[e073 s0600/1030] loss = 1.865657
[e073 s0650/1030] loss = 1.851936
[e073 s0700/1030] loss = 1.999169
[e073 s0750/1030] loss = 1.957887
[e073 s0800/1030] loss = 1.955056
[e073 s0850/1030] loss = 1.930162
[e073 s0900/1030] loss = 1.892283
[e073 s0950/1030] loss = 1.841460
[e073 s1000/1030] loss = 1.799882
Epoch 073: train_loss = 1.784412  MAE/GAME0 = 15.355  RMSE = 35.175  GAME1 = 17.635  GAME2 = 20.235  GAME3 = 21.538  lr = 1.00e-05  time = 15.1s
[e074 s0001/1030] loss = 0.277991
[e074 s0050/1030] loss = 1.859315
[e074 s0100/1030] loss = 1.661838
[e074 s0150/1030] loss = 1.878528
[e074 s0200/1030] loss = 1.795677
[e074 s0250/1030] loss = 1.692674
[e074 s0300/1030] loss = 1.646246
[e074 s0350/1030] loss = 1.671232
[e074 s0400/1030] loss = 1.565729
[e074 s0450/1030] loss = 1.505064
[e074 s0500/1030] loss = 1.586131
[e074 s0550/1030] loss = 1.617220
[e074 s0600/1030] loss = 1.670762
[e074 s0650/1030] loss = 1.634451
[e074 s0700/1030] loss = 1.617075
[e074 s0750/1030] loss = 1.759577
[e074 s0800/1030] loss = 1.735102
[e074 s0850/1030] loss = 1.671712
[e074 s0900/1030] loss = 1.624988
[e074 s0950/1030] loss = 1.608803
[e074 s1000/1030] loss = 1.645304
Epoch 074: train_loss = 1.661567  MAE/GAME0 = 12.586  RMSE = 35.631  GAME1 = 15.307  GAME2 = 17.867  GAME3 = 18.994  lr = 1.00e-05  time = 15.2s
[e075 s0001/1030] loss = 4.587445
[e075 s0050/1030] loss = 1.491657
[e075 s0100/1030] loss = 1.060410
[e075 s0150/1030] loss = 1.234456
[e075 s0200/1030] loss = 1.451094
[e075 s0250/1030] loss = 1.352583
[e075 s0300/1030] loss = 1.358218
[e075 s0350/1030] loss = 1.323160
[e075 s0400/1030] loss = 1.437544
[e075 s0450/1030] loss = 1.368131
[e075 s0500/1030] loss = 1.367547
[e075 s0550/1030] loss = 1.426905
[e075 s0600/1030] loss = 2.126326
[e075 s0650/1030] loss = 2.067558
[e075 s0700/1030] loss = 2.151839
[e075 s0750/1030] loss = 2.097245
[e075 s0800/1030] loss = 2.027992
[e075 s0850/1030] loss = 1.978536
[e075 s0900/1030] loss = 1.931536
[e075 s0950/1030] loss = 1.946589
[e075 s1000/1030] loss = 1.892786
Epoch 075: train_loss = 1.879895  MAE/GAME0 = 19.574  RMSE = 36.162  GAME1 = 21.414  GAME2 = 23.959  GAME3 = 25.250  lr = 1.00e-05  time = 15.1s
[e076 s0001/1030] loss = 1.190270
[e076 s0050/1030] loss = 2.250436
[e076 s0100/1030] loss = 2.120889
[e076 s0150/1030] loss = 3.054681
[e076 s0200/1030] loss = 2.549865
[e076 s0250/1030] loss = 2.289508
[e076 s0300/1030] loss = 2.084174
[e076 s0350/1030] loss = 1.991296
[e076 s0400/1030] loss = 1.888773
[e076 s0450/1030] loss = 1.827069
[e076 s0500/1030] loss = 1.832648
[e076 s0550/1030] loss = 1.942169
[e076 s0600/1030] loss = 1.927654
[e076 s0650/1030] loss = 1.864976
[e076 s0700/1030] loss = 1.801073
[e076 s0750/1030] loss = 1.774005
[e076 s0800/1030] loss = 1.894598
[e076 s0850/1030] loss = 1.907782
[e076 s0900/1030] loss = 1.911595
[e076 s0950/1030] loss = 1.855044
[e076 s1000/1030] loss = 1.820619
Epoch 076: train_loss = 1.863878  MAE/GAME0 = 14.302  RMSE = 36.785  GAME1 = 15.601  GAME2 = 17.035  GAME3 = 17.670  lr = 1.00e-05  time = 15.2s
[e077 s0001/1030] loss = 0.251473
[e077 s0050/1030] loss = 2.409543
[e077 s0100/1030] loss = 1.947178
[e077 s0150/1030] loss = 1.663406
[e077 s0200/1030] loss = 1.560995
[e077 s0250/1030] loss = 1.443814
[e077 s0300/1030] loss = 1.425279
[e077 s0350/1030] loss = 1.500859
[e077 s0400/1030] loss = 1.472715
[e077 s0450/1030] loss = 1.884936
[e077 s0500/1030] loss = 1.858669
[e077 s0550/1030] loss = 1.855228
[e077 s0600/1030] loss = 1.796198
[e077 s0650/1030] loss = 1.794089
[e077 s0700/1030] loss = 1.772026
[e077 s0750/1030] loss = 1.794865
[e077 s0800/1030] loss = 1.860038
[e077 s0850/1030] loss = 1.823725
[e077 s0900/1030] loss = 1.788380
[e077 s0950/1030] loss = 1.744920
[e077 s1000/1030] loss = 1.827981
Epoch 077: train_loss = 1.851159  MAE/GAME0 = 15.050  RMSE = 35.526  GAME1 = 17.323  GAME2 = 19.901  GAME3 = 21.208  lr = 1.00e-05  time = 15.0s
[e078 s0001/1030] loss = 0.140009
[e078 s0050/1030] loss = 1.644712
[e078 s0100/1030] loss = 1.566674
[e078 s0150/1030] loss = 2.314877
[e078 s0200/1030] loss = 1.896730
[e078 s0250/1030] loss = 1.667656
[e078 s0300/1030] loss = 1.685680
[e078 s0350/1030] loss = 1.817428
[e078 s0400/1030] loss = 1.701289
[e078 s0450/1030] loss = 1.604914
[e078 s0500/1030] loss = 1.555803
[e078 s0550/1030] loss = 1.513630
[e078 s0600/1030] loss = 1.490576
[e078 s0650/1030] loss = 1.492833
[e078 s0700/1030] loss = 1.489295
[e078 s0750/1030] loss = 1.498257
[e078 s0800/1030] loss = 1.502833
[e078 s0850/1030] loss = 1.493002
[e078 s0900/1030] loss = 1.469671
[e078 s0950/1030] loss = 1.518287
[e078 s1000/1030] loss = 1.515243
Epoch 078: train_loss = 1.511752  MAE/GAME0 = 12.413  RMSE = 35.421  GAME1 = 14.657  GAME2 = 17.135  GAME3 = 18.239  lr = 1.00e-05  time = 15.2s
[e079 s0001/1030] loss = 0.349876
[e079 s0050/1030] loss = 1.393240
[e079 s0100/1030] loss = 1.769294
[e079 s0150/1030] loss = 1.534274
[e079 s0200/1030] loss = 1.484166
[e079 s0250/1030] loss = 1.574228
[e079 s0300/1030] loss = 1.684271
[e079 s0350/1030] loss = 1.709018
[e079 s0400/1030] loss = 1.863021
[e079 s0450/1030] loss = 1.855652
[e079 s0500/1030] loss = 1.870572
[e079 s0550/1030] loss = 1.825739
[e079 s0600/1030] loss = 1.801329
[e079 s0650/1030] loss = 1.729040
[e079 s0700/1030] loss = 1.696286
[e079 s0750/1030] loss = 1.659931
[e079 s0800/1030] loss = 1.773360
[e079 s0850/1030] loss = 2.291356
[e079 s0900/1030] loss = 2.299863
[e079 s0950/1030] loss = 2.214844
[e079 s1000/1030] loss = 2.139862
Epoch 079: train_loss = 2.095888  MAE/GAME0 = 12.594  RMSE = 35.860  GAME1 = 14.860  GAME2 = 16.876  GAME3 = 17.828  lr = 1.00e-05  time = 15.0s
[e080 s0001/1030] loss = 0.280689
[e080 s0050/1030] loss = 1.755194
[e080 s0100/1030] loss = 2.496368
[e080 s0150/1030] loss = 2.013372
[e080 s0200/1030] loss = 1.879126
[e080 s0250/1030] loss = 1.764083
[e080 s0300/1030] loss = 2.166308
[e080 s0350/1030] loss = 1.971615
[e080 s0400/1030] loss = 1.966327
[e080 s0450/1030] loss = 1.862931
[e080 s0500/1030] loss = 1.795357
[e080 s0550/1030] loss = 1.831048
[e080 s0600/1030] loss = 1.818789
[e080 s0650/1030] loss = 1.781010
[e080 s0700/1030] loss = 1.871648
[e080 s0750/1030] loss = 1.832917
[e080 s0800/1030] loss = 1.843361
[e080 s0850/1030] loss = 1.786671
[e080 s0900/1030] loss = 1.759898
[e080 s0950/1030] loss = 1.738250
[e080 s1000/1030] loss = 1.738039
Epoch 080: train_loss = 1.742066  MAE/GAME0 = 16.244  RMSE = 36.209  GAME1 = 17.726  GAME2 = 20.057  GAME3 = 21.330  lr = 1.00e-05  time = 15.0s
[e081 s0001/1030] loss = 0.130833
[e081 s0050/1030] loss = 3.565109
[e081 s0100/1030] loss = 2.516308
[e081 s0150/1030] loss = 2.735850
[e081 s0200/1030] loss = 2.416306
[e081 s0250/1030] loss = 2.229956
[e081 s0300/1030] loss = 2.035650
[e081 s0350/1030] loss = 2.056131
[e081 s0400/1030] loss = 2.002667
[e081 s0450/1030] loss = 1.948497
[e081 s0500/1030] loss = 2.019224
[e081 s0550/1030] loss = 1.926328
[e081 s0600/1030] loss = 1.878615
[e081 s0650/1030] loss = 1.891360
[e081 s0700/1030] loss = 1.880307
[e081 s0750/1030] loss = 1.837508
[e081 s0800/1030] loss = 1.845454
[e081 s0850/1030] loss = 1.814722
[e081 s0900/1030] loss = 1.794281
[e081 s0950/1030] loss = 1.770366
[e081 s1000/1030] loss = 1.731509
Epoch 081: train_loss = 1.709281  MAE/GAME0 = 12.206  RMSE = 34.959  GAME1 = 14.513  GAME2 = 16.998  GAME3 = 18.137  lr = 1.00e-05  time = 15.1s
[e082 s0001/1030] loss = 0.597141
[e082 s0050/1030] loss = 2.231257
[e082 s0100/1030] loss = 2.503381
[e082 s0150/1030] loss = 2.104376
[e082 s0200/1030] loss = 1.853052
[e082 s0250/1030] loss = 1.725168
[e082 s0300/1030] loss = 1.784344
[e082 s0350/1030] loss = 1.663883
[e082 s0400/1030] loss = 1.662443
[e082 s0450/1030] loss = 1.827854
[e082 s0500/1030] loss = 1.808364
[e082 s0550/1030] loss = 1.812355
[e082 s0600/1030] loss = 2.155626
[e082 s0650/1030] loss = 2.123143
[e082 s0700/1030] loss = 2.044745
[e082 s0750/1030] loss = 2.010635
[e082 s0800/1030] loss = 1.979375
[e082 s0850/1030] loss = 1.905688
[e082 s0900/1030] loss = 1.875080
[e082 s0950/1030] loss = 1.850603
[e082 s1000/1030] loss = 1.795308
Epoch 082: train_loss = 1.795847  MAE/GAME0 = 13.898  RMSE = 34.712  GAME1 = 16.419  GAME2 = 18.969  GAME3 = 20.255  lr = 1.00e-05  time = 15.1s
[e083 s0001/1030] loss = 0.490832
[e083 s0050/1030] loss = 1.216472
[e083 s0100/1030] loss = 1.393181
[e083 s0150/1030] loss = 1.273970
[e083 s0200/1030] loss = 1.275820
[e083 s0250/1030] loss = 1.223961
[e083 s0300/1030] loss = 1.226224
[e083 s0350/1030] loss = 1.287397
[e083 s0400/1030] loss = 1.369285
[e083 s0450/1030] loss = 1.348256
[e083 s0500/1030] loss = 1.365423
[e083 s0550/1030] loss = 1.308063
[e083 s0600/1030] loss = 1.333942
[e083 s0650/1030] loss = 1.298576
[e083 s0700/1030] loss = 1.624016
[e083 s0750/1030] loss = 1.588069
[e083 s0800/1030] loss = 1.573979
[e083 s0850/1030] loss = 1.540554
[e083 s0900/1030] loss = 1.523520
[e083 s0950/1030] loss = 1.517745
[e083 s1000/1030] loss = 1.501734
Epoch 083: train_loss = 1.550468  MAE/GAME0 = 12.742  RMSE = 35.949  GAME1 = 14.341  GAME2 = 15.980  GAME3 = 16.731  lr = 1.00e-05  time = 15.1s
[e084 s0001/1030] loss = 0.708733
[e084 s0050/1030] loss = 1.942385
[e084 s0100/1030] loss = 2.187503
[e084 s0150/1030] loss = 1.859980
[e084 s0200/1030] loss = 1.655476
[e084 s0250/1030] loss = 1.773771
[e084 s0300/1030] loss = 1.644573
[e084 s0350/1030] loss = 1.574155
[e084 s0400/1030] loss = 1.636242
[e084 s0450/1030] loss = 1.547668
[e084 s0500/1030] loss = 1.484988
[e084 s0550/1030] loss = 1.471179
[e084 s0600/1030] loss = 1.406375
[e084 s0650/1030] loss = 1.357807
[e084 s0700/1030] loss = 1.346743
[e084 s0750/1030] loss = 1.319992
[e084 s0800/1030] loss = 1.359479
[e084 s0850/1030] loss = 1.368090
[e084 s0900/1030] loss = 1.373379
[e084 s0950/1030] loss = 1.388951
[e084 s1000/1030] loss = 1.367455
Epoch 084: train_loss = 1.360158  MAE/GAME0 = 15.207  RMSE = 35.108  GAME1 = 17.009  GAME2 = 19.288  GAME3 = 20.597  lr = 1.00e-05  time = 15.1s
[e085 s0001/1030] loss = 0.675562
[e085 s0050/1030] loss = 1.566424
[e085 s0100/1030] loss = 2.065270
[e085 s0150/1030] loss = 2.144160
[e085 s0200/1030] loss = 2.685353
[e085 s0250/1030] loss = 2.608275
[e085 s0300/1030] loss = 2.367871
[e085 s0350/1030] loss = 2.209053
[e085 s0400/1030] loss = 2.292184
[e085 s0450/1030] loss = 2.146861
[e085 s0500/1030] loss = 2.138597
[e085 s0550/1030] loss = 2.064326
[e085 s0600/1030] loss = 1.998456
[e085 s0650/1030] loss = 1.926820
[e085 s0700/1030] loss = 1.891366
[e085 s0750/1030] loss = 1.828482
[e085 s0800/1030] loss = 1.798205
[e085 s0850/1030] loss = 1.839835
[e085 s0900/1030] loss = 1.831941
[e085 s0950/1030] loss = 1.818053
[e085 s1000/1030] loss = 1.799393
Epoch 085: train_loss = 1.770486  MAE/GAME0 = 12.442  RMSE = 34.914  GAME1 = 14.620  GAME2 = 17.132  GAME3 = 18.326  lr = 1.00e-05  time = 15.0s
[e086 s0001/1030] loss = 0.351374
[e086 s0050/1030] loss = 3.946302
[e086 s0100/1030] loss = 3.179414
[e086 s0150/1030] loss = 2.532393
[e086 s0200/1030] loss = 2.145993
[e086 s0250/1030] loss = 1.858941
[e086 s0300/1030] loss = 1.689166
[e086 s0350/1030] loss = 1.669755
[e086 s0400/1030] loss = 1.662670
[e086 s0450/1030] loss = 1.617996
[e086 s0500/1030] loss = 1.915903
[e086 s0550/1030] loss = 1.913030
[e086 s0600/1030] loss = 1.828893
[e086 s0650/1030] loss = 1.794753
[e086 s0700/1030] loss = 1.860650
[e086 s0750/1030] loss = 1.801734
[e086 s0800/1030] loss = 1.891771
[e086 s0850/1030] loss = 1.852103
[e086 s0900/1030] loss = 1.800807
[e086 s0950/1030] loss = 1.775851
[e086 s1000/1030] loss = 1.735510
Epoch 086: train_loss = 1.712360  MAE/GAME0 = 11.759  RMSE = 34.777  GAME1 = 14.202  GAME2 = 16.485  GAME3 = 17.614  lr = 1.00e-05  time = 15.1s
[e087 s0001/1030] loss = 3.482255
[e087 s0050/1030] loss = 1.659799
[e087 s0100/1030] loss = 1.310251
[e087 s0150/1030] loss = 1.267242
[e087 s0200/1030] loss = 1.191933
[e087 s0250/1030] loss = 1.169645
[e087 s0300/1030] loss = 1.684534
[e087 s0350/1030] loss = 1.631374
[e087 s0400/1030] loss = 1.590783
[e087 s0450/1030] loss = 1.526387
[e087 s0500/1030] loss = 1.511184
[e087 s0550/1030] loss = 1.512963
[e087 s0600/1030] loss = 1.487767
[e087 s0650/1030] loss = 1.710511
[e087 s0700/1030] loss = 1.685014
[e087 s0750/1030] loss = 1.658325
[e087 s0800/1030] loss = 1.654464
[e087 s0850/1030] loss = 1.646705
[e087 s0900/1030] loss = 1.622201
[e087 s0950/1030] loss = 1.576041
[e087 s1000/1030] loss = 1.578059
Epoch 087: train_loss = 1.577381  MAE/GAME0 = 12.451  RMSE = 34.540  GAME1 = 14.225  GAME2 = 16.868  GAME3 = 18.098  lr = 1.00e-05  time = 14.9s
[e088 s0001/1030] loss = 0.059116
[e088 s0050/1030] loss = 1.298253
[e088 s0100/1030] loss = 3.555528
[e088 s0150/1030] loss = 2.835165
[e088 s0200/1030] loss = 2.577007
[e088 s0250/1030] loss = 2.259205
[e088 s0300/1030] loss = 2.033975
[e088 s0350/1030] loss = 2.251857
[e088 s0400/1030] loss = 2.143909
[e088 s0450/1030] loss = 1.999997
[e088 s0500/1030] loss = 2.065725
[e088 s0550/1030] loss = 1.969369
[e088 s0600/1030] loss = 1.899488
[e088 s0650/1030] loss = 2.481330
[e088 s0700/1030] loss = 2.539205
[e088 s0750/1030] loss = 2.426243
[e088 s0800/1030] loss = 2.367863
[e088 s0850/1030] loss = 2.321458
[e088 s0900/1030] loss = 2.262162
[e088 s0950/1030] loss = 2.288814
[e088 s1000/1030] loss = 2.279626
Epoch 088: train_loss = 2.241794  MAE/GAME0 = 12.049  RMSE = 34.756  GAME1 = 14.176  GAME2 = 16.385  GAME3 = 17.444  lr = 1.00e-05  time = 15.2s
[e089 s0001/1030] loss = 0.192907
[e089 s0050/1030] loss = 0.708379
[e089 s0100/1030] loss = 1.777236
[e089 s0150/1030] loss = 1.451532
[e089 s0200/1030] loss = 1.445557
[e089 s0250/1030] loss = 1.308800
[e089 s0300/1030] loss = 1.602137
[e089 s0350/1030] loss = 1.512776
[e089 s0400/1030] loss = 1.461679
[e089 s0450/1030] loss = 1.449647
[e089 s0500/1030] loss = 1.457149
[e089 s0550/1030] loss = 1.445861
[e089 s0600/1030] loss = 1.383052
[e089 s0650/1030] loss = 1.404849
[e089 s0700/1030] loss = 1.475671
[e089 s0750/1030] loss = 1.484810
[e089 s0800/1030] loss = 1.537400
[e089 s0850/1030] loss = 1.521755
[e089 s0900/1030] loss = 1.511641
[e089 s0950/1030] loss = 1.500118
[e089 s1000/1030] loss = 1.510378
Epoch 089: train_loss = 1.504130  MAE/GAME0 = 14.741  RMSE = 34.190  GAME1 = 17.437  GAME2 = 20.220  GAME3 = 21.536  lr = 1.00e-05  time = 15.3s
[e090 s0001/1030] loss = 0.214161
[e090 s0050/1030] loss = 0.771808
[e090 s0100/1030] loss = 1.076534
[e090 s0150/1030] loss = 1.167214
[e090 s0200/1030] loss = 1.055866
[e090 s0250/1030] loss = 1.228223
[e090 s0300/1030] loss = 1.141139
[e090 s0350/1030] loss = 1.141423
[e090 s0400/1030] loss = 1.212855
[e090 s0450/1030] loss = 1.250611
[e090 s0500/1030] loss = 1.193165
[e090 s0550/1030] loss = 1.242721
[e090 s0600/1030] loss = 1.200257
[e090 s0650/1030] loss = 1.222101
[e090 s0700/1030] loss = 1.403463
[e090 s0750/1030] loss = 1.418495
[e090 s0800/1030] loss = 1.484142
[e090 s0850/1030] loss = 1.492517
[e090 s0900/1030] loss = 1.448517
[e090 s0950/1030] loss = 1.420118
[e090 s1000/1030] loss = 1.410604
Epoch 090: train_loss = 1.413610  MAE/GAME0 = 11.067  RMSE = 29.843  GAME1 = 12.785  GAME2 = 14.983  GAME3 = 16.176  lr = 1.00e-05  time = 15.1s
[e091 s0001/1030] loss = 0.359703
[e091 s0050/1030] loss = 1.267289
[e091 s0100/1030] loss = 1.157765
[e091 s0150/1030] loss = 1.271149
[e091 s0200/1030] loss = 1.174299
[e091 s0250/1030] loss = 1.080003
[e091 s0300/1030] loss = 1.014081
[e091 s0350/1030] loss = 0.966066
[e091 s0400/1030] loss = 0.961169
[e091 s0450/1030] loss = 0.961391
[e091 s0500/1030] loss = 0.931208
[e091 s0550/1030] loss = 0.931062
[e091 s0600/1030] loss = 0.903884
[e091 s0650/1030] loss = 0.881670
[e091 s0700/1030] loss = 0.877269
[e091 s0750/1030] loss = 1.068614
[e091 s0800/1030] loss = 1.086627
[e091 s0850/1030] loss = 1.065883
[e091 s0900/1030] loss = 1.061868
[e091 s0950/1030] loss = 1.047768
[e091 s1000/1030] loss = 1.081911
Epoch 091: train_loss = 1.083397  MAE/GAME0 = 14.822  RMSE = 30.505  GAME1 = 15.946  GAME2 = 17.648  GAME3 = 18.823  lr = 1.00e-05  time = 15.1s
[e092 s0001/1030] loss = 1.240438
[e092 s0050/1030] loss = 1.744608
[e092 s0100/1030] loss = 1.328908
[e092 s0150/1030] loss = 1.718356
[e092 s0200/1030] loss = 1.555082
[e092 s0250/1030] loss = 1.416295
[e092 s0300/1030] loss = 1.340904
[e092 s0350/1030] loss = 1.232966
[e092 s0400/1030] loss = 1.156790
[e092 s0450/1030] loss = 1.201808
[e092 s0500/1030] loss = 1.259192
[e092 s0550/1030] loss = 1.218401
[e092 s0600/1030] loss = 1.189150
[e092 s0650/1030] loss = 1.149470
[e092 s0700/1030] loss = 1.143002
[e092 s0750/1030] loss = 1.141117
[e092 s0800/1030] loss = 1.123400
[e092 s0850/1030] loss = 1.118421
[e092 s0900/1030] loss = 1.105551
[e092 s0950/1030] loss = 1.085502
[e092 s1000/1030] loss = 1.094380
Epoch 092: train_loss = 1.115945  MAE/GAME0 = 9.559  RMSE = 28.512  GAME1 = 11.315  GAME2 = 13.264  GAME3 = 14.272  lr = 1.00e-05  time = 15.1s
[e093 s0001/1030] loss = 0.042623
[e093 s0050/1030] loss = 1.040315
[e093 s0100/1030] loss = 1.014562
[e093 s0150/1030] loss = 1.026135
[e093 s0200/1030] loss = 0.981701
[e093 s0250/1030] loss = 0.972677
[e093 s0300/1030] loss = 0.910422
[e093 s0350/1030] loss = 0.899815
[e093 s0400/1030] loss = 1.057598
[e093 s0450/1030] loss = 1.163200
[e093 s0500/1030] loss = 1.154193
[e093 s0550/1030] loss = 1.094349
[e093 s0600/1030] loss = 1.074058
[e093 s0650/1030] loss = 1.157486
[e093 s0700/1030] loss = 1.149038
[e093 s0750/1030] loss = 1.163175
[e093 s0800/1030] loss = 1.156114
[e093 s0850/1030] loss = 1.136565
[e093 s0900/1030] loss = 1.426763
[e093 s0950/1030] loss = 1.413164
[e093 s1000/1030] loss = 1.387406
Epoch 093: train_loss = 1.373975  MAE/GAME0 = 11.632  RMSE = 26.054  GAME1 = 12.861  GAME2 = 14.787  GAME3 = 15.963  lr = 1.00e-05  time = 15.1s
[e094 s0001/1030] loss = 0.915538
[e094 s0050/1030] loss = 0.867067
[e094 s0100/1030] loss = 1.042451
[e094 s0150/1030] loss = 1.088708
[e094 s0200/1030] loss = 1.028436
[e094 s0250/1030] loss = 1.936385
[e094 s0300/1030] loss = 1.858648
[e094 s0350/1030] loss = 1.691701
[e094 s0400/1030] loss = 1.595371
[e094 s0450/1030] loss = 1.502987
[e094 s0500/1030] loss = 1.419369
[e094 s0550/1030] loss = 1.448167
[e094 s0600/1030] loss = 1.414383
[e094 s0650/1030] loss = 1.388332
[e094 s0700/1030] loss = 1.328542
[e094 s0750/1030] loss = 1.302798
[e094 s0800/1030] loss = 1.300967
[e094 s0850/1030] loss = 1.315050
[e094 s0900/1030] loss = 1.292622
[e094 s0950/1030] loss = 1.289100
[e094 s1000/1030] loss = 1.250417
Epoch 094: train_loss = 1.232730  MAE/GAME0 = 12.131  RMSE = 25.035  GAME1 = 13.358  GAME2 = 14.893  GAME3 = 15.953  lr = 1.00e-05  time = 15.0s
[e095 s0001/1030] loss = 0.594845
[e095 s0050/1030] loss = 0.965837
[e095 s0100/1030] loss = 0.879900
[e095 s0150/1030] loss = 0.857214
[e095 s0200/1030] loss = 0.847604
[e095 s0250/1030] loss = 0.841662
[e095 s0300/1030] loss = 0.845279
[e095 s0350/1030] loss = 0.779792
[e095 s0400/1030] loss = 0.810936
[e095 s0450/1030] loss = 0.784770
[e095 s0500/1030] loss = 0.756767
[e095 s0550/1030] loss = 1.150356
[e095 s0600/1030] loss = 1.174092
[e095 s0650/1030] loss = 1.180845
[e095 s0700/1030] loss = 1.181076
[e095 s0750/1030] loss = 1.158374
[e095 s0800/1030] loss = 1.116513
[e095 s0850/1030] loss = 1.109562
[e095 s0900/1030] loss = 1.089331
[e095 s0950/1030] loss = 1.073321
[e095 s1000/1030] loss = 1.105525
Epoch 095: train_loss = 1.097148  MAE/GAME0 = 9.234  RMSE = 24.979  GAME1 = 10.905  GAME2 = 12.974  GAME3 = 14.012  lr = 1.00e-05  time = 15.4s
[e096 s0001/1030] loss = 0.140496
[e096 s0050/1030] loss = 1.399291
[e096 s0100/1030] loss = 1.171863
[e096 s0150/1030] loss = 1.100224
[e096 s0200/1030] loss = 0.986129
[e096 s0250/1030] loss = 0.924316
[e096 s0300/1030] loss = 1.567681
[e096 s0350/1030] loss = 1.459768
[e096 s0400/1030] loss = 1.345883
[e096 s0450/1030] loss = 1.241967
[e096 s0500/1030] loss = 1.239144
[e096 s0550/1030] loss = 1.203523
[e096 s0600/1030] loss = 1.172725
[e096 s0650/1030] loss = 1.127608
[e096 s0700/1030] loss = 1.111071
[e096 s0750/1030] loss = 1.084432
[e096 s0800/1030] loss = 1.069231
[e096 s0850/1030] loss = 1.070766
[e096 s0900/1030] loss = 1.108229
[e096 s0950/1030] loss = 1.090114
[e096 s1000/1030] loss = 1.133779
Epoch 096: train_loss = 1.122623  MAE/GAME0 = 8.957  RMSE = 22.377  GAME1 = 10.825  GAME2 = 12.860  GAME3 = 14.019  lr = 1.00e-05  time = 15.1s
[e097 s0001/1030] loss = 0.524356
[e097 s0050/1030] loss = 0.646681
[e097 s0100/1030] loss = 0.655310
[e097 s0150/1030] loss = 1.313058
[e097 s0200/1030] loss = 1.119965
[e097 s0250/1030] loss = 1.012839
[e097 s0300/1030] loss = 0.951662
[e097 s0350/1030] loss = 0.933553
[e097 s0400/1030] loss = 0.877166
[e097 s0450/1030] loss = 0.837414
[e097 s0500/1030] loss = 0.852193
[e097 s0550/1030] loss = 0.895531
[e097 s0600/1030] loss = 0.884417
[e097 s0650/1030] loss = 0.875250
[e097 s0700/1030] loss = 0.859822
[e097 s0750/1030] loss = 0.844468
[e097 s0800/1030] loss = 0.850479
[e097 s0850/1030] loss = 0.829072
[e097 s0900/1030] loss = 0.811006
[e097 s0950/1030] loss = 0.801588
[e097 s1000/1030] loss = 0.957402
Epoch 097: train_loss = 0.954896  MAE/GAME0 = 7.725  RMSE = 12.018  GAME1 = 10.160  GAME2 = 12.755  GAME3 = 14.166  lr = 1.00e-05  time = 15.1s
[e098 s0001/1030] loss = 0.991650
[e098 s0050/1030] loss = 1.478984
[e098 s0100/1030] loss = 1.050266
[e098 s0150/1030] loss = 0.925009
[e098 s0200/1030] loss = 0.960767
[e098 s0250/1030] loss = 1.266811
[e098 s0300/1030] loss = 1.172697
[e098 s0350/1030] loss = 1.166569
[e098 s0400/1030] loss = 1.105880
[e098 s0450/1030] loss = 1.053652
[e098 s0500/1030] loss = 1.001907
[e098 s0550/1030] loss = 0.952630
[e098 s0600/1030] loss = 1.108142
[e098 s0650/1030] loss = 1.091287
[e098 s0700/1030] loss = 1.059327
[e098 s0750/1030] loss = 1.133494
[e098 s0800/1030] loss = 1.117443
[e098 s0850/1030] loss = 1.177342
[e098 s0900/1030] loss = 1.133485
[e098 s0950/1030] loss = 1.110945
[e098 s1000/1030] loss = 1.091107
Epoch 098: train_loss = 1.081691  MAE/GAME0 = 11.255  RMSE = 21.078  GAME1 = 12.423  GAME2 = 13.970  GAME3 = 15.072  lr = 1.00e-05  time = 15.1s
[e099 s0001/1030] loss = 0.198307
[e099 s0050/1030] loss = 0.928566
[e099 s0100/1030] loss = 0.808028
[e099 s0150/1030] loss = 0.781957
[e099 s0200/1030] loss = 1.092039
[e099 s0250/1030] loss = 0.982807
[e099 s0300/1030] loss = 1.003844
[e099 s0350/1030] loss = 0.951171
[e099 s0400/1030] loss = 0.926057
[e099 s0450/1030] loss = 0.922770
[e099 s0500/1030] loss = 0.910246
[e099 s0550/1030] loss = 0.915671
[e099 s0600/1030] loss = 0.938512
[e099 s0650/1030] loss = 0.911217
[e099 s0700/1030] loss = 0.874931
[e099 s0750/1030] loss = 0.859172
[e099 s0800/1030] loss = 0.842117
[e099 s0850/1030] loss = 0.833867
[e099 s0900/1030] loss = 0.822011
[e099 s0950/1030] loss = 0.860468
[e099 s1000/1030] loss = 0.894658
Epoch 099: train_loss = 0.945783  MAE/GAME0 = 8.050  RMSE = 18.284  GAME1 = 9.783  GAME2 = 11.528  GAME3 = 12.440  lr = 1.00e-05  time = 15.1s
[e100 s0001/1030] loss = 0.460556
[e100 s0050/1030] loss = 1.445703
[e100 s0100/1030] loss = 1.159251
[e100 s0150/1030] loss = 0.965591
[e100 s0200/1030] loss = 0.907910
[e100 s0250/1030] loss = 0.882166
[e100 s0300/1030] loss = 0.807782
[e100 s0350/1030] loss = 0.803187
[e100 s0400/1030] loss = 0.789916
[e100 s0450/1030] loss = 0.974472
[e100 s0500/1030] loss = 0.949401
[e100 s0550/1030] loss = 0.910470
[e100 s0600/1030] loss = 0.888190
[e100 s0650/1030] loss = 0.853505
[e100 s0700/1030] loss = 0.823192
[e100 s0750/1030] loss = 0.804316
[e100 s0800/1030] loss = 1.068472
[e100 s0850/1030] loss = 1.055218
[e100 s0900/1030] loss = 1.049305
[e100 s0950/1030] loss = 1.027978
[e100 s1000/1030] loss = 1.034766
Epoch 100: train_loss = 1.021586  MAE/GAME0 = 9.803  RMSE = 18.151  GAME1 = 11.028  GAME2 = 12.672  GAME3 = 13.636  lr = 1.00e-05  time = 15.2s
[done] best_mae = 7.725  best_path = /scratch/users/ntu/kenneth0/FYP-SmartObjectCounter/outputs/train_rgbt_adaptive_late_e100_sanity/12839061.pbs101_20260206_150530/best.pth
