[log] /scratch/users/ntu/kenneth0/FYP-SmartObjectCounter/logs/train_t_e100_sanity_12791899.pbs101_20260126_171113.log
[job] name=train_t_e100_sanity id=12791899.pbs101 host=x1000c1s3b0n0 time=Mon Jan 26 17:11:13 +08 2026
torch 2.6.0+cu118 cuda True
[init] device = cuda
[init] train = 1030  val = 200  workers = 4
/scratch/users/ntu/kenneth0/FYP-SmartObjectCounter/scripts/train_rgbt.py:384: FutureWarning: `torch.cuda.amp.GradScaler(args...)` is deprecated. Please use `torch.amp.GradScaler('cuda', args...)` instead.
  scaler = GradScaler(enabled = bool(args.amp))
[e001 s0001/1030] loss = 191.211060
[e001 s0050/1030] loss = 6.979963
[e001 s0100/1030] loss = 3.499671
[e001 s0150/1030] loss = 2.339309
[e001 s0200/1030] loss = 1.760374
[e001 s0250/1030] loss = 1.413247
[e001 s0300/1030] loss = 1.181571
[e001 s0350/1030] loss = 1.015888
[e001 s0400/1030] loss = 0.891766
[e001 s0450/1030] loss = 0.796844
[e001 s0500/1030] loss = 0.718845
[e001 s0550/1030] loss = 0.655112
[e001 s0600/1030] loss = 0.602368
[e001 s0650/1030] loss = 0.557766
[e001 s0700/1030] loss = 0.519503
[e001 s0750/1030] loss = 0.486254
[e001 s0800/1030] loss = 0.457086
[e001 s0850/1030] loss = 0.431862
[e001 s0900/1030] loss = 0.408742
[e001 s0950/1030] loss = 0.388528
[e001 s1000/1030] loss = 0.369995
Epoch 001: train_loss = 0.359835  MAE/GAME0 = 22.948  RMSE = 42.055  GAME1 = 23.134  GAME2 = 23.477  GAME3 = 23.610  lr = 1.00e-05  time = 7.9s
[e002 s0001/1030] loss = 0.001051
[e002 s0050/1030] loss = 0.015733
[e002 s0100/1030] loss = 0.015934
[e002 s0150/1030] loss = 0.019047
[e002 s0200/1030] loss = 0.018528
[e002 s0250/1030] loss = 0.019239
[e002 s0300/1030] loss = 0.020535
[e002 s0350/1030] loss = 0.021696
[e002 s0400/1030] loss = 0.021439
[e002 s0450/1030] loss = 0.022819
[e002 s0500/1030] loss = 0.022184
[e002 s0550/1030] loss = 0.021607
[e002 s0600/1030] loss = 0.021343
[e002 s0650/1030] loss = 0.021465
[e002 s0700/1030] loss = 0.021742
[e002 s0750/1030] loss = 0.021330
[e002 s0800/1030] loss = 0.021330
[e002 s0850/1030] loss = 0.021440
[e002 s0900/1030] loss = 0.021195
[e002 s0950/1030] loss = 0.021179
[e002 s1000/1030] loss = 0.021249
Epoch 002: train_loss = 0.021230  MAE/GAME0 = 23.156  RMSE = 42.205  GAME1 = 23.205  GAME2 = 23.327  GAME3 = 23.367  lr = 1.00e-05  time = 7.7s
[e003 s0001/1030] loss = 0.000000
[e003 s0050/1030] loss = 0.016575
[e003 s0100/1030] loss = 0.018532
[e003 s0150/1030] loss = 0.019655
[e003 s0200/1030] loss = 0.024684
[e003 s0250/1030] loss = 0.022566
[e003 s0300/1030] loss = 0.022745
[e003 s0350/1030] loss = 0.021587
[e003 s0400/1030] loss = 0.022318
[e003 s0450/1030] loss = 0.021785
[e003 s0500/1030] loss = 0.021472
[e003 s0550/1030] loss = 0.020846
[e003 s0600/1030] loss = 0.020697
[e003 s0650/1030] loss = 0.020397
[e003 s0700/1030] loss = 0.020484
[e003 s0750/1030] loss = 0.020413
[e003 s0800/1030] loss = 0.020285
[e003 s0850/1030] loss = 0.020631
[e003 s0900/1030] loss = 0.020905
[e003 s0950/1030] loss = 0.021060
[e003 s1000/1030] loss = 0.020893
Epoch 003: train_loss = 0.020939  MAE/GAME0 = 23.211  RMSE = 42.232  GAME1 = 23.221  GAME2 = 23.286  GAME3 = 23.306  lr = 1.00e-05  time = 7.6s
[e004 s0001/1030] loss = 0.003103
[e004 s0050/1030] loss = 0.019971
[e004 s0100/1030] loss = 0.020442
[e004 s0150/1030] loss = 0.020965
[e004 s0200/1030] loss = 0.020818
[e004 s0250/1030] loss = 0.019590
[e004 s0300/1030] loss = 0.020235
[e004 s0350/1030] loss = 0.021197
[e004 s0400/1030] loss = 0.020888
[e004 s0450/1030] loss = 0.020742
[e004 s0500/1030] loss = 0.020263
[e004 s0550/1030] loss = 0.020044
[e004 s0600/1030] loss = 0.020409
[e004 s0650/1030] loss = 0.020856
[e004 s0700/1030] loss = 0.020200
[e004 s0750/1030] loss = 0.020504
[e004 s0800/1030] loss = 0.020571
[e004 s0850/1030] loss = 0.020829
[e004 s0900/1030] loss = 0.020771
[e004 s0950/1030] loss = 0.021288
[e004 s1000/1030] loss = 0.021557
Epoch 004: train_loss = 0.021721  MAE/GAME0 = 23.250  RMSE = 42.246  GAME1 = 23.250  GAME2 = 23.263  GAME3 = 23.266  lr = 1.00e-05  time = 7.6s
[e005 s0001/1030] loss = 0.004229
[e005 s0050/1030] loss = 0.018678
[e005 s0100/1030] loss = 0.017869
[e005 s0150/1030] loss = 0.019283
[e005 s0200/1030] loss = 0.018890
[e005 s0250/1030] loss = 0.020075
[e005 s0300/1030] loss = 0.019441
[e005 s0350/1030] loss = 0.018622
[e005 s0400/1030] loss = 0.019772
[e005 s0450/1030] loss = 0.019465
[e005 s0500/1030] loss = 0.019519
[e005 s0550/1030] loss = 0.019429
[e005 s0600/1030] loss = 0.019100
[e005 s0650/1030] loss = 0.019410
[e005 s0700/1030] loss = 0.019326
[e005 s0750/1030] loss = 0.019459
[e005 s0800/1030] loss = 0.018981
[e005 s0850/1030] loss = 0.019008
[e005 s0900/1030] loss = 0.018997
[e005 s0950/1030] loss = 0.018944
[e005 s1000/1030] loss = 0.019214
Epoch 005: train_loss = 0.019104  MAE/GAME0 = 23.249  RMSE = 42.246  GAME1 = 23.249  GAME2 = 23.259  GAME3 = 23.262  lr = 1.00e-05  time = 7.7s
[e006 s0001/1030] loss = 0.001051
[e006 s0050/1030] loss = 0.016822
[e006 s0100/1030] loss = 0.018004
[e006 s0150/1030] loss = 0.018292
[e006 s0200/1030] loss = 0.018955
[e006 s0250/1030] loss = 0.018603
[e006 s0300/1030] loss = 0.018391
[e006 s0350/1030] loss = 0.018437
[e006 s0400/1030] loss = 0.020993
[e006 s0450/1030] loss = 0.020553
[e006 s0500/1030] loss = 0.020277
[e006 s0550/1030] loss = 0.020306
[e006 s0600/1030] loss = 0.019976
[e006 s0650/1030] loss = 0.021126
[e006 s0700/1030] loss = 0.021416
[e006 s0750/1030] loss = 0.021752
[e006 s0800/1030] loss = 0.021981
[e006 s0850/1030] loss = 0.021580
[e006 s0900/1030] loss = 0.021640
[e006 s0950/1030] loss = 0.021918
[e006 s1000/1030] loss = 0.022081
Epoch 006: train_loss = 0.022090  MAE/GAME0 = 23.239  RMSE = 42.246  GAME1 = 23.239  GAME2 = 23.246  GAME3 = 23.249  lr = 1.00e-05  time = 7.7s
[e007 s0001/1030] loss = 0.071252
[e007 s0050/1030] loss = 0.022971
[e007 s0100/1030] loss = 0.022892
[e007 s0150/1030] loss = 0.021006
[e007 s0200/1030] loss = 0.020841
[e007 s0250/1030] loss = 0.021348
[e007 s0300/1030] loss = 0.021092
[e007 s0350/1030] loss = 0.022202
[e007 s0400/1030] loss = 0.022919
[e007 s0450/1030] loss = 0.023695
[e007 s0500/1030] loss = 0.023337
[e007 s0550/1030] loss = 0.023186
[e007 s0600/1030] loss = 0.022720
[e007 s0650/1030] loss = 0.022287
[e007 s0700/1030] loss = 0.021809
[e007 s0750/1030] loss = 0.021548
[e007 s0800/1030] loss = 0.021202
[e007 s0850/1030] loss = 0.021045
[e007 s0900/1030] loss = 0.021192
[e007 s0950/1030] loss = 0.021296
[e007 s1000/1030] loss = 0.021372
Epoch 007: train_loss = 0.021278  MAE/GAME0 = 23.244  RMSE = 42.248  GAME1 = 23.244  GAME2 = 23.244  GAME3 = 23.244  lr = 1.00e-05  time = 7.6s
[e008 s0001/1030] loss = 0.040083
[e008 s0050/1030] loss = 0.016561
[e008 s0100/1030] loss = 0.018805
[e008 s0150/1030] loss = 0.020768
[e008 s0200/1030] loss = 0.020176
[e008 s0250/1030] loss = 0.020014
[e008 s0300/1030] loss = 0.020474
[e008 s0350/1030] loss = 0.020129
[e008 s0400/1030] loss = 0.019835
[e008 s0450/1030] loss = 0.021004
[e008 s0500/1030] loss = 0.020698
[e008 s0550/1030] loss = 0.020406
[e008 s0600/1030] loss = 0.020361
[e008 s0650/1030] loss = 0.020916
[e008 s0700/1030] loss = 0.020975
[e008 s0750/1030] loss = 0.020748
[e008 s0800/1030] loss = 0.020783
[e008 s0850/1030] loss = 0.020489
[e008 s0900/1030] loss = 0.020608
[e008 s0950/1030] loss = 0.020476
[e008 s1000/1030] loss = 0.020154
Epoch 008: train_loss = 0.020152  MAE/GAME0 = 23.244  RMSE = 42.248  GAME1 = 23.244  GAME2 = 23.244  GAME3 = 23.244  lr = 1.00e-05  time = 7.6s
[e009 s0001/1030] loss = 0.020019
[e009 s0050/1030] loss = 0.021736
[e009 s0100/1030] loss = 0.026250
[e009 s0150/1030] loss = 0.026901
[e009 s0200/1030] loss = 0.026396
[e009 s0250/1030] loss = 0.023319
[e009 s0300/1030] loss = 0.022922
[e009 s0350/1030] loss = 0.022025
[e009 s0400/1030] loss = 0.022326
[e009 s0450/1030] loss = 0.022214
[e009 s0500/1030] loss = 0.022009
[e009 s0550/1030] loss = 0.021954
[e009 s0600/1030] loss = 0.021595
[e009 s0650/1030] loss = 0.021095
[e009 s0700/1030] loss = 0.020686
[e009 s0750/1030] loss = 0.020775
[e009 s0800/1030] loss = 0.020391
[e009 s0850/1030] loss = 0.020536
[e009 s0900/1030] loss = 0.020319
[e009 s0950/1030] loss = 0.019978
[e009 s1000/1030] loss = 0.020012
Epoch 009: train_loss = 0.020135  MAE/GAME0 = 23.241  RMSE = 42.247  GAME1 = 23.241  GAME2 = 23.242  GAME3 = 23.245  lr = 1.00e-05  time = 7.7s
[e010 s0001/1030] loss = 0.007485
[e010 s0050/1030] loss = 0.022076
[e010 s0100/1030] loss = 0.021211
[e010 s0150/1030] loss = 0.021981
[e010 s0200/1030] loss = 0.021047
[e010 s0250/1030] loss = 0.022153
[e010 s0300/1030] loss = 0.021595
[e010 s0350/1030] loss = 0.021013
[e010 s0400/1030] loss = 0.021300
[e010 s0450/1030] loss = 0.022225
[e010 s0500/1030] loss = 0.021883
[e010 s0550/1030] loss = 0.021499
[e010 s0600/1030] loss = 0.021274
[e010 s0650/1030] loss = 0.021486
[e010 s0700/1030] loss = 0.021558
[e010 s0750/1030] loss = 0.021035
[e010 s0800/1030] loss = 0.020789
[e010 s0850/1030] loss = 0.020837
[e010 s0900/1030] loss = 0.021127
[e010 s0950/1030] loss = 0.021346
[e010 s1000/1030] loss = 0.021110
Epoch 010: train_loss = 0.021054  MAE/GAME0 = 23.245  RMSE = 42.248  GAME1 = 23.245  GAME2 = 23.245  GAME3 = 23.245  lr = 1.00e-05  time = 7.7s
[e011 s0001/1030] loss = 0.009225
[e011 s0050/1030] loss = 0.016392
[e011 s0100/1030] loss = 0.018656
[e011 s0150/1030] loss = 0.019547
[e011 s0200/1030] loss = 0.021404
[e011 s0250/1030] loss = 0.019813
[e011 s0300/1030] loss = 0.019337
[e011 s0350/1030] loss = 0.019611
[e011 s0400/1030] loss = 0.020260
[e011 s0450/1030] loss = 0.019734
[e011 s0500/1030] loss = 0.019428
[e011 s0550/1030] loss = 0.019487
[e011 s0600/1030] loss = 0.019076
[e011 s0650/1030] loss = 0.019076
[e011 s0700/1030] loss = 0.019301
[e011 s0750/1030] loss = 0.019370
[e011 s0800/1030] loss = 0.019292
[e011 s0850/1030] loss = 0.019419
[e011 s0900/1030] loss = 0.020117
[e011 s0950/1030] loss = 0.021001
[e011 s1000/1030] loss = 0.020794
Epoch 011: train_loss = 0.020644  MAE/GAME0 = 23.245  RMSE = 42.248  GAME1 = 23.245  GAME2 = 23.245  GAME3 = 23.245  lr = 1.00e-05  time = 7.6s
[e012 s0001/1030] loss = 0.000000
[e012 s0050/1030] loss = 0.015749
[e012 s0100/1030] loss = 0.015933
[e012 s0150/1030] loss = 0.019599
[e012 s0200/1030] loss = 0.019174
[e012 s0250/1030] loss = 0.019578
[e012 s0300/1030] loss = 0.019448
[e012 s0350/1030] loss = 0.019120
[e012 s0400/1030] loss = 0.018865
[e012 s0450/1030] loss = 0.019360
[e012 s0500/1030] loss = 0.019286
[e012 s0550/1030] loss = 0.019646
[e012 s0600/1030] loss = 0.020156
[e012 s0650/1030] loss = 0.020769
[e012 s0700/1030] loss = 0.020878
[e012 s0750/1030] loss = 0.020762
[e012 s0800/1030] loss = 0.020751
[e012 s0850/1030] loss = 0.021007
[e012 s0900/1030] loss = 0.020771
[e012 s0950/1030] loss = 0.020658
[e012 s1000/1030] loss = 0.020666
Epoch 012: train_loss = 0.020693  MAE/GAME0 = 23.245  RMSE = 42.248  GAME1 = 23.245  GAME2 = 23.245  GAME3 = 23.245  lr = 1.00e-05  time = 7.7s
[e013 s0001/1030] loss = 0.072376
[e013 s0050/1030] loss = 0.023989
[e013 s0100/1030] loss = 0.018236
[e013 s0150/1030] loss = 0.016685
[e013 s0200/1030] loss = 0.016901
[e013 s0250/1030] loss = 0.018547
[e013 s0300/1030] loss = 0.019677
[e013 s0350/1030] loss = 0.020114
[e013 s0400/1030] loss = 0.019731
[e013 s0450/1030] loss = 0.019395
[e013 s0500/1030] loss = 0.019180
[e013 s0550/1030] loss = 0.018827
[e013 s0600/1030] loss = 0.018584
[e013 s0650/1030] loss = 0.019709
[e013 s0700/1030] loss = 0.019664
[e013 s0750/1030] loss = 0.019569
[e013 s0800/1030] loss = 0.019528
[e013 s0850/1030] loss = 0.019575
[e013 s0900/1030] loss = 0.019691
[e013 s0950/1030] loss = 0.019888
[e013 s1000/1030] loss = 0.019674
Epoch 013: train_loss = 0.020350  MAE/GAME0 = 23.244  RMSE = 42.248  GAME1 = 23.244  GAME2 = 23.244  GAME3 = 23.244  lr = 1.00e-05  time = 7.7s
[e014 s0001/1030] loss = 0.010873
[e014 s0050/1030] loss = 0.014291
[e014 s0100/1030] loss = 0.018028
[e014 s0150/1030] loss = 0.018885
[e014 s0200/1030] loss = 0.016880
[e014 s0250/1030] loss = 0.016790
[e014 s0300/1030] loss = 0.017040
[e014 s0350/1030] loss = 0.018464
[e014 s0400/1030] loss = 0.019882
[e014 s0450/1030] loss = 0.019607
[e014 s0500/1030] loss = 0.019409
[e014 s0550/1030] loss = 0.020266
[e014 s0600/1030] loss = 0.020972
[e014 s0650/1030] loss = 0.020956
[e014 s0700/1030] loss = 0.020905
[e014 s0750/1030] loss = 0.021015
[e014 s0800/1030] loss = 0.021577
[e014 s0850/1030] loss = 0.021266
[e014 s0900/1030] loss = 0.020995
[e014 s0950/1030] loss = 0.021545
[e014 s1000/1030] loss = 0.021518
Epoch 014: train_loss = 0.021706  MAE/GAME0 = 23.245  RMSE = 42.248  GAME1 = 23.245  GAME2 = 23.245  GAME3 = 23.245  lr = 1.00e-05  time = 7.7s
[e015 s0001/1030] loss = 0.001052
[e015 s0050/1030] loss = 0.016845
[e015 s0100/1030] loss = 0.022023
[e015 s0150/1030] loss = 0.021885
[e015 s0200/1030] loss = 0.020915
[e015 s0250/1030] loss = 0.021135
[e015 s0300/1030] loss = 0.020455
[e015 s0350/1030] loss = 0.021151
[e015 s0400/1030] loss = 0.020963
[e015 s0450/1030] loss = 0.020788
[e015 s0500/1030] loss = 0.020889
[e015 s0550/1030] loss = 0.021265
[e015 s0600/1030] loss = 0.020934
[e015 s0650/1030] loss = 0.020677
[e015 s0700/1030] loss = 0.020961
[e015 s0750/1030] loss = 0.021156
[e015 s0800/1030] loss = 0.020998
[e015 s0850/1030] loss = 0.021422
[e015 s0900/1030] loss = 0.021553
[e015 s0950/1030] loss = 0.021648
[e015 s1000/1030] loss = 0.021445
Epoch 015: train_loss = 0.021564  MAE/GAME0 = 23.245  RMSE = 42.248  GAME1 = 23.245  GAME2 = 23.245  GAME3 = 23.245  lr = 1.00e-05  time = 7.6s
[e016 s0001/1030] loss = 0.005232
[e016 s0050/1030] loss = 0.017418
[e016 s0100/1030] loss = 0.016982
[e016 s0150/1030] loss = 0.021856
[e016 s0200/1030] loss = 0.023850
[e016 s0250/1030] loss = 0.023011
[e016 s0300/1030] loss = 0.021942
[e016 s0350/1030] loss = 0.022560
[e016 s0400/1030] loss = 0.023053
[e016 s0450/1030] loss = 0.023131
[e016 s0500/1030] loss = 0.023085
[e016 s0550/1030] loss = 0.022843
[e016 s0600/1030] loss = 0.022455
[e016 s0650/1030] loss = 0.021866
[e016 s0700/1030] loss = 0.022281
[e016 s0750/1030] loss = 0.022014
[e016 s0800/1030] loss = 0.021519
[e016 s0850/1030] loss = 0.021298
[e016 s0900/1030] loss = 0.021255
[e016 s0950/1030] loss = 0.021363
[e016 s1000/1030] loss = 0.021196
Epoch 016: train_loss = 0.021027  MAE/GAME0 = 23.245  RMSE = 42.248  GAME1 = 23.245  GAME2 = 23.245  GAME3 = 23.245  lr = 1.00e-05  time = 7.7s
[e017 s0001/1030] loss = 0.032088
[e017 s0050/1030] loss = 0.020510
[e017 s0100/1030] loss = 0.021680
[e017 s0150/1030] loss = 0.022865
[e017 s0200/1030] loss = 0.020710
[e017 s0250/1030] loss = 0.019828
[e017 s0300/1030] loss = 0.019651
[e017 s0350/1030] loss = 0.019336
[e017 s0400/1030] loss = 0.019571
[e017 s0450/1030] loss = 0.019683
[e017 s0500/1030] loss = 0.020546
[e017 s0550/1030] loss = 0.020153
[e017 s0600/1030] loss = 0.020052
[e017 s0650/1030] loss = 0.020088
[e017 s0700/1030] loss = 0.020018
[e017 s0750/1030] loss = 0.020068
[e017 s0800/1030] loss = 0.020230
[e017 s0850/1030] loss = 0.020009
[e017 s0900/1030] loss = 0.020550
[e017 s0950/1030] loss = 0.020452
[e017 s1000/1030] loss = 0.020427
Epoch 017: train_loss = 0.020254  MAE/GAME0 = 23.245  RMSE = 42.248  GAME1 = 23.245  GAME2 = 23.245  GAME3 = 23.245  lr = 1.00e-05  time = 7.8s
[e018 s0001/1030] loss = 0.002061
[e018 s0050/1030] loss = 0.021129
[e018 s0100/1030] loss = 0.021972
[e018 s0150/1030] loss = 0.020487
[e018 s0200/1030] loss = 0.021062
[e018 s0250/1030] loss = 0.021034
[e018 s0300/1030] loss = 0.022311
[e018 s0350/1030] loss = 0.021557
[e018 s0400/1030] loss = 0.020866
[e018 s0450/1030] loss = 0.020998
[e018 s0500/1030] loss = 0.021033
[e018 s0550/1030] loss = 0.021254
[e018 s0600/1030] loss = 0.020907
[e018 s0650/1030] loss = 0.020830
[e018 s0700/1030] loss = 0.020978
[e018 s0750/1030] loss = 0.020378
[e018 s0800/1030] loss = 0.020309
[e018 s0850/1030] loss = 0.020222
[e018 s0900/1030] loss = 0.020010
[e018 s0950/1030] loss = 0.019873
[e018 s1000/1030] loss = 0.019902
Epoch 018: train_loss = 0.020370  MAE/GAME0 = 23.245  RMSE = 42.248  GAME1 = 23.245  GAME2 = 23.245  GAME3 = 23.245  lr = 1.00e-05  time = 7.6s
[e019 s0001/1030] loss = 0.027308
[e019 s0050/1030] loss = 0.018558
[e019 s0100/1030] loss = 0.020120
[e019 s0150/1030] loss = 0.021148
[e019 s0200/1030] loss = 0.019821
[e019 s0250/1030] loss = 0.021783
[e019 s0300/1030] loss = 0.021314
[e019 s0350/1030] loss = 0.021165
[e019 s0400/1030] loss = 0.021634
[e019 s0450/1030] loss = 0.021895
[e019 s0500/1030] loss = 0.021211
[e019 s0550/1030] loss = 0.020639
[e019 s0600/1030] loss = 0.020112
[e019 s0650/1030] loss = 0.019706
[e019 s0700/1030] loss = 0.019462
[e019 s0750/1030] loss = 0.019874
[e019 s0800/1030] loss = 0.019689
[e019 s0850/1030] loss = 0.019943
[e019 s0900/1030] loss = 0.020103
[e019 s0950/1030] loss = 0.020112
[e019 s1000/1030] loss = 0.019919
Epoch 019: train_loss = 0.019769  MAE/GAME0 = 23.245  RMSE = 42.248  GAME1 = 23.245  GAME2 = 23.245  GAME3 = 23.245  lr = 1.00e-05  time = 7.6s
[e020 s0001/1030] loss = 0.025778
[e020 s0050/1030] loss = 0.019559
[e020 s0100/1030] loss = 0.020347
[e020 s0150/1030] loss = 0.019713
[e020 s0200/1030] loss = 0.019203
[e020 s0250/1030] loss = 0.021472
[e020 s0300/1030] loss = 0.020869
[e020 s0350/1030] loss = 0.021290
[e020 s0400/1030] loss = 0.021263
[e020 s0450/1030] loss = 0.021437
[e020 s0500/1030] loss = 0.020386
[e020 s0550/1030] loss = 0.021041
[e020 s0600/1030] loss = 0.021142
[e020 s0650/1030] loss = 0.021095
[e020 s0700/1030] loss = 0.020619
[e020 s0750/1030] loss = 0.020647
[e020 s0800/1030] loss = 0.020698
[e020 s0850/1030] loss = 0.020521
[e020 s0900/1030] loss = 0.020351
[e020 s0950/1030] loss = 0.020213
[e020 s1000/1030] loss = 0.020226
Epoch 020: train_loss = 0.020440  MAE/GAME0 = 23.245  RMSE = 42.248  GAME1 = 23.245  GAME2 = 23.245  GAME3 = 23.245  lr = 1.00e-05  time = 7.7s
[e021 s0001/1030] loss = 0.015887
[e021 s0050/1030] loss = 0.018597
[e021 s0100/1030] loss = 0.019178
[e021 s0150/1030] loss = 0.019311
[e021 s0200/1030] loss = 0.019806
[e021 s0250/1030] loss = 0.020563
[e021 s0300/1030] loss = 0.020867
[e021 s0350/1030] loss = 0.019824
[e021 s0400/1030] loss = 0.020443
[e021 s0450/1030] loss = 0.020928
[e021 s0500/1030] loss = 0.020636
[e021 s0550/1030] loss = 0.020634
[e021 s0600/1030] loss = 0.020204
[e021 s0650/1030] loss = 0.020254
[e021 s0700/1030] loss = 0.020314
[e021 s0750/1030] loss = 0.019835
[e021 s0800/1030] loss = 0.019829
[e021 s0850/1030] loss = 0.021255
[e021 s0900/1030] loss = 0.021233
[e021 s0950/1030] loss = 0.020919
[e021 s1000/1030] loss = 0.021789
Epoch 021: train_loss = 0.021580  MAE/GAME0 = 23.245  RMSE = 42.248  GAME1 = 23.245  GAME2 = 23.245  GAME3 = 23.245  lr = 1.00e-05  time = 7.6s
[e022 s0001/1030] loss = 0.042697
[e022 s0050/1030] loss = 0.013392
[e022 s0100/1030] loss = 0.014995
[e022 s0150/1030] loss = 0.016991
[e022 s0200/1030] loss = 0.018833
[e022 s0250/1030] loss = 0.019318
[e022 s0300/1030] loss = 0.019889
[e022 s0350/1030] loss = 0.020937
[e022 s0400/1030] loss = 0.021488
[e022 s0450/1030] loss = 0.021402
[e022 s0500/1030] loss = 0.022252
[e022 s0550/1030] loss = 0.022444
[e022 s0600/1030] loss = 0.022719
[e022 s0650/1030] loss = 0.022218
[e022 s0700/1030] loss = 0.021930
[e022 s0750/1030] loss = 0.021543
[e022 s0800/1030] loss = 0.021289
[e022 s0850/1030] loss = 0.021072
[e022 s0900/1030] loss = 0.020872
[e022 s0950/1030] loss = 0.020618
[e022 s1000/1030] loss = 0.020526
Epoch 022: train_loss = 0.020332  MAE/GAME0 = 23.245  RMSE = 42.248  GAME1 = 23.245  GAME2 = 23.245  GAME3 = 23.245  lr = 1.00e-05  time = 7.6s
[e023 s0001/1030] loss = 0.016948
[e023 s0050/1030] loss = 0.016226
[e023 s0100/1030] loss = 0.018826
[e023 s0150/1030] loss = 0.019462
[e023 s0200/1030] loss = 0.020136
[e023 s0250/1030] loss = 0.020132
[e023 s0300/1030] loss = 0.020067
[e023 s0350/1030] loss = 0.020246
[e023 s0400/1030] loss = 0.020155
[e023 s0450/1030] loss = 0.020037
[e023 s0500/1030] loss = 0.019741
[e023 s0550/1030] loss = 0.019847
[e023 s0600/1030] loss = 0.020732
[e023 s0650/1030] loss = 0.020393
[e023 s0700/1030] loss = 0.020846
[e023 s0750/1030] loss = 0.021050
[e023 s0800/1030] loss = 0.020974
[e023 s0850/1030] loss = 0.020938
[e023 s0900/1030] loss = 0.020948
[e023 s0950/1030] loss = 0.020947
[e023 s1000/1030] loss = 0.021005
Epoch 023: train_loss = 0.021050  MAE/GAME0 = 23.245  RMSE = 42.248  GAME1 = 23.245  GAME2 = 23.245  GAME3 = 23.245  lr = 1.00e-05  time = 7.6s
[e024 s0001/1030] loss = 0.033767
[e024 s0050/1030] loss = 0.022933
[e024 s0100/1030] loss = 0.022443
[e024 s0150/1030] loss = 0.020674
[e024 s0200/1030] loss = 0.020898
[e024 s0250/1030] loss = 0.020546
[e024 s0300/1030] loss = 0.021389
[e024 s0350/1030] loss = 0.020814
[e024 s0400/1030] loss = 0.021083
[e024 s0450/1030] loss = 0.020964
[e024 s0500/1030] loss = 0.020605
[e024 s0550/1030] loss = 0.020245
[e024 s0600/1030] loss = 0.020041
[e024 s0650/1030] loss = 0.019915
[e024 s0700/1030] loss = 0.019632
[e024 s0750/1030] loss = 0.019628
[e024 s0800/1030] loss = 0.019962
[e024 s0850/1030] loss = 0.019842
[e024 s0900/1030] loss = 0.019964
[e024 s0950/1030] loss = 0.020011
[e024 s1000/1030] loss = 0.019695
Epoch 024: train_loss = 0.019604  MAE/GAME0 = 23.245  RMSE = 42.248  GAME1 = 23.245  GAME2 = 23.245  GAME3 = 23.245  lr = 1.00e-05  time = 7.7s
[e025 s0001/1030] loss = 0.003115
[e025 s0050/1030] loss = 0.014845
[e025 s0100/1030] loss = 0.016761
[e025 s0150/1030] loss = 0.017957
[e025 s0200/1030] loss = 0.017315
[e025 s0250/1030] loss = 0.019113
[e025 s0300/1030] loss = 0.018769
[e025 s0350/1030] loss = 0.019891
[e025 s0400/1030] loss = 0.019197
[e025 s0450/1030] loss = 0.018925
[e025 s0500/1030] loss = 0.018679
[e025 s0550/1030] loss = 0.018321
[e025 s0600/1030] loss = 0.018532
[e025 s0650/1030] loss = 0.018091
[e025 s0700/1030] loss = 0.018023
[e025 s0750/1030] loss = 0.018011
[e025 s0800/1030] loss = 0.018026
[e025 s0850/1030] loss = 0.018174
[e025 s0900/1030] loss = 0.018111
[e025 s0950/1030] loss = 0.018079
[e025 s1000/1030] loss = 0.018351
Epoch 025: train_loss = 0.019360  MAE/GAME0 = 23.245  RMSE = 42.248  GAME1 = 23.245  GAME2 = 23.245  GAME3 = 23.245  lr = 1.00e-05  time = 7.6s
[e026 s0001/1030] loss = 0.006239
[e026 s0050/1030] loss = 0.022950
[e026 s0100/1030] loss = 0.020887
[e026 s0150/1030] loss = 0.020164
[e026 s0200/1030] loss = 0.019907
[e026 s0250/1030] loss = 0.020473
[e026 s0300/1030] loss = 0.022055
[e026 s0350/1030] loss = 0.021129
[e026 s0400/1030] loss = 0.021763
[e026 s0450/1030] loss = 0.021683
[e026 s0500/1030] loss = 0.021964
[e026 s0550/1030] loss = 0.021608
[e026 s0600/1030] loss = 0.021012
[e026 s0650/1030] loss = 0.021026
[e026 s0700/1030] loss = 0.020928
[e026 s0750/1030] loss = 0.021337
[e026 s0800/1030] loss = 0.020915
[e026 s0850/1030] loss = 0.020858
[e026 s0900/1030] loss = 0.020696
[e026 s0950/1030] loss = 0.020521
[e026 s1000/1030] loss = 0.020223
Epoch 026: train_loss = 0.020389  MAE/GAME0 = 23.245  RMSE = 42.248  GAME1 = 23.245  GAME2 = 23.245  GAME3 = 23.245  lr = 1.00e-05  time = 7.7s
[e027 s0001/1030] loss = 0.017836
[e027 s0050/1030] loss = 0.021881
[e027 s0100/1030] loss = 0.019851
[e027 s0150/1030] loss = 0.019126
[e027 s0200/1030] loss = 0.018410
[e027 s0250/1030] loss = 0.019025
[e027 s0300/1030] loss = 0.019937
[e027 s0350/1030] loss = 0.020036
[e027 s0400/1030] loss = 0.020430
[e027 s0450/1030] loss = 0.020107
[e027 s0500/1030] loss = 0.020620
[e027 s0550/1030] loss = 0.020591
[e027 s0600/1030] loss = 0.020649
[e027 s0650/1030] loss = 0.021196
[e027 s0700/1030] loss = 0.021058
[e027 s0750/1030] loss = 0.021018
[e027 s0800/1030] loss = 0.020982
[e027 s0850/1030] loss = 0.020487
[e027 s0900/1030] loss = 0.020658
[e027 s0950/1030] loss = 0.021205
[e027 s1000/1030] loss = 0.021091
Epoch 027: train_loss = 0.021479  MAE/GAME0 = 23.245  RMSE = 42.248  GAME1 = 23.245  GAME2 = 23.245  GAME3 = 23.245  lr = 1.00e-05  time = 7.6s
[e028 s0001/1030] loss = 0.009569
[e028 s0050/1030] loss = 0.022882
[e028 s0100/1030] loss = 0.020856
[e028 s0150/1030] loss = 0.018395
[e028 s0200/1030] loss = 0.019092
[e028 s0250/1030] loss = 0.018926
[e028 s0300/1030] loss = 0.019421
[e028 s0350/1030] loss = 0.020040
[e028 s0400/1030] loss = 0.020062
[e028 s0450/1030] loss = 0.020036
[e028 s0500/1030] loss = 0.020014
[e028 s0550/1030] loss = 0.019720
[e028 s0600/1030] loss = 0.019625
[e028 s0650/1030] loss = 0.019320
[e028 s0700/1030] loss = 0.020775
[e028 s0750/1030] loss = 0.020583
[e028 s0800/1030] loss = 0.020883
[e028 s0850/1030] loss = 0.020676
[e028 s0900/1030] loss = 0.020515
[e028 s0950/1030] loss = 0.020474
[e028 s1000/1030] loss = 0.020449
Epoch 028: train_loss = 0.020517  MAE/GAME0 = 23.245  RMSE = 42.248  GAME1 = 23.245  GAME2 = 23.245  GAME3 = 23.245  lr = 1.00e-05  time = 7.8s
[e029 s0001/1030] loss = 0.014260
[e029 s0050/1030] loss = 0.022947
[e029 s0100/1030] loss = 0.019906
[e029 s0150/1030] loss = 0.019580
[e029 s0200/1030] loss = 0.020152
[e029 s0250/1030] loss = 0.021337
[e029 s0300/1030] loss = 0.021126
[e029 s0350/1030] loss = 0.020458
[e029 s0400/1030] loss = 0.020444
[e029 s0450/1030] loss = 0.020315
[e029 s0500/1030] loss = 0.020156
[e029 s0550/1030] loss = 0.019887
[e029 s0600/1030] loss = 0.019297
[e029 s0650/1030] loss = 0.021757
[e029 s0700/1030] loss = 0.022100
[e029 s0750/1030] loss = 0.021904
[e029 s0800/1030] loss = 0.021793
[e029 s0850/1030] loss = 0.021382
[e029 s0900/1030] loss = 0.021209
[e029 s0950/1030] loss = 0.020967
[e029 s1000/1030] loss = 0.020988
Epoch 029: train_loss = 0.020992  MAE/GAME0 = 23.245  RMSE = 42.248  GAME1 = 23.245  GAME2 = 23.245  GAME3 = 23.245  lr = 1.00e-05  time = 7.6s
[e030 s0001/1030] loss = 0.022517
[e030 s0050/1030] loss = 0.022832
[e030 s0100/1030] loss = 0.021542
[e030 s0150/1030] loss = 0.023664
[e030 s0200/1030] loss = 0.023744
[e030 s0250/1030] loss = 0.024878
[e030 s0300/1030] loss = 0.024025
[e030 s0350/1030] loss = 0.023182
[e030 s0400/1030] loss = 0.022814
[e030 s0450/1030] loss = 0.022040
[e030 s0500/1030] loss = 0.021449
[e030 s0550/1030] loss = 0.021213
[e030 s0600/1030] loss = 0.021148
[e030 s0650/1030] loss = 0.020445
[e030 s0700/1030] loss = 0.020312
[e030 s0750/1030] loss = 0.020961
[e030 s0800/1030] loss = 0.021797
[e030 s0850/1030] loss = 0.021935
[e030 s0900/1030] loss = 0.021609
[e030 s0950/1030] loss = 0.021694
[e030 s1000/1030] loss = 0.021440
Epoch 030: train_loss = 0.021850  MAE/GAME0 = 23.245  RMSE = 42.248  GAME1 = 23.245  GAME2 = 23.245  GAME3 = 23.245  lr = 1.00e-05  time = 7.8s
[e031 s0001/1030] loss = 0.021395
[e031 s0050/1030] loss = 0.018754
[e031 s0100/1030] loss = 0.019052
[e031 s0150/1030] loss = 0.017550
[e031 s0200/1030] loss = 0.019036
[e031 s0250/1030] loss = 0.018406
[e031 s0300/1030] loss = 0.018442
[e031 s0350/1030] loss = 0.018482
[e031 s0400/1030] loss = 0.018482
[e031 s0450/1030] loss = 0.018802
[e031 s0500/1030] loss = 0.018502
[e031 s0550/1030] loss = 0.019027
[e031 s0600/1030] loss = 0.019140
[e031 s0650/1030] loss = 0.018989
[e031 s0700/1030] loss = 0.018852
[e031 s0750/1030] loss = 0.019473
[e031 s0800/1030] loss = 0.020961
[e031 s0850/1030] loss = 0.020869
[e031 s0900/1030] loss = 0.021198
[e031 s0950/1030] loss = 0.021329
[e031 s1000/1030] loss = 0.021193
Epoch 031: train_loss = 0.021150  MAE/GAME0 = 23.245  RMSE = 42.248  GAME1 = 23.245  GAME2 = 23.245  GAME3 = 23.245  lr = 1.00e-05  time = 7.7s
[e032 s0001/1030] loss = 0.038826
[e032 s0050/1030] loss = 0.022371
[e032 s0100/1030] loss = 0.024367
[e032 s0150/1030] loss = 0.022678
[e032 s0200/1030] loss = 0.022680
[e032 s0250/1030] loss = 0.022210
[e032 s0300/1030] loss = 0.021814
[e032 s0350/1030] loss = 0.021746
[e032 s0400/1030] loss = 0.021737
[e032 s0450/1030] loss = 0.022225
[e032 s0500/1030] loss = 0.021820
[e032 s0550/1030] loss = 0.021074
[e032 s0600/1030] loss = 0.021243
[e032 s0650/1030] loss = 0.021207
[e032 s0700/1030] loss = 0.021117
[e032 s0750/1030] loss = 0.021764
[e032 s0800/1030] loss = 0.021433
[e032 s0850/1030] loss = 0.021357
[e032 s0900/1030] loss = 0.021185
[e032 s0950/1030] loss = 0.021327
[e032 s1000/1030] loss = 0.021087
Epoch 032: train_loss = 0.020903  MAE/GAME0 = 23.245  RMSE = 42.248  GAME1 = 23.245  GAME2 = 23.245  GAME3 = 23.245  lr = 1.00e-05  time = 7.7s
[e033 s0001/1030] loss = 0.028466
[e033 s0050/1030] loss = 0.016453
[e033 s0100/1030] loss = 0.016981
[e033 s0150/1030] loss = 0.016439
[e033 s0200/1030] loss = 0.016565
[e033 s0250/1030] loss = 0.016876
[e033 s0300/1030] loss = 0.016833
[e033 s0350/1030] loss = 0.017077
[e033 s0400/1030] loss = 0.017680
[e033 s0450/1030] loss = 0.019899
[e033 s0500/1030] loss = 0.019693
[e033 s0550/1030] loss = 0.020048
[e033 s0600/1030] loss = 0.019562
[e033 s0650/1030] loss = 0.019571
[e033 s0700/1030] loss = 0.019092
[e033 s0750/1030] loss = 0.019333
[e033 s0800/1030] loss = 0.019210
[e033 s0850/1030] loss = 0.019196
[e033 s0900/1030] loss = 0.019405
[e033 s0950/1030] loss = 0.019073
[e033 s1000/1030] loss = 0.019614
Epoch 033: train_loss = 0.019523  MAE/GAME0 = 23.245  RMSE = 42.248  GAME1 = 23.245  GAME2 = 23.245  GAME3 = 23.245  lr = 1.00e-05  time = 7.7s
[e034 s0001/1030] loss = 0.001051
[e034 s0050/1030] loss = 0.017019
[e034 s0100/1030] loss = 0.020858
[e034 s0150/1030] loss = 0.019872
[e034 s0200/1030] loss = 0.019717
[e034 s0250/1030] loss = 0.019291
[e034 s0300/1030] loss = 0.019707
[e034 s0350/1030] loss = 0.020754
[e034 s0400/1030] loss = 0.020535
[e034 s0450/1030] loss = 0.020071
[e034 s0500/1030] loss = 0.020299
[e034 s0550/1030] loss = 0.020739
[e034 s0600/1030] loss = 0.021081
[e034 s0650/1030] loss = 0.020525
[e034 s0700/1030] loss = 0.020764
[e034 s0750/1030] loss = 0.020948
[e034 s0800/1030] loss = 0.020601
[e034 s0850/1030] loss = 0.020454
[e034 s0900/1030] loss = 0.020524
[e034 s0950/1030] loss = 0.020302
[e034 s1000/1030] loss = 0.020237
Epoch 034: train_loss = 0.020212  MAE/GAME0 = 23.245  RMSE = 42.248  GAME1 = 23.245  GAME2 = 23.245  GAME3 = 23.245  lr = 1.00e-05  time = 7.7s
[e035 s0001/1030] loss = 0.039223
[e035 s0050/1030] loss = 0.022310
[e035 s0100/1030] loss = 0.023098
[e035 s0150/1030] loss = 0.021288
[e035 s0200/1030] loss = 0.021297
[e035 s0250/1030] loss = 0.022186
[e035 s0300/1030] loss = 0.021390
[e035 s0350/1030] loss = 0.023228
[e035 s0400/1030] loss = 0.022117
[e035 s0450/1030] loss = 0.021936
[e035 s0500/1030] loss = 0.021667
[e035 s0550/1030] loss = 0.021494
[e035 s0600/1030] loss = 0.021095
[e035 s0650/1030] loss = 0.021146
[e035 s0700/1030] loss = 0.020855
[e035 s0750/1030] loss = 0.020617
[e035 s0800/1030] loss = 0.020532
[e035 s0850/1030] loss = 0.020478
[e035 s0900/1030] loss = 0.020615
[e035 s0950/1030] loss = 0.020553
[e035 s1000/1030] loss = 0.020915
Epoch 035: train_loss = 0.020951  MAE/GAME0 = 23.245  RMSE = 42.248  GAME1 = 23.245  GAME2 = 23.245  GAME3 = 23.245  lr = 1.00e-05  time = 7.6s
[e036 s0001/1030] loss = 0.004131
[e036 s0050/1030] loss = 0.029556
[e036 s0100/1030] loss = 0.025031
[e036 s0150/1030] loss = 0.022914
[e036 s0200/1030] loss = 0.021704
[e036 s0250/1030] loss = 0.023905
[e036 s0300/1030] loss = 0.022774
[e036 s0350/1030] loss = 0.021898
[e036 s0400/1030] loss = 0.021429
[e036 s0450/1030] loss = 0.021594
[e036 s0500/1030] loss = 0.021793
[e036 s0550/1030] loss = 0.022361
[e036 s0600/1030] loss = 0.022159
[e036 s0650/1030] loss = 0.021886
[e036 s0700/1030] loss = 0.021776
[e036 s0750/1030] loss = 0.021835
[e036 s0800/1030] loss = 0.021572
[e036 s0850/1030] loss = 0.021372
[e036 s0900/1030] loss = 0.021571
[e036 s0950/1030] loss = 0.021175
[e036 s1000/1030] loss = 0.020974
Epoch 036: train_loss = 0.020882  MAE/GAME0 = 23.245  RMSE = 42.248  GAME1 = 23.245  GAME2 = 23.245  GAME3 = 23.245  lr = 1.00e-05  time = 7.7s
[e037 s0001/1030] loss = 0.007390
[e037 s0050/1030] loss = 0.012277
[e037 s0100/1030] loss = 0.016021
[e037 s0150/1030] loss = 0.016600
[e037 s0200/1030] loss = 0.018326
[e037 s0250/1030] loss = 0.018731
[e037 s0300/1030] loss = 0.018401
[e037 s0350/1030] loss = 0.018733
[e037 s0400/1030] loss = 0.019501
[e037 s0450/1030] loss = 0.018636
[e037 s0500/1030] loss = 0.018376
[e037 s0550/1030] loss = 0.018581
[e037 s0600/1030] loss = 0.018964
[e037 s0650/1030] loss = 0.018838
[e037 s0700/1030] loss = 0.019024
[e037 s0750/1030] loss = 0.019829
[e037 s0800/1030] loss = 0.019728
[e037 s0850/1030] loss = 0.019714
[e037 s0900/1030] loss = 0.019944
[e037 s0950/1030] loss = 0.020290
[e037 s1000/1030] loss = 0.020198
Epoch 037: train_loss = 0.019971  MAE/GAME0 = 23.245  RMSE = 42.248  GAME1 = 23.245  GAME2 = 23.245  GAME3 = 23.245  lr = 1.00e-05  time = 7.7s
[e038 s0001/1030] loss = 0.001041
[e038 s0050/1030] loss = 0.024110
[e038 s0100/1030] loss = 0.025013
[e038 s0150/1030] loss = 0.026784
[e038 s0200/1030] loss = 0.025587
[e038 s0250/1030] loss = 0.024645
[e038 s0300/1030] loss = 0.023003
[e038 s0350/1030] loss = 0.023016
[e038 s0400/1030] loss = 0.023267
[e038 s0450/1030] loss = 0.023197
[e038 s0500/1030] loss = 0.022987
[e038 s0550/1030] loss = 0.022539
[e038 s0600/1030] loss = 0.022331
[e038 s0650/1030] loss = 0.021887
[e038 s0700/1030] loss = 0.021671
[e038 s0750/1030] loss = 0.021459
[e038 s0800/1030] loss = 0.021009
[e038 s0850/1030] loss = 0.020930
[e038 s0900/1030] loss = 0.020869
[e038 s0950/1030] loss = 0.020710
[e038 s1000/1030] loss = 0.020676
Epoch 038: train_loss = 0.020550  MAE/GAME0 = 23.245  RMSE = 42.248  GAME1 = 23.245  GAME2 = 23.245  GAME3 = 23.245  lr = 1.00e-05  time = 7.7s
[e039 s0001/1030] loss = 0.002092
[e039 s0050/1030] loss = 0.016994
[e039 s0100/1030] loss = 0.018940
[e039 s0150/1030] loss = 0.019918
[e039 s0200/1030] loss = 0.021712
[e039 s0250/1030] loss = 0.020616
[e039 s0300/1030] loss = 0.021248
[e039 s0350/1030] loss = 0.020893
[e039 s0400/1030] loss = 0.022657
[e039 s0450/1030] loss = 0.021772
[e039 s0500/1030] loss = 0.021533
[e039 s0550/1030] loss = 0.021108
[e039 s0600/1030] loss = 0.020460
[e039 s0650/1030] loss = 0.020380
[e039 s0700/1030] loss = 0.020218
[e039 s0750/1030] loss = 0.020017
[e039 s0800/1030] loss = 0.020824
[e039 s0850/1030] loss = 0.020677
[e039 s0900/1030] loss = 0.020649
[e039 s0950/1030] loss = 0.020940
[e039 s1000/1030] loss = 0.020637
Epoch 039: train_loss = 0.020585  MAE/GAME0 = 23.245  RMSE = 42.248  GAME1 = 23.245  GAME2 = 23.245  GAME3 = 23.245  lr = 1.00e-05  time = 7.7s
[e040 s0001/1030] loss = 0.001029
[e040 s0050/1030] loss = 0.018782
[e040 s0100/1030] loss = 0.022390
[e040 s0150/1030] loss = 0.021012
[e040 s0200/1030] loss = 0.023567
[e040 s0250/1030] loss = 0.023879
[e040 s0300/1030] loss = 0.023428
[e040 s0350/1030] loss = 0.022723
[e040 s0400/1030] loss = 0.022812
[e040 s0450/1030] loss = 0.022726
[e040 s0500/1030] loss = 0.021958
[e040 s0550/1030] loss = 0.021360
[e040 s0600/1030] loss = 0.021099
[e040 s0650/1030] loss = 0.020667
[e040 s0700/1030] loss = 0.020606
[e040 s0750/1030] loss = 0.020855
[e040 s0800/1030] loss = 0.020640
[e040 s0850/1030] loss = 0.020482
[e040 s0900/1030] loss = 0.020335
[e040 s0950/1030] loss = 0.020257
[e040 s1000/1030] loss = 0.020130
Epoch 040: train_loss = 0.020625  MAE/GAME0 = 23.245  RMSE = 42.248  GAME1 = 23.245  GAME2 = 23.245  GAME3 = 23.245  lr = 1.00e-05  time = 7.5s
[e041 s0001/1030] loss = 0.016362
[e041 s0050/1030] loss = 0.019932
[e041 s0100/1030] loss = 0.020313
[e041 s0150/1030] loss = 0.024515
[e041 s0200/1030] loss = 0.024639
[e041 s0250/1030] loss = 0.023643
[e041 s0300/1030] loss = 0.024626
[e041 s0350/1030] loss = 0.024020
[e041 s0400/1030] loss = 0.023386
[e041 s0450/1030] loss = 0.023026
[e041 s0500/1030] loss = 0.022614
[e041 s0550/1030] loss = 0.023833
[e041 s0600/1030] loss = 0.023182
[e041 s0650/1030] loss = 0.022821
[e041 s0700/1030] loss = 0.022762
[e041 s0750/1030] loss = 0.022634
[e041 s0800/1030] loss = 0.022425
[e041 s0850/1030] loss = 0.022058
[e041 s0900/1030] loss = 0.021915
[e041 s0950/1030] loss = 0.021794
[e041 s1000/1030] loss = 0.021401
Epoch 041: train_loss = 0.021333  MAE/GAME0 = 23.245  RMSE = 42.248  GAME1 = 23.245  GAME2 = 23.245  GAME3 = 23.245  lr = 1.00e-05  time = 7.8s
[e042 s0001/1030] loss = 0.005232
[e042 s0050/1030] loss = 0.022850
[e042 s0100/1030] loss = 0.021386
[e042 s0150/1030] loss = 0.019355
[e042 s0200/1030] loss = 0.018809
[e042 s0250/1030] loss = 0.018153
[e042 s0300/1030] loss = 0.020714
[e042 s0350/1030] loss = 0.021832
[e042 s0400/1030] loss = 0.021463
[e042 s0450/1030] loss = 0.021304
[e042 s0500/1030] loss = 0.021043
[e042 s0550/1030] loss = 0.020903
[e042 s0600/1030] loss = 0.020932
[e042 s0650/1030] loss = 0.020894
[e042 s0700/1030] loss = 0.020588
[e042 s0750/1030] loss = 0.020399
[e042 s0800/1030] loss = 0.020493
[e042 s0850/1030] loss = 0.020217
[e042 s0900/1030] loss = 0.019906
[e042 s0950/1030] loss = 0.019887
[e042 s1000/1030] loss = 0.019761
Epoch 042: train_loss = 0.019851  MAE/GAME0 = 23.245  RMSE = 42.248  GAME1 = 23.245  GAME2 = 23.245  GAME3 = 23.245  lr = 1.00e-05  time = 7.6s
[e043 s0001/1030] loss = 0.007344
[e043 s0050/1030] loss = 0.027132
[e043 s0100/1030] loss = 0.021528
[e043 s0150/1030] loss = 0.020654
[e043 s0200/1030] loss = 0.019763
[e043 s0250/1030] loss = 0.019207
[e043 s0300/1030] loss = 0.019122
[e043 s0350/1030] loss = 0.019936
[e043 s0400/1030] loss = 0.019600
[e043 s0450/1030] loss = 0.019928
[e043 s0500/1030] loss = 0.019549
[e043 s0550/1030] loss = 0.020242
[e043 s0600/1030] loss = 0.020244
[e043 s0650/1030] loss = 0.020185
[e043 s0700/1030] loss = 0.020007
[e043 s0750/1030] loss = 0.019792
[e043 s0800/1030] loss = 0.019526
[e043 s0850/1030] loss = 0.019608
[e043 s0900/1030] loss = 0.019084
[e043 s0950/1030] loss = 0.018832
[e043 s1000/1030] loss = 0.018798
Epoch 043: train_loss = 0.018638  MAE/GAME0 = 16.490  RMSE = 37.832  GAME1 = 21.166  GAME2 = 23.908  GAME3 = 25.019  lr = 1.00e-05  time = 7.7s
[e044 s0001/1030] loss = 0.015867
[e044 s0050/1030] loss = 0.020867
[e044 s0100/1030] loss = 0.022422
[e044 s0150/1030] loss = 0.019817
[e044 s0200/1030] loss = 0.018320
[e044 s0250/1030] loss = 0.017140
[e044 s0300/1030] loss = 0.018587
[e044 s0350/1030] loss = 0.017904
[e044 s0400/1030] loss = 0.017612
[e044 s0450/1030] loss = 0.017273
[e044 s0500/1030] loss = 0.016973
[e044 s0550/1030] loss = 0.017063
[e044 s0600/1030] loss = 0.016907
[e044 s0650/1030] loss = 0.016337
[e044 s0700/1030] loss = 0.016416
[e044 s0750/1030] loss = 0.015937
[e044 s0800/1030] loss = 0.016576
[e044 s0850/1030] loss = 0.016278
[e044 s0900/1030] loss = 0.016152
[e044 s0950/1030] loss = 0.016350
[e044 s1000/1030] loss = 0.016311
Epoch 044: train_loss = 0.016423  MAE/GAME0 = 15.532  RMSE = 36.689  GAME1 = 21.412  GAME2 = 24.850  GAME3 = 26.271  lr = 1.00e-05  time = 7.7s
[e045 s0001/1030] loss = 0.011448
[e045 s0050/1030] loss = 0.016879
[e045 s0100/1030] loss = 0.018949
[e045 s0150/1030] loss = 0.018097
[e045 s0200/1030] loss = 0.017324
[e045 s0250/1030] loss = 0.018511
[e045 s0300/1030] loss = 0.017601
[e045 s0350/1030] loss = 0.017224
[e045 s0400/1030] loss = 0.017018
[e045 s0450/1030] loss = 0.016839
[e045 s0500/1030] loss = 0.016328
[e045 s0550/1030] loss = 0.016033
[e045 s0600/1030] loss = 0.016128
[e045 s0650/1030] loss = 0.016338
[e045 s0700/1030] loss = 0.016062
[e045 s0750/1030] loss = 0.015647
[e045 s0800/1030] loss = 0.015592
[e045 s0850/1030] loss = 0.015646
[e045 s0900/1030] loss = 0.015393
[e045 s0950/1030] loss = 0.015545
[e045 s1000/1030] loss = 0.015621
Epoch 045: train_loss = 0.015650  MAE/GAME0 = 16.106  RMSE = 37.421  GAME1 = 21.200  GAME2 = 24.183  GAME3 = 25.410  lr = 1.00e-05  time = 7.7s
[e046 s0001/1030] loss = 0.045198
[e046 s0050/1030] loss = 0.016103
[e046 s0100/1030] loss = 0.016773
[e046 s0150/1030] loss = 0.016788
[e046 s0200/1030] loss = 0.015985
[e046 s0250/1030] loss = 0.017303
[e046 s0300/1030] loss = 0.016285
[e046 s0350/1030] loss = 0.016568
[e046 s0400/1030] loss = 0.016262
[e046 s0450/1030] loss = 0.016285
[e046 s0500/1030] loss = 0.015939
[e046 s0550/1030] loss = 0.015740
[e046 s0600/1030] loss = 0.016297
[e046 s0650/1030] loss = 0.016416
[e046 s0700/1030] loss = 0.016606
[e046 s0750/1030] loss = 0.017091
[e046 s0800/1030] loss = 0.017414
[e046 s0850/1030] loss = 0.017763
[e046 s0900/1030] loss = 0.017786
[e046 s0950/1030] loss = 0.017642
[e046 s1000/1030] loss = 0.017494
Epoch 046: train_loss = 0.017440  MAE/GAME0 = 16.104  RMSE = 37.419  GAME1 = 21.200  GAME2 = 24.185  GAME3 = 25.412  lr = 1.00e-05  time = 7.7s
[e047 s0001/1030] loss = 0.073856
[e047 s0050/1030] loss = 0.018124
[e047 s0100/1030] loss = 0.016253
[e047 s0150/1030] loss = 0.014857
[e047 s0200/1030] loss = 0.016222
[e047 s0250/1030] loss = 0.016221
[e047 s0300/1030] loss = 0.015297
[e047 s0350/1030] loss = 0.015793
[e047 s0400/1030] loss = 0.015951
[e047 s0450/1030] loss = 0.015207
[e047 s0500/1030] loss = 0.015151
[e047 s0550/1030] loss = 0.015588
[e047 s0600/1030] loss = 0.015550
[e047 s0650/1030] loss = 0.015408
[e047 s0700/1030] loss = 0.015435
[e047 s0750/1030] loss = 0.015782
[e047 s0800/1030] loss = 0.015875
[e047 s0850/1030] loss = 0.016166
[e047 s0900/1030] loss = 0.015959
[e047 s0950/1030] loss = 0.015835
[e047 s1000/1030] loss = 0.015754
Epoch 047: train_loss = 0.015683  MAE/GAME0 = 15.922  RMSE = 37.203  GAME1 = 21.239  GAME2 = 24.353  GAME3 = 25.641  lr = 1.00e-05  time = 7.9s
[e048 s0001/1030] loss = 0.011316
[e048 s0050/1030] loss = 0.012355
[e048 s0100/1030] loss = 0.012609
[e048 s0150/1030] loss = 0.013187
[e048 s0200/1030] loss = 0.012884
[e048 s0250/1030] loss = 0.013012
[e048 s0300/1030] loss = 0.013626
[e048 s0350/1030] loss = 0.014123
[e048 s0400/1030] loss = 0.014875
[e048 s0450/1030] loss = 0.014635
[e048 s0500/1030] loss = 0.016464
[e048 s0550/1030] loss = 0.016209
[e048 s0600/1030] loss = 0.016441
[e048 s0650/1030] loss = 0.016490
[e048 s0700/1030] loss = 0.016370
[e048 s0750/1030] loss = 0.016342
[e048 s0800/1030] loss = 0.016073
[e048 s0850/1030] loss = 0.015883
[e048 s0900/1030] loss = 0.015671
[e048 s0950/1030] loss = 0.015442
[e048 s1000/1030] loss = 0.016006
Epoch 048: train_loss = 0.016021  MAE/GAME0 = 15.850  RMSE = 37.115  GAME1 = 21.260  GAME2 = 24.427  GAME3 = 25.739  lr = 1.00e-05  time = 7.7s
[e049 s0001/1030] loss = 0.015961
[e049 s0050/1030] loss = 0.012397
[e049 s0100/1030] loss = 0.015011
[e049 s0150/1030] loss = 0.013645
[e049 s0200/1030] loss = 0.014446
[e049 s0250/1030] loss = 0.013949
[e049 s0300/1030] loss = 0.014372
[e049 s0350/1030] loss = 0.013705
[e049 s0400/1030] loss = 0.015283
[e049 s0450/1030] loss = 0.015285
[e049 s0500/1030] loss = 0.015305
[e049 s0550/1030] loss = 0.015004
[e049 s0600/1030] loss = 0.015012
[e049 s0650/1030] loss = 0.015887
[e049 s0700/1030] loss = 0.015731
[e049 s0750/1030] loss = 0.015555
[e049 s0800/1030] loss = 0.015222
[e049 s0850/1030] loss = 0.015681
[e049 s0900/1030] loss = 0.015408
[e049 s0950/1030] loss = 0.015444
[e049 s1000/1030] loss = 0.015466
Epoch 049: train_loss = 0.015327  MAE/GAME0 = 16.511  RMSE = 37.853  GAME1 = 21.166  GAME2 = 23.895  GAME3 = 25.001  lr = 1.00e-05  time = 7.7s
[e050 s0001/1030] loss = 0.002115
[e050 s0050/1030] loss = 0.018767
[e050 s0100/1030] loss = 0.017799
[e050 s0150/1030] loss = 0.016759
[e050 s0200/1030] loss = 0.017724
[e050 s0250/1030] loss = 0.018853
[e050 s0300/1030] loss = 0.018174
[e050 s0350/1030] loss = 0.018040
[e050 s0400/1030] loss = 0.017274
[e050 s0450/1030] loss = 0.016631
[e050 s0500/1030] loss = 0.016601
[e050 s0550/1030] loss = 0.016712
[e050 s0600/1030] loss = 0.016508
[e050 s0650/1030] loss = 0.016279
[e050 s0700/1030] loss = 0.016571
[e050 s0750/1030] loss = 0.016598
[e050 s0800/1030] loss = 0.016730
[e050 s0850/1030] loss = 0.016651
[e050 s0900/1030] loss = 0.016562
[e050 s0950/1030] loss = 0.016927
[e050 s1000/1030] loss = 0.016813
Epoch 050: train_loss = 0.016670  MAE/GAME0 = 15.355  RMSE = 36.186  GAME1 = 21.710  GAME2 = 25.522  GAME3 = 27.066  lr = 1.00e-05  time = 7.7s
[e051 s0001/1030] loss = 0.007141
[e051 s0050/1030] loss = 0.015362
[e051 s0100/1030] loss = 0.013494
[e051 s0150/1030] loss = 0.013285
[e051 s0200/1030] loss = 0.013018
[e051 s0250/1030] loss = 0.015499
[e051 s0300/1030] loss = 0.015158
[e051 s0350/1030] loss = 0.015645
[e051 s0400/1030] loss = 0.015648
[e051 s0450/1030] loss = 0.015415
[e051 s0500/1030] loss = 0.015411
[e051 s0550/1030] loss = 0.016482
[e051 s0600/1030] loss = 0.015935
[e051 s0650/1030] loss = 0.015761
[e051 s0700/1030] loss = 0.015827
[e051 s0750/1030] loss = 0.015827
[e051 s0800/1030] loss = 0.015831
[e051 s0850/1030] loss = 0.015618
[e051 s0900/1030] loss = 0.015797
[e051 s0950/1030] loss = 0.015530
[e051 s1000/1030] loss = 0.015330
Epoch 051: train_loss = 0.015438  MAE/GAME0 = 15.712  RMSE = 36.941  GAME1 = 21.314  GAME2 = 24.587  GAME3 = 25.945  lr = 1.00e-05  time = 7.7s
[e052 s0001/1030] loss = 0.012532
[e052 s0050/1030] loss = 0.016718
[e052 s0100/1030] loss = 0.014761
[e052 s0150/1030] loss = 0.018162
[e052 s0200/1030] loss = 0.016519
[e052 s0250/1030] loss = 0.017093
[e052 s0300/1030] loss = 0.016888
[e052 s0350/1030] loss = 0.016542
[e052 s0400/1030] loss = 0.016155
[e052 s0450/1030] loss = 0.015930
[e052 s0500/1030] loss = 0.016012
[e052 s0550/1030] loss = 0.015803
[e052 s0600/1030] loss = 0.017120
[e052 s0650/1030] loss = 0.017100
[e052 s0700/1030] loss = 0.017230
[e052 s0750/1030] loss = 0.016932
[e052 s0800/1030] loss = 0.017134
[e052 s0850/1030] loss = 0.017121
[e052 s0900/1030] loss = 0.017267
[e052 s0950/1030] loss = 0.017055
[e052 s1000/1030] loss = 0.016992
Epoch 052: train_loss = 0.016824  MAE/GAME0 = 16.366  RMSE = 37.712  GAME1 = 21.170  GAME2 = 23.983  GAME3 = 25.128  lr = 1.00e-05  time = 7.6s
[e053 s0001/1030] loss = 0.007076
[e053 s0050/1030] loss = 0.020463
[e053 s0100/1030] loss = 0.016167
[e053 s0150/1030] loss = 0.014994
[e053 s0200/1030] loss = 0.014294
[e053 s0250/1030] loss = 0.013921
[e053 s0300/1030] loss = 0.014201
[e053 s0350/1030] loss = 0.015207
[e053 s0400/1030] loss = 0.015635
[e053 s0450/1030] loss = 0.015154
[e053 s0500/1030] loss = 0.015703
[e053 s0550/1030] loss = 0.015758
[e053 s0600/1030] loss = 0.015350
[e053 s0650/1030] loss = 0.015038
[e053 s0700/1030] loss = 0.014841
[e053 s0750/1030] loss = 0.014942
[e053 s0800/1030] loss = 0.015434
[e053 s0850/1030] loss = 0.015514
[e053 s0900/1030] loss = 0.016043
[e053 s0950/1030] loss = 0.016261
[e053 s1000/1030] loss = 0.016277
Epoch 053: train_loss = 0.016091  MAE/GAME0 = 16.133  RMSE = 37.451  GAME1 = 21.196  GAME2 = 24.161  GAME3 = 25.380  lr = 1.00e-05  time = 7.7s
[e054 s0001/1030] loss = 0.002175
[e054 s0050/1030] loss = 0.014739
[e054 s0100/1030] loss = 0.014331
[e054 s0150/1030] loss = 0.016288
[e054 s0200/1030] loss = 0.016322
[e054 s0250/1030] loss = 0.017067
[e054 s0300/1030] loss = 0.016266
[e054 s0350/1030] loss = 0.016293
[e054 s0400/1030] loss = 0.017325
[e054 s0450/1030] loss = 0.016887
[e054 s0500/1030] loss = 0.016624
[e054 s0550/1030] loss = 0.016135
[e054 s0600/1030] loss = 0.015899
[e054 s0650/1030] loss = 0.015856
[e054 s0700/1030] loss = 0.015617
[e054 s0750/1030] loss = 0.015475
[e054 s0800/1030] loss = 0.015264
[e054 s0850/1030] loss = 0.015629
[e054 s0900/1030] loss = 0.015500
[e054 s0950/1030] loss = 0.015328
[e054 s1000/1030] loss = 0.015438
Epoch 054: train_loss = 0.015241  MAE/GAME0 = 15.834  RMSE = 37.097  GAME1 = 21.265  GAME2 = 24.443  GAME3 = 25.760  lr = 1.00e-05  time = 7.7s
[e055 s0001/1030] loss = 0.006035
[e055 s0050/1030] loss = 0.016987
[e055 s0100/1030] loss = 0.017829
[e055 s0150/1030] loss = 0.017089
[e055 s0200/1030] loss = 0.016478
[e055 s0250/1030] loss = 0.016269
[e055 s0300/1030] loss = 0.017494
[e055 s0350/1030] loss = 0.017120
[e055 s0400/1030] loss = 0.016395
[e055 s0450/1030] loss = 0.017027
[e055 s0500/1030] loss = 0.017118
[e055 s0550/1030] loss = 0.017718
[e055 s0600/1030] loss = 0.017112
[e055 s0650/1030] loss = 0.016714
[e055 s0700/1030] loss = 0.016999
[e055 s0750/1030] loss = 0.016636
[e055 s0800/1030] loss = 0.016602
[e055 s0850/1030] loss = 0.016549
[e055 s0900/1030] loss = 0.016433
[e055 s0950/1030] loss = 0.016479
[e055 s1000/1030] loss = 0.016236
Epoch 055: train_loss = 0.016080  MAE/GAME0 = 16.595  RMSE = 37.935  GAME1 = 21.167  GAME2 = 23.846  GAME3 = 24.929  lr = 1.00e-05  time = 7.8s
[e056 s0001/1030] loss = 0.004599
[e056 s0050/1030] loss = 0.031494
[e056 s0100/1030] loss = 0.024436
[e056 s0150/1030] loss = 0.023522
[e056 s0200/1030] loss = 0.020665
[e056 s0250/1030] loss = 0.021225
[e056 s0300/1030] loss = 0.019316
[e056 s0350/1030] loss = 0.017886
[e056 s0400/1030] loss = 0.017190
[e056 s0450/1030] loss = 0.016707
[e056 s0500/1030] loss = 0.016547
[e056 s0550/1030] loss = 0.016278
[e056 s0600/1030] loss = 0.016141
[e056 s0650/1030] loss = 0.015958
[e056 s0700/1030] loss = 0.016146
[e056 s0750/1030] loss = 0.016725
[e056 s0800/1030] loss = 0.016741
[e056 s0850/1030] loss = 0.016944
[e056 s0900/1030] loss = 0.016888
[e056 s0950/1030] loss = 0.016664
[e056 s1000/1030] loss = 0.016480
Epoch 056: train_loss = 0.016381  MAE/GAME0 = 15.774  RMSE = 37.025  GAME1 = 21.287  GAME2 = 24.508  GAME3 = 25.844  lr = 1.00e-05  time = 7.6s
[e057 s0001/1030] loss = 0.004584
[e057 s0050/1030] loss = 0.014417
[e057 s0100/1030] loss = 0.013171
[e057 s0150/1030] loss = 0.013177
[e057 s0200/1030] loss = 0.013269
[e057 s0250/1030] loss = 0.013726
[e057 s0300/1030] loss = 0.013842
[e057 s0350/1030] loss = 0.014341
[e057 s0400/1030] loss = 0.014924
[e057 s0450/1030] loss = 0.014822
[e057 s0500/1030] loss = 0.014476
[e057 s0550/1030] loss = 0.014829
[e057 s0600/1030] loss = 0.014798
[e057 s0650/1030] loss = 0.015557
[e057 s0700/1030] loss = 0.015414
[e057 s0750/1030] loss = 0.015500
[e057 s0800/1030] loss = 0.015553
[e057 s0850/1030] loss = 0.015396
[e057 s0900/1030] loss = 0.015567
[e057 s0950/1030] loss = 0.015544
[e057 s1000/1030] loss = 0.015788
Epoch 057: train_loss = 0.016210  MAE/GAME0 = 15.942  RMSE = 37.227  GAME1 = 21.234  GAME2 = 24.333  GAME3 = 25.614  lr = 1.00e-05  time = 7.8s
[e058 s0001/1030] loss = 0.010559
[e058 s0050/1030] loss = 0.021143
[e058 s0100/1030] loss = 0.016850
[e058 s0150/1030] loss = 0.015068
[e058 s0200/1030] loss = 0.016023
[e058 s0250/1030] loss = 0.015529
[e058 s0300/1030] loss = 0.016905
[e058 s0350/1030] loss = 0.017258
[e058 s0400/1030] loss = 0.016999
[e058 s0450/1030] loss = 0.016810
[e058 s0500/1030] loss = 0.016118
[e058 s0550/1030] loss = 0.016122
[e058 s0600/1030] loss = 0.015991
[e058 s0650/1030] loss = 0.015617
[e058 s0700/1030] loss = 0.015477
[e058 s0750/1030] loss = 0.015299
[e058 s0800/1030] loss = 0.015111
[e058 s0850/1030] loss = 0.015117
[e058 s0900/1030] loss = 0.015992
[e058 s0950/1030] loss = 0.015915
[e058 s1000/1030] loss = 0.015994
Epoch 058: train_loss = 0.015988  MAE/GAME0 = 15.840  RMSE = 37.104  GAME1 = 21.263  GAME2 = 24.437  GAME3 = 25.751  lr = 1.00e-05  time = 7.6s
[e059 s0001/1030] loss = 0.001403
[e059 s0050/1030] loss = 0.011134
[e059 s0100/1030] loss = 0.013971
[e059 s0150/1030] loss = 0.014689
[e059 s0200/1030] loss = 0.015719
[e059 s0250/1030] loss = 0.016246
[e059 s0300/1030] loss = 0.016933
[e059 s0350/1030] loss = 0.016348
[e059 s0400/1030] loss = 0.016586
[e059 s0450/1030] loss = 0.016379
[e059 s0500/1030] loss = 0.016240
[e059 s0550/1030] loss = 0.015972
[e059 s0600/1030] loss = 0.015411
[e059 s0650/1030] loss = 0.015927
[e059 s0700/1030] loss = 0.015845
[e059 s0750/1030] loss = 0.015570
[e059 s0800/1030] loss = 0.015858
[e059 s0850/1030] loss = 0.016023
[e059 s0900/1030] loss = 0.016325
[e059 s0950/1030] loss = 0.016297
[e059 s1000/1030] loss = 0.016546
Epoch 059: train_loss = 0.016596  MAE/GAME0 = 15.830  RMSE = 37.092  GAME1 = 21.266  GAME2 = 24.447  GAME3 = 25.765  lr = 1.00e-05  time = 7.6s
[e060 s0001/1030] loss = 0.004624
[e060 s0050/1030] loss = 0.024307
[e060 s0100/1030] loss = 0.017413
[e060 s0150/1030] loss = 0.016691
[e060 s0200/1030] loss = 0.018684
[e060 s0250/1030] loss = 0.017980
[e060 s0300/1030] loss = 0.018453
[e060 s0350/1030] loss = 0.017867
[e060 s0400/1030] loss = 0.019275
[e060 s0450/1030] loss = 0.018622
[e060 s0500/1030] loss = 0.018066
[e060 s0550/1030] loss = 0.017778
[e060 s0600/1030] loss = 0.017676
[e060 s0650/1030] loss = 0.017453
[e060 s0700/1030] loss = 0.016950
[e060 s0750/1030] loss = 0.016700
[e060 s0800/1030] loss = 0.016421
[e060 s0850/1030] loss = 0.016270
[e060 s0900/1030] loss = 0.016070
[e060 s0950/1030] loss = 0.016055
[e060 s1000/1030] loss = 0.016022
Epoch 060: train_loss = 0.015910  MAE/GAME0 = 15.534  RMSE = 36.693  GAME1 = 21.410  GAME2 = 24.846  GAME3 = 26.265  lr = 1.00e-05  time = 7.6s
[e061 s0001/1030] loss = 0.006922
[e061 s0050/1030] loss = 0.017237
[e061 s0100/1030] loss = 0.017859
[e061 s0150/1030] loss = 0.016532
[e061 s0200/1030] loss = 0.015957
[e061 s0250/1030] loss = 0.015684
[e061 s0300/1030] loss = 0.015486
[e061 s0350/1030] loss = 0.015074
[e061 s0400/1030] loss = 0.015130
[e061 s0450/1030] loss = 0.015058
[e061 s0500/1030] loss = 0.014866
[e061 s0550/1030] loss = 0.014763
[e061 s0600/1030] loss = 0.016076
[e061 s0650/1030] loss = 0.016134
[e061 s0700/1030] loss = 0.015811
[e061 s0750/1030] loss = 0.016422
[e061 s0800/1030] loss = 0.016232
[e061 s0850/1030] loss = 0.016295
[e061 s0900/1030] loss = 0.016170
[e061 s0950/1030] loss = 0.016116
[e061 s1000/1030] loss = 0.016346
Epoch 061: train_loss = 0.016349  MAE/GAME0 = 15.410  RMSE = 36.448  GAME1 = 21.531  GAME2 = 25.144  GAME3 = 26.623  lr = 1.00e-05  time = 7.6s
[e062 s0001/1030] loss = 0.001901
[e062 s0050/1030] loss = 0.017057
[e062 s0100/1030] loss = 0.020839
[e062 s0150/1030] loss = 0.018033
[e062 s0200/1030] loss = 0.017157
[e062 s0250/1030] loss = 0.016063
[e062 s0300/1030] loss = 0.014947
[e062 s0350/1030] loss = 0.014257
[e062 s0400/1030] loss = 0.014293
[e062 s0450/1030] loss = 0.014232
[e062 s0500/1030] loss = 0.014000
[e062 s0550/1030] loss = 0.014283
[e062 s0600/1030] loss = 0.013971
[e062 s0650/1030] loss = 0.013995
[e062 s0700/1030] loss = 0.015131
[e062 s0750/1030] loss = 0.015441
[e062 s0800/1030] loss = 0.015527
[e062 s0850/1030] loss = 0.015999
[e062 s0900/1030] loss = 0.016307
[e062 s0950/1030] loss = 0.016185
[e062 s1000/1030] loss = 0.016244
Epoch 062: train_loss = 0.016306  MAE/GAME0 = 15.869  RMSE = 37.138  GAME1 = 21.255  GAME2 = 24.407  GAME3 = 25.713  lr = 1.00e-05  time = 7.9s
[e063 s0001/1030] loss = 0.011860
[e063 s0050/1030] loss = 0.026096
[e063 s0100/1030] loss = 0.018406
[e063 s0150/1030] loss = 0.019800
[e063 s0200/1030] loss = 0.018426
[e063 s0250/1030] loss = 0.017455
[e063 s0300/1030] loss = 0.016638
[e063 s0350/1030] loss = 0.015939
[e063 s0400/1030] loss = 0.015695
[e063 s0450/1030] loss = 0.016253
[e063 s0500/1030] loss = 0.018218
[e063 s0550/1030] loss = 0.017396
[e063 s0600/1030] loss = 0.017037
[e063 s0650/1030] loss = 0.017083
[e063 s0700/1030] loss = 0.017316
[e063 s0750/1030] loss = 0.017528
[e063 s0800/1030] loss = 0.017583
[e063 s0850/1030] loss = 0.017274
[e063 s0900/1030] loss = 0.016953
[e063 s0950/1030] loss = 0.016728
[e063 s1000/1030] loss = 0.016506
Epoch 063: train_loss = 0.016553  MAE/GAME0 = 15.517  RMSE = 36.662  GAME1 = 21.424  GAME2 = 24.882  GAME3 = 26.309  lr = 1.00e-05  time = 7.8s
[e064 s0001/1030] loss = 0.026570
[e064 s0050/1030] loss = 0.012408
[e064 s0100/1030] loss = 0.012908
[e064 s0150/1030] loss = 0.013553
[e064 s0200/1030] loss = 0.013645
[e064 s0250/1030] loss = 0.014203
[e064 s0300/1030] loss = 0.014254
[e064 s0350/1030] loss = 0.014440
[e064 s0400/1030] loss = 0.014104
[e064 s0450/1030] loss = 0.014583
[e064 s0500/1030] loss = 0.014263
[e064 s0550/1030] loss = 0.014133
[e064 s0600/1030] loss = 0.014378
[e064 s0650/1030] loss = 0.014599
[e064 s0700/1030] loss = 0.015781
[e064 s0750/1030] loss = 0.015775
[e064 s0800/1030] loss = 0.015521
[e064 s0850/1030] loss = 0.015198
[e064 s0900/1030] loss = 0.015381
[e064 s0950/1030] loss = 0.015542
[e064 s1000/1030] loss = 0.015360
Epoch 064: train_loss = 0.015213  MAE/GAME0 = 15.881  RMSE = 37.152  GAME1 = 21.251  GAME2 = 24.395  GAME3 = 25.697  lr = 1.00e-05  time = 7.6s
[e065 s0001/1030] loss = 0.010804
[e065 s0050/1030] loss = 0.026321
[e065 s0100/1030] loss = 0.022211
[e065 s0150/1030] loss = 0.018634
[e065 s0200/1030] loss = 0.016932
[e065 s0250/1030] loss = 0.016263
[e065 s0300/1030] loss = 0.016052
[e065 s0350/1030] loss = 0.016406
[e065 s0400/1030] loss = 0.015936
[e065 s0450/1030] loss = 0.016055
[e065 s0500/1030] loss = 0.016241
[e065 s0550/1030] loss = 0.016613
[e065 s0600/1030] loss = 0.016934
[e065 s0650/1030] loss = 0.016799
[e065 s0700/1030] loss = 0.016631
[e065 s0750/1030] loss = 0.016866
[e065 s0800/1030] loss = 0.016755
[e065 s0850/1030] loss = 0.016575
[e065 s0900/1030] loss = 0.016384
[e065 s0950/1030] loss = 0.016479
[e065 s1000/1030] loss = 0.016371
Epoch 065: train_loss = 0.016329  MAE/GAME0 = 15.797  RMSE = 37.053  GAME1 = 21.278  GAME2 = 24.483  GAME3 = 25.811  lr = 1.00e-05  time = 7.7s
[e066 s0001/1030] loss = 0.000769
[e066 s0050/1030] loss = 0.013650
[e066 s0100/1030] loss = 0.013661
[e066 s0150/1030] loss = 0.013701
[e066 s0200/1030] loss = 0.013482
[e066 s0250/1030] loss = 0.013304
[e066 s0300/1030] loss = 0.013113
[e066 s0350/1030] loss = 0.015873
[e066 s0400/1030] loss = 0.015723
[e066 s0450/1030] loss = 0.015185
[e066 s0500/1030] loss = 0.015964
[e066 s0550/1030] loss = 0.016042
[e066 s0600/1030] loss = 0.016548
[e066 s0650/1030] loss = 0.016368
[e066 s0700/1030] loss = 0.016414
[e066 s0750/1030] loss = 0.016756
[e066 s0800/1030] loss = 0.016463
[e066 s0850/1030] loss = 0.016208
[e066 s0900/1030] loss = 0.016172
[e066 s0950/1030] loss = 0.015855
[e066 s1000/1030] loss = 0.015849
Epoch 066: train_loss = 0.015704  MAE/GAME0 = 15.750  RMSE = 36.993  GAME1 = 21.297  GAME2 = 24.538  GAME3 = 25.882  lr = 1.00e-05  time = 7.7s
[e067 s0001/1030] loss = 0.011342
[e067 s0050/1030] loss = 0.012423
[e067 s0100/1030] loss = 0.014985
[e067 s0150/1030] loss = 0.014550
[e067 s0200/1030] loss = 0.015344
[e067 s0250/1030] loss = 0.014292
[e067 s0300/1030] loss = 0.015230
[e067 s0350/1030] loss = 0.015044
[e067 s0400/1030] loss = 0.015156
[e067 s0450/1030] loss = 0.014748
[e067 s0500/1030] loss = 0.015462
[e067 s0550/1030] loss = 0.015712
[e067 s0600/1030] loss = 0.015560
[e067 s0650/1030] loss = 0.015674
[e067 s0700/1030] loss = 0.015772
[e067 s0750/1030] loss = 0.016059
[e067 s0800/1030] loss = 0.016079
[e067 s0850/1030] loss = 0.016088
[e067 s0900/1030] loss = 0.016229
[e067 s0950/1030] loss = 0.016101
[e067 s1000/1030] loss = 0.015936
Epoch 067: train_loss = 0.015749  MAE/GAME0 = 15.518  RMSE = 36.663  GAME1 = 21.423  GAME2 = 24.880  GAME3 = 26.307  lr = 1.00e-05  time = 7.7s
[e068 s0001/1030] loss = 0.021528
[e068 s0050/1030] loss = 0.026382
[e068 s0100/1030] loss = 0.019642
[e068 s0150/1030] loss = 0.017913
[e068 s0200/1030] loss = 0.016824
[e068 s0250/1030] loss = 0.016229
[e068 s0300/1030] loss = 0.016163
[e068 s0350/1030] loss = 0.015343
[e068 s0400/1030] loss = 0.014688
[e068 s0450/1030] loss = 0.014550
[e068 s0500/1030] loss = 0.014570
[e068 s0550/1030] loss = 0.014611
[e068 s0600/1030] loss = 0.014486
[e068 s0650/1030] loss = 0.014407
[e068 s0700/1030] loss = 0.014982
[e068 s0750/1030] loss = 0.014968
[e068 s0800/1030] loss = 0.015611
[e068 s0850/1030] loss = 0.015706
[e068 s0900/1030] loss = 0.015768
[e068 s0950/1030] loss = 0.015893
[e068 s1000/1030] loss = 0.015597
Epoch 068: train_loss = 0.015502  MAE/GAME0 = 15.927  RMSE = 37.209  GAME1 = 21.238  GAME2 = 24.348  GAME3 = 25.634  lr = 1.00e-05  time = 7.8s
[e069 s0001/1030] loss = 0.005356
[e069 s0050/1030] loss = 0.017039
[e069 s0100/1030] loss = 0.015744
[e069 s0150/1030] loss = 0.016102
[e069 s0200/1030] loss = 0.018378
[e069 s0250/1030] loss = 0.016856
[e069 s0300/1030] loss = 0.016658
[e069 s0350/1030] loss = 0.018399
[e069 s0400/1030] loss = 0.017708
[e069 s0450/1030] loss = 0.017469
[e069 s0500/1030] loss = 0.017300
[e069 s0550/1030] loss = 0.017551
[e069 s0600/1030] loss = 0.017701
[e069 s0650/1030] loss = 0.017578
[e069 s0700/1030] loss = 0.017428
[e069 s0750/1030] loss = 0.017482
[e069 s0800/1030] loss = 0.017121
[e069 s0850/1030] loss = 0.016903
[e069 s0900/1030] loss = 0.017060
[e069 s0950/1030] loss = 0.016955
[e069 s1000/1030] loss = 0.016823
Epoch 069: train_loss = 0.016748  MAE/GAME0 = 15.541  RMSE = 36.708  GAME1 = 21.403  GAME2 = 24.829  GAME3 = 26.245  lr = 1.00e-05  time = 7.8s
[e070 s0001/1030] loss = 0.005507
[e070 s0050/1030] loss = 0.012228
[e070 s0100/1030] loss = 0.011659
[e070 s0150/1030] loss = 0.011254
[e070 s0200/1030] loss = 0.012295
[e070 s0250/1030] loss = 0.013010
[e070 s0300/1030] loss = 0.013286
[e070 s0350/1030] loss = 0.013694
[e070 s0400/1030] loss = 0.013897
[e070 s0450/1030] loss = 0.014976
[e070 s0500/1030] loss = 0.015654
[e070 s0550/1030] loss = 0.015727
[e070 s0600/1030] loss = 0.015280
[e070 s0650/1030] loss = 0.015383
[e070 s0700/1030] loss = 0.015291
[e070 s0750/1030] loss = 0.015324
[e070 s0800/1030] loss = 0.015030
[e070 s0850/1030] loss = 0.014876
[e070 s0900/1030] loss = 0.015036
[e070 s0950/1030] loss = 0.015179
[e070 s1000/1030] loss = 0.015197
Epoch 070: train_loss = 0.015231  MAE/GAME0 = 15.912  RMSE = 37.191  GAME1 = 21.242  GAME2 = 24.363  GAME3 = 25.654  lr = 1.00e-05  time = 7.6s
[e071 s0001/1030] loss = 0.011686
[e071 s0050/1030] loss = 0.012450
[e071 s0100/1030] loss = 0.014838
[e071 s0150/1030] loss = 0.015457
[e071 s0200/1030] loss = 0.015034
[e071 s0250/1030] loss = 0.014946
[e071 s0300/1030] loss = 0.016634
[e071 s0350/1030] loss = 0.016821
[e071 s0400/1030] loss = 0.016510
[e071 s0450/1030] loss = 0.016356
[e071 s0500/1030] loss = 0.015971
[e071 s0550/1030] loss = 0.015831
[e071 s0600/1030] loss = 0.015311
[e071 s0650/1030] loss = 0.015304
[e071 s0700/1030] loss = 0.016318
[e071 s0750/1030] loss = 0.016170
[e071 s0800/1030] loss = 0.016049
[e071 s0850/1030] loss = 0.016068
[e071 s0900/1030] loss = 0.015920
[e071 s0950/1030] loss = 0.015732
[e071 s1000/1030] loss = 0.015675
Epoch 071: train_loss = 0.015578  MAE/GAME0 = 16.140  RMSE = 37.459  GAME1 = 21.195  GAME2 = 24.155  GAME3 = 25.371  lr = 1.00e-05  time = 7.6s
[e072 s0001/1030] loss = 0.005034
[e072 s0050/1030] loss = 0.014675
[e072 s0100/1030] loss = 0.019535
[e072 s0150/1030] loss = 0.018836
[e072 s0200/1030] loss = 0.016866
[e072 s0250/1030] loss = 0.016195
[e072 s0300/1030] loss = 0.015559
[e072 s0350/1030] loss = 0.015330
[e072 s0400/1030] loss = 0.015675
[e072 s0450/1030] loss = 0.017482
[e072 s0500/1030] loss = 0.016725
[e072 s0550/1030] loss = 0.016687
[e072 s0600/1030] loss = 0.016448
[e072 s0650/1030] loss = 0.016112
[e072 s0700/1030] loss = 0.016425
[e072 s0750/1030] loss = 0.016233
[e072 s0800/1030] loss = 0.016108
[e072 s0850/1030] loss = 0.016145
[e072 s0900/1030] loss = 0.016106
[e072 s0950/1030] loss = 0.015819
[e072 s1000/1030] loss = 0.015663
Epoch 072: train_loss = 0.015559  MAE/GAME0 = 15.567  RMSE = 36.750  GAME1 = 21.386  GAME2 = 24.784  GAME3 = 26.189  lr = 1.00e-05  time = 7.7s
[e073 s0001/1030] loss = 0.025346
[e073 s0050/1030] loss = 0.012182
[e073 s0100/1030] loss = 0.012673
[e073 s0150/1030] loss = 0.012581
[e073 s0200/1030] loss = 0.013626
[e073 s0250/1030] loss = 0.013683
[e073 s0300/1030] loss = 0.014013
[e073 s0350/1030] loss = 0.013746
[e073 s0400/1030] loss = 0.014449
[e073 s0450/1030] loss = 0.014704
[e073 s0500/1030] loss = 0.014419
[e073 s0550/1030] loss = 0.015254
[e073 s0600/1030] loss = 0.015189
[e073 s0650/1030] loss = 0.015161
[e073 s0700/1030] loss = 0.015712
[e073 s0750/1030] loss = 0.015537
[e073 s0800/1030] loss = 0.015536
[e073 s0850/1030] loss = 0.015423
[e073 s0900/1030] loss = 0.015316
[e073 s0950/1030] loss = 0.015115
[e073 s1000/1030] loss = 0.014931
Epoch 073: train_loss = 0.014888  MAE/GAME0 = 15.754  RMSE = 36.998  GAME1 = 21.295  GAME2 = 24.533  GAME3 = 25.876  lr = 1.00e-05  time = 7.8s
[e074 s0001/1030] loss = 0.006405
[e074 s0050/1030] loss = 0.014434
[e074 s0100/1030] loss = 0.015204
[e074 s0150/1030] loss = 0.015770
[e074 s0200/1030] loss = 0.015319
[e074 s0250/1030] loss = 0.014908
[e074 s0300/1030] loss = 0.014478
[e074 s0350/1030] loss = 0.014853
[e074 s0400/1030] loss = 0.014314
[e074 s0450/1030] loss = 0.014233
[e074 s0500/1030] loss = 0.014839
[e074 s0550/1030] loss = 0.014894
[e074 s0600/1030] loss = 0.015159
[e074 s0650/1030] loss = 0.015046
[e074 s0700/1030] loss = 0.015058
[e074 s0750/1030] loss = 0.015718
[e074 s0800/1030] loss = 0.015696
[e074 s0850/1030] loss = 0.015313
[e074 s0900/1030] loss = 0.015001
[e074 s0950/1030] loss = 0.015060
[e074 s1000/1030] loss = 0.015115
Epoch 074: train_loss = 0.015153  MAE/GAME0 = 15.977  RMSE = 37.271  GAME1 = 21.225  GAME2 = 24.298  GAME3 = 25.567  lr = 1.00e-05  time = 7.8s
[e075 s0001/1030] loss = 0.044370
[e075 s0050/1030] loss = 0.013926
[e075 s0100/1030] loss = 0.011787
[e075 s0150/1030] loss = 0.013488
[e075 s0200/1030] loss = 0.015134
[e075 s0250/1030] loss = 0.014246
[e075 s0300/1030] loss = 0.014342
[e075 s0350/1030] loss = 0.014153
[e075 s0400/1030] loss = 0.014685
[e075 s0450/1030] loss = 0.014175
[e075 s0500/1030] loss = 0.014200
[e075 s0550/1030] loss = 0.014452
[e075 s0600/1030] loss = 0.015870
[e075 s0650/1030] loss = 0.015816
[e075 s0700/1030] loss = 0.016104
[e075 s0750/1030] loss = 0.015857
[e075 s0800/1030] loss = 0.015698
[e075 s0850/1030] loss = 0.015462
[e075 s0900/1030] loss = 0.015387
[e075 s0950/1030] loss = 0.015507
[e075 s1000/1030] loss = 0.015290
Epoch 075: train_loss = 0.015298  MAE/GAME0 = 15.566  RMSE = 36.749  GAME1 = 21.386  GAME2 = 24.785  GAME3 = 26.190  lr = 1.00e-05  time = 7.7s
[e076 s0001/1030] loss = 0.008881
[e076 s0050/1030] loss = 0.018553
[e076 s0100/1030] loss = 0.017377
[e076 s0150/1030] loss = 0.019981
[e076 s0200/1030] loss = 0.018531
[e076 s0250/1030] loss = 0.017413
[e076 s0300/1030] loss = 0.016565
[e076 s0350/1030] loss = 0.016232
[e076 s0400/1030] loss = 0.015938
[e076 s0450/1030] loss = 0.015580
[e076 s0500/1030] loss = 0.015948
[e076 s0550/1030] loss = 0.016223
[e076 s0600/1030] loss = 0.016150
[e076 s0650/1030] loss = 0.016062
[e076 s0700/1030] loss = 0.015878
[e076 s0750/1030] loss = 0.015838
[e076 s0800/1030] loss = 0.016802
[e076 s0850/1030] loss = 0.016875
[e076 s0900/1030] loss = 0.016783
[e076 s0950/1030] loss = 0.016465
[e076 s1000/1030] loss = 0.016289
Epoch 076: train_loss = 0.016551  MAE/GAME0 = 16.160  RMSE = 37.481  GAME1 = 21.192  GAME2 = 24.140  GAME3 = 25.349  lr = 1.00e-05  time = 7.9s
[e077 s0001/1030] loss = 0.001809
[e077 s0050/1030] loss = 0.018876
[e077 s0100/1030] loss = 0.016299
[e077 s0150/1030] loss = 0.014420
[e077 s0200/1030] loss = 0.014130
[e077 s0250/1030] loss = 0.013323
[e077 s0300/1030] loss = 0.013206
[e077 s0350/1030] loss = 0.013574
[e077 s0400/1030] loss = 0.013515
[e077 s0450/1030] loss = 0.015038
[e077 s0500/1030] loss = 0.015260
[e077 s0550/1030] loss = 0.015277
[e077 s0600/1030] loss = 0.015055
[e077 s0650/1030] loss = 0.015305
[e077 s0700/1030] loss = 0.015329
[e077 s0750/1030] loss = 0.015394
[e077 s0800/1030] loss = 0.015597
[e077 s0850/1030] loss = 0.015401
[e077 s0900/1030] loss = 0.015301
[e077 s0950/1030] loss = 0.015133
[e077 s1000/1030] loss = 0.015598
Epoch 077: train_loss = 0.015708  MAE/GAME0 = 15.748  RMSE = 36.989  GAME1 = 21.298  GAME2 = 24.541  GAME3 = 25.886  lr = 1.00e-05  time = 7.7s
[e078 s0001/1030] loss = 0.012363
[e078 s0050/1030] loss = 0.012896
[e078 s0100/1030] loss = 0.014440
[e078 s0150/1030] loss = 0.016828
[e078 s0200/1030] loss = 0.015116
[e078 s0250/1030] loss = 0.014496
[e078 s0300/1030] loss = 0.015087
[e078 s0350/1030] loss = 0.015803
[e078 s0400/1030] loss = 0.015421
[e078 s0450/1030] loss = 0.014989
[e078 s0500/1030] loss = 0.015004
[e078 s0550/1030] loss = 0.014766
[e078 s0600/1030] loss = 0.014618
[e078 s0650/1030] loss = 0.014607
[e078 s0700/1030] loss = 0.014671
[e078 s0750/1030] loss = 0.014815
[e078 s0800/1030] loss = 0.014816
[e078 s0850/1030] loss = 0.014726
[e078 s0900/1030] loss = 0.014640
[e078 s0950/1030] loss = 0.014851
[e078 s1000/1030] loss = 0.015121
Epoch 078: train_loss = 0.015225  MAE/GAME0 = 15.705  RMSE = 36.932  GAME1 = 21.317  GAME2 = 24.596  GAME3 = 25.956  lr = 1.00e-05  time = 7.7s
[e079 s0001/1030] loss = 0.007960
[e079 s0050/1030] loss = 0.015546
[e079 s0100/1030] loss = 0.016261
[e079 s0150/1030] loss = 0.015403
[e079 s0200/1030] loss = 0.014844
[e079 s0250/1030] loss = 0.015158
[e079 s0300/1030] loss = 0.015639
[e079 s0350/1030] loss = 0.016063
[e079 s0400/1030] loss = 0.016598
[e079 s0450/1030] loss = 0.016549
[e079 s0500/1030] loss = 0.016671
[e079 s0550/1030] loss = 0.016316
[e079 s0600/1030] loss = 0.016298
[e079 s0650/1030] loss = 0.015961
[e079 s0700/1030] loss = 0.015689
[e079 s0750/1030] loss = 0.015578
[e079 s0800/1030] loss = 0.016238
[e079 s0850/1030] loss = 0.017333
[e079 s0900/1030] loss = 0.017444
[e079 s0950/1030] loss = 0.017119
[e079 s1000/1030] loss = 0.016884
Epoch 079: train_loss = 0.016651  MAE/GAME0 = 16.322  RMSE = 37.668  GAME1 = 21.173  GAME2 = 24.011  GAME3 = 25.169  lr = 1.00e-05  time = 7.7s
[e080 s0001/1030] loss = 0.001707
[e080 s0050/1030] loss = 0.021417
[e080 s0100/1030] loss = 0.022388
[e080 s0150/1030] loss = 0.019473
[e080 s0200/1030] loss = 0.017965
[e080 s0250/1030] loss = 0.017228
[e080 s0300/1030] loss = 0.018648
[e080 s0350/1030] loss = 0.017428
[e080 s0400/1030] loss = 0.017590
[e080 s0450/1030] loss = 0.016906
[e080 s0500/1030] loss = 0.016725
[e080 s0550/1030] loss = 0.016815
[e080 s0600/1030] loss = 0.016917
[e080 s0650/1030] loss = 0.016656
[e080 s0700/1030] loss = 0.017069
[e080 s0750/1030] loss = 0.016863
[e080 s0800/1030] loss = 0.017080
[e080 s0850/1030] loss = 0.016841
[e080 s0900/1030] loss = 0.016675
[e080 s0950/1030] loss = 0.016509
[e080 s1000/1030] loss = 0.016485
Epoch 080: train_loss = 0.016618  MAE/GAME0 = 16.219  RMSE = 37.549  GAME1 = 21.185  GAME2 = 24.092  GAME3 = 25.283  lr = 1.00e-05  time = 7.7s
[e081 s0001/1030] loss = 0.002745
[e081 s0050/1030] loss = 0.018204
[e081 s0100/1030] loss = 0.015754
[e081 s0150/1030] loss = 0.018159
[e081 s0200/1030] loss = 0.017272
[e081 s0250/1030] loss = 0.016715
[e081 s0300/1030] loss = 0.015888
[e081 s0350/1030] loss = 0.016644
[e081 s0400/1030] loss = 0.016735
[e081 s0450/1030] loss = 0.016410
[e081 s0500/1030] loss = 0.017350
[e081 s0550/1030] loss = 0.016974
[e081 s0600/1030] loss = 0.016784
[e081 s0650/1030] loss = 0.016897
[e081 s0700/1030] loss = 0.016776
[e081 s0750/1030] loss = 0.016381
[e081 s0800/1030] loss = 0.016352
[e081 s0850/1030] loss = 0.016219
[e081 s0900/1030] loss = 0.016334
[e081 s0950/1030] loss = 0.016260
[e081 s1000/1030] loss = 0.016072
Epoch 081: train_loss = 0.015979  MAE/GAME0 = 15.401  RMSE = 36.411  GAME1 = 21.552  GAME2 = 25.193  GAME3 = 26.681  lr = 1.00e-05  time = 7.7s
[e082 s0001/1030] loss = 0.008588
[e082 s0050/1030] loss = 0.023126
[e082 s0100/1030] loss = 0.022796
[e082 s0150/1030] loss = 0.019786
[e082 s0200/1030] loss = 0.018014
[e082 s0250/1030] loss = 0.017902
[e082 s0300/1030] loss = 0.019069
[e082 s0350/1030] loss = 0.017819
[e082 s0400/1030] loss = 0.017850
[e082 s0450/1030] loss = 0.018170
[e082 s0500/1030] loss = 0.018221
[e082 s0550/1030] loss = 0.018422
[e082 s0600/1030] loss = 0.019206
[e082 s0650/1030] loss = 0.019129
[e082 s0700/1030] loss = 0.018891
[e082 s0750/1030] loss = 0.018697
[e082 s0800/1030] loss = 0.018584
[e082 s0850/1030] loss = 0.018203
[e082 s0900/1030] loss = 0.018008
[e082 s0950/1030] loss = 0.017689
[e082 s1000/1030] loss = 0.017360
Epoch 082: train_loss = 0.017380  MAE/GAME0 = 16.202  RMSE = 37.529  GAME1 = 21.187  GAME2 = 24.106  GAME3 = 25.302  lr = 1.00e-05  time = 7.6s
[e083 s0001/1030] loss = 0.010070
[e083 s0050/1030] loss = 0.017032
[e083 s0100/1030] loss = 0.017698
[e083 s0150/1030] loss = 0.016183
[e083 s0200/1030] loss = 0.015664
[e083 s0250/1030] loss = 0.014838
[e083 s0300/1030] loss = 0.014758
[e083 s0350/1030] loss = 0.014565
[e083 s0400/1030] loss = 0.014733
[e083 s0450/1030] loss = 0.014788
[e083 s0500/1030] loss = 0.015397
[e083 s0550/1030] loss = 0.014957
[e083 s0600/1030] loss = 0.015391
[e083 s0650/1030] loss = 0.015115
[e083 s0700/1030] loss = 0.015817
[e083 s0750/1030] loss = 0.015768
[e083 s0800/1030] loss = 0.015645
[e083 s0850/1030] loss = 0.015445
[e083 s0900/1030] loss = 0.015412
[e083 s0950/1030] loss = 0.015631
[e083 s1000/1030] loss = 0.015622
Epoch 083: train_loss = 0.015988  MAE/GAME0 = 16.181  RMSE = 37.506  GAME1 = 21.190  GAME2 = 24.122  GAME3 = 25.325  lr = 1.00e-05  time = 8.0s
[e084 s0001/1030] loss = 0.011401
[e084 s0050/1030] loss = 0.020373
[e084 s0100/1030] loss = 0.019529
[e084 s0150/1030] loss = 0.017737
[e084 s0200/1030] loss = 0.016268
[e084 s0250/1030] loss = 0.016887
[e084 s0300/1030] loss = 0.016223
[e084 s0350/1030] loss = 0.016094
[e084 s0400/1030] loss = 0.016759
[e084 s0450/1030] loss = 0.016120
[e084 s0500/1030] loss = 0.015821
[e084 s0550/1030] loss = 0.015734
[e084 s0600/1030] loss = 0.015381
[e084 s0650/1030] loss = 0.015095
[e084 s0700/1030] loss = 0.014971
[e084 s0750/1030] loss = 0.014787
[e084 s0800/1030] loss = 0.014944
[e084 s0850/1030] loss = 0.015076
[e084 s0900/1030] loss = 0.015254
[e084 s0950/1030] loss = 0.015262
[e084 s1000/1030] loss = 0.015078
Epoch 084: train_loss = 0.015010  MAE/GAME0 = 16.003  RMSE = 37.302  GAME1 = 21.219  GAME2 = 24.274  GAME3 = 25.534  lr = 1.00e-05  time = 7.7s
[e085 s0001/1030] loss = 0.042481
[e085 s0050/1030] loss = 0.015011
[e085 s0100/1030] loss = 0.015841
[e085 s0150/1030] loss = 0.019266
[e085 s0200/1030] loss = 0.021566
[e085 s0250/1030] loss = 0.020629
[e085 s0300/1030] loss = 0.019404
[e085 s0350/1030] loss = 0.018375
[e085 s0400/1030] loss = 0.018502
[e085 s0450/1030] loss = 0.017689
[e085 s0500/1030] loss = 0.018183
[e085 s0550/1030] loss = 0.017631
[e085 s0600/1030] loss = 0.017531
[e085 s0650/1030] loss = 0.017289
[e085 s0700/1030] loss = 0.017382
[e085 s0750/1030] loss = 0.016910
[e085 s0800/1030] loss = 0.016641
[e085 s0850/1030] loss = 0.016917
[e085 s0900/1030] loss = 0.016768
[e085 s0950/1030] loss = 0.016693
[e085 s1000/1030] loss = 0.016621
Epoch 085: train_loss = 0.016420  MAE/GAME0 = 15.662  RMSE = 36.875  GAME1 = 21.337  GAME2 = 24.651  GAME3 = 26.025  lr = 1.00e-05  time = 7.8s
[e086 s0001/1030] loss = 0.001691
[e086 s0050/1030] loss = 0.020009
[e086 s0100/1030] loss = 0.018325
[e086 s0150/1030] loss = 0.017005
[e086 s0200/1030] loss = 0.015610
[e086 s0250/1030] loss = 0.014593
[e086 s0300/1030] loss = 0.014169
[e086 s0350/1030] loss = 0.014850
[e086 s0400/1030] loss = 0.014975
[e086 s0450/1030] loss = 0.015281
[e086 s0500/1030] loss = 0.016010
[e086 s0550/1030] loss = 0.016169
[e086 s0600/1030] loss = 0.015805
[e086 s0650/1030] loss = 0.015785
[e086 s0700/1030] loss = 0.016173
[e086 s0750/1030] loss = 0.015927
[e086 s0800/1030] loss = 0.016496
[e086 s0850/1030] loss = 0.016378
[e086 s0900/1030] loss = 0.016159
[e086 s0950/1030] loss = 0.016299
[e086 s1000/1030] loss = 0.016259
Epoch 086: train_loss = 0.016157  MAE/GAME0 = 15.457  RMSE = 36.546  GAME1 = 21.478  GAME2 = 25.017  GAME3 = 26.473  lr = 1.00e-05  time = 7.7s
[e087 s0001/1030] loss = 0.033931
[e087 s0050/1030] loss = 0.016648
[e087 s0100/1030] loss = 0.014161
[e087 s0150/1030] loss = 0.015047
[e087 s0200/1030] loss = 0.014460
[e087 s0250/1030] loss = 0.014018
[e087 s0300/1030] loss = 0.015907
[e087 s0350/1030] loss = 0.015721
[e087 s0400/1030] loss = 0.015792
[e087 s0450/1030] loss = 0.015543
[e087 s0500/1030] loss = 0.015158
[e087 s0550/1030] loss = 0.015275
[e087 s0600/1030] loss = 0.015093
[e087 s0650/1030] loss = 0.016025
[e087 s0700/1030] loss = 0.016226
[e087 s0750/1030] loss = 0.016268
[e087 s0800/1030] loss = 0.016335
[e087 s0850/1030] loss = 0.016378
[e087 s0900/1030] loss = 0.016300
[e087 s0950/1030] loss = 0.016028
[e087 s1000/1030] loss = 0.016084
Epoch 087: train_loss = 0.016291  MAE/GAME0 = 16.268  RMSE = 37.605  GAME1 = 21.179  GAME2 = 24.052  GAME3 = 25.227  lr = 1.00e-05  time = 7.7s
[e088 s0001/1030] loss = 0.010393
[e088 s0050/1030] loss = 0.014382
[e088 s0100/1030] loss = 0.022983
[e088 s0150/1030] loss = 0.020814
[e088 s0200/1030] loss = 0.019622
[e088 s0250/1030] loss = 0.017842
[e088 s0300/1030] loss = 0.017125
[e088 s0350/1030] loss = 0.017670
[e088 s0400/1030] loss = 0.017613
[e088 s0450/1030] loss = 0.017208
[e088 s0500/1030] loss = 0.018273
[e088 s0550/1030] loss = 0.017579
[e088 s0600/1030] loss = 0.017092
[e088 s0650/1030] loss = 0.018320
[e088 s0700/1030] loss = 0.018993
[e088 s0750/1030] loss = 0.018287
[e088 s0800/1030] loss = 0.017910
[e088 s0850/1030] loss = 0.017780
[e088 s0900/1030] loss = 0.017565
[e088 s0950/1030] loss = 0.017649
[e088 s1000/1030] loss = 0.017776
Epoch 088: train_loss = 0.017623  MAE/GAME0 = 16.322  RMSE = 37.668  GAME1 = 21.173  GAME2 = 24.011  GAME3 = 25.168  lr = 1.00e-05  time = 7.7s
[e089 s0001/1030] loss = 0.010207
[e089 s0050/1030] loss = 0.011690
[e089 s0100/1030] loss = 0.018799
[e089 s0150/1030] loss = 0.016444
[e089 s0200/1030] loss = 0.016387
[e089 s0250/1030] loss = 0.015321
[e089 s0300/1030] loss = 0.015332
[e089 s0350/1030] loss = 0.015122
[e089 s0400/1030] loss = 0.014740
[e089 s0450/1030] loss = 0.014669
[e089 s0500/1030] loss = 0.014735
[e089 s0550/1030] loss = 0.014744
[e089 s0600/1030] loss = 0.014476
[e089 s0650/1030] loss = 0.014598
[e089 s0700/1030] loss = 0.015229
[e089 s0750/1030] loss = 0.015146
[e089 s0800/1030] loss = 0.015535
[e089 s0850/1030] loss = 0.015491
[e089 s0900/1030] loss = 0.015251
[e089 s0950/1030] loss = 0.015310
[e089 s1000/1030] loss = 0.015145
Epoch 089: train_loss = 0.015063  MAE/GAME0 = 16.055  RMSE = 37.364  GAME1 = 21.208  GAME2 = 24.225  GAME3 = 25.467  lr = 1.00e-05  time = 7.8s
[e090 s0001/1030] loss = 0.005178
[e090 s0050/1030] loss = 0.011267
[e090 s0100/1030] loss = 0.013111
[e090 s0150/1030] loss = 0.014354
[e090 s0200/1030] loss = 0.013292
[e090 s0250/1030] loss = 0.014570
[e090 s0300/1030] loss = 0.014034
[e090 s0350/1030] loss = 0.014041
[e090 s0400/1030] loss = 0.013994
[e090 s0450/1030] loss = 0.014606
[e090 s0500/1030] loss = 0.014119
[e090 s0550/1030] loss = 0.014492
[e090 s0600/1030] loss = 0.014448
[e090 s0650/1030] loss = 0.015127
[e090 s0700/1030] loss = 0.016096
[e090 s0750/1030] loss = 0.016128
[e090 s0800/1030] loss = 0.016200
[e090 s0850/1030] loss = 0.016196
[e090 s0900/1030] loss = 0.015989
[e090 s0950/1030] loss = 0.015906
[e090 s1000/1030] loss = 0.016001
Epoch 090: train_loss = 0.015943  MAE/GAME0 = 15.386  RMSE = 36.351  GAME1 = 21.588  GAME2 = 25.275  GAME3 = 26.776  lr = 1.00e-05  time = 7.7s
[e091 s0001/1030] loss = 0.005931
[e091 s0050/1030] loss = 0.015612
[e091 s0100/1030] loss = 0.014538
[e091 s0150/1030] loss = 0.015085
[e091 s0200/1030] loss = 0.015321
[e091 s0250/1030] loss = 0.015098
[e091 s0300/1030] loss = 0.014801
[e091 s0350/1030] loss = 0.014410
[e091 s0400/1030] loss = 0.015459
[e091 s0450/1030] loss = 0.015364
[e091 s0500/1030] loss = 0.015159
[e091 s0550/1030] loss = 0.015398
[e091 s0600/1030] loss = 0.015056
[e091 s0650/1030] loss = 0.014612
[e091 s0700/1030] loss = 0.014588
[e091 s0750/1030] loss = 0.015357
[e091 s0800/1030] loss = 0.015261
[e091 s0850/1030] loss = 0.015051
[e091 s0900/1030] loss = 0.014976
[e091 s0950/1030] loss = 0.014828
[e091 s1000/1030] loss = 0.014858
Epoch 091: train_loss = 0.014976  MAE/GAME0 = 15.807  RMSE = 37.064  GAME1 = 21.274  GAME2 = 24.471  GAME3 = 25.797  lr = 1.00e-05  time = 7.8s
[e092 s0001/1030] loss = 0.012152
[e092 s0050/1030] loss = 0.018240
[e092 s0100/1030] loss = 0.016489
[e092 s0150/1030] loss = 0.016581
[e092 s0200/1030] loss = 0.017119
[e092 s0250/1030] loss = 0.016186
[e092 s0300/1030] loss = 0.015899
[e092 s0350/1030] loss = 0.015212
[e092 s0400/1030] loss = 0.014720
[e092 s0450/1030] loss = 0.014940
[e092 s0500/1030] loss = 0.015039
[e092 s0550/1030] loss = 0.015137
[e092 s0600/1030] loss = 0.014990
[e092 s0650/1030] loss = 0.014891
[e092 s0700/1030] loss = 0.015081
[e092 s0750/1030] loss = 0.015135
[e092 s0800/1030] loss = 0.015158
[e092 s0850/1030] loss = 0.015397
[e092 s0900/1030] loss = 0.015533
[e092 s0950/1030] loss = 0.015538
[e092 s1000/1030] loss = 0.015853
Epoch 092: train_loss = 0.016073  MAE/GAME0 = 15.955  RMSE = 37.243  GAME1 = 21.231  GAME2 = 24.320  GAME3 = 25.597  lr = 1.00e-05  time = 7.6s
[e093 s0001/1030] loss = 0.011517
[e093 s0050/1030] loss = 0.017353
[e093 s0100/1030] loss = 0.015515
[e093 s0150/1030] loss = 0.016205
[e093 s0200/1030] loss = 0.015405
[e093 s0250/1030] loss = 0.015486
[e093 s0300/1030] loss = 0.015053
[e093 s0350/1030] loss = 0.014859
[e093 s0400/1030] loss = 0.016086
[e093 s0450/1030] loss = 0.016049
[e093 s0500/1030] loss = 0.016132
[e093 s0550/1030] loss = 0.015670
[e093 s0600/1030] loss = 0.015636
[e093 s0650/1030] loss = 0.015857
[e093 s0700/1030] loss = 0.015948
[e093 s0750/1030] loss = 0.016250
[e093 s0800/1030] loss = 0.015979
[e093 s0850/1030] loss = 0.015897
[e093 s0900/1030] loss = 0.017007
[e093 s0950/1030] loss = 0.016868
[e093 s1000/1030] loss = 0.016746
Epoch 093: train_loss = 0.016682  MAE/GAME0 = 15.744  RMSE = 36.985  GAME1 = 21.299  GAME2 = 24.545  GAME3 = 25.891  lr = 1.00e-05  time = 7.9s
[e094 s0001/1030] loss = 0.002901
[e094 s0050/1030] loss = 0.013803
[e094 s0100/1030] loss = 0.018263
[e094 s0150/1030] loss = 0.017204
[e094 s0200/1030] loss = 0.016438
[e094 s0250/1030] loss = 0.019063
[e094 s0300/1030] loss = 0.018369
[e094 s0350/1030] loss = 0.017759
[e094 s0400/1030] loss = 0.017583
[e094 s0450/1030] loss = 0.017261
[e094 s0500/1030] loss = 0.017011
[e094 s0550/1030] loss = 0.017130
[e094 s0600/1030] loss = 0.016907
[e094 s0650/1030] loss = 0.016452
[e094 s0700/1030] loss = 0.016162
[e094 s0750/1030] loss = 0.016203
[e094 s0800/1030] loss = 0.016496
[e094 s0850/1030] loss = 0.016822
[e094 s0900/1030] loss = 0.016682
[e094 s0950/1030] loss = 0.016645
[e094 s1000/1030] loss = 0.016420
Epoch 094: train_loss = 0.016360  MAE/GAME0 = 15.529  RMSE = 36.684  GAME1 = 21.414  GAME2 = 24.856  GAME3 = 26.278  lr = 1.00e-05  time = 7.6s
[e095 s0001/1030] loss = 0.005419
[e095 s0050/1030] loss = 0.020971
[e095 s0100/1030] loss = 0.017122
[e095 s0150/1030] loss = 0.015828
[e095 s0200/1030] loss = 0.015609
[e095 s0250/1030] loss = 0.015797
[e095 s0300/1030] loss = 0.015616
[e095 s0350/1030] loss = 0.014951
[e095 s0400/1030] loss = 0.015260
[e095 s0450/1030] loss = 0.015294
[e095 s0500/1030] loss = 0.015020
[e095 s0550/1030] loss = 0.016721
[e095 s0600/1030] loss = 0.016306
[e095 s0650/1030] loss = 0.016120
[e095 s0700/1030] loss = 0.016018
[e095 s0750/1030] loss = 0.015931
[e095 s0800/1030] loss = 0.015601
[e095 s0850/1030] loss = 0.015431
[e095 s0900/1030] loss = 0.015178
[e095 s0950/1030] loss = 0.015197
[e095 s1000/1030] loss = 0.015649
Epoch 095: train_loss = 0.015549  MAE/GAME0 = 16.379  RMSE = 37.724  GAME1 = 21.169  GAME2 = 23.975  GAME3 = 25.116  lr = 1.00e-05  time = 7.7s
[e096 s0001/1030] loss = 0.006089
[e096 s0050/1030] loss = 0.019095
[e096 s0100/1030] loss = 0.020153
[e096 s0150/1030] loss = 0.019612
[e096 s0200/1030] loss = 0.018346
[e096 s0250/1030] loss = 0.017072
[e096 s0300/1030] loss = 0.019038
[e096 s0350/1030] loss = 0.018202
[e096 s0400/1030] loss = 0.017822
[e096 s0450/1030] loss = 0.017068
[e096 s0500/1030] loss = 0.016873
[e096 s0550/1030] loss = 0.016888
[e096 s0600/1030] loss = 0.016774
[e096 s0650/1030] loss = 0.016334
[e096 s0700/1030] loss = 0.016394
[e096 s0750/1030] loss = 0.016115
[e096 s0800/1030] loss = 0.016376
[e096 s0850/1030] loss = 0.016240
[e096 s0900/1030] loss = 0.016455
[e096 s0950/1030] loss = 0.016361
[e096 s1000/1030] loss = 0.016561
Epoch 096: train_loss = 0.016433  MAE/GAME0 = 15.968  RMSE = 37.259  GAME1 = 21.228  GAME2 = 24.308  GAME3 = 25.580  lr = 1.00e-05  time = 7.7s
[e097 s0001/1030] loss = 0.015416
[e097 s0050/1030] loss = 0.013645
[e097 s0100/1030] loss = 0.013129
[e097 s0150/1030] loss = 0.017695
[e097 s0200/1030] loss = 0.016285
[e097 s0250/1030] loss = 0.015653
[e097 s0300/1030] loss = 0.015313
[e097 s0350/1030] loss = 0.015491
[e097 s0400/1030] loss = 0.015757
[e097 s0450/1030] loss = 0.015288
[e097 s0500/1030] loss = 0.015690
[e097 s0550/1030] loss = 0.016657
[e097 s0600/1030] loss = 0.016300
[e097 s0650/1030] loss = 0.016108
[e097 s0700/1030] loss = 0.015823
[e097 s0750/1030] loss = 0.015492
[e097 s0800/1030] loss = 0.015504
[e097 s0850/1030] loss = 0.015275
[e097 s0900/1030] loss = 0.015161
[e097 s0950/1030] loss = 0.015060
[e097 s1000/1030] loss = 0.015960
Epoch 097: train_loss = 0.015828  MAE/GAME0 = 15.717  RMSE = 36.947  GAME1 = 21.312  GAME2 = 24.581  GAME3 = 25.937  lr = 1.00e-05  time = 7.7s
[e098 s0001/1030] loss = 0.011574
[e098 s0050/1030] loss = 0.017737
[e098 s0100/1030] loss = 0.014725
[e098 s0150/1030] loss = 0.014132
[e098 s0200/1030] loss = 0.014758
[e098 s0250/1030] loss = 0.017014
[e098 s0300/1030] loss = 0.016200
[e098 s0350/1030] loss = 0.016451
[e098 s0400/1030] loss = 0.016099
[e098 s0450/1030] loss = 0.015730
[e098 s0500/1030] loss = 0.015386
[e098 s0550/1030] loss = 0.015035
[e098 s0600/1030] loss = 0.015718
[e098 s0650/1030] loss = 0.015482
[e098 s0700/1030] loss = 0.015329
[e098 s0750/1030] loss = 0.015931
[e098 s0800/1030] loss = 0.015854
[e098 s0850/1030] loss = 0.016591
[e098 s0900/1030] loss = 0.016194
[e098 s0950/1030] loss = 0.016355
[e098 s1000/1030] loss = 0.016145
Epoch 098: train_loss = 0.016078  MAE/GAME0 = 16.034  RMSE = 37.342  GAME1 = 21.212  GAME2 = 24.243  GAME3 = 25.492  lr = 1.00e-05  time = 7.7s
[e099 s0001/1030] loss = 0.001057
[e099 s0050/1030] loss = 0.017001
[e099 s0100/1030] loss = 0.015761
[e099 s0150/1030] loss = 0.015382
[e099 s0200/1030] loss = 0.017031
[e099 s0250/1030] loss = 0.015789
[e099 s0300/1030] loss = 0.016425
[e099 s0350/1030] loss = 0.016107
[e099 s0400/1030] loss = 0.015780
[e099 s0450/1030] loss = 0.015780
[e099 s0500/1030] loss = 0.015528
[e099 s0550/1030] loss = 0.015996
[e099 s0600/1030] loss = 0.015755
[e099 s0650/1030] loss = 0.015547
[e099 s0700/1030] loss = 0.015128
[e099 s0750/1030] loss = 0.015130
[e099 s0800/1030] loss = 0.015089
[e099 s0850/1030] loss = 0.015063
[e099 s0900/1030] loss = 0.015247
[e099 s0950/1030] loss = 0.015913
[e099 s1000/1030] loss = 0.016121
Epoch 099: train_loss = 0.016388  MAE/GAME0 = 16.015  RMSE = 37.318  GAME1 = 21.216  GAME2 = 24.261  GAME3 = 25.516  lr = 1.00e-05  time = 7.6s
[e100 s0001/1030] loss = 0.008990
[e100 s0050/1030] loss = 0.014788
[e100 s0100/1030] loss = 0.015928
[e100 s0150/1030] loss = 0.016830
[e100 s0200/1030] loss = 0.016890
[e100 s0250/1030] loss = 0.016793
[e100 s0300/1030] loss = 0.016095
[e100 s0350/1030] loss = 0.016194
[e100 s0400/1030] loss = 0.015955
[e100 s0450/1030] loss = 0.016729
[e100 s0500/1030] loss = 0.016670
[e100 s0550/1030] loss = 0.016241
[e100 s0600/1030] loss = 0.015959
[e100 s0650/1030] loss = 0.015737
[e100 s0700/1030] loss = 0.015384
[e100 s0750/1030] loss = 0.015284
[e100 s0800/1030] loss = 0.016154
[e100 s0850/1030] loss = 0.016200
[e100 s0900/1030] loss = 0.016172
[e100 s0950/1030] loss = 0.016093
[e100 s1000/1030] loss = 0.016124
Epoch 100: train_loss = 0.015987  MAE/GAME0 = 16.308  RMSE = 37.650  GAME1 = 21.175  GAME2 = 24.023  GAME3 = 25.186  lr = 1.00e-05  time = 7.7s
[done] best_mae = 15.355  best_path = /scratch/users/ntu/kenneth0/FYP-SmartObjectCounter/outputs/train_t_e100_sanity/12791899.pbs101_20260126_171113/best.pth
