[log] /scratch/users/ntu/kenneth0/FYP-SmartObjectCounter/logs/train_rgbt_adaptive_late_e100_sanity_12844480.pbs101_20260207_171920.log
[job] name=train_rgbt_adaptive_late_e100_sanity id=12844480.pbs101 host=x1000c3s0b0n0 time=Sat Feb  7 17:19:20 +08 2026
torch 2.6.0+cu118 cuda True
[init] device = cuda
[init] train = 1030  val = 200  workers = 4
/scratch/users/ntu/kenneth0/FYP-SmartObjectCounter/scripts/train_rgbt.py:383: FutureWarning: `torch.cuda.amp.GradScaler(args...)` is deprecated. Please use `torch.amp.GradScaler('cuda', args...)` instead.
  scaler = GradScaler(enabled = bool(args.amp))
[e001 s0001/1030] loss = 160963.328125
[e001 s0050/1030] loss = 6100.740183
[e001 s0100/1030] loss = 3063.060495
[e001 s0150/1030] loss = 2047.745426
[e001 s0200/1030] loss = 1539.540233
[e001 s0250/1030] loss = 1233.782912
[e001 s0300/1030] loss = 1029.804233
[e001 s0350/1030] loss = 883.737825
[e001 s0400/1030] loss = 774.266870
[e001 s0450/1030] loss = 689.941059
[e001 s0500/1030] loss = 621.502299
[e001 s0550/1030] loss = 565.424684
[e001 s0600/1030] loss = 518.709024
[e001 s0650/1030] loss = 479.132571
[e001 s0700/1030] loss = 445.291591
[e001 s0750/1030] loss = 415.910259
[e001 s0800/1030] loss = 390.157763
[e001 s0850/1030] loss = 367.576510
[e001 s0900/1030] loss = 347.331830
[e001 s0950/1030] loss = 329.344448
[e001 s1000/1030] loss = 313.047490
Epoch 001: train_loss = 304.028237  MAE/GAME0 = 22.453  RMSE = 41.681  GAME1 = 23.123  GAME2 = 23.715  GAME3 = 23.934  lr = 1.00e-05  time = 75.8s
[e002 s0001/1030] loss = 0.068552
[e002 s0050/1030] loss = 2.399547
[e002 s0100/1030] loss = 2.579196
[e002 s0150/1030] loss = 3.273090
[e002 s0200/1030] loss = 3.121152
[e002 s0250/1030] loss = 3.149844
[e002 s0300/1030] loss = 3.588628
[e002 s0350/1030] loss = 4.224334
[e002 s0400/1030] loss = 4.250189
[e002 s0450/1030] loss = 4.695936
[e002 s0500/1030] loss = 4.540696
[e002 s0550/1030] loss = 4.363226
[e002 s0600/1030] loss = 4.281302
[e002 s0650/1030] loss = 4.350457
[e002 s0700/1030] loss = 4.351408
[e002 s0750/1030] loss = 4.203817
[e002 s0800/1030] loss = 4.186883
[e002 s0850/1030] loss = 4.189361
[e002 s0900/1030] loss = 4.096325
[e002 s0950/1030] loss = 4.103159
[e002 s1000/1030] loss = 4.074970
Epoch 002: train_loss = 4.036349  MAE/GAME0 = 22.963  RMSE = 42.024  GAME1 = 23.197  GAME2 = 23.420  GAME3 = 23.487  lr = 1.00e-05  time = 15.1s
[e003 s0001/1030] loss = 0.100244
[e003 s0050/1030] loss = 2.072291
[e003 s0100/1030] loss = 2.414715
[e003 s0150/1030] loss = 3.074589
[e003 s0200/1030] loss = 5.703910
[e003 s0250/1030] loss = 4.940038
[e003 s0300/1030] loss = 4.751397
[e003 s0350/1030] loss = 4.352406
[e003 s0400/1030] loss = 4.460411
[e003 s0450/1030] loss = 4.216407
[e003 s0500/1030] loss = 4.079507
[e003 s0550/1030] loss = 3.902347
[e003 s0600/1030] loss = 3.850741
[e003 s0650/1030] loss = 3.730827
[e003 s0700/1030] loss = 3.685216
[e003 s0750/1030] loss = 3.675339
[e003 s0800/1030] loss = 3.616038
[e003 s0850/1030] loss = 3.646484
[e003 s0900/1030] loss = 3.712858
[e003 s0950/1030] loss = 3.715191
[e003 s1000/1030] loss = 3.662053
Epoch 003: train_loss = 3.682524  MAE/GAME0 = 23.120  RMSE = 42.134  GAME1 = 23.224  GAME2 = 23.325  GAME3 = 23.356  lr = 1.00e-05  time = 15.2s
[e004 s0001/1030] loss = 0.112123
[e004 s0050/1030] loss = 2.874462
[e004 s0100/1030] loss = 2.747732
[e004 s0150/1030] loss = 2.939751
[e004 s0200/1030] loss = 2.999497
[e004 s0250/1030] loss = 2.767079
[e004 s0300/1030] loss = 3.012763
[e004 s0350/1030] loss = 3.277944
[e004 s0400/1030] loss = 3.175737
[e004 s0450/1030] loss = 3.148376
[e004 s0500/1030] loss = 3.022768
[e004 s0550/1030] loss = 2.962456
[e004 s0600/1030] loss = 3.098527
[e004 s0650/1030] loss = 3.211380
[e004 s0700/1030] loss = 3.064167
[e004 s0750/1030] loss = 3.122699
[e004 s0800/1030] loss = 3.152257
[e004 s0850/1030] loss = 3.343008
[e004 s0900/1030] loss = 3.328546
[e004 s0950/1030] loss = 3.533313
[e004 s1000/1030] loss = 3.592003
Epoch 004: train_loss = 3.736186  MAE/GAME0 = 23.170  RMSE = 42.174  GAME1 = 23.231  GAME2 = 23.295  GAME3 = 23.313  lr = 1.00e-05  time = 15.1s
[e005 s0001/1030] loss = 0.224998
[e005 s0050/1030] loss = 2.340326
[e005 s0100/1030] loss = 2.360072
[e005 s0150/1030] loss = 2.835288
[e005 s0200/1030] loss = 2.813131
[e005 s0250/1030] loss = 3.274933
[e005 s0300/1030] loss = 3.068277
[e005 s0350/1030] loss = 2.858405
[e005 s0400/1030] loss = 3.305449
[e005 s0450/1030] loss = 3.180600
[e005 s0500/1030] loss = 3.133860
[e005 s0550/1030] loss = 3.110651
[e005 s0600/1030] loss = 2.994825
[e005 s0650/1030] loss = 3.199738
[e005 s0700/1030] loss = 3.165616
[e005 s0750/1030] loss = 3.170159
[e005 s0800/1030] loss = 3.048718
[e005 s0850/1030] loss = 3.044825
[e005 s0900/1030] loss = 3.021513
[e005 s0950/1030] loss = 2.969268
[e005 s1000/1030] loss = 3.028140
Epoch 005: train_loss = 2.994956  MAE/GAME0 = 23.195  RMSE = 42.197  GAME1 = 23.238  GAME2 = 23.281  GAME3 = 23.294  lr = 1.00e-05  time = 15.1s
[e006 s0001/1030] loss = 0.049768
[e006 s0050/1030] loss = 2.288321
[e006 s0100/1030] loss = 2.631131
[e006 s0150/1030] loss = 2.676849
[e006 s0200/1030] loss = 2.740775
[e006 s0250/1030] loss = 2.598950
[e006 s0300/1030] loss = 2.588672
[e006 s0350/1030] loss = 2.579369
[e006 s0400/1030] loss = 3.770763
[e006 s0450/1030] loss = 3.579113
[e006 s0500/1030] loss = 3.451540
[e006 s0550/1030] loss = 3.404070
[e006 s0600/1030] loss = 3.303909
[e006 s0650/1030] loss = 3.712956
[e006 s0700/1030] loss = 3.738149
[e006 s0750/1030] loss = 3.816489
[e006 s0800/1030] loss = 3.894066
[e006 s0850/1030] loss = 3.788544
[e006 s0900/1030] loss = 3.770604
[e006 s0950/1030] loss = 3.899209
[e006 s1000/1030] loss = 3.908204
Epoch 006: train_loss = 3.914468  MAE/GAME0 = 23.213  RMSE = 42.214  GAME1 = 23.243  GAME2 = 23.271  GAME3 = 23.280  lr = 1.00e-05  time = 14.9s
[e007 s0001/1030] loss = 8.647548
[e007 s0050/1030] loss = 3.874480
[e007 s0100/1030] loss = 3.763333
[e007 s0150/1030] loss = 3.271590
[e007 s0200/1030] loss = 3.174539
[e007 s0250/1030] loss = 3.363537
[e007 s0300/1030] loss = 3.334000
[e007 s0350/1030] loss = 3.868614
[e007 s0400/1030] loss = 4.366388
[e007 s0450/1030] loss = 4.613705
[e007 s0500/1030] loss = 4.430561
[e007 s0550/1030] loss = 4.375204
[e007 s0600/1030] loss = 4.213087
[e007 s0650/1030] loss = 4.079444
[e007 s0700/1030] loss = 3.939841
[e007 s0750/1030] loss = 3.839956
[e007 s0800/1030] loss = 3.731705
[e007 s0850/1030] loss = 3.688219
[e007 s0900/1030] loss = 3.685989
[e007 s0950/1030] loss = 3.692501
[e007 s1000/1030] loss = 3.670733
Epoch 007: train_loss = 3.647959  MAE/GAME0 = 23.224  RMSE = 42.226  GAME1 = 23.244  GAME2 = 23.264  GAME3 = 23.268  lr = 1.00e-05  time = 14.8s
[e008 s0001/1030] loss = 6.657048
[e008 s0050/1030] loss = 2.230759
[e008 s0100/1030] loss = 3.020637
[e008 s0150/1030] loss = 3.549696
[e008 s0200/1030] loss = 3.389661
[e008 s0250/1030] loss = 3.321211
[e008 s0300/1030] loss = 3.329085
[e008 s0350/1030] loss = 3.207757
[e008 s0400/1030] loss = 3.151595
[e008 s0450/1030] loss = 3.742207
[e008 s0500/1030] loss = 3.598007
[e008 s0550/1030] loss = 3.514299
[e008 s0600/1030] loss = 3.524506
[e008 s0650/1030] loss = 3.666143
[e008 s0700/1030] loss = 3.661565
[e008 s0750/1030] loss = 3.570606
[e008 s0800/1030] loss = 3.532883
[e008 s0850/1030] loss = 3.445078
[e008 s0900/1030] loss = 3.449024
[e008 s0950/1030] loss = 3.408195
[e008 s1000/1030] loss = 3.310141
Epoch 008: train_loss = 3.327347  MAE/GAME0 = 23.232  RMSE = 42.234  GAME1 = 23.246  GAME2 = 23.257  GAME3 = 23.260  lr = 1.00e-05  time = 14.8s
[e009 s0001/1030] loss = 1.763170
[e009 s0050/1030] loss = 4.239754
[e009 s0100/1030] loss = 5.030519
[e009 s0150/1030] loss = 5.270099
[e009 s0200/1030] loss = 5.539191
[e009 s0250/1030] loss = 4.660309
[e009 s0300/1030] loss = 4.452059
[e009 s0350/1030] loss = 4.091162
[e009 s0400/1030] loss = 4.007172
[e009 s0450/1030] loss = 3.910946
[e009 s0500/1030] loss = 3.781538
[e009 s0550/1030] loss = 3.720401
[e009 s0600/1030] loss = 3.602245
[e009 s0650/1030] loss = 3.461360
[e009 s0700/1030] loss = 3.348343
[e009 s0750/1030] loss = 3.369598
[e009 s0800/1030] loss = 3.284246
[e009 s0850/1030] loss = 3.305171
[e009 s0900/1030] loss = 3.246971
[e009 s0950/1030] loss = 3.171729
[e009 s1000/1030] loss = 3.177323
Epoch 009: train_loss = 3.214866  MAE/GAME0 = 23.235  RMSE = 42.235  GAME1 = 23.246  GAME2 = 23.255  GAME3 = 23.257  lr = 1.00e-05  time = 15.3s
[e010 s0001/1030] loss = 0.450080
[e010 s0050/1030] loss = 3.831232
[e010 s0100/1030] loss = 3.320285
[e010 s0150/1030] loss = 3.675260
[e010 s0200/1030] loss = 3.333642
[e010 s0250/1030] loss = 3.858833
[e010 s0300/1030] loss = 3.686572
[e010 s0350/1030] loss = 3.508947
[e010 s0400/1030] loss = 3.559182
[e010 s0450/1030] loss = 3.988481
[e010 s0500/1030] loss = 3.842392
[e010 s0550/1030] loss = 3.699448
[e010 s0600/1030] loss = 3.580610
[e010 s0650/1030] loss = 3.612888
[e010 s0700/1030] loss = 3.573990
[e010 s0750/1030] loss = 3.433761
[e010 s0800/1030] loss = 3.396591
[e010 s0850/1030] loss = 3.384852
[e010 s0900/1030] loss = 3.420347
[e010 s0950/1030] loss = 3.503586
[e010 s1000/1030] loss = 3.431627
Epoch 010: train_loss = 3.429831  MAE/GAME0 = 23.238  RMSE = 42.240  GAME1 = 23.246  GAME2 = 23.252  GAME3 = 23.253  lr = 1.00e-05  time = 15.0s
[e011 s0001/1030] loss = 1.040590
[e011 s0050/1030] loss = 2.231861
[e011 s0100/1030] loss = 3.133993
[e011 s0150/1030] loss = 3.225270
[e011 s0200/1030] loss = 3.836458
[e011 s0250/1030] loss = 3.332871
[e011 s0300/1030] loss = 3.081343
[e011 s0350/1030] loss = 3.049201
[e011 s0400/1030] loss = 3.186693
[e011 s0450/1030] loss = 3.025685
[e011 s0500/1030] loss = 2.973163
[e011 s0550/1030] loss = 2.981128
[e011 s0600/1030] loss = 2.876303
[e011 s0650/1030] loss = 2.916420
[e011 s0700/1030] loss = 2.947163
[e011 s0750/1030] loss = 2.947349
[e011 s0800/1030] loss = 2.939407
[e011 s0850/1030] loss = 2.936525
[e011 s0900/1030] loss = 3.144709
[e011 s0950/1030] loss = 3.584196
[e011 s1000/1030] loss = 3.518107
Epoch 011: train_loss = 3.473180  MAE/GAME0 = 23.239  RMSE = 42.242  GAME1 = 23.246  GAME2 = 23.251  GAME3 = 23.252  lr = 1.00e-05  time = 15.0s
[e012 s0001/1030] loss = 0.000025
[e012 s0050/1030] loss = 1.758660
[e012 s0100/1030] loss = 1.965247
[e012 s0150/1030] loss = 2.728659
[e012 s0200/1030] loss = 2.699103
[e012 s0250/1030] loss = 2.989935
[e012 s0300/1030] loss = 2.935339
[e012 s0350/1030] loss = 2.859959
[e012 s0400/1030] loss = 2.744504
[e012 s0450/1030] loss = 2.904415
[e012 s0500/1030] loss = 2.825871
[e012 s0550/1030] loss = 3.012530
[e012 s0600/1030] loss = 3.127047
[e012 s0650/1030] loss = 3.454603
[e012 s0700/1030] loss = 3.563896
[e012 s0750/1030] loss = 3.493196
[e012 s0800/1030] loss = 3.479206
[e012 s0850/1030] loss = 3.588465
[e012 s0900/1030] loss = 3.521410
[e012 s0950/1030] loss = 3.472299
[e012 s1000/1030] loss = 3.468618
Epoch 012: train_loss = 3.467723  MAE/GAME0 = 23.240  RMSE = 42.242  GAME1 = 23.245  GAME2 = 23.250  GAME3 = 23.251  lr = 1.00e-05  time = 15.0s
[e013 s0001/1030] loss = 11.850741
[e013 s0050/1030] loss = 4.163057
[e013 s0100/1030] loss = 2.787916
[e013 s0150/1030] loss = 2.384435
[e013 s0200/1030] loss = 2.383392
[e013 s0250/1030] loss = 2.899877
[e013 s0300/1030] loss = 3.056766
[e013 s0350/1030] loss = 3.149169
[e013 s0400/1030] loss = 3.062450
[e013 s0450/1030] loss = 2.980813
[e013 s0500/1030] loss = 2.939919
[e013 s0550/1030] loss = 2.873426
[e013 s0600/1030] loss = 2.834551
[e013 s0650/1030] loss = 3.185838
[e013 s0700/1030] loss = 3.153287
[e013 s0750/1030] loss = 3.106418
[e013 s0800/1030] loss = 3.062235
[e013 s0850/1030] loss = 3.047774
[e013 s0900/1030] loss = 3.101848
[e013 s0950/1030] loss = 3.141725
[e013 s1000/1030] loss = 3.071840
Epoch 013: train_loss = 3.325282  MAE/GAME0 = 23.243  RMSE = 42.246  GAME1 = 23.246  GAME2 = 23.247  GAME3 = 23.247  lr = 1.00e-05  time = 14.9s
[e014 s0001/1030] loss = 0.784026
[e014 s0050/1030] loss = 1.768148
[e014 s0100/1030] loss = 2.410740
[e014 s0150/1030] loss = 2.594087
[e014 s0200/1030] loss = 2.210920
[e014 s0250/1030] loss = 2.193276
[e014 s0300/1030] loss = 2.217803
[e014 s0350/1030] loss = 2.816179
[e014 s0400/1030] loss = 3.332142
[e014 s0450/1030] loss = 3.259556
[e014 s0500/1030] loss = 3.146715
[e014 s0550/1030] loss = 3.383476
[e014 s0600/1030] loss = 3.581026
[e014 s0650/1030] loss = 3.552809
[e014 s0700/1030] loss = 3.553060
[e014 s0750/1030] loss = 3.537118
[e014 s0800/1030] loss = 3.658918
[e014 s0850/1030] loss = 3.560328
[e014 s0900/1030] loss = 3.469438
[e014 s0950/1030] loss = 3.707097
[e014 s1000/1030] loss = 3.691793
Epoch 014: train_loss = 3.736060  MAE/GAME0 = 23.243  RMSE = 42.246  GAME1 = 23.246  GAME2 = 23.247  GAME3 = 23.247  lr = 1.00e-05  time = 15.0s
[e015 s0001/1030] loss = 0.050610
[e015 s0050/1030] loss = 2.525318
[e015 s0100/1030] loss = 4.278289
[e015 s0150/1030] loss = 3.943032
[e015 s0200/1030] loss = 3.699836
[e015 s0250/1030] loss = 3.659228
[e015 s0300/1030] loss = 3.405141
[e015 s0350/1030] loss = 3.477794
[e015 s0400/1030] loss = 3.375514
[e015 s0450/1030] loss = 3.320781
[e015 s0500/1030] loss = 3.367589
[e015 s0550/1030] loss = 3.454852
[e015 s0600/1030] loss = 3.358907
[e015 s0650/1030] loss = 3.275528
[e015 s0700/1030] loss = 3.311095
[e015 s0750/1030] loss = 3.370848
[e015 s0800/1030] loss = 3.342780
[e015 s0850/1030] loss = 3.556503
[e015 s0900/1030] loss = 3.614246
[e015 s0950/1030] loss = 3.648607
[e015 s1000/1030] loss = 3.574782
Epoch 015: train_loss = 3.592791  MAE/GAME0 = 23.244  RMSE = 42.247  GAME1 = 23.245  GAME2 = 23.246  GAME3 = 23.247  lr = 1.00e-05  time = 14.9s
[e016 s0001/1030] loss = 0.231757
[e016 s0050/1030] loss = 2.215678
[e016 s0100/1030] loss = 2.106714
[e016 s0150/1030] loss = 3.394062
[e016 s0200/1030] loss = 4.100846
[e016 s0250/1030] loss = 3.904153
[e016 s0300/1030] loss = 3.647241
[e016 s0350/1030] loss = 3.945585
[e016 s0400/1030] loss = 4.001871
[e016 s0450/1030] loss = 4.003396
[e016 s0500/1030] loss = 3.942516
[e016 s0550/1030] loss = 3.872576
[e016 s0600/1030] loss = 3.757960
[e016 s0650/1030] loss = 3.605518
[e016 s0700/1030] loss = 3.697430
[e016 s0750/1030] loss = 3.643721
[e016 s0800/1030] loss = 3.517175
[e016 s0850/1030] loss = 3.453069
[e016 s0900/1030] loss = 3.421379
[e016 s0950/1030] loss = 3.472826
[e016 s1000/1030] loss = 3.422136
Epoch 016: train_loss = 3.377273  MAE/GAME0 = 23.244  RMSE = 42.247  GAME1 = 23.245  GAME2 = 23.246  GAME3 = 23.246  lr = 1.00e-05  time = 14.8s
[e017 s0001/1030] loss = 4.258625
[e017 s0050/1030] loss = 2.844064
[e017 s0100/1030] loss = 3.351662
[e017 s0150/1030] loss = 3.829290
[e017 s0200/1030] loss = 3.307283
[e017 s0250/1030] loss = 3.040304
[e017 s0300/1030] loss = 3.045412
[e017 s0350/1030] loss = 2.967770
[e017 s0400/1030] loss = 3.002395
[e017 s0450/1030] loss = 3.046091
[e017 s0500/1030] loss = 3.380619
[e017 s0550/1030] loss = 3.285242
[e017 s0600/1030] loss = 3.215567
[e017 s0650/1030] loss = 3.192274
[e017 s0700/1030] loss = 3.136330
[e017 s0750/1030] loss = 3.144775
[e017 s0800/1030] loss = 3.185894
[e017 s0850/1030] loss = 3.120232
[e017 s0900/1030] loss = 3.303767
[e017 s0950/1030] loss = 3.274553
[e017 s1000/1030] loss = 3.253510
Epoch 017: train_loss = 3.200305  MAE/GAME0 = 23.244  RMSE = 42.247  GAME1 = 23.245  GAME2 = 23.246  GAME3 = 23.246  lr = 1.00e-05  time = 14.9s
[e018 s0001/1030] loss = 0.067594
[e018 s0050/1030] loss = 3.206165
[e018 s0100/1030] loss = 3.479527
[e018 s0150/1030] loss = 3.136134
[e018 s0200/1030] loss = 3.254330
[e018 s0250/1030] loss = 3.292402
[e018 s0300/1030] loss = 3.975310
[e018 s0350/1030] loss = 3.729253
[e018 s0400/1030] loss = 3.572342
[e018 s0450/1030] loss = 3.533287
[e018 s0500/1030] loss = 3.467985
[e018 s0550/1030] loss = 3.534854
[e018 s0600/1030] loss = 3.408525
[e018 s0650/1030] loss = 3.343024
[e018 s0700/1030] loss = 3.403005
[e018 s0750/1030] loss = 3.264193
[e018 s0800/1030] loss = 3.230727
[e018 s0850/1030] loss = 3.207861
[e018 s0900/1030] loss = 3.129283
[e018 s0950/1030] loss = 3.099018
[e018 s1000/1030] loss = 3.165485
Epoch 018: train_loss = 3.404929  MAE/GAME0 = 23.241  RMSE = 42.245  GAME1 = 23.243  GAME2 = 23.245  GAME3 = 23.248  lr = 1.00e-05  time = 15.2s
[e019 s0001/1030] loss = 3.607578
[e019 s0050/1030] loss = 2.567934
[e019 s0100/1030] loss = 2.910172
[e019 s0150/1030] loss = 3.453195
[e019 s0200/1030] loss = 3.124317
[e019 s0250/1030] loss = 3.862455
[e019 s0300/1030] loss = 3.641026
[e019 s0350/1030] loss = 3.526979
[e019 s0400/1030] loss = 3.650825
[e019 s0450/1030] loss = 3.771172
[e019 s0500/1030] loss = 3.587985
[e019 s0550/1030] loss = 3.428932
[e019 s0600/1030] loss = 3.308194
[e019 s0650/1030] loss = 3.188767
[e019 s0700/1030] loss = 3.103873
[e019 s0750/1030] loss = 3.201168
[e019 s0800/1030] loss = 3.145477
[e019 s0850/1030] loss = 3.155081
[e019 s0900/1030] loss = 3.188942
[e019 s0950/1030] loss = 3.176962
[e019 s1000/1030] loss = 3.117369
Epoch 019: train_loss = 3.074377  MAE/GAME0 = 23.245  RMSE = 42.247  GAME1 = 23.245  GAME2 = 23.245  GAME3 = 23.245  lr = 1.00e-05  time = 14.9s
[e020 s0001/1030] loss = 2.408193
[e020 s0050/1030] loss = 3.105131
[e020 s0100/1030] loss = 3.559999
[e020 s0150/1030] loss = 3.189789
[e020 s0200/1030] loss = 2.934317
[e020 s0250/1030] loss = 3.654782
[e020 s0300/1030] loss = 3.435343
[e020 s0350/1030] loss = 3.597257
[e020 s0400/1030] loss = 3.525486
[e020 s0450/1030] loss = 3.596980
[e020 s0500/1030] loss = 3.375449
[e020 s0550/1030] loss = 3.646708
[e020 s0600/1030] loss = 3.614345
[e020 s0650/1030] loss = 3.571976
[e020 s0700/1030] loss = 3.448572
[e020 s0750/1030] loss = 3.446470
[e020 s0800/1030] loss = 3.439602
[e020 s0850/1030] loss = 3.389812
[e020 s0900/1030] loss = 3.326838
[e020 s0950/1030] loss = 3.266378
[e020 s1000/1030] loss = 3.246916
Epoch 020: train_loss = 3.325880  MAE/GAME0 = 23.244  RMSE = 42.247  GAME1 = 23.244  GAME2 = 23.246  GAME3 = 23.246  lr = 1.00e-05  time = 15.4s
[done] best_mae = 22.453  best_path = /scratch/users/ntu/kenneth0/FYP-SmartObjectCounter/outputs/train_rgbt_adaptive_late_e100_sanity/12844480.pbs101_20260207_171920/best.pth
