[log] /scratch/users/ntu/kenneth0/FYP-SmartObjectCounter/logs/train_rgbt_late_e100_sanity_12717653.pbs101_20260111_173131.log
[job] name=train_rgbt_late_e100_sanity id=12717653.pbs101 host=x1000c1s0b0n1 time=Sun Jan 11 17:31:31 +08 2026
[init] device = cuda
[init] PROJECT_ROOT = /scratch/users/ntu/kenneth0/FYP-SmartObjectCounter
[epoch 001/100] lr = 1.00e-05 | train loss = 63.6337 (base 63.6337, count 0.0000, game 0.0000, temp 0.0000, illum 0.0000) | val RMSE = 63.746, MAE = 35.838, GAME0 = 35.838, GAME1 = 58.551, GAME2 = 79.743, GAME3 = 92.312 | time = 161.8s
[epoch 002/100] lr = 1.00e-05 | train loss = 0.0008 (base 0.0008, count 0.0000, game 0.0000, temp 0.0000, illum 0.0000) | val RMSE = 65.945, MAE = 36.634, GAME0 = 36.634, GAME1 = 54.444, GAME2 = 73.194, GAME3 = 85.721 | time = 47.6s
[epoch 003/100] lr = 1.00e-05 | train loss = 0.0006 (base 0.0006, count 0.0000, game 0.0000, temp 0.0000, illum 0.0000) | val RMSE = 65.191, MAE = 33.587, GAME0 = 33.587, GAME1 = 49.265, GAME2 = 65.740, GAME3 = 78.214 | time = 47.1s
[epoch 004/100] lr = 1.00e-05 | train loss = 0.0006 (base 0.0006, count 0.0000, game 0.0000, temp 0.0000, illum 0.0000) | val RMSE = 61.882, MAE = 34.458, GAME0 = 34.458, GAME1 = 49.103, GAME2 = 65.090, GAME3 = 78.282 | time = 48.4s
[epoch 005/100] lr = 1.00e-05 | train loss = 0.0007 (base 0.0007, count 0.0000, game 0.0000, temp 0.0000, illum 0.0000) | val RMSE = 52.745, MAE = 29.993, GAME0 = 29.993, GAME1 = 45.433, GAME2 = 60.329, GAME3 = 72.014 | time = 47.7s
[epoch 006/100] lr = 1.00e-05 | train loss = 0.0005 (base 0.0005, count 0.0000, game 0.0000, temp 0.0000, illum 0.0000) | val RMSE = 61.358, MAE = 31.930, GAME0 = 31.930, GAME1 = 38.272, GAME2 = 43.813, GAME3 = 48.713 | time = 47.8s
[epoch 007/100] lr = 1.00e-05 | train loss = 0.0005 (base 0.0005, count 0.0000, game 0.0000, temp 0.0000, illum 0.0000) | val RMSE = 61.749, MAE = 35.790, GAME0 = 35.790, GAME1 = 48.313, GAME2 = 60.939, GAME3 = 71.285 | time = 47.2s
[epoch 008/100] lr = 1.00e-05 | train loss = 0.0006 (base 0.0006, count 0.0000, game 0.0000, temp 0.0000, illum 0.0000) | val RMSE = 55.876, MAE = 36.547, GAME0 = 36.547, GAME1 = 41.669, GAME2 = 47.104, GAME3 = 52.571 | time = 47.0s
[epoch 009/100] lr = 1.00e-05 | train loss = 0.0004 (base 0.0004, count 0.0000, game 0.0000, temp 0.0000, illum 0.0000) | val RMSE = 49.066, MAE = 30.578, GAME0 = 30.578, GAME1 = 36.205, GAME2 = 42.059, GAME3 = 48.174 | time = 47.0s
[epoch 010/100] lr = 1.00e-05 | train loss = 0.0004 (base 0.0004, count 0.0000, game 0.0000, temp 0.0000, illum 0.0000) | val RMSE = 53.874, MAE = 26.141, GAME0 = 26.141, GAME1 = 33.316, GAME2 = 40.037, GAME3 = 45.904 | time = 47.5s
[epoch 011/100] lr = 1.00e-05 | train loss = 0.0005 (base 0.0005, count 0.0000, game 0.0000, temp 0.0000, illum 0.0000) | val RMSE = 51.782, MAE = 35.071, GAME0 = 35.071, GAME1 = 40.091, GAME2 = 45.831, GAME3 = 52.405 | time = 47.5s
[epoch 012/100] lr = 1.00e-05 | train loss = 0.0004 (base 0.0004, count 0.0000, game 0.0000, temp 0.0000, illum 0.0000) | val RMSE = 54.412, MAE = 26.726, GAME0 = 26.726, GAME1 = 32.297, GAME2 = 36.682, GAME3 = 41.933 | time = 47.1s
[epoch 013/100] lr = 1.00e-05 | train loss = 0.0005 (base 0.0005, count 0.0000, game 0.0000, temp 0.0000, illum 0.0000) | val RMSE = 47.854, MAE = 24.306, GAME0 = 24.306, GAME1 = 33.619, GAME2 = 40.947, GAME3 = 47.850 | time = 48.4s
[epoch 014/100] lr = 1.00e-05 | train loss = 0.0004 (base 0.0004, count 0.0000, game 0.0000, temp 0.0000, illum 0.0000) | val RMSE = 56.416, MAE = 34.127, GAME0 = 34.127, GAME1 = 37.278, GAME2 = 40.059, GAME3 = 43.306 | time = 47.3s
[epoch 015/100] lr = 1.00e-05 | train loss = 0.0004 (base 0.0004, count 0.0000, game 0.0000, temp 0.0000, illum 0.0000) | val RMSE = 54.912, MAE = 34.825, GAME0 = 34.825, GAME1 = 37.037, GAME2 = 38.990, GAME3 = 41.626 | time = 47.4s
[epoch 016/100] lr = 1.00e-05 | train loss = 0.0005 (base 0.0005, count 0.0000, game 0.0000, temp 0.0000, illum 0.0000) | val RMSE = 60.580, MAE = 49.944, GAME0 = 49.944, GAME1 = 55.280, GAME2 = 61.596, GAME3 = 68.177 | time = 47.2s
[epoch 017/100] lr = 1.00e-05 | train loss = 0.0005 (base 0.0005, count 0.0000, game 0.0000, temp 0.0000, illum 0.0000) | val RMSE = 68.789, MAE = 61.067, GAME0 = 61.067, GAME1 = 69.170, GAME2 = 80.327, GAME3 = 89.484 | time = 47.6s
[epoch 018/100] lr = 1.00e-05 | train loss = 0.0004 (base 0.0004, count 0.0000, game 0.0000, temp 0.0000, illum 0.0000) | val RMSE = 45.339, MAE = 22.690, GAME0 = 22.690, GAME1 = 31.368, GAME2 = 39.282, GAME3 = 46.433 | time = 47.3s
[epoch 019/100] lr = 1.00e-05 | train loss = 0.0005 (base 0.0005, count 0.0000, game 0.0000, temp 0.0000, illum 0.0000) | val RMSE = 42.109, MAE = 23.064, GAME0 = 23.064, GAME1 = 28.046, GAME2 = 32.242, GAME3 = 37.741 | time = 47.4s
[epoch 020/100] lr = 1.00e-05 | train loss = 0.0004 (base 0.0004, count 0.0000, game 0.0000, temp 0.0000, illum 0.0000) | val RMSE = 44.108, MAE = 24.005, GAME0 = 24.005, GAME1 = 28.844, GAME2 = 32.590, GAME3 = 37.643 | time = 47.5s
[epoch 021/100] lr = 1.00e-05 | train loss = 0.0003 (base 0.0003, count 0.0000, game 0.0000, temp 0.0000, illum 0.0000) | val RMSE = 46.040, MAE = 24.217, GAME0 = 24.217, GAME1 = 30.707, GAME2 = 36.001, GAME3 = 42.400 | time = 48.5s
[epoch 022/100] lr = 1.00e-05 | train loss = 0.0005 (base 0.0005, count 0.0000, game 0.0000, temp 0.0000, illum 0.0000) | val RMSE = 46.612, MAE = 24.076, GAME0 = 24.076, GAME1 = 30.413, GAME2 = 35.680, GAME3 = 41.698 | time = 47.7s
[epoch 023/100] lr = 1.00e-05 | train loss = 0.0005 (base 0.0005, count 0.0000, game 0.0000, temp 0.0000, illum 0.0000) | val RMSE = 81.768, MAE = 72.697, GAME0 = 72.697, GAME1 = 75.969, GAME2 = 79.723, GAME3 = 84.268 | time = 47.5s
[epoch 024/100] lr = 1.00e-05 | train loss = 0.0004 (base 0.0004, count 0.0000, game 0.0000, temp 0.0000, illum 0.0000) | val RMSE = 49.199, MAE = 30.728, GAME0 = 30.728, GAME1 = 36.559, GAME2 = 41.413, GAME3 = 46.936 | time = 47.4s
[epoch 025/100] lr = 1.00e-05 | train loss = 0.0005 (base 0.0005, count 0.0000, game 0.0000, temp 0.0000, illum 0.0000) | val RMSE = 45.088, MAE = 23.216, GAME0 = 23.216, GAME1 = 30.228, GAME2 = 36.185, GAME3 = 42.587 | time = 47.1s
[epoch 026/100] lr = 1.00e-05 | train loss = 0.0004 (base 0.0004, count 0.0000, game 0.0000, temp 0.0000, illum 0.0000) | val RMSE = 46.657, MAE = 24.369, GAME0 = 24.369, GAME1 = 29.349, GAME2 = 33.367, GAME3 = 38.614 | time = 47.2s
[epoch 027/100] lr = 1.00e-05 | train loss = 0.0004 (base 0.0004, count 0.0000, game 0.0000, temp 0.0000, illum 0.0000) | val RMSE = 45.217, MAE = 25.501, GAME0 = 25.501, GAME1 = 39.527, GAME2 = 53.039, GAME3 = 62.117 | time = 47.6s
[epoch 028/100] lr = 1.00e-05 | train loss = 0.0005 (base 0.0005, count 0.0000, game 0.0000, temp 0.0000, illum 0.0000) | val RMSE = 42.203, MAE = 23.954, GAME0 = 23.954, GAME1 = 28.888, GAME2 = 32.709, GAME3 = 38.235 | time = 47.5s
[epoch 029/100] lr = 1.00e-05 | train loss = 0.0005 (base 0.0005, count 0.0000, game 0.0000, temp 0.0000, illum 0.0000) | val RMSE = 57.687, MAE = 36.270, GAME0 = 36.270, GAME1 = 38.417, GAME2 = 40.311, GAME3 = 42.803 | time = 47.7s
[epoch 030/100] lr = 1.00e-05 | train loss = 0.0004 (base 0.0004, count 0.0000, game 0.0000, temp 0.0000, illum 0.0000) | val RMSE = 43.248, MAE = 23.990, GAME0 = 23.990, GAME1 = 28.835, GAME2 = 32.517, GAME3 = 37.619 | time = 48.8s
[epoch 031/100] lr = 1.00e-05 | train loss = 0.0004 (base 0.0004, count 0.0000, game 0.0000, temp 0.0000, illum 0.0000) | val RMSE = 46.252, MAE = 31.641, GAME0 = 31.641, GAME1 = 40.300, GAME2 = 48.449, GAME3 = 55.899 | time = 47.8s
[epoch 032/100] lr = 1.00e-05 | train loss = 0.0004 (base 0.0004, count 0.0000, game 0.0000, temp 0.0000, illum 0.0000) | val RMSE = 50.518, MAE = 29.580, GAME0 = 29.580, GAME1 = 32.386, GAME2 = 35.102, GAME3 = 38.671 | time = 47.2s
[epoch 033/100] lr = 1.00e-05 | train loss = 0.0003 (base 0.0003, count 0.0000, game 0.0000, temp 0.0000, illum 0.0000) | val RMSE = 44.588, MAE = 31.351, GAME0 = 31.351, GAME1 = 38.422, GAME2 = 44.784, GAME3 = 51.361 | time = 46.8s
[epoch 034/100] lr = 1.00e-05 | train loss = 0.0003 (base 0.0003, count 0.0000, game 0.0000, temp 0.0000, illum 0.0000) | val RMSE = 43.544, MAE = 25.861, GAME0 = 25.861, GAME1 = 30.724, GAME2 = 34.458, GAME3 = 40.277 | time = 47.4s
[epoch 035/100] lr = 1.00e-05 | train loss = 0.0004 (base 0.0004, count 0.0000, game 0.0000, temp 0.0000, illum 0.0000) | val RMSE = 47.705, MAE = 30.042, GAME0 = 30.042, GAME1 = 35.775, GAME2 = 41.133, GAME3 = 47.055 | time = 47.4s
[epoch 036/100] lr = 1.00e-05 | train loss = 0.0004 (base 0.0004, count 0.0000, game 0.0000, temp 0.0000, illum 0.0000) | val RMSE = 48.156, MAE = 29.875, GAME0 = 29.875, GAME1 = 34.724, GAME2 = 39.065, GAME3 = 44.597 | time = 47.8s
[epoch 037/100] lr = 1.00e-05 | train loss = 0.0005 (base 0.0005, count 0.0000, game 0.0000, temp 0.0000, illum 0.0000) | val RMSE = 57.708, MAE = 48.045, GAME0 = 48.045, GAME1 = 53.743, GAME2 = 60.312, GAME3 = 66.264 | time = 47.7s
[epoch 038/100] lr = 1.00e-05 | train loss = 0.0004 (base 0.0004, count 0.0000, game 0.0000, temp 0.0000, illum 0.0000) | val RMSE = 43.047, MAE = 28.096, GAME0 = 28.096, GAME1 = 32.889, GAME2 = 36.840, GAME3 = 42.233 | time = 47.3s
[epoch 039/100] lr = 1.00e-05 | train loss = 0.0004 (base 0.0004, count 0.0000, game 0.0000, temp 0.0000, illum 0.0000) | val RMSE = 45.923, MAE = 25.615, GAME0 = 25.615, GAME1 = 30.792, GAME2 = 34.421, GAME3 = 39.506 | time = 47.4s
[epoch 040/100] lr = 1.00e-05 | train loss = 0.0003 (base 0.0003, count 0.0000, game 0.0000, temp 0.0000, illum 0.0000) | val RMSE = 54.133, MAE = 33.071, GAME0 = 33.071, GAME1 = 35.593, GAME2 = 37.987, GAME3 = 41.075 | time = 49.5s
[epoch 041/100] lr = 1.00e-05 | train loss = 0.0004 (base 0.0004, count 0.0000, game 0.0000, temp 0.0000, illum 0.0000) | val RMSE = 61.112, MAE = 51.172, GAME0 = 51.172, GAME1 = 56.815, GAME2 = 63.326, GAME3 = 69.379 | time = 47.6s
[epoch 042/100] lr = 1.00e-05 | train loss = 0.0004 (base 0.0004, count 0.0000, game 0.0000, temp 0.0000, illum 0.0000) | val RMSE = 44.259, MAE = 25.652, GAME0 = 25.652, GAME1 = 32.063, GAME2 = 37.464, GAME3 = 43.877 | time = 47.7s
[epoch 043/100] lr = 1.00e-05 | train loss = 0.0004 (base 0.0004, count 0.0000, game 0.0000, temp 0.0000, illum 0.0000) | val RMSE = 48.041, MAE = 24.665, GAME0 = 24.665, GAME1 = 30.769, GAME2 = 35.849, GAME3 = 41.387 | time = 47.5s
[epoch 044/100] lr = 1.00e-05 | train loss = 0.0004 (base 0.0004, count 0.0000, game 0.0000, temp 0.0000, illum 0.0000) | val RMSE = 51.323, MAE = 35.404, GAME0 = 35.404, GAME1 = 39.600, GAME2 = 43.585, GAME3 = 49.100 | time = 47.2s
[epoch 045/100] lr = 1.00e-05 | train loss = 0.0004 (base 0.0004, count 0.0000, game 0.0000, temp 0.0000, illum 0.0000) | val RMSE = 53.166, MAE = 38.488, GAME0 = 38.488, GAME1 = 43.655, GAME2 = 48.378, GAME3 = 54.253 | time = 46.7s
[epoch 046/100] lr = 1.00e-05 | train loss = 0.0004 (base 0.0004, count 0.0000, game 0.0000, temp 0.0000, illum 0.0000) | val RMSE = 45.826, MAE = 23.772, GAME0 = 23.772, GAME1 = 29.604, GAME2 = 34.939, GAME3 = 40.480 | time = 47.6s
[epoch 047/100] lr = 1.00e-05 | train loss = 0.0004 (base 0.0004, count 0.0000, game 0.0000, temp 0.0000, illum 0.0000) | val RMSE = 52.449, MAE = 37.276, GAME0 = 37.276, GAME1 = 41.600, GAME2 = 45.537, GAME3 = 51.076 | time = 47.2s
[epoch 048/100] lr = 1.00e-05 | train loss = 0.0005 (base 0.0005, count 0.0000, game 0.0000, temp 0.0000, illum 0.0000) | val RMSE = 46.352, MAE = 23.826, GAME0 = 23.826, GAME1 = 29.838, GAME2 = 34.814, GAME3 = 40.697 | time = 48.1s
[epoch 049/100] lr = 1.00e-05 | train loss = 0.0004 (base 0.0004, count 0.0000, game 0.0000, temp 0.0000, illum 0.0000) | val RMSE = 46.231, MAE = 24.048, GAME0 = 24.048, GAME1 = 29.622, GAME2 = 34.585, GAME3 = 40.105 | time = 47.2s
[epoch 050/100] lr = 1.00e-05 | train loss = 0.0004 (base 0.0004, count 0.0000, game 0.0000, temp 0.0000, illum 0.0000) | val RMSE = 45.674, MAE = 24.736, GAME0 = 24.736, GAME1 = 29.838, GAME2 = 33.717, GAME3 = 39.090 | time = 47.9s
[epoch 051/100] lr = 1.00e-05 | train loss = 0.0004 (base 0.0004, count 0.0000, game 0.0000, temp 0.0000, illum 0.0000) | val RMSE = 46.609, MAE = 25.763, GAME0 = 25.763, GAME1 = 30.534, GAME2 = 34.200, GAME3 = 39.164 | time = 47.6s
[epoch 052/100] lr = 1.00e-05 | train loss = 0.0004 (base 0.0004, count 0.0000, game 0.0000, temp 0.0000, illum 0.0000) | val RMSE = 44.425, MAE = 30.701, GAME0 = 30.701, GAME1 = 36.733, GAME2 = 42.535, GAME3 = 49.582 | time = 46.4s
[epoch 053/100] lr = 1.00e-05 | train loss = 0.0004 (base 0.0004, count 0.0000, game 0.0000, temp 0.0000, illum 0.0000) | val RMSE = 44.005, MAE = 23.658, GAME0 = 23.658, GAME1 = 29.730, GAME2 = 34.447, GAME3 = 40.442 | time = 48.0s
[epoch 054/100] lr = 1.00e-05 | train loss = 0.0005 (base 0.0005, count 0.0000, game 0.0000, temp 0.0000, illum 0.0000) | val RMSE = 48.608, MAE = 35.420, GAME0 = 35.420, GAME1 = 39.939, GAME2 = 44.719, GAME3 = 51.533 | time = 47.8s
[epoch 055/100] lr = 1.00e-05 | train loss = 0.0004 (base 0.0004, count 0.0000, game 0.0000, temp 0.0000, illum 0.0000) | val RMSE = 51.098, MAE = 37.581, GAME0 = 37.581, GAME1 = 42.381, GAME2 = 47.194, GAME3 = 53.775 | time = 47.9s
[epoch 056/100] lr = 1.00e-05 | train loss = 0.0004 (base 0.0004, count 0.0000, game 0.0000, temp 0.0000, illum 0.0000) | val RMSE = 45.550, MAE = 28.406, GAME0 = 28.406, GAME1 = 34.767, GAME2 = 40.506, GAME3 = 47.355 | time = 47.6s
[epoch 057/100] lr = 1.00e-05 | train loss = 0.0004 (base 0.0004, count 0.0000, game 0.0000, temp 0.0000, illum 0.0000) | val RMSE = 44.963, MAE = 29.949, GAME0 = 29.949, GAME1 = 34.877, GAME2 = 39.340, GAME3 = 45.499 | time = 47.5s
[epoch 058/100] lr = 1.00e-05 | train loss = 0.0004 (base 0.0004, count 0.0000, game 0.0000, temp 0.0000, illum 0.0000) | val RMSE = 43.274, MAE = 25.384, GAME0 = 25.384, GAME1 = 31.547, GAME2 = 36.805, GAME3 = 43.358 | time = 46.9s
[epoch 059/100] lr = 1.00e-05 | train loss = 0.0003 (base 0.0003, count 0.0000, game 0.0000, temp 0.0000, illum 0.0000) | val RMSE = 53.298, MAE = 29.500, GAME0 = 29.500, GAME1 = 33.350, GAME2 = 36.379, GAME3 = 40.324 | time = 48.1s
[epoch 060/100] lr = 1.00e-05 | train loss = 0.0003 (base 0.0003, count 0.0000, game 0.0000, temp 0.0000, illum 0.0000) | val RMSE = 46.271, MAE = 29.717, GAME0 = 29.717, GAME1 = 35.925, GAME2 = 41.259, GAME3 = 47.607 | time = 47.5s
[epoch 061/100] lr = 1.00e-05 | train loss = 0.0004 (base 0.0004, count 0.0000, game 0.0000, temp 0.0000, illum 0.0000) | val RMSE = 48.516, MAE = 24.843, GAME0 = 24.843, GAME1 = 29.917, GAME2 = 33.825, GAME3 = 39.181 | time = 47.8s
[epoch 062/100] lr = 1.00e-05 | train loss = 0.0004 (base 0.0004, count 0.0000, game 0.0000, temp 0.0000, illum 0.0000) | val RMSE = 46.249, MAE = 26.777, GAME0 = 26.777, GAME1 = 33.616, GAME2 = 39.428, GAME3 = 46.005 | time = 48.5s
[epoch 063/100] lr = 1.00e-05 | train loss = 0.0004 (base 0.0004, count 0.0000, game 0.0000, temp 0.0000, illum 0.0000) | val RMSE = 43.882, MAE = 23.544, GAME0 = 23.544, GAME1 = 30.176, GAME2 = 35.850, GAME3 = 42.359 | time = 47.4s
[epoch 064/100] lr = 1.00e-05 | train loss = 0.0003 (base 0.0003, count 0.0000, game 0.0000, temp 0.0000, illum 0.0000) | val RMSE = 47.904, MAE = 31.356, GAME0 = 31.356, GAME1 = 36.568, GAME2 = 41.204, GAME3 = 47.226 | time = 47.6s
[epoch 065/100] lr = 1.00e-05 | train loss = 0.0004 (base 0.0004, count 0.0000, game 0.0000, temp 0.0000, illum 0.0000) | val RMSE = 45.305, MAE = 23.340, GAME0 = 23.340, GAME1 = 28.796, GAME2 = 32.869, GAME3 = 38.369 | time = 47.8s
[epoch 066/100] lr = 1.00e-05 | train loss = 0.0004 (base 0.0004, count 0.0000, game 0.0000, temp 0.0000, illum 0.0000) | val RMSE = 59.185, MAE = 46.810, GAME0 = 46.810, GAME1 = 51.047, GAME2 = 55.285, GAME3 = 60.393 | time = 47.1s
[epoch 067/100] lr = 1.00e-05 | train loss = 0.0004 (base 0.0004, count 0.0000, game 0.0000, temp 0.0000, illum 0.0000) | val RMSE = 53.941, MAE = 31.313, GAME0 = 31.313, GAME1 = 34.270, GAME2 = 36.803, GAME3 = 40.169 | time = 47.8s
[epoch 068/100] lr = 1.00e-05 | train loss = 0.0005 (base 0.0005, count 0.0000, game 0.0000, temp 0.0000, illum 0.0000) | val RMSE = 46.115, MAE = 23.736, GAME0 = 23.736, GAME1 = 29.066, GAME2 = 33.309, GAME3 = 38.826 | time = 47.2s
[epoch 069/100] lr = 1.00e-05 | train loss = 0.0004 (base 0.0004, count 0.0000, game 0.0000, temp 0.0000, illum 0.0000) | val RMSE = 51.983, MAE = 38.912, GAME0 = 38.912, GAME1 = 42.918, GAME2 = 46.842, GAME3 = 52.072 | time = 47.5s
[epoch 070/100] lr = 1.00e-05 | train loss = 0.0003 (base 0.0003, count 0.0000, game 0.0000, temp 0.0000, illum 0.0000) | val RMSE = 50.342, MAE = 27.496, GAME0 = 27.496, GAME1 = 33.418, GAME2 = 38.177, GAME3 = 43.791 | time = 47.6s
[epoch 071/100] lr = 1.00e-05 | train loss = 0.0004 (base 0.0004, count 0.0000, game 0.0000, temp 0.0000, illum 0.0000) | val RMSE = 52.391, MAE = 31.274, GAME0 = 31.274, GAME1 = 33.649, GAME2 = 36.029, GAME3 = 39.257 | time = 47.4s
[epoch 072/100] lr = 1.00e-05 | train loss = 0.0004 (base 0.0004, count 0.0000, game 0.0000, temp 0.0000, illum 0.0000) | val RMSE = 59.133, MAE = 33.133, GAME0 = 33.133, GAME1 = 37.999, GAME2 = 42.696, GAME3 = 46.572 | time = 48.0s
[epoch 073/100] lr = 1.00e-05 | train loss = 0.0004 (base 0.0004, count 0.0000, game 0.0000, temp 0.0000, illum 0.0000) | val RMSE = 48.405, MAE = 34.460, GAME0 = 34.460, GAME1 = 40.809, GAME2 = 47.040, GAME3 = 53.694 | time = 46.9s
[epoch 074/100] lr = 1.00e-05 | train loss = 0.0005 (base 0.0005, count 0.0000, game 0.0000, temp 0.0000, illum 0.0000) | val RMSE = 46.119, MAE = 32.317, GAME0 = 32.317, GAME1 = 36.639, GAME2 = 41.053, GAME3 = 47.233 | time = 47.5s
[epoch 075/100] lr = 1.00e-05 | train loss = 0.0004 (base 0.0004, count 0.0000, game 0.0000, temp 0.0000, illum 0.0000) | val RMSE = 45.477, MAE = 29.451, GAME0 = 29.451, GAME1 = 33.948, GAME2 = 38.208, GAME3 = 44.289 | time = 47.6s
[epoch 076/100] lr = 1.00e-05 | train loss = 0.0004 (base 0.0004, count 0.0000, game 0.0000, temp 0.0000, illum 0.0000) | val RMSE = 45.995, MAE = 23.470, GAME0 = 23.470, GAME1 = 32.027, GAME2 = 39.387, GAME3 = 46.202 | time = 47.5s
[epoch 077/100] lr = 1.00e-05 | train loss = 0.0004 (base 0.0004, count 0.0000, game 0.0000, temp 0.0000, illum 0.0000) | val RMSE = 53.473, MAE = 40.358, GAME0 = 40.358, GAME1 = 44.526, GAME2 = 48.929, GAME3 = 54.588 | time = 47.2s
[epoch 078/100] lr = 1.00e-05 | train loss = 0.0004 (base 0.0004, count 0.0000, game 0.0000, temp 0.0000, illum 0.0000) | val RMSE = 44.361, MAE = 23.492, GAME0 = 23.492, GAME1 = 29.334, GAME2 = 33.920, GAME3 = 39.875 | time = 48.3s
[epoch 079/100] lr = 1.00e-05 | train loss = 0.0003 (base 0.0003, count 0.0000, game 0.0000, temp 0.0000, illum 0.0000) | val RMSE = 45.357, MAE = 28.872, GAME0 = 28.872, GAME1 = 35.617, GAME2 = 41.685, GAME3 = 48.419 | time = 48.5s
[epoch 080/100] lr = 1.00e-05 | train loss = 0.0004 (base 0.0004, count 0.0000, game 0.0000, temp 0.0000, illum 0.0000) | val RMSE = 46.229, MAE = 25.834, GAME0 = 25.834, GAME1 = 32.689, GAME2 = 38.032, GAME3 = 44.319 | time = 53.4s
[epoch 081/100] lr = 1.00e-05 | train loss = 0.0005 (base 0.0005, count 0.0000, game 0.0000, temp 0.0000, illum 0.0000) | val RMSE = 45.808, MAE = 23.878, GAME0 = 23.878, GAME1 = 29.216, GAME2 = 33.153, GAME3 = 38.535 | time = 47.9s
[epoch 082/100] lr = 1.00e-05 | train loss = 0.0005 (base 0.0005, count 0.0000, game 0.0000, temp 0.0000, illum 0.0000) | val RMSE = 42.180, MAE = 22.985, GAME0 = 22.985, GAME1 = 29.834, GAME2 = 35.579, GAME3 = 42.066 | time = 49.9s
[epoch 083/100] lr = 1.00e-05 | train loss = 0.0003 (base 0.0003, count 0.0000, game 0.0000, temp 0.0000, illum 0.0000) | val RMSE = 44.161, MAE = 22.948, GAME0 = 22.948, GAME1 = 28.682, GAME2 = 32.996, GAME3 = 39.017 | time = 47.8s
[epoch 084/100] lr = 1.00e-05 | train loss = 0.0004 (base 0.0004, count 0.0000, game 0.0000, temp 0.0000, illum 0.0000) | val RMSE = 56.286, MAE = 45.994, GAME0 = 45.994, GAME1 = 50.753, GAME2 = 56.065, GAME3 = 61.639 | time = 48.2s
[epoch 085/100] lr = 1.00e-05 | train loss = 0.0005 (base 0.0005, count 0.0000, game 0.0000, temp 0.0000, illum 0.0000) | val RMSE = 44.058, MAE = 24.103, GAME0 = 24.103, GAME1 = 30.266, GAME2 = 35.292, GAME3 = 41.652 | time = 47.1s
[epoch 086/100] lr = 1.00e-05 | train loss = 0.0004 (base 0.0004, count 0.0000, game 0.0000, temp 0.0000, illum 0.0000) | val RMSE = 48.127, MAE = 24.803, GAME0 = 24.803, GAME1 = 29.244, GAME2 = 33.126, GAME3 = 38.237 | time = 48.5s
[epoch 087/100] lr = 1.00e-05 | train loss = 0.0005 (base 0.0005, count 0.0000, game 0.0000, temp 0.0000, illum 0.0000) | val RMSE = 45.225, MAE = 27.556, GAME0 = 27.556, GAME1 = 32.950, GAME2 = 37.303, GAME3 = 43.449 | time = 47.6s
[epoch 088/100] lr = 1.00e-05 | train loss = 0.0005 (base 0.0005, count 0.0000, game 0.0000, temp 0.0000, illum 0.0000) | val RMSE = 48.784, MAE = 25.023, GAME0 = 25.023, GAME1 = 33.546, GAME2 = 40.080, GAME3 = 46.663 | time = 47.2s
[epoch 089/100] lr = 1.00e-05 | train loss = 0.0004 (base 0.0004, count 0.0000, game 0.0000, temp 0.0000, illum 0.0000) | val RMSE = 57.619, MAE = 45.628, GAME0 = 45.628, GAME1 = 49.428, GAME2 = 53.650, GAME3 = 59.397 | time = 47.2s
[epoch 090/100] lr = 1.00e-05 | train loss = 0.0004 (base 0.0004, count 0.0000, game 0.0000, temp 0.0000, illum 0.0000) | val RMSE = 43.625, MAE = 23.475, GAME0 = 23.475, GAME1 = 28.955, GAME2 = 33.190, GAME3 = 39.160 | time = 47.4s
[epoch 091/100] lr = 1.00e-05 | train loss = 0.0004 (base 0.0004, count 0.0000, game 0.0000, temp 0.0000, illum 0.0000) | val RMSE = 52.541, MAE = 30.446, GAME0 = 30.446, GAME1 = 40.410, GAME2 = 48.436, GAME3 = 55.635 | time = 47.4s
[epoch 092/100] lr = 1.00e-05 | train loss = 0.0004 (base 0.0004, count 0.0000, game 0.0000, temp 0.0000, illum 0.0000) | val RMSE = 50.957, MAE = 28.243, GAME0 = 28.243, GAME1 = 31.514, GAME2 = 34.682, GAME3 = 38.775 | time = 47.9s
[epoch 093/100] lr = 1.00e-05 | train loss = 0.0004 (base 0.0004, count 0.0000, game 0.0000, temp 0.0000, illum 0.0000) | val RMSE = 48.379, MAE = 24.522, GAME0 = 24.522, GAME1 = 29.165, GAME2 = 33.337, GAME3 = 38.444 | time = 47.3s
[epoch 094/100] lr = 1.00e-05 | train loss = 0.0006 (base 0.0006, count 0.0000, game 0.0000, temp 0.0000, illum 0.0000) | val RMSE = 47.920, MAE = 28.374, GAME0 = 28.374, GAME1 = 34.676, GAME2 = 40.211, GAME3 = 46.818 | time = 47.4s
[epoch 095/100] lr = 1.00e-05 | train loss = 0.0004 (base 0.0004, count 0.0000, game 0.0000, temp 0.0000, illum 0.0000) | val RMSE = 48.089, MAE = 24.311, GAME0 = 24.311, GAME1 = 29.928, GAME2 = 34.150, GAME3 = 39.860 | time = 46.9s
[epoch 096/100] lr = 1.00e-05 | train loss = 0.0004 (base 0.0004, count 0.0000, game 0.0000, temp 0.0000, illum 0.0000) | val RMSE = 49.175, MAE = 26.237, GAME0 = 26.237, GAME1 = 30.942, GAME2 = 34.622, GAME3 = 39.565 | time = 47.3s
[epoch 097/100] lr = 1.00e-05 | train loss = 0.0005 (base 0.0005, count 0.0000, game 0.0000, temp 0.0000, illum 0.0000) | val RMSE = 43.027, MAE = 24.834, GAME0 = 24.834, GAME1 = 30.004, GAME2 = 33.933, GAME3 = 39.382 | time = 47.4s
[epoch 098/100] lr = 1.00e-05 | train loss = 0.0004 (base 0.0004, count 0.0000, game 0.0000, temp 0.0000, illum 0.0000) | val RMSE = 44.409, MAE = 23.811, GAME0 = 23.811, GAME1 = 30.325, GAME2 = 35.579, GAME3 = 41.610 | time = 47.3s
[epoch 099/100] lr = 1.00e-05 | train loss = 0.0004 (base 0.0004, count 0.0000, game 0.0000, temp 0.0000, illum 0.0000) | val RMSE = 44.136, MAE = 30.429, GAME0 = 30.429, GAME1 = 35.280, GAME2 = 39.422, GAME3 = 45.315 | time = 47.4s
[epoch 100/100] lr = 1.00e-05 | train loss = 0.0003 (base 0.0003, count 0.0000, game 0.0000, temp 0.0000, illum 0.0000) | val RMSE = 42.599, MAE = 23.213, GAME0 = 23.213, GAME1 = 27.867, GAME2 = 31.904, GAME3 = 37.208 | time = 47.9s
[done] best RMSE = 42.109
