[log] /scratch/users/ntu/kenneth0/FYP-SmartObjectCounter/logs/train_rgbt_late_e100_sanity_12844482.pbs101_20260207_171927.log
[job] name=train_rgbt_late_e100_sanity id=12844482.pbs101 host=x1000c3s3b0n0 time=Sat Feb  7 17:19:27 +08 2026
torch 2.6.0+cu118 cuda True
[init] device = cuda
[init] train = 1030  val = 200  workers = 4
/scratch/users/ntu/kenneth0/FYP-SmartObjectCounter/scripts/train_rgbt.py:383: FutureWarning: `torch.cuda.amp.GradScaler(args...)` is deprecated. Please use `torch.amp.GradScaler('cuda', args...)` instead.
  scaler = GradScaler(enabled = bool(args.amp))
[e001 s0001/1030] loss = 279.644684
[e001 s0050/1030] loss = 12.886390
[e001 s0100/1030] loss = 7.384389
[e001 s0150/1030] loss = 5.454519
[e001 s0200/1030] loss = 4.731481
[e001 s0250/1030] loss = 4.347600
[e001 s0300/1030] loss = 3.979777
[e001 s0350/1030] loss = 3.784931
[e001 s0400/1030] loss = 3.737745
[e001 s0450/1030] loss = 4.610442
[e001 s0500/1030] loss = 4.372829
[e001 s0550/1030] loss = 4.184769
[e001 s0600/1030] loss = 4.085379
[e001 s0650/1030] loss = 4.024824
[e001 s0700/1030] loss = 3.987264
[e001 s0750/1030] loss = 3.919184
[e001 s0800/1030] loss = 3.817874
[e001 s0850/1030] loss = 3.872286
[e001 s0900/1030] loss = 3.767037
[e001 s0950/1030] loss = 3.809593
[e001 s1000/1030] loss = 3.755427
Epoch 001: train_loss = 3.731151  MAE/GAME0 = 23.228  RMSE = 42.235  GAME1 = 23.235  GAME2 = 23.244  GAME3 = 23.250  lr = 1.00e-05  time = 41.4s
[e002 s0001/1030] loss = 0.050044
[e002 s0050/1030] loss = 1.817613
[e002 s0100/1030] loss = 1.870137
[e002 s0150/1030] loss = 2.469768
[e002 s0200/1030] loss = 2.348617
[e002 s0250/1030] loss = 2.495804
[e002 s0300/1030] loss = 2.923622
[e002 s0350/1030] loss = 3.558527
[e002 s0400/1030] loss = 3.565541
[e002 s0450/1030] loss = 4.072881
[e002 s0500/1030] loss = 3.938538
[e002 s0550/1030] loss = 3.775837
[e002 s0600/1030] loss = 3.731143
[e002 s0650/1030] loss = 3.722843
[e002 s0700/1030] loss = 3.742232
[e002 s0750/1030] loss = 3.615969
[e002 s0800/1030] loss = 3.629808
[e002 s0850/1030] loss = 3.633968
[e002 s0900/1030] loss = 3.566814
[e002 s0950/1030] loss = 3.563266
[e002 s1000/1030] loss = 3.555884
Epoch 002: train_loss = 3.527761  MAE/GAME0 = 23.243  RMSE = 42.247  GAME1 = 23.243  GAME2 = 23.246  GAME3 = 23.246  lr = 1.00e-05  time = 13.1s
[e003 s0001/1030] loss = 0.000000
[e003 s0050/1030] loss = 1.970350
[e003 s0100/1030] loss = 2.353100
[e003 s0150/1030] loss = 2.847807
[e003 s0200/1030] loss = 5.525661
[e003 s0250/1030] loss = 4.788542
[e003 s0300/1030] loss = 4.613147
[e003 s0350/1030] loss = 4.213469
[e003 s0400/1030] loss = 4.309626
[e003 s0450/1030] loss = 4.068170
[e003 s0500/1030] loss = 3.935077
[e003 s0550/1030] loss = 3.760560
[e003 s0600/1030] loss = 3.707991
[e003 s0650/1030] loss = 3.592145
[e003 s0700/1030] loss = 3.547410
[e003 s0750/1030] loss = 3.504989
[e003 s0800/1030] loss = 3.442090
[e003 s0850/1030] loss = 3.475861
[e003 s0900/1030] loss = 3.546903
[e003 s0950/1030] loss = 3.556396
[e003 s1000/1030] loss = 3.504401
Epoch 003: train_loss = 3.528745  MAE/GAME0 = 23.243  RMSE = 42.247  GAME1 = 23.243  GAME2 = 23.247  GAME3 = 23.247  lr = 1.00e-05  time = 13.0s
[e004 s0001/1030] loss = 0.110926
[e004 s0050/1030] loss = 2.809505
[e004 s0100/1030] loss = 2.697449
[e004 s0150/1030] loss = 2.881736
[e004 s0200/1030] loss = 2.943143
[e004 s0250/1030] loss = 2.709350
[e004 s0300/1030] loss = 2.960338
[e004 s0350/1030] loss = 3.220384
[e004 s0400/1030] loss = 3.121220
[e004 s0450/1030] loss = 3.087640
[e004 s0500/1030] loss = 2.965603
[e004 s0550/1030] loss = 2.904485
[e004 s0600/1030] loss = 3.041731
[e004 s0650/1030] loss = 3.155906
[e004 s0700/1030] loss = 3.010627
[e004 s0750/1030] loss = 3.067537
[e004 s0800/1030] loss = 3.099711
[e004 s0850/1030] loss = 3.291912
[e004 s0900/1030] loss = 3.279722
[e004 s0950/1030] loss = 3.486192
[e004 s1000/1030] loss = 3.545621
Epoch 004: train_loss = 3.690908  MAE/GAME0 = 23.243  RMSE = 42.247  GAME1 = 23.243  GAME2 = 23.247  GAME3 = 23.247  lr = 1.00e-05  time = 13.2s
[e005 s0001/1030] loss = 0.219530
[e005 s0050/1030] loss = 2.321338
[e005 s0100/1030] loss = 2.345322
[e005 s0150/1030] loss = 2.823966
[e005 s0200/1030] loss = 2.795113
[e005 s0250/1030] loss = 3.260049
[e005 s0300/1030] loss = 3.050272
[e005 s0350/1030] loss = 2.840849
[e005 s0400/1030] loss = 3.287060
[e005 s0450/1030] loss = 3.163387
[e005 s0500/1030] loss = 3.115709
[e005 s0550/1030] loss = 3.089981
[e005 s0600/1030] loss = 2.975710
[e005 s0650/1030] loss = 3.181898
[e005 s0700/1030] loss = 3.148425
[e005 s0750/1030] loss = 3.153560
[e005 s0800/1030] loss = 3.032727
[e005 s0850/1030] loss = 3.028407
[e005 s0900/1030] loss = 3.004199
[e005 s0950/1030] loss = 2.952496
[e005 s1000/1030] loss = 3.012039
Epoch 005: train_loss = 2.978535  MAE/GAME0 = 23.244  RMSE = 42.247  GAME1 = 23.244  GAME2 = 23.246  GAME3 = 23.246  lr = 1.00e-05  time = 13.1s
[e006 s0001/1030] loss = 0.050044
[e006 s0050/1030] loss = 2.285461
[e006 s0100/1030] loss = 2.626123
[e006 s0150/1030] loss = 2.672749
[e006 s0200/1030] loss = 2.736881
[e006 s0250/1030] loss = 2.595358
[e006 s0300/1030] loss = 2.577211
[e006 s0350/1030] loss = 2.569381
[e006 s0400/1030] loss = 3.761721
[e006 s0450/1030] loss = 3.570714
[e006 s0500/1030] loss = 3.443025
[e006 s0550/1030] loss = 3.396066
[e006 s0600/1030] loss = 3.296307
[e006 s0650/1030] loss = 3.705547
[e006 s0700/1030] loss = 3.730072
[e006 s0750/1030] loss = 3.807908
[e006 s0800/1030] loss = 3.885497
[e006 s0850/1030] loss = 3.779266
[e006 s0900/1030] loss = 3.761723
[e006 s0950/1030] loss = 3.889368
[e006 s1000/1030] loss = 3.895988
Epoch 006: train_loss = 3.901970  MAE/GAME0 = 23.244  RMSE = 42.248  GAME1 = 23.244  GAME2 = 23.246  GAME3 = 23.246  lr = 1.00e-05  time = 13.0s
[e007 s0001/1030] loss = 8.647887
[e007 s0050/1030] loss = 3.860817
[e007 s0100/1030] loss = 3.752408
[e007 s0150/1030] loss = 3.264125
[e007 s0200/1030] loss = 3.166164
[e007 s0250/1030] loss = 3.355997
[e007 s0300/1030] loss = 3.327245
[e007 s0350/1030] loss = 3.859436
[e007 s0400/1030] loss = 4.358153
[e007 s0450/1030] loss = 4.606302
[e007 s0500/1030] loss = 4.423792
[e007 s0550/1030] loss = 4.368999
[e007 s0600/1030] loss = 4.206766
[e007 s0650/1030] loss = 4.072930
[e007 s0700/1030] loss = 3.932744
[e007 s0750/1030] loss = 3.832643
[e007 s0800/1030] loss = 3.724758
[e007 s0850/1030] loss = 3.681412
[e007 s0900/1030] loss = 3.679330
[e007 s0950/1030] loss = 3.686087
[e007 s1000/1030] loss = 3.664626
Epoch 007: train_loss = 3.642018  MAE/GAME0 = 23.245  RMSE = 42.248  GAME1 = 23.245  GAME2 = 23.245  GAME3 = 23.245  lr = 1.00e-05  time = 13.0s
[e008 s0001/1030] loss = 6.657078
[e008 s0050/1030] loss = 2.194220
[e008 s0100/1030] loss = 3.001729
[e008 s0150/1030] loss = 3.536990
[e008 s0200/1030] loss = 3.380329
[e008 s0250/1030] loss = 3.313532
[e008 s0300/1030] loss = 3.322329
[e008 s0350/1030] loss = 3.200634
[e008 s0400/1030] loss = 3.145294
[e008 s0450/1030] loss = 3.735692
[e008 s0500/1030] loss = 3.590828
[e008 s0550/1030] loss = 3.507621
[e008 s0600/1030] loss = 3.518330
[e008 s0650/1030] loss = 3.660384
[e008 s0700/1030] loss = 3.656263
[e008 s0750/1030] loss = 3.565571
[e008 s0800/1030] loss = 3.528082
[e008 s0850/1030] loss = 3.440390
[e008 s0900/1030] loss = 3.444555
[e008 s0950/1030] loss = 3.398666
[e008 s1000/1030] loss = 3.300972
Epoch 008: train_loss = 3.318436  MAE/GAME0 = 23.245  RMSE = 42.248  GAME1 = 23.245  GAME2 = 23.245  GAME3 = 23.245  lr = 1.00e-05  time = 13.0s
[e009 s0001/1030] loss = 1.763189
[e009 s0050/1030] loss = 4.239100
[e009 s0100/1030] loss = 5.030204
[e009 s0150/1030] loss = 5.269857
[e009 s0200/1030] loss = 5.539195
[e009 s0250/1030] loss = 4.659827
[e009 s0300/1030] loss = 4.451604
[e009 s0350/1030] loss = 4.090758
[e009 s0400/1030] loss = 4.006040
[e009 s0450/1030] loss = 3.909777
[e009 s0500/1030] loss = 3.780467
[e009 s0550/1030] loss = 3.718548
[e009 s0600/1030] loss = 3.600534
[e009 s0650/1030] loss = 3.459738
[e009 s0700/1030] loss = 3.346798
[e009 s0750/1030] loss = 3.368079
[e009 s0800/1030] loss = 3.282831
[e009 s0850/1030] loss = 3.303859
[e009 s0900/1030] loss = 3.245737
[e009 s0950/1030] loss = 3.170558
[e009 s1000/1030] loss = 3.176179
Epoch 009: train_loss = 3.213748  MAE/GAME0 = 23.245  RMSE = 42.248  GAME1 = 23.245  GAME2 = 23.245  GAME3 = 23.245  lr = 1.00e-05  time = 13.0s
[e010 s0001/1030] loss = 0.450283
[e010 s0050/1030] loss = 3.816215
[e010 s0100/1030] loss = 3.312390
[e010 s0150/1030] loss = 3.668774
[e010 s0200/1030] loss = 3.328729
[e010 s0250/1030] loss = 3.854969
[e010 s0300/1030] loss = 3.683333
[e010 s0350/1030] loss = 3.506167
[e010 s0400/1030] loss = 3.556781
[e010 s0450/1030] loss = 3.985690
[e010 s0500/1030] loss = 3.839875
[e010 s0550/1030] loss = 3.697146
[e010 s0600/1030] loss = 3.578495
[e010 s0650/1030] loss = 3.610862
[e010 s0700/1030] loss = 3.572192
[e010 s0750/1030] loss = 3.432063
[e010 s0800/1030] loss = 3.394956
[e010 s0850/1030] loss = 3.383311
[e010 s0900/1030] loss = 3.418846
[e010 s0950/1030] loss = 3.502166
[e010 s1000/1030] loss = 3.430271
Epoch 010: train_loss = 3.428511  MAE/GAME0 = 23.245  RMSE = 42.248  GAME1 = 23.245  GAME2 = 23.245  GAME3 = 23.245  lr = 1.00e-05  time = 13.5s
[e011 s0001/1030] loss = 1.040717
[e011 s0050/1030] loss = 2.231812
[e011 s0100/1030] loss = 3.132366
[e011 s0150/1030] loss = 3.224287
[e011 s0200/1030] loss = 3.835753
[e011 s0250/1030] loss = 3.332265
[e011 s0300/1030] loss = 3.080738
[e011 s0350/1030] loss = 3.048752
[e011 s0400/1030] loss = 3.186292
[e011 s0450/1030] loss = 3.025261
[e011 s0500/1030] loss = 2.972755
[e011 s0550/1030] loss = 2.980717
[e011 s0600/1030] loss = 2.875909
[e011 s0650/1030] loss = 2.916051
[e011 s0700/1030] loss = 2.946712
[e011 s0750/1030] loss = 2.946939
[e011 s0800/1030] loss = 2.939012
[e011 s0850/1030] loss = 2.936166
[e011 s0900/1030] loss = 3.144353
[e011 s0950/1030] loss = 3.583864
[e011 s1000/1030] loss = 3.517790
Epoch 011: train_loss = 3.472866  MAE/GAME0 = 23.245  RMSE = 42.248  GAME1 = 23.245  GAME2 = 23.245  GAME3 = 23.245  lr = 1.00e-05  time = 13.1s
[e012 s0001/1030] loss = 0.000000
[e012 s0050/1030] loss = 1.758609
[e012 s0100/1030] loss = 1.965184
[e012 s0150/1030] loss = 2.728539
[e012 s0200/1030] loss = 2.699004
[e012 s0250/1030] loss = 2.989925
[e012 s0300/1030] loss = 2.935361
[e012 s0350/1030] loss = 2.860009
[e012 s0400/1030] loss = 2.744544
[e012 s0450/1030] loss = 2.904544
[e012 s0500/1030] loss = 2.825863
[e012 s0550/1030] loss = 3.012522
[e012 s0600/1030] loss = 3.127031
[e012 s0650/1030] loss = 3.454618
[e012 s0700/1030] loss = 3.563905
[e012 s0750/1030] loss = 3.493197
[e012 s0800/1030] loss = 3.479245
[e012 s0850/1030] loss = 3.588502
[e012 s0900/1030] loss = 3.521450
[e012 s0950/1030] loss = 3.472335
[e012 s1000/1030] loss = 3.468643
Epoch 012: train_loss = 3.467749  MAE/GAME0 = 23.245  RMSE = 42.248  GAME1 = 23.245  GAME2 = 23.245  GAME3 = 23.245  lr = 1.00e-05  time = 13.0s
[e013 s0001/1030] loss = 11.850760
[e013 s0050/1030] loss = 4.163100
[e013 s0100/1030] loss = 2.787635
[e013 s0150/1030] loss = 2.384250
[e013 s0200/1030] loss = 2.383253
[e013 s0250/1030] loss = 2.899717
[e013 s0300/1030] loss = 3.055929
[e013 s0350/1030] loss = 3.148423
[e013 s0400/1030] loss = 3.061619
[e013 s0450/1030] loss = 2.980065
[e013 s0500/1030] loss = 2.939259
[e013 s0550/1030] loss = 2.872818
[e013 s0600/1030] loss = 2.833997
[e013 s0650/1030] loss = 3.184959
[e013 s0700/1030] loss = 3.152360
[e013 s0750/1030] loss = 3.105556
[e013 s0800/1030] loss = 3.061429
[e013 s0850/1030] loss = 3.047017
[e013 s0900/1030] loss = 3.101090
[e013 s0950/1030] loss = 3.141012
[e013 s1000/1030] loss = 3.071161
Epoch 013: train_loss = 3.324624  MAE/GAME0 = 23.245  RMSE = 42.248  GAME1 = 23.245  GAME2 = 23.245  GAME3 = 23.245  lr = 1.00e-05  time = 13.0s
[e014 s0001/1030] loss = 0.784086
[e014 s0050/1030] loss = 1.768140
[e014 s0100/1030] loss = 2.410741
[e014 s0150/1030] loss = 2.594080
[e014 s0200/1030] loss = 2.210940
[e014 s0250/1030] loss = 2.193298
[e014 s0300/1030] loss = 2.217814
[e014 s0350/1030] loss = 2.816201
[e014 s0400/1030] loss = 3.332172
[e014 s0450/1030] loss = 3.259595
[e014 s0500/1030] loss = 3.146748
[e014 s0550/1030] loss = 3.383513
[e014 s0600/1030] loss = 3.581061
[e014 s0650/1030] loss = 3.552842
[e014 s0700/1030] loss = 3.553091
[e014 s0750/1030] loss = 3.537156
[e014 s0800/1030] loss = 3.658937
[e014 s0850/1030] loss = 3.560345
[e014 s0900/1030] loss = 3.469454
[e014 s0950/1030] loss = 3.707116
[e014 s1000/1030] loss = 3.691813
Epoch 014: train_loss = 3.736084  MAE/GAME0 = 23.245  RMSE = 42.248  GAME1 = 23.245  GAME2 = 23.245  GAME3 = 23.245  lr = 1.00e-05  time = 13.1s
[e015 s0001/1030] loss = 0.050645
[e015 s0050/1030] loss = 2.525505
[e015 s0100/1030] loss = 4.278430
[e015 s0150/1030] loss = 3.943139
[e015 s0200/1030] loss = 3.699918
[e015 s0250/1030] loss = 3.659297
[e015 s0300/1030] loss = 3.405159
[e015 s0350/1030] loss = 3.477812
[e015 s0400/1030] loss = 3.375479
[e015 s0450/1030] loss = 3.320748
[e015 s0500/1030] loss = 3.367562
[e015 s0550/1030] loss = 3.454829
[e015 s0600/1030] loss = 3.358886
[e015 s0650/1030] loss = 3.275502
[e015 s0700/1030] loss = 3.311070
[e015 s0750/1030] loss = 3.370847
[e015 s0800/1030] loss = 3.342779
[e015 s0850/1030] loss = 3.556505
[e015 s0900/1030] loss = 3.614250
[e015 s0950/1030] loss = 3.648610
[e015 s1000/1030] loss = 3.574789
Epoch 015: train_loss = 3.592796  MAE/GAME0 = 23.245  RMSE = 42.248  GAME1 = 23.245  GAME2 = 23.245  GAME3 = 23.245  lr = 1.00e-05  time = 13.0s
[e016 s0001/1030] loss = 0.231778
[e016 s0050/1030] loss = 2.215677
[e016 s0100/1030] loss = 2.106727
[e016 s0150/1030] loss = 3.394071
[e016 s0200/1030] loss = 4.100852
[e016 s0250/1030] loss = 3.904146
[e016 s0300/1030] loss = 3.647235
[e016 s0350/1030] loss = 3.945611
[e016 s0400/1030] loss = 4.001885
[e016 s0450/1030] loss = 4.003246
[e016 s0500/1030] loss = 3.942382
[e016 s0550/1030] loss = 3.872460
[e016 s0600/1030] loss = 3.757854
[e016 s0650/1030] loss = 3.605419
[e016 s0700/1030] loss = 3.697353
[e016 s0750/1030] loss = 3.643649
[e016 s0800/1030] loss = 3.517107
[e016 s0850/1030] loss = 3.453001
[e016 s0900/1030] loss = 3.421315
[e016 s0950/1030] loss = 3.472767
[e016 s1000/1030] loss = 3.422082
Epoch 016: train_loss = 3.377220  MAE/GAME0 = 23.245  RMSE = 42.248  GAME1 = 23.245  GAME2 = 23.245  GAME3 = 23.245  lr = 1.00e-05  time = 12.9s
[e017 s0001/1030] loss = 4.258626
[e017 s0050/1030] loss = 2.844089
[e017 s0100/1030] loss = 3.351311
[e017 s0150/1030] loss = 3.829041
[e017 s0200/1030] loss = 3.307104
[e017 s0250/1030] loss = 3.040161
[e017 s0300/1030] loss = 3.045297
[e017 s0350/1030] loss = 2.967675
[e017 s0400/1030] loss = 3.002315
[e017 s0450/1030] loss = 3.046021
[e017 s0500/1030] loss = 3.380560
[e017 s0550/1030] loss = 3.285187
[e017 s0600/1030] loss = 3.215518
[e017 s0650/1030] loss = 3.192225
[e017 s0700/1030] loss = 3.136286
[e017 s0750/1030] loss = 3.144735
[e017 s0800/1030] loss = 3.185855
[e017 s0850/1030] loss = 3.120196
[e017 s0900/1030] loss = 3.303735
[e017 s0950/1030] loss = 3.274523
[e017 s1000/1030] loss = 3.253483
Epoch 017: train_loss = 3.200278  MAE/GAME0 = 23.245  RMSE = 42.248  GAME1 = 23.245  GAME2 = 23.245  GAME3 = 23.245  lr = 1.00e-05  time = 13.0s
[e018 s0001/1030] loss = 0.067631
[e018 s0050/1030] loss = 3.206159
[e018 s0100/1030] loss = 3.479549
[e018 s0150/1030] loss = 3.136155
[e018 s0200/1030] loss = 3.254352
[e018 s0250/1030] loss = 3.292430
[e018 s0300/1030] loss = 3.975336
[e018 s0350/1030] loss = 3.729278
[e018 s0400/1030] loss = 3.572365
[e018 s0450/1030] loss = 3.533310
[e018 s0500/1030] loss = 3.468005
[e018 s0550/1030] loss = 3.534874
[e018 s0600/1030] loss = 3.408541
[e018 s0650/1030] loss = 3.343038
[e018 s0700/1030] loss = 3.403018
[e018 s0750/1030] loss = 3.264207
[e018 s0800/1030] loss = 3.230741
[e018 s0850/1030] loss = 3.207875
[e018 s0900/1030] loss = 3.129311
[e018 s0950/1030] loss = 3.099046
[e018 s1000/1030] loss = 3.165364
Epoch 018: train_loss = 3.404810  MAE/GAME0 = 23.245  RMSE = 42.248  GAME1 = 23.245  GAME2 = 23.245  GAME3 = 23.245  lr = 1.00e-05  time = 12.9s
[e019 s0001/1030] loss = 3.607594
[e019 s0050/1030] loss = 2.567940
[e019 s0100/1030] loss = 2.910180
[e019 s0150/1030] loss = 3.453216
[e019 s0200/1030] loss = 3.124335
[e019 s0250/1030] loss = 3.860926
[e019 s0300/1030] loss = 3.639752
[e019 s0350/1030] loss = 3.525888
[e019 s0400/1030] loss = 3.649882
[e019 s0450/1030] loss = 3.770336
[e019 s0500/1030] loss = 3.587232
[e019 s0550/1030] loss = 3.428248
[e019 s0600/1030] loss = 3.307567
[e019 s0650/1030] loss = 3.188194
[e019 s0700/1030] loss = 3.103342
[e019 s0750/1030] loss = 3.200673
[e019 s0800/1030] loss = 3.145024
[e019 s0850/1030] loss = 3.154655
[e019 s0900/1030] loss = 3.188540
[e019 s0950/1030] loss = 3.176582
[e019 s1000/1030] loss = 3.117007
Epoch 019: train_loss = 3.074027  MAE/GAME0 = 23.245  RMSE = 42.248  GAME1 = 23.245  GAME2 = 23.245  GAME3 = 23.245  lr = 1.00e-05  time = 13.0s
[e020 s0001/1030] loss = 2.408193
[e020 s0050/1030] loss = 3.105135
[e020 s0100/1030] loss = 3.560005
[e020 s0150/1030] loss = 3.189788
[e020 s0200/1030] loss = 2.934188
[e020 s0250/1030] loss = 3.654682
[e020 s0300/1030] loss = 3.435260
[e020 s0350/1030] loss = 3.597187
[e020 s0400/1030] loss = 3.525426
[e020 s0450/1030] loss = 3.602188
[e020 s0500/1030] loss = 3.380144
[e020 s0550/1030] loss = 3.650977
[e020 s0600/1030] loss = 3.618257
[e020 s0650/1030] loss = 3.575588
[e020 s0700/1030] loss = 3.451925
[e020 s0750/1030] loss = 3.449600
[e020 s0800/1030] loss = 3.442536
[e020 s0850/1030] loss = 3.392574
[e020 s0900/1030] loss = 3.329447
[e020 s0950/1030] loss = 3.268850
[e020 s1000/1030] loss = 3.249266
Epoch 020: train_loss = 3.328164  MAE/GAME0 = 23.245  RMSE = 42.248  GAME1 = 23.245  GAME2 = 23.245  GAME3 = 23.245  lr = 1.00e-05  time = 13.1s
[done] best_mae = 23.228  best_path = /scratch/users/ntu/kenneth0/FYP-SmartObjectCounter/outputs/train_rgbt_late_e100_sanity/12844482.pbs101_20260207_171927/best.pth
