[log] /scratch/users/ntu/kenneth0/FYP-SmartObjectCounter/logs/train_rgbt_adaptive_late_e100_sanity_12736668.pbs101_20260114_163843.log
[job] name=train_rgbt_adaptive_late_e100_sanity id=12736668.pbs101 host=x1000c1s6b0n1 time=Wed Jan 14 16:38:43 +08 2026
[init] device = cuda
[init] train = 1030  val = 200  workers = 4
[e001 s0001/1030] loss = 2257.520996
[e001 s0050/1030] loss = 625.038027
[e001 s0100/1030] loss = 314.978375
[e001 s0150/1030] loss = 210.285475
[e001 s0200/1030] loss = 157.769877
[e001 s0250/1030] loss = 126.228192
[e001 s0300/1030] loss = 105.193596
[e001 s0350/1030] loss = 90.167401
[e001 s0400/1030] loss = 78.897364
[e001 s0450/1030] loss = 70.131653
[e001 s0500/1030] loss = 63.118960
[e001 s0550/1030] loss = 57.381201
[e001 s0600/1030] loss = 52.599682
[e001 s0650/1030] loss = 48.553757
[e001 s0700/1030] loss = 45.085832
[e001 s0750/1030] loss = 42.080265
[e001 s0800/1030] loss = 39.450387
[e001 s0850/1030] loss = 37.129885
[e001 s0900/1030] loss = 35.067222
[e001 s0950/1030] loss = 33.221690
[e001 s1000/1030] loss = 31.560707
-> saved adaptive_late_best.pth (MAE/GAME0 77.83)
Epoch 001: train_loss = 30.641517  MAE/GAME0 = 77.83  RMSE = 88.88  GAME1 = 24.73  GAME2 = 7.71  GAME3 = 2.21  lr = 1.00e-05  time = 155.6s
[e002 s0001/1030] loss = 0.001634
[e002 s0050/1030] loss = 0.002629
[e002 s0100/1030] loss = 0.001981
[e002 s0150/1030] loss = 0.001740
[e002 s0200/1030] loss = 0.001614
[e002 s0250/1030] loss = 0.001635
[e002 s0300/1030] loss = 0.001620
[e002 s0350/1030] loss = 0.001549
[e002 s0400/1030] loss = 0.001539
[e002 s0450/1030] loss = 0.001490
[e002 s0500/1030] loss = 0.001496
[e002 s0550/1030] loss = 0.001487
[e002 s0600/1030] loss = 0.001454
[e002 s0650/1030] loss = 0.001409
[e002 s0700/1030] loss = 0.001360
[e002 s0750/1030] loss = 0.001315
[e002 s0800/1030] loss = 0.001299
[e002 s0850/1030] loss = 0.001282
[e002 s0900/1030] loss = 0.001258
[e002 s0950/1030] loss = 0.001319
[e002 s1000/1030] loss = 0.001310
-> saved adaptive_late_best.pth (MAE/GAME0 44.83)
Epoch 002: train_loss = 0.001294  MAE/GAME0 = 44.83  RMSE = 64.64  GAME1 = 17.66  GAME2 = 6.06  GAME3 = 1.74  lr = 1.00e-05  time = 49.8s
[e003 s0001/1030] loss = 0.000404
[e003 s0050/1030] loss = 0.000728
[e003 s0100/1030] loss = 0.001019
[e003 s0150/1030] loss = 0.001140
[e003 s0200/1030] loss = 0.001034
[e003 s0250/1030] loss = 0.001136
[e003 s0300/1030] loss = 0.001180
[e003 s0350/1030] loss = 0.001169
[e003 s0400/1030] loss = 0.001102
[e003 s0450/1030] loss = 0.001038
[e003 s0500/1030] loss = 0.001010
[e003 s0550/1030] loss = 0.001019
[e003 s0600/1030] loss = 0.000987
[e003 s0650/1030] loss = 0.000960
[e003 s0700/1030] loss = 0.001058
[e003 s0750/1030] loss = 0.001047
[e003 s0800/1030] loss = 0.001047
[e003 s0850/1030] loss = 0.001028
[e003 s0900/1030] loss = 0.001006
[e003 s0950/1030] loss = 0.000992
[e003 s1000/1030] loss = 0.000970
-> saved adaptive_late_best.pth (MAE/GAME0 42.33)
Epoch 003: train_loss = 0.000961  MAE/GAME0 = 42.33  RMSE = 64.84  GAME1 = 15.92  GAME2 = 5.39  GAME3 = 1.56  lr = 1.00e-05  time = 47.6s
[e004 s0001/1030] loss = 0.000292
[e004 s0050/1030] loss = 0.001225
[e004 s0100/1030] loss = 0.000823
[e004 s0150/1030] loss = 0.000700
[e004 s0200/1030] loss = 0.000634
[e004 s0250/1030] loss = 0.000986
[e004 s0300/1030] loss = 0.000937
[e004 s0350/1030] loss = 0.000900
[e004 s0400/1030] loss = 0.000841
[e004 s0450/1030] loss = 0.001089
[e004 s0500/1030] loss = 0.001033
[e004 s0550/1030] loss = 0.001057
[e004 s0600/1030] loss = 0.001011
[e004 s0650/1030] loss = 0.000978
[e004 s0700/1030] loss = 0.000972
[e004 s0750/1030] loss = 0.000960
[e004 s0800/1030] loss = 0.000916
[e004 s0850/1030] loss = 0.000910
[e004 s0900/1030] loss = 0.000879
[e004 s0950/1030] loss = 0.000896
[e004 s1000/1030] loss = 0.000913
-> saved adaptive_late_best.pth (MAE/GAME0 37.95)
Epoch 004: train_loss = 0.000894  MAE/GAME0 = 37.95  RMSE = 70.59  GAME1 = 12.74  GAME2 = 3.93  GAME3 = 1.11  lr = 1.00e-05  time = 47.4s
[e005 s0001/1030] loss = 0.000165
[e005 s0050/1030] loss = 0.000442
[e005 s0100/1030] loss = 0.000457
[e005 s0150/1030] loss = 0.000566
[e005 s0200/1030] loss = 0.000521
[e005 s0250/1030] loss = 0.000602
[e005 s0300/1030] loss = 0.000587
[e005 s0350/1030] loss = 0.000605
[e005 s0400/1030] loss = 0.000649
[e005 s0450/1030] loss = 0.000612
[e005 s0500/1030] loss = 0.000603
[e005 s0550/1030] loss = 0.000591
[e005 s0600/1030] loss = 0.000642
[e005 s0650/1030] loss = 0.000641
[e005 s0700/1030] loss = 0.000622
[e005 s0750/1030] loss = 0.000607
[e005 s0800/1030] loss = 0.000625
[e005 s0850/1030] loss = 0.000611
[e005 s0900/1030] loss = 0.000593
[e005 s0950/1030] loss = 0.000586
[e005 s1000/1030] loss = 0.000733
Epoch 005: train_loss = 0.000724  MAE/GAME0 = 41.73  RMSE = 59.44  GAME1 = 11.77  GAME2 = 3.60  GAME3 = 1.07  lr = 1.00e-05  time = 48.7s
[e006 s0001/1030] loss = 0.000045
[e006 s0050/1030] loss = 0.000447
[e006 s0100/1030] loss = 0.000693
[e006 s0150/1030] loss = 0.000871
[e006 s0200/1030] loss = 0.000812
[e006 s0250/1030] loss = 0.000852
[e006 s0300/1030] loss = 0.000757
[e006 s0350/1030] loss = 0.000708
[e006 s0400/1030] loss = 0.000679
[e006 s0450/1030] loss = 0.000662
[e006 s0500/1030] loss = 0.000623
[e006 s0550/1030] loss = 0.000654
[e006 s0600/1030] loss = 0.000624
[e006 s0650/1030] loss = 0.000604
[e006 s0700/1030] loss = 0.000599
[e006 s0750/1030] loss = 0.000582
[e006 s0800/1030] loss = 0.000562
[e006 s0850/1030] loss = 0.000552
[e006 s0900/1030] loss = 0.000541
[e006 s0950/1030] loss = 0.000532
[e006 s1000/1030] loss = 0.000518
-> saved adaptive_late_best.pth (MAE/GAME0 31.14)
Epoch 006: train_loss = 0.000516  MAE/GAME0 = 31.14  RMSE = 56.35  GAME1 = 8.94  GAME2 = 2.67  GAME3 = 0.80  lr = 1.00e-05  time = 47.9s
[e007 s0001/1030] loss = 0.000399
[e007 s0050/1030] loss = 0.000228
[e007 s0100/1030] loss = 0.000459
[e007 s0150/1030] loss = 0.000527
[e007 s0200/1030] loss = 0.000493
[e007 s0250/1030] loss = 0.000460
[e007 s0300/1030] loss = 0.000774
[e007 s0350/1030] loss = 0.000790
[e007 s0400/1030] loss = 0.000722
[e007 s0450/1030] loss = 0.000696
[e007 s0500/1030] loss = 0.000663
[e007 s0550/1030] loss = 0.000629
[e007 s0600/1030] loss = 0.000613
[e007 s0650/1030] loss = 0.000587
[e007 s0700/1030] loss = 0.000622
[e007 s0750/1030] loss = 0.000602
[e007 s0800/1030] loss = 0.000584
[e007 s0850/1030] loss = 0.000564
[e007 s0900/1030] loss = 0.000544
[e007 s0950/1030] loss = 0.000542
[e007 s1000/1030] loss = 0.000538
Epoch 007: train_loss = 0.000530  MAE/GAME0 = 56.18  RMSE = 77.22  GAME1 = 14.20  GAME2 = 3.65  GAME3 = 0.97  lr = 1.00e-05  time = 48.7s
[e008 s0001/1030] loss = 0.000236
[e008 s0050/1030] loss = 0.000293
[e008 s0100/1030] loss = 0.000367
[e008 s0150/1030] loss = 0.000418
[e008 s0200/1030] loss = 0.000366
[e008 s0250/1030] loss = 0.000443
[e008 s0300/1030] loss = 0.000418
[e008 s0350/1030] loss = 0.000398
[e008 s0400/1030] loss = 0.000371
[e008 s0450/1030] loss = 0.000384
[e008 s0500/1030] loss = 0.000374
[e008 s0550/1030] loss = 0.000410
[e008 s0600/1030] loss = 0.000393
[e008 s0650/1030] loss = 0.000380
[e008 s0700/1030] loss = 0.000387
[e008 s0750/1030] loss = 0.000388
[e008 s0800/1030] loss = 0.000432
[e008 s0850/1030] loss = 0.000422
[e008 s0900/1030] loss = 0.000422
[e008 s0950/1030] loss = 0.000428
[e008 s1000/1030] loss = 0.000418
Epoch 008: train_loss = 0.000414  MAE/GAME0 = 65.30  RMSE = 83.09  GAME1 = 16.45  GAME2 = 4.23  GAME3 = 1.12  lr = 1.00e-05  time = 49.2s
[e009 s0001/1030] loss = 0.005602
[e009 s0050/1030] loss = 0.000277
[e009 s0100/1030] loss = 0.000304
[e009 s0150/1030] loss = 0.000330
[e009 s0200/1030] loss = 0.000510
[e009 s0250/1030] loss = 0.000456
[e009 s0300/1030] loss = 0.000449
[e009 s0350/1030] loss = 0.000497
[e009 s0400/1030] loss = 0.000468
[e009 s0450/1030] loss = 0.000431
[e009 s0500/1030] loss = 0.000423
[e009 s0550/1030] loss = 0.000405
[e009 s0600/1030] loss = 0.000443
[e009 s0650/1030] loss = 0.000424
[e009 s0700/1030] loss = 0.000436
[e009 s0750/1030] loss = 0.000426
[e009 s0800/1030] loss = 0.000431
[e009 s0850/1030] loss = 0.000433
[e009 s0900/1030] loss = 0.000416
[e009 s0950/1030] loss = 0.000405
[e009 s1000/1030] loss = 0.000403
-> saved adaptive_late_best.pth (MAE/GAME0 31.06)
Epoch 009: train_loss = 0.000410  MAE/GAME0 = 31.06  RMSE = 41.95  GAME1 = 8.66  GAME2 = 2.54  GAME3 = 0.76  lr = 1.00e-05  time = 49.6s
[e010 s0001/1030] loss = 0.000059
[e010 s0050/1030] loss = 0.000473
[e010 s0100/1030] loss = 0.000353
[e010 s0150/1030] loss = 0.000449
[e010 s0200/1030] loss = 0.000463
[e010 s0250/1030] loss = 0.000428
[e010 s0300/1030] loss = 0.000415
[e010 s0350/1030] loss = 0.000400
[e010 s0400/1030] loss = 0.000455
[e010 s0450/1030] loss = 0.000429
[e010 s0500/1030] loss = 0.000462
[e010 s0550/1030] loss = 0.000444
[e010 s0600/1030] loss = 0.000429
[e010 s0650/1030] loss = 0.000418
[e010 s0700/1030] loss = 0.000398
[e010 s0750/1030] loss = 0.000382
[e010 s0800/1030] loss = 0.000466
[e010 s0850/1030] loss = 0.000622
[e010 s0900/1030] loss = 0.000612
[e010 s0950/1030] loss = 0.000595
[e010 s1000/1030] loss = 0.000585
-> saved adaptive_late_best.pth (MAE/GAME0 25.35)
Epoch 010: train_loss = 0.000574  MAE/GAME0 = 25.35  RMSE = 43.61  GAME1 = 7.93  GAME2 = 2.47  GAME3 = 0.76  lr = 1.00e-05  time = 48.4s
