[log] /scratch/users/ntu/kenneth0/FYP-SmartObjectCounter/logs/train_rgbt_late_e100_sanity_12791760.pbs101_20260126_164013.log
[job] name=train_rgbt_late_e100_sanity id=12791760.pbs101 host=x1000c2s1b0n0 time=Mon Jan 26 16:40:13 +08 2026
torch 2.6.0+cu118 cuda True
[init] device = cuda
[init] train = 1030  val = 200  workers = 4
/scratch/users/ntu/kenneth0/FYP-SmartObjectCounter/scripts/train_rgbt.py:384: FutureWarning: `torch.cuda.amp.GradScaler(args...)` is deprecated. Please use `torch.amp.GradScaler('cuda', args...)` instead.
  scaler = GradScaler(enabled = bool(args.amp))
[e001 s0001/1030] loss = 6092.033203
[e001 s0050/1030] loss = 201.060111
[e001 s0100/1030] loss = 100.761930
[e001 s0150/1030] loss = 67.323039
[e001 s0200/1030] loss = 50.565479
[e001 s0250/1030] loss = 40.505306
[e001 s0300/1030] loss = 33.783295
[e001 s0350/1030] loss = 28.979158
[e001 s0400/1030] loss = 25.370045
[e001 s0450/1030] loss = 22.565822
[e001 s0500/1030] loss = 20.321354
[e001 s0550/1030] loss = 18.481021
[e001 s0600/1030] loss = 16.949111
[e001 s0650/1030] loss = 15.650059
[e001 s0700/1030] loss = 14.538775
[e001 s0750/1030] loss = 13.574019
[e001 s0800/1030] loss = 12.727755
[e001 s0850/1030] loss = 11.983841
[e001 s0900/1030] loss = 11.321448
[e001 s0950/1030] loss = 10.729152
[e001 s1000/1030] loss = 10.194465
Epoch 001: train_loss = 9.898458  MAE/GAME0 = 20.774  RMSE = 40.283  GAME1 = 23.322  GAME2 = 25.777  GAME3 = 26.593  lr = 1.00e-05  time = 18.3s
[e002 s0001/1030] loss = 0.001051
[e002 s0050/1030] loss = 0.029064
[e002 s0100/1030] loss = 0.039489
[e002 s0150/1030] loss = 0.038391
[e002 s0200/1030] loss = 0.038009
[e002 s0250/1030] loss = 0.038230
[e002 s0300/1030] loss = 0.037771
[e002 s0350/1030] loss = 0.038283
[e002 s0400/1030] loss = 0.038492
[e002 s0450/1030] loss = 0.038922
[e002 s0500/1030] loss = 0.038582
[e002 s0550/1030] loss = 0.037174
[e002 s0600/1030] loss = 0.037381
[e002 s0650/1030] loss = 0.036474
[e002 s0700/1030] loss = 0.036187
[e002 s0750/1030] loss = 0.035650
[e002 s0800/1030] loss = 0.035444
[e002 s0850/1030] loss = 0.035521
[e002 s0900/1030] loss = 0.034989
[e002 s0950/1030] loss = 0.034373
[e002 s1000/1030] loss = 0.034837
Epoch 002: train_loss = 0.034432  MAE/GAME0 = 22.534  RMSE = 41.656  GAME1 = 23.434  GAME2 = 24.008  GAME3 = 24.231  lr = 1.00e-05  time = 13.4s
[e003 s0001/1030] loss = 0.011401
[e003 s0050/1030] loss = 0.036572
[e003 s0100/1030] loss = 0.033530
[e003 s0150/1030] loss = 0.031319
[e003 s0200/1030] loss = 0.034314
[e003 s0250/1030] loss = 0.030746
[e003 s0300/1030] loss = 0.030002
[e003 s0350/1030] loss = 0.028604
[e003 s0400/1030] loss = 0.029110
[e003 s0450/1030] loss = 0.028490
[e003 s0500/1030] loss = 0.027829
[e003 s0550/1030] loss = 0.027012
[e003 s0600/1030] loss = 0.026885
[e003 s0650/1030] loss = 0.026252
[e003 s0700/1030] loss = 0.026420
[e003 s0750/1030] loss = 0.026006
[e003 s0800/1030] loss = 0.025919
[e003 s0850/1030] loss = 0.026184
[e003 s0900/1030] loss = 0.026378
[e003 s0950/1030] loss = 0.026300
[e003 s1000/1030] loss = 0.025962
Epoch 003: train_loss = 0.026115  MAE/GAME0 = 23.013  RMSE = 41.988  GAME1 = 23.324  GAME2 = 23.532  GAME3 = 23.630  lr = 1.00e-05  time = 13.4s
[e004 s0001/1030] loss = 0.003103
[e004 s0050/1030] loss = 0.020798
[e004 s0100/1030] loss = 0.022276
[e004 s0150/1030] loss = 0.022865
[e004 s0200/1030] loss = 0.022989
[e004 s0250/1030] loss = 0.021750
[e004 s0300/1030] loss = 0.023119
[e004 s0350/1030] loss = 0.023723
[e004 s0400/1030] loss = 0.023923
[e004 s0450/1030] loss = 0.023653
[e004 s0500/1030] loss = 0.022940
[e004 s0550/1030] loss = 0.022516
[e004 s0600/1030] loss = 0.022740
[e004 s0650/1030] loss = 0.023194
[e004 s0700/1030] loss = 0.022460
[e004 s0750/1030] loss = 0.022825
[e004 s0800/1030] loss = 0.022801
[e004 s0850/1030] loss = 0.022977
[e004 s0900/1030] loss = 0.022872
[e004 s0950/1030] loss = 0.023475
[e004 s1000/1030] loss = 0.023719
Epoch 004: train_loss = 0.023820  MAE/GAME0 = 23.205  RMSE = 42.157  GAME1 = 23.330  GAME2 = 23.385  GAME3 = 23.418  lr = 1.00e-05  time = 13.4s
[e005 s0001/1030] loss = 0.004229
[e005 s0050/1030] loss = 0.018760
[e005 s0100/1030] loss = 0.018026
[e005 s0150/1030] loss = 0.019600
[e005 s0200/1030] loss = 0.019139
[e005 s0250/1030] loss = 0.020672
[e005 s0300/1030] loss = 0.020091
[e005 s0350/1030] loss = 0.019394
[e005 s0400/1030] loss = 0.020496
[e005 s0450/1030] loss = 0.020144
[e005 s0500/1030] loss = 0.020125
[e005 s0550/1030] loss = 0.020303
[e005 s0600/1030] loss = 0.019945
[e005 s0650/1030] loss = 0.020216
[e005 s0700/1030] loss = 0.020273
[e005 s0750/1030] loss = 0.020387
[e005 s0800/1030] loss = 0.020058
[e005 s0850/1030] loss = 0.020021
[e005 s0900/1030] loss = 0.019984
[e005 s0950/1030] loss = 0.019880
[e005 s1000/1030] loss = 0.020182
Epoch 005: train_loss = 0.020092  MAE/GAME0 = 23.258  RMSE = 42.183  GAME1 = 23.317  GAME2 = 23.345  GAME3 = 23.359  lr = 1.00e-05  time = 13.3s
[e006 s0001/1030] loss = 0.001051
[e006 s0050/1030] loss = 0.016931
[e006 s0100/1030] loss = 0.018337
[e006 s0150/1030] loss = 0.018514
[e006 s0200/1030] loss = 0.019131
[e006 s0250/1030] loss = 0.018757
[e006 s0300/1030] loss = 0.018519
[e006 s0350/1030] loss = 0.019019
[e006 s0400/1030] loss = 0.021502
[e006 s0450/1030] loss = 0.021010
[e006 s0500/1030] loss = 0.020974
[e006 s0550/1030] loss = 0.020948
[e006 s0600/1030] loss = 0.020567
[e006 s0650/1030] loss = 0.021868
[e006 s0700/1030] loss = 0.022157
[e006 s0750/1030] loss = 0.022448
[e006 s0800/1030] loss = 0.022633
[e006 s0850/1030] loss = 0.022189
[e006 s0900/1030] loss = 0.022248
[e006 s0950/1030] loss = 0.022494
[e006 s1000/1030] loss = 0.022629
Epoch 006: train_loss = 0.022637  MAE/GAME0 = 23.298  RMSE = 42.255  GAME1 = 23.309  GAME2 = 23.311  GAME3 = 23.312  lr = 1.00e-05  time = 13.3s
[e007 s0001/1030] loss = 0.071252
[e007 s0050/1030] loss = 0.022990
[e007 s0100/1030] loss = 0.023293
[e007 s0150/1030] loss = 0.021362
[e007 s0200/1030] loss = 0.021107
[e007 s0250/1030] loss = 0.021620
[e007 s0300/1030] loss = 0.021518
[e007 s0350/1030] loss = 0.022567
[e007 s0400/1030] loss = 0.023335
[e007 s0450/1030] loss = 0.024063
[e007 s0500/1030] loss = 0.023668
[e007 s0550/1030] loss = 0.023487
[e007 s0600/1030] loss = 0.023026
[e007 s0650/1030] loss = 0.022569
[e007 s0700/1030] loss = 0.022295
[e007 s0750/1030] loss = 0.022007
[e007 s0800/1030] loss = 0.021633
[e007 s0850/1030] loss = 0.021462
[e007 s0900/1030] loss = 0.021664
[e007 s0950/1030] loss = 0.021743
[e007 s1000/1030] loss = 0.021802
Epoch 007: train_loss = 0.021695  MAE/GAME0 = 23.287  RMSE = 42.253  GAME1 = 23.297  GAME2 = 23.297  GAME3 = 23.297  lr = 1.00e-05  time = 13.4s
[e008 s0001/1030] loss = 0.040083
[e008 s0050/1030] loss = 0.016644
[e008 s0100/1030] loss = 0.018904
[e008 s0150/1030] loss = 0.020851
[e008 s0200/1030] loss = 0.020242
[e008 s0250/1030] loss = 0.020067
[e008 s0300/1030] loss = 0.020518
[e008 s0350/1030] loss = 0.020167
[e008 s0400/1030] loss = 0.019868
[e008 s0450/1030] loss = 0.021048
[e008 s0500/1030] loss = 0.020738
[e008 s0550/1030] loss = 0.020457
[e008 s0600/1030] loss = 0.020407
[e008 s0650/1030] loss = 0.020958
[e008 s0700/1030] loss = 0.021015
[e008 s0750/1030] loss = 0.020789
[e008 s0800/1030] loss = 0.020822
[e008 s0850/1030] loss = 0.020528
[e008 s0900/1030] loss = 0.020651
[e008 s0950/1030] loss = 0.020542
[e008 s1000/1030] loss = 0.020216
Epoch 008: train_loss = 0.020213  MAE/GAME0 = 23.280  RMSE = 42.251  GAME1 = 23.290  GAME2 = 23.290  GAME3 = 23.290  lr = 1.00e-05  time = 13.5s
[e009 s0001/1030] loss = 0.020019
[e009 s0050/1030] loss = 0.022476
[e009 s0100/1030] loss = 0.026620
[e009 s0150/1030] loss = 0.027148
[e009 s0200/1030] loss = 0.026581
[e009 s0250/1030] loss = 0.023502
[e009 s0300/1030] loss = 0.023074
[e009 s0350/1030] loss = 0.022149
[e009 s0400/1030] loss = 0.022436
[e009 s0450/1030] loss = 0.022319
[e009 s0500/1030] loss = 0.022103
[e009 s0550/1030] loss = 0.022039
[e009 s0600/1030] loss = 0.021683
[e009 s0650/1030] loss = 0.021180
[e009 s0700/1030] loss = 0.020765
[e009 s0750/1030] loss = 0.020849
[e009 s0800/1030] loss = 0.020460
[e009 s0850/1030] loss = 0.020602
[e009 s0900/1030] loss = 0.020381
[e009 s0950/1030] loss = 0.020056
[e009 s1000/1030] loss = 0.020086
Epoch 009: train_loss = 0.020222  MAE/GAME0 = 23.270  RMSE = 42.250  GAME1 = 23.280  GAME2 = 23.280  GAME3 = 23.280  lr = 1.00e-05  time = 13.3s
[e010 s0001/1030] loss = 0.007485
[e010 s0050/1030] loss = 0.022085
[e010 s0100/1030] loss = 0.021222
[e010 s0150/1030] loss = 0.021987
[e010 s0200/1030] loss = 0.021051
[e010 s0250/1030] loss = 0.022156
[e010 s0300/1030] loss = 0.021598
[e010 s0350/1030] loss = 0.021003
[e010 s0400/1030] loss = 0.021292
[e010 s0450/1030] loss = 0.022217
[e010 s0500/1030] loss = 0.021875
[e010 s0550/1030] loss = 0.021493
[e010 s0600/1030] loss = 0.021268
[e010 s0650/1030] loss = 0.021481
[e010 s0700/1030] loss = 0.021553
[e010 s0750/1030] loss = 0.021031
[e010 s0800/1030] loss = 0.020810
[e010 s0850/1030] loss = 0.020857
[e010 s0900/1030] loss = 0.021147
[e010 s0950/1030] loss = 0.021366
[e010 s1000/1030] loss = 0.021129
Epoch 010: train_loss = 0.021072  MAE/GAME0 = 23.268  RMSE = 42.250  GAME1 = 23.278  GAME2 = 23.278  GAME3 = 23.278  lr = 1.00e-05  time = 13.1s
[e011 s0001/1030] loss = 0.009225
[e011 s0050/1030] loss = 0.016842
[e011 s0100/1030] loss = 0.018881
[e011 s0150/1030] loss = 0.019697
[e011 s0200/1030] loss = 0.021516
[e011 s0250/1030] loss = 0.019903
[e011 s0300/1030] loss = 0.019411
[e011 s0350/1030] loss = 0.019674
[e011 s0400/1030] loss = 0.020315
[e011 s0450/1030] loss = 0.019783
[e011 s0500/1030] loss = 0.019472
[e011 s0550/1030] loss = 0.019526
[e011 s0600/1030] loss = 0.019112
[e011 s0650/1030] loss = 0.019118
[e011 s0700/1030] loss = 0.019339
[e011 s0750/1030] loss = 0.019406
[e011 s0800/1030] loss = 0.019325
[e011 s0850/1030] loss = 0.019451
[e011 s0900/1030] loss = 0.020147
[e011 s0950/1030] loss = 0.021027
[e011 s1000/1030] loss = 0.020819
Epoch 011: train_loss = 0.020672  MAE/GAME0 = 23.245  RMSE = 42.248  GAME1 = 23.245  GAME2 = 23.245  GAME3 = 23.245  lr = 1.00e-05  time = 13.2s
[e012 s0001/1030] loss = 0.000000
[e012 s0050/1030] loss = 0.015749
[e012 s0100/1030] loss = 0.016028
[e012 s0150/1030] loss = 0.019662
[e012 s0200/1030] loss = 0.019222
[e012 s0250/1030] loss = 0.019616
[e012 s0300/1030] loss = 0.019479
[e012 s0350/1030] loss = 0.019147
[e012 s0400/1030] loss = 0.018888
[e012 s0450/1030] loss = 0.019381
[e012 s0500/1030] loss = 0.019305
[e012 s0550/1030] loss = 0.019663
[e012 s0600/1030] loss = 0.020172
[e012 s0650/1030] loss = 0.020783
[e012 s0700/1030] loss = 0.020891
[e012 s0750/1030] loss = 0.020775
[e012 s0800/1030] loss = 0.020763
[e012 s0850/1030] loss = 0.021018
[e012 s0900/1030] loss = 0.020782
[e012 s0950/1030] loss = 0.020668
[e012 s1000/1030] loss = 0.020676
Epoch 012: train_loss = 0.020702  MAE/GAME0 = 23.245  RMSE = 42.248  GAME1 = 23.245  GAME2 = 23.245  GAME3 = 23.245  lr = 1.00e-05  time = 13.2s
[e013 s0001/1030] loss = 0.072376
[e013 s0050/1030] loss = 0.023989
[e013 s0100/1030] loss = 0.018236
[e013 s0150/1030] loss = 0.016685
[e013 s0200/1030] loss = 0.016901
[e013 s0250/1030] loss = 0.018547
[e013 s0300/1030] loss = 0.019697
[e013 s0350/1030] loss = 0.020130
[e013 s0400/1030] loss = 0.019745
[e013 s0450/1030] loss = 0.019408
[e013 s0500/1030] loss = 0.019191
[e013 s0550/1030] loss = 0.018837
[e013 s0600/1030] loss = 0.018594
[e013 s0650/1030] loss = 0.019718
[e013 s0700/1030] loss = 0.019673
[e013 s0750/1030] loss = 0.019576
[e013 s0800/1030] loss = 0.019535
[e013 s0850/1030] loss = 0.019582
[e013 s0900/1030] loss = 0.019697
[e013 s0950/1030] loss = 0.019894
[e013 s1000/1030] loss = 0.019680
Epoch 013: train_loss = 0.020355  MAE/GAME0 = 23.245  RMSE = 42.248  GAME1 = 23.245  GAME2 = 23.245  GAME3 = 23.245  lr = 1.00e-05  time = 13.2s
[e014 s0001/1030] loss = 0.010873
[e014 s0050/1030] loss = 0.014280
[e014 s0100/1030] loss = 0.018022
[e014 s0150/1030] loss = 0.018881
[e014 s0200/1030] loss = 0.016878
[e014 s0250/1030] loss = 0.016789
[e014 s0300/1030] loss = 0.017039
[e014 s0350/1030] loss = 0.018463
[e014 s0400/1030] loss = 0.019881
[e014 s0450/1030] loss = 0.019600
[e014 s0500/1030] loss = 0.019403
[e014 s0550/1030] loss = 0.020261
[e014 s0600/1030] loss = 0.020967
[e014 s0650/1030] loss = 0.020952
[e014 s0700/1030] loss = 0.020901
[e014 s0750/1030] loss = 0.021012
[e014 s0800/1030] loss = 0.021575
[e014 s0850/1030] loss = 0.021265
[e014 s0900/1030] loss = 0.020993
[e014 s0950/1030] loss = 0.021543
[e014 s1000/1030] loss = 0.021516
Epoch 014: train_loss = 0.021704  MAE/GAME0 = 23.245  RMSE = 42.248  GAME1 = 23.245  GAME2 = 23.245  GAME3 = 23.245  lr = 1.00e-05  time = 13.4s
[e015 s0001/1030] loss = 0.001052
[e015 s0050/1030] loss = 0.016845
[e015 s0100/1030] loss = 0.022023
[e015 s0150/1030] loss = 0.021885
[e015 s0200/1030] loss = 0.020915
[e015 s0250/1030] loss = 0.021135
[e015 s0300/1030] loss = 0.020455
[e015 s0350/1030] loss = 0.021151
[e015 s0400/1030] loss = 0.020963
[e015 s0450/1030] loss = 0.020788
[e015 s0500/1030] loss = 0.020889
[e015 s0550/1030] loss = 0.021265
[e015 s0600/1030] loss = 0.020934
[e015 s0650/1030] loss = 0.020677
[e015 s0700/1030] loss = 0.020961
[e015 s0750/1030] loss = 0.021156
[e015 s0800/1030] loss = 0.020997
[e015 s0850/1030] loss = 0.021422
[e015 s0900/1030] loss = 0.021553
[e015 s0950/1030] loss = 0.021648
[e015 s1000/1030] loss = 0.021444
Epoch 015: train_loss = 0.021564  MAE/GAME0 = 23.245  RMSE = 42.248  GAME1 = 23.245  GAME2 = 23.245  GAME3 = 23.245  lr = 1.00e-05  time = 13.3s
[e016 s0001/1030] loss = 0.005232
[e016 s0050/1030] loss = 0.017418
[e016 s0100/1030] loss = 0.016982
[e016 s0150/1030] loss = 0.021856
[e016 s0200/1030] loss = 0.023850
[e016 s0250/1030] loss = 0.023011
[e016 s0300/1030] loss = 0.021942
[e016 s0350/1030] loss = 0.022560
[e016 s0400/1030] loss = 0.023053
[e016 s0450/1030] loss = 0.023131
[e016 s0500/1030] loss = 0.023085
[e016 s0550/1030] loss = 0.022843
[e016 s0600/1030] loss = 0.022455
[e016 s0650/1030] loss = 0.021866
[e016 s0700/1030] loss = 0.022281
[e016 s0750/1030] loss = 0.022014
[e016 s0800/1030] loss = 0.021519
[e016 s0850/1030] loss = 0.021298
[e016 s0900/1030] loss = 0.021255
[e016 s0950/1030] loss = 0.021363
[e016 s1000/1030] loss = 0.021196
Epoch 016: train_loss = 0.021027  MAE/GAME0 = 23.245  RMSE = 42.248  GAME1 = 23.245  GAME2 = 23.245  GAME3 = 23.245  lr = 1.00e-05  time = 13.4s
[e017 s0001/1030] loss = 0.032088
[e017 s0050/1030] loss = 0.020574
[e017 s0100/1030] loss = 0.021712
[e017 s0150/1030] loss = 0.022908
[e017 s0200/1030] loss = 0.020742
[e017 s0250/1030] loss = 0.019853
[e017 s0300/1030] loss = 0.019672
[e017 s0350/1030] loss = 0.019354
[e017 s0400/1030] loss = 0.019587
[e017 s0450/1030] loss = 0.019698
[e017 s0500/1030] loss = 0.020559
[e017 s0550/1030] loss = 0.020165
[e017 s0600/1030] loss = 0.020063
[e017 s0650/1030] loss = 0.020098
[e017 s0700/1030] loss = 0.020027
[e017 s0750/1030] loss = 0.020076
[e017 s0800/1030] loss = 0.020238
[e017 s0850/1030] loss = 0.020017
[e017 s0900/1030] loss = 0.020557
[e017 s0950/1030] loss = 0.020458
[e017 s1000/1030] loss = 0.020433
Epoch 017: train_loss = 0.020260  MAE/GAME0 = 23.245  RMSE = 42.248  GAME1 = 23.245  GAME2 = 23.245  GAME3 = 23.245  lr = 1.00e-05  time = 13.3s
[e018 s0001/1030] loss = 0.002061
[e018 s0050/1030] loss = 0.021129
[e018 s0100/1030] loss = 0.021972
[e018 s0150/1030] loss = 0.020487
[e018 s0200/1030] loss = 0.021062
[e018 s0250/1030] loss = 0.021034
[e018 s0300/1030] loss = 0.022311
[e018 s0350/1030] loss = 0.021557
[e018 s0400/1030] loss = 0.020866
[e018 s0450/1030] loss = 0.020998
[e018 s0500/1030] loss = 0.021033
[e018 s0550/1030] loss = 0.021254
[e018 s0600/1030] loss = 0.020907
[e018 s0650/1030] loss = 0.020830
[e018 s0700/1030] loss = 0.020978
[e018 s0750/1030] loss = 0.020378
[e018 s0800/1030] loss = 0.020309
[e018 s0850/1030] loss = 0.020222
[e018 s0900/1030] loss = 0.020010
[e018 s0950/1030] loss = 0.019873
[e018 s1000/1030] loss = 0.019902
Epoch 018: train_loss = 0.020370  MAE/GAME0 = 23.245  RMSE = 42.248  GAME1 = 23.245  GAME2 = 23.245  GAME3 = 23.245  lr = 1.00e-05  time = 13.2s
[e019 s0001/1030] loss = 0.027308
[e019 s0050/1030] loss = 0.018558
[e019 s0100/1030] loss = 0.020120
[e019 s0150/1030] loss = 0.021148
[e019 s0200/1030] loss = 0.019821
[e019 s0250/1030] loss = 0.021783
[e019 s0300/1030] loss = 0.021314
[e019 s0350/1030] loss = 0.021165
[e019 s0400/1030] loss = 0.021634
[e019 s0450/1030] loss = 0.021895
[e019 s0500/1030] loss = 0.021211
[e019 s0550/1030] loss = 0.020639
[e019 s0600/1030] loss = 0.020112
[e019 s0650/1030] loss = 0.019706
[e019 s0700/1030] loss = 0.019462
[e019 s0750/1030] loss = 0.019874
[e019 s0800/1030] loss = 0.019689
[e019 s0850/1030] loss = 0.019943
[e019 s0900/1030] loss = 0.020103
[e019 s0950/1030] loss = 0.020112
[e019 s1000/1030] loss = 0.019919
Epoch 019: train_loss = 0.019769  MAE/GAME0 = 23.245  RMSE = 42.248  GAME1 = 23.245  GAME2 = 23.245  GAME3 = 23.245  lr = 1.00e-05  time = 13.4s
[e020 s0001/1030] loss = 0.025778
[e020 s0050/1030] loss = 0.019559
[e020 s0100/1030] loss = 0.020347
[e020 s0150/1030] loss = 0.019713
[e020 s0200/1030] loss = 0.019203
[e020 s0250/1030] loss = 0.021472
[e020 s0300/1030] loss = 0.020869
[e020 s0350/1030] loss = 0.021290
[e020 s0400/1030] loss = 0.021263
[e020 s0450/1030] loss = 0.021437
[e020 s0500/1030] loss = 0.020386
[e020 s0550/1030] loss = 0.021041
[e020 s0600/1030] loss = 0.021142
[e020 s0650/1030] loss = 0.021095
[e020 s0700/1030] loss = 0.020619
[e020 s0750/1030] loss = 0.020647
[e020 s0800/1030] loss = 0.020698
[e020 s0850/1030] loss = 0.020521
[e020 s0900/1030] loss = 0.020351
[e020 s0950/1030] loss = 0.020213
[e020 s1000/1030] loss = 0.020226
Epoch 020: train_loss = 0.020440  MAE/GAME0 = 23.245  RMSE = 42.248  GAME1 = 23.245  GAME2 = 23.245  GAME3 = 23.245  lr = 1.00e-05  time = 13.3s
[e021 s0001/1030] loss = 0.015887
[e021 s0050/1030] loss = 0.018597
[e021 s0100/1030] loss = 0.019178
[e021 s0150/1030] loss = 0.019311
[e021 s0200/1030] loss = 0.019806
[e021 s0250/1030] loss = 0.020563
[e021 s0300/1030] loss = 0.020867
[e021 s0350/1030] loss = 0.019824
[e021 s0400/1030] loss = 0.020443
[e021 s0450/1030] loss = 0.020928
[e021 s0500/1030] loss = 0.020636
[e021 s0550/1030] loss = 0.020634
[e021 s0600/1030] loss = 0.020204
[e021 s0650/1030] loss = 0.020254
[e021 s0700/1030] loss = 0.020314
[e021 s0750/1030] loss = 0.019835
[e021 s0800/1030] loss = 0.019829
[e021 s0850/1030] loss = 0.021255
[e021 s0900/1030] loss = 0.021233
[e021 s0950/1030] loss = 0.020919
[e021 s1000/1030] loss = 0.021789
Epoch 021: train_loss = 0.021580  MAE/GAME0 = 23.245  RMSE = 42.248  GAME1 = 23.245  GAME2 = 23.245  GAME3 = 23.245  lr = 1.00e-05  time = 13.6s
[e022 s0001/1030] loss = 0.042697
[e022 s0050/1030] loss = 0.013392
[e022 s0100/1030] loss = 0.014871
[e022 s0150/1030] loss = 0.016908
[e022 s0200/1030] loss = 0.018773
[e022 s0250/1030] loss = 0.019270
[e022 s0300/1030] loss = 0.019849
[e022 s0350/1030] loss = 0.020902
[e022 s0400/1030] loss = 0.021458
[e022 s0450/1030] loss = 0.021375
[e022 s0500/1030] loss = 0.022228
[e022 s0550/1030] loss = 0.022422
[e022 s0600/1030] loss = 0.022699
[e022 s0650/1030] loss = 0.022199
[e022 s0700/1030] loss = 0.021913
[e022 s0750/1030] loss = 0.021527
[e022 s0800/1030] loss = 0.021273
[e022 s0850/1030] loss = 0.021058
[e022 s0900/1030] loss = 0.020859
[e022 s0950/1030] loss = 0.020605
[e022 s1000/1030] loss = 0.020516
Epoch 022: train_loss = 0.020322  MAE/GAME0 = 23.245  RMSE = 42.248  GAME1 = 23.245  GAME2 = 23.245  GAME3 = 23.245  lr = 1.00e-05  time = 13.2s
[e023 s0001/1030] loss = 0.016948
[e023 s0050/1030] loss = 0.016226
[e023 s0100/1030] loss = 0.018826
[e023 s0150/1030] loss = 0.019462
[e023 s0200/1030] loss = 0.020136
[e023 s0250/1030] loss = 0.020132
[e023 s0300/1030] loss = 0.020067
[e023 s0350/1030] loss = 0.020246
[e023 s0400/1030] loss = 0.020155
[e023 s0450/1030] loss = 0.020037
[e023 s0500/1030] loss = 0.019741
[e023 s0550/1030] loss = 0.019847
[e023 s0600/1030] loss = 0.020732
[e023 s0650/1030] loss = 0.020393
[e023 s0700/1030] loss = 0.020846
[e023 s0750/1030] loss = 0.021050
[e023 s0800/1030] loss = 0.020974
[e023 s0850/1030] loss = 0.020938
[e023 s0900/1030] loss = 0.020948
[e023 s0950/1030] loss = 0.020947
[e023 s1000/1030] loss = 0.021005
Epoch 023: train_loss = 0.021050  MAE/GAME0 = 23.245  RMSE = 42.248  GAME1 = 23.245  GAME2 = 23.245  GAME3 = 23.245  lr = 1.00e-05  time = 13.4s
[e024 s0001/1030] loss = 0.033767
[e024 s0050/1030] loss = 0.022933
[e024 s0100/1030] loss = 0.022443
[e024 s0150/1030] loss = 0.020674
[e024 s0200/1030] loss = 0.020898
[e024 s0250/1030] loss = 0.020546
[e024 s0300/1030] loss = 0.021389
[e024 s0350/1030] loss = 0.020814
[e024 s0400/1030] loss = 0.021083
[e024 s0450/1030] loss = 0.020964
[e024 s0500/1030] loss = 0.020605
[e024 s0550/1030] loss = 0.020245
[e024 s0600/1030] loss = 0.020041
[e024 s0650/1030] loss = 0.019915
[e024 s0700/1030] loss = 0.019632
[e024 s0750/1030] loss = 0.019628
[e024 s0800/1030] loss = 0.019962
[e024 s0850/1030] loss = 0.019842
[e024 s0900/1030] loss = 0.019964
[e024 s0950/1030] loss = 0.020011
[e024 s1000/1030] loss = 0.019695
Epoch 024: train_loss = 0.019604  MAE/GAME0 = 23.245  RMSE = 42.248  GAME1 = 23.245  GAME2 = 23.245  GAME3 = 23.245  lr = 1.00e-05  time = 13.2s
[e025 s0001/1030] loss = 0.003115
[e025 s0050/1030] loss = 0.014845
[e025 s0100/1030] loss = 0.016761
[e025 s0150/1030] loss = 0.017957
[e025 s0200/1030] loss = 0.017315
[e025 s0250/1030] loss = 0.019113
[e025 s0300/1030] loss = 0.018769
[e025 s0350/1030] loss = 0.019891
[e025 s0400/1030] loss = 0.019197
[e025 s0450/1030] loss = 0.018925
[e025 s0500/1030] loss = 0.018679
[e025 s0550/1030] loss = 0.018321
[e025 s0600/1030] loss = 0.018532
[e025 s0650/1030] loss = 0.018091
[e025 s0700/1030] loss = 0.018023
[e025 s0750/1030] loss = 0.018011
[e025 s0800/1030] loss = 0.018026
[e025 s0850/1030] loss = 0.018174
[e025 s0900/1030] loss = 0.018111
[e025 s0950/1030] loss = 0.018079
[e025 s1000/1030] loss = 0.018351
Epoch 025: train_loss = 0.019360  MAE/GAME0 = 23.245  RMSE = 42.248  GAME1 = 23.245  GAME2 = 23.245  GAME3 = 23.245  lr = 1.00e-05  time = 13.2s
[e026 s0001/1030] loss = 0.006239
[e026 s0050/1030] loss = 0.022950
[e026 s0100/1030] loss = 0.020887
[e026 s0150/1030] loss = 0.020164
[e026 s0200/1030] loss = 0.019907
[e026 s0250/1030] loss = 0.020473
[e026 s0300/1030] loss = 0.022055
[e026 s0350/1030] loss = 0.021129
[e026 s0400/1030] loss = 0.021763
[e026 s0450/1030] loss = 0.021683
[e026 s0500/1030] loss = 0.021964
[e026 s0550/1030] loss = 0.021608
[e026 s0600/1030] loss = 0.021012
[e026 s0650/1030] loss = 0.021026
[e026 s0700/1030] loss = 0.020928
[e026 s0750/1030] loss = 0.021337
[e026 s0800/1030] loss = 0.020915
[e026 s0850/1030] loss = 0.020858
[e026 s0900/1030] loss = 0.020696
[e026 s0950/1030] loss = 0.020521
[e026 s1000/1030] loss = 0.020223
Epoch 026: train_loss = 0.020389  MAE/GAME0 = 23.245  RMSE = 42.248  GAME1 = 23.245  GAME2 = 23.245  GAME3 = 23.245  lr = 1.00e-05  time = 13.2s
[e027 s0001/1030] loss = 0.017836
[e027 s0050/1030] loss = 0.021881
[e027 s0100/1030] loss = 0.019851
[e027 s0150/1030] loss = 0.019126
[e027 s0200/1030] loss = 0.018410
[e027 s0250/1030] loss = 0.019025
[e027 s0300/1030] loss = 0.019937
[e027 s0350/1030] loss = 0.020036
[e027 s0400/1030] loss = 0.020430
[e027 s0450/1030] loss = 0.020107
[e027 s0500/1030] loss = 0.020620
[e027 s0550/1030] loss = 0.020591
[e027 s0600/1030] loss = 0.020649
[e027 s0650/1030] loss = 0.021196
[e027 s0700/1030] loss = 0.021058
[e027 s0750/1030] loss = 0.021018
[e027 s0800/1030] loss = 0.020982
[e027 s0850/1030] loss = 0.020487
[e027 s0900/1030] loss = 0.020658
[e027 s0950/1030] loss = 0.021205
[e027 s1000/1030] loss = 0.021091
Epoch 027: train_loss = 0.021479  MAE/GAME0 = 23.245  RMSE = 42.248  GAME1 = 23.245  GAME2 = 23.245  GAME3 = 23.245  lr = 1.00e-05  time = 13.2s
[e028 s0001/1030] loss = 0.009569
[e028 s0050/1030] loss = 0.022882
[e028 s0100/1030] loss = 0.020856
[e028 s0150/1030] loss = 0.018395
[e028 s0200/1030] loss = 0.019092
[e028 s0250/1030] loss = 0.018926
[e028 s0300/1030] loss = 0.019566
[e028 s0350/1030] loss = 0.020164
[e028 s0400/1030] loss = 0.020170
[e028 s0450/1030] loss = 0.020133
[e028 s0500/1030] loss = 0.020101
[e028 s0550/1030] loss = 0.019799
[e028 s0600/1030] loss = 0.019697
[e028 s0650/1030] loss = 0.019387
[e028 s0700/1030] loss = 0.020837
[e028 s0750/1030] loss = 0.020641
[e028 s0800/1030] loss = 0.020937
[e028 s0850/1030] loss = 0.020727
[e028 s0900/1030] loss = 0.020563
[e028 s0950/1030] loss = 0.020520
[e028 s1000/1030] loss = 0.020492
Epoch 028: train_loss = 0.020559  MAE/GAME0 = 23.245  RMSE = 42.248  GAME1 = 23.245  GAME2 = 23.245  GAME3 = 23.245  lr = 1.00e-05  time = 13.4s
[e029 s0001/1030] loss = 0.014260
[e029 s0050/1030] loss = 0.022947
[e029 s0100/1030] loss = 0.019906
[e029 s0150/1030] loss = 0.019580
[e029 s0200/1030] loss = 0.020152
[e029 s0250/1030] loss = 0.021337
[e029 s0300/1030] loss = 0.021126
[e029 s0350/1030] loss = 0.020458
[e029 s0400/1030] loss = 0.020444
[e029 s0450/1030] loss = 0.020315
[e029 s0500/1030] loss = 0.020156
[e029 s0550/1030] loss = 0.019887
[e029 s0600/1030] loss = 0.019297
[e029 s0650/1030] loss = 0.021757
[e029 s0700/1030] loss = 0.022100
[e029 s0750/1030] loss = 0.021904
[e029 s0800/1030] loss = 0.021793
[e029 s0850/1030] loss = 0.021382
[e029 s0900/1030] loss = 0.021209
[e029 s0950/1030] loss = 0.020967
[e029 s1000/1030] loss = 0.020988
Epoch 029: train_loss = 0.020992  MAE/GAME0 = 23.245  RMSE = 42.248  GAME1 = 23.245  GAME2 = 23.245  GAME3 = 23.245  lr = 1.00e-05  time = 13.4s
[e030 s0001/1030] loss = 0.022517
[e030 s0050/1030] loss = 0.022832
[e030 s0100/1030] loss = 0.021542
[e030 s0150/1030] loss = 0.023664
[e030 s0200/1030] loss = 0.023744
[e030 s0250/1030] loss = 0.024878
[e030 s0300/1030] loss = 0.024025
[e030 s0350/1030] loss = 0.023182
[e030 s0400/1030] loss = 0.022814
[e030 s0450/1030] loss = 0.022040
[e030 s0500/1030] loss = 0.021449
[e030 s0550/1030] loss = 0.021213
[e030 s0600/1030] loss = 0.021148
[e030 s0650/1030] loss = 0.020445
[e030 s0700/1030] loss = 0.020312
[e030 s0750/1030] loss = 0.020961
[e030 s0800/1030] loss = 0.021797
[e030 s0850/1030] loss = 0.021935
[e030 s0900/1030] loss = 0.021609
[e030 s0950/1030] loss = 0.021694
[e030 s1000/1030] loss = 0.021440
Epoch 030: train_loss = 0.021850  MAE/GAME0 = 23.245  RMSE = 42.248  GAME1 = 23.245  GAME2 = 23.245  GAME3 = 23.245  lr = 1.00e-05  time = 13.3s
[e031 s0001/1030] loss = 0.021395
[e031 s0050/1030] loss = 0.018754
[e031 s0100/1030] loss = 0.019052
[e031 s0150/1030] loss = 0.017550
[e031 s0200/1030] loss = 0.019036
[e031 s0250/1030] loss = 0.018406
[e031 s0300/1030] loss = 0.018442
[e031 s0350/1030] loss = 0.018482
[e031 s0400/1030] loss = 0.018482
[e031 s0450/1030] loss = 0.018802
[e031 s0500/1030] loss = 0.018502
[e031 s0550/1030] loss = 0.019027
[e031 s0600/1030] loss = 0.019140
[e031 s0650/1030] loss = 0.018989
[e031 s0700/1030] loss = 0.018852
[e031 s0750/1030] loss = 0.019473
[e031 s0800/1030] loss = 0.020961
[e031 s0850/1030] loss = 0.020869
[e031 s0900/1030] loss = 0.021198
[e031 s0950/1030] loss = 0.021329
[e031 s1000/1030] loss = 0.021193
Epoch 031: train_loss = 0.021150  MAE/GAME0 = 23.245  RMSE = 42.248  GAME1 = 23.245  GAME2 = 23.245  GAME3 = 23.245  lr = 1.00e-05  time = 13.3s
[e032 s0001/1030] loss = 0.038826
[e032 s0050/1030] loss = 0.022371
[e032 s0100/1030] loss = 0.024367
[e032 s0150/1030] loss = 0.022678
[e032 s0200/1030] loss = 0.022680
[e032 s0250/1030] loss = 0.022210
[e032 s0300/1030] loss = 0.021814
[e032 s0350/1030] loss = 0.021746
[e032 s0400/1030] loss = 0.021737
[e032 s0450/1030] loss = 0.022225
[e032 s0500/1030] loss = 0.021820
[e032 s0550/1030] loss = 0.021074
[e032 s0600/1030] loss = 0.021243
[e032 s0650/1030] loss = 0.021207
[e032 s0700/1030] loss = 0.021117
[e032 s0750/1030] loss = 0.021764
[e032 s0800/1030] loss = 0.021433
[e032 s0850/1030] loss = 0.021357
[e032 s0900/1030] loss = 0.021185
[e032 s0950/1030] loss = 0.021327
[e032 s1000/1030] loss = 0.021087
Epoch 032: train_loss = 0.020903  MAE/GAME0 = 23.245  RMSE = 42.248  GAME1 = 23.245  GAME2 = 23.245  GAME3 = 23.245  lr = 1.00e-05  time = 13.4s
[e033 s0001/1030] loss = 0.028466
[e033 s0050/1030] loss = 0.016453
[e033 s0100/1030] loss = 0.016981
[e033 s0150/1030] loss = 0.016439
[e033 s0200/1030] loss = 0.016565
[e033 s0250/1030] loss = 0.016876
[e033 s0300/1030] loss = 0.016833
[e033 s0350/1030] loss = 0.017077
[e033 s0400/1030] loss = 0.017680
[e033 s0450/1030] loss = 0.019899
[e033 s0500/1030] loss = 0.019693
[e033 s0550/1030] loss = 0.020048
[e033 s0600/1030] loss = 0.019562
[e033 s0650/1030] loss = 0.019571
[e033 s0700/1030] loss = 0.019092
[e033 s0750/1030] loss = 0.019333
[e033 s0800/1030] loss = 0.019210
[e033 s0850/1030] loss = 0.019196
[e033 s0900/1030] loss = 0.019405
[e033 s0950/1030] loss = 0.019073
[e033 s1000/1030] loss = 0.019614
Epoch 033: train_loss = 0.019523  MAE/GAME0 = 23.245  RMSE = 42.248  GAME1 = 23.245  GAME2 = 23.245  GAME3 = 23.245  lr = 1.00e-05  time = 13.2s
[e034 s0001/1030] loss = 0.001051
[e034 s0050/1030] loss = 0.017019
[e034 s0100/1030] loss = 0.020858
[e034 s0150/1030] loss = 0.019872
[e034 s0200/1030] loss = 0.019717
[e034 s0250/1030] loss = 0.019291
[e034 s0300/1030] loss = 0.019707
[e034 s0350/1030] loss = 0.020754
[e034 s0400/1030] loss = 0.020535
[e034 s0450/1030] loss = 0.020071
[e034 s0500/1030] loss = 0.020299
[e034 s0550/1030] loss = 0.020739
[e034 s0600/1030] loss = 0.021081
[e034 s0650/1030] loss = 0.020525
[e034 s0700/1030] loss = 0.020764
[e034 s0750/1030] loss = 0.020948
[e034 s0800/1030] loss = 0.020601
[e034 s0850/1030] loss = 0.020454
[e034 s0900/1030] loss = 0.020524
[e034 s0950/1030] loss = 0.020302
[e034 s1000/1030] loss = 0.020237
Epoch 034: train_loss = 0.020212  MAE/GAME0 = 23.245  RMSE = 42.248  GAME1 = 23.245  GAME2 = 23.245  GAME3 = 23.245  lr = 1.00e-05  time = 13.2s
[e035 s0001/1030] loss = 0.039223
[e035 s0050/1030] loss = 0.022310
[e035 s0100/1030] loss = 0.023098
[e035 s0150/1030] loss = 0.021288
[e035 s0200/1030] loss = 0.021297
[e035 s0250/1030] loss = 0.022186
[e035 s0300/1030] loss = 0.021390
[e035 s0350/1030] loss = 0.023228
[e035 s0400/1030] loss = 0.022117
[e035 s0450/1030] loss = 0.021936
[e035 s0500/1030] loss = 0.021667
[e035 s0550/1030] loss = 0.021494
[e035 s0600/1030] loss = 0.021095
[e035 s0650/1030] loss = 0.021146
[e035 s0700/1030] loss = 0.020855
[e035 s0750/1030] loss = 0.020617
[e035 s0800/1030] loss = 0.020532
[e035 s0850/1030] loss = 0.020478
[e035 s0900/1030] loss = 0.020615
[e035 s0950/1030] loss = 0.020553
[e035 s1000/1030] loss = 0.020915
Epoch 035: train_loss = 0.020951  MAE/GAME0 = 23.245  RMSE = 42.248  GAME1 = 23.245  GAME2 = 23.245  GAME3 = 23.245  lr = 1.00e-05  time = 13.3s
[e036 s0001/1030] loss = 0.004131
[e036 s0050/1030] loss = 0.029556
[e036 s0100/1030] loss = 0.025031
[e036 s0150/1030] loss = 0.022914
[e036 s0200/1030] loss = 0.021704
[e036 s0250/1030] loss = 0.023905
[e036 s0300/1030] loss = 0.022774
[e036 s0350/1030] loss = 0.021898
[e036 s0400/1030] loss = 0.021429
[e036 s0450/1030] loss = 0.021594
[e036 s0500/1030] loss = 0.021793
[e036 s0550/1030] loss = 0.022361
[e036 s0600/1030] loss = 0.022159
[e036 s0650/1030] loss = 0.021886
[e036 s0700/1030] loss = 0.021776
[e036 s0750/1030] loss = 0.021835
[e036 s0800/1030] loss = 0.021572
[e036 s0850/1030] loss = 0.021372
[e036 s0900/1030] loss = 0.021571
[e036 s0950/1030] loss = 0.021175
[e036 s1000/1030] loss = 0.020974
Epoch 036: train_loss = 0.020882  MAE/GAME0 = 23.245  RMSE = 42.248  GAME1 = 23.245  GAME2 = 23.245  GAME3 = 23.245  lr = 1.00e-05  time = 13.3s
[e037 s0001/1030] loss = 0.007390
[e037 s0050/1030] loss = 0.012277
[e037 s0100/1030] loss = 0.016021
[e037 s0150/1030] loss = 0.016600
[e037 s0200/1030] loss = 0.018326
[e037 s0250/1030] loss = 0.018731
[e037 s0300/1030] loss = 0.018401
[e037 s0350/1030] loss = 0.018733
[e037 s0400/1030] loss = 0.019501
[e037 s0450/1030] loss = 0.018636
[e037 s0500/1030] loss = 0.018376
[e037 s0550/1030] loss = 0.018581
[e037 s0600/1030] loss = 0.018964
[e037 s0650/1030] loss = 0.018838
[e037 s0700/1030] loss = 0.019024
[e037 s0750/1030] loss = 0.019829
[e037 s0800/1030] loss = 0.019728
[e037 s0850/1030] loss = 0.019714
[e037 s0900/1030] loss = 0.019944
[e037 s0950/1030] loss = 0.020290
[e037 s1000/1030] loss = 0.020198
Epoch 037: train_loss = 0.019971  MAE/GAME0 = 23.245  RMSE = 42.248  GAME1 = 23.245  GAME2 = 23.245  GAME3 = 23.245  lr = 1.00e-05  time = 13.4s
[e038 s0001/1030] loss = 0.001041
[e038 s0050/1030] loss = 0.024110
[e038 s0100/1030] loss = 0.025013
[e038 s0150/1030] loss = 0.026784
[e038 s0200/1030] loss = 0.025587
[e038 s0250/1030] loss = 0.024645
[e038 s0300/1030] loss = 0.023003
[e038 s0350/1030] loss = 0.023016
[e038 s0400/1030] loss = 0.023267
[e038 s0450/1030] loss = 0.023197
[e038 s0500/1030] loss = 0.022987
[e038 s0550/1030] loss = 0.022539
[e038 s0600/1030] loss = 0.022331
[e038 s0650/1030] loss = 0.021887
[e038 s0700/1030] loss = 0.021671
[e038 s0750/1030] loss = 0.021459
[e038 s0800/1030] loss = 0.021009
[e038 s0850/1030] loss = 0.020930
[e038 s0900/1030] loss = 0.020869
[e038 s0950/1030] loss = 0.020710
[e038 s1000/1030] loss = 0.020676
Epoch 038: train_loss = 0.020550  MAE/GAME0 = 23.245  RMSE = 42.248  GAME1 = 23.245  GAME2 = 23.245  GAME3 = 23.245  lr = 1.00e-05  time = 13.2s
[e039 s0001/1030] loss = 0.002092
[e039 s0050/1030] loss = 0.016994
[e039 s0100/1030] loss = 0.018940
[e039 s0150/1030] loss = 0.019918
[e039 s0200/1030] loss = 0.021712
[e039 s0250/1030] loss = 0.020616
[e039 s0300/1030] loss = 0.021248
[e039 s0350/1030] loss = 0.020893
[e039 s0400/1030] loss = 0.022657
[e039 s0450/1030] loss = 0.021772
[e039 s0500/1030] loss = 0.021533
[e039 s0550/1030] loss = 0.021108
[e039 s0600/1030] loss = 0.020460
[e039 s0650/1030] loss = 0.020380
[e039 s0700/1030] loss = 0.020218
[e039 s0750/1030] loss = 0.020017
[e039 s0800/1030] loss = 0.020824
[e039 s0850/1030] loss = 0.020677
[e039 s0900/1030] loss = 0.020649
[e039 s0950/1030] loss = 0.020940
[e039 s1000/1030] loss = 0.020637
Epoch 039: train_loss = 0.020585  MAE/GAME0 = 23.245  RMSE = 42.248  GAME1 = 23.245  GAME2 = 23.245  GAME3 = 23.245  lr = 1.00e-05  time = 13.2s
[e040 s0001/1030] loss = 0.001029
[e040 s0050/1030] loss = 0.018782
[e040 s0100/1030] loss = 0.022390
[e040 s0150/1030] loss = 0.021012
[e040 s0200/1030] loss = 0.023567
[e040 s0250/1030] loss = 0.023879
[e040 s0300/1030] loss = 0.023428
[e040 s0350/1030] loss = 0.022723
[e040 s0400/1030] loss = 0.022812
[e040 s0450/1030] loss = 0.022726
[e040 s0500/1030] loss = 0.021958
[e040 s0550/1030] loss = 0.021360
[e040 s0600/1030] loss = 0.021099
[e040 s0650/1030] loss = 0.020667
[e040 s0700/1030] loss = 0.020606
[e040 s0750/1030] loss = 0.020855
[e040 s0800/1030] loss = 0.020640
[e040 s0850/1030] loss = 0.020482
[e040 s0900/1030] loss = 0.020335
[e040 s0950/1030] loss = 0.020257
[e040 s1000/1030] loss = 0.020130
Epoch 040: train_loss = 0.020625  MAE/GAME0 = 23.245  RMSE = 42.248  GAME1 = 23.245  GAME2 = 23.245  GAME3 = 23.245  lr = 1.00e-05  time = 13.2s
[e041 s0001/1030] loss = 0.016362
[e041 s0050/1030] loss = 0.019932
[e041 s0100/1030] loss = 0.020313
[e041 s0150/1030] loss = 0.024515
[e041 s0200/1030] loss = 0.024639
[e041 s0250/1030] loss = 0.023643
[e041 s0300/1030] loss = 0.024626
[e041 s0350/1030] loss = 0.024020
[e041 s0400/1030] loss = 0.023386
[e041 s0450/1030] loss = 0.023026
[e041 s0500/1030] loss = 0.022614
[e041 s0550/1030] loss = 0.023833
[e041 s0600/1030] loss = 0.023182
[e041 s0650/1030] loss = 0.022821
[e041 s0700/1030] loss = 0.022762
[e041 s0750/1030] loss = 0.022634
[e041 s0800/1030] loss = 0.022425
[e041 s0850/1030] loss = 0.022058
[e041 s0900/1030] loss = 0.021915
[e041 s0950/1030] loss = 0.021794
[e041 s1000/1030] loss = 0.021401
Epoch 041: train_loss = 0.021333  MAE/GAME0 = 23.245  RMSE = 42.248  GAME1 = 23.245  GAME2 = 23.245  GAME3 = 23.245  lr = 1.00e-05  time = 13.3s
[e042 s0001/1030] loss = 0.005232
[e042 s0050/1030] loss = 0.022850
[e042 s0100/1030] loss = 0.021386
[e042 s0150/1030] loss = 0.019355
[e042 s0200/1030] loss = 0.018809
[e042 s0250/1030] loss = 0.018153
[e042 s0300/1030] loss = 0.020714
[e042 s0350/1030] loss = 0.021832
[e042 s0400/1030] loss = 0.021463
[e042 s0450/1030] loss = 0.021304
[e042 s0500/1030] loss = 0.021043
[e042 s0550/1030] loss = 0.020903
[e042 s0600/1030] loss = 0.020932
[e042 s0650/1030] loss = 0.020894
[e042 s0700/1030] loss = 0.020588
[e042 s0750/1030] loss = 0.020399
[e042 s0800/1030] loss = 0.020493
[e042 s0850/1030] loss = 0.020217
[e042 s0900/1030] loss = 0.019906
[e042 s0950/1030] loss = 0.019887
[e042 s1000/1030] loss = 0.019761
Epoch 042: train_loss = 0.019851  MAE/GAME0 = 23.245  RMSE = 42.248  GAME1 = 23.245  GAME2 = 23.245  GAME3 = 23.245  lr = 1.00e-05  time = 13.2s
[e043 s0001/1030] loss = 0.007344
[e043 s0050/1030] loss = 0.027132
[e043 s0100/1030] loss = 0.021528
[e043 s0150/1030] loss = 0.020654
[e043 s0200/1030] loss = 0.019763
[e043 s0250/1030] loss = 0.019207
[e043 s0300/1030] loss = 0.019122
[e043 s0350/1030] loss = 0.019936
[e043 s0400/1030] loss = 0.019600
[e043 s0450/1030] loss = 0.019928
[e043 s0500/1030] loss = 0.019549
[e043 s0550/1030] loss = 0.020242
[e043 s0600/1030] loss = 0.020295
[e043 s0650/1030] loss = 0.020577
[e043 s0700/1030] loss = 0.020735
[e043 s0750/1030] loss = 0.020968
[e043 s0800/1030] loss = 0.020888
[e043 s0850/1030] loss = 0.021131
[e043 s0900/1030] loss = 0.020716
[e043 s0950/1030] loss = 0.020623
[e043 s1000/1030] loss = 0.020710
Epoch 043: train_loss = 0.020558  MAE/GAME0 = 23.245  RMSE = 42.248  GAME1 = 23.245  GAME2 = 23.245  GAME3 = 23.245  lr = 1.00e-05  time = 13.2s
[e044 s0001/1030] loss = 0.026015
[e044 s0050/1030] loss = 0.025772
[e044 s0100/1030] loss = 0.026348
[e044 s0150/1030] loss = 0.024058
[e044 s0200/1030] loss = 0.022968
[e044 s0250/1030] loss = 0.021473
[e044 s0300/1030] loss = 0.023322
[e044 s0350/1030] loss = 0.022728
[e044 s0400/1030] loss = 0.022486
[e044 s0450/1030] loss = 0.022052
[e044 s0500/1030] loss = 0.021877
[e044 s0550/1030] loss = 0.021984
[e044 s0600/1030] loss = 0.021871
[e044 s0650/1030] loss = 0.021263
[e044 s0700/1030] loss = 0.021227
[e044 s0750/1030] loss = 0.020663
[e044 s0800/1030] loss = 0.021260
[e044 s0850/1030] loss = 0.020889
[e044 s0900/1030] loss = 0.020699
[e044 s0950/1030] loss = 0.020963
[e044 s1000/1030] loss = 0.020937
Epoch 044: train_loss = 0.021051  MAE/GAME0 = 23.245  RMSE = 42.248  GAME1 = 23.245  GAME2 = 23.245  GAME3 = 23.245  lr = 1.00e-05  time = 13.5s
[e045 s0001/1030] loss = 0.002084
[e045 s0050/1030] loss = 0.022311
[e045 s0100/1030] loss = 0.024059
[e045 s0150/1030] loss = 0.022516
[e045 s0200/1030] loss = 0.021980
[e045 s0250/1030] loss = 0.023073
[e045 s0300/1030] loss = 0.022265
[e045 s0350/1030] loss = 0.021827
[e045 s0400/1030] loss = 0.021768
[e045 s0450/1030] loss = 0.021641
[e045 s0500/1030] loss = 0.021003
[e045 s0550/1030] loss = 0.020840
[e045 s0600/1030] loss = 0.021015
[e045 s0650/1030] loss = 0.021114
[e045 s0700/1030] loss = 0.020664
[e045 s0750/1030] loss = 0.020265
[e045 s0800/1030] loss = 0.020317
[e045 s0850/1030] loss = 0.020332
[e045 s0900/1030] loss = 0.020162
[e045 s0950/1030] loss = 0.020316
[e045 s1000/1030] loss = 0.020295
Epoch 045: train_loss = 0.020300  MAE/GAME0 = 23.245  RMSE = 42.248  GAME1 = 23.245  GAME2 = 23.245  GAME3 = 23.245  lr = 1.00e-05  time = 13.2s
[e046 s0001/1030] loss = 0.057348
[e046 s0050/1030] loss = 0.021735
[e046 s0100/1030] loss = 0.021822
[e046 s0150/1030] loss = 0.021878
[e046 s0200/1030] loss = 0.020427
[e046 s0250/1030] loss = 0.021902
[e046 s0300/1030] loss = 0.020641
[e046 s0350/1030] loss = 0.020965
[e046 s0400/1030] loss = 0.020828
[e046 s0450/1030] loss = 0.021068
[e046 s0500/1030] loss = 0.020537
[e046 s0550/1030] loss = 0.020250
[e046 s0600/1030] loss = 0.020869
[e046 s0650/1030] loss = 0.020972
[e046 s0700/1030] loss = 0.021011
[e046 s0750/1030] loss = 0.021543
[e046 s0800/1030] loss = 0.021805
[e046 s0850/1030] loss = 0.022234
[e046 s0900/1030] loss = 0.022240
[e046 s0950/1030] loss = 0.022051
[e046 s1000/1030] loss = 0.021971
Epoch 046: train_loss = 0.021884  MAE/GAME0 = 23.245  RMSE = 42.248  GAME1 = 23.245  GAME2 = 23.245  GAME3 = 23.245  lr = 1.00e-05  time = 13.2s
[e047 s0001/1030] loss = 0.086575
[e047 s0050/1030] loss = 0.022909
[e047 s0100/1030] loss = 0.020598
[e047 s0150/1030] loss = 0.018909
[e047 s0200/1030] loss = 0.020027
[e047 s0250/1030] loss = 0.020179
[e047 s0300/1030] loss = 0.019277
[e047 s0350/1030] loss = 0.019759
[e047 s0400/1030] loss = 0.019827
[e047 s0450/1030] loss = 0.019118
[e047 s0500/1030] loss = 0.018940
[e047 s0550/1030] loss = 0.019648
[e047 s0600/1030] loss = 0.019701
[e047 s0650/1030] loss = 0.019603
[e047 s0700/1030] loss = 0.019709
[e047 s0750/1030] loss = 0.020002
[e047 s0800/1030] loss = 0.020222
[e047 s0850/1030] loss = 0.020493
[e047 s0900/1030] loss = 0.020204
[e047 s0950/1030] loss = 0.020024
[e047 s1000/1030] loss = 0.020026
Epoch 047: train_loss = 0.019956  MAE/GAME0 = 23.245  RMSE = 42.248  GAME1 = 23.245  GAME2 = 23.245  GAME3 = 23.245  lr = 1.00e-05  time = 13.2s
[e048 s0001/1030] loss = 0.023318
[e048 s0050/1030] loss = 0.015918
[e048 s0100/1030] loss = 0.016210
[e048 s0150/1030] loss = 0.017517
[e048 s0200/1030] loss = 0.017091
[e048 s0250/1030] loss = 0.016913
[e048 s0300/1030] loss = 0.017489
[e048 s0350/1030] loss = 0.018206
[e048 s0400/1030] loss = 0.019057
[e048 s0450/1030] loss = 0.018706
[e048 s0500/1030] loss = 0.020511
[e048 s0550/1030] loss = 0.020240
[e048 s0600/1030] loss = 0.020566
[e048 s0650/1030] loss = 0.020640
[e048 s0700/1030] loss = 0.020564
[e048 s0750/1030] loss = 0.020627
[e048 s0800/1030] loss = 0.020260
[e048 s0850/1030] loss = 0.020066
[e048 s0900/1030] loss = 0.019829
[e048 s0950/1030] loss = 0.019638
[e048 s1000/1030] loss = 0.020220
Epoch 048: train_loss = 0.020269  MAE/GAME0 = 23.245  RMSE = 42.248  GAME1 = 23.245  GAME2 = 23.245  GAME3 = 23.245  lr = 1.00e-05  time = 13.5s
[e049 s0001/1030] loss = 0.028366
[e049 s0050/1030] loss = 0.016777
[e049 s0100/1030] loss = 0.020254
[e049 s0150/1030] loss = 0.018525
[e049 s0200/1030] loss = 0.019105
[e049 s0250/1030] loss = 0.018305
[e049 s0300/1030] loss = 0.018552
[e049 s0350/1030] loss = 0.017974
[e049 s0400/1030] loss = 0.019811
[e049 s0450/1030] loss = 0.019918
[e049 s0500/1030] loss = 0.019907
[e049 s0550/1030] loss = 0.019786
[e049 s0600/1030] loss = 0.019573
[e049 s0650/1030] loss = 0.020636
[e049 s0700/1030] loss = 0.020453
[e049 s0750/1030] loss = 0.020285
[e049 s0800/1030] loss = 0.019917
[e049 s0850/1030] loss = 0.020301
[e049 s0900/1030] loss = 0.020025
[e049 s0950/1030] loss = 0.020033
[e049 s1000/1030] loss = 0.020117
Epoch 049: train_loss = 0.019961  MAE/GAME0 = 23.245  RMSE = 42.248  GAME1 = 23.245  GAME2 = 23.245  GAME3 = 23.245  lr = 1.00e-05  time = 13.2s
[e050 s0001/1030] loss = 0.011833
[e050 s0050/1030] loss = 0.022652
[e050 s0100/1030] loss = 0.022818
[e050 s0150/1030] loss = 0.021467
[e050 s0200/1030] loss = 0.022074
[e050 s0250/1030] loss = 0.023128
[e050 s0300/1030] loss = 0.022584
[e050 s0350/1030] loss = 0.022436
[e050 s0400/1030] loss = 0.021626
[e050 s0450/1030] loss = 0.020732
[e050 s0500/1030] loss = 0.020648
[e050 s0550/1030] loss = 0.020894
[e050 s0600/1030] loss = 0.020681
[e050 s0650/1030] loss = 0.020396
[e050 s0700/1030] loss = 0.020701
[e050 s0750/1030] loss = 0.020753
[e050 s0800/1030] loss = 0.020897
[e050 s0850/1030] loss = 0.020886
[e050 s0900/1030] loss = 0.020866
[e050 s0950/1030] loss = 0.021494
[e050 s1000/1030] loss = 0.021408
Epoch 050: train_loss = 0.021268  MAE/GAME0 = 23.245  RMSE = 42.248  GAME1 = 23.245  GAME2 = 23.245  GAME3 = 23.245  lr = 1.00e-05  time = 13.2s
[e051 s0001/1030] loss = 0.022797
[e051 s0050/1030] loss = 0.020993
[e051 s0100/1030] loss = 0.019050
[e051 s0150/1030] loss = 0.018052
[e051 s0200/1030] loss = 0.017713
[e051 s0250/1030] loss = 0.020107
[e051 s0300/1030] loss = 0.019754
[e051 s0350/1030] loss = 0.020421
[e051 s0400/1030] loss = 0.020190
[e051 s0450/1030] loss = 0.019832
[e051 s0500/1030] loss = 0.019856
[e051 s0550/1030] loss = 0.021045
[e051 s0600/1030] loss = 0.020448
[e051 s0650/1030] loss = 0.020278
[e051 s0700/1030] loss = 0.020312
[e051 s0750/1030] loss = 0.020215
[e051 s0800/1030] loss = 0.020179
[e051 s0850/1030] loss = 0.019907
[e051 s0900/1030] loss = 0.020122
[e051 s0950/1030] loss = 0.019901
[e051 s1000/1030] loss = 0.019644
Epoch 051: train_loss = 0.019849  MAE/GAME0 = 23.245  RMSE = 42.248  GAME1 = 23.245  GAME2 = 23.245  GAME3 = 23.245  lr = 1.00e-05  time = 13.3s
[e052 s0001/1030] loss = 0.000000
[e052 s0050/1030] loss = 0.020628
[e052 s0100/1030] loss = 0.018206
[e052 s0150/1030] loss = 0.022628
[e052 s0200/1030] loss = 0.021300
[e052 s0250/1030] loss = 0.021990
[e052 s0300/1030] loss = 0.022105
[e052 s0350/1030] loss = 0.021625
[e052 s0400/1030] loss = 0.021474
[e052 s0450/1030] loss = 0.021086
[e052 s0500/1030] loss = 0.020929
[e052 s0550/1030] loss = 0.020890
[e052 s0600/1030] loss = 0.022195
[e052 s0650/1030] loss = 0.022268
[e052 s0700/1030] loss = 0.022205
[e052 s0750/1030] loss = 0.021864
[e052 s0800/1030] loss = 0.022121
[e052 s0850/1030] loss = 0.022055
[e052 s0900/1030] loss = 0.022231
[e052 s0950/1030] loss = 0.021897
[e052 s1000/1030] loss = 0.021792
Epoch 052: train_loss = 0.021626  MAE/GAME0 = 23.245  RMSE = 42.248  GAME1 = 23.245  GAME2 = 23.245  GAME3 = 23.245  lr = 1.00e-05  time = 13.5s
[e053 s0001/1030] loss = 0.003097
[e053 s0050/1030] loss = 0.025407
[e053 s0100/1030] loss = 0.020926
[e053 s0150/1030] loss = 0.020061
[e053 s0200/1030] loss = 0.019235
[e053 s0250/1030] loss = 0.018952
[e053 s0300/1030] loss = 0.018983
[e053 s0350/1030] loss = 0.019825
[e053 s0400/1030] loss = 0.020380
[e053 s0450/1030] loss = 0.019852
[e053 s0500/1030] loss = 0.020663
[e053 s0550/1030] loss = 0.020808
[e053 s0600/1030] loss = 0.020393
[e053 s0650/1030] loss = 0.020120
[e053 s0700/1030] loss = 0.019897
[e053 s0750/1030] loss = 0.020020
[e053 s0800/1030] loss = 0.020455
[e053 s0850/1030] loss = 0.020416
[e053 s0900/1030] loss = 0.021052
[e053 s0950/1030] loss = 0.021140
[e053 s1000/1030] loss = 0.021125
Epoch 053: train_loss = 0.020886  MAE/GAME0 = 23.245  RMSE = 42.248  GAME1 = 23.245  GAME2 = 23.245  GAME3 = 23.245  lr = 1.00e-05  time = 13.4s
[e054 s0001/1030] loss = 0.009628
[e054 s0050/1030] loss = 0.019645
[e054 s0100/1030] loss = 0.018543
[e054 s0150/1030] loss = 0.020901
[e054 s0200/1030] loss = 0.020963
[e054 s0250/1030] loss = 0.021527
[e054 s0300/1030] loss = 0.020460
[e054 s0350/1030] loss = 0.020307
[e054 s0400/1030] loss = 0.021279
[e054 s0450/1030] loss = 0.020839
[e054 s0500/1030] loss = 0.020718
[e054 s0550/1030] loss = 0.020124
[e054 s0600/1030] loss = 0.019984
[e054 s0650/1030] loss = 0.019911
[e054 s0700/1030] loss = 0.019700
[e054 s0750/1030] loss = 0.019531
[e054 s0800/1030] loss = 0.019383
[e054 s0850/1030] loss = 0.019815
[e054 s0900/1030] loss = 0.019755
[e054 s0950/1030] loss = 0.019621
[e054 s1000/1030] loss = 0.019767
Epoch 054: train_loss = 0.019546  MAE/GAME0 = 23.245  RMSE = 42.248  GAME1 = 23.245  GAME2 = 23.245  GAME3 = 23.245  lr = 1.00e-05  time = 13.2s
[e055 s0001/1030] loss = 0.006268
[e055 s0050/1030] loss = 0.021877
[e055 s0100/1030] loss = 0.021922
[e055 s0150/1030] loss = 0.021094
[e055 s0200/1030] loss = 0.021262
[e055 s0250/1030] loss = 0.020916
[e055 s0300/1030] loss = 0.022030
[e055 s0350/1030] loss = 0.021792
[e055 s0400/1030] loss = 0.020878
[e055 s0450/1030] loss = 0.021668
[e055 s0500/1030] loss = 0.021794
[e055 s0550/1030] loss = 0.022402
[e055 s0600/1030] loss = 0.021781
[e055 s0650/1030] loss = 0.021391
[e055 s0700/1030] loss = 0.021547
[e055 s0750/1030] loss = 0.021172
[e055 s0800/1030] loss = 0.021207
[e055 s0850/1030] loss = 0.021209
[e055 s0900/1030] loss = 0.021014
[e055 s0950/1030] loss = 0.021088
[e055 s1000/1030] loss = 0.020868
Epoch 055: train_loss = 0.020635  MAE/GAME0 = 23.245  RMSE = 42.248  GAME1 = 23.245  GAME2 = 23.245  GAME3 = 23.245  lr = 1.00e-05  time = 13.3s
[e056 s0001/1030] loss = 0.005313
[e056 s0050/1030] loss = 0.036399
[e056 s0100/1030] loss = 0.028583
[e056 s0150/1030] loss = 0.027312
[e056 s0200/1030] loss = 0.024209
[e056 s0250/1030] loss = 0.025079
[e056 s0300/1030] loss = 0.023338
[e056 s0350/1030] loss = 0.021887
[e056 s0400/1030] loss = 0.021060
[e056 s0450/1030] loss = 0.020903
[e056 s0500/1030] loss = 0.021173
[e056 s0550/1030] loss = 0.020984
[e056 s0600/1030] loss = 0.020980
[e056 s0650/1030] loss = 0.020767
[e056 s0700/1030] loss = 0.021223
[e056 s0750/1030] loss = 0.021826
[e056 s0800/1030] loss = 0.021681
[e056 s0850/1030] loss = 0.021853
[e056 s0900/1030] loss = 0.021741
[e056 s0950/1030] loss = 0.021592
[e056 s1000/1030] loss = 0.021403
Epoch 056: train_loss = 0.021386  MAE/GAME0 = 23.245  RMSE = 42.248  GAME1 = 23.245  GAME2 = 23.245  GAME3 = 23.245  lr = 1.00e-05  time = 13.3s
[e057 s0001/1030] loss = 0.008655
[e057 s0050/1030] loss = 0.016534
[e057 s0100/1030] loss = 0.017613
[e057 s0150/1030] loss = 0.017872
[e057 s0200/1030] loss = 0.018035
[e057 s0250/1030] loss = 0.018390
[e057 s0300/1030] loss = 0.018706
[e057 s0350/1030] loss = 0.018989
[e057 s0400/1030] loss = 0.019858
[e057 s0450/1030] loss = 0.019606
[e057 s0500/1030] loss = 0.019294
[e057 s0550/1030] loss = 0.019752
[e057 s0600/1030] loss = 0.019905
[e057 s0650/1030] loss = 0.020649
[e057 s0700/1030] loss = 0.020436
[e057 s0750/1030] loss = 0.020515
[e057 s0800/1030] loss = 0.020459
[e057 s0850/1030] loss = 0.020261
[e057 s0900/1030] loss = 0.020558
[e057 s0950/1030] loss = 0.020456
[e057 s1000/1030] loss = 0.020620
Epoch 057: train_loss = 0.021046  MAE/GAME0 = 23.245  RMSE = 42.248  GAME1 = 23.245  GAME2 = 23.245  GAME3 = 23.245  lr = 1.00e-05  time = 13.4s
[e058 s0001/1030] loss = 0.001029
[e058 s0050/1030] loss = 0.024306
[e058 s0100/1030] loss = 0.020578
[e058 s0150/1030] loss = 0.018459
[e058 s0200/1030] loss = 0.019678
[e058 s0250/1030] loss = 0.019232
[e058 s0300/1030] loss = 0.020627
[e058 s0350/1030] loss = 0.021360
[e058 s0400/1030] loss = 0.021093
[e058 s0450/1030] loss = 0.020941
[e058 s0500/1030] loss = 0.020349
[e058 s0550/1030] loss = 0.020312
[e058 s0600/1030] loss = 0.020243
[e058 s0650/1030] loss = 0.020100
[e058 s0700/1030] loss = 0.020031
[e058 s0750/1030] loss = 0.019911
[e058 s0800/1030] loss = 0.019644
[e058 s0850/1030] loss = 0.019623
[e058 s0900/1030] loss = 0.020483
[e058 s0950/1030] loss = 0.020459
[e058 s1000/1030] loss = 0.020583
Epoch 058: train_loss = 0.020645  MAE/GAME0 = 23.245  RMSE = 42.248  GAME1 = 23.245  GAME2 = 23.245  GAME3 = 23.245  lr = 1.00e-05  time = 13.1s
[e059 s0001/1030] loss = 0.013386
[e059 s0050/1030] loss = 0.013217
[e059 s0100/1030] loss = 0.017434
[e059 s0150/1030] loss = 0.018655
[e059 s0200/1030] loss = 0.019936
[e059 s0250/1030] loss = 0.020402
[e059 s0300/1030] loss = 0.021397
[e059 s0350/1030] loss = 0.020657
[e059 s0400/1030] loss = 0.021026
[e059 s0450/1030] loss = 0.020752
[e059 s0500/1030] loss = 0.020526
[e059 s0550/1030] loss = 0.020217
[e059 s0600/1030] loss = 0.019605
[e059 s0650/1030] loss = 0.020111
[e059 s0700/1030] loss = 0.020084
[e059 s0750/1030] loss = 0.019712
[e059 s0800/1030] loss = 0.020128
[e059 s0850/1030] loss = 0.020313
[e059 s0900/1030] loss = 0.020690
[e059 s0950/1030] loss = 0.020793
[e059 s1000/1030] loss = 0.021075
Epoch 059: train_loss = 0.021087  MAE/GAME0 = 23.245  RMSE = 42.248  GAME1 = 23.245  GAME2 = 23.245  GAME3 = 23.245  lr = 1.00e-05  time = 13.2s
[e060 s0001/1030] loss = 0.016760
[e060 s0050/1030] loss = 0.030553
[e060 s0100/1030] loss = 0.021757
[e060 s0150/1030] loss = 0.021413
[e060 s0200/1030] loss = 0.023502
[e060 s0250/1030] loss = 0.022550
[e060 s0300/1030] loss = 0.023040
[e060 s0350/1030] loss = 0.022445
[e060 s0400/1030] loss = 0.023748
[e060 s0450/1030] loss = 0.022847
[e060 s0500/1030] loss = 0.022192
[e060 s0550/1030] loss = 0.021977
[e060 s0600/1030] loss = 0.021991
[e060 s0650/1030] loss = 0.021619
[e060 s0700/1030] loss = 0.020952
[e060 s0750/1030] loss = 0.020634
[e060 s0800/1030] loss = 0.020325
[e060 s0850/1030] loss = 0.020227
[e060 s0900/1030] loss = 0.020019
[e060 s0950/1030] loss = 0.020074
[e060 s1000/1030] loss = 0.020029
Epoch 060: train_loss = 0.020037  MAE/GAME0 = 23.245  RMSE = 42.248  GAME1 = 23.245  GAME2 = 23.245  GAME3 = 23.245  lr = 1.00e-05  time = 13.4s
[e061 s0001/1030] loss = 0.020564
[e061 s0050/1030] loss = 0.022456
[e061 s0100/1030] loss = 0.022286
[e061 s0150/1030] loss = 0.021557
[e061 s0200/1030] loss = 0.021164
[e061 s0250/1030] loss = 0.020533
[e061 s0300/1030] loss = 0.020409
[e061 s0350/1030] loss = 0.019768
[e061 s0400/1030] loss = 0.019795
[e061 s0450/1030] loss = 0.019517
[e061 s0500/1030] loss = 0.019169
[e061 s0550/1030] loss = 0.019169
[e061 s0600/1030] loss = 0.020491
[e061 s0650/1030] loss = 0.020448
[e061 s0700/1030] loss = 0.020137
[e061 s0750/1030] loss = 0.020866
[e061 s0800/1030] loss = 0.020739
[e061 s0850/1030] loss = 0.020719
[e061 s0900/1030] loss = 0.020579
[e061 s0950/1030] loss = 0.020543
[e061 s1000/1030] loss = 0.020737
Epoch 061: train_loss = 0.020806  MAE/GAME0 = 23.245  RMSE = 42.248  GAME1 = 23.245  GAME2 = 23.245  GAME3 = 23.245  lr = 1.00e-05  time = 13.4s
[e062 s0001/1030] loss = 0.014090
[e062 s0050/1030] loss = 0.023454
[e062 s0100/1030] loss = 0.026664
[e062 s0150/1030] loss = 0.023733
[e062 s0200/1030] loss = 0.023110
[e062 s0250/1030] loss = 0.021562
[e062 s0300/1030] loss = 0.020596
[e062 s0350/1030] loss = 0.019548
[e062 s0400/1030] loss = 0.019590
[e062 s0450/1030] loss = 0.019529
[e062 s0500/1030] loss = 0.019191
[e062 s0550/1030] loss = 0.019513
[e062 s0600/1030] loss = 0.018975
[e062 s0650/1030] loss = 0.019000
[e062 s0700/1030] loss = 0.020361
[e062 s0750/1030] loss = 0.020704
[e062 s0800/1030] loss = 0.020732
[e062 s0850/1030] loss = 0.021279
[e062 s0900/1030] loss = 0.021505
[e062 s0950/1030] loss = 0.021221
[e062 s1000/1030] loss = 0.021309
Epoch 062: train_loss = 0.021374  MAE/GAME0 = 23.245  RMSE = 42.248  GAME1 = 23.245  GAME2 = 23.245  GAME3 = 23.245  lr = 1.00e-05  time = 13.4s
[e063 s0001/1030] loss = 0.000000
[e063 s0050/1030] loss = 0.033104
[e063 s0100/1030] loss = 0.023869
[e063 s0150/1030] loss = 0.024518
[e063 s0200/1030] loss = 0.023714
[e063 s0250/1030] loss = 0.022920
[e063 s0300/1030] loss = 0.021554
[e063 s0350/1030] loss = 0.020421
[e063 s0400/1030] loss = 0.020187
[e063 s0450/1030] loss = 0.020842
[e063 s0500/1030] loss = 0.022963
[e063 s0550/1030] loss = 0.022158
[e063 s0600/1030] loss = 0.021698
[e063 s0650/1030] loss = 0.021754
[e063 s0700/1030] loss = 0.022043
[e063 s0750/1030] loss = 0.022377
[e063 s0800/1030] loss = 0.022584
[e063 s0850/1030] loss = 0.022174
[e063 s0900/1030] loss = 0.021700
[e063 s0950/1030] loss = 0.021477
[e063 s1000/1030] loss = 0.021368
Epoch 063: train_loss = 0.021428  MAE/GAME0 = 23.245  RMSE = 42.248  GAME1 = 23.245  GAME2 = 23.245  GAME3 = 23.245  lr = 1.00e-05  time = 13.2s
[e064 s0001/1030] loss = 0.040978
[e064 s0050/1030] loss = 0.017017
[e064 s0100/1030] loss = 0.018302
[e064 s0150/1030] loss = 0.018567
[e064 s0200/1030] loss = 0.018067
[e064 s0250/1030] loss = 0.018451
[e064 s0300/1030] loss = 0.018422
[e064 s0350/1030] loss = 0.018726
[e064 s0400/1030] loss = 0.018461
[e064 s0450/1030] loss = 0.019137
[e064 s0500/1030] loss = 0.018790
[e064 s0550/1030] loss = 0.018801
[e064 s0600/1030] loss = 0.018984
[e064 s0650/1030] loss = 0.019235
[e064 s0700/1030] loss = 0.020549
[e064 s0750/1030] loss = 0.020548
[e064 s0800/1030] loss = 0.020113
[e064 s0850/1030] loss = 0.019776
[e064 s0900/1030] loss = 0.019976
[e064 s0950/1030] loss = 0.020118
[e064 s1000/1030] loss = 0.019945
Epoch 064: train_loss = 0.019830  MAE/GAME0 = 23.245  RMSE = 42.248  GAME1 = 23.245  GAME2 = 23.245  GAME3 = 23.245  lr = 1.00e-05  time = 13.1s
[e065 s0001/1030] loss = 0.001029
[e065 s0050/1030] loss = 0.031455
[e065 s0100/1030] loss = 0.027125
[e065 s0150/1030] loss = 0.023327
[e065 s0200/1030] loss = 0.021504
[e065 s0250/1030] loss = 0.020828
[e065 s0300/1030] loss = 0.020841
[e065 s0350/1030] loss = 0.021274
[e065 s0400/1030] loss = 0.020286
[e065 s0450/1030] loss = 0.020288
[e065 s0500/1030] loss = 0.020397
[e065 s0550/1030] loss = 0.020730
[e065 s0600/1030] loss = 0.021187
[e065 s0650/1030] loss = 0.021160
[e065 s0700/1030] loss = 0.021073
[e065 s0750/1030] loss = 0.021331
[e065 s0800/1030] loss = 0.021253
[e065 s0850/1030] loss = 0.021068
[e065 s0900/1030] loss = 0.020967
[e065 s0950/1030] loss = 0.021074
[e065 s1000/1030] loss = 0.020947
Epoch 065: train_loss = 0.020925  MAE/GAME0 = 23.245  RMSE = 42.248  GAME1 = 23.245  GAME2 = 23.245  GAME3 = 23.245  lr = 1.00e-05  time = 13.4s
[e066 s0001/1030] loss = 0.012919
[e066 s0050/1030] loss = 0.019009
[e066 s0100/1030] loss = 0.018540
[e066 s0150/1030] loss = 0.018859
[e066 s0200/1030] loss = 0.018748
[e066 s0250/1030] loss = 0.018172
[e066 s0300/1030] loss = 0.018048
[e066 s0350/1030] loss = 0.021066
[e066 s0400/1030] loss = 0.020734
[e066 s0450/1030] loss = 0.019853
[e066 s0500/1030] loss = 0.020629
[e066 s0550/1030] loss = 0.020876
[e066 s0600/1030] loss = 0.021304
[e066 s0650/1030] loss = 0.021095
[e066 s0700/1030] loss = 0.021273
[e066 s0750/1030] loss = 0.021717
[e066 s0800/1030] loss = 0.021338
[e066 s0850/1030] loss = 0.021151
[e066 s0900/1030] loss = 0.021150
[e066 s0950/1030] loss = 0.020757
[e066 s1000/1030] loss = 0.020781
Epoch 066: train_loss = 0.020623  MAE/GAME0 = 23.245  RMSE = 42.248  GAME1 = 23.245  GAME2 = 23.245  GAME3 = 23.245  lr = 1.00e-05  time = 13.3s
[e067 s0001/1030] loss = 0.001029
[e067 s0050/1030] loss = 0.014986
[e067 s0100/1030] loss = 0.018269
[e067 s0150/1030] loss = 0.018301
[e067 s0200/1030] loss = 0.019725
[e067 s0250/1030] loss = 0.018364
[e067 s0300/1030] loss = 0.019593
[e067 s0350/1030] loss = 0.019326
[e067 s0400/1030] loss = 0.019532
[e067 s0450/1030] loss = 0.019085
[e067 s0500/1030] loss = 0.019933
[e067 s0550/1030] loss = 0.020080
[e067 s0600/1030] loss = 0.019878
[e067 s0650/1030] loss = 0.020126
[e067 s0700/1030] loss = 0.020338
[e067 s0750/1030] loss = 0.020681
[e067 s0800/1030] loss = 0.020643
[e067 s0850/1030] loss = 0.020694
[e067 s0900/1030] loss = 0.020794
[e067 s0950/1030] loss = 0.020709
[e067 s1000/1030] loss = 0.020767
Epoch 067: train_loss = 0.020554  MAE/GAME0 = 23.245  RMSE = 42.248  GAME1 = 23.245  GAME2 = 23.245  GAME3 = 23.245  lr = 1.00e-05  time = 13.3s
[e068 s0001/1030] loss = 0.035886
[e068 s0050/1030] loss = 0.032875
[e068 s0100/1030] loss = 0.025136
[e068 s0150/1030] loss = 0.023728
[e068 s0200/1030] loss = 0.022161
[e068 s0250/1030] loss = 0.021470
[e068 s0300/1030] loss = 0.021005
[e068 s0350/1030] loss = 0.020024
[e068 s0400/1030] loss = 0.019401
[e068 s0450/1030] loss = 0.019330
[e068 s0500/1030] loss = 0.019537
[e068 s0550/1030] loss = 0.019321
[e068 s0600/1030] loss = 0.019065
[e068 s0650/1030] loss = 0.019094
[e068 s0700/1030] loss = 0.019862
[e068 s0750/1030] loss = 0.019647
[e068 s0800/1030] loss = 0.020425
[e068 s0850/1030] loss = 0.020533
[e068 s0900/1030] loss = 0.020559
[e068 s0950/1030] loss = 0.020660
[e068 s1000/1030] loss = 0.020351
Epoch 068: train_loss = 0.020330  MAE/GAME0 = 23.245  RMSE = 42.248  GAME1 = 23.245  GAME2 = 23.245  GAME3 = 23.245  lr = 1.00e-05  time = 13.6s
[e069 s0001/1030] loss = 0.017117
[e069 s0050/1030] loss = 0.018625
[e069 s0100/1030] loss = 0.018493
[e069 s0150/1030] loss = 0.019823
[e069 s0200/1030] loss = 0.022776
[e069 s0250/1030] loss = 0.021027
[e069 s0300/1030] loss = 0.020601
[e069 s0350/1030] loss = 0.022405
[e069 s0400/1030] loss = 0.021774
[e069 s0450/1030] loss = 0.021650
[e069 s0500/1030] loss = 0.021744
[e069 s0550/1030] loss = 0.022149
[e069 s0600/1030] loss = 0.022363
[e069 s0650/1030] loss = 0.022291
[e069 s0700/1030] loss = 0.021958
[e069 s0750/1030] loss = 0.022075
[e069 s0800/1030] loss = 0.021845
[e069 s0850/1030] loss = 0.021383
[e069 s0900/1030] loss = 0.021626
[e069 s0950/1030] loss = 0.021660
[e069 s1000/1030] loss = 0.021453
Epoch 069: train_loss = 0.021341  MAE/GAME0 = 23.245  RMSE = 42.248  GAME1 = 23.245  GAME2 = 23.245  GAME3 = 23.245  lr = 1.00e-05  time = 13.4s
[e070 s0001/1030] loss = 0.008471
[e070 s0050/1030] loss = 0.015949
[e070 s0100/1030] loss = 0.015255
[e070 s0150/1030] loss = 0.015222
[e070 s0200/1030] loss = 0.016307
[e070 s0250/1030] loss = 0.017078
[e070 s0300/1030] loss = 0.017280
[e070 s0350/1030] loss = 0.017628
[e070 s0400/1030] loss = 0.018101
[e070 s0450/1030] loss = 0.019185
[e070 s0500/1030] loss = 0.020208
[e070 s0550/1030] loss = 0.020223
[e070 s0600/1030] loss = 0.019787
[e070 s0650/1030] loss = 0.019798
[e070 s0700/1030] loss = 0.019879
[e070 s0750/1030] loss = 0.019934
[e070 s0800/1030] loss = 0.019630
[e070 s0850/1030] loss = 0.019317
[e070 s0900/1030] loss = 0.019484
[e070 s0950/1030] loss = 0.019689
[e070 s1000/1030] loss = 0.019684
Epoch 070: train_loss = 0.019753  MAE/GAME0 = 23.245  RMSE = 42.248  GAME1 = 23.245  GAME2 = 23.245  GAME3 = 23.245  lr = 1.00e-05  time = 13.0s
[e071 s0001/1030] loss = 0.000000
[e071 s0050/1030] loss = 0.015996
[e071 s0100/1030] loss = 0.019173
[e071 s0150/1030] loss = 0.020126
[e071 s0200/1030] loss = 0.019473
[e071 s0250/1030] loss = 0.019222
[e071 s0300/1030] loss = 0.020985
[e071 s0350/1030] loss = 0.021663
[e071 s0400/1030] loss = 0.021338
[e071 s0450/1030] loss = 0.021024
[e071 s0500/1030] loss = 0.020456
[e071 s0550/1030] loss = 0.020258
[e071 s0600/1030] loss = 0.019678
[e071 s0650/1030] loss = 0.019641
[e071 s0700/1030] loss = 0.020834
[e071 s0750/1030] loss = 0.020770
[e071 s0800/1030] loss = 0.020661
[e071 s0850/1030] loss = 0.020784
[e071 s0900/1030] loss = 0.020719
[e071 s0950/1030] loss = 0.020547
[e071 s1000/1030] loss = 0.020513
Epoch 071: train_loss = 0.020456  MAE/GAME0 = 23.245  RMSE = 42.248  GAME1 = 23.245  GAME2 = 23.245  GAME3 = 23.245  lr = 1.00e-05  time = 13.2s
[e072 s0001/1030] loss = 0.006409
[e072 s0050/1030] loss = 0.019889
[e072 s0100/1030] loss = 0.024512
[e072 s0150/1030] loss = 0.024827
[e072 s0200/1030] loss = 0.022390
[e072 s0250/1030] loss = 0.021401
[e072 s0300/1030] loss = 0.020593
[e072 s0350/1030] loss = 0.020262
[e072 s0400/1030] loss = 0.020854
[e072 s0450/1030] loss = 0.022694
[e072 s0500/1030] loss = 0.021775
[e072 s0550/1030] loss = 0.021841
[e072 s0600/1030] loss = 0.021331
[e072 s0650/1030] loss = 0.020964
[e072 s0700/1030] loss = 0.021175
[e072 s0750/1030] loss = 0.020913
[e072 s0800/1030] loss = 0.020752
[e072 s0850/1030] loss = 0.020748
[e072 s0900/1030] loss = 0.020692
[e072 s0950/1030] loss = 0.020505
[e072 s1000/1030] loss = 0.020390
Epoch 072: train_loss = 0.020259  MAE/GAME0 = 23.245  RMSE = 42.248  GAME1 = 23.245  GAME2 = 23.245  GAME3 = 23.245  lr = 1.00e-05  time = 13.1s
[e073 s0001/1030] loss = 0.039454
[e073 s0050/1030] loss = 0.018434
[e073 s0100/1030] loss = 0.017529
[e073 s0150/1030] loss = 0.017535
[e073 s0200/1030] loss = 0.018692
[e073 s0250/1030] loss = 0.018929
[e073 s0300/1030] loss = 0.019102
[e073 s0350/1030] loss = 0.018797
[e073 s0400/1030] loss = 0.019445
[e073 s0450/1030] loss = 0.019726
[e073 s0500/1030] loss = 0.019445
[e073 s0550/1030] loss = 0.020500
[e073 s0600/1030] loss = 0.020555
[e073 s0650/1030] loss = 0.020556
[e073 s0700/1030] loss = 0.021097
[e073 s0750/1030] loss = 0.020976
[e073 s0800/1030] loss = 0.020756
[e073 s0850/1030] loss = 0.020645
[e073 s0900/1030] loss = 0.020535
[e073 s0950/1030] loss = 0.020179
[e073 s1000/1030] loss = 0.019973
Epoch 073: train_loss = 0.019934  MAE/GAME0 = 23.245  RMSE = 42.248  GAME1 = 23.245  GAME2 = 23.245  GAME3 = 23.245  lr = 1.00e-05  time = 13.2s
[e074 s0001/1030] loss = 0.006308
[e074 s0050/1030] loss = 0.018940
[e074 s0100/1030] loss = 0.019391
[e074 s0150/1030] loss = 0.019614
[e074 s0200/1030] loss = 0.018925
[e074 s0250/1030] loss = 0.018724
[e074 s0300/1030] loss = 0.018464
[e074 s0350/1030] loss = 0.019190
[e074 s0400/1030] loss = 0.018493
[e074 s0450/1030] loss = 0.018472
[e074 s0500/1030] loss = 0.019086
[e074 s0550/1030] loss = 0.019094
[e074 s0600/1030] loss = 0.019446
[e074 s0650/1030] loss = 0.019490
[e074 s0700/1030] loss = 0.019541
[e074 s0750/1030] loss = 0.020304
[e074 s0800/1030] loss = 0.020343
[e074 s0850/1030] loss = 0.019949
[e074 s0900/1030] loss = 0.019643
[e074 s0950/1030] loss = 0.019670
[e074 s1000/1030] loss = 0.019784
Epoch 074: train_loss = 0.019794  MAE/GAME0 = 23.245  RMSE = 42.248  GAME1 = 23.245  GAME2 = 23.245  GAME3 = 23.245  lr = 1.00e-05  time = 13.4s
[e075 s0001/1030] loss = 0.056957
[e075 s0050/1030] loss = 0.017246
[e075 s0100/1030] loss = 0.015796
[e075 s0150/1030] loss = 0.017654
[e075 s0200/1030] loss = 0.019607
[e075 s0250/1030] loss = 0.018687
[e075 s0300/1030] loss = 0.018935
[e075 s0350/1030] loss = 0.018426
[e075 s0400/1030] loss = 0.019053
[e075 s0450/1030] loss = 0.018354
[e075 s0500/1030] loss = 0.018382
[e075 s0550/1030] loss = 0.018605
[e075 s0600/1030] loss = 0.020172
[e075 s0650/1030] loss = 0.020218
[e075 s0700/1030] loss = 0.020387
[e075 s0750/1030] loss = 0.020254
[e075 s0800/1030] loss = 0.020027
[e075 s0850/1030] loss = 0.019737
[e075 s0900/1030] loss = 0.019619
[e075 s0950/1030] loss = 0.019829
[e075 s1000/1030] loss = 0.019668
Epoch 075: train_loss = 0.019663  MAE/GAME0 = 23.245  RMSE = 42.248  GAME1 = 23.245  GAME2 = 23.245  GAME3 = 23.245  lr = 1.00e-05  time = 13.2s
[e076 s0001/1030] loss = 0.022444
[e076 s0050/1030] loss = 0.023808
[e076 s0100/1030] loss = 0.021797
[e076 s0150/1030] loss = 0.024915
[e076 s0200/1030] loss = 0.023496
[e076 s0250/1030] loss = 0.022405
[e076 s0300/1030] loss = 0.021126
[e076 s0350/1030] loss = 0.020926
[e076 s0400/1030] loss = 0.020699
[e076 s0450/1030] loss = 0.020350
[e076 s0500/1030] loss = 0.020566
[e076 s0550/1030] loss = 0.020805
[e076 s0600/1030] loss = 0.020826
[e076 s0650/1030] loss = 0.020574
[e076 s0700/1030] loss = 0.020317
[e076 s0750/1030] loss = 0.020335
[e076 s0800/1030] loss = 0.021457
[e076 s0850/1030] loss = 0.021571
[e076 s0900/1030] loss = 0.021457
[e076 s0950/1030] loss = 0.021115
[e076 s1000/1030] loss = 0.020927
Epoch 076: train_loss = 0.021170  MAE/GAME0 = 23.245  RMSE = 42.248  GAME1 = 23.245  GAME2 = 23.245  GAME3 = 23.245  lr = 1.00e-05  time = 13.2s
[e077 s0001/1030] loss = 0.012624
[e077 s0050/1030] loss = 0.023414
[e077 s0100/1030] loss = 0.020476
[e077 s0150/1030] loss = 0.018705
[e077 s0200/1030] loss = 0.018328
[e077 s0250/1030] loss = 0.017715
[e077 s0300/1030] loss = 0.017869
[e077 s0350/1030] loss = 0.018249
[e077 s0400/1030] loss = 0.018247
[e077 s0450/1030] loss = 0.019996
[e077 s0500/1030] loss = 0.020204
[e077 s0550/1030] loss = 0.020332
[e077 s0600/1030] loss = 0.019938
[e077 s0650/1030] loss = 0.020175
[e077 s0700/1030] loss = 0.020258
[e077 s0750/1030] loss = 0.020474
[e077 s0800/1030] loss = 0.020815
[e077 s0850/1030] loss = 0.020454
[e077 s0900/1030] loss = 0.020252
[e077 s0950/1030] loss = 0.020114
[e077 s1000/1030] loss = 0.020549
Epoch 077: train_loss = 0.020691  MAE/GAME0 = 23.245  RMSE = 42.248  GAME1 = 23.245  GAME2 = 23.245  GAME3 = 23.245  lr = 1.00e-05  time = 13.3s
[e078 s0001/1030] loss = 0.000000
[e078 s0050/1030] loss = 0.017333
[e078 s0100/1030] loss = 0.019151
[e078 s0150/1030] loss = 0.021487
[e078 s0200/1030] loss = 0.019167
[e078 s0250/1030] loss = 0.018677
[e078 s0300/1030] loss = 0.019745
[e078 s0350/1030] loss = 0.020550
[e078 s0400/1030] loss = 0.019827
[e078 s0450/1030] loss = 0.019274
[e078 s0500/1030] loss = 0.019279
[e078 s0550/1030] loss = 0.019192
[e078 s0600/1030] loss = 0.018970
[e078 s0650/1030] loss = 0.019011
[e078 s0700/1030] loss = 0.019150
[e078 s0750/1030] loss = 0.019424
[e078 s0800/1030] loss = 0.019436
[e078 s0850/1030] loss = 0.019368
[e078 s0900/1030] loss = 0.019302
[e078 s0950/1030] loss = 0.019554
[e078 s1000/1030] loss = 0.019715
Epoch 078: train_loss = 0.019786  MAE/GAME0 = 23.245  RMSE = 42.248  GAME1 = 23.245  GAME2 = 23.245  GAME3 = 23.245  lr = 1.00e-05  time = 13.2s
[e079 s0001/1030] loss = 0.020751
[e079 s0050/1030] loss = 0.020750
[e079 s0100/1030] loss = 0.022092
[e079 s0150/1030] loss = 0.020771
[e079 s0200/1030] loss = 0.019734
[e079 s0250/1030] loss = 0.019974
[e079 s0300/1030] loss = 0.020271
[e079 s0350/1030] loss = 0.020826
[e079 s0400/1030] loss = 0.021141
[e079 s0450/1030] loss = 0.021487
[e079 s0500/1030] loss = 0.021750
[e079 s0550/1030] loss = 0.021501
[e079 s0600/1030] loss = 0.021578
[e079 s0650/1030] loss = 0.021020
[e079 s0700/1030] loss = 0.020794
[e079 s0750/1030] loss = 0.020664
[e079 s0800/1030] loss = 0.021395
[e079 s0850/1030] loss = 0.022573
[e079 s0900/1030] loss = 0.022536
[e079 s0950/1030] loss = 0.022160
[e079 s1000/1030] loss = 0.021768
Epoch 079: train_loss = 0.021559  MAE/GAME0 = 23.245  RMSE = 42.248  GAME1 = 23.245  GAME2 = 23.245  GAME3 = 23.245  lr = 1.00e-05  time = 13.1s
[e080 s0001/1030] loss = 0.011944
[e080 s0050/1030] loss = 0.028734
[e080 s0100/1030] loss = 0.028536
[e080 s0150/1030] loss = 0.025355
[e080 s0200/1030] loss = 0.023443
[e080 s0250/1030] loss = 0.022518
[e080 s0300/1030] loss = 0.023922
[e080 s0350/1030] loss = 0.022524
[e080 s0400/1030] loss = 0.022729
[e080 s0450/1030] loss = 0.021959
[e080 s0500/1030] loss = 0.021781
[e080 s0550/1030] loss = 0.021745
[e080 s0600/1030] loss = 0.021744
[e080 s0650/1030] loss = 0.021489
[e080 s0700/1030] loss = 0.022031
[e080 s0750/1030] loss = 0.021764
[e080 s0800/1030] loss = 0.021982
[e080 s0850/1030] loss = 0.021643
[e080 s0900/1030] loss = 0.021603
[e080 s0950/1030] loss = 0.021391
[e080 s1000/1030] loss = 0.021331
Epoch 080: train_loss = 0.021355  MAE/GAME0 = 23.245  RMSE = 42.248  GAME1 = 23.245  GAME2 = 23.245  GAME3 = 23.245  lr = 1.00e-05  time = 13.3s
[e081 s0001/1030] loss = 0.008454
[e081 s0050/1030] loss = 0.021417
[e081 s0100/1030] loss = 0.019866
[e081 s0150/1030] loss = 0.022432
[e081 s0200/1030] loss = 0.021344
[e081 s0250/1030] loss = 0.020665
[e081 s0300/1030] loss = 0.019985
[e081 s0350/1030] loss = 0.020960
[e081 s0400/1030] loss = 0.021346
[e081 s0450/1030] loss = 0.021406
[e081 s0500/1030] loss = 0.022335
[e081 s0550/1030] loss = 0.021847
[e081 s0600/1030] loss = 0.021479
[e081 s0650/1030] loss = 0.021743
[e081 s0700/1030] loss = 0.021638
[e081 s0750/1030] loss = 0.021192
[e081 s0800/1030] loss = 0.021173
[e081 s0850/1030] loss = 0.021119
[e081 s0900/1030] loss = 0.021234
[e081 s0950/1030] loss = 0.021254
[e081 s1000/1030] loss = 0.021183
Epoch 081: train_loss = 0.021071  MAE/GAME0 = 23.245  RMSE = 42.248  GAME1 = 23.245  GAME2 = 23.245  GAME3 = 23.245  lr = 1.00e-05  time = 13.1s
[e082 s0001/1030] loss = 0.023462
[e082 s0050/1030] loss = 0.029094
[e082 s0100/1030] loss = 0.029103
[e082 s0150/1030] loss = 0.025391
[e082 s0200/1030] loss = 0.022655
[e082 s0250/1030] loss = 0.022544
[e082 s0300/1030] loss = 0.023346
[e082 s0350/1030] loss = 0.021527
[e082 s0400/1030] loss = 0.021122
[e082 s0450/1030] loss = 0.021081
[e082 s0500/1030] loss = 0.020851
[e082 s0550/1030] loss = 0.020817
[e082 s0600/1030] loss = 0.021396
[e082 s0650/1030] loss = 0.021153
[e082 s0700/1030] loss = 0.020777
[e082 s0750/1030] loss = 0.020459
[e082 s0800/1030] loss = 0.020235
[e082 s0850/1030] loss = 0.019764
[e082 s0900/1030] loss = 0.019485
[e082 s0950/1030] loss = 0.019087
[e082 s1000/1030] loss = 0.018687
Epoch 082: train_loss = 0.018670  MAE/GAME0 = 16.239  RMSE = 37.571  GAME1 = 21.182  GAME2 = 24.076  GAME3 = 25.261  lr = 1.00e-05  time = 13.2s
[e083 s0001/1030] loss = 0.010197
[e083 s0050/1030] loss = 0.017046
[e083 s0100/1030] loss = 0.017714
[e083 s0150/1030] loss = 0.016196
[e083 s0200/1030] loss = 0.015672
[e083 s0250/1030] loss = 0.014845
[e083 s0300/1030] loss = 0.014764
[e083 s0350/1030] loss = 0.014573
[e083 s0400/1030] loss = 0.014746
[e083 s0450/1030] loss = 0.014809
[e083 s0500/1030] loss = 0.015417
[e083 s0550/1030] loss = 0.014975
[e083 s0600/1030] loss = 0.015409
[e083 s0650/1030] loss = 0.015132
[e083 s0700/1030] loss = 0.015830
[e083 s0750/1030] loss = 0.015784
[e083 s0800/1030] loss = 0.015660
[e083 s0850/1030] loss = 0.015459
[e083 s0900/1030] loss = 0.015424
[e083 s0950/1030] loss = 0.015643
[e083 s1000/1030] loss = 0.015635
Epoch 083: train_loss = 0.016001  MAE/GAME0 = 16.129  RMSE = 37.447  GAME1 = 21.197  GAME2 = 24.164  GAME3 = 25.383  lr = 1.00e-05  time = 13.2s
[e084 s0001/1030] loss = 0.011222
[e084 s0050/1030] loss = 0.020329
[e084 s0100/1030] loss = 0.019504
[e084 s0150/1030] loss = 0.017718
[e084 s0200/1030] loss = 0.016253
[e084 s0250/1030] loss = 0.016876
[e084 s0300/1030] loss = 0.016212
[e084 s0350/1030] loss = 0.016090
[e084 s0400/1030] loss = 0.016753
[e084 s0450/1030] loss = 0.016111
[e084 s0500/1030] loss = 0.015809
[e084 s0550/1030] loss = 0.015723
[e084 s0600/1030] loss = 0.015367
[e084 s0650/1030] loss = 0.015081
[e084 s0700/1030] loss = 0.014960
[e084 s0750/1030] loss = 0.014776
[e084 s0800/1030] loss = 0.014937
[e084 s0850/1030] loss = 0.015068
[e084 s0900/1030] loss = 0.015244
[e084 s0950/1030] loss = 0.015252
[e084 s1000/1030] loss = 0.015068
Epoch 084: train_loss = 0.015000  MAE/GAME0 = 16.046  RMSE = 37.355  GAME1 = 21.210  GAME2 = 24.233  GAME3 = 25.478  lr = 1.00e-05  time = 13.2s
[e085 s0001/1030] loss = 0.042661
[e085 s0050/1030] loss = 0.015009
[e085 s0100/1030] loss = 0.015832
[e085 s0150/1030] loss = 0.019243
[e085 s0200/1030] loss = 0.021561
[e085 s0250/1030] loss = 0.020642
[e085 s0300/1030] loss = 0.019400
[e085 s0350/1030] loss = 0.018373
[e085 s0400/1030] loss = 0.018499
[e085 s0450/1030] loss = 0.017684
[e085 s0500/1030] loss = 0.018177
[e085 s0550/1030] loss = 0.017626
[e085 s0600/1030] loss = 0.017525
[e085 s0650/1030] loss = 0.017283
[e085 s0700/1030] loss = 0.017378
[e085 s0750/1030] loss = 0.016914
[e085 s0800/1030] loss = 0.016643
[e085 s0850/1030] loss = 0.016916
[e085 s0900/1030] loss = 0.016769
[e085 s0950/1030] loss = 0.016692
[e085 s1000/1030] loss = 0.016619
Epoch 085: train_loss = 0.016418  MAE/GAME0 = 15.657  RMSE = 36.868  GAME1 = 21.339  GAME2 = 24.659  GAME3 = 26.036  lr = 1.00e-05  time = 13.3s
[e086 s0001/1030] loss = 0.001669
[e086 s0050/1030] loss = 0.020007
[e086 s0100/1030] loss = 0.018323
[e086 s0150/1030] loss = 0.017000
[e086 s0200/1030] loss = 0.015615
[e086 s0250/1030] loss = 0.014598
[e086 s0300/1030] loss = 0.014172
[e086 s0350/1030] loss = 0.014848
[e086 s0400/1030] loss = 0.014973
[e086 s0450/1030] loss = 0.015277
[e086 s0500/1030] loss = 0.016008
[e086 s0550/1030] loss = 0.016167
[e086 s0600/1030] loss = 0.015802
[e086 s0650/1030] loss = 0.015781
[e086 s0700/1030] loss = 0.016172
[e086 s0750/1030] loss = 0.015926
[e086 s0800/1030] loss = 0.016495
[e086 s0850/1030] loss = 0.016377
[e086 s0900/1030] loss = 0.016159
[e086 s0950/1030] loss = 0.016299
[e086 s1000/1030] loss = 0.016256
Epoch 086: train_loss = 0.016155  MAE/GAME0 = 15.476  RMSE = 36.582  GAME1 = 21.461  GAME2 = 24.974  GAME3 = 26.422  lr = 1.00e-05  time = 13.1s
[e087 s0001/1030] loss = 0.034081
[e087 s0050/1030] loss = 0.016660
[e087 s0100/1030] loss = 0.014172
[e087 s0150/1030] loss = 0.015051
[e087 s0200/1030] loss = 0.014462
[e087 s0250/1030] loss = 0.014020
[e087 s0300/1030] loss = 0.015907
[e087 s0350/1030] loss = 0.015717
[e087 s0400/1030] loss = 0.015787
[e087 s0450/1030] loss = 0.015533
[e087 s0500/1030] loss = 0.015148
[e087 s0550/1030] loss = 0.015264
[e087 s0600/1030] loss = 0.015082
[e087 s0650/1030] loss = 0.016013
[e087 s0700/1030] loss = 0.016213
[e087 s0750/1030] loss = 0.016256
[e087 s0800/1030] loss = 0.016322
[e087 s0850/1030] loss = 0.016365
[e087 s0900/1030] loss = 0.016289
[e087 s0950/1030] loss = 0.016019
[e087 s1000/1030] loss = 0.016074
Epoch 087: train_loss = 0.016282  MAE/GAME0 = 16.225  RMSE = 37.556  GAME1 = 21.184  GAME2 = 24.087  GAME3 = 25.276  lr = 1.00e-05  time = 13.1s
[e088 s0001/1030] loss = 0.010541
[e088 s0050/1030] loss = 0.014343
[e088 s0100/1030] loss = 0.022962
[e088 s0150/1030] loss = 0.020796
[e088 s0200/1030] loss = 0.019602
[e088 s0250/1030] loss = 0.017825
[e088 s0300/1030] loss = 0.017109
[e088 s0350/1030] loss = 0.017655
[e088 s0400/1030] loss = 0.017599
[e088 s0450/1030] loss = 0.017200
[e088 s0500/1030] loss = 0.018261
[e088 s0550/1030] loss = 0.017567
[e088 s0600/1030] loss = 0.017081
[e088 s0650/1030] loss = 0.018310
[e088 s0700/1030] loss = 0.018983
[e088 s0750/1030] loss = 0.018276
[e088 s0800/1030] loss = 0.017899
[e088 s0850/1030] loss = 0.017773
[e088 s0900/1030] loss = 0.017553
[e088 s0950/1030] loss = 0.017637
[e088 s1000/1030] loss = 0.017765
Epoch 088: train_loss = 0.017613  MAE/GAME0 = 16.246  RMSE = 37.580  GAME1 = 21.181  GAME2 = 24.071  GAME3 = 25.253  lr = 1.00e-05  time = 13.1s
[e089 s0001/1030] loss = 0.010469
[e089 s0050/1030] loss = 0.011703
[e089 s0100/1030] loss = 0.018797
[e089 s0150/1030] loss = 0.016440
[e089 s0200/1030] loss = 0.016387
[e089 s0250/1030] loss = 0.015320
[e089 s0300/1030] loss = 0.015329
[e089 s0350/1030] loss = 0.015119
[e089 s0400/1030] loss = 0.014735
[e089 s0450/1030] loss = 0.014666
[e089 s0500/1030] loss = 0.014729
[e089 s0550/1030] loss = 0.014741
[e089 s0600/1030] loss = 0.014472
[e089 s0650/1030] loss = 0.014602
[e089 s0700/1030] loss = 0.015239
[e089 s0750/1030] loss = 0.015152
[e089 s0800/1030] loss = 0.015543
[e089 s0850/1030] loss = 0.015496
[e089 s0900/1030] loss = 0.015261
[e089 s0950/1030] loss = 0.015319
[e089 s1000/1030] loss = 0.015152
Epoch 089: train_loss = 0.015071  MAE/GAME0 = 16.101  RMSE = 37.415  GAME1 = 21.201  GAME2 = 24.188  GAME3 = 25.416  lr = 1.00e-05  time = 13.2s
[e090 s0001/1030] loss = 0.005022
[e090 s0050/1030] loss = 0.011246
[e090 s0100/1030] loss = 0.013086
[e090 s0150/1030] loss = 0.014325
[e090 s0200/1030] loss = 0.013272
[e090 s0250/1030] loss = 0.014545
[e090 s0300/1030] loss = 0.014015
[e090 s0350/1030] loss = 0.014024
[e090 s0400/1030] loss = 0.013977
[e090 s0450/1030] loss = 0.014588
[e090 s0500/1030] loss = 0.014103
[e090 s0550/1030] loss = 0.014477
[e090 s0600/1030] loss = 0.014436
[e090 s0650/1030] loss = 0.015130
[e090 s0700/1030] loss = 0.016095
[e090 s0750/1030] loss = 0.016126
[e090 s0800/1030] loss = 0.016197
[e090 s0850/1030] loss = 0.016192
[e090 s0900/1030] loss = 0.015985
[e090 s0950/1030] loss = 0.015904
[e090 s1000/1030] loss = 0.016002
Epoch 090: train_loss = 0.015944  MAE/GAME0 = 15.428  RMSE = 36.492  GAME1 = 21.506  GAME2 = 25.086  GAME3 = 26.555  lr = 1.00e-05  time = 13.2s
[e091 s0001/1030] loss = 0.005354
[e091 s0050/1030] loss = 0.015655
[e091 s0100/1030] loss = 0.014559
[e091 s0150/1030] loss = 0.015097
[e091 s0200/1030] loss = 0.015335
[e091 s0250/1030] loss = 0.015117
[e091 s0300/1030] loss = 0.014817
[e091 s0350/1030] loss = 0.014423
[e091 s0400/1030] loss = 0.015469
[e091 s0450/1030] loss = 0.015366
[e091 s0500/1030] loss = 0.015159
[e091 s0550/1030] loss = 0.015401
[e091 s0600/1030] loss = 0.015055
[e091 s0650/1030] loss = 0.014612
[e091 s0700/1030] loss = 0.014587
[e091 s0750/1030] loss = 0.015354
[e091 s0800/1030] loss = 0.015257
[e091 s0850/1030] loss = 0.015048
[e091 s0900/1030] loss = 0.014972
[e091 s0950/1030] loss = 0.014822
[e091 s1000/1030] loss = 0.014853
Epoch 091: train_loss = 0.014973  MAE/GAME0 = 15.880  RMSE = 37.152  GAME1 = 21.251  GAME2 = 24.396  GAME3 = 25.697  lr = 1.00e-05  time = 13.1s
[e092 s0001/1030] loss = 0.012443
[e092 s0050/1030] loss = 0.018197
[e092 s0100/1030] loss = 0.016476
[e092 s0150/1030] loss = 0.016599
[e092 s0200/1030] loss = 0.017125
[e092 s0250/1030] loss = 0.016191
[e092 s0300/1030] loss = 0.015894
[e092 s0350/1030] loss = 0.015212
[e092 s0400/1030] loss = 0.014720
[e092 s0450/1030] loss = 0.014940
[e092 s0500/1030] loss = 0.015040
[e092 s0550/1030] loss = 0.015131
[e092 s0600/1030] loss = 0.014983
[e092 s0650/1030] loss = 0.014885
[e092 s0700/1030] loss = 0.015076
[e092 s0750/1030] loss = 0.015132
[e092 s0800/1030] loss = 0.015155
[e092 s0850/1030] loss = 0.015396
[e092 s0900/1030] loss = 0.015532
[e092 s0950/1030] loss = 0.015539
[e092 s1000/1030] loss = 0.015854
Epoch 092: train_loss = 0.016072  MAE/GAME0 = 15.911  RMSE = 37.189  GAME1 = 21.243  GAME2 = 24.361  GAME3 = 25.650  lr = 1.00e-05  time = 13.2s
[e093 s0001/1030] loss = 0.011691
[e093 s0050/1030] loss = 0.017336
[e093 s0100/1030] loss = 0.015515
[e093 s0150/1030] loss = 0.016194
[e093 s0200/1030] loss = 0.015389
[e093 s0250/1030] loss = 0.015478
[e093 s0300/1030] loss = 0.015048
[e093 s0350/1030] loss = 0.014854
[e093 s0400/1030] loss = 0.016081
[e093 s0450/1030] loss = 0.016044
[e093 s0500/1030] loss = 0.016128
[e093 s0550/1030] loss = 0.015663
[e093 s0600/1030] loss = 0.015632
[e093 s0650/1030] loss = 0.015849
[e093 s0700/1030] loss = 0.015940
[e093 s0750/1030] loss = 0.016245
[e093 s0800/1030] loss = 0.015973
[e093 s0850/1030] loss = 0.015891
[e093 s0900/1030] loss = 0.017000
[e093 s0950/1030] loss = 0.016861
[e093 s1000/1030] loss = 0.016740
Epoch 093: train_loss = 0.016675  MAE/GAME0 = 15.718  RMSE = 36.949  GAME1 = 21.311  GAME2 = 24.576  GAME3 = 25.930  lr = 1.00e-05  time = 13.1s
[e094 s0001/1030] loss = 0.003022
[e094 s0050/1030] loss = 0.013807
[e094 s0100/1030] loss = 0.018256
[e094 s0150/1030] loss = 0.017201
[e094 s0200/1030] loss = 0.016430
[e094 s0250/1030] loss = 0.019056
[e094 s0300/1030] loss = 0.018363
[e094 s0350/1030] loss = 0.017753
[e094 s0400/1030] loss = 0.017579
[e094 s0450/1030] loss = 0.017256
[e094 s0500/1030] loss = 0.017008
[e094 s0550/1030] loss = 0.017126
[e094 s0600/1030] loss = 0.016903
[e094 s0650/1030] loss = 0.016450
[e094 s0700/1030] loss = 0.016160
[e094 s0750/1030] loss = 0.016200
[e094 s0800/1030] loss = 0.016493
[e094 s0850/1030] loss = 0.016819
[e094 s0900/1030] loss = 0.016679
[e094 s0950/1030] loss = 0.016642
[e094 s1000/1030] loss = 0.016416
Epoch 094: train_loss = 0.016356  MAE/GAME0 = 15.529  RMSE = 36.684  GAME1 = 21.414  GAME2 = 24.852  GAME3 = 26.272  lr = 1.00e-05  time = 13.5s
[e095 s0001/1030] loss = 0.005421
[e095 s0050/1030] loss = 0.020965
[e095 s0100/1030] loss = 0.017119
[e095 s0150/1030] loss = 0.015824
[e095 s0200/1030] loss = 0.015604
[e095 s0250/1030] loss = 0.015792
[e095 s0300/1030] loss = 0.015610
[e095 s0350/1030] loss = 0.014947
[e095 s0400/1030] loss = 0.015255
[e095 s0450/1030] loss = 0.015288
[e095 s0500/1030] loss = 0.015009
[e095 s0550/1030] loss = 0.016709
[e095 s0600/1030] loss = 0.016293
[e095 s0650/1030] loss = 0.016104
[e095 s0700/1030] loss = 0.016004
[e095 s0750/1030] loss = 0.015917
[e095 s0800/1030] loss = 0.015587
[e095 s0850/1030] loss = 0.015418
[e095 s0900/1030] loss = 0.015164
[e095 s0950/1030] loss = 0.015184
[e095 s1000/1030] loss = 0.015636
Epoch 095: train_loss = 0.015537  MAE/GAME0 = 16.325  RMSE = 37.670  GAME1 = 21.173  GAME2 = 24.008  GAME3 = 25.164  lr = 1.00e-05  time = 13.2s
[e096 s0001/1030] loss = 0.006245
[e096 s0050/1030] loss = 0.019072
[e096 s0100/1030] loss = 0.020172
[e096 s0150/1030] loss = 0.019615
[e096 s0200/1030] loss = 0.018345
[e096 s0250/1030] loss = 0.017065
[e096 s0300/1030] loss = 0.019031
[e096 s0350/1030] loss = 0.018200
[e096 s0400/1030] loss = 0.017816
[e096 s0450/1030] loss = 0.017063
[e096 s0500/1030] loss = 0.016876
[e096 s0550/1030] loss = 0.016891
[e096 s0600/1030] loss = 0.016776
[e096 s0650/1030] loss = 0.016336
[e096 s0700/1030] loss = 0.016395
[e096 s0750/1030] loss = 0.016117
[e096 s0800/1030] loss = 0.016374
[e096 s0850/1030] loss = 0.016239
[e096 s0900/1030] loss = 0.016456
[e096 s0950/1030] loss = 0.016361
[e096 s1000/1030] loss = 0.016560
Epoch 096: train_loss = 0.016430  MAE/GAME0 = 16.046  RMSE = 37.355  GAME1 = 21.210  GAME2 = 24.231  GAME3 = 25.475  lr = 1.00e-05  time = 13.2s
[e097 s0001/1030] loss = 0.015723
[e097 s0050/1030] loss = 0.013644
[e097 s0100/1030] loss = 0.013112
[e097 s0150/1030] loss = 0.017692
[e097 s0200/1030] loss = 0.016281
[e097 s0250/1030] loss = 0.015647
[e097 s0300/1030] loss = 0.015310
[e097 s0350/1030] loss = 0.015488
[e097 s0400/1030] loss = 0.015752
[e097 s0450/1030] loss = 0.015288
[e097 s0500/1030] loss = 0.015684
[e097 s0550/1030] loss = 0.016648
[e097 s0600/1030] loss = 0.016291
[e097 s0650/1030] loss = 0.016100
[e097 s0700/1030] loss = 0.015815
[e097 s0750/1030] loss = 0.015487
[e097 s0800/1030] loss = 0.015498
[e097 s0850/1030] loss = 0.015270
[e097 s0900/1030] loss = 0.015155
[e097 s0950/1030] loss = 0.015054
[e097 s1000/1030] loss = 0.015954
Epoch 097: train_loss = 0.015822  MAE/GAME0 = 15.717  RMSE = 36.948  GAME1 = 21.311  GAME2 = 24.579  GAME3 = 25.934  lr = 1.00e-05  time = 13.1s
[e098 s0001/1030] loss = 0.011577
[e098 s0050/1030] loss = 0.017733
[e098 s0100/1030] loss = 0.014718
[e098 s0150/1030] loss = 0.014129
[e098 s0200/1030] loss = 0.014750
[e098 s0250/1030] loss = 0.017010
[e098 s0300/1030] loss = 0.016188
[e098 s0350/1030] loss = 0.016440
[e098 s0400/1030] loss = 0.016089
[e098 s0450/1030] loss = 0.015720
[e098 s0500/1030] loss = 0.015378
[e098 s0550/1030] loss = 0.015029
[e098 s0600/1030] loss = 0.015707
[e098 s0650/1030] loss = 0.015471
[e098 s0700/1030] loss = 0.015317
[e098 s0750/1030] loss = 0.015922
[e098 s0800/1030] loss = 0.015844
[e098 s0850/1030] loss = 0.016583
[e098 s0900/1030] loss = 0.016186
[e098 s0950/1030] loss = 0.016345
[e098 s1000/1030] loss = 0.016135
Epoch 098: train_loss = 0.016067  MAE/GAME0 = 16.015  RMSE = 37.317  GAME1 = 21.216  GAME2 = 24.261  GAME3 = 25.516  lr = 1.00e-05  time = 13.2s
[e099 s0001/1030] loss = 0.001132
[e099 s0050/1030] loss = 0.016990
[e099 s0100/1030] loss = 0.015753
[e099 s0150/1030] loss = 0.015377
[e099 s0200/1030] loss = 0.017031
[e099 s0250/1030] loss = 0.015792
[e099 s0300/1030] loss = 0.016431
[e099 s0350/1030] loss = 0.016111
[e099 s0400/1030] loss = 0.015787
[e099 s0450/1030] loss = 0.015779
[e099 s0500/1030] loss = 0.015530
[e099 s0550/1030] loss = 0.015992
[e099 s0600/1030] loss = 0.015750
[e099 s0650/1030] loss = 0.015542
[e099 s0700/1030] loss = 0.015122
[e099 s0750/1030] loss = 0.015124
[e099 s0800/1030] loss = 0.015083
[e099 s0850/1030] loss = 0.015057
[e099 s0900/1030] loss = 0.015241
[e099 s0950/1030] loss = 0.015907
[e099 s1000/1030] loss = 0.016113
Epoch 099: train_loss = 0.016381  MAE/GAME0 = 16.050  RMSE = 37.359  GAME1 = 21.209  GAME2 = 24.231  GAME3 = 25.476  lr = 1.00e-05  time = 13.2s
[e100 s0001/1030] loss = 0.009117
[e100 s0050/1030] loss = 0.014794
[e100 s0100/1030] loss = 0.015920
[e100 s0150/1030] loss = 0.016821
[e100 s0200/1030] loss = 0.016889
[e100 s0250/1030] loss = 0.016790
[e100 s0300/1030] loss = 0.016105
[e100 s0350/1030] loss = 0.016212
[e100 s0400/1030] loss = 0.015966
[e100 s0450/1030] loss = 0.016746
[e100 s0500/1030] loss = 0.016687
[e100 s0550/1030] loss = 0.016257
[e100 s0600/1030] loss = 0.015970
[e100 s0650/1030] loss = 0.015749
[e100 s0700/1030] loss = 0.015395
[e100 s0750/1030] loss = 0.015295
[e100 s0800/1030] loss = 0.016164
[e100 s0850/1030] loss = 0.016206
[e100 s0900/1030] loss = 0.016180
[e100 s0950/1030] loss = 0.016097
[e100 s1000/1030] loss = 0.016127
Epoch 100: train_loss = 0.015990  MAE/GAME0 = 16.287  RMSE = 37.627  GAME1 = 21.177  GAME2 = 24.038  GAME3 = 25.207  lr = 1.00e-05  time = 13.2s
[done] best_mae = 15.428  best_path = /scratch/users/ntu/kenneth0/FYP-SmartObjectCounter/outputs/train_rgbt_late_e100_sanity/12791760.pbs101_20260126_164013/best.pth
