[log] /scratch/users/ntu/kenneth0/FYP-SmartObjectCounter/logs/train_rgbt_early_e100_12735448.pbs101_20260114_143413.log
[init] device = cuda
[init] train = 1030  val = 200  workers = 4
[e001 s0001/1030] loss = 459.972717
[e001 s0050/1030] loss = 133.850124
[e001 s0100/1030] loss = 67.816251
[e001 s0150/1030] loss = 45.228941
[e001 s0200/1030] loss = 33.922982
[e001 s0250/1030] loss = 27.138874
[e001 s0300/1030] loss = 22.615978
[e001 s0350/1030] loss = 19.385271
[e001 s0400/1030] loss = 16.962266
[e001 s0450/1030] loss = 15.077712
[e001 s0500/1030] loss = 13.570072
[e001 s0550/1030] loss = 12.336498
[e001 s0600/1030] loss = 11.308546
[e001 s0650/1030] loss = 10.438717
[e001 s0700/1030] loss = 9.693162
[e001 s0750/1030] loss = 9.047005
[e001 s0800/1030] loss = 8.481618
[e001 s0850/1030] loss = 7.982738
[e001 s0900/1030] loss = 7.539287
[e001 s0950/1030] loss = 7.142531
[e001 s1000/1030] loss = 6.785455
-> saved early_best.pth (MAE/GAME0 62.57)
Epoch 001: train_loss = 6.587849  MAE/GAME0 = 62.57  RMSE = 75.59  GAME1 = 20.96  GAME2 = 6.87  GAME3 = 1.98  lr = 1.00e-05  time = 162.8s
[e002 s0001/1030] loss = 0.000560
[e002 s0050/1030] loss = 0.001645
[e002 s0100/1030] loss = 0.001101
[e002 s0150/1030] loss = 0.000921
[e002 s0200/1030] loss = 0.000786
[e002 s0250/1030] loss = 0.000806
[e002 s0300/1030] loss = 0.000820
[e002 s0350/1030] loss = 0.000784
[e002 s0400/1030] loss = 0.000800
[e002 s0450/1030] loss = 0.000766
[e002 s0500/1030] loss = 0.000787
[e002 s0550/1030] loss = 0.000799
[e002 s0600/1030] loss = 0.000780
[e002 s0650/1030] loss = 0.000751
[e002 s0700/1030] loss = 0.000718
[e002 s0750/1030] loss = 0.000689
[e002 s0800/1030] loss = 0.000688
[e002 s0850/1030] loss = 0.000684
[e002 s0900/1030] loss = 0.000670
[e002 s0950/1030] loss = 0.000744
[e002 s1000/1030] loss = 0.000748
-> saved early_best.pth (MAE/GAME0 48.00)
Epoch 002: train_loss = 0.000739  MAE/GAME0 = 48.00  RMSE = 69.69  GAME1 = 16.56  GAME2 = 5.50  GAME3 = 1.63  lr = 1.00e-05  time = 24.7s
[e003 s0001/1030] loss = 0.000052
[e003 s0050/1030] loss = 0.000410
[e003 s0100/1030] loss = 0.000686
[e003 s0150/1030] loss = 0.000829
[e003 s0200/1030] loss = 0.000734
[e003 s0250/1030] loss = 0.000843
[e003 s0300/1030] loss = 0.000886
[e003 s0350/1030] loss = 0.000883
[e003 s0400/1030] loss = 0.000819
[e003 s0450/1030] loss = 0.000762
[e003 s0500/1030] loss = 0.000738
[e003 s0550/1030] loss = 0.000754
[e003 s0600/1030] loss = 0.000729
[e003 s0650/1030] loss = 0.000710
[e003 s0700/1030] loss = 0.000809
[e003 s0750/1030] loss = 0.000802
[e003 s0800/1030] loss = 0.000808
[e003 s0850/1030] loss = 0.000795
[e003 s0900/1030] loss = 0.000779
[e003 s0950/1030] loss = 0.000769
[e003 s1000/1030] loss = 0.000749
-> saved early_best.pth (MAE/GAME0 42.05)
Epoch 003: train_loss = 0.000741  MAE/GAME0 = 42.05  RMSE = 71.07  GAME1 = 13.62  GAME2 = 4.45  GAME3 = 1.37  lr = 1.00e-05  time = 24.7s
[e004 s0001/1030] loss = 0.000088
[e004 s0050/1030] loss = 0.001082
[e004 s0100/1030] loss = 0.000677
[e004 s0150/1030] loss = 0.000555
[e004 s0200/1030] loss = 0.000494
[e004 s0250/1030] loss = 0.000873
[e004 s0300/1030] loss = 0.000822
[e004 s0350/1030] loss = 0.000789
[e004 s0400/1030] loss = 0.000732
[e004 s0450/1030] loss = 0.001007
[e004 s0500/1030] loss = 0.000952
[e004 s0550/1030] loss = 0.000971
[e004 s0600/1030] loss = 0.000929
[e004 s0650/1030] loss = 0.000901
[e004 s0700/1030] loss = 0.000896
[e004 s0750/1030] loss = 0.000881
[e004 s0800/1030] loss = 0.000836
[e004 s0850/1030] loss = 0.000831
[e004 s0900/1030] loss = 0.000800
[e004 s0950/1030] loss = 0.000814
[e004 s1000/1030] loss = 0.000833
Epoch 004: train_loss = 0.000814  MAE/GAME0 = 51.48  RMSE = 80.54  GAME1 = 13.83  GAME2 = 3.87  GAME3 = 1.11  lr = 1.00e-05  time = 24.1s
[e005 s0001/1030] loss = 0.000060
[e005 s0050/1030] loss = 0.000371
[e005 s0100/1030] loss = 0.000405
[e005 s0150/1030] loss = 0.000518
[e005 s0200/1030] loss = 0.000473
[e005 s0250/1030] loss = 0.000557
[e005 s0300/1030] loss = 0.000539
[e005 s0350/1030] loss = 0.000558
[e005 s0400/1030] loss = 0.000600
[e005 s0450/1030] loss = 0.000563
[e005 s0500/1030] loss = 0.000551
[e005 s0550/1030] loss = 0.000541
[e005 s0600/1030] loss = 0.000586
[e005 s0650/1030] loss = 0.000582
[e005 s0700/1030] loss = 0.000563
[e005 s0750/1030] loss = 0.000553
[e005 s0800/1030] loss = 0.000573
[e005 s0850/1030] loss = 0.000562
[e005 s0900/1030] loss = 0.000550
[e005 s0950/1030] loss = 0.000545
[e005 s1000/1030] loss = 0.000711
Epoch 005: train_loss = 0.000706  MAE/GAME0 = 56.42  RMSE = 75.15  GAME1 = 17.65  GAME2 = 5.50  GAME3 = 1.58  lr = 1.00e-05  time = 26.4s
[e006 s0001/1030] loss = 0.000050
[e006 s0050/1030] loss = 0.000483
[e006 s0100/1030] loss = 0.000879
[e006 s0150/1030] loss = 0.001035
[e006 s0200/1030] loss = 0.000967
[e006 s0250/1030] loss = 0.000975
[e006 s0300/1030] loss = 0.000854
[e006 s0350/1030] loss = 0.000809
[e006 s0400/1030] loss = 0.000790
[e006 s0450/1030] loss = 0.000780
[e006 s0500/1030] loss = 0.000727
[e006 s0550/1030] loss = 0.000824
[e006 s0600/1030] loss = 0.000781
[e006 s0650/1030] loss = 0.000763
[e006 s0700/1030] loss = 0.000743
[e006 s0750/1030] loss = 0.000714
[e006 s0800/1030] loss = 0.000689
[e006 s0850/1030] loss = 0.000678
[e006 s0900/1030] loss = 0.000669
[e006 s0950/1030] loss = 0.000656
[e006 s1000/1030] loss = 0.000644
Epoch 006: train_loss = 0.000641  MAE/GAME0 = 63.12  RMSE = 78.17  GAME1 = 20.33  GAME2 = 6.58  GAME3 = 1.89  lr = 1.00e-05  time = 24.8s
[e007 s0001/1030] loss = 0.000129
[e007 s0050/1030] loss = 0.000333
[e007 s0100/1030] loss = 0.000541
[e007 s0150/1030] loss = 0.000808
[e007 s0200/1030] loss = 0.000705
[e007 s0250/1030] loss = 0.000638
[e007 s0300/1030] loss = 0.001146
[e007 s0350/1030] loss = 0.001079
[e007 s0400/1030] loss = 0.000973
[e007 s0450/1030] loss = 0.000926
[e007 s0500/1030] loss = 0.000875
[e007 s0550/1030] loss = 0.000822
[e007 s0600/1030] loss = 0.000794
[e007 s0650/1030] loss = 0.000760
[e007 s0700/1030] loss = 0.000763
[e007 s0750/1030] loss = 0.000733
[e007 s0800/1030] loss = 0.000707
[e007 s0850/1030] loss = 0.000684
[e007 s0900/1030] loss = 0.000660
[e007 s0950/1030] loss = 0.000655
[e007 s1000/1030] loss = 0.000652
-> saved early_best.pth (MAE/GAME0 31.74)
Epoch 007: train_loss = 0.000642  MAE/GAME0 = 31.74  RMSE = 61.62  GAME1 = 9.76  GAME2 = 2.89  GAME3 = 0.83  lr = 1.00e-05  time = 25.3s
[e008 s0001/1030] loss = 0.000207
[e008 s0050/1030] loss = 0.000352
[e008 s0100/1030] loss = 0.000470
[e008 s0150/1030] loss = 0.000518
[e008 s0200/1030] loss = 0.000454
[e008 s0250/1030] loss = 0.000509
[e008 s0300/1030] loss = 0.000471
[e008 s0350/1030] loss = 0.000453
[e008 s0400/1030] loss = 0.000421
[e008 s0450/1030] loss = 0.000434
[e008 s0500/1030] loss = 0.000419
[e008 s0550/1030] loss = 0.000470
[e008 s0600/1030] loss = 0.000450
[e008 s0650/1030] loss = 0.000439
[e008 s0700/1030] loss = 0.000444
[e008 s0750/1030] loss = 0.000444
[e008 s0800/1030] loss = 0.000488
[e008 s0850/1030] loss = 0.000479
[e008 s0900/1030] loss = 0.000477
[e008 s0950/1030] loss = 0.000486
[e008 s1000/1030] loss = 0.000481
Epoch 008: train_loss = 0.000480  MAE/GAME0 = 56.47  RMSE = 72.04  GAME1 = 15.70  GAME2 = 4.47  GAME3 = 1.25  lr = 1.00e-05  time = 25.5s
[e009 s0001/1030] loss = 0.005890
[e009 s0050/1030] loss = 0.000309
[e009 s0100/1030] loss = 0.000306
[e009 s0150/1030] loss = 0.000357
[e009 s0200/1030] loss = 0.000605
[e009 s0250/1030] loss = 0.000547
[e009 s0300/1030] loss = 0.000536
[e009 s0350/1030] loss = 0.000579
[e009 s0400/1030] loss = 0.000552
[e009 s0450/1030] loss = 0.000507
[e009 s0500/1030] loss = 0.000496
[e009 s0550/1030] loss = 0.000477
[e009 s0600/1030] loss = 0.000517
[e009 s0650/1030] loss = 0.000493
[e009 s0700/1030] loss = 0.000507
[e009 s0750/1030] loss = 0.000495
[e009 s0800/1030] loss = 0.000499
[e009 s0850/1030] loss = 0.000505
[e009 s0900/1030] loss = 0.000488
[e009 s0950/1030] loss = 0.000480
[e009 s1000/1030] loss = 0.000496
Epoch 009: train_loss = 0.000509  MAE/GAME0 = 299.70  RMSE = 311.11  GAME1 = 75.33  GAME2 = 18.98  GAME3 = 4.82  lr = 1.00e-05  time = 25.1s
[e010 s0001/1030] loss = 0.000502
[e010 s0050/1030] loss = 0.000678
[e010 s0100/1030] loss = 0.000505
[e010 s0150/1030] loss = 0.000571
[e010 s0200/1030] loss = 0.000594
[e010 s0250/1030] loss = 0.000548
[e010 s0300/1030] loss = 0.000515
[e010 s0350/1030] loss = 0.000501
[e010 s0400/1030] loss = 0.000575
[e010 s0450/1030] loss = 0.000531
[e010 s0500/1030] loss = 0.000558
[e010 s0550/1030] loss = 0.000528
[e010 s0600/1030] loss = 0.000514
[e010 s0650/1030] loss = 0.000502
[e010 s0700/1030] loss = 0.000480
[e010 s0750/1030] loss = 0.000462
[e010 s0800/1030] loss = 0.000555
[e010 s0850/1030] loss = 0.000771
[e010 s0900/1030] loss = 0.000762
[e010 s0950/1030] loss = 0.000744
[e010 s1000/1030] loss = 0.000736
Epoch 010: train_loss = 0.000721  MAE/GAME0 = 40.50  RMSE = 69.28  GAME1 = 12.47  GAME2 = 3.90  GAME3 = 1.17  lr = 1.00e-05  time = 25.0s
