[log] /scratch/users/ntu/kenneth0/FYP-SmartObjectCounter/logs/train_rgbt_adaptive_fpn_e100_sanity_13018400.pbs101_20260301_114050.log
[job] name=train_rgbt_adaptive_fpn_e100_sanity id=13018400.pbs101 host=x1000c1s2b0n0 time=Sun Mar  1 11:40:50 +08 2026
torch 2.6.0+cu118 cuda True
[init] warm-start rgb = outputs/train_rgb_e400/13008785.pbs101_20260228_144230/best.pth
[init] warm-start t = outputs/train_t_e400/13008786.pbs101_20260228_144232/best.pth
[init] device = cuda
[init] val_fullres = True (split=val, img=768x1024)
[init] train = 1030  val = 200  workers = 4
[init] warm-start rgb. from outputs/train_rgb_e400/13008785.pbs101_20260228_144230/best.pth (missing=265 unexpected=33)
[init] warm-start t. from outputs/train_t_e400/13008786.pbs101_20260228_144232/best.pth (missing=265 unexpected=33)
/scratch/users/ntu/kenneth0/FYP-SmartObjectCounter/scripts_v2/train_rgbt_adaptive_fpn.py:289: FutureWarning: `torch.cuda.amp.GradScaler(args...)` is deprecated. Please use `torch.amp.GradScaler('cuda', args...)` instead.
  scaler = GradScaler(enabled = bool(args.amp))
[e001 s0001/1030] loss = 678480.562500
[e001 s0050/1030] loss = 75795.482905
[e001 s0100/1030] loss = 37914.751885
[e001 s0150/1030] loss = 25277.215913
[e001 s0200/1030] loss = 18958.627142
[e001 s0250/1030] loss = 15168.144501
[e001 s0300/1030] loss = 12640.578433
[e001 s0350/1030] loss = 10835.595960
[e001 s0400/1030] loss = 9481.685781
[e001 s0450/1030] loss = 8429.397903
[e001 s0500/1030] loss = 7586.759426
[e001 s0550/1030] loss = 6897.292923
[e001 s0600/1030] loss = 6322.838686
[e001 s0650/1030] loss = 5836.743869
[e001 s0700/1030] loss = 5420.173541
[e001 s0750/1030] loss = 5059.147587
[e001 s0800/1030] loss = 4743.219065
[e001 s0850/1030] loss = 4464.578506
[e001 s0900/1030] loss = 4216.787118
[e001 s0950/1030] loss = 3995.283805
[e001 s1000/1030] loss = 3795.728389
Epoch 001: train_loss = 3685.313076  MAE/GAME0 = 61683.702  RMSE = 160084.447  GAME1 = 61701.820  GAME2 = 61740.374  GAME3 = 61772.789  lr = 2.75e-05  time = 50.5s
[e002 s0001/1030] loss = 1.352047
[e002 s0050/1030] loss = 2.918256
[e002 s0100/1030] loss = 3.545696
[e002 s0150/1030] loss = 3.726753
[e002 s0200/1030] loss = 3.551983
[e002 s0250/1030] loss = 3.437447
[e002 s0300/1030] loss = 3.738333
[e002 s0350/1030] loss = 4.893260
[e002 s0400/1030] loss = 4.962094
[e002 s0450/1030] loss = 5.445869
[e002 s0500/1030] loss = 5.233318
[e002 s0550/1030] loss = 5.139840
[e002 s0600/1030] loss = 5.073798
[e002 s0650/1030] loss = 4.947594
[e002 s0700/1030] loss = 4.928025
[e002 s0750/1030] loss = 4.797106
[e002 s0800/1030] loss = 4.747026
[e002 s0850/1030] loss = 4.706759
[e002 s0900/1030] loss = 4.620514
[e002 s0950/1030] loss = 4.582874
[e002 s1000/1030] loss = 4.676166
Epoch 002: train_loss = 4.629053  MAE/GAME0 = 8632.789  RMSE = 34413.120  GAME1 = 8674.676  GAME2 = 8710.766  GAME3 = 8730.335  lr = 5.00e-05  time = 38.7s
[e003 s0001/1030] loss = 1.585050
[e003 s0050/1030] loss = 2.949060
[e003 s0100/1030] loss = 3.263509
[e003 s0150/1030] loss = 5.508385
[e003 s0200/1030] loss = 7.677855
[e003 s0250/1030] loss = 6.693478
[e003 s0300/1030] loss = 6.589845
[e003 s0350/1030] loss = 5.906963
[e003 s0400/1030] loss = 5.900769
[e003 s0450/1030] loss = 5.652208
[e003 s0500/1030] loss = 5.384045
[e003 s0550/1030] loss = 5.119124
[e003 s0600/1030] loss = 5.019788
[e003 s0650/1030] loss = 4.907654
[e003 s0700/1030] loss = 4.863479
[e003 s0750/1030] loss = 4.874299
[e003 s0800/1030] loss = 4.781010
[e003 s0850/1030] loss = 4.723895
[e003 s0900/1030] loss = 4.710059
[e003 s0950/1030] loss = 4.685966
[e003 s1000/1030] loss = 4.589074
Epoch 003: train_loss = 4.629053  MAE/GAME0 = 12923.685  RMSE = 24609.563  GAME1 = 12958.098  GAME2 = 12991.953  GAME3 = 13022.432  lr = 4.96e-05  time = 38.7s
[e004 s0001/1030] loss = 0.351566
[e004 s0050/1030] loss = 3.791834
[e004 s0100/1030] loss = 3.472015
[e004 s0150/1030] loss = 3.570301
[e004 s0200/1030] loss = 3.403159
[e004 s0250/1030] loss = 3.350875
[e004 s0300/1030] loss = 3.516151
[e004 s0350/1030] loss = 3.808519
[e004 s0400/1030] loss = 3.569540
[e004 s0450/1030] loss = 3.683691
[e004 s0500/1030] loss = 3.498163
[e004 s0550/1030] loss = 3.489930
[e004 s0600/1030] loss = 3.644818
[e004 s0650/1030] loss = 3.732143
[e004 s0700/1030] loss = 3.600811
[e004 s0750/1030] loss = 3.674633
[e004 s0800/1030] loss = 3.751889
[e004 s0850/1030] loss = 4.223767
[e004 s0900/1030] loss = 4.144985
[e004 s0950/1030] loss = 4.392976
[e004 s1000/1030] loss = 4.616424
Epoch 004: train_loss = 4.680563  MAE/GAME0 = 309739189595.338  RMSE = 455499577807.738  GAME1 = 309739190382.080  GAME2 = 309739190579.200  GAME3 = 309739190195.200  lr = 4.85e-05  time = 67.2s
[e005 s0001/1030] loss = 0.467377
[e005 s0050/1030] loss = 2.381993
[e005 s0100/1030] loss = 3.337475
[e005 s0150/1030] loss = 3.777477
[e005 s0200/1030] loss = 3.930043
[e005 s0250/1030] loss = 4.527481
[e005 s0300/1030] loss = 4.510635
[e005 s0350/1030] loss = 9.930333
[e005 s0400/1030] loss = 9.672860
[e005 s0450/1030] loss = 9.008630
[e005 s0500/1030] loss = 8.486661
[e005 s0550/1030] loss = 8.166977
[e005 s0600/1030] loss = 7.778303
[e005 s0650/1030] loss = 8.098163
[e005 s0700/1030] loss = 7.810179
[e005 s0750/1030] loss = 7.701991
[e005 s0800/1030] loss = 7.410627
[e005 s0850/1030] loss = 7.232182
[e005 s0900/1030] loss = 7.036904
[e005 s0950/1030] loss = 6.808254
[e005 s1000/1030] loss = 6.656842
Epoch 005: train_loss = 6.568827  MAE/GAME0 = 477252568642.493  RMSE = 1138446058726.214  GAME1 = 477252570214.160  GAME2 = 477252568519.188  GAME3 = 477252567918.399  lr = 4.67e-05  time = 66.8s
[e006 s0001/1030] loss = 1.008857
[e006 s0050/1030] loss = 1.902145
[e006 s0100/1030] loss = 2.447217
[e006 s0150/1030] loss = 3.390401
[e006 s0200/1030] loss = 3.281011
[e006 s0250/1030] loss = 3.170886
[e006 s0300/1030] loss = 3.282604
[e006 s0350/1030] loss = 3.333347
[e006 s0400/1030] loss = 4.432834
[e006 s0450/1030] loss = 4.368121
[e006 s0500/1030] loss = 4.647739
[e006 s0550/1030] loss = 4.492749
[e006 s0600/1030] loss = 4.318392
[e006 s0650/1030] loss = 4.618434
[e006 s0700/1030] loss = 4.562938
[e006 s0750/1030] loss = 4.637734
[e006 s0800/1030] loss = 4.619622
[e006 s0850/1030] loss = 4.521318
[e006 s0900/1030] loss = 4.513676
[e006 s0950/1030] loss = 4.669841
[e006 s1000/1030] loss = 4.652157
Epoch 006: train_loss = 4.629053  MAE/GAME0 = 7479186569488520.000  RMSE = 27249287526688452.000  GAME1 = 7479186441213714.000  GAME2 = 7479186458567647.000  GAME3 = 7479186654895153.000  lr = 4.42e-05  time = 67.6s
[e007 s0001/1030] loss = 1.236869
[e007 s0050/1030] loss = 3.586988
[e007 s0100/1030] loss = 3.710951
[e007 s0150/1030] loss = 3.970596
[e007 s0200/1030] loss = 3.872443
[e007 s0250/1030] loss = 4.156378
[e007 s0300/1030] loss = 3.862704
[e007 s0350/1030] loss = 4.291204
[e007 s0400/1030] loss = 5.616894
[e007 s0450/1030] loss = 5.660173
[e007 s0500/1030] loss = 230.679357
[e007 s0550/1030] loss = 210.250494
[e007 s0600/1030] loss = 192.956945
[e007 s0650/1030] loss = 178.368671
[e007 s0700/1030] loss = 165.802062
[e007 s0750/1030] loss = 154.973430
[e007 s0800/1030] loss = 145.459445
[e007 s0850/1030] loss = 137.084402
[e007 s0900/1030] loss = 129.904606
[e007 s0950/1030] loss = 123.256298
[e007 s1000/1030] loss = 117.275260
Epoch 007: train_loss = 113.987598  MAE/GAME0 = 1668667.850  RMSE = 23597604.837  GAME1 = 1668667.930  GAME2 = 1668668.250  GAME3 = 1668668.250  lr = 4.11e-05  time = 67.9s
[e008 s0001/1030] loss = 15.040712
[e008 s0050/1030] loss = 2.706287
[e008 s0100/1030] loss = 3.660583
[e008 s0150/1030] loss = 4.992208
[e008 s0200/1030] loss = 4.493676
[e008 s0250/1030] loss = 8.038923
[e008 s0300/1030] loss = 7.279865
[e008 s0350/1030] loss = 6.638085
[e008 s0400/1030] loss = 6.167399
[e008 s0450/1030] loss = 7.144013
[e008 s0500/1030] loss = 6.851339
[e008 s0550/1030] loss = 6.427938
[e008 s0600/1030] loss = 6.522889
[e008 s0650/1030] loss = 6.697446
[e008 s0700/1030] loss = 6.530993
[e008 s0750/1030] loss = 6.293781
[e008 s0800/1030] loss = 6.118768
[e008 s0850/1030] loss = 5.975807
[e008 s0900/1030] loss = 5.889425
[e008 s0950/1030] loss = 5.692738
[e008 s1000/1030] loss = 5.603189
Epoch 008: train_loss = 5.520037  MAE/GAME0 = 65.450  RMSE = 89.862  GAME1 = 65.450  GAME2 = 65.450  GAME3 = 65.450  lr = 3.75e-05  time = 67.0s
[e009 s0001/1030] loss = 1.534932
[e009 s0050/1030] loss = 8.389183
[e009 s0100/1030] loss = 6.372836
[e009 s0150/1030] loss = 6.686062
[e009 s0200/1030] loss = 7.947461
[e009 s0250/1030] loss = 6.818456
[e009 s0300/1030] loss = 6.629799
[e009 s0350/1030] loss = 6.360239
[e009 s0400/1030] loss = 6.095350
[e009 s0450/1030] loss = 5.716092
[e009 s0500/1030] loss = 5.490657
[e009 s0550/1030] loss = 5.302814
[e009 s0600/1030] loss = 5.092182
[e009 s0650/1030] loss = 5.087556
[e009 s0700/1030] loss = 4.927733
[e009 s0750/1030] loss = 4.901305
[e009 s0800/1030] loss = 4.796012
[e009 s0850/1030] loss = 4.747582
[e009 s0900/1030] loss = 4.700868
[e009 s0950/1030] loss = 4.583453
[e009 s1000/1030] loss = 4.533551
Epoch 009: train_loss = 4.629053  MAE/GAME0 = 65.450  RMSE = 89.862  GAME1 = 65.450  GAME2 = 65.450  GAME3 = 65.450  lr = 3.36e-05  time = 67.7s
[e010 s0001/1030] loss = 1.079379
[e010 s0050/1030] loss = 4.038631
[e010 s0100/1030] loss = 3.750319
[e010 s0150/1030] loss = 4.554699
[e010 s0200/1030] loss = 4.172010
[e010 s0250/1030] loss = 4.770296
[e010 s0300/1030] loss = 5.195183
[e010 s0350/1030] loss = 4.959507
[e010 s0400/1030] loss = 4.894840
[e010 s0450/1030] loss = 5.647200
[e010 s0500/1030] loss = 5.400783
[e010 s0550/1030] loss = 5.212774
[e010 s0600/1030] loss = 5.045476
[e010 s0650/1030] loss = 4.973618
[e010 s0700/1030] loss = 4.821775
[e010 s0750/1030] loss = 4.732367
[e010 s0800/1030] loss = 4.752907
[e010 s0850/1030] loss = 4.681690
[e010 s0900/1030] loss = 4.626416
[e010 s0950/1030] loss = 4.744120
[e010 s1000/1030] loss = 4.697964
Epoch 010: train_loss = 4.629798  MAE/GAME0 = 65.450  RMSE = 89.862  GAME1 = 65.450  GAME2 = 65.450  GAME3 = 65.450  lr = 2.94e-05  time = 67.0s
[e011 s0001/1030] loss = 4.604608
[e011 s0050/1030] loss = 4.194952
[e011 s0100/1030] loss = 5.212433
[e011 s0150/1030] loss = 4.744995
[e011 s0200/1030] loss = 4.910018
[e011 s0250/1030] loss = 4.526540
[e011 s0300/1030] loss = 4.260277
[e011 s0350/1030] loss = 4.142367
[e011 s0400/1030] loss = 4.159186
[e011 s0450/1030] loss = 4.105287
[e011 s0500/1030] loss = 4.067168
[e011 s0550/1030] loss = 3.969391
[e011 s0600/1030] loss = 3.865554
[e011 s0650/1030] loss = 3.993694
[e011 s0700/1030] loss = 3.956843
[e011 s0750/1030] loss = 4.139687
[e011 s0800/1030] loss = 4.133151
[e011 s0850/1030] loss = 4.082535
[e011 s0900/1030] loss = 4.268115
[e011 s0950/1030] loss = 4.678111
[e011 s1000/1030] loss = 4.647923
Epoch 011: train_loss = 4.629053  MAE/GAME0 = 65.450  RMSE = 89.862  GAME1 = 65.450  GAME2 = 65.450  GAME3 = 65.450  lr = 2.50e-05  time = 67.0s
[e012 s0001/1030] loss = 1.059978
[e012 s0050/1030] loss = 2.841928
[e012 s0100/1030] loss = 2.938479
[e012 s0150/1030] loss = 3.590795
[e012 s0200/1030] loss = 3.306885
[e012 s0250/1030] loss = 4.261438
[e012 s0300/1030] loss = 3.844609
[e012 s0350/1030] loss = 3.679198
[e012 s0400/1030] loss = 3.367207
[e012 s0450/1030] loss = 3.253797
[e012 s0500/1030] loss = 3.098380
[e012 s0550/1030] loss = 3.105619
[e012 s0600/1030] loss = 3.065573
[e012 s0650/1030] loss = 3.747969
[e012 s0700/1030] loss = 3.707706
[e012 s0750/1030] loss = 3.558079
[e012 s0800/1030] loss = 3.478714
[e012 s0850/1030] loss = 3.507270
[e012 s0900/1030] loss = 3.396137
[e012 s0950/1030] loss = 3.285241
[e012 s1000/1030] loss = 3.195849
Epoch 012: train_loss = 3.199559  MAE/GAME0 = 64.352  RMSE = 89.030  GAME1 = 64.599  GAME2 = 65.097  GAME3 = 65.389  lr = 2.07e-05  time = 66.9s
[e013 s0001/1030] loss = 0.816451
[e013 s0050/1030] loss = 3.187474
[e013 s0100/1030] loss = 3.022929
[e013 s0150/1030] loss = 2.606348
[e013 s0200/1030] loss = 2.336506
[e013 s0250/1030] loss = 2.257901
[e013 s0300/1030] loss = 2.172287
[e013 s0350/1030] loss = 2.018469
[e013 s0400/1030] loss = 1.912057
[e013 s0450/1030] loss = 1.866822
[e013 s0500/1030] loss = 1.815809
[e013 s0550/1030] loss = 1.852826
[e013 s0600/1030] loss = 1.800064
[e013 s0650/1030] loss = 2.318560
[e013 s0700/1030] loss = 2.263649
[e013 s0750/1030] loss = 2.169481
[e013 s0800/1030] loss = 2.106313
[e013 s0850/1030] loss = 2.090542
[e013 s0900/1030] loss = 2.216312
[e013 s0950/1030] loss = 2.167466
[e013 s1000/1030] loss = 2.172131
Epoch 013: train_loss = 2.241358  MAE/GAME0 = 34.547  RMSE = 68.925  GAME1 = 42.200  GAME2 = 47.896  GAME3 = 52.803  lr = 1.65e-05  time = 66.9s
[e014 s0001/1030] loss = 0.645433
[e014 s0050/1030] loss = 1.337253
[e014 s0100/1030] loss = 1.188541
[e014 s0150/1030] loss = 1.376633
[e014 s0200/1030] loss = 1.256637
[e014 s0250/1030] loss = 1.208659
[e014 s0300/1030] loss = 1.192288
[e014 s0350/1030] loss = 1.413333
[e014 s0400/1030] loss = 1.634767
[e014 s0450/1030] loss = 1.585399
[e014 s0500/1030] loss = 1.541208
[e014 s0550/1030] loss = 1.651681
[e014 s0600/1030] loss = 1.750222
[e014 s0650/1030] loss = 1.676868
[e014 s0700/1030] loss = 1.616673
[e014 s0750/1030] loss = 1.586228
[e014 s0800/1030] loss = 1.622905
[e014 s0850/1030] loss = 1.575695
[e014 s0900/1030] loss = 1.531234
[e014 s0950/1030] loss = 1.920626
[e014 s1000/1030] loss = 1.884340
Epoch 014: train_loss = 1.884415  MAE/GAME0 = 38.958  RMSE = 69.415  GAME1 = 44.187  GAME2 = 49.785  GAME3 = 53.712  lr = 1.25e-05  time = 67.2s
[e015 s0001/1030] loss = 0.061657
[e015 s0050/1030] loss = 1.507059
[e015 s0100/1030] loss = 4.202344
[e015 s0150/1030] loss = 3.141054
[e015 s0200/1030] loss = 2.625208
[e015 s0250/1030] loss = 2.263814
[e015 s0300/1030] loss = 1.985993
[e015 s0350/1030] loss = 2.125863
[e015 s0400/1030] loss = 1.958133
[e015 s0450/1030] loss = 1.832876
[e015 s0500/1030] loss = 1.721401
[e015 s0550/1030] loss = 1.771492
[e015 s0600/1030] loss = 1.739148
[e015 s0650/1030] loss = 1.723100
[e015 s0700/1030] loss = 1.709268
[e015 s0750/1030] loss = 1.655838
[e015 s0800/1030] loss = 1.615088
[e015 s0850/1030] loss = 1.609827
[e015 s0900/1030] loss = 1.575126
[e015 s0950/1030] loss = 1.539597
[e015 s1000/1030] loss = 1.500115
Epoch 015: train_loss = 1.478322  MAE/GAME0 = 35.398  RMSE = 65.725  GAME1 = 48.553  GAME2 = 61.036  GAME3 = 67.854  lr = 8.97e-06  time = 66.9s
[e016 s0001/1030] loss = 0.225350
[e016 s0050/1030] loss = 0.403116
[e016 s0100/1030] loss = 0.588226
[e016 s0150/1030] loss = 0.775785
[e016 s0200/1030] loss = 0.946829
[e016 s0250/1030] loss = 0.982339
[e016 s0300/1030] loss = 0.985356
[e016 s0350/1030] loss = 0.976430
[e016 s0400/1030] loss = 0.955841
[e016 s0450/1030] loss = 0.918695
[e016 s0500/1030] loss = 0.936100
[e016 s0550/1030] loss = 1.404158
[e016 s0600/1030] loss = 1.328949
[e016 s0650/1030] loss = 1.258358
[e016 s0700/1030] loss = 1.221986
[e016 s0750/1030] loss = 1.241086
[e016 s0800/1030] loss = 1.195735
[e016 s0850/1030] loss = 1.176755
[e016 s0900/1030] loss = 1.158293
[e016 s0950/1030] loss = 1.135621
[e016 s1000/1030] loss = 1.161460
Epoch 016: train_loss = 1.141142  MAE/GAME0 = 36.466  RMSE = 61.583  GAME1 = 51.461  GAME2 = 67.472  GAME3 = 76.161  lr = 5.89e-06  time = 66.8s
[e017 s0001/1030] loss = 2.759836
[e017 s0050/1030] loss = 0.848820
[e017 s0100/1030] loss = 1.074140
[e017 s0150/1030] loss = 1.175209
[e017 s0200/1030] loss = 0.984119
[e017 s0250/1030] loss = 0.878467
[e017 s0300/1030] loss = 0.928134
[e017 s0350/1030] loss = 0.916938
[e017 s0400/1030] loss = 0.879361
[e017 s0450/1030] loss = 0.960436
[e017 s0500/1030] loss = 1.007439
[e017 s0550/1030] loss = 1.013354
[e017 s0600/1030] loss = 0.979380
[e017 s0650/1030] loss = 0.946568
[e017 s0700/1030] loss = 0.916949
[e017 s0750/1030] loss = 0.949158
[e017 s0800/1030] loss = 0.943759
[e017 s0850/1030] loss = 0.929340
[e017 s0900/1030] loss = 1.259307
[e017 s0950/1030] loss = 1.218503
[e017 s1000/1030] loss = 1.195549
Epoch 017: train_loss = 1.172924  MAE/GAME0 = 35.630  RMSE = 65.192  GAME1 = 51.715  GAME2 = 66.948  GAME3 = 74.508  lr = 3.39e-06  time = 67.1s
[e018 s0001/1030] loss = 0.094028
[e018 s0050/1030] loss = 1.081598
[e018 s0100/1030] loss = 0.870244
[e018 s0150/1030] loss = 0.824131
[e018 s0200/1030] loss = 0.883532
[e018 s0250/1030] loss = 0.821286
[e018 s0300/1030] loss = 0.891934
[e018 s0350/1030] loss = 0.845218
[e018 s0400/1030] loss = 0.842401
[e018 s0450/1030] loss = 0.794150
[e018 s0500/1030] loss = 0.766862
[e018 s0550/1030] loss = 0.760755
[e018 s0600/1030] loss = 0.761338
[e018 s0650/1030] loss = 0.772999
[e018 s0700/1030] loss = 0.773063
[e018 s0750/1030] loss = 0.775310
[e018 s0800/1030] loss = 0.759946
[e018 s0850/1030] loss = 0.751042
[e018 s0900/1030] loss = 0.746371
[e018 s0950/1030] loss = 0.732355
[e018 s1000/1030] loss = 0.725906
Epoch 018: train_loss = 1.007266  MAE/GAME0 = 50.663  RMSE = 80.677  GAME1 = 70.269  GAME2 = 83.519  GAME3 = 87.967  lr = 1.55e-06  time = 67.4s
[e019 s0001/1030] loss = 0.787837
[e019 s0050/1030] loss = 0.979378
[e019 s0100/1030] loss = 0.871230
[e019 s0150/1030] loss = 0.820539
[e019 s0200/1030] loss = 0.797007
[e019 s0250/1030] loss = 0.816789
[e019 s0300/1030] loss = 0.791963
[e019 s0350/1030] loss = 0.775514
[e019 s0400/1030] loss = 0.761836
[e019 s0450/1030] loss = 1.381706
[e019 s0500/1030] loss = 1.291515
[e019 s0550/1030] loss = 1.206802
[e019 s0600/1030] loss = 1.150538
[e019 s0650/1030] loss = 1.107204
[e019 s0700/1030] loss = 1.054707
[e019 s0750/1030] loss = 1.022968
[e019 s0800/1030] loss = 0.990101
[e019 s0850/1030] loss = 0.968991
[e019 s0900/1030] loss = 0.937045
[e019 s0950/1030] loss = 0.917244
[e019 s1000/1030] loss = 0.889153
Epoch 019: train_loss = 0.883258  MAE/GAME0 = 53.624  RMSE = 91.591  GAME1 = 69.419  GAME2 = 81.959  GAME3 = 86.894  lr = 4.29e-07  time = 67.2s
[e020 s0001/1030] loss = 0.381825
[e020 s0050/1030] loss = 0.282618
[e020 s0100/1030] loss = 0.830757
[e020 s0150/1030] loss = 0.800603
[e020 s0200/1030] loss = 0.735302
[e020 s0250/1030] loss = 0.738221
[e020 s0300/1030] loss = 0.675666
[e020 s0350/1030] loss = 0.679596
[e020 s0400/1030] loss = 0.657866
[e020 s0450/1030] loss = 0.654958
[e020 s0500/1030] loss = 0.669446
[e020 s0550/1030] loss = 0.682912
[e020 s0600/1030] loss = 0.661359
[e020 s0650/1030] loss = 0.644968
[e020 s0700/1030] loss = 0.641157
[e020 s0750/1030] loss = 0.638804
[e020 s0800/1030] loss = 0.624710
[e020 s0850/1030] loss = 0.608561
[e020 s0900/1030] loss = 0.617970
[e020 s0950/1030] loss = 0.605813
[e020 s1000/1030] loss = 0.618182
Epoch 020: train_loss = 0.884449  MAE/GAME0 = 140.898  RMSE = 317.194  GAME1 = 168.927  GAME2 = 189.554  GAME3 = 194.714  lr = 5.00e-08  time = 66.5s
[done] best_mae = 34.547  best_path = /scratch/users/ntu/kenneth0/FYP-SmartObjectCounter/outputs/train_rgbt_adaptive_fpn_e100_sanity/13018400.pbs101_20260301_114050/best.pth
