[log] /scratch/users/ntu/kenneth0/FYP-SmartObjectCounter/logs/train_t_e100_sanity_12844484.pbs101_20260207_171936.log
[job] name=train_t_e100_sanity id=12844484.pbs101 host=x1000c3s3b0n0 time=Sat Feb  7 17:19:36 +08 2026
torch 2.6.0+cu118 cuda True
[init] device = cuda
[init] train = 1030  val = 200  workers = 4
/scratch/users/ntu/kenneth0/FYP-SmartObjectCounter/scripts/train_rgbt.py:383: FutureWarning: `torch.cuda.amp.GradScaler(args...)` is deprecated. Please use `torch.amp.GradScaler('cuda', args...)` instead.
  scaler = GradScaler(enabled = bool(args.amp))
[e001 s0001/1030] loss = 111933.992188
[e001 s0050/1030] loss = 5024.956667
[e001 s0100/1030] loss = 2522.286705
[e001 s0150/1030] loss = 1686.582446
[e001 s0200/1030] loss = 1268.379174
[e001 s0250/1030] loss = 1017.124714
[e001 s0300/1030] loss = 849.332772
[e001 s0350/1030] loss = 729.064454
[e001 s0400/1030] loss = 638.949134
[e001 s0450/1030] loss = 569.553441
[e001 s0500/1030] loss = 513.057224
[e001 s0550/1030] loss = 466.883303
[e001 s0600/1030] loss = 428.497228
[e001 s0650/1030] loss = 395.970505
[e001 s0700/1030] loss = 368.118069
[e001 s0750/1030] loss = 343.838211
[e001 s0800/1030] loss = 322.570208
[e001 s0850/1030] loss = 303.918573
[e001 s0900/1030] loss = 287.188802
[e001 s0950/1030] loss = 272.371698
[e001 s1000/1030] loss = 258.963526
Epoch 001: train_loss = 251.528570  MAE/GAME0 = 22.033  RMSE = 41.522  GAME1 = 22.844  GAME2 = 23.866  GAME3 = 24.241  lr = 1.00e-05  time = 42.2s
[e002 s0001/1030] loss = 0.300967
[e002 s0050/1030] loss = 2.314364
[e002 s0100/1030] loss = 2.341659
[e002 s0150/1030] loss = 2.976526
[e002 s0200/1030] loss = 2.862624
[e002 s0250/1030] loss = 3.004391
[e002 s0300/1030] loss = 3.395446
[e002 s0350/1030] loss = 4.018214
[e002 s0400/1030] loss = 4.003742
[e002 s0450/1030] loss = 4.517642
[e002 s0500/1030] loss = 4.362403
[e002 s0550/1030] loss = 4.179240
[e002 s0600/1030] loss = 4.108966
[e002 s0650/1030] loss = 4.093484
[e002 s0700/1030] loss = 4.100807
[e002 s0750/1030] loss = 3.962522
[e002 s0800/1030] loss = 3.973233
[e002 s0850/1030] loss = 3.963992
[e002 s0900/1030] loss = 3.917840
[e002 s0950/1030] loss = 3.903918
[e002 s1000/1030] loss = 3.884831
Epoch 002: train_loss = 3.850804  MAE/GAME0 = 22.726  RMSE = 41.931  GAME1 = 23.039  GAME2 = 23.462  GAME3 = 23.652  lr = 1.00e-05  time = 7.5s
[e003 s0001/1030] loss = 0.159980
[e003 s0050/1030] loss = 2.146999
[e003 s0100/1030] loss = 2.587083
[e003 s0150/1030] loss = 3.103964
[e003 s0200/1030] loss = 5.780418
[e003 s0250/1030] loss = 5.015606
[e003 s0300/1030] loss = 4.808750
[e003 s0350/1030] loss = 4.405028
[e003 s0400/1030] loss = 4.484742
[e003 s0450/1030] loss = 4.232550
[e003 s0500/1030] loss = 4.101490
[e003 s0550/1030] loss = 3.917475
[e003 s0600/1030] loss = 3.870610
[e003 s0650/1030] loss = 3.748474
[e003 s0700/1030] loss = 3.696081
[e003 s0750/1030] loss = 3.648620
[e003 s0800/1030] loss = 3.580117
[e003 s0850/1030] loss = 3.608036
[e003 s0900/1030] loss = 3.674351
[e003 s0950/1030] loss = 3.679607
[e003 s1000/1030] loss = 3.624336
Epoch 003: train_loss = 3.646839  MAE/GAME0 = 22.963  RMSE = 42.072  GAME1 = 23.127  GAME2 = 23.357  GAME3 = 23.459  lr = 1.00e-05  time = 7.6s
[e004 s0001/1030] loss = 0.117604
[e004 s0050/1030] loss = 2.877145
[e004 s0100/1030] loss = 2.738654
[e004 s0150/1030] loss = 2.932679
[e004 s0200/1030] loss = 3.003529
[e004 s0250/1030] loss = 2.765740
[e004 s0300/1030] loss = 3.017263
[e004 s0350/1030] loss = 3.282386
[e004 s0400/1030] loss = 3.195740
[e004 s0450/1030] loss = 3.159003
[e004 s0500/1030] loss = 3.035185
[e004 s0550/1030] loss = 2.969012
[e004 s0600/1030] loss = 3.104765
[e004 s0650/1030] loss = 3.219704
[e004 s0700/1030] loss = 3.071966
[e004 s0750/1030] loss = 3.125104
[e004 s0800/1030] loss = 3.155230
[e004 s0850/1030] loss = 3.346375
[e004 s0900/1030] loss = 3.332229
[e004 s0950/1030] loss = 3.538345
[e004 s1000/1030] loss = 3.596253
Epoch 004: train_loss = 3.740263  MAE/GAME0 = 23.071  RMSE = 42.138  GAME1 = 23.173  GAME2 = 23.314  GAME3 = 23.376  lr = 1.00e-05  time = 7.6s
[e005 s0001/1030] loss = 0.227350
[e005 s0050/1030] loss = 2.325991
[e005 s0100/1030] loss = 2.367250
[e005 s0150/1030] loss = 2.844938
[e005 s0200/1030] loss = 2.815845
[e005 s0250/1030] loss = 3.281891
[e005 s0300/1030] loss = 3.072385
[e005 s0350/1030] loss = 2.864936
[e005 s0400/1030] loss = 3.313056
[e005 s0450/1030] loss = 3.187031
[e005 s0500/1030] loss = 3.138814
[e005 s0550/1030] loss = 3.119316
[e005 s0600/1030] loss = 3.005099
[e005 s0650/1030] loss = 3.210123
[e005 s0700/1030] loss = 3.176936
[e005 s0750/1030] loss = 3.180827
[e005 s0800/1030] loss = 3.058885
[e005 s0850/1030] loss = 3.053550
[e005 s0900/1030] loss = 3.028179
[e005 s0950/1030] loss = 2.975519
[e005 s1000/1030] loss = 3.034641
Epoch 005: train_loss = 3.000848  MAE/GAME0 = 23.132  RMSE = 42.175  GAME1 = 23.198  GAME2 = 23.286  GAME3 = 23.329  lr = 1.00e-05  time = 8.9s
[e006 s0001/1030] loss = 0.049947
[e006 s0050/1030] loss = 2.303252
[e006 s0100/1030] loss = 2.640739
[e006 s0150/1030] loss = 2.686657
[e006 s0200/1030] loss = 2.754768
[e006 s0250/1030] loss = 2.610424
[e006 s0300/1030] loss = 2.590514
[e006 s0350/1030] loss = 2.582968
[e006 s0400/1030] loss = 3.774034
[e006 s0450/1030] loss = 3.582613
[e006 s0500/1030] loss = 3.454478
[e006 s0550/1030] loss = 3.407210
[e006 s0600/1030] loss = 3.307125
[e006 s0650/1030] loss = 3.716048
[e006 s0700/1030] loss = 3.740454
[e006 s0750/1030] loss = 3.817743
[e006 s0800/1030] loss = 3.895340
[e006 s0850/1030] loss = 3.789420
[e006 s0900/1030] loss = 3.771446
[e006 s0950/1030] loss = 3.898691
[e006 s1000/1030] loss = 3.904943
Epoch 006: train_loss = 3.910802  MAE/GAME0 = 23.165  RMSE = 42.197  GAME1 = 23.212  GAME2 = 23.274  GAME3 = 23.305  lr = 1.00e-05  time = 7.6s
[e007 s0001/1030] loss = 8.616292
[e007 s0050/1030] loss = 3.861855
[e007 s0100/1030] loss = 3.756462
[e007 s0150/1030] loss = 3.267526
[e007 s0200/1030] loss = 3.169678
[e007 s0250/1030] loss = 3.359380
[e007 s0300/1030] loss = 3.330887
[e007 s0350/1030] loss = 3.863027
[e007 s0400/1030] loss = 4.361617
[e007 s0450/1030] loss = 4.614808
[e007 s0500/1030] loss = 4.431518
[e007 s0550/1030] loss = 4.376279
[e007 s0600/1030] loss = 4.213523
[e007 s0650/1030] loss = 4.079229
[e007 s0700/1030] loss = 3.938629
[e007 s0750/1030] loss = 3.838123
[e007 s0800/1030] loss = 3.730292
[e007 s0850/1030] loss = 3.689390
[e007 s0900/1030] loss = 3.687007
[e007 s0950/1030] loss = 3.693380
[e007 s1000/1030] loss = 3.672779
Epoch 007: train_loss = 3.650098  MAE/GAME0 = 23.198  RMSE = 42.218  GAME1 = 23.225  GAME2 = 23.259  GAME3 = 23.281  lr = 1.00e-05  time = 7.6s
[e008 s0001/1030] loss = 6.659133
[e008 s0050/1030] loss = 2.197357
[e008 s0100/1030] loss = 3.003891
[e008 s0150/1030] loss = 3.539159
[e008 s0200/1030] loss = 3.381924
[e008 s0250/1030] loss = 3.314756
[e008 s0300/1030] loss = 3.323202
[e008 s0350/1030] loss = 3.201484
[e008 s0400/1030] loss = 3.146080
[e008 s0450/1030] loss = 3.736690
[e008 s0500/1030] loss = 3.591801
[e008 s0550/1030] loss = 3.509394
[e008 s0600/1030] loss = 3.519963
[e008 s0650/1030] loss = 3.661915
[e008 s0700/1030] loss = 3.657856
[e008 s0750/1030] loss = 3.567087
[e008 s0800/1030] loss = 3.529504
[e008 s0850/1030] loss = 3.441823
[e008 s0900/1030] loss = 3.446050
[e008 s0950/1030] loss = 3.400079
[e008 s1000/1030] loss = 3.302312
Epoch 008: train_loss = 3.319859  MAE/GAME0 = 23.208  RMSE = 42.224  GAME1 = 23.228  GAME2 = 23.256  GAME3 = 23.274  lr = 1.00e-05  time = 8.2s
[e009 s0001/1030] loss = 1.763382
[e009 s0050/1030] loss = 4.237183
[e009 s0100/1030] loss = 5.028290
[e009 s0150/1030] loss = 5.267811
[e009 s0200/1030] loss = 5.538722
[e009 s0250/1030] loss = 4.659515
[e009 s0300/1030] loss = 4.451611
[e009 s0350/1030] loss = 4.090793
[e009 s0400/1030] loss = 4.006152
[e009 s0450/1030] loss = 3.909900
[e009 s0500/1030] loss = 3.780511
[e009 s0550/1030] loss = 3.718797
[e009 s0600/1030] loss = 3.600817
[e009 s0650/1030] loss = 3.460311
[e009 s0700/1030] loss = 3.347300
[e009 s0750/1030] loss = 3.368583
[e009 s0800/1030] loss = 3.283289
[e009 s0850/1030] loss = 3.304192
[e009 s0900/1030] loss = 3.246219
[e009 s0950/1030] loss = 3.171031
[e009 s1000/1030] loss = 3.176656
Epoch 009: train_loss = 3.214227  MAE/GAME0 = 23.216  RMSE = 42.229  GAME1 = 23.232  GAME2 = 23.253  GAME3 = 23.267  lr = 1.00e-05  time = 7.6s
[e010 s0001/1030] loss = 0.449887
[e010 s0050/1030] loss = 3.816037
[e010 s0100/1030] loss = 3.311788
[e010 s0150/1030] loss = 3.668240
[e010 s0200/1030] loss = 3.328313
[e010 s0250/1030] loss = 3.854718
[e010 s0300/1030] loss = 3.683127
[e010 s0350/1030] loss = 3.505920
[e010 s0400/1030] loss = 3.556895
[e010 s0450/1030] loss = 3.985704
[e010 s0500/1030] loss = 3.839894
[e010 s0550/1030] loss = 3.697445
[e010 s0600/1030] loss = 3.578797
[e010 s0650/1030] loss = 3.610835
[e010 s0700/1030] loss = 3.572051
[e010 s0750/1030] loss = 3.431939
[e010 s0800/1030] loss = 3.394994
[e010 s0850/1030] loss = 3.383362
[e010 s0900/1030] loss = 3.418889
[e010 s0950/1030] loss = 3.502201
[e010 s1000/1030] loss = 3.430298
Epoch 010: train_loss = 3.428529  MAE/GAME0 = 23.220  RMSE = 42.232  GAME1 = 23.233  GAME2 = 23.250  GAME3 = 23.263  lr = 1.00e-05  time = 7.5s
[e011 s0001/1030] loss = 1.043146
[e011 s0050/1030] loss = 2.232044
[e011 s0100/1030] loss = 3.132646
[e011 s0150/1030] loss = 3.224405
[e011 s0200/1030] loss = 3.835655
[e011 s0250/1030] loss = 3.332178
[e011 s0300/1030] loss = 3.080589
[e011 s0350/1030] loss = 3.048688
[e011 s0400/1030] loss = 3.186281
[e011 s0450/1030] loss = 3.025243
[e011 s0500/1030] loss = 2.972814
[e011 s0550/1030] loss = 2.980826
[e011 s0600/1030] loss = 2.875982
[e011 s0650/1030] loss = 2.916108
[e011 s0700/1030] loss = 2.946727
[e011 s0750/1030] loss = 2.947113
[e011 s0800/1030] loss = 2.939168
[e011 s0850/1030] loss = 2.936301
[e011 s0900/1030] loss = 3.144464
[e011 s0950/1030] loss = 3.583955
[e011 s1000/1030] loss = 3.517873
Epoch 011: train_loss = 3.472949  MAE/GAME0 = 23.226  RMSE = 42.236  GAME1 = 23.235  GAME2 = 23.249  GAME3 = 23.258  lr = 1.00e-05  time = 7.6s
[e012 s0001/1030] loss = 0.000304
[e012 s0050/1030] loss = 1.758511
[e012 s0100/1030] loss = 1.965019
[e012 s0150/1030] loss = 2.737619
[e012 s0200/1030] loss = 2.705815
[e012 s0250/1030] loss = 2.995349
[e012 s0300/1030] loss = 2.939891
[e012 s0350/1030] loss = 2.863842
[e012 s0400/1030] loss = 2.747859
[e012 s0450/1030] loss = 2.907478
[e012 s0500/1030] loss = 2.828492
[e012 s0550/1030] loss = 3.014802
[e012 s0600/1030] loss = 3.129118
[e012 s0650/1030] loss = 3.456542
[e012 s0700/1030] loss = 3.565675
[e012 s0750/1030] loss = 3.494839
[e012 s0800/1030] loss = 3.480772
[e012 s0850/1030] loss = 3.589956
[e012 s0900/1030] loss = 3.522814
[e012 s0950/1030] loss = 3.473615
[e012 s1000/1030] loss = 3.469860
Epoch 012: train_loss = 3.468918  MAE/GAME0 = 23.234  RMSE = 42.239  GAME1 = 23.239  GAME2 = 23.247  GAME3 = 23.252  lr = 1.00e-05  time = 7.5s
[e013 s0001/1030] loss = 11.850706
[e013 s0050/1030] loss = 4.162986
[e013 s0100/1030] loss = 2.812046
[e013 s0150/1030] loss = 2.400668
[e013 s0200/1030] loss = 2.395520
[e013 s0250/1030] loss = 2.909583
[e013 s0300/1030] loss = 3.064121
[e013 s0350/1030] loss = 3.155290
[e013 s0400/1030] loss = 3.067622
[e013 s0450/1030] loss = 2.985608
[e013 s0500/1030] loss = 2.944445
[e013 s0550/1030] loss = 2.877557
[e013 s0600/1030] loss = 2.838338
[e013 s0650/1030] loss = 3.188954
[e013 s0700/1030] loss = 3.156071
[e013 s0750/1030] loss = 3.109031
[e013 s0800/1030] loss = 3.064667
[e013 s0850/1030] loss = 3.050512
[e013 s0900/1030] loss = 3.104390
[e013 s0950/1030] loss = 3.144134
[e013 s1000/1030] loss = 3.074127
Epoch 013: train_loss = 3.327503  MAE/GAME0 = 23.241  RMSE = 42.246  GAME1 = 23.242  GAME2 = 23.243  GAME3 = 23.246  lr = 1.00e-05  time = 7.6s
[e014 s0001/1030] loss = 0.784069
[e014 s0050/1030] loss = 1.768115
[e014 s0100/1030] loss = 2.410662
[e014 s0150/1030] loss = 2.593947
[e014 s0200/1030] loss = 2.210852
[e014 s0250/1030] loss = 2.193299
[e014 s0300/1030] loss = 2.217807
[e014 s0350/1030] loss = 2.816196
[e014 s0400/1030] loss = 3.332165
[e014 s0450/1030] loss = 3.259576
[e014 s0500/1030] loss = 3.146727
[e014 s0550/1030] loss = 3.383483
[e014 s0600/1030] loss = 3.581087
[e014 s0650/1030] loss = 3.552864
[e014 s0700/1030] loss = 3.553109
[e014 s0750/1030] loss = 3.537170
[e014 s0800/1030] loss = 3.658949
[e014 s0850/1030] loss = 3.560355
[e014 s0900/1030] loss = 3.469460
[e014 s0950/1030] loss = 3.707121
[e014 s1000/1030] loss = 3.691817
Epoch 014: train_loss = 3.736087  MAE/GAME0 = 23.243  RMSE = 42.247  GAME1 = 23.243  GAME2 = 23.244  GAME3 = 23.245  lr = 1.00e-05  time = 7.5s
[e015 s0001/1030] loss = 0.050598
[e015 s0050/1030] loss = 2.525450
[e015 s0100/1030] loss = 4.278342
[e015 s0150/1030] loss = 3.943084
[e015 s0200/1030] loss = 3.699720
[e015 s0250/1030] loss = 3.659107
[e015 s0300/1030] loss = 3.404995
[e015 s0350/1030] loss = 3.477793
[e015 s0400/1030] loss = 3.375456
[e015 s0450/1030] loss = 3.320722
[e015 s0500/1030] loss = 3.367536
[e015 s0550/1030] loss = 3.454802
[e015 s0600/1030] loss = 3.358861
[e015 s0650/1030] loss = 3.275478
[e015 s0700/1030] loss = 3.311040
[e015 s0750/1030] loss = 3.370810
[e015 s0800/1030] loss = 3.342736
[e015 s0850/1030] loss = 3.556463
[e015 s0900/1030] loss = 3.614209
[e015 s0950/1030] loss = 3.648570
[e015 s1000/1030] loss = 3.574751
Epoch 015: train_loss = 3.592759  MAE/GAME0 = 23.243  RMSE = 42.247  GAME1 = 23.244  GAME2 = 23.245  GAME3 = 23.245  lr = 1.00e-05  time = 7.6s
[e016 s0001/1030] loss = 0.231749
[e016 s0050/1030] loss = 2.215651
[e016 s0100/1030] loss = 2.106666
[e016 s0150/1030] loss = 3.394010
[e016 s0200/1030] loss = 4.100766
[e016 s0250/1030] loss = 3.904069
[e016 s0300/1030] loss = 3.647185
[e016 s0350/1030] loss = 3.945563
[e016 s0400/1030] loss = 4.001830
[e016 s0450/1030] loss = 4.003197
[e016 s0500/1030] loss = 3.942336
[e016 s0550/1030] loss = 3.872415
[e016 s0600/1030] loss = 3.757813
[e016 s0650/1030] loss = 3.605368
[e016 s0700/1030] loss = 3.697299
[e016 s0750/1030] loss = 3.643597
[e016 s0800/1030] loss = 3.517054
[e016 s0850/1030] loss = 3.452949
[e016 s0900/1030] loss = 3.421263
[e016 s0950/1030] loss = 3.472718
[e016 s1000/1030] loss = 3.422031
Epoch 016: train_loss = 3.377171  MAE/GAME0 = 23.243  RMSE = 42.247  GAME1 = 23.244  GAME2 = 23.245  GAME3 = 23.245  lr = 1.00e-05  time = 7.7s
[e017 s0001/1030] loss = 4.258617
[e017 s0050/1030] loss = 2.844049
[e017 s0100/1030] loss = 3.351281
[e017 s0150/1030] loss = 3.828995
[e017 s0200/1030] loss = 3.307052
[e017 s0250/1030] loss = 3.040119
[e017 s0300/1030] loss = 3.045202
[e017 s0350/1030] loss = 2.967574
[e017 s0400/1030] loss = 3.002213
[e017 s0450/1030] loss = 3.045922
[e017 s0500/1030] loss = 3.380457
[e017 s0550/1030] loss = 3.285079
[e017 s0600/1030] loss = 3.215420
[e017 s0650/1030] loss = 3.192131
[e017 s0700/1030] loss = 3.136187
[e017 s0750/1030] loss = 3.144638
[e017 s0800/1030] loss = 3.185762
[e017 s0850/1030] loss = 3.120096
[e017 s0900/1030] loss = 3.303619
[e017 s0950/1030] loss = 3.274269
[e017 s1000/1030] loss = 3.253253
Epoch 017: train_loss = 3.200044  MAE/GAME0 = 23.234  RMSE = 42.242  GAME1 = 23.235  GAME2 = 23.237  GAME3 = 23.241  lr = 1.00e-05  time = 7.6s
[e018 s0001/1030] loss = 0.067627
[e018 s0050/1030] loss = 3.206616
[e018 s0100/1030] loss = 3.479737
[e018 s0150/1030] loss = 3.136278
[e018 s0200/1030] loss = 3.254434
[e018 s0250/1030] loss = 3.292495
[e018 s0300/1030] loss = 3.975389
[e018 s0350/1030] loss = 3.729320
[e018 s0400/1030] loss = 3.572397
[e018 s0450/1030] loss = 3.533334
[e018 s0500/1030] loss = 3.468021
[e018 s0550/1030] loss = 3.534866
[e018 s0600/1030] loss = 3.408533
[e018 s0650/1030] loss = 3.343030
[e018 s0700/1030] loss = 3.403010
[e018 s0750/1030] loss = 3.264199
[e018 s0800/1030] loss = 3.230733
[e018 s0850/1030] loss = 3.207865
[e018 s0900/1030] loss = 3.129302
[e018 s0950/1030] loss = 3.099033
[e018 s1000/1030] loss = 3.165349
Epoch 018: train_loss = 3.404796  MAE/GAME0 = 23.244  RMSE = 42.247  GAME1 = 23.244  GAME2 = 23.244  GAME3 = 23.245  lr = 1.00e-05  time = 7.5s
[e019 s0001/1030] loss = 3.607592
[e019 s0050/1030] loss = 2.567865
[e019 s0100/1030] loss = 2.910123
[e019 s0150/1030] loss = 3.453086
[e019 s0200/1030] loss = 3.124393
[e019 s0250/1030] loss = 3.860972
[e019 s0300/1030] loss = 3.639787
[e019 s0350/1030] loss = 3.525916
[e019 s0400/1030] loss = 3.649904
[e019 s0450/1030] loss = 3.770354
[e019 s0500/1030] loss = 3.587259
[e019 s0550/1030] loss = 3.428273
[e019 s0600/1030] loss = 3.307589
[e019 s0650/1030] loss = 3.188214
[e019 s0700/1030] loss = 3.103361
[e019 s0750/1030] loss = 3.200690
[e019 s0800/1030] loss = 3.145040
[e019 s0850/1030] loss = 3.154670
[e019 s0900/1030] loss = 3.188553
[e019 s0950/1030] loss = 3.176594
[e019 s1000/1030] loss = 3.117019
Epoch 019: train_loss = 3.074038  MAE/GAME0 = 23.245  RMSE = 42.248  GAME1 = 23.245  GAME2 = 23.245  GAME3 = 23.245  lr = 1.00e-05  time = 7.6s
[e020 s0001/1030] loss = 2.408190
[e020 s0050/1030] loss = 3.105131
[e020 s0100/1030] loss = 3.560002
[e020 s0150/1030] loss = 3.189786
[e020 s0200/1030] loss = 2.934185
[e020 s0250/1030] loss = 3.654680
[e020 s0300/1030] loss = 3.435258
[e020 s0350/1030] loss = 3.597186
[e020 s0400/1030] loss = 3.525425
[e020 s0450/1030] loss = 3.596925
[e020 s0500/1030] loss = 3.375399
[e020 s0550/1030] loss = 3.646663
[e020 s0600/1030] loss = 3.614303
[e020 s0650/1030] loss = 3.571937
[e020 s0700/1030] loss = 3.448535
[e020 s0750/1030] loss = 3.446435
[e020 s0800/1030] loss = 3.439568
[e020 s0850/1030] loss = 3.389781
[e020 s0900/1030] loss = 3.326809
[e020 s0950/1030] loss = 3.266350
[e020 s1000/1030] loss = 3.246891
Epoch 020: train_loss = 3.325858  MAE/GAME0 = 23.245  RMSE = 42.248  GAME1 = 23.245  GAME2 = 23.245  GAME3 = 23.245  lr = 1.00e-05  time = 10.5s
[done] best_mae = 22.033  best_path = /scratch/users/ntu/kenneth0/FYP-SmartObjectCounter/outputs/train_t_e100_sanity/12844484.pbs101_20260207_171936/best.pth
