[log] /scratch/users/ntu/kenneth0/FYP-SmartObjectCounter/logs/train_rgbt_late_e100_sanity_12839449.pbs101_20260206_162342.log
[job] name=train_rgbt_late_e100_sanity id=12839449.pbs101 host=x1000c1s0b0n1 time=Fri Feb  6 16:23:42 +08 2026
torch 2.6.0+cu118 cuda True
[init] device = cuda
[init] train = 1030  val = 200  workers = 4
/scratch/users/ntu/kenneth0/FYP-SmartObjectCounter/scripts/train_rgbt.py:383: FutureWarning: `torch.cuda.amp.GradScaler(args...)` is deprecated. Please use `torch.amp.GradScaler('cuda', args...)` instead.
  scaler = GradScaler(enabled = bool(args.amp))
[e001 s0001/1030] loss = 279.079803
[e001 s0050/1030] loss = 12.723585
[e001 s0100/1030] loss = 7.253520
[e001 s0150/1030] loss = 5.333598
[e001 s0200/1030] loss = 4.605521
[e001 s0250/1030] loss = 4.220383
[e001 s0300/1030] loss = 3.851533
[e001 s0350/1030] loss = 3.654005
[e001 s0400/1030] loss = 3.604686
[e001 s0450/1030] loss = 4.469650
[e001 s0500/1030] loss = 4.234622
[e001 s0550/1030] loss = 4.047732
[e001 s0600/1030] loss = 3.946638
[e001 s0650/1030] loss = 3.884233
[e001 s0700/1030] loss = 3.845723
[e001 s0750/1030] loss = 3.777427
[e001 s0800/1030] loss = 3.676598
[e001 s0850/1030] loss = 3.728047
[e001 s0900/1030] loss = 3.624363
[e001 s0950/1030] loss = 3.665564
[e001 s1000/1030] loss = 3.612457
Epoch 001: train_loss = 3.588317  MAE/GAME0 = 23.228  RMSE = 42.235  GAME1 = 23.235  GAME2 = 23.244  GAME3 = 23.250  lr = 1.00e-05  time = 31.2s
[e002 s0001/1030] loss = 0.041044
[e002 s0050/1030] loss = 1.701074
[e002 s0100/1030] loss = 1.754427
[e002 s0150/1030] loss = 2.332696
[e002 s0200/1030] loss = 2.213296
[e002 s0250/1030] loss = 2.354759
[e002 s0300/1030] loss = 2.775125
[e002 s0350/1030] loss = 3.407053
[e002 s0400/1030] loss = 3.416868
[e002 s0450/1030] loss = 3.917568
[e002 s0500/1030] loss = 3.787098
[e002 s0550/1030] loss = 3.627218
[e002 s0600/1030] loss = 3.584663
[e002 s0650/1030] loss = 3.575086
[e002 s0700/1030] loss = 3.592737
[e002 s0750/1030] loss = 3.468605
[e002 s0800/1030] loss = 3.482382
[e002 s0850/1030] loss = 3.485390
[e002 s0900/1030] loss = 3.419488
[e002 s0950/1030] loss = 3.415925
[e002 s1000/1030] loss = 3.407684
Epoch 002: train_loss = 3.379281  MAE/GAME0 = 23.243  RMSE = 42.247  GAME1 = 23.243  GAME2 = 23.246  GAME3 = 23.246  lr = 1.00e-05  time = 13.3s
[e003 s0001/1030] loss = 0.000000
[e003 s0050/1030] loss = 1.845691
[e003 s0100/1030] loss = 2.213370
[e003 s0150/1030] loss = 2.703235
[e003 s0200/1030] loss = 5.366967
[e003 s0250/1030] loss = 4.640203
[e003 s0300/1030] loss = 4.460756
[e003 s0350/1030] loss = 4.066786
[e003 s0400/1030] loss = 4.157249
[e003 s0450/1030] loss = 3.917783
[e003 s0500/1030] loss = 3.785995
[e003 s0550/1030] loss = 3.615311
[e003 s0600/1030] loss = 3.563431
[e003 s0650/1030] loss = 3.448891
[e003 s0700/1030] loss = 3.402856
[e003 s0750/1030] loss = 3.360543
[e003 s0800/1030] loss = 3.298021
[e003 s0850/1030] loss = 3.329043
[e003 s0900/1030] loss = 3.398382
[e003 s0950/1030] loss = 3.406618
[e003 s1000/1030] loss = 3.355596
Epoch 003: train_loss = 3.379785  MAE/GAME0 = 23.244  RMSE = 42.247  GAME1 = 23.244  GAME2 = 23.246  GAME3 = 23.246  lr = 1.00e-05  time = 13.4s
[e004 s0001/1030] loss = 0.083926
[e004 s0050/1030] loss = 2.661185
[e004 s0100/1030] loss = 2.544359
[e004 s0150/1030] loss = 2.725377
[e004 s0200/1030] loss = 2.788748
[e004 s0250/1030] loss = 2.563262
[e004 s0300/1030] loss = 2.811118
[e004 s0350/1030] loss = 3.065378
[e004 s0400/1030] loss = 2.967838
[e004 s0450/1030] loss = 2.935160
[e004 s0500/1030] loss = 2.816006
[e004 s0550/1030] loss = 2.756248
[e004 s0600/1030] loss = 2.891701
[e004 s0650/1030] loss = 3.003072
[e004 s0700/1030] loss = 2.862153
[e004 s0750/1030] loss = 2.916914
[e004 s0800/1030] loss = 2.948872
[e004 s0850/1030] loss = 3.140999
[e004 s0900/1030] loss = 3.129152
[e004 s0950/1030] loss = 3.333277
[e004 s1000/1030] loss = 3.390911
Epoch 004: train_loss = 3.536379  MAE/GAME0 = 23.244  RMSE = 42.247  GAME1 = 23.244  GAME2 = 23.246  GAME3 = 23.246  lr = 1.00e-05  time = 13.3s
[e005 s0001/1030] loss = 0.183530
[e005 s0050/1030] loss = 2.178058
[e005 s0100/1030] loss = 2.209446
[e005 s0150/1030] loss = 2.681062
[e005 s0200/1030] loss = 2.655445
[e005 s0250/1030] loss = 3.114978
[e005 s0300/1030] loss = 2.908547
[e005 s0350/1030] loss = 2.704148
[e005 s0400/1030] loss = 3.145059
[e005 s0450/1030] loss = 3.022743
[e005 s0500/1030] loss = 2.974064
[e005 s0550/1030] loss = 2.948858
[e005 s0600/1030] loss = 2.836327
[e005 s0650/1030] loss = 3.042105
[e005 s0700/1030] loss = 3.008987
[e005 s0750/1030] loss = 3.012966
[e005 s0800/1030] loss = 2.895070
[e005 s0850/1030] loss = 2.890450
[e005 s0900/1030] loss = 2.866057
[e005 s0950/1030] loss = 2.814225
[e005 s1000/1030] loss = 2.871997
Epoch 005: train_loss = 2.839104  MAE/GAME0 = 23.244  RMSE = 42.247  GAME1 = 23.244  GAME2 = 23.246  GAME3 = 23.246  lr = 1.00e-05  time = 13.2s
[e006 s0001/1030] loss = 0.041044
[e006 s0050/1030] loss = 2.158741
[e006 s0100/1030] loss = 2.492563
[e006 s0150/1030] loss = 2.537089
[e006 s0200/1030] loss = 2.595942
[e006 s0250/1030] loss = 2.455967
[e006 s0300/1030] loss = 2.439542
[e006 s0350/1030] loss = 2.431193
[e006 s0400/1030] loss = 3.614100
[e006 s0450/1030] loss = 3.424875
[e006 s0500/1030] loss = 3.298216
[e006 s0550/1030] loss = 3.250447
[e006 s0600/1030] loss = 3.152533
[e006 s0650/1030] loss = 3.556051
[e006 s0700/1030] loss = 3.578217
[e006 s0750/1030] loss = 3.653890
[e006 s0800/1030] loss = 3.730293
[e006 s0850/1030] loss = 3.626532
[e006 s0900/1030] loss = 3.608234
[e006 s0950/1030] loss = 3.734825
[e006 s1000/1030] loss = 3.740028
Epoch 006: train_loss = 3.746027  MAE/GAME0 = 23.244  RMSE = 42.248  GAME1 = 23.245  GAME2 = 23.245  GAME3 = 23.245  lr = 1.00e-05  time = 13.0s
[e007 s0001/1030] loss = 8.098887
[e007 s0050/1030] loss = 3.696299
[e007 s0100/1030] loss = 3.587349
[e007 s0150/1030] loss = 3.110586
[e007 s0200/1030] loss = 3.012984
[e007 s0250/1030] loss = 3.200443
[e007 s0300/1030] loss = 3.173676
[e007 s0350/1030] loss = 3.701938
[e007 s0400/1030] loss = 4.199912
[e007 s0450/1030] loss = 4.443923
[e007 s0500/1030] loss = 4.262550
[e007 s0550/1030] loss = 4.208490
[e007 s0600/1030] loss = 4.048607
[e007 s0650/1030] loss = 3.917164
[e007 s0700/1030] loss = 3.779709
[e007 s0750/1030] loss = 3.680883
[e007 s0800/1030] loss = 3.574889
[e007 s0850/1030] loss = 3.532459
[e007 s0900/1030] loss = 3.529025
[e007 s0950/1030] loss = 3.534911
[e007 s1000/1030] loss = 3.512495
Epoch 007: train_loss = 3.490482  MAE/GAME0 = 23.245  RMSE = 42.248  GAME1 = 23.245  GAME2 = 23.245  GAME3 = 23.245  lr = 1.00e-05  time = 13.0s
[e008 s0001/1030] loss = 6.369078
[e008 s0050/1030] loss = 2.068761
[e008 s0100/1030] loss = 2.865216
[e008 s0150/1030] loss = 3.388802
[e008 s0200/1030] loss = 3.235707
[e008 s0250/1030] loss = 3.169610
[e008 s0300/1030] loss = 3.174315
[e008 s0350/1030] loss = 3.054351
[e008 s0400/1030] loss = 3.001052
[e008 s0450/1030] loss = 3.587656
[e008 s0500/1030] loss = 3.443898
[e008 s0550/1030] loss = 3.362380
[e008 s0600/1030] loss = 3.373628
[e008 s0650/1030] loss = 3.512275
[e008 s0700/1030] loss = 3.507560
[e008 s0750/1030] loss = 3.417890
[e008 s0800/1030] loss = 3.379641
[e008 s0850/1030] loss = 3.293608
[e008 s0900/1030] loss = 3.296737
[e008 s0950/1030] loss = 3.251522
[e008 s1000/1030] loss = 3.155633
Epoch 008: train_loss = 3.173310  MAE/GAME0 = 23.245  RMSE = 42.248  GAME1 = 23.245  GAME2 = 23.245  GAME3 = 23.245  lr = 1.00e-05  time = 13.0s
[e009 s0001/1030] loss = 1.601189
[e009 s0050/1030] loss = 4.090238
[e009 s0100/1030] loss = 4.849393
[e009 s0150/1030] loss = 5.085896
[e009 s0200/1030] loss = 5.362974
[e009 s0250/1030] loss = 4.501426
[e009 s0300/1030] loss = 4.294403
[e009 s0350/1030] loss = 3.937603
[e009 s0400/1030] loss = 3.849147
[e009 s0450/1030] loss = 3.752778
[e009 s0500/1030] loss = 3.623832
[e009 s0550/1030] loss = 3.561687
[e009 s0600/1030] loss = 3.445570
[e009 s0650/1030] loss = 3.307694
[e009 s0700/1030] loss = 3.197168
[e009 s0750/1030] loss = 3.217876
[e009 s0800/1030] loss = 3.135141
[e009 s0850/1030] loss = 3.155085
[e009 s0900/1030] loss = 3.098267
[e009 s0950/1030] loss = 3.025317
[e009 s1000/1030] loss = 3.030694
Epoch 009: train_loss = 3.067581  MAE/GAME0 = 23.245  RMSE = 42.248  GAME1 = 23.245  GAME2 = 23.245  GAME3 = 23.245  lr = 1.00e-05  time = 13.0s
[e010 s0001/1030] loss = 0.387283
[e010 s0050/1030] loss = 3.659255
[e010 s0100/1030] loss = 3.157500
[e010 s0150/1030] loss = 3.511055
[e010 s0200/1030] loss = 3.175565
[e010 s0250/1030] loss = 3.697842
[e010 s0300/1030] loss = 3.529293
[e010 s0350/1030] loss = 3.355490
[e010 s0400/1030] loss = 3.404059
[e010 s0450/1030] loss = 3.829517
[e010 s0500/1030] loss = 3.685117
[e010 s0550/1030] loss = 3.544217
[e010 s0600/1030] loss = 3.426235
[e010 s0650/1030] loss = 3.457036
[e010 s0700/1030] loss = 3.417255
[e010 s0750/1030] loss = 3.280268
[e010 s0800/1030] loss = 3.244964
[e010 s0850/1030] loss = 3.232740
[e010 s0900/1030] loss = 3.266050
[e010 s0950/1030] loss = 3.348335
[e010 s1000/1030] loss = 3.277751
Epoch 010: train_loss = 3.276484  MAE/GAME0 = 23.245  RMSE = 42.248  GAME1 = 23.245  GAME2 = 23.245  GAME3 = 23.245  lr = 1.00e-05  time = 13.0s
[e011 s0001/1030] loss = 0.968717
[e011 s0050/1030] loss = 2.108332
[e011 s0100/1030] loss = 2.998716
[e011 s0150/1030] loss = 3.083587
[e011 s0200/1030] loss = 3.685228
[e011 s0250/1030] loss = 3.190389
[e011 s0300/1030] loss = 2.940278
[e011 s0350/1030] loss = 2.905420
[e011 s0400/1030] loss = 3.038647
[e011 s0450/1030] loss = 2.880541
[e011 s0500/1030] loss = 2.830213
[e011 s0550/1030] loss = 2.837732
[e011 s0600/1030] loss = 2.735449
[e011 s0650/1030] loss = 2.776052
[e011 s0700/1030] loss = 2.805026
[e011 s0750/1030] loss = 2.804619
[e011 s0800/1030] loss = 2.797318
[e011 s0850/1030] loss = 2.793277
[e011 s0900/1030] loss = 2.997523
[e011 s0950/1030] loss = 3.434103
[e011 s1000/1030] loss = 3.369145
Epoch 011: train_loss = 3.325073  MAE/GAME0 = 23.245  RMSE = 42.248  GAME1 = 23.245  GAME2 = 23.245  GAME3 = 23.245  lr = 1.00e-05  time = 13.1s
[e012 s0001/1030] loss = 0.000000
[e012 s0050/1030] loss = 1.635489
[e012 s0100/1030] loss = 1.842782
[e012 s0150/1030] loss = 2.581607
[e012 s0200/1030] loss = 2.555594
[e012 s0250/1030] loss = 2.846218
[e012 s0300/1030] loss = 2.792205
[e012 s0350/1030] loss = 2.718970
[e012 s0400/1030] loss = 2.604484
[e012 s0450/1030] loss = 2.761827
[e012 s0500/1030] loss = 2.682909
[e012 s0550/1030] loss = 2.868459
[e012 s0600/1030] loss = 2.979643
[e012 s0650/1030] loss = 3.305455
[e012 s0700/1030] loss = 3.415021
[e012 s0750/1030] loss = 3.344543
[e012 s0800/1030] loss = 3.330533
[e012 s0850/1030] loss = 3.438722
[e012 s0900/1030] loss = 3.373042
[e012 s0950/1030] loss = 3.324386
[e012 s1000/1030] loss = 3.320576
Epoch 012: train_loss = 3.319433  MAE/GAME0 = 23.245  RMSE = 42.248  GAME1 = 23.245  GAME2 = 23.245  GAME3 = 23.245  lr = 1.00e-05  time = 13.1s
[e013 s0001/1030] loss = 11.328760
[e013 s0050/1030] loss = 3.992820
[e013 s0100/1030] loss = 2.653805
[e013 s0150/1030] loss = 2.259871
[e013 s0200/1030] loss = 2.256894
[e013 s0250/1030] loss = 2.764358
[e013 s0300/1030] loss = 2.912080
[e013 s0350/1030] loss = 3.001672
[e013 s0400/1030] loss = 2.917350
[e013 s0450/1030] loss = 2.837906
[e013 s0500/1030] loss = 2.798589
[e013 s0550/1030] loss = 2.734595
[e013 s0600/1030] loss = 2.697527
[e013 s0650/1030] loss = 3.042316
[e013 s0700/1030] loss = 3.009749
[e013 s0750/1030] loss = 2.963272
[e013 s0800/1030] loss = 2.919005
[e013 s0850/1030] loss = 2.903992
[e013 s0900/1030] loss = 2.957640
[e013 s0950/1030] loss = 2.996226
[e013 s1000/1030] loss = 2.927512
Epoch 013: train_loss = 3.177767  MAE/GAME0 = 23.245  RMSE = 42.248  GAME1 = 23.245  GAME2 = 23.245  GAME3 = 23.245  lr = 1.00e-05  time = 13.2s
[e014 s0001/1030] loss = 0.694086
[e014 s0050/1030] loss = 1.658520
[e014 s0100/1030] loss = 2.274481
[e014 s0150/1030] loss = 2.452120
[e014 s0200/1030] loss = 2.082780
[e014 s0250/1030] loss = 2.065750
[e014 s0300/1030] loss = 2.088274
[e014 s0350/1030] loss = 2.680635
[e014 s0400/1030] loss = 3.189679
[e014 s0450/1030] loss = 3.118826
[e014 s0500/1030] loss = 3.006466
[e014 s0550/1030] loss = 3.238164
[e014 s0600/1030] loss = 3.431565
[e014 s0650/1030] loss = 3.403159
[e014 s0700/1030] loss = 3.403878
[e014 s0750/1030] loss = 3.386755
[e014 s0800/1030] loss = 3.504818
[e014 s0850/1030] loss = 3.407912
[e014 s0900/1030] loss = 3.318440
[e014 s0950/1030] loss = 3.553846
[e014 s1000/1030] loss = 3.538611
Epoch 014: train_loss = 3.581682  MAE/GAME0 = 23.245  RMSE = 42.248  GAME1 = 23.245  GAME2 = 23.245  GAME3 = 23.245  lr = 1.00e-05  time = 13.1s
[e015 s0001/1030] loss = 0.041645
[e015 s0050/1030] loss = 2.401305
[e015 s0100/1030] loss = 4.127410
[e015 s0150/1030] loss = 3.789479
[e015 s0200/1030] loss = 3.552273
[e015 s0250/1030] loss = 3.509177
[e015 s0300/1030] loss = 3.258276
[e015 s0350/1030] loss = 3.325433
[e015 s0400/1030] loss = 3.223630
[e015 s0450/1030] loss = 3.169851
[e015 s0500/1030] loss = 3.216292
[e015 s0550/1030] loss = 3.301144
[e015 s0600/1030] loss = 3.207104
[e015 s0650/1030] loss = 3.125094
[e015 s0700/1030] loss = 3.158484
[e015 s0750/1030] loss = 3.217176
[e015 s0800/1030] loss = 3.190231
[e015 s0850/1030] loss = 3.402575
[e015 s0900/1030] loss = 3.459792
[e015 s0950/1030] loss = 3.493688
[e015 s1000/1030] loss = 3.420864
Epoch 015: train_loss = 3.437989  MAE/GAME0 = 23.245  RMSE = 42.248  GAME1 = 23.245  GAME2 = 23.245  GAME3 = 23.245  lr = 1.00e-05  time = 13.1s
[e016 s0001/1030] loss = 0.186778
[e016 s0050/1030] loss = 2.082658
[e016 s0100/1030] loss = 1.976407
[e016 s0150/1030] loss = 3.234291
[e016 s0200/1030] loss = 3.931112
[e016 s0250/1030] loss = 3.739768
[e016 s0300/1030] loss = 3.489613
[e016 s0350/1030] loss = 3.785821
[e016 s0400/1030] loss = 3.838263
[e016 s0450/1030] loss = 3.838924
[e016 s0500/1030] loss = 3.777770
[e016 s0550/1030] loss = 3.709248
[e016 s0600/1030] loss = 3.596843
[e016 s0650/1030] loss = 3.448001
[e016 s0700/1030] loss = 3.537229
[e016 s0750/1030] loss = 3.485332
[e016 s0800/1030] loss = 3.361833
[e016 s0850/1030] loss = 3.298995
[e016 s0900/1030] loss = 3.267335
[e016 s0950/1030] loss = 3.318393
[e016 s1000/1030] loss = 3.268640
Epoch 016: train_loss = 3.224805  MAE/GAME0 = 23.245  RMSE = 42.248  GAME1 = 23.245  GAME2 = 23.245  GAME3 = 23.245  lr = 1.00e-05  time = 13.1s
[e017 s0001/1030] loss = 4.015626
[e017 s0050/1030] loss = 2.690189
[e017 s0100/1030] loss = 3.192636
[e017 s0150/1030] loss = 3.665118
[e017 s0200/1030] loss = 3.156757
[e017 s0250/1030] loss = 2.894756
[e017 s0300/1030] loss = 2.901565
[e017 s0350/1030] loss = 2.825910
[e017 s0400/1030] loss = 2.858809
[e017 s0450/1030] loss = 2.902000
[e017 s0500/1030] loss = 3.232563
[e017 s0550/1030] loss = 3.139665
[e017 s0600/1030] loss = 3.070107
[e017 s0650/1030] loss = 3.046217
[e017 s0700/1030] loss = 2.990267
[e017 s0750/1030] loss = 2.998358
[e017 s0800/1030] loss = 3.038480
[e017 s0850/1030] loss = 2.974067
[e017 s0900/1030] loss = 3.154815
[e017 s0950/1030] loss = 3.126155
[e017 s1000/1030] loss = 3.105099
Epoch 017: train_loss = 3.052852  MAE/GAME0 = 23.245  RMSE = 42.248  GAME1 = 23.245  GAME2 = 23.245  GAME3 = 23.245  lr = 1.00e-05  time = 12.9s
[e018 s0001/1030] loss = 0.049631
[e018 s0050/1030] loss = 3.050819
[e018 s0100/1030] loss = 3.319709
[e018 s0150/1030] loss = 2.985855
[e018 s0200/1030] loss = 3.100182
[e018 s0250/1030] loss = 3.138962
[e018 s0300/1030] loss = 3.818166
[e018 s0350/1030] loss = 3.576124
[e018 s0400/1030] loss = 3.423685
[e018 s0450/1030] loss = 3.382970
[e018 s0500/1030] loss = 3.316589
[e018 s0550/1030] loss = 3.382218
[e018 s0600/1030] loss = 3.257581
[e018 s0650/1030] loss = 3.192018
[e018 s0700/1030] loss = 3.251342
[e018 s0750/1030] loss = 3.116391
[e018 s0800/1030] loss = 3.083164
[e018 s0850/1030] loss = 3.060826
[e018 s0900/1030] loss = 2.983281
[e018 s0950/1030] loss = 2.953909
[e018 s1000/1030] loss = 3.020733
Epoch 018: train_loss = 3.258705  MAE/GAME0 = 23.245  RMSE = 42.248  GAME1 = 23.245  GAME2 = 23.245  GAME3 = 23.245  lr = 1.00e-05  time = 13.1s
[e019 s0001/1030] loss = 3.400594
[e019 s0050/1030] loss = 2.428620
[e019 s0100/1030] loss = 2.760600
[e019 s0150/1030] loss = 3.300576
[e019 s0200/1030] loss = 2.979975
[e019 s0250/1030] loss = 3.707242
[e019 s0300/1030] loss = 3.487772
[e019 s0350/1030] loss = 3.373942
[e019 s0400/1030] loss = 3.495104
[e019 s0450/1030] loss = 3.614576
[e019 s0500/1030] loss = 3.435582
[e019 s0550/1030] loss = 3.279961
[e019 s0600/1030] loss = 3.162682
[e019 s0650/1030] loss = 3.045620
[e019 s0700/1030] loss = 2.962004
[e019 s0750/1030] loss = 3.056709
[e019 s0800/1030] loss = 3.002104
[e019 s0850/1030] loss = 3.009533
[e019 s0900/1030] loss = 3.042350
[e019 s0950/1030] loss = 3.030175
[e019 s1000/1030] loss = 2.971666
Epoch 019: train_loss = 2.929555  MAE/GAME0 = 23.245  RMSE = 42.248  GAME1 = 23.245  GAME2 = 23.245  GAME3 = 23.245  lr = 1.00e-05  time = 13.1s
[e020 s0001/1030] loss = 2.201193
[e020 s0050/1030] loss = 2.962935
[e020 s0100/1030] loss = 3.415915
[e020 s0150/1030] loss = 3.047168
[e020 s0200/1030] loss = 2.793248
[e020 s0250/1030] loss = 3.501430
[e020 s0300/1030] loss = 3.284960
[e020 s0350/1030] loss = 3.444933
[e020 s0400/1030] loss = 3.372584
[e020 s0450/1030] loss = 3.443328
[e020 s0500/1030] loss = 3.228810
[e020 s0550/1030] loss = 3.497249
[e020 s0600/1030] loss = 3.463600
[e020 s0650/1030] loss = 3.421169
[e020 s0700/1030] loss = 3.300668
[e020 s0750/1030] loss = 3.298286
[e020 s0800/1030] loss = 3.290880
[e020 s0850/1030] loss = 3.242122
[e020 s0900/1030] loss = 3.179973
[e020 s0950/1030] loss = 3.120072
[e020 s1000/1030] loss = 3.100268
Epoch 020: train_loss = 3.178202  MAE/GAME0 = 23.245  RMSE = 42.248  GAME1 = 23.245  GAME2 = 23.245  GAME3 = 23.245  lr = 1.00e-05  time = 13.0s
[e021 s0001/1030] loss = 0.710309
[e021 s0050/1030] loss = 2.302933
[e021 s0100/1030] loss = 2.789051
[e021 s0150/1030] loss = 2.706043
[e021 s0200/1030] loss = 2.890015
[e021 s0250/1030] loss = 3.151847
[e021 s0300/1030] loss = 3.139804
[e021 s0350/1030] loss = 2.886332
[e021 s0400/1030] loss = 2.990383
[e021 s0450/1030] loss = 3.089482
[e021 s0500/1030] loss = 3.019510
[e021 s0550/1030] loss = 2.989918
[e021 s0600/1030] loss = 2.880957
[e021 s0650/1030] loss = 2.916420
[e021 s0700/1030] loss = 2.930869
[e021 s0750/1030] loss = 2.832589
[e021 s0800/1030] loss = 2.832890
[e021 s0850/1030] loss = 3.422193
[e021 s0900/1030] loss = 3.400363
[e021 s0950/1030] loss = 3.315920
[e021 s1000/1030] loss = 3.603904
Epoch 021: train_loss = 3.554254  MAE/GAME0 = 23.245  RMSE = 42.248  GAME1 = 23.245  GAME2 = 23.245  GAME3 = 23.245  lr = 1.00e-05  time = 13.0s
[e022 s0001/1030] loss = 6.069504
[e022 s0050/1030] loss = 1.353554
[e022 s0100/1030] loss = 1.769682
[e022 s0150/1030] loss = 2.184310
[e022 s0200/1030] loss = 2.560438
[e022 s0250/1030] loss = 2.641485
[e022 s0300/1030] loss = 2.758514
[e022 s0350/1030] loss = 3.330627
[e022 s0400/1030] loss = 3.482007
[e022 s0450/1030] loss = 3.456963
[e022 s0500/1030] loss = 3.787944
[e022 s0550/1030] loss = 3.805997
[e022 s0600/1030] loss = 3.972780
[e022 s0650/1030] loss = 3.805089
[e022 s0700/1030] loss = 3.700843
[e022 s0750/1030] loss = 3.561953
[e022 s0800/1030] loss = 3.482628
[e022 s0850/1030] loss = 3.418530
[e022 s0900/1030] loss = 3.371795
[e022 s0950/1030] loss = 3.293673
[e022 s1000/1030] loss = 3.263183
Epoch 022: train_loss = 3.226379  MAE/GAME0 = 23.245  RMSE = 42.248  GAME1 = 23.245  GAME2 = 23.245  GAME3 = 23.245  lr = 1.00e-05  time = 13.1s
[e023 s0001/1030] loss = 1.542038
[e023 s0050/1030] loss = 2.009574
[e023 s0100/1030] loss = 2.787328
[e023 s0150/1030] loss = 2.771582
[e023 s0200/1030] loss = 2.816364
[e023 s0250/1030] loss = 2.841727
[e023 s0300/1030] loss = 2.823677
[e023 s0350/1030] loss = 2.785702
[e023 s0400/1030] loss = 2.778471
[e023 s0450/1030] loss = 2.791162
[e023 s0500/1030] loss = 2.727793
[e023 s0550/1030] loss = 2.760118
[e023 s0600/1030] loss = 3.005733
[e023 s0650/1030] loss = 2.948989
[e023 s0700/1030] loss = 3.165501
[e023 s0750/1030] loss = 3.275787
[e023 s0800/1030] loss = 3.277609
[e023 s0850/1030] loss = 3.279175
[e023 s0900/1030] loss = 3.261288
[e023 s0950/1030] loss = 3.248423
[e023 s1000/1030] loss = 3.264416
Epoch 023: train_loss = 3.262635  MAE/GAME0 = 23.245  RMSE = 42.248  GAME1 = 23.245  GAME2 = 23.245  GAME3 = 23.245  lr = 1.00e-05  time = 13.0s
[e024 s0001/1030] loss = 3.766434
[e024 s0050/1030] loss = 3.431112
[e024 s0100/1030] loss = 3.407663
[e024 s0150/1030] loss = 3.064194
[e024 s0200/1030] loss = 2.983346
[e024 s0250/1030] loss = 2.862814
[e024 s0300/1030] loss = 3.238955
[e024 s0350/1030] loss = 3.105348
[e024 s0400/1030] loss = 3.153676
[e024 s0450/1030] loss = 3.133775
[e024 s0500/1030] loss = 3.018544
[e024 s0550/1030] loss = 2.915688
[e024 s0600/1030] loss = 2.851006
[e024 s0650/1030] loss = 2.828406
[e024 s0700/1030] loss = 2.762026
[e024 s0750/1030] loss = 2.798452
[e024 s0800/1030] loss = 2.992950
[e024 s0850/1030] loss = 2.955524
[e024 s0900/1030] loss = 2.973928
[e024 s0950/1030] loss = 2.981694
[e024 s1000/1030] loss = 2.906349
Epoch 024: train_loss = 2.881569  MAE/GAME0 = 23.245  RMSE = 42.248  GAME1 = 23.245  GAME2 = 23.245  GAME3 = 23.245  lr = 1.00e-05  time = 13.1s
[e025 s0001/1030] loss = 0.093269
[e025 s0050/1030] loss = 1.741242
[e025 s0100/1030] loss = 2.124170
[e025 s0150/1030] loss = 2.317324
[e025 s0200/1030] loss = 2.252913
[e025 s0250/1030] loss = 2.898329
[e025 s0300/1030] loss = 2.881535
[e025 s0350/1030] loss = 3.379664
[e025 s0400/1030] loss = 3.158340
[e025 s0450/1030] loss = 3.034953
[e025 s0500/1030] loss = 2.907041
[e025 s0550/1030] loss = 2.788321
[e025 s0600/1030] loss = 2.846525
[e025 s0650/1030] loss = 2.737082
[e025 s0700/1030] loss = 2.696783
[e025 s0750/1030] loss = 2.649831
[e025 s0800/1030] loss = 2.628266
[e025 s0850/1030] loss = 2.646990
[e025 s0900/1030] loss = 2.618616
[e025 s0950/1030] loss = 2.591283
[e025 s1000/1030] loss = 2.643569
Epoch 025: train_loss = 2.957733  MAE/GAME0 = 23.245  RMSE = 42.248  GAME1 = 23.245  GAME2 = 23.245  GAME3 = 23.245  lr = 1.00e-05  time = 13.1s
[e026 s0001/1030] loss = 0.193515
[e026 s0050/1030] loss = 3.287927
[e026 s0100/1030] loss = 2.993885
[e026 s0150/1030] loss = 2.826680
[e026 s0200/1030] loss = 2.742073
[e026 s0250/1030] loss = 2.812060
[e026 s0300/1030] loss = 3.724029
[e026 s0350/1030] loss = 3.455466
[e026 s0400/1030] loss = 3.461656
[e026 s0450/1030] loss = 3.504273
[e026 s0500/1030] loss = 3.492436
[e026 s0550/1030] loss = 3.387513
[e026 s0600/1030] loss = 3.243168
[e026 s0650/1030] loss = 3.296621
[e026 s0700/1030] loss = 3.272538
[e026 s0750/1030] loss = 3.465229
[e026 s0800/1030] loss = 3.347406
[e026 s0850/1030] loss = 3.288682
[e026 s0900/1030] loss = 3.242409
[e026 s0950/1030] loss = 3.187263
[e026 s1000/1030] loss = 3.107094
Epoch 026: train_loss = 3.178017  MAE/GAME0 = 23.245  RMSE = 42.248  GAME1 = 23.245  GAME2 = 23.245  GAME3 = 23.245  lr = 1.00e-05  time = 13.0s
[e027 s0001/1030] loss = 1.455529
[e027 s0050/1030] loss = 3.828150
[e027 s0100/1030] loss = 3.066142
[e027 s0150/1030] loss = 2.884189
[e027 s0200/1030] loss = 2.629409
[e027 s0250/1030] loss = 2.738710
[e027 s0300/1030] loss = 2.980321
[e027 s0350/1030] loss = 3.016560
[e027 s0400/1030] loss = 3.062465
[e027 s0450/1030] loss = 2.940110
[e027 s0500/1030] loss = 3.103776
[e027 s0550/1030] loss = 3.088514
[e027 s0600/1030] loss = 3.071346
[e027 s0650/1030] loss = 3.287750
[e027 s0700/1030] loss = 3.295962
[e027 s0750/1030] loss = 3.251744
[e027 s0800/1030] loss = 3.227152
[e027 s0850/1030] loss = 3.104195
[e027 s0900/1030] loss = 3.108537
[e027 s0950/1030] loss = 3.265959
[e027 s1000/1030] loss = 3.235333
Epoch 027: train_loss = 3.494807  MAE/GAME0 = 23.245  RMSE = 42.248  GAME1 = 23.245  GAME2 = 23.245  GAME3 = 23.245  lr = 1.00e-05  time = 13.0s
[e028 s0001/1030] loss = 0.455331
[e028 s0050/1030] loss = 4.879301
[e028 s0100/1030] loss = 3.736670
[e028 s0150/1030] loss = 3.021256
[e028 s0200/1030] loss = 3.085853
[e028 s0250/1030] loss = 2.967370
[e028 s0300/1030] loss = 2.930686
[e028 s0350/1030] loss = 3.078232
[e028 s0400/1030] loss = 3.071192
[e028 s0450/1030] loss = 2.964572
[e028 s0500/1030] loss = 2.965399
[e028 s0550/1030] loss = 2.864224
[e028 s0600/1030] loss = 2.831859
[e028 s0650/1030] loss = 2.764890
[e028 s0700/1030] loss = 3.401553
[e028 s0750/1030] loss = 3.336573
[e028 s0800/1030] loss = 3.403548
[e028 s0850/1030] loss = 3.346516
[e028 s0900/1030] loss = 3.297561
[e028 s0950/1030] loss = 3.267966
[e028 s1000/1030] loss = 3.232106
Epoch 028: train_loss = 3.234513  MAE/GAME0 = 23.245  RMSE = 42.248  GAME1 = 23.245  GAME2 = 23.245  GAME3 = 23.245  lr = 1.00e-05  time = 13.0s
[e029 s0001/1030] loss = 1.000643
[e029 s0050/1030] loss = 4.460080
[e029 s0100/1030] loss = 3.391740
[e029 s0150/1030] loss = 3.162179
[e029 s0200/1030] loss = 3.129922
[e029 s0250/1030] loss = 3.683180
[e029 s0300/1030] loss = 3.491639
[e029 s0350/1030] loss = 3.264848
[e029 s0400/1030] loss = 3.190761
[e029 s0450/1030] loss = 3.143018
[e029 s0500/1030] loss = 3.098596
[e029 s0550/1030] loss = 2.990418
[e029 s0600/1030] loss = 2.864394
[e029 s0650/1030] loss = 3.961106
[e029 s0700/1030] loss = 4.032333
[e029 s0750/1030] loss = 3.918250
[e029 s0800/1030] loss = 3.867099
[e029 s0850/1030] loss = 3.755764
[e029 s0900/1030] loss = 3.679750
[e029 s0950/1030] loss = 3.599700
[e029 s1000/1030] loss = 3.577923
Epoch 029: train_loss = 3.559508  MAE/GAME0 = 23.245  RMSE = 42.248  GAME1 = 23.245  GAME2 = 23.245  GAME3 = 23.245  lr = 1.00e-05  time = 13.1s
[e030 s0001/1030] loss = 1.993678
[e030 s0050/1030] loss = 4.088425
[e030 s0100/1030] loss = 3.452653
[e030 s0150/1030] loss = 3.748660
[e030 s0200/1030] loss = 3.663655
[e030 s0250/1030] loss = 4.201771
[e030 s0300/1030] loss = 4.086142
[e030 s0350/1030] loss = 3.962389
[e030 s0400/1030] loss = 3.862292
[e030 s0450/1030] loss = 3.616963
[e030 s0500/1030] loss = 3.446994
[e030 s0550/1030] loss = 3.344486
[e030 s0600/1030] loss = 3.274065
[e030 s0650/1030] loss = 3.101097
[e030 s0700/1030] loss = 3.052322
[e030 s0750/1030] loss = 3.359302
[e030 s0800/1030] loss = 3.640518
[e030 s0850/1030] loss = 3.634622
[e030 s0900/1030] loss = 3.533840
[e030 s0950/1030] loss = 3.525176
[e030 s1000/1030] loss = 3.480174
Epoch 030: train_loss = 3.548752  MAE/GAME0 = 23.245  RMSE = 42.248  GAME1 = 23.245  GAME2 = 23.245  GAME3 = 23.245  lr = 1.00e-05  time = 13.0s
[e031 s0001/1030] loss = 1.114066
[e031 s0050/1030] loss = 2.989656
[e031 s0100/1030] loss = 2.784840
[e031 s0150/1030] loss = 2.348645
[e031 s0200/1030] loss = 2.560859
[e031 s0250/1030] loss = 2.434560
[e031 s0300/1030] loss = 2.429422
[e031 s0350/1030] loss = 2.579120
[e031 s0400/1030] loss = 2.565046
[e031 s0450/1030] loss = 2.633883
[e031 s0500/1030] loss = 2.594611
[e031 s0550/1030] loss = 2.683768
[e031 s0600/1030] loss = 2.686394
[e031 s0650/1030] loss = 2.641215
[e031 s0700/1030] loss = 2.590741
[e031 s0750/1030] loss = 2.834947
[e031 s0800/1030] loss = 3.467041
[e031 s0850/1030] loss = 3.443425
[e031 s0900/1030] loss = 3.542384
[e031 s0950/1030] loss = 3.525786
[e031 s1000/1030] loss = 3.467153
Epoch 031: train_loss = 3.435683  MAE/GAME0 = 23.245  RMSE = 42.247  GAME1 = 23.245  GAME2 = 23.245  GAME3 = 23.245  lr = 1.00e-05  time = 13.2s
[e032 s0001/1030] loss = 6.949456
[e032 s0050/1030] loss = 3.319369
[e032 s0100/1030] loss = 4.180003
[e032 s0150/1030] loss = 3.518344
[e032 s0200/1030] loss = 3.499445
[e032 s0250/1030] loss = 3.399977
[e032 s0300/1030] loss = 3.266577
[e032 s0350/1030] loss = 3.325857
[e032 s0400/1030] loss = 3.358737
[e032 s0450/1030] loss = 3.607230
[e032 s0500/1030] loss = 3.484244
[e032 s0550/1030] loss = 3.302522
[e032 s0600/1030] loss = 3.283399
[e032 s0650/1030] loss = 3.251462
[e032 s0700/1030] loss = 3.251737
[e032 s0750/1030] loss = 3.507591
[e032 s0800/1030] loss = 3.405642
[e032 s0850/1030] loss = 3.365600
[e032 s0900/1030] loss = 3.309087
[e032 s0950/1030] loss = 3.383504
[e032 s1000/1030] loss = 3.309281
Epoch 032: train_loss = 3.262108  MAE/GAME0 = 23.245  RMSE = 42.248  GAME1 = 23.245  GAME2 = 23.245  GAME3 = 23.245  lr = 1.00e-05  time = 13.0s
[e033 s0001/1030] loss = 3.525660
[e033 s0050/1030] loss = 2.203425
[e033 s0100/1030] loss = 2.405830
[e033 s0150/1030] loss = 2.182270
[e033 s0200/1030] loss = 2.142712
[e033 s0250/1030] loss = 2.200083
[e033 s0300/1030] loss = 2.143635
[e033 s0350/1030] loss = 2.173805
[e033 s0400/1030] loss = 2.434843
[e033 s0450/1030] loss = 3.417068
[e033 s0500/1030] loss = 3.308840
[e033 s0550/1030] loss = 3.412956
[e033 s0600/1030] loss = 3.257413
[e033 s0650/1030] loss = 3.272017
[e033 s0700/1030] loss = 3.146735
[e033 s0750/1030] loss = 3.196297
[e033 s0800/1030] loss = 3.133811
[e033 s0850/1030] loss = 3.072519
[e033 s0900/1030] loss = 3.081282
[e033 s0950/1030] loss = 2.986990
[e033 s1000/1030] loss = 3.127390
Epoch 033: train_loss = 3.087489  MAE/GAME0 = 23.245  RMSE = 42.248  GAME1 = 23.245  GAME2 = 23.245  GAME3 = 23.245  lr = 1.00e-05  time = 13.0s
[e034 s0001/1030] loss = 0.041042
[e034 s0050/1030] loss = 2.004736
[e034 s0100/1030] loss = 3.041365
[e034 s0150/1030] loss = 2.670413
[e034 s0200/1030] loss = 2.664204
[e034 s0250/1030] loss = 2.627392
[e034 s0300/1030] loss = 2.692561
[e034 s0350/1030] loss = 3.065147
[e034 s0400/1030] loss = 2.981941
[e034 s0450/1030] loss = 2.880529
[e034 s0500/1030] loss = 2.995223
[e034 s0550/1030] loss = 3.235750
[e034 s0600/1030] loss = 3.298939
[e034 s0650/1030] loss = 3.162142
[e034 s0700/1030] loss = 3.238606
[e034 s0750/1030] loss = 3.293665
[e034 s0800/1030] loss = 3.235375
[e034 s0850/1030] loss = 3.177955
[e034 s0900/1030] loss = 3.194325
[e034 s0950/1030] loss = 3.122918
[e034 s1000/1030] loss = 3.096464
Epoch 034: train_loss = 3.085816  MAE/GAME0 = 23.245  RMSE = 42.248  GAME1 = 23.245  GAME2 = 23.245  GAME3 = 23.245  lr = 1.00e-05  time = 13.1s
[e035 s0001/1030] loss = 4.911903
[e035 s0050/1030] loss = 3.538284
[e035 s0100/1030] loss = 3.442894
[e035 s0150/1030] loss = 2.940428
[e035 s0200/1030] loss = 2.950933
[e035 s0250/1030] loss = 3.331113
[e035 s0300/1030] loss = 3.091099
[e035 s0350/1030] loss = 3.754132
[e035 s0400/1030] loss = 3.503991
[e035 s0450/1030] loss = 3.438214
[e035 s0500/1030] loss = 3.356779
[e035 s0550/1030] loss = 3.282244
[e035 s0600/1030] loss = 3.150175
[e035 s0650/1030] loss = 3.145601
[e035 s0700/1030] loss = 3.103848
[e035 s0750/1030] loss = 3.039744
[e035 s0800/1030] loss = 2.987327
[e035 s0850/1030] loss = 2.953129
[e035 s0900/1030] loss = 2.961358
[e035 s0950/1030] loss = 2.983859
[e035 s1000/1030] loss = 3.137723
Epoch 035: train_loss = 3.148149  MAE/GAME0 = 23.244  RMSE = 42.246  GAME1 = 23.245  GAME2 = 23.246  GAME3 = 23.247  lr = 1.00e-05  time = 13.1s
[e036 s0001/1030] loss = 0.106764
[e036 s0050/1030] loss = 6.916435
[e036 s0100/1030] loss = 4.794299
[e036 s0150/1030] loss = 4.095370
[e036 s0200/1030] loss = 3.677842
[e036 s0250/1030] loss = 4.462607
[e036 s0300/1030] loss = 4.053372
[e036 s0350/1030] loss = 3.785354
[e036 s0400/1030] loss = 3.573625
[e036 s0450/1030] loss = 3.551188
[e036 s0500/1030] loss = 3.539611
[e036 s0550/1030] loss = 3.708925
[e036 s0600/1030] loss = 3.619265
[e036 s0650/1030] loss = 3.551014
[e036 s0700/1030] loss = 3.496549
[e036 s0750/1030] loss = 3.507090
[e036 s0800/1030] loss = 3.428501
[e036 s0850/1030] loss = 3.360987
[e036 s0900/1030] loss = 3.375919
[e036 s0950/1030] loss = 3.285794
[e036 s1000/1030] loss = 3.224534
Epoch 036: train_loss = 3.194378  MAE/GAME0 = 23.245  RMSE = 42.248  GAME1 = 23.245  GAME2 = 23.245  GAME3 = 23.245  lr = 1.00e-05  time = 13.1s
[e037 s0001/1030] loss = 0.312565
[e037 s0050/1030] loss = 1.215704
[e037 s0100/1030] loss = 2.232662
[e037 s0150/1030] loss = 2.125715
[e037 s0200/1030] loss = 2.473459
[e037 s0250/1030] loss = 2.507908
[e037 s0300/1030] loss = 2.446779
[e037 s0350/1030] loss = 2.523171
[e037 s0400/1030] loss = 2.658894
[e037 s0450/1030] loss = 2.491888
[e037 s0500/1030] loss = 2.432814
[e037 s0550/1030] loss = 2.556453
[e037 s0600/1030] loss = 2.619287
[e037 s0650/1030] loss = 2.623689
[e037 s0700/1030] loss = 2.723445
[e037 s0750/1030] loss = 2.976101
[e037 s0800/1030] loss = 2.969366
[e037 s0850/1030] loss = 2.974698
[e037 s0900/1030] loss = 2.997955
[e037 s0950/1030] loss = 3.242413
[e037 s1000/1030] loss = 3.202422
Epoch 037: train_loss = 3.138714  MAE/GAME0 = 23.245  RMSE = 42.248  GAME1 = 23.245  GAME2 = 23.245  GAME3 = 23.245  lr = 1.00e-05  time = 13.1s
[e038 s0001/1030] loss = 0.032822
[e038 s0050/1030] loss = 5.043503
[e038 s0100/1030] loss = 4.834875
[e038 s0150/1030] loss = 6.163404
[e038 s0200/1030] loss = 5.480718
[e038 s0250/1030] loss = 5.005348
[e038 s0300/1030] loss = 4.401962
[e038 s0350/1030] loss = 4.304230
[e038 s0400/1030] loss = 4.329051
[e038 s0450/1030] loss = 4.245918
[e038 s0500/1030] loss = 4.147168
[e038 s0550/1030] loss = 3.975250
[e038 s0600/1030] loss = 3.880775
[e038 s0650/1030] loss = 3.725431
[e038 s0700/1030] loss = 3.663060
[e038 s0750/1030] loss = 3.571529
[e038 s0800/1030] loss = 3.446103
[e038 s0850/1030] loss = 3.481534
[e038 s0900/1030] loss = 3.450804
[e038 s0950/1030] loss = 3.415527
[e038 s1000/1030] loss = 3.386486
Epoch 038: train_loss = 3.337732  MAE/GAME0 = 23.245  RMSE = 42.248  GAME1 = 23.245  GAME2 = 23.245  GAME3 = 23.245  lr = 1.00e-05  time = 13.1s
[e039 s0001/1030] loss = 0.074299
[e039 s0050/1030] loss = 1.969944
[e039 s0100/1030] loss = 2.853467
[e039 s0150/1030] loss = 2.873694
[e039 s0200/1030] loss = 3.167011
[e039 s0250/1030] loss = 2.886301
[e039 s0300/1030] loss = 3.088886
[e039 s0350/1030] loss = 3.017838
[e039 s0400/1030] loss = 3.798052
[e039 s0450/1030] loss = 3.549527
[e039 s0500/1030] loss = 3.453744
[e039 s0550/1030] loss = 3.317078
[e039 s0600/1030] loss = 3.164581
[e039 s0650/1030] loss = 3.128628
[e039 s0700/1030] loss = 3.091550
[e039 s0750/1030] loss = 3.058795
[e039 s0800/1030] loss = 3.269264
[e039 s0850/1030] loss = 3.206163
[e039 s0900/1030] loss = 3.181148
[e039 s0950/1030] loss = 3.338114
[e039 s1000/1030] loss = 3.240869
Epoch 039: train_loss = 3.221403  MAE/GAME0 = 23.245  RMSE = 42.248  GAME1 = 23.245  GAME2 = 23.245  GAME3 = 23.245  lr = 1.00e-05  time = 13.1s
[e040 s0001/1030] loss = 0.023703
[e040 s0050/1030] loss = 2.509918
[e040 s0100/1030] loss = 4.383664
[e040 s0150/1030] loss = 3.742161
[e040 s0200/1030] loss = 4.453228
[e040 s0250/1030] loss = 4.317254
[e040 s0300/1030] loss = 4.080032
[e040 s0350/1030] loss = 3.817109
[e040 s0400/1030] loss = 3.918065
[e040 s0450/1030] loss = 3.869700
[e040 s0500/1030] loss = 3.665939
[e040 s0550/1030] loss = 3.509480
[e040 s0600/1030] loss = 3.394135
[e040 s0650/1030] loss = 3.270419
[e040 s0700/1030] loss = 3.198389
[e040 s0750/1030] loss = 3.284829
[e040 s0800/1030] loss = 3.205231
[e040 s0850/1030] loss = 3.144623
[e040 s0900/1030] loss = 3.108485
[e040 s0950/1030] loss = 3.103210
[e040 s1000/1030] loss = 3.060890
Epoch 040: train_loss = 3.195496  MAE/GAME0 = 23.245  RMSE = 42.248  GAME1 = 23.245  GAME2 = 23.245  GAME3 = 23.245  lr = 1.00e-05  time = 13.0s
[e041 s0001/1030] loss = 1.082784
[e041 s0050/1030] loss = 2.957841
[e041 s0100/1030] loss = 2.833579
[e041 s0150/1030] loss = 4.431838
[e041 s0200/1030] loss = 4.193008
[e041 s0250/1030] loss = 3.966322
[e041 s0300/1030] loss = 4.229100
[e041 s0350/1030] loss = 4.021957
[e041 s0400/1030] loss = 3.817980
[e041 s0450/1030] loss = 3.686830
[e041 s0500/1030] loss = 3.624068
[e041 s0550/1030] loss = 4.334989
[e041 s0600/1030] loss = 4.114834
[e041 s0650/1030] loss = 4.013009
[e041 s0700/1030] loss = 3.950627
[e041 s0750/1030] loss = 3.874419
[e041 s0800/1030] loss = 3.789396
[e041 s0850/1030] loss = 3.688665
[e041 s0900/1030] loss = 3.662160
[e041 s0950/1030] loss = 3.648403
[e041 s1000/1030] loss = 3.549053
Epoch 041: train_loss = 3.518234  MAE/GAME0 = 23.245  RMSE = 42.248  GAME1 = 23.245  GAME2 = 23.245  GAME3 = 23.245  lr = 1.00e-05  time = 13.0s
[e042 s0001/1030] loss = 0.186474
[e042 s0050/1030] loss = 3.272547
[e042 s0100/1030] loss = 2.993935
[e042 s0150/1030] loss = 2.583824
[e042 s0200/1030] loss = 2.402372
[e042 s0250/1030] loss = 2.255037
[e042 s0300/1030] loss = 2.871113
[e042 s0350/1030] loss = 3.375873
[e042 s0400/1030] loss = 3.271644
[e042 s0450/1030] loss = 3.277959
[e042 s0500/1030] loss = 3.197730
[e042 s0550/1030] loss = 3.146907
[e042 s0600/1030] loss = 3.153169
[e042 s0650/1030] loss = 3.107589
[e042 s0700/1030] loss = 3.056135
[e042 s0750/1030] loss = 3.033269
[e042 s0800/1030] loss = 3.035345
[e042 s0850/1030] loss = 2.953785
[e042 s0900/1030] loss = 2.870921
[e042 s0950/1030] loss = 2.875546
[e042 s1000/1030] loss = 2.846177
Epoch 042: train_loss = 2.864312  MAE/GAME0 = 22.889  RMSE = 42.009  GAME1 = 23.029  GAME2 = 23.252  GAME3 = 23.338  lr = 1.00e-05  time = 13.2s
[e043 s0001/1030] loss = 0.277538
[e043 s0050/1030] loss = 5.031098
[e043 s0100/1030] loss = 3.581966
[e043 s0150/1030] loss = 3.351103
[e043 s0200/1030] loss = 2.989665
[e043 s0250/1030] loss = 2.802600
[e043 s0300/1030] loss = 2.880992
[e043 s0350/1030] loss = 3.081241
[e043 s0400/1030] loss = 2.993309
[e043 s0450/1030] loss = 3.007042
[e043 s0500/1030] loss = 2.873541
[e043 s0550/1030] loss = 3.169705
[e043 s0600/1030] loss = 3.131691
[e043 s0650/1030] loss = 3.298170
[e043 s0700/1030] loss = 3.310779
[e043 s0750/1030] loss = 3.303332
[e043 s0800/1030] loss = 3.287259
[e043 s0850/1030] loss = 3.397347
[e043 s0900/1030] loss = 3.291678
[e043 s0950/1030] loss = 3.252897
[e043 s1000/1030] loss = 3.325279
Epoch 043: train_loss = 3.287659  MAE/GAME0 = 23.245  RMSE = 42.248  GAME1 = 23.245  GAME2 = 23.245  GAME3 = 23.245  lr = 1.00e-05  time = 13.1s
[e044 s0001/1030] loss = 2.386605
[e044 s0050/1030] loss = 4.858374
[e044 s0100/1030] loss = 5.489780
[e044 s0150/1030] loss = 4.500920
[e044 s0200/1030] loss = 4.034026
[e044 s0250/1030] loss = 3.633460
[e044 s0300/1030] loss = 4.099378
[e044 s0350/1030] loss = 3.854716
[e044 s0400/1030] loss = 3.746602
[e044 s0450/1030] loss = 3.608803
[e044 s0500/1030] loss = 3.494322
[e044 s0550/1030] loss = 3.508651
[e044 s0600/1030] loss = 3.473244
[e044 s0650/1030] loss = 3.321156
[e044 s0700/1030] loss = 3.419618
[e044 s0750/1030] loss = 3.274375
[e044 s0800/1030] loss = 3.507782
[e044 s0850/1030] loss = 3.401512
[e044 s0900/1030] loss = 3.353328
[e044 s0950/1030] loss = 3.426750
[e044 s1000/1030] loss = 3.393257
Epoch 044: train_loss = 3.418871  MAE/GAME0 = 23.245  RMSE = 42.248  GAME1 = 23.245  GAME2 = 23.245  GAME3 = 23.245  lr = 1.00e-05  time = 13.0s
[e045 s0001/1030] loss = 0.068151
[e045 s0050/1030] loss = 3.413354
[e045 s0100/1030] loss = 3.656755
[e045 s0150/1030] loss = 3.365653
[e045 s0200/1030] loss = 3.353828
[e045 s0250/1030] loss = 3.941600
[e045 s0300/1030] loss = 3.632957
[e045 s0350/1030] loss = 3.463375
[e045 s0400/1030] loss = 3.443608
[e045 s0450/1030] loss = 3.377162
[e045 s0500/1030] loss = 3.202418
[e045 s0550/1030] loss = 3.149684
[e045 s0600/1030] loss = 3.183080
[e045 s0650/1030] loss = 3.231887
[e045 s0700/1030] loss = 3.123288
[e045 s0750/1030] loss = 3.019261
[e045 s0800/1030] loss = 3.016196
[e045 s0850/1030] loss = 3.014153
[e045 s0900/1030] loss = 2.945689
[e045 s0950/1030] loss = 3.026652
[e045 s1000/1030] loss = 3.025793
Epoch 045: train_loss = 3.028639  MAE/GAME0 = 23.245  RMSE = 42.248  GAME1 = 23.245  GAME2 = 23.245  GAME3 = 23.245  lr = 1.00e-05  time = 13.1s
[e046 s0001/1030] loss = 9.725927
[e046 s0050/1030] loss = 3.212407
[e046 s0100/1030] loss = 3.241460
[e046 s0150/1030] loss = 3.147117
[e046 s0200/1030] loss = 2.942500
[e046 s0250/1030] loss = 3.437051
[e046 s0300/1030] loss = 3.121846
[e046 s0350/1030] loss = 3.172708
[e046 s0400/1030] loss = 3.087038
[e046 s0450/1030] loss = 3.107178
[e046 s0500/1030] loss = 2.984433
[e046 s0550/1030] loss = 2.907855
[e046 s0600/1030] loss = 3.067554
[e046 s0650/1030] loss = 3.125962
[e046 s0700/1030] loss = 3.246708
[e046 s0750/1030] loss = 3.491743
[e046 s0800/1030] loss = 3.631120
[e046 s0850/1030] loss = 3.793545
[e046 s0900/1030] loss = 3.764430
[e046 s0950/1030] loss = 3.700486
[e046 s1000/1030] loss = 3.655282
Epoch 046: train_loss = 3.636517  MAE/GAME0 = 23.245  RMSE = 42.248  GAME1 = 23.245  GAME2 = 23.245  GAME3 = 23.245  lr = 1.00e-05  time = 13.0s
[e047 s0001/1030] loss = 20.111813
[e047 s0050/1030] loss = 3.569133
[e047 s0100/1030] loss = 3.073020
[e047 s0150/1030] loss = 2.730137
[e047 s0200/1030] loss = 3.279106
[e047 s0250/1030] loss = 3.214297
[e047 s0300/1030] loss = 2.976975
[e047 s0350/1030] loss = 3.189184
[e047 s0400/1030] loss = 3.151081
[e047 s0450/1030] loss = 2.960083
[e047 s0500/1030] loss = 2.969057
[e047 s0550/1030] loss = 3.076724
[e047 s0600/1030] loss = 3.024420
[e047 s0650/1030] loss = 2.956423
[e047 s0700/1030] loss = 2.958208
[e047 s0750/1030] loss = 3.124470
[e047 s0800/1030] loss = 3.143160
[e047 s0850/1030] loss = 3.262976
[e047 s0900/1030] loss = 3.180757
[e047 s0950/1030] loss = 3.148275
[e047 s1000/1030] loss = 3.113588
Epoch 047: train_loss = 3.083506  MAE/GAME0 = 23.245  RMSE = 42.248  GAME1 = 23.245  GAME2 = 23.245  GAME3 = 23.245  lr = 1.00e-05  time = 13.2s
[e048 s0001/1030] loss = 1.837964
[e048 s0050/1030] loss = 1.721045
[e048 s0100/1030] loss = 1.934629
[e048 s0150/1030] loss = 2.098179
[e048 s0200/1030] loss = 2.057831
[e048 s0250/1030] loss = 2.021877
[e048 s0300/1030] loss = 2.144237
[e048 s0350/1030] loss = 2.306977
[e048 s0400/1030] loss = 2.602743
[e048 s0450/1030] loss = 2.534220
[e048 s0500/1030] loss = 3.370576
[e048 s0550/1030] loss = 3.286131
[e048 s0600/1030] loss = 3.331900
[e048 s0650/1030] loss = 3.313848
[e048 s0700/1030] loss = 3.290022
[e048 s0750/1030] loss = 3.274761
[e048 s0800/1030] loss = 3.182318
[e048 s0850/1030] loss = 3.125738
[e048 s0900/1030] loss = 3.084280
[e048 s0950/1030] loss = 3.014256
[e048 s1000/1030] loss = 3.210096
Epoch 048: train_loss = 3.213419  MAE/GAME0 = 23.245  RMSE = 42.248  GAME1 = 23.245  GAME2 = 23.245  GAME3 = 23.245  lr = 1.00e-05  time = 13.0s
[e049 s0001/1030] loss = 3.446727
[e049 s0050/1030] loss = 1.893456
[e049 s0100/1030] loss = 3.068889
[e049 s0150/1030] loss = 2.559678
[e049 s0200/1030] loss = 2.677572
[e049 s0250/1030] loss = 2.502776
[e049 s0300/1030] loss = 2.541457
[e049 s0350/1030] loss = 2.393925
[e049 s0400/1030] loss = 2.932966
[e049 s0450/1030] loss = 2.919195
[e049 s0500/1030] loss = 2.902287
[e049 s0550/1030] loss = 2.841556
[e049 s0600/1030] loss = 2.819693
[e049 s0650/1030] loss = 3.181116
[e049 s0700/1030] loss = 3.113683
[e049 s0750/1030] loss = 3.057953
[e049 s0800/1030] loss = 2.952186
[e049 s0850/1030] loss = 3.095333
[e049 s0900/1030] loss = 3.010556
[e049 s0950/1030] loss = 2.995830
[e049 s1000/1030] loss = 3.006955
Epoch 049: train_loss = 2.964126  MAE/GAME0 = 23.245  RMSE = 42.248  GAME1 = 23.245  GAME2 = 23.245  GAME3 = 23.245  lr = 1.00e-05  time = 13.0s
[e050 s0001/1030] loss = 0.663748
[e050 s0050/1030] loss = 4.119550
[e050 s0100/1030] loss = 3.740401
[e050 s0150/1030] loss = 3.320842
[e050 s0200/1030] loss = 3.646305
[e050 s0250/1030] loss = 4.301810
[e050 s0300/1030] loss = 4.068478
[e050 s0350/1030] loss = 3.960880
[e050 s0400/1030] loss = 3.715920
[e050 s0450/1030] loss = 3.477165
[e050 s0500/1030] loss = 3.426549
[e050 s0550/1030] loss = 3.495712
[e050 s0600/1030] loss = 3.399016
[e050 s0650/1030] loss = 3.304386
[e050 s0700/1030] loss = 3.337442
[e050 s0750/1030] loss = 3.326593
[e050 s0800/1030] loss = 3.403908
[e050 s0850/1030] loss = 3.377194
[e050 s0900/1030] loss = 3.373561
[e050 s0950/1030] loss = 3.559210
[e050 s1000/1030] loss = 3.512884
Epoch 050: train_loss = 3.458481  MAE/GAME0 = 23.245  RMSE = 42.248  GAME1 = 23.245  GAME2 = 23.245  GAME3 = 23.245  lr = 1.00e-05  time = 13.1s
[e051 s0001/1030] loss = 4.561591
[e051 s0050/1030] loss = 3.225886
[e051 s0100/1030] loss = 2.579130
[e051 s0150/1030] loss = 2.423216
[e051 s0200/1030] loss = 2.314495
[e051 s0250/1030] loss = 3.233008
[e051 s0300/1030] loss = 3.029266
[e051 s0350/1030] loss = 3.191169
[e051 s0400/1030] loss = 3.146356
[e051 s0450/1030] loss = 3.008472
[e051 s0500/1030] loss = 2.976424
[e051 s0550/1030] loss = 3.447744
[e051 s0600/1030] loss = 3.293411
[e051 s0650/1030] loss = 3.250486
[e051 s0700/1030] loss = 3.269140
[e051 s0750/1030] loss = 3.251851
[e051 s0800/1030] loss = 3.212092
[e051 s0850/1030] loss = 3.141535
[e051 s0900/1030] loss = 3.173739
[e051 s0950/1030] loss = 3.090512
[e051 s1000/1030] loss = 3.032192
Epoch 051: train_loss = 3.053359  MAE/GAME0 = 23.245  RMSE = 42.248  GAME1 = 23.245  GAME2 = 23.245  GAME3 = 23.245  lr = 1.00e-05  time = 12.9s
[e052 s0001/1030] loss = 0.000000
[e052 s0050/1030] loss = 3.018261
[e052 s0100/1030] loss = 2.653606
[e052 s0150/1030] loss = 4.090312
[e052 s0200/1030] loss = 3.575957
[e052 s0250/1030] loss = 3.637840
[e052 s0300/1030] loss = 3.526141
[e052 s0350/1030] loss = 3.349646
[e052 s0400/1030] loss = 3.266241
[e052 s0450/1030] loss = 3.173387
[e052 s0500/1030] loss = 3.178826
[e052 s0550/1030] loss = 3.132515
[e052 s0600/1030] loss = 3.766622
[e052 s0650/1030] loss = 3.743890
[e052 s0700/1030] loss = 3.738867
[e052 s0750/1030] loss = 3.626656
[e052 s0800/1030] loss = 3.734714
[e052 s0850/1030] loss = 3.704745
[e052 s0900/1030] loss = 3.739827
[e052 s0950/1030] loss = 3.655824
[e052 s1000/1030] loss = 3.625729
Epoch 052: train_loss = 3.575593  MAE/GAME0 = 23.245  RMSE = 42.248  GAME1 = 23.245  GAME2 = 23.245  GAME3 = 23.245  lr = 1.00e-05  time = 13.0s
[e053 s0001/1030] loss = 0.079012
[e053 s0050/1030] loss = 5.527614
[e053 s0100/1030] loss = 3.815105
[e053 s0150/1030] loss = 3.346163
[e053 s0200/1030] loss = 2.970961
[e053 s0250/1030] loss = 2.778213
[e053 s0300/1030] loss = 2.777831
[e053 s0350/1030] loss = 3.363763
[e053 s0400/1030] loss = 3.414529
[e053 s0450/1030] loss = 3.229197
[e053 s0500/1030] loss = 3.460740
[e053 s0550/1030] loss = 3.400947
[e053 s0600/1030] loss = 3.264116
[e053 s0650/1030] loss = 3.138762
[e053 s0700/1030] loss = 3.061423
[e053 s0750/1030] loss = 3.074963
[e053 s0800/1030] loss = 3.179745
[e053 s0850/1030] loss = 3.168365
[e053 s0900/1030] loss = 3.363638
[e053 s0950/1030] loss = 3.443049
[e053 s1000/1030] loss = 3.424040
Epoch 053: train_loss = 3.365180  MAE/GAME0 = 23.245  RMSE = 42.248  GAME1 = 23.245  GAME2 = 23.245  GAME3 = 23.245  lr = 1.00e-05  time = 13.1s
[e054 s0001/1030] loss = 0.501709
[e054 s0050/1030] loss = 2.701561
[e054 s0100/1030] loss = 2.518391
[e054 s0150/1030] loss = 3.116916
[e054 s0200/1030] loss = 3.096527
[e054 s0250/1030] loss = 3.212326
[e054 s0300/1030] loss = 2.998334
[e054 s0350/1030] loss = 2.969628
[e054 s0400/1030] loss = 3.434384
[e054 s0450/1030] loss = 3.324602
[e054 s0500/1030] loss = 3.246694
[e054 s0550/1030] loss = 3.103681
[e054 s0600/1030] loss = 3.037463
[e054 s0650/1030] loss = 2.996882
[e054 s0700/1030] loss = 2.930458
[e054 s0750/1030] loss = 2.880162
[e054 s0800/1030] loss = 2.829133
[e054 s0850/1030] loss = 2.946192
[e054 s0900/1030] loss = 2.916426
[e054 s0950/1030] loss = 2.876900
[e054 s1000/1030] loss = 2.921102
Epoch 054: train_loss = 2.866442  MAE/GAME0 = 23.245  RMSE = 42.248  GAME1 = 23.245  GAME2 = 23.245  GAME3 = 23.245  lr = 1.00e-05  time = 13.0s
[e055 s0001/1030] loss = 0.215981
[e055 s0050/1030] loss = 3.261092
[e055 s0100/1030] loss = 3.594187
[e055 s0150/1030] loss = 3.320735
[e055 s0200/1030] loss = 3.185880
[e055 s0250/1030] loss = 3.074517
[e055 s0300/1030] loss = 3.532297
[e055 s0350/1030] loss = 3.429791
[e055 s0400/1030] loss = 3.204090
[e055 s0450/1030] loss = 3.429289
[e055 s0500/1030] loss = 3.498312
[e055 s0550/1030] loss = 3.860435
[e055 s0600/1030] loss = 3.660774
[e055 s0650/1030] loss = 3.545870
[e055 s0700/1030] loss = 3.664408
[e055 s0750/1030] loss = 3.555014
[e055 s0800/1030] loss = 3.536149
[e055 s0850/1030] loss = 3.510931
[e055 s0900/1030] loss = 3.449993
[e055 s0950/1030] loss = 3.440785
[e055 s1000/1030] loss = 3.361369
Epoch 055: train_loss = 3.314223  MAE/GAME0 = 23.245  RMSE = 42.248  GAME1 = 23.245  GAME2 = 23.245  GAME3 = 23.245  lr = 1.00e-05  time = 13.3s
[e056 s0001/1030] loss = 0.250268
[e056 s0050/1030] loss = 9.932768
[e056 s0100/1030] loss = 6.890157
[e056 s0150/1030] loss = 6.446494
[e056 s0200/1030] loss = 5.234722
[e056 s0250/1030] loss = 5.443266
[e056 s0300/1030] loss = 4.790457
[e056 s0350/1030] loss = 4.318797
[e056 s0400/1030] loss = 4.014285
[e056 s0450/1030] loss = 3.825253
[e056 s0500/1030] loss = 3.743988
[e056 s0550/1030] loss = 3.604535
[e056 s0600/1030] loss = 3.536815
[e056 s0650/1030] loss = 3.442213
[e056 s0700/1030] loss = 3.498633
[e056 s0750/1030] loss = 3.666767
[e056 s0800/1030] loss = 3.613283
[e056 s0850/1030] loss = 3.718964
[e056 s0900/1030] loss = 3.701550
[e056 s0950/1030] loss = 3.629733
[e056 s1000/1030] loss = 3.570056
Epoch 056: train_loss = 3.531607  MAE/GAME0 = 23.245  RMSE = 42.248  GAME1 = 23.245  GAME2 = 23.245  GAME3 = 23.245  lr = 1.00e-05  time = 13.1s
[e057 s0001/1030] loss = 0.521865
[e057 s0050/1030] loss = 2.235667
[e057 s0100/1030] loss = 2.165241
[e057 s0150/1030] loss = 2.167137
[e057 s0200/1030] loss = 2.182749
[e057 s0250/1030] loss = 2.281079
[e057 s0300/1030] loss = 2.346375
[e057 s0350/1030] loss = 2.554379
[e057 s0400/1030] loss = 2.741153
[e057 s0450/1030] loss = 2.723018
[e057 s0500/1030] loss = 2.636032
[e057 s0550/1030] loss = 2.748327
[e057 s0600/1030] loss = 2.739216
[e057 s0650/1030] loss = 3.037124
[e057 s0700/1030] loss = 2.974029
[e057 s0750/1030] loss = 3.026657
[e057 s0800/1030] loss = 3.021257
[e057 s0850/1030] loss = 2.966272
[e057 s0900/1030] loss = 2.998946
[e057 s0950/1030] loss = 2.974704
[e057 s1000/1030] loss = 3.072411
Epoch 057: train_loss = 3.249978  MAE/GAME0 = 23.245  RMSE = 42.248  GAME1 = 23.245  GAME2 = 23.245  GAME3 = 23.245  lr = 1.00e-05  time = 13.3s
[e058 s0001/1030] loss = 0.023637
[e058 s0050/1030] loss = 4.680325
[e058 s0100/1030] loss = 3.425037
[e058 s0150/1030] loss = 2.872775
[e058 s0200/1030] loss = 3.502184
[e058 s0250/1030] loss = 3.216685
[e058 s0300/1030] loss = 3.659090
[e058 s0350/1030] loss = 3.705578
[e058 s0400/1030] loss = 3.572184
[e058 s0450/1030] loss = 3.489560
[e058 s0500/1030] loss = 3.298645
[e058 s0550/1030] loss = 3.281568
[e058 s0600/1030] loss = 3.239541
[e058 s0650/1030] loss = 3.138497
[e058 s0700/1030] loss = 3.085440
[e058 s0750/1030] loss = 3.028154
[e058 s0800/1030] loss = 2.950271
[e058 s0850/1030] loss = 2.945966
[e058 s0900/1030] loss = 3.272498
[e058 s0950/1030] loss = 3.224811
[e058 s1000/1030] loss = 3.274341
Epoch 058: train_loss = 3.287745  MAE/GAME0 = 23.245  RMSE = 42.248  GAME1 = 23.245  GAME2 = 23.245  GAME3 = 23.245  lr = 1.00e-05  time = 13.1s
[e059 s0001/1030] loss = 1.098813
[e059 s0050/1030] loss = 1.404819
[e059 s0100/1030] loss = 2.205446
[e059 s0150/1030] loss = 2.442313
[e059 s0200/1030] loss = 3.184389
[e059 s0250/1030] loss = 3.288935
[e059 s0300/1030] loss = 3.516461
[e059 s0350/1030] loss = 3.340386
[e059 s0400/1030] loss = 3.335628
[e059 s0450/1030] loss = 3.247745
[e059 s0500/1030] loss = 3.207231
[e059 s0550/1030] loss = 3.118770
[e059 s0600/1030] loss = 2.984283
[e059 s0650/1030] loss = 3.233384
[e059 s0700/1030] loss = 3.211053
[e059 s0750/1030] loss = 3.102781
[e059 s0800/1030] loss = 3.170079
[e059 s0850/1030] loss = 3.243507
[e059 s0900/1030] loss = 3.364482
[e059 s0950/1030] loss = 3.378099
[e059 s1000/1030] loss = 3.430614
Epoch 059: train_loss = 3.429046  MAE/GAME0 = 23.245  RMSE = 42.248  GAME1 = 23.245  GAME2 = 23.245  GAME3 = 23.245  lr = 1.00e-05  time = 13.0s
[e060 s0001/1030] loss = 1.394784
[e060 s0050/1030] loss = 5.349116
[e060 s0100/1030] loss = 3.260830
[e060 s0150/1030] loss = 3.168973
[e060 s0200/1030] loss = 4.116220
[e060 s0250/1030] loss = 3.747706
[e060 s0300/1030] loss = 3.974893
[e060 s0350/1030] loss = 3.798031
[e060 s0400/1030] loss = 4.379196
[e060 s0450/1030] loss = 4.117252
[e060 s0500/1030] loss = 3.962473
[e060 s0550/1030] loss = 3.852288
[e060 s0600/1030] loss = 3.791949
[e060 s0650/1030] loss = 3.693522
[e060 s0700/1030] loss = 3.527751
[e060 s0750/1030] loss = 3.454184
[e060 s0800/1030] loss = 3.361979
[e060 s0850/1030] loss = 3.296182
[e060 s0900/1030] loss = 3.226285
[e060 s0950/1030] loss = 3.212015
[e060 s1000/1030] loss = 3.180907
Epoch 060: train_loss = 3.154902  MAE/GAME0 = 23.245  RMSE = 42.248  GAME1 = 23.245  GAME2 = 23.245  GAME3 = 23.245  lr = 1.00e-05  time = 13.0s
[e061 s0001/1030] loss = 2.027971
[e061 s0050/1030] loss = 3.574417
[e061 s0100/1030] loss = 3.691320
[e061 s0150/1030] loss = 3.333944
[e061 s0200/1030] loss = 3.097576
[e061 s0250/1030] loss = 2.927959
[e061 s0300/1030] loss = 2.854374
[e061 s0350/1030] loss = 2.699630
[e061 s0400/1030] loss = 2.769927
[e061 s0450/1030] loss = 2.731638
[e061 s0500/1030] loss = 2.697979
[e061 s0550/1030] loss = 2.675684
[e061 s0600/1030] loss = 3.303505
[e061 s0650/1030] loss = 3.310675
[e061 s0700/1030] loss = 3.207820
[e061 s0750/1030] loss = 3.503895
[e061 s0800/1030] loss = 3.436950
[e061 s0850/1030] loss = 3.453021
[e061 s0900/1030] loss = 3.392808
[e061 s0950/1030] loss = 3.366126
[e061 s1000/1030] loss = 3.387755
Epoch 061: train_loss = 3.393926  MAE/GAME0 = 23.245  RMSE = 42.248  GAME1 = 23.245  GAME2 = 23.245  GAME3 = 23.245  lr = 1.00e-05  time = 13.1s
[e062 s0001/1030] loss = 0.867823
[e062 s0050/1030] loss = 3.276208
[e062 s0100/1030] loss = 5.048526
[e062 s0150/1030] loss = 4.079689
[e062 s0200/1030] loss = 3.719140
[e062 s0250/1030] loss = 3.340182
[e062 s0300/1030] loss = 3.060711
[e062 s0350/1030] loss = 2.795386
[e062 s0400/1030] loss = 2.771880
[e062 s0450/1030] loss = 2.723879
[e062 s0500/1030] loss = 2.640281
[e062 s0550/1030] loss = 2.717327
[e062 s0600/1030] loss = 2.599280
[e062 s0650/1030] loss = 2.593349
[e062 s0700/1030] loss = 3.029949
[e062 s0750/1030] loss = 3.150466
[e062 s0800/1030] loss = 3.163006
[e062 s0850/1030] loss = 3.356225
[e062 s0900/1030] loss = 3.444142
[e062 s0950/1030] loss = 3.383017
[e062 s1000/1030] loss = 3.377177
Epoch 062: train_loss = 3.379261  MAE/GAME0 = 23.245  RMSE = 42.248  GAME1 = 23.245  GAME2 = 23.245  GAME3 = 23.245  lr = 1.00e-05  time = 13.0s
[e063 s0001/1030] loss = 0.000000
[e063 s0050/1030] loss = 5.861438
[e063 s0100/1030] loss = 3.695699
[e063 s0150/1030] loss = 4.345292
[e063 s0200/1030] loss = 4.122273
[e063 s0250/1030] loss = 3.781619
[e063 s0300/1030] loss = 3.438475
[e063 s0350/1030] loss = 3.155825
[e063 s0400/1030] loss = 3.063542
[e063 s0450/1030] loss = 3.319405
[e063 s0500/1030] loss = 4.116910
[e063 s0550/1030] loss = 3.858677
[e063 s0600/1030] loss = 3.707842
[e063 s0650/1030] loss = 3.670368
[e063 s0700/1030] loss = 3.736844
[e063 s0750/1030] loss = 3.791179
[e063 s0800/1030] loss = 3.806911
[e063 s0850/1030] loss = 3.696783
[e063 s0900/1030] loss = 3.579260
[e063 s0950/1030] loss = 3.523075
[e063 s1000/1030] loss = 3.461158
Epoch 063: train_loss = 3.486008  MAE/GAME0 = 23.245  RMSE = 42.248  GAME1 = 23.245  GAME2 = 23.245  GAME3 = 23.245  lr = 1.00e-05  time = 13.1s
[e064 s0001/1030] loss = 6.287578
[e064 s0050/1030] loss = 2.018837
[e064 s0100/1030] loss = 2.259210
[e064 s0150/1030] loss = 2.362583
[e064 s0200/1030] loss = 2.297975
[e064 s0250/1030] loss = 2.429604
[e064 s0300/1030] loss = 2.424138
[e064 s0350/1030] loss = 2.497622
[e064 s0400/1030] loss = 2.421342
[e064 s0450/1030] loss = 2.604322
[e064 s0500/1030] loss = 2.535259
[e064 s0550/1030] loss = 2.519702
[e064 s0600/1030] loss = 2.591347
[e064 s0650/1030] loss = 2.667506
[e064 s0700/1030] loss = 3.194269
[e064 s0750/1030] loss = 3.171007
[e064 s0800/1030] loss = 3.083637
[e064 s0850/1030] loss = 2.998799
[e064 s0900/1030] loss = 3.044448
[e064 s0950/1030] loss = 3.059869
[e064 s1000/1030] loss = 3.002122
Epoch 064: train_loss = 2.959912  MAE/GAME0 = 23.245  RMSE = 42.248  GAME1 = 23.245  GAME2 = 23.245  GAME3 = 23.245  lr = 1.00e-05  time = 13.1s
[e065 s0001/1030] loss = 0.023987
[e065 s0050/1030] loss = 7.121557
[e065 s0100/1030] loss = 5.543199
[e065 s0150/1030] loss = 4.330321
[e065 s0200/1030] loss = 3.736231
[e065 s0250/1030] loss = 3.444126
[e065 s0300/1030] loss = 3.388336
[e065 s0350/1030] loss = 3.425784
[e065 s0400/1030] loss = 3.206232
[e065 s0450/1030] loss = 3.170952
[e065 s0500/1030] loss = 3.199994
[e065 s0550/1030] loss = 3.374257
[e065 s0600/1030] loss = 3.424906
[e065 s0650/1030] loss = 3.399301
[e065 s0700/1030] loss = 3.335647
[e065 s0750/1030] loss = 3.368151
[e065 s0800/1030] loss = 3.334505
[e065 s0850/1030] loss = 3.275487
[e065 s0900/1030] loss = 3.219984
[e065 s0950/1030] loss = 3.226318
[e065 s1000/1030] loss = 3.183637
Epoch 065: train_loss = 3.165204  MAE/GAME0 = 23.244  RMSE = 42.247  GAME1 = 23.244  GAME2 = 23.245  GAME3 = 23.245  lr = 1.00e-05  time = 13.0s
[e066 s0001/1030] loss = 0.732448
[e066 s0050/1030] loss = 2.249652
[e066 s0100/1030] loss = 2.320668
[e066 s0150/1030] loss = 2.497852
[e066 s0200/1030] loss = 2.421006
[e066 s0250/1030] loss = 2.341776
[e066 s0300/1030] loss = 2.367828
[e066 s0350/1030] loss = 3.710250
[e066 s0400/1030] loss = 3.547283
[e066 s0450/1030] loss = 3.301048
[e066 s0500/1030] loss = 3.561184
[e066 s0550/1030] loss = 3.545729
[e066 s0600/1030] loss = 3.655092
[e066 s0650/1030] loss = 3.570677
[e066 s0700/1030] loss = 3.563146
[e066 s0750/1030] loss = 3.617356
[e066 s0800/1030] loss = 3.493440
[e066 s0850/1030] loss = 3.402999
[e066 s0900/1030] loss = 3.377046
[e066 s0950/1030] loss = 3.275514
[e066 s1000/1030] loss = 3.248821
Epoch 066: train_loss = 3.201191  MAE/GAME0 = 18.951  RMSE = 39.666  GAME1 = 20.629  GAME2 = 22.376  GAME3 = 23.111  lr = 1.00e-05  time = 13.0s
[e067 s0001/1030] loss = 0.030078
[e067 s0050/1030] loss = 1.646070
[e067 s0100/1030] loss = 2.676156
[e067 s0150/1030] loss = 2.483438
[e067 s0200/1030] loss = 2.548994
[e067 s0250/1030] loss = 2.325274
[e067 s0300/1030] loss = 2.588604
[e067 s0350/1030] loss = 2.538180
[e067 s0400/1030] loss = 2.537091
[e067 s0450/1030] loss = 2.416457
[e067 s0500/1030] loss = 2.814270
[e067 s0550/1030] loss = 2.816875
[e067 s0600/1030] loss = 2.740145
[e067 s0650/1030] loss = 2.734884
[e067 s0700/1030] loss = 2.720104
[e067 s0750/1030] loss = 2.784729
[e067 s0800/1030] loss = 2.778020
[e067 s0850/1030] loss = 2.761734
[e067 s0900/1030] loss = 2.790993
[e067 s0950/1030] loss = 2.744062
[e067 s1000/1030] loss = 2.704549
Epoch 067: train_loss = 2.665173  MAE/GAME0 = 21.331  RMSE = 41.076  GAME1 = 21.722  GAME2 = 22.314  GAME3 = 22.617  lr = 1.00e-05  time = 13.0s
[e068 s0001/1030] loss = 2.745101
[e068 s0050/1030] loss = 6.595954
[e068 s0100/1030] loss = 4.248651
[e068 s0150/1030] loss = 3.506486
[e068 s0200/1030] loss = 3.080877
[e068 s0250/1030] loss = 2.851232
[e068 s0300/1030] loss = 2.728703
[e068 s0350/1030] loss = 2.500473
[e068 s0400/1030] loss = 2.360016
[e068 s0450/1030] loss = 2.295481
[e068 s0500/1030] loss = 2.297972
[e068 s0550/1030] loss = 2.265731
[e068 s0600/1030] loss = 2.197778
[e068 s0650/1030] loss = 2.161814
[e068 s0700/1030] loss = 2.286110
[e068 s0750/1030] loss = 2.265041
[e068 s0800/1030] loss = 2.598435
[e068 s0850/1030] loss = 2.601073
[e068 s0900/1030] loss = 2.587146
[e068 s0950/1030] loss = 2.599516
[e068 s1000/1030] loss = 2.518193
Epoch 068: train_loss = 2.490141  MAE/GAME0 = 14.720  RMSE = 35.228  GAME1 = 18.149  GAME2 = 20.746  GAME3 = 22.248  lr = 1.00e-05  time = 13.0s
[e069 s0001/1030] loss = 1.367460
[e069 s0050/1030] loss = 2.494803
[e069 s0100/1030] loss = 2.310904
[e069 s0150/1030] loss = 2.359204
[e069 s0200/1030] loss = 2.826800
[e069 s0250/1030] loss = 2.533257
[e069 s0300/1030] loss = 2.450881
[e069 s0350/1030] loss = 3.487373
[e069 s0400/1030] loss = 3.261985
[e069 s0450/1030] loss = 3.111243
[e069 s0500/1030] loss = 3.069677
[e069 s0550/1030] loss = 3.096736
[e069 s0600/1030] loss = 3.190518
[e069 s0650/1030] loss = 3.162668
[e069 s0700/1030] loss = 3.073622
[e069 s0750/1030] loss = 3.053876
[e069 s0800/1030] loss = 2.964731
[e069 s0850/1030] loss = 2.864562
[e069 s0900/1030] loss = 2.853563
[e069 s0950/1030] loss = 2.790873
[e069 s1000/1030] loss = 2.734268
Epoch 069: train_loss = 2.701983  MAE/GAME0 = 14.584  RMSE = 35.771  GAME1 = 17.902  GAME2 = 20.476  GAME3 = 21.944  lr = 1.00e-05  time = 13.0s
[e070 s0001/1030] loss = 0.166254
[e070 s0050/1030] loss = 1.320373
[e070 s0100/1030] loss = 1.248082
[e070 s0150/1030] loss = 1.258943
[e070 s0200/1030] loss = 1.393733
[e070 s0250/1030] loss = 1.548684
[e070 s0300/1030] loss = 1.577756
[e070 s0350/1030] loss = 1.710114
[e070 s0400/1030] loss = 1.789668
[e070 s0450/1030] loss = 2.285726
[e070 s0500/1030] loss = 2.504521
[e070 s0550/1030] loss = 2.589380
[e070 s0600/1030] loss = 2.456507
[e070 s0650/1030] loss = 2.490501
[e070 s0700/1030] loss = 2.482279
[e070 s0750/1030] loss = 2.493153
[e070 s0800/1030] loss = 2.404314
[e070 s0850/1030] loss = 2.356278
[e070 s0900/1030] loss = 2.357681
[e070 s0950/1030] loss = 2.417580
[e070 s1000/1030] loss = 2.418667
Epoch 070: train_loss = 2.417328  MAE/GAME0 = 17.735  RMSE = 35.253  GAME1 = 21.038  GAME2 = 23.860  GAME3 = 25.567  lr = 1.00e-05  time = 13.0s
[e071 s0001/1030] loss = 0.510730
[e071 s0050/1030] loss = 1.321719
[e071 s0100/1030] loss = 2.119885
[e071 s0150/1030] loss = 2.213942
[e071 s0200/1030] loss = 2.147968
[e071 s0250/1030] loss = 1.973127
[e071 s0300/1030] loss = 2.498615
[e071 s0350/1030] loss = 2.561654
[e071 s0400/1030] loss = 2.460583
[e071 s0450/1030] loss = 2.436994
[e071 s0500/1030] loss = 2.346279
[e071 s0550/1030] loss = 2.269490
[e071 s0600/1030] loss = 2.171309
[e071 s0650/1030] loss = 2.179637
[e071 s0700/1030] loss = 2.632151
[e071 s0750/1030] loss = 2.552828
[e071 s0800/1030] loss = 2.505736
[e071 s0850/1030] loss = 2.511422
[e071 s0900/1030] loss = 2.460768
[e071 s0950/1030] loss = 2.403682
[e071 s1000/1030] loss = 2.386830
Epoch 071: train_loss = 2.369291  MAE/GAME0 = 14.992  RMSE = 35.544  GAME1 = 18.323  GAME2 = 21.157  GAME3 = 22.690  lr = 1.00e-05  time = 13.0s
[e072 s0001/1030] loss = 1.233088
[e072 s0050/1030] loss = 1.631164
[e072 s0100/1030] loss = 3.227067
[e072 s0150/1030] loss = 3.043870
[e072 s0200/1030] loss = 2.623911
[e072 s0250/1030] loss = 2.454623
[e072 s0300/1030] loss = 2.263231
[e072 s0350/1030] loss = 2.138864
[e072 s0400/1030] loss = 2.167473
[e072 s0450/1030] loss = 2.844409
[e072 s0500/1030] loss = 2.666086
[e072 s0550/1030] loss = 2.602409
[e072 s0600/1030] loss = 2.494547
[e072 s0650/1030] loss = 2.406506
[e072 s0700/1030] loss = 2.482145
[e072 s0750/1030] loss = 2.398551
[e072 s0800/1030] loss = 2.348858
[e072 s0850/1030] loss = 2.328389
[e072 s0900/1030] loss = 2.308277
[e072 s0950/1030] loss = 2.252040
[e072 s1000/1030] loss = 2.205861
Epoch 072: train_loss = 2.182580  MAE/GAME0 = 13.632  RMSE = 35.671  GAME1 = 16.880  GAME2 = 19.380  GAME3 = 20.689  lr = 1.00e-05  time = 13.1s
[e073 s0001/1030] loss = 3.978908
[e073 s0050/1030] loss = 1.006444
[e073 s0100/1030] loss = 1.227108
[e073 s0150/1030] loss = 1.282441
[e073 s0200/1030] loss = 1.471665
[e073 s0250/1030] loss = 1.529004
[e073 s0300/1030] loss = 1.577235
[e073 s0350/1030] loss = 1.516839
[e073 s0400/1030] loss = 1.901517
[e073 s0450/1030] loss = 1.952953
[e073 s0500/1030] loss = 1.908374
[e073 s0550/1030] loss = 2.188558
[e073 s0600/1030] loss = 2.157450
[e073 s0650/1030] loss = 2.135029
[e073 s0700/1030] loss = 2.319075
[e073 s0750/1030] loss = 2.264790
[e073 s0800/1030] loss = 2.269515
[e073 s0850/1030] loss = 2.243327
[e073 s0900/1030] loss = 2.196601
[e073 s0950/1030] loss = 2.147815
[e073 s1000/1030] loss = 2.105757
Epoch 073: train_loss = 2.087058  MAE/GAME0 = 16.396  RMSE = 35.194  GAME1 = 19.642  GAME2 = 22.454  GAME3 = 24.009  lr = 1.00e-05  time = 13.1s
[e074 s0001/1030] loss = 0.604547
[e074 s0050/1030] loss = 1.972279
[e074 s0100/1030] loss = 1.847991
[e074 s0150/1030] loss = 2.026963
[e074 s0200/1030] loss = 1.982248
[e074 s0250/1030] loss = 1.895739
[e074 s0300/1030] loss = 1.833621
[e074 s0350/1030] loss = 1.913931
[e074 s0400/1030] loss = 1.802907
[e074 s0450/1030] loss = 1.729561
[e074 s0500/1030] loss = 1.837416
[e074 s0550/1030] loss = 1.869385
[e074 s0600/1030] loss = 1.930361
[e074 s0650/1030] loss = 1.892866
[e074 s0700/1030] loss = 1.887991
[e074 s0750/1030] loss = 2.065120
[e074 s0800/1030] loss = 2.040229
[e074 s0850/1030] loss = 1.960511
[e074 s0900/1030] loss = 1.907882
[e074 s0950/1030] loss = 1.883011
[e074 s1000/1030] loss = 1.924234
Epoch 074: train_loss = 1.940862  MAE/GAME0 = 14.468  RMSE = 36.904  GAME1 = 16.920  GAME2 = 19.028  GAME3 = 20.169  lr = 1.00e-05  time = 13.0s
[e075 s0001/1030] loss = 6.844607
[e075 s0050/1030] loss = 1.677204
[e075 s0100/1030] loss = 1.256646
[e075 s0150/1030] loss = 1.433953
[e075 s0200/1030] loss = 1.814235
[e075 s0250/1030] loss = 1.651994
[e075 s0300/1030] loss = 1.644832
[e075 s0350/1030] loss = 1.593989
[e075 s0400/1030] loss = 1.703324
[e075 s0450/1030] loss = 1.619410
[e075 s0500/1030] loss = 1.613425
[e075 s0550/1030] loss = 1.673444
[e075 s0600/1030] loss = 2.368344
[e075 s0650/1030] loss = 2.315809
[e075 s0700/1030] loss = 2.419889
[e075 s0750/1030] loss = 2.351411
[e075 s0800/1030] loss = 2.284043
[e075 s0850/1030] loss = 2.231454
[e075 s0900/1030] loss = 2.186092
[e075 s0950/1030] loss = 2.208170
[e075 s1000/1030] loss = 2.144159
Epoch 075: train_loss = 2.138781  MAE/GAME0 = 17.482  RMSE = 35.556  GAME1 = 20.474  GAME2 = 23.247  GAME3 = 24.751  lr = 1.00e-05  time = 13.1s
[e076 s0001/1030] loss = 0.706809
[e076 s0050/1030] loss = 2.611362
[e076 s0100/1030] loss = 2.377891
[e076 s0150/1030] loss = 3.362029
[e076 s0200/1030] loss = 2.837974
[e076 s0250/1030] loss = 2.568479
[e076 s0300/1030] loss = 2.345330
[e076 s0350/1030] loss = 2.264268
[e076 s0400/1030] loss = 2.168526
[e076 s0450/1030] loss = 2.108855
[e076 s0500/1030] loss = 2.130714
[e076 s0550/1030] loss = 2.269713
[e076 s0600/1030] loss = 2.279849
[e076 s0650/1030] loss = 2.205190
[e076 s0700/1030] loss = 2.127177
[e076 s0750/1030] loss = 2.099140
[e076 s0800/1030] loss = 2.275890
[e076 s0850/1030] loss = 2.272622
[e076 s0900/1030] loss = 2.256844
[e076 s0950/1030] loss = 2.188660
[e076 s1000/1030] loss = 2.145221
Epoch 076: train_loss = 2.210049  MAE/GAME0 = 14.901  RMSE = 37.273  GAME1 = 16.440  GAME2 = 18.033  GAME3 = 18.841  lr = 1.00e-05  time = 13.0s
[e077 s0001/1030] loss = 0.305239
[e077 s0050/1030] loss = 2.992453
[e077 s0100/1030] loss = 2.363514
[e077 s0150/1030] loss = 2.004475
[e077 s0200/1030] loss = 1.855817
[e077 s0250/1030] loss = 1.695095
[e077 s0300/1030] loss = 1.655136
[e077 s0350/1030] loss = 1.731631
[e077 s0400/1030] loss = 1.701625
[e077 s0450/1030] loss = 2.165008
[e077 s0500/1030] loss = 2.148166
[e077 s0550/1030] loss = 2.150628
[e077 s0600/1030] loss = 2.081680
[e077 s0650/1030] loss = 2.085082
[e077 s0700/1030] loss = 2.059915
[e077 s0750/1030] loss = 2.083419
[e077 s0800/1030] loss = 2.145613
[e077 s0850/1030] loss = 2.101913
[e077 s0900/1030] loss = 2.063557
[e077 s0950/1030] loss = 2.010170
[e077 s1000/1030] loss = 2.143426
Epoch 077: train_loss = 2.163538  MAE/GAME0 = 13.467  RMSE = 36.041  GAME1 = 15.857  GAME2 = 18.275  GAME3 = 19.469  lr = 1.00e-05  time = 13.1s
[e078 s0001/1030] loss = 0.035016
[e078 s0050/1030] loss = 1.584310
[e078 s0100/1030] loss = 1.626271
[e078 s0150/1030] loss = 2.457550
[e078 s0200/1030] loss = 2.027430
[e078 s0250/1030] loss = 1.797662
[e078 s0300/1030] loss = 1.865841
[e078 s0350/1030] loss = 2.035269
[e078 s0400/1030] loss = 1.925672
[e078 s0450/1030] loss = 1.825835
[e078 s0500/1030] loss = 1.759288
[e078 s0550/1030] loss = 1.713341
[e078 s0600/1030] loss = 1.694780
[e078 s0650/1030] loss = 1.697048
[e078 s0700/1030] loss = 1.699465
[e078 s0750/1030] loss = 1.711468
[e078 s0800/1030] loss = 1.719829
[e078 s0850/1030] loss = 1.698202
[e078 s0900/1030] loss = 1.669901
[e078 s0950/1030] loss = 1.726088
[e078 s1000/1030] loss = 1.738743
Epoch 078: train_loss = 1.750642  MAE/GAME0 = 16.415  RMSE = 35.739  GAME1 = 18.971  GAME2 = 21.693  GAME3 = 23.064  lr = 1.00e-05  time = 13.1s
[e079 s0001/1030] loss = 0.901942
[e079 s0050/1030] loss = 1.659972
[e079 s0100/1030] loss = 2.139047
[e079 s0150/1030] loss = 1.852290
[e079 s0200/1030] loss = 1.788501
[e079 s0250/1030] loss = 1.804439
[e079 s0300/1030] loss = 1.901567
[e079 s0350/1030] loss = 2.007837
[e079 s0400/1030] loss = 2.196542
[e079 s0450/1030] loss = 2.172404
[e079 s0500/1030] loss = 2.177542
[e079 s0550/1030] loss = 2.124419
[e079 s0600/1030] loss = 2.096698
[e079 s0650/1030] loss = 2.010427
[e079 s0700/1030] loss = 1.969504
[e079 s0750/1030] loss = 1.935161
[e079 s0800/1030] loss = 2.097225
[e079 s0850/1030] loss = 2.604359
[e079 s0900/1030] loss = 2.621967
[e079 s0950/1030] loss = 2.524532
[e079 s1000/1030] loss = 2.446672
Epoch 079: train_loss = 2.399262  MAE/GAME0 = 13.321  RMSE = 36.235  GAME1 = 15.863  GAME2 = 18.277  GAME3 = 19.446  lr = 1.00e-05  time = 13.0s
[e080 s0001/1030] loss = 0.592210
[e080 s0050/1030] loss = 1.925927
[e080 s0100/1030] loss = 3.001371
[e080 s0150/1030] loss = 2.428539
[e080 s0200/1030] loss = 2.248629
[e080 s0250/1030] loss = 2.112972
[e080 s0300/1030] loss = 2.592796
[e080 s0350/1030] loss = 2.364924
[e080 s0400/1030] loss = 2.316725
[e080 s0450/1030] loss = 2.193370
[e080 s0500/1030] loss = 2.121118
[e080 s0550/1030] loss = 2.173312
[e080 s0600/1030] loss = 2.153100
[e080 s0650/1030] loss = 2.092253
[e080 s0700/1030] loss = 2.198474
[e080 s0750/1030] loss = 2.150991
[e080 s0800/1030] loss = 2.183382
[e080 s0850/1030] loss = 2.117747
[e080 s0900/1030] loss = 2.089368
[e080 s0950/1030] loss = 2.051502
[e080 s1000/1030] loss = 2.041330
Epoch 080: train_loss = 2.062827  MAE/GAME0 = 19.553  RMSE = 37.124  GAME1 = 21.701  GAME2 = 23.998  GAME3 = 25.299  lr = 1.00e-05  time = 13.1s
[e081 s0001/1030] loss = 0.208907
[e081 s0050/1030] loss = 3.680084
[e081 s0100/1030] loss = 2.651222
[e081 s0150/1030] loss = 2.931279
[e081 s0200/1030] loss = 2.609877
[e081 s0250/1030] loss = 2.388210
[e081 s0300/1030] loss = 2.173385
[e081 s0350/1030] loss = 2.228173
[e081 s0400/1030] loss = 2.177655
[e081 s0450/1030] loss = 2.121379
[e081 s0500/1030] loss = 2.291846
[e081 s0550/1030] loss = 2.197539
[e081 s0600/1030] loss = 2.144467
[e081 s0650/1030] loss = 2.197935
[e081 s0700/1030] loss = 2.167088
[e081 s0750/1030] loss = 2.110808
[e081 s0800/1030] loss = 2.119768
[e081 s0850/1030] loss = 2.089984
[e081 s0900/1030] loss = 2.070997
[e081 s0950/1030] loss = 2.059320
[e081 s1000/1030] loss = 2.026299
Epoch 081: train_loss = 2.001852  MAE/GAME0 = 13.091  RMSE = 35.361  GAME1 = 15.762  GAME2 = 18.521  GAME3 = 19.796  lr = 1.00e-05  time = 13.1s
[e082 s0001/1030] loss = 1.082319
[e082 s0050/1030] loss = 2.757984
[e082 s0100/1030] loss = 3.200953
[e082 s0150/1030] loss = 2.651121
[e082 s0200/1030] loss = 2.307806
[e082 s0250/1030] loss = 2.199173
[e082 s0300/1030] loss = 2.318464
[e082 s0350/1030] loss = 2.120085
[e082 s0400/1030] loss = 2.101931
[e082 s0450/1030] loss = 2.461939
[e082 s0500/1030] loss = 2.417748
[e082 s0550/1030] loss = 2.412035
[e082 s0600/1030] loss = 2.733477
[e082 s0650/1030] loss = 2.679356
[e082 s0700/1030] loss = 2.583199
[e082 s0750/1030] loss = 2.531939
[e082 s0800/1030] loss = 2.483540
[e082 s0850/1030] loss = 2.388249
[e082 s0900/1030] loss = 2.338255
[e082 s0950/1030] loss = 2.299904
[e082 s1000/1030] loss = 2.230509
Epoch 082: train_loss = 2.226613  MAE/GAME0 = 15.671  RMSE = 35.429  GAME1 = 18.311  GAME2 = 21.040  GAME3 = 22.381  lr = 1.00e-05  time = 13.1s
[e083 s0001/1030] loss = 0.530247
[e083 s0050/1030] loss = 1.869643
[e083 s0100/1030] loss = 1.886823
[e083 s0150/1030] loss = 1.682164
[e083 s0200/1030] loss = 1.638865
[e083 s0250/1030] loss = 1.537701
[e083 s0300/1030] loss = 1.505623
[e083 s0350/1030] loss = 1.595476
[e083 s0400/1030] loss = 1.647795
[e083 s0450/1030] loss = 1.619079
[e083 s0500/1030] loss = 1.651826
[e083 s0550/1030] loss = 1.582406
[e083 s0600/1030] loss = 1.651396
[e083 s0650/1030] loss = 1.598715
[e083 s0700/1030] loss = 1.927628
[e083 s0750/1030] loss = 1.891318
[e083 s0800/1030] loss = 1.847098
[e083 s0850/1030] loss = 1.807995
[e083 s0900/1030] loss = 1.792232
[e083 s0950/1030] loss = 1.787900
[e083 s1000/1030] loss = 1.776953
Epoch 083: train_loss = 1.854210  MAE/GAME0 = 14.216  RMSE = 35.593  GAME1 = 16.364  GAME2 = 19.101  GAME3 = 20.359  lr = 1.00e-05  time = 13.1s
[e084 s0001/1030] loss = 1.575659
[e084 s0050/1030] loss = 2.442787
[e084 s0100/1030] loss = 2.447467
[e084 s0150/1030] loss = 2.125653
[e084 s0200/1030] loss = 1.881638
[e084 s0250/1030] loss = 2.039830
[e084 s0300/1030] loss = 1.910419
[e084 s0350/1030] loss = 1.837598
[e084 s0400/1030] loss = 1.979255
[e084 s0450/1030] loss = 1.854401
[e084 s0500/1030] loss = 1.775240
[e084 s0550/1030] loss = 1.747455
[e084 s0600/1030] loss = 1.681313
[e084 s0650/1030] loss = 1.616382
[e084 s0700/1030] loss = 1.599048
[e084 s0750/1030] loss = 1.564749
[e084 s0800/1030] loss = 1.592623
[e084 s0850/1030] loss = 1.661264
[e084 s0900/1030] loss = 1.696699
[e084 s0950/1030] loss = 1.682165
[e084 s1000/1030] loss = 1.649531
Epoch 084: train_loss = 1.636104  MAE/GAME0 = 16.717  RMSE = 35.978  GAME1 = 18.916  GAME2 = 21.483  GAME3 = 22.825  lr = 1.00e-05  time = 13.2s
[e085 s0001/1030] loss = 0.722599
[e085 s0050/1030] loss = 1.707967
[e085 s0100/1030] loss = 2.184106
[e085 s0150/1030] loss = 2.775518
[e085 s0200/1030] loss = 3.210699
[e085 s0250/1030] loss = 2.991655
[e085 s0300/1030] loss = 2.667870
[e085 s0350/1030] loss = 2.454215
[e085 s0400/1030] loss = 2.483171
[e085 s0450/1030] loss = 2.341590
[e085 s0500/1030] loss = 2.350221
[e085 s0550/1030] loss = 2.268765
[e085 s0600/1030] loss = 2.197505
[e085 s0650/1030] loss = 2.125299
[e085 s0700/1030] loss = 2.089288
[e085 s0750/1030] loss = 2.026176
[e085 s0800/1030] loss = 1.992186
[e085 s0850/1030] loss = 2.046946
[e085 s0900/1030] loss = 2.040764
[e085 s0950/1030] loss = 2.028834
[e085 s1000/1030] loss = 2.006475
Epoch 085: train_loss = 1.976433  MAE/GAME0 = 12.700  RMSE = 35.572  GAME1 = 15.088  GAME2 = 17.748  GAME3 = 18.906  lr = 1.00e-05  time = 13.0s
[e086 s0001/1030] loss = 0.382675
[e086 s0050/1030] loss = 4.237031
[e086 s0100/1030] loss = 3.370165
[e086 s0150/1030] loss = 2.683947
[e086 s0200/1030] loss = 2.301402
[e086 s0250/1030] loss = 2.012151
[e086 s0300/1030] loss = 1.842698
[e086 s0350/1030] loss = 1.888374
[e086 s0400/1030] loss = 1.875295
[e086 s0450/1030] loss = 1.849854
[e086 s0500/1030] loss = 2.106382
[e086 s0550/1030] loss = 2.120342
[e086 s0600/1030] loss = 2.038773
[e086 s0650/1030] loss = 2.006754
[e086 s0700/1030] loss = 2.078651
[e086 s0750/1030] loss = 2.024553
[e086 s0800/1030] loss = 2.148279
[e086 s0850/1030] loss = 2.111061
[e086 s0900/1030] loss = 2.054046
[e086 s0950/1030] loss = 2.023272
[e086 s1000/1030] loss = 1.979363
Epoch 086: train_loss = 1.951906  MAE/GAME0 = 13.181  RMSE = 35.187  GAME1 = 15.739  GAME2 = 18.349  GAME3 = 19.527  lr = 1.00e-05  time = 13.2s
[e087 s0001/1030] loss = 6.029891
[e087 s0050/1030] loss = 1.940369
[e087 s0100/1030] loss = 1.515482
[e087 s0150/1030] loss = 1.565902
[e087 s0200/1030] loss = 1.446138
[e087 s0250/1030] loss = 1.377077
[e087 s0300/1030] loss = 1.936212
[e087 s0350/1030] loss = 1.874995
[e087 s0400/1030] loss = 1.814785
[e087 s0450/1030] loss = 1.750672
[e087 s0500/1030] loss = 1.716809
[e087 s0550/1030] loss = 1.725477
[e087 s0600/1030] loss = 1.691047
[e087 s0650/1030] loss = 1.963435
[e087 s0700/1030] loss = 1.936531
[e087 s0750/1030] loss = 1.922073
[e087 s0800/1030] loss = 1.967346
[e087 s0850/1030] loss = 1.958537
[e087 s0900/1030] loss = 1.924777
[e087 s0950/1030] loss = 1.870849
[e087 s1000/1030] loss = 1.888754
Epoch 087: train_loss = 1.903159  MAE/GAME0 = 14.651  RMSE = 35.357  GAME1 = 16.753  GAME2 = 19.469  GAME3 = 20.676  lr = 1.00e-05  time = 15.1s
[e088 s0001/1030] loss = 0.212387
[e088 s0050/1030] loss = 1.611404
[e088 s0100/1030] loss = 3.618533
[e088 s0150/1030] loss = 2.841188
[e088 s0200/1030] loss = 2.625974
[e088 s0250/1030] loss = 2.319714
[e088 s0300/1030] loss = 2.106860
[e088 s0350/1030] loss = 2.343024
[e088 s0400/1030] loss = 2.253023
[e088 s0450/1030] loss = 2.109685
[e088 s0500/1030] loss = 2.285976
[e088 s0550/1030] loss = 2.167644
[e088 s0600/1030] loss = 2.091936
[e088 s0650/1030] loss = 2.679194
[e088 s0700/1030] loss = 2.824584
[e088 s0750/1030] loss = 2.677309
[e088 s0800/1030] loss = 2.587631
[e088 s0850/1030] loss = 2.523418
[e088 s0900/1030] loss = 2.439953
[e088 s0950/1030] loss = 2.460740
[e088 s1000/1030] loss = 2.442890
Epoch 088: train_loss = 2.407202  MAE/GAME0 = 12.497  RMSE = 35.646  GAME1 = 14.945  GAME2 = 17.219  GAME3 = 18.213  lr = 1.00e-05  time = 13.1s
[e089 s0001/1030] loss = 0.567561
[e089 s0050/1030] loss = 0.791883
[e089 s0100/1030] loss = 2.272272
[e089 s0150/1030] loss = 1.748481
[e089 s0200/1030] loss = 1.708452
[e089 s0250/1030] loss = 1.541947
[e089 s0300/1030] loss = 1.820075
[e089 s0350/1030] loss = 1.722810
[e089 s0400/1030] loss = 1.659409
[e089 s0450/1030] loss = 1.649715
[e089 s0500/1030] loss = 1.689242
[e089 s0550/1030] loss = 1.680818
[e089 s0600/1030] loss = 1.607554
[e089 s0650/1030] loss = 1.620439
[e089 s0700/1030] loss = 1.742118
[e089 s0750/1030] loss = 1.703441
[e089 s0800/1030] loss = 1.787256
[e089 s0850/1030] loss = 1.770028
[e089 s0900/1030] loss = 1.747396
[e089 s0950/1030] loss = 1.739490
[e089 s1000/1030] loss = 1.724071
Epoch 089: train_loss = 1.716612  MAE/GAME0 = 14.614  RMSE = 35.321  GAME1 = 17.114  GAME2 = 19.930  GAME3 = 21.126  lr = 1.00e-05  time = 13.0s
[e090 s0001/1030] loss = 0.119227
[e090 s0050/1030] loss = 0.877567
[e090 s0100/1030] loss = 1.380019
[e090 s0150/1030] loss = 1.461897
[e090 s0200/1030] loss = 1.301745
[e090 s0250/1030] loss = 1.498732
[e090 s0300/1030] loss = 1.364582
[e090 s0350/1030] loss = 1.374682
[e090 s0400/1030] loss = 1.433518
[e090 s0450/1030] loss = 1.512332
[e090 s0500/1030] loss = 1.449648
[e090 s0550/1030] loss = 1.594492
[e090 s0600/1030] loss = 1.532478
[e090 s0650/1030] loss = 1.690801
[e090 s0700/1030] loss = 1.895529
[e090 s0750/1030] loss = 1.906111
[e090 s0800/1030] loss = 2.010396
[e090 s0850/1030] loss = 1.987522
[e090 s0900/1030] loss = 1.921674
[e090 s0950/1030] loss = 1.885187
[e090 s1000/1030] loss = 1.879622
Epoch 090: train_loss = 1.879410  MAE/GAME0 = 12.839  RMSE = 35.318  GAME1 = 15.112  GAME2 = 17.629  GAME3 = 18.779  lr = 1.00e-05  time = 13.0s
[e091 s0001/1030] loss = 0.255747
[e091 s0050/1030] loss = 1.659646
[e091 s0100/1030] loss = 1.415984
[e091 s0150/1030] loss = 1.624525
[e091 s0200/1030] loss = 1.569448
[e091 s0250/1030] loss = 1.463369
[e091 s0300/1030] loss = 1.405596
[e091 s0350/1030] loss = 1.335475
[e091 s0400/1030] loss = 1.411314
[e091 s0450/1030] loss = 1.398358
[e091 s0500/1030] loss = 1.346189
[e091 s0550/1030] loss = 1.368200
[e091 s0600/1030] loss = 1.344480
[e091 s0650/1030] loss = 1.300183
[e091 s0700/1030] loss = 1.287110
[e091 s0750/1030] loss = 1.538356
[e091 s0800/1030] loss = 1.521255
[e091 s0850/1030] loss = 1.482134
[e091 s0900/1030] loss = 1.460215
[e091 s0950/1030] loss = 1.437634
[e091 s1000/1030] loss = 1.461636
Epoch 091: train_loss = 1.471568  MAE/GAME0 = 19.428  RMSE = 37.027  GAME1 = 21.087  GAME2 = 23.314  GAME3 = 24.568  lr = 1.00e-05  time = 13.0s
[e092 s0001/1030] loss = 2.346458
[e092 s0050/1030] loss = 2.426584
[e092 s0100/1030] loss = 1.918307
[e092 s0150/1030] loss = 2.513913
[e092 s0200/1030] loss = 2.276085
[e092 s0250/1030] loss = 2.035298
[e092 s0300/1030] loss = 1.917150
[e092 s0350/1030] loss = 1.770047
[e092 s0400/1030] loss = 1.676303
[e092 s0450/1030] loss = 1.729205
[e092 s0500/1030] loss = 1.757033
[e092 s0550/1030] loss = 1.696501
[e092 s0600/1030] loss = 1.662362
[e092 s0650/1030] loss = 1.616342
[e092 s0700/1030] loss = 1.636501
[e092 s0750/1030] loss = 1.633335
[e092 s0800/1030] loss = 1.612650
[e092 s0850/1030] loss = 1.610700
[e092 s0900/1030] loss = 1.646529
[e092 s0950/1030] loss = 1.637053
[e092 s1000/1030] loss = 1.737424
Epoch 092: train_loss = 1.797253  MAE/GAME0 = 13.071  RMSE = 36.237  GAME1 = 15.151  GAME2 = 17.125  GAME3 = 18.002  lr = 1.00e-05  time = 14.0s
[e093 s0001/1030] loss = 0.009104
[e093 s0050/1030] loss = 1.918920
[e093 s0100/1030] loss = 1.448856
[e093 s0150/1030] loss = 1.463001
[e093 s0200/1030] loss = 1.413406
[e093 s0250/1030] loss = 1.414537
[e093 s0300/1030] loss = 1.308158
[e093 s0350/1030] loss = 1.310497
[e093 s0400/1030] loss = 1.596936
[e093 s0450/1030] loss = 1.604691
[e093 s0500/1030] loss = 1.604157
[e093 s0550/1030] loss = 1.525603
[e093 s0600/1030] loss = 1.509786
[e093 s0650/1030] loss = 1.615683
[e093 s0700/1030] loss = 1.603588
[e093 s0750/1030] loss = 1.649692
[e093 s0800/1030] loss = 1.600470
[e093 s0850/1030] loss = 1.596453
[e093 s0900/1030] loss = 2.098850
[e093 s0950/1030] loss = 2.078221
[e093 s1000/1030] loss = 2.043475
Epoch 093: train_loss = 2.027591  MAE/GAME0 = 15.061  RMSE = 35.195  GAME1 = 17.240  GAME2 = 19.830  GAME3 = 21.023  lr = 1.00e-05  time = 13.0s
[e094 s0001/1030] loss = 2.188039
[e094 s0050/1030] loss = 1.265772
[e094 s0100/1030] loss = 1.695128
[e094 s0150/1030] loss = 1.652056
[e094 s0200/1030] loss = 1.567009
[e094 s0250/1030] loss = 3.177623
[e094 s0300/1030] loss = 2.939210
[e094 s0350/1030] loss = 2.656989
[e094 s0400/1030] loss = 2.577405
[e094 s0450/1030] loss = 2.433006
[e094 s0500/1030] loss = 2.310818
[e094 s0550/1030] loss = 2.438278
[e094 s0600/1030] loss = 2.347643
[e094 s0650/1030] loss = 2.274705
[e094 s0700/1030] loss = 2.180454
[e094 s0750/1030] loss = 2.153536
[e094 s0800/1030] loss = 2.150816
[e094 s0850/1030] loss = 2.235065
[e094 s0900/1030] loss = 2.227703
[e094 s0950/1030] loss = 2.193023
[e094 s1000/1030] loss = 2.127087
Epoch 094: train_loss = 2.101653  MAE/GAME0 = 12.483  RMSE = 35.627  GAME1 = 14.833  GAME2 = 17.296  GAME3 = 18.331  lr = 1.00e-05  time = 13.0s
[e095 s0001/1030] loss = 0.735835
[e095 s0050/1030] loss = 2.077401
[e095 s0100/1030] loss = 1.636022
[e095 s0150/1030] loss = 1.529517
[e095 s0200/1030] loss = 1.462287
[e095 s0250/1030] loss = 1.502652
[e095 s0300/1030] loss = 1.508251
[e095 s0350/1030] loss = 1.389174
[e095 s0400/1030] loss = 1.389769
[e095 s0450/1030] loss = 1.348189
[e095 s0500/1030] loss = 1.309705
[e095 s0550/1030] loss = 2.045229
[e095 s0600/1030] loss = 1.959173
[e095 s0650/1030] loss = 1.919129
[e095 s0700/1030] loss = 1.871362
[e095 s0750/1030] loss = 1.819212
[e095 s0800/1030] loss = 1.749104
[e095 s0850/1030] loss = 1.731782
[e095 s0900/1030] loss = 1.693144
[e095 s0950/1030] loss = 1.679000
[e095 s1000/1030] loss = 1.748289
Epoch 095: train_loss = 1.735498  MAE/GAME0 = 13.568  RMSE = 36.120  GAME1 = 15.992  GAME2 = 17.948  GAME3 = 18.881  lr = 1.00e-05  time = 13.0s
[e096 s0001/1030] loss = 0.125070
[e096 s0050/1030] loss = 2.082393
[e096 s0100/1030] loss = 1.873288
[e096 s0150/1030] loss = 1.873864
[e096 s0200/1030] loss = 1.691874
[e096 s0250/1030] loss = 1.565134
[e096 s0300/1030] loss = 2.799408
[e096 s0350/1030] loss = 2.556219
[e096 s0400/1030] loss = 2.380866
[e096 s0450/1030] loss = 2.221570
[e096 s0500/1030] loss = 2.152333
[e096 s0550/1030] loss = 2.090494
[e096 s0600/1030] loss = 2.031131
[e096 s0650/1030] loss = 1.951422
[e096 s0700/1030] loss = 1.910599
[e096 s0750/1030] loss = 1.860946
[e096 s0800/1030] loss = 1.933665
[e096 s0850/1030] loss = 1.936536
[e096 s0900/1030] loss = 1.975857
[e096 s0950/1030] loss = 1.952557
[e096 s1000/1030] loss = 2.000453
Epoch 096: train_loss = 1.978817  MAE/GAME0 = 12.522  RMSE = 35.606  GAME1 = 14.955  GAME2 = 17.174  GAME3 = 18.192  lr = 1.00e-05  time = 13.0s
[e097 s0001/1030] loss = 1.004476
[e097 s0050/1030] loss = 1.105041
[e097 s0100/1030] loss = 1.107379
[e097 s0150/1030] loss = 1.962986
[e097 s0200/1030] loss = 1.721871
[e097 s0250/1030] loss = 1.625500
[e097 s0300/1030] loss = 1.551585
[e097 s0350/1030] loss = 1.548168
[e097 s0400/1030] loss = 1.543471
[e097 s0450/1030] loss = 1.475677
[e097 s0500/1030] loss = 1.522739
[e097 s0550/1030] loss = 1.682599
[e097 s0600/1030] loss = 1.631507
[e097 s0650/1030] loss = 1.597724
[e097 s0700/1030] loss = 1.539501
[e097 s0750/1030] loss = 1.501838
[e097 s0800/1030] loss = 1.499742
[e097 s0850/1030] loss = 1.462775
[e097 s0900/1030] loss = 1.454091
[e097 s0950/1030] loss = 1.433745
[e097 s1000/1030] loss = 1.867632
Epoch 097: train_loss = 1.833593  MAE/GAME0 = 12.445  RMSE = 35.497  GAME1 = 14.863  GAME2 = 17.209  GAME3 = 18.247  lr = 1.00e-05  time = 13.2s
[e098 s0001/1030] loss = 1.085980
[e098 s0050/1030] loss = 1.994006
[e098 s0100/1030] loss = 1.424878
[e098 s0150/1030] loss = 1.392219
[e098 s0200/1030] loss = 1.521061
[e098 s0250/1030] loss = 1.876283
[e098 s0300/1030] loss = 1.710504
[e098 s0350/1030] loss = 1.734266
[e098 s0400/1030] loss = 1.672158
[e098 s0450/1030] loss = 1.595253
[e098 s0500/1030] loss = 1.537749
[e098 s0550/1030] loss = 1.456226
[e098 s0600/1030] loss = 1.663998
[e098 s0650/1030] loss = 1.600676
[e098 s0700/1030] loss = 1.577038
[e098 s0750/1030] loss = 1.651847
[e098 s0800/1030] loss = 1.620086
[e098 s0850/1030] loss = 1.797180
[e098 s0900/1030] loss = 1.732454
[e098 s0950/1030] loss = 1.735558
[e098 s1000/1030] loss = 1.698855
Epoch 098: train_loss = 1.698705  MAE/GAME0 = 12.600  RMSE = 35.441  GAME1 = 15.119  GAME2 = 17.492  GAME3 = 18.610  lr = 1.00e-05  time = 13.1s
[e099 s0001/1030] loss = 0.230745
[e099 s0050/1030] loss = 1.604346
[e099 s0100/1030] loss = 1.500449
[e099 s0150/1030] loss = 1.382362
[e099 s0200/1030] loss = 1.782077
[e099 s0250/1030] loss = 1.655432
[e099 s0300/1030] loss = 1.873510
[e099 s0350/1030] loss = 1.836529
[e099 s0400/1030] loss = 1.806358
[e099 s0450/1030] loss = 1.808736
[e099 s0500/1030] loss = 1.762349
[e099 s0550/1030] loss = 1.835349
[e099 s0600/1030] loss = 1.833443
[e099 s0650/1030] loss = 1.763691
[e099 s0700/1030] loss = 1.686617
[e099 s0750/1030] loss = 1.656076
[e099 s0800/1030] loss = 1.614362
[e099 s0850/1030] loss = 1.592390
[e099 s0900/1030] loss = 1.577054
[e099 s0950/1030] loss = 1.693659
[e099 s1000/1030] loss = 1.732479
Epoch 099: train_loss = 1.842895  MAE/GAME0 = 14.559  RMSE = 35.317  GAME1 = 16.705  GAME2 = 19.205  GAME3 = 20.428  lr = 1.00e-05  time = 13.5s
[e100 s0001/1030] loss = 0.753459
[e100 s0050/1030] loss = 1.473535
[e100 s0100/1030] loss = 1.510562
[e100 s0150/1030] loss = 1.684799
[e100 s0200/1030] loss = 1.664608
[e100 s0250/1030] loss = 1.663815
[e100 s0300/1030] loss = 1.532803
[e100 s0350/1030] loss = 1.513822
[e100 s0400/1030] loss = 1.488236
[e100 s0450/1030] loss = 1.703837
[e100 s0500/1030] loss = 1.678544
[e100 s0550/1030] loss = 1.621112
[e100 s0600/1030] loss = 1.577628
[e100 s0650/1030] loss = 1.536129
[e100 s0700/1030] loss = 1.487281
[e100 s0750/1030] loss = 1.468941
[e100 s0800/1030] loss = 1.919185
[e100 s0850/1030] loss = 1.913119
[e100 s0900/1030] loss = 1.898736
[e100 s0950/1030] loss = 1.868580
[e100 s1000/1030] loss = 1.879536
Epoch 100: train_loss = 1.850861  MAE/GAME0 = 12.582  RMSE = 35.440  GAME1 = 15.004  GAME2 = 17.384  GAME3 = 18.437  lr = 1.00e-05  time = 13.0s
[done] best_mae = 12.445  best_path = /scratch/users/ntu/kenneth0/FYP-SmartObjectCounter/outputs/train_rgbt_late_e100_sanity/12839449.pbs101_20260206_162342/best.pth
