[log] /scratch/users/ntu/kenneth0/FYP-SmartObjectCounter/logs/train_rgbt_adaptive_late_e100_sanity_12751056.pbs101_20260117_164923.log
[job] name=train_rgbt_adaptive_late_e100_sanity id=12751056.pbs101 host=x1000c1s4b0n0 time=Sat Jan 17 16:49:23 +08 2026
[init] device = cuda
[init] train = 1030  val = 200  workers = 4
[e001 s0001/1030] loss = 1282.213135
[e001 s0050/1030] loss = 613.559391
[e001 s0100/1030] loss = 307.889441
[e001 s0150/1030] loss = 205.288457
[e001 s0200/1030] loss = 153.968682
[e001 s0250/1030] loss = 123.175909
[e001 s0300/1030] loss = 102.647323
[e001 s0350/1030] loss = 87.983910
[e001 s0400/1030] loss = 76.986342
[e001 s0450/1030] loss = 68.432637
[e001 s0500/1030] loss = 61.589694
[e001 s0550/1030] loss = 55.991961
[e001 s0600/1030] loss = 51.326460
[e001 s0650/1030] loss = 47.378425
[e001 s0700/1030] loss = 43.994401
[e001 s0750/1030] loss = 41.061599
[e001 s0800/1030] loss = 38.495518
[e001 s0850/1030] loss = 36.231263
[e001 s0900/1030] loss = 34.218551
[e001 s0950/1030] loss = 32.417642
[e001 s1000/1030] loss = 30.796872
Epoch 001: train_loss = 29.899933  MAE = 43.026  RMSE = 62.536  GAME1 = 58.657  GAME2 = 81.334  GAME3 = 104.705  lr = 1.00e-05  time = 24.6s
[e002 s0001/1030] loss = 0.000969
[e002 s0050/1030] loss = 0.004817
[e002 s0100/1030] loss = 0.003935
[e002 s0150/1030] loss = 0.003385
[e002 s0200/1030] loss = 0.002970
[e002 s0250/1030] loss = 0.002727
[e002 s0300/1030] loss = 0.002523
[e002 s0350/1030] loss = 0.002372
[e002 s0400/1030] loss = 0.002341
[e002 s0450/1030] loss = 0.002193
[e002 s0500/1030] loss = 0.002222
[e002 s0550/1030] loss = 0.002185
[e002 s0600/1030] loss = 0.002123
[e002 s0650/1030] loss = 0.002051
[e002 s0700/1030] loss = 0.001964
[e002 s0750/1030] loss = 0.001932
[e002 s0800/1030] loss = 0.001916
[e002 s0850/1030] loss = 0.001904
[e002 s0900/1030] loss = 0.001857
[e002 s0950/1030] loss = 0.002003
[e002 s1000/1030] loss = 0.002118
Epoch 002: train_loss = 0.002086  MAE = 33.763  RMSE = 54.551  GAME1 = 46.418  GAME2 = 63.073  GAME3 = 78.316  lr = 1.00e-05  time = 19.4s
[e003 s0001/1030] loss = 0.001430
[e003 s0050/1030] loss = 0.001058
[e003 s0100/1030] loss = 0.002674
[e003 s0150/1030] loss = 0.005035
[e003 s0200/1030] loss = 0.004100
[e003 s0250/1030] loss = 0.003569
[e003 s0300/1030] loss = 0.003758
[e003 s0350/1030] loss = 0.003515
[e003 s0400/1030] loss = 0.003184
[e003 s0450/1030] loss = 0.002964
[e003 s0500/1030] loss = 0.002779
[e003 s0550/1030] loss = 0.002643
[e003 s0600/1030] loss = 0.002518
[e003 s0650/1030] loss = 0.002406
[e003 s0700/1030] loss = 0.002348
[e003 s0750/1030] loss = 0.002283
[e003 s0800/1030] loss = 0.002184
[e003 s0850/1030] loss = 0.002100
[e003 s0900/1030] loss = 0.002021
[e003 s0950/1030] loss = 0.001970
[e003 s1000/1030] loss = 0.001923
Epoch 003: train_loss = 0.001895  MAE = 31.570  RMSE = 56.145  GAME1 = 44.313  GAME2 = 59.520  GAME3 = 71.315  lr = 1.00e-05  time = 19.7s
[e004 s0001/1030] loss = 0.001273
[e004 s0050/1030] loss = 0.001185
[e004 s0100/1030] loss = 0.001020
[e004 s0150/1030] loss = 0.001241
[e004 s0200/1030] loss = 0.001181
[e004 s0250/1030] loss = 0.001806
[e004 s0300/1030] loss = 0.001982
[e004 s0350/1030] loss = 0.001953
[e004 s0400/1030] loss = 0.001810
[e004 s0450/1030] loss = 0.002044
[e004 s0500/1030] loss = 0.001957
[e004 s0550/1030] loss = 0.001871
[e004 s0600/1030] loss = 0.001793
[e004 s0650/1030] loss = 0.001777
[e004 s0700/1030] loss = 0.001749
[e004 s0750/1030] loss = 0.001720
[e004 s0800/1030] loss = 0.001670
[e004 s0850/1030] loss = 0.001623
[e004 s0900/1030] loss = 0.001576
[e004 s0950/1030] loss = 0.001559
[e004 s1000/1030] loss = 0.001533
Epoch 004: train_loss = 0.001525  MAE = 32.757  RMSE = 63.990  GAME1 = 43.613  GAME2 = 55.148  GAME3 = 65.993  lr = 1.00e-05  time = 19.4s
[e005 s0001/1030] loss = 0.000464
[e005 s0050/1030] loss = 0.001015
[e005 s0100/1030] loss = 0.001513
[e005 s0150/1030] loss = 0.001384
[e005 s0200/1030] loss = 0.001217
[e005 s0250/1030] loss = 0.001163
[e005 s0300/1030] loss = 0.001049
[e005 s0350/1030] loss = 0.001004
[e005 s0400/1030] loss = 0.001022
[e005 s0450/1030] loss = 0.000980
[e005 s0500/1030] loss = 0.000980
[e005 s0550/1030] loss = 0.000981
[e005 s0600/1030] loss = 0.000983
[e005 s0650/1030] loss = 0.001015
[e005 s0700/1030] loss = 0.000982
[e005 s0750/1030] loss = 0.000965
[e005 s0800/1030] loss = 0.001015
[e005 s0850/1030] loss = 0.001010
[e005 s0900/1030] loss = 0.001034
[e005 s0950/1030] loss = 0.001063
[e005 s1000/1030] loss = 0.001146
Epoch 005: train_loss = 0.001134  MAE = 41.025  RMSE = 65.061  GAME1 = 43.872  GAME2 = 48.973  GAME3 = 54.682  lr = 1.00e-05  time = 19.3s
[e006 s0001/1030] loss = 0.000021
[e006 s0050/1030] loss = 0.000591
[e006 s0100/1030] loss = 0.000957
[e006 s0150/1030] loss = 0.001015
[e006 s0200/1030] loss = 0.000970
[e006 s0250/1030] loss = 0.000953
[e006 s0300/1030] loss = 0.000950
[e006 s0350/1030] loss = 0.001037
[e006 s0400/1030] loss = 0.001008
[e006 s0450/1030] loss = 0.000989
[e006 s0500/1030] loss = 0.001032
[e006 s0550/1030] loss = 0.001092
[e006 s0600/1030] loss = 0.001065
[e006 s0650/1030] loss = 0.001274
[e006 s0700/1030] loss = 0.001219
[e006 s0750/1030] loss = 0.001188
[e006 s0800/1030] loss = 0.001144
[e006 s0850/1030] loss = 0.001141
[e006 s0900/1030] loss = 0.001293
[e006 s0950/1030] loss = 0.001285
[e006 s1000/1030] loss = 0.001262
Epoch 006: train_loss = 0.001281  MAE = 41.927  RMSE = 70.018  GAME1 = 46.955  GAME2 = 54.698  GAME3 = 63.713  lr = 1.00e-05  time = 19.5s
[e007 s0001/1030] loss = 0.001678
[e007 s0050/1030] loss = 0.000922
[e007 s0100/1030] loss = 0.001080
[e007 s0150/1030] loss = 0.000991
[e007 s0200/1030] loss = 0.001090
[e007 s0250/1030] loss = 0.001077
[e007 s0300/1030] loss = 0.001398
[e007 s0350/1030] loss = 0.001308
[e007 s0400/1030] loss = 0.001234
[e007 s0450/1030] loss = 0.001195
[e007 s0500/1030] loss = 0.001140
[e007 s0550/1030] loss = 0.001140
[e007 s0600/1030] loss = 0.001176
[e007 s0650/1030] loss = 0.001136
[e007 s0700/1030] loss = 0.001107
[e007 s0750/1030] loss = 0.001100
[e007 s0800/1030] loss = 0.001108
[e007 s0850/1030] loss = 0.001093
[e007 s0900/1030] loss = 0.001084
[e007 s0950/1030] loss = 0.001074
[e007 s1000/1030] loss = 0.001075
Epoch 007: train_loss = 0.001057  MAE = 40.509  RMSE = 67.311  GAME1 = 43.909  GAME2 = 49.782  GAME3 = 57.748  lr = 1.00e-05  time = 19.2s
[e008 s0001/1030] loss = 0.000398
[e008 s0050/1030] loss = 0.000865
[e008 s0100/1030] loss = 0.001139
[e008 s0150/1030] loss = 0.001319
[e008 s0200/1030] loss = 0.001123
[e008 s0250/1030] loss = 0.001129
[e008 s0300/1030] loss = 0.001055
[e008 s0350/1030] loss = 0.001042
[e008 s0400/1030] loss = 0.000983
[e008 s0450/1030] loss = 0.000948
[e008 s0500/1030] loss = 0.000925
[e008 s0550/1030] loss = 0.001045
[e008 s0600/1030] loss = 0.001921
[e008 s0650/1030] loss = 0.001838
[e008 s0700/1030] loss = 0.001804
[e008 s0750/1030] loss = 0.001727
[e008 s0800/1030] loss = 0.001662
[e008 s0850/1030] loss = 0.001615
[e008 s0900/1030] loss = 0.001575
[e008 s0950/1030] loss = 0.001526
[e008 s1000/1030] loss = 0.001568
Epoch 008: train_loss = 0.001548  MAE = 28.637  RMSE = 52.408  GAME1 = 45.300  GAME2 = 60.500  GAME3 = 69.205  lr = 1.00e-05  time = 19.4s
[e009 s0001/1030] loss = 0.003213
[e009 s0050/1030] loss = 0.000666
[e009 s0100/1030] loss = 0.002450
[e009 s0150/1030] loss = 0.002057
[e009 s0200/1030] loss = 0.002309
[e009 s0250/1030] loss = 0.002042
[e009 s0300/1030] loss = 0.001860
[e009 s0350/1030] loss = 0.001776
[e009 s0400/1030] loss = 0.001644
[e009 s0450/1030] loss = 0.001568
[e009 s0500/1030] loss = 0.001492
[e009 s0550/1030] loss = 0.001430
[e009 s0600/1030] loss = 0.001420
[e009 s0650/1030] loss = 0.001340
[e009 s0700/1030] loss = 0.001305
[e009 s0750/1030] loss = 0.001284
[e009 s0800/1030] loss = 0.001240
[e009 s0850/1030] loss = 0.001210
[e009 s0900/1030] loss = 0.001173
[e009 s0950/1030] loss = 0.001163
[e009 s1000/1030] loss = 0.001143
Epoch 009: train_loss = 0.001127  MAE = 31.882  RMSE = 60.655  GAME1 = 36.576  GAME2 = 41.461  GAME3 = 47.732  lr = 1.00e-05  time = 19.3s
[e010 s0001/1030] loss = 0.000047
[e010 s0050/1030] loss = 0.003436
[e010 s0100/1030] loss = 0.002138
[e010 s0150/1030] loss = 0.001896
[e010 s0200/1030] loss = 0.001606
[e010 s0250/1030] loss = 0.001410
[e010 s0300/1030] loss = 0.001346
[e010 s0350/1030] loss = 0.001266
[e010 s0400/1030] loss = 0.001304
[e010 s0450/1030] loss = 0.001221
[e010 s0500/1030] loss = 0.001201
[e010 s0550/1030] loss = 0.001150
[e010 s0600/1030] loss = 0.001098
[e010 s0650/1030] loss = 0.001066
[e010 s0700/1030] loss = 0.001055
[e010 s0750/1030] loss = 0.001025
[e010 s0800/1030] loss = 0.001020
[e010 s0850/1030] loss = 0.001061
[e010 s0900/1030] loss = 0.001050
[e010 s0950/1030] loss = 0.001038
[e010 s1000/1030] loss = 0.001060
Epoch 010: train_loss = 0.001045  MAE = 31.487  RMSE = 47.815  GAME1 = 44.886  GAME2 = 58.312  GAME3 = 66.921  lr = 1.00e-05  time = 19.3s
[e011 s0001/1030] loss = 0.008831
[e011 s0050/1030] loss = 0.000935
[e011 s0100/1030] loss = 0.001810
[e011 s0150/1030] loss = 0.001476
[e011 s0200/1030] loss = 0.001366
[e011 s0250/1030] loss = 0.001296
[e011 s0300/1030] loss = 0.001161
[e011 s0350/1030] loss = 0.001135
[e011 s0400/1030] loss = 0.001812
[e011 s0450/1030] loss = 0.001698
[e011 s0500/1030] loss = 0.001682
[e011 s0550/1030] loss = 0.001646
[e011 s0600/1030] loss = 0.001564
[e011 s0650/1030] loss = 0.001492
[e011 s0700/1030] loss = 0.001422
[e011 s0750/1030] loss = 0.001361
[e011 s0800/1030] loss = 0.001320
[e011 s0850/1030] loss = 0.001296
[e011 s0900/1030] loss = 0.001298
[e011 s0950/1030] loss = 0.001254
[e011 s1000/1030] loss = 0.001236
Epoch 011: train_loss = 0.001218  MAE = 27.403  RMSE = 57.947  GAME1 = 38.311  GAME2 = 46.031  GAME3 = 52.048  lr = 1.00e-05  time = 19.4s
[e012 s0001/1030] loss = 0.000314
[e012 s0050/1030] loss = 0.000545
[e012 s0100/1030] loss = 0.000832
[e012 s0150/1030] loss = 0.000945
[e012 s0200/1030] loss = 0.000983
[e012 s0250/1030] loss = 0.000906
[e012 s0300/1030] loss = 0.000935
[e012 s0350/1030] loss = 0.000920
[e012 s0400/1030] loss = 0.000944
[e012 s0450/1030] loss = 0.000946
[e012 s0500/1030] loss = 0.000978
[e012 s0550/1030] loss = 0.000933
[e012 s0600/1030] loss = 0.000950
[e012 s0650/1030] loss = 0.000977
[e012 s0700/1030] loss = 0.000976
[e012 s0750/1030] loss = 0.000991
[e012 s0800/1030] loss = 0.001019
[e012 s0850/1030] loss = 0.000996
[e012 s0900/1030] loss = 0.000971
[e012 s0950/1030] loss = 0.000957
[e012 s1000/1030] loss = 0.000944
Epoch 012: train_loss = 0.000931  MAE = 40.834  RMSE = 67.638  GAME1 = 49.128  GAME2 = 55.585  GAME3 = 60.025  lr = 1.00e-05  time = 19.3s
[e013 s0001/1030] loss = 0.000154
[e013 s0050/1030] loss = 0.000670
[e013 s0100/1030] loss = 0.000835
[e013 s0150/1030] loss = 0.000923
[e013 s0200/1030] loss = 0.000894
[e013 s0250/1030] loss = 0.000810
[e013 s0300/1030] loss = 0.000924
[e013 s0350/1030] loss = 0.001225
[e013 s0400/1030] loss = 0.001145
[e013 s0450/1030] loss = 0.001113
[e013 s0500/1030] loss = 0.001158
[e013 s0550/1030] loss = 0.001126
[e013 s0600/1030] loss = 0.001105
[e013 s0650/1030] loss = 0.001442
[e013 s0700/1030] loss = 0.001398
[e013 s0750/1030] loss = 0.001334
[e013 s0800/1030] loss = 0.001315
[e013 s0850/1030] loss = 0.001275
[e013 s0900/1030] loss = 0.001249
[e013 s0950/1030] loss = 0.001211
[e013 s1000/1030] loss = 0.001204
Epoch 013: train_loss = 0.001195  MAE = 34.869  RMSE = 56.561  GAME1 = 55.063  GAME2 = 72.121  GAME3 = 81.766  lr = 1.00e-05  time = 19.3s
[e014 s0001/1030] loss = 0.002075
[e014 s0050/1030] loss = 0.000777
[e014 s0100/1030] loss = 0.000974
[e014 s0150/1030] loss = 0.000889
[e014 s0200/1030] loss = 0.001001
[e014 s0250/1030] loss = 0.000978
[e014 s0300/1030] loss = 0.000971
[e014 s0350/1030] loss = 0.000931
[e014 s0400/1030] loss = 0.000906
[e014 s0450/1030] loss = 0.000915
[e014 s0500/1030] loss = 0.000909
[e014 s0550/1030] loss = 0.000880
[e014 s0600/1030] loss = 0.000862
[e014 s0650/1030] loss = 0.000922
[e014 s0700/1030] loss = 0.001005
[e014 s0750/1030] loss = 0.001027
[e014 s0800/1030] loss = 0.001048
[e014 s0850/1030] loss = 0.001025
[e014 s0900/1030] loss = 0.001014
[e014 s0950/1030] loss = 0.000986
[e014 s1000/1030] loss = 0.000967
Epoch 014: train_loss = 0.000959  MAE = 52.939  RMSE = 74.639  GAME1 = 53.136  GAME2 = 53.922  GAME3 = 56.029  lr = 1.00e-05  time = 19.3s
[e015 s0001/1030] loss = 0.000128
[e015 s0050/1030] loss = 0.000623
[e015 s0100/1030] loss = 0.001333
[e015 s0150/1030] loss = 0.001253
[e015 s0200/1030] loss = 0.001298
[e015 s0250/1030] loss = 0.001150
[e015 s0300/1030] loss = 0.001053
[e015 s0350/1030] loss = 0.001091
[e015 s0400/1030] loss = 0.001131
[e015 s0450/1030] loss = 0.001110
[e015 s0500/1030] loss = 0.001074
[e015 s0550/1030] loss = 0.001026
[e015 s0600/1030] loss = 0.000983
[e015 s0650/1030] loss = 0.000938
[e015 s0700/1030] loss = 0.000909
[e015 s0750/1030] loss = 0.000893
[e015 s0800/1030] loss = 0.000919
[e015 s0850/1030] loss = 0.000950
[e015 s0900/1030] loss = 0.001051
[e015 s0950/1030] loss = 0.001036
[e015 s1000/1030] loss = 0.001036
Epoch 015: train_loss = 0.001026  MAE = 56.787  RMSE = 77.704  GAME1 = 56.934  GAME2 = 57.609  GAME3 = 58.765  lr = 1.00e-05  time = 19.3s
[e016 s0001/1030] loss = 0.000103
[e016 s0050/1030] loss = 0.000652
[e016 s0100/1030] loss = 0.000751
[e016 s0150/1030] loss = 0.000793
[e016 s0200/1030] loss = 0.000867
[e016 s0250/1030] loss = 0.000791
[e016 s0300/1030] loss = 0.000791
[e016 s0350/1030] loss = 0.001063
[e016 s0400/1030] loss = 0.001052
[e016 s0450/1030] loss = 0.001018
[e016 s0500/1030] loss = 0.000959
[e016 s0550/1030] loss = 0.000931
[e016 s0600/1030] loss = 0.000917
[e016 s0650/1030] loss = 0.000978
[e016 s0700/1030] loss = 0.001018
[e016 s0750/1030] loss = 0.000996
[e016 s0800/1030] loss = 0.000984
[e016 s0850/1030] loss = 0.000990
[e016 s0900/1030] loss = 0.000957
[e016 s0950/1030] loss = 0.000957
[e016 s1000/1030] loss = 0.000950
Epoch 016: train_loss = 0.000950  MAE = 30.895  RMSE = 58.982  GAME1 = 46.942  GAME2 = 59.497  GAME3 = 66.512  lr = 1.00e-05  time = 19.3s
[e017 s0001/1030] loss = 0.000363
[e017 s0050/1030] loss = 0.002777
[e017 s0100/1030] loss = 0.001770
[e017 s0150/1030] loss = 0.001515
[e017 s0200/1030] loss = 0.001222
[e017 s0250/1030] loss = 0.001474
[e017 s0300/1030] loss = 0.001334
[e017 s0350/1030] loss = 0.001238
[e017 s0400/1030] loss = 0.001424
[e017 s0450/1030] loss = 0.001353
[e017 s0500/1030] loss = 0.001337
[e017 s0550/1030] loss = 0.001298
[e017 s0600/1030] loss = 0.001248
[e017 s0650/1030] loss = 0.001222
[e017 s0700/1030] loss = 0.001166
[e017 s0750/1030] loss = 0.001138
[e017 s0800/1030] loss = 0.001105
[e017 s0850/1030] loss = 0.001098
[e017 s0900/1030] loss = 0.001073
[e017 s0950/1030] loss = 0.001064
[e017 s1000/1030] loss = 0.001061
Epoch 017: train_loss = 0.001049  MAE = 29.903  RMSE = 59.431  GAME1 = 37.346  GAME2 = 43.484  GAME3 = 47.948  lr = 1.00e-05  time = 19.3s
[e018 s0001/1030] loss = 0.000583
[e018 s0050/1030] loss = 0.000604
[e018 s0100/1030] loss = 0.000514
[e018 s0150/1030] loss = 0.000531
[e018 s0200/1030] loss = 0.000543
[e018 s0250/1030] loss = 0.000560
[e018 s0300/1030] loss = 0.000559
[e018 s0350/1030] loss = 0.000573
[e018 s0400/1030] loss = 0.000577
[e018 s0450/1030] loss = 0.000609
[e018 s0500/1030] loss = 0.000633
[e018 s0550/1030] loss = 0.000656
[e018 s0600/1030] loss = 0.000686
[e018 s0650/1030] loss = 0.000659
[e018 s0700/1030] loss = 0.000644
[e018 s0750/1030] loss = 0.000678
[e018 s0800/1030] loss = 0.000662
[e018 s0850/1030] loss = 0.000680
[e018 s0900/1030] loss = 0.000679
[e018 s0950/1030] loss = 0.000722
[e018 s1000/1030] loss = 0.000927
Epoch 018: train_loss = 0.001058  MAE = 112.241  RMSE = 116.622  GAME1 = 116.277  GAME2 = 122.427  GAME3 = 128.280  lr = 1.00e-05  time = 19.6s
[e019 s0001/1030] loss = 0.000070
[e019 s0050/1030] loss = 0.001003
[e019 s0100/1030] loss = 0.000967
[e019 s0150/1030] loss = 0.001259
[e019 s0200/1030] loss = 0.001219
[e019 s0250/1030] loss = 0.001244
[e019 s0300/1030] loss = 0.001152
[e019 s0350/1030] loss = 0.001095
[e019 s0400/1030] loss = 0.001021
[e019 s0450/1030] loss = 0.001018
[e019 s0500/1030] loss = 0.000980
[e019 s0550/1030] loss = 0.000940
[e019 s0600/1030] loss = 0.000903
[e019 s0650/1030] loss = 0.000868
[e019 s0700/1030] loss = 0.000927
[e019 s0750/1030] loss = 0.000928
[e019 s0800/1030] loss = 0.000892
[e019 s0850/1030] loss = 0.000876
[e019 s0900/1030] loss = 0.000882
[e019 s0950/1030] loss = 0.000860
[e019 s1000/1030] loss = 0.000860
Epoch 019: train_loss = 0.000855  MAE = 37.536  RMSE = 66.999  GAME1 = 43.699  GAME2 = 49.303  GAME3 = 52.786  lr = 1.00e-05  time = 19.4s
[e020 s0001/1030] loss = 0.000105
[e020 s0050/1030] loss = 0.000713
[e020 s0100/1030] loss = 0.001199
[e020 s0150/1030] loss = 0.001022
[e020 s0200/1030] loss = 0.000948
[e020 s0250/1030] loss = 0.000911
[e020 s0300/1030] loss = 0.000855
[e020 s0350/1030] loss = 0.001071
[e020 s0400/1030] loss = 0.001043
[e020 s0450/1030] loss = 0.001014
[e020 s0500/1030] loss = 0.001016
[e020 s0550/1030] loss = 0.000997
[e020 s0600/1030] loss = 0.000990
[e020 s0650/1030] loss = 0.000970
[e020 s0700/1030] loss = 0.000930
[e020 s0750/1030] loss = 0.000916
[e020 s0800/1030] loss = 0.000913
[e020 s0850/1030] loss = 0.000908
[e020 s0900/1030] loss = 0.000879
[e020 s0950/1030] loss = 0.000860
[e020 s1000/1030] loss = 0.000845
Epoch 020: train_loss = 0.000836  MAE = 47.192  RMSE = 72.428  GAME1 = 47.786  GAME2 = 48.804  GAME3 = 50.488  lr = 1.00e-05  time = 19.4s
[e021 s0001/1030] loss = 0.000414
[e021 s0050/1030] loss = 0.000882
[e021 s0100/1030] loss = 0.000865
[e021 s0150/1030] loss = 0.001243
[e021 s0200/1030] loss = 0.001232
[e021 s0250/1030] loss = 0.001148
[e021 s0300/1030] loss = 0.001100
[e021 s0350/1030] loss = 0.001038
[e021 s0400/1030] loss = 0.001072
[e021 s0450/1030] loss = 0.001061
[e021 s0500/1030] loss = 0.001084
[e021 s0550/1030] loss = 0.001058
[e021 s0600/1030] loss = 0.001024
[e021 s0650/1030] loss = 0.001063
[e021 s0700/1030] loss = 0.001040
[e021 s0750/1030] loss = 0.001014
[e021 s0800/1030] loss = 0.000995
[e021 s0850/1030] loss = 0.000975
[e021 s0900/1030] loss = 0.000969
[e021 s0950/1030] loss = 0.000951
[e021 s1000/1030] loss = 0.000934
Epoch 021: train_loss = 0.000929  MAE = 29.498  RMSE = 55.310  GAME1 = 43.700  GAME2 = 55.196  GAME3 = 62.193  lr = 1.00e-05  time = 19.3s
[e022 s0001/1030] loss = 0.000452
[e022 s0050/1030] loss = 0.000376
[e022 s0100/1030] loss = 0.000916
[e022 s0150/1030] loss = 0.000859
[e022 s0200/1030] loss = 0.000794
[e022 s0250/1030] loss = 0.000767
[e022 s0300/1030] loss = 0.000767
[e022 s0350/1030] loss = 0.000778
[e022 s0400/1030] loss = 0.000749
[e022 s0450/1030] loss = 0.000734
[e022 s0500/1030] loss = 0.000705
[e022 s0550/1030] loss = 0.000714
[e022 s0600/1030] loss = 0.000848
[e022 s0650/1030] loss = 0.000872
[e022 s0700/1030] loss = 0.000837
[e022 s0750/1030] loss = 0.000860
[e022 s0800/1030] loss = 0.000835
[e022 s0850/1030] loss = 0.000813
[e022 s0900/1030] loss = 0.000798
[e022 s0950/1030] loss = 0.000793
[e022 s1000/1030] loss = 0.000808
Epoch 022: train_loss = 0.000852  MAE = 62.791  RMSE = 83.290  GAME1 = 62.796  GAME2 = 62.869  GAME3 = 63.240  lr = 1.00e-05  time = 19.2s
[e023 s0001/1030] loss = 0.000001
[e023 s0050/1030] loss = 0.001078
[e023 s0100/1030] loss = 0.000791
[e023 s0150/1030] loss = 0.000965
[e023 s0200/1030] loss = 0.001329
[e023 s0250/1030] loss = 0.001333
[e023 s0300/1030] loss = 0.001216
[e023 s0350/1030] loss = 0.001125
[e023 s0400/1030] loss = 0.001047
[e023 s0450/1030] loss = 0.001028
[e023 s0500/1030] loss = 0.001033
[e023 s0550/1030] loss = 0.000997
[e023 s0600/1030] loss = 0.000983
[e023 s0650/1030] loss = 0.000937
[e023 s0700/1030] loss = 0.000906
[e023 s0750/1030] loss = 0.000908
[e023 s0800/1030] loss = 0.000937
[e023 s0850/1030] loss = 0.000939
[e023 s0900/1030] loss = 0.000926
[e023 s0950/1030] loss = 0.000915
[e023 s1000/1030] loss = 0.000951
Epoch 023: train_loss = 0.001164  MAE = 23.371  RMSE = 42.051  GAME1 = 36.844  GAME2 = 48.525  GAME3 = 55.908  lr = 1.00e-05  time = 19.4s
[e024 s0001/1030] loss = 0.009715
[e024 s0050/1030] loss = 0.001048
[e024 s0100/1030] loss = 0.001041
[e024 s0150/1030] loss = 0.000890
[e024 s0200/1030] loss = 0.000804
[e024 s0250/1030] loss = 0.000907
[e024 s0300/1030] loss = 0.000928
[e024 s0350/1030] loss = 0.000965
[e024 s0400/1030] loss = 0.000984
[e024 s0450/1030] loss = 0.000979
[e024 s0500/1030] loss = 0.000968
[e024 s0550/1030] loss = 0.000996
[e024 s0600/1030] loss = 0.000989
[e024 s0650/1030] loss = 0.000974
[e024 s0700/1030] loss = 0.000961
[e024 s0750/1030] loss = 0.000939
[e024 s0800/1030] loss = 0.000912
[e024 s0850/1030] loss = 0.000949
[e024 s0900/1030] loss = 0.000928
[e024 s0950/1030] loss = 0.000917
[e024 s1000/1030] loss = 0.000895
Epoch 024: train_loss = 0.000909  MAE = 30.018  RMSE = 60.110  GAME1 = 38.971  GAME2 = 46.650  GAME3 = 51.383  lr = 1.00e-05  time = 19.6s
[e025 s0001/1030] loss = 0.000096
[e025 s0050/1030] loss = 0.000584
[e025 s0100/1030] loss = 0.000583
[e025 s0150/1030] loss = 0.000544
[e025 s0200/1030] loss = 0.000515
[e025 s0250/1030] loss = 0.000541
[e025 s0300/1030] loss = 0.000564
[e025 s0350/1030] loss = 0.000614
[e025 s0400/1030] loss = 0.000665
[e025 s0450/1030] loss = 0.000740
[e025 s0500/1030] loss = 0.000730
[e025 s0550/1030] loss = 0.000751
[e025 s0600/1030] loss = 0.000792
[e025 s0650/1030] loss = 0.000874
[e025 s0700/1030] loss = 0.000966
[e025 s0750/1030] loss = 0.001013
[e025 s0800/1030] loss = 0.001059
[e025 s0850/1030] loss = 0.001052
[e025 s0900/1030] loss = 0.001127
[e025 s0950/1030] loss = 0.001132
[e025 s1000/1030] loss = 0.001110
Epoch 025: train_loss = 0.001086  MAE = 39.713  RMSE = 67.425  GAME1 = 45.991  GAME2 = 52.009  GAME3 = 55.616  lr = 1.00e-05  time = 19.5s
[e026 s0001/1030] loss = 0.001079
[e026 s0050/1030] loss = 0.000553
[e026 s0100/1030] loss = 0.000726
[e026 s0150/1030] loss = 0.000670
[e026 s0200/1030] loss = 0.000719
[e026 s0250/1030] loss = 0.000727
[e026 s0300/1030] loss = 0.000843
[e026 s0350/1030] loss = 0.000823
[e026 s0400/1030] loss = 0.001137
[e026 s0450/1030] loss = 0.001103
[e026 s0500/1030] loss = 0.001037
[e026 s0550/1030] loss = 0.001009
[e026 s0600/1030] loss = 0.000964
[e026 s0650/1030] loss = 0.000982
[e026 s0700/1030] loss = 0.001109
[e026 s0750/1030] loss = 0.001093
[e026 s0800/1030] loss = 0.001050
[e026 s0850/1030] loss = 0.001094
[e026 s0900/1030] loss = 0.001072
[e026 s0950/1030] loss = 0.001045
[e026 s1000/1030] loss = 0.001020
Epoch 026: train_loss = 0.001002  MAE = 49.835  RMSE = 72.906  GAME1 = 50.074  GAME2 = 50.843  GAME3 = 52.336  lr = 1.00e-05  time = 19.3s
[e027 s0001/1030] loss = 0.000764
[e027 s0050/1030] loss = 0.000641
[e027 s0100/1030] loss = 0.000616
[e027 s0150/1030] loss = 0.000706
[e027 s0200/1030] loss = 0.000704
[e027 s0250/1030] loss = 0.000753
[e027 s0300/1030] loss = 0.000768
[e027 s0350/1030] loss = 0.000714
[e027 s0400/1030] loss = 0.000708
[e027 s0450/1030] loss = 0.000759
[e027 s0500/1030] loss = 0.000730
[e027 s0550/1030] loss = 0.000743
[e027 s0600/1030] loss = 0.000725
[e027 s0650/1030] loss = 0.000711
[e027 s0700/1030] loss = 0.000731
[e027 s0750/1030] loss = 0.000784
[e027 s0800/1030] loss = 0.000772
[e027 s0850/1030] loss = 0.000809
[e027 s0900/1030] loss = 0.000815
[e027 s0950/1030] loss = 0.000829
[e027 s1000/1030] loss = 0.000942
Epoch 027: train_loss = 0.000942  MAE = 37.030  RMSE = 57.669  GAME1 = 50.424  GAME2 = 62.461  GAME3 = 70.092  lr = 1.00e-05  time = 19.4s
[e028 s0001/1030] loss = 0.002744
[e028 s0050/1030] loss = 0.000810
[e028 s0100/1030] loss = 0.000727
[e028 s0150/1030] loss = 0.000817
[e028 s0200/1030] loss = 0.000779
[e028 s0250/1030] loss = 0.000982
[e028 s0300/1030] loss = 0.000923
[e028 s0350/1030] loss = 0.000877
[e028 s0400/1030] loss = 0.000847
[e028 s0450/1030] loss = 0.000855
[e028 s0500/1030] loss = 0.000973
[e028 s0550/1030] loss = 0.000955
[e028 s0600/1030] loss = 0.000940
[e028 s0650/1030] loss = 0.000955
[e028 s0700/1030] loss = 0.000935
[e028 s0750/1030] loss = 0.000922
[e028 s0800/1030] loss = 0.000898
[e028 s0850/1030] loss = 0.000890
[e028 s0900/1030] loss = 0.000885
[e028 s0950/1030] loss = 0.000873
[e028 s1000/1030] loss = 0.000870
Epoch 028: train_loss = 0.000861  MAE = 32.038  RMSE = 61.409  GAME1 = 40.408  GAME2 = 47.393  GAME3 = 52.008  lr = 1.00e-05  time = 19.4s
[e029 s0001/1030] loss = 0.000013
[e029 s0050/1030] loss = 0.000671
[e029 s0100/1030] loss = 0.000697
[e029 s0150/1030] loss = 0.000681
[e029 s0200/1030] loss = 0.000645
[e029 s0250/1030] loss = 0.000657
[e029 s0300/1030] loss = 0.000713
[e029 s0350/1030] loss = 0.000726
[e029 s0400/1030] loss = 0.000761
[e029 s0450/1030] loss = 0.000786
[e029 s0500/1030] loss = 0.000786
[e029 s0550/1030] loss = 0.000778
[e029 s0600/1030] loss = 0.000942
[e029 s0650/1030] loss = 0.000948
[e029 s0700/1030] loss = 0.001026
[e029 s0750/1030] loss = 0.001103
[e029 s0800/1030] loss = 0.001101
[e029 s0850/1030] loss = 0.001072
[e029 s0900/1030] loss = 0.001049
[e029 s0950/1030] loss = 0.001052
[e029 s1000/1030] loss = 0.001044
Epoch 029: train_loss = 0.001039  MAE = 44.274  RMSE = 71.469  GAME1 = 47.134  GAME2 = 50.587  GAME3 = 53.105  lr = 1.00e-05  time = 19.6s
[e030 s0001/1030] loss = 0.000905
[e030 s0050/1030] loss = 0.000881
[e030 s0100/1030] loss = 0.000705
[e030 s0150/1030] loss = 0.000789
[e030 s0200/1030] loss = 0.000771
[e030 s0250/1030] loss = 0.000746
[e030 s0300/1030] loss = 0.000778
[e030 s0350/1030] loss = 0.000741
[e030 s0400/1030] loss = 0.000774
[e030 s0450/1030] loss = 0.001024
[e030 s0500/1030] loss = 0.000995
[e030 s0550/1030] loss = 0.001042
[e030 s0600/1030] loss = 0.001033
[e030 s0650/1030] loss = 0.000997
[e030 s0700/1030] loss = 0.001008
[e030 s0750/1030] loss = 0.000987
[e030 s0800/1030] loss = 0.000957
[e030 s0850/1030] loss = 0.000997
[e030 s0900/1030] loss = 0.001020
[e030 s0950/1030] loss = 0.001030
[e030 s1000/1030] loss = 0.001009
Epoch 030: train_loss = 0.001001  MAE = 56.421  RMSE = 78.004  GAME1 = 56.475  GAME2 = 56.754  GAME3 = 57.636  lr = 1.00e-05  time = 19.4s
[e031 s0001/1030] loss = 0.000001
[e031 s0050/1030] loss = 0.000704
[e031 s0100/1030] loss = 0.000666
[e031 s0150/1030] loss = 0.000777
[e031 s0200/1030] loss = 0.000809
[e031 s0250/1030] loss = 0.001760
[e031 s0300/1030] loss = 0.001571
[e031 s0350/1030] loss = 0.001425
[e031 s0400/1030] loss = 0.001384
[e031 s0450/1030] loss = 0.001325
[e031 s0500/1030] loss = 0.001272
[e031 s0550/1030] loss = 0.001206
[e031 s0600/1030] loss = 0.001165
[e031 s0650/1030] loss = 0.001169
[e031 s0700/1030] loss = 0.001134
[e031 s0750/1030] loss = 0.001110
[e031 s0800/1030] loss = 0.001101
[e031 s0850/1030] loss = 0.001067
[e031 s0900/1030] loss = 0.001120
[e031 s0950/1030] loss = 0.001124
[e031 s1000/1030] loss = 0.001153
Epoch 031: train_loss = 0.001141  MAE = 57.390  RMSE = 78.832  GAME1 = 57.407  GAME2 = 57.528  GAME3 = 57.894  lr = 1.00e-05  time = 19.6s
[e032 s0001/1030] loss = 0.000392
[e032 s0050/1030] loss = 0.001943
[e032 s0100/1030] loss = 0.001702
[e032 s0150/1030] loss = 0.001437
[e032 s0200/1030] loss = 0.001378
[e032 s0250/1030] loss = 0.001249
[e032 s0300/1030] loss = 0.001171
[e032 s0350/1030] loss = 0.001147
[e032 s0400/1030] loss = 0.001114
[e032 s0450/1030] loss = 0.001134
[e032 s0500/1030] loss = 0.001066
[e032 s0550/1030] loss = 0.001010
[e032 s0600/1030] loss = 0.000987
[e032 s0650/1030] loss = 0.000946
[e032 s0700/1030] loss = 0.000936
[e032 s0750/1030] loss = 0.000931
[e032 s0800/1030] loss = 0.000923
[e032 s0850/1030] loss = 0.000925
[e032 s0900/1030] loss = 0.000909
[e032 s0950/1030] loss = 0.000889
[e032 s1000/1030] loss = 0.000886
Epoch 032: train_loss = 0.000879  MAE = 55.537  RMSE = 75.789  GAME1 = 55.616  GAME2 = 55.935  GAME3 = 57.062  lr = 1.00e-05  time = 19.6s
[e033 s0001/1030] loss = 0.000132
[e033 s0050/1030] loss = 0.001219
[e033 s0100/1030] loss = 0.000985
[e033 s0150/1030] loss = 0.000940
[e033 s0200/1030] loss = 0.000953
[e033 s0250/1030] loss = 0.001015
[e033 s0300/1030] loss = 0.000960
[e033 s0350/1030] loss = 0.000890
[e033 s0400/1030] loss = 0.000836
[e033 s0450/1030] loss = 0.000986
[e033 s0500/1030] loss = 0.000930
[e033 s0550/1030] loss = 0.000980
[e033 s0600/1030] loss = 0.000973
[e033 s0650/1030] loss = 0.000955
[e033 s0700/1030] loss = 0.000968
[e033 s0750/1030] loss = 0.000987
[e033 s0800/1030] loss = 0.001002
[e033 s0850/1030] loss = 0.000988
[e033 s0900/1030] loss = 0.000973
[e033 s0950/1030] loss = 0.000957
[e033 s1000/1030] loss = 0.000961
Epoch 033: train_loss = 0.000949  MAE = 29.774  RMSE = 60.950  GAME1 = 38.809  GAME2 = 46.219  GAME3 = 51.171  lr = 1.00e-05  time = 19.3s
[e034 s0001/1030] loss = 0.000629
[e034 s0050/1030] loss = 0.000615
[e034 s0100/1030] loss = 0.000629
[e034 s0150/1030] loss = 0.000808
[e034 s0200/1030] loss = 0.000696
[e034 s0250/1030] loss = 0.000706
[e034 s0300/1030] loss = 0.000687
[e034 s0350/1030] loss = 0.000679
[e034 s0400/1030] loss = 0.000684
[e034 s0450/1030] loss = 0.000682
[e034 s0500/1030] loss = 0.000726
[e034 s0550/1030] loss = 0.000804
[e034 s0600/1030] loss = 0.000839
[e034 s0650/1030] loss = 0.000809
[e034 s0700/1030] loss = 0.000812
[e034 s0750/1030] loss = 0.000794
[e034 s0800/1030] loss = 0.000769
[e034 s0850/1030] loss = 0.000751
[e034 s0900/1030] loss = 0.000749
[e034 s0950/1030] loss = 0.000840
[e034 s1000/1030] loss = 0.000984
Epoch 034: train_loss = 0.000978  MAE = 49.057  RMSE = 73.003  GAME1 = 49.705  GAME2 = 51.030  GAME3 = 52.840  lr = 1.00e-05  time = 19.5s
[e035 s0001/1030] loss = 0.000076
[e035 s0050/1030] loss = 0.000704
[e035 s0100/1030] loss = 0.000774
[e035 s0150/1030] loss = 0.000784
[e035 s0200/1030] loss = 0.000736
[e035 s0250/1030] loss = 0.000677
[e035 s0300/1030] loss = 0.000725
[e035 s0350/1030] loss = 0.000749
[e035 s0400/1030] loss = 0.000735
[e035 s0450/1030] loss = 0.000746
[e035 s0500/1030] loss = 0.000736
[e035 s0550/1030] loss = 0.000717
[e035 s0600/1030] loss = 0.000712
[e035 s0650/1030] loss = 0.000704
[e035 s0700/1030] loss = 0.000712
[e035 s0750/1030] loss = 0.000739
[e035 s0800/1030] loss = 0.000753
[e035 s0850/1030] loss = 0.000772
[e035 s0900/1030] loss = 0.000785
[e035 s0950/1030] loss = 0.000789
[e035 s1000/1030] loss = 0.000788
Epoch 035: train_loss = 0.000780  MAE = 43.240  RMSE = 71.330  GAME1 = 46.359  GAME2 = 49.973  GAME3 = 52.339  lr = 1.00e-05  time = 20.0s
[e036 s0001/1030] loss = 0.000014
[e036 s0050/1030] loss = 0.000621
[e036 s0100/1030] loss = 0.000589
[e036 s0150/1030] loss = 0.000671
[e036 s0200/1030] loss = 0.000964
[e036 s0250/1030] loss = 0.000895
[e036 s0300/1030] loss = 0.000857
[e036 s0350/1030] loss = 0.000820
[e036 s0400/1030] loss = 0.000846
[e036 s0450/1030] loss = 0.000807
[e036 s0500/1030] loss = 0.000830
[e036 s0550/1030] loss = 0.001003
[e036 s0600/1030] loss = 0.000981
[e036 s0650/1030] loss = 0.000932
[e036 s0700/1030] loss = 0.000911
[e036 s0750/1030] loss = 0.000875
[e036 s0800/1030] loss = 0.000878
[e036 s0850/1030] loss = 0.000878
[e036 s0900/1030] loss = 0.000867
[e036 s0950/1030] loss = 0.000866
[e036 s1000/1030] loss = 0.000908
Epoch 036: train_loss = 0.000935  MAE = 40.116  RMSE = 69.951  GAME1 = 47.668  GAME2 = 54.281  GAME3 = 58.205  lr = 1.00e-05  time = 19.9s
[e037 s0001/1030] loss = 0.000441
[e037 s0050/1030] loss = 0.001060
[e037 s0100/1030] loss = 0.001003
[e037 s0150/1030] loss = 0.000940
[e037 s0200/1030] loss = 0.000881
[e037 s0250/1030] loss = 0.000835
[e037 s0300/1030] loss = 0.000847
[e037 s0350/1030] loss = 0.000819
[e037 s0400/1030] loss = 0.000831
[e037 s0450/1030] loss = 0.000783
[e037 s0500/1030] loss = 0.000789
[e037 s0550/1030] loss = 0.000805
[e037 s0600/1030] loss = 0.000795
[e037 s0650/1030] loss = 0.000822
[e037 s0700/1030] loss = 0.000816
[e037 s0750/1030] loss = 0.000888
[e037 s0800/1030] loss = 0.000864
[e037 s0850/1030] loss = 0.000848
[e037 s0900/1030] loss = 0.000931
[e037 s0950/1030] loss = 0.000910
[e037 s1000/1030] loss = 0.000906
Epoch 037: train_loss = 0.000900  MAE = 45.813  RMSE = 68.185  GAME1 = 47.448  GAME2 = 49.812  GAME3 = 51.362  lr = 1.00e-05  time = 19.4s
[e038 s0001/1030] loss = 0.000818
[e038 s0050/1030] loss = 0.000798
[e038 s0100/1030] loss = 0.000715
[e038 s0150/1030] loss = 0.000678
[e038 s0200/1030] loss = 0.000945
[e038 s0250/1030] loss = 0.000933
[e038 s0300/1030] loss = 0.001026
[e038 s0350/1030] loss = 0.001027
[e038 s0400/1030] loss = 0.001030
[e038 s0450/1030] loss = 0.000985
[e038 s0500/1030] loss = 0.000944
[e038 s0550/1030] loss = 0.000938
[e038 s0600/1030] loss = 0.000979
[e038 s0650/1030] loss = 0.001115
[e038 s0700/1030] loss = 0.001135
[e038 s0750/1030] loss = 0.001123
[e038 s0800/1030] loss = 0.001104
[e038 s0850/1030] loss = 0.001089
[e038 s0900/1030] loss = 0.001079
[e038 s0950/1030] loss = 0.001056
[e038 s1000/1030] loss = 0.001048
Epoch 038: train_loss = 0.001040  MAE = 42.061  RMSE = 68.402  GAME1 = 44.539  GAME2 = 47.282  GAME3 = 49.802  lr = 1.00e-05  time = 20.0s
[e039 s0001/1030] loss = 0.000075
[e039 s0050/1030] loss = 0.000932
[e039 s0100/1030] loss = 0.000798
[e039 s0150/1030] loss = 0.000729
[e039 s0200/1030] loss = 0.000682
[e039 s0250/1030] loss = 0.000807
[e039 s0300/1030] loss = 0.000763
[e039 s0350/1030] loss = 0.000745
[e039 s0400/1030] loss = 0.000739
[e039 s0450/1030] loss = 0.000719
[e039 s0500/1030] loss = 0.000714
[e039 s0550/1030] loss = 0.000728
[e039 s0600/1030] loss = 0.000713
[e039 s0650/1030] loss = 0.000727
[e039 s0700/1030] loss = 0.000737
[e039 s0750/1030] loss = 0.000733
[e039 s0800/1030] loss = 0.000762
[e039 s0850/1030] loss = 0.000800
[e039 s0900/1030] loss = 0.000797
[e039 s0950/1030] loss = 0.000791
[e039 s1000/1030] loss = 0.000778
Epoch 039: train_loss = 0.000828  MAE = 52.782  RMSE = 76.036  GAME1 = 54.816  GAME2 = 57.692  GAME3 = 59.180  lr = 1.00e-05  time = 20.0s
[e040 s0001/1030] loss = 0.000009
[e040 s0050/1030] loss = 0.000770
[e040 s0100/1030] loss = 0.000809
[e040 s0150/1030] loss = 0.000873
[e040 s0200/1030] loss = 0.001028
[e040 s0250/1030] loss = 0.001011
[e040 s0300/1030] loss = 0.001235
[e040 s0350/1030] loss = 0.001231
[e040 s0400/1030] loss = 0.001207
[e040 s0450/1030] loss = 0.001206
[e040 s0500/1030] loss = 0.001131
[e040 s0550/1030] loss = 0.001077
[e040 s0600/1030] loss = 0.001049
[e040 s0650/1030] loss = 0.001038
[e040 s0700/1030] loss = 0.001015
[e040 s0750/1030] loss = 0.000984
[e040 s0800/1030] loss = 0.000960
[e040 s0850/1030] loss = 0.000950
[e040 s0900/1030] loss = 0.000943
[e040 s0950/1030] loss = 0.000938
[e040 s1000/1030] loss = 0.000977
Epoch 040: train_loss = 0.000970  MAE = 32.432  RMSE = 59.676  GAME1 = 38.271  GAME2 = 43.763  GAME3 = 47.637  lr = 1.00e-05  time = 19.9s
[e041 s0001/1030] loss = 0.000758
[e041 s0050/1030] loss = 0.000651
[e041 s0100/1030] loss = 0.000646
[e041 s0150/1030] loss = 0.000637
[e041 s0200/1030] loss = 0.000642
[e041 s0250/1030] loss = 0.000619
[e041 s0300/1030] loss = 0.000571
[e041 s0350/1030] loss = 0.000562
[e041 s0400/1030] loss = 0.000578
[e041 s0450/1030] loss = 0.000573
[e041 s0500/1030] loss = 0.000609
[e041 s0550/1030] loss = 0.000612
[e041 s0600/1030] loss = 0.000625
[e041 s0650/1030] loss = 0.000609
[e041 s0700/1030] loss = 0.000741
[e041 s0750/1030] loss = 0.000751
[e041 s0800/1030] loss = 0.000752
[e041 s0850/1030] loss = 0.000843
[e041 s0900/1030] loss = 0.000851
[e041 s0950/1030] loss = 0.000854
[e041 s1000/1030] loss = 0.000849
Epoch 041: train_loss = 0.000839  MAE = 46.476  RMSE = 70.098  GAME1 = 46.989  GAME2 = 48.328  GAME3 = 50.572  lr = 1.00e-05  time = 21.3s
[e042 s0001/1030] loss = 0.000202
[e042 s0050/1030] loss = 0.001023
[e042 s0100/1030] loss = 0.000942
[e042 s0150/1030] loss = 0.001081
[e042 s0200/1030] loss = 0.000942
[e042 s0250/1030] loss = 0.000964
[e042 s0300/1030] loss = 0.000992
[e042 s0350/1030] loss = 0.001014
[e042 s0400/1030] loss = 0.000964
[e042 s0450/1030] loss = 0.000919
[e042 s0500/1030] loss = 0.000956
[e042 s0550/1030] loss = 0.000933
[e042 s0600/1030] loss = 0.000946
[e042 s0650/1030] loss = 0.000959
[e042 s0700/1030] loss = 0.000918
[e042 s0750/1030] loss = 0.000885
[e042 s0800/1030] loss = 0.000920
[e042 s0850/1030] loss = 0.000915
[e042 s0900/1030] loss = 0.000906
[e042 s0950/1030] loss = 0.000895
[e042 s1000/1030] loss = 0.000942
Epoch 042: train_loss = 0.000936  MAE = 38.242  RMSE = 65.243  GAME1 = 40.132  GAME2 = 42.327  GAME3 = 45.153  lr = 1.00e-05  time = 20.2s
[e043 s0001/1030] loss = 0.001195
[e043 s0050/1030] loss = 0.000610
[e043 s0100/1030] loss = 0.000654
[e043 s0150/1030] loss = 0.000726
[e043 s0200/1030] loss = 0.000911
[e043 s0250/1030] loss = 0.000871
[e043 s0300/1030] loss = 0.000874
[e043 s0350/1030] loss = 0.000942
[e043 s0400/1030] loss = 0.000922
[e043 s0450/1030] loss = 0.000864
[e043 s0500/1030] loss = 0.000844
[e043 s0550/1030] loss = 0.000874
[e043 s0600/1030] loss = 0.001009
[e043 s0650/1030] loss = 0.000995
[e043 s0700/1030] loss = 0.000985
[e043 s0750/1030] loss = 0.000971
[e043 s0800/1030] loss = 0.000960
[e043 s0850/1030] loss = 0.000959
[e043 s0900/1030] loss = 0.000959
[e043 s0950/1030] loss = 0.000942
[e043 s1000/1030] loss = 0.000927
Epoch 043: train_loss = 0.000914  MAE = 41.440  RMSE = 66.963  GAME1 = 43.367  GAME2 = 45.720  GAME3 = 48.624  lr = 1.00e-05  time = 19.8s
[e044 s0001/1030] loss = 0.000069
[e044 s0050/1030] loss = 0.001089
[e044 s0100/1030] loss = 0.001297
[e044 s0150/1030] loss = 0.001171
[e044 s0200/1030] loss = 0.001077
[e044 s0250/1030] loss = 0.001165
[e044 s0300/1030] loss = 0.001054
[e044 s0350/1030] loss = 0.001015
[e044 s0400/1030] loss = 0.000943
[e044 s0450/1030] loss = 0.000927
[e044 s0500/1030] loss = 0.000928
[e044 s0550/1030] loss = 0.000953
[e044 s0600/1030] loss = 0.000931
[e044 s0650/1030] loss = 0.000903
[e044 s0700/1030] loss = 0.000923
[e044 s0750/1030] loss = 0.000902
[e044 s0800/1030] loss = 0.000888
[e044 s0850/1030] loss = 0.000886
[e044 s0900/1030] loss = 0.000873
[e044 s0950/1030] loss = 0.000873
[e044 s1000/1030] loss = 0.000876
Epoch 044: train_loss = 0.000883  MAE = 54.910  RMSE = 77.426  GAME1 = 54.964  GAME2 = 55.350  GAME3 = 56.449  lr = 1.00e-05  time = 20.7s
[e045 s0001/1030] loss = 0.000217
[e045 s0050/1030] loss = 0.000665
[e045 s0100/1030] loss = 0.000694
[e045 s0150/1030] loss = 0.000807
[e045 s0200/1030] loss = 0.001261
[e045 s0250/1030] loss = 0.001137
[e045 s0300/1030] loss = 0.001048
[e045 s0350/1030] loss = 0.001020
[e045 s0400/1030] loss = 0.000989
[e045 s0450/1030] loss = 0.001031
[e045 s0500/1030] loss = 0.001006
[e045 s0550/1030] loss = 0.000995
[e045 s0600/1030] loss = 0.000975
[e045 s0650/1030] loss = 0.000978
[e045 s0700/1030] loss = 0.000960
[e045 s0750/1030] loss = 0.000943
[e045 s0800/1030] loss = 0.000918
[e045 s0850/1030] loss = 0.000934
[e045 s0900/1030] loss = 0.000929
[e045 s0950/1030] loss = 0.000920
[e045 s1000/1030] loss = 0.000916
Epoch 045: train_loss = 0.000920  MAE = 28.911  RMSE = 59.733  GAME1 = 41.320  GAME2 = 51.068  GAME3 = 57.173  lr = 1.00e-05  time = 19.5s
[e046 s0001/1030] loss = 0.000372
[e046 s0050/1030] loss = 0.003375
[e046 s0100/1030] loss = 0.001983
[e046 s0150/1030] loss = 0.001615
[e046 s0200/1030] loss = 0.001352
[e046 s0250/1030] loss = 0.001482
[e046 s0300/1030] loss = 0.001334
[e046 s0350/1030] loss = 0.001263
[e046 s0400/1030] loss = 0.001218
[e046 s0450/1030] loss = 0.001199
[e046 s0500/1030] loss = 0.001130
[e046 s0550/1030] loss = 0.001103
[e046 s0600/1030] loss = 0.001103
[e046 s0650/1030] loss = 0.001064
[e046 s0700/1030] loss = 0.001035
[e046 s0750/1030] loss = 0.001022
[e046 s0800/1030] loss = 0.001010
[e046 s0850/1030] loss = 0.001012
[e046 s0900/1030] loss = 0.001030
[e046 s0950/1030] loss = 0.001035
[e046 s1000/1030] loss = 0.001026
Epoch 046: train_loss = 0.001032  MAE = 27.024  RMSE = 55.913  GAME1 = 38.853  GAME2 = 48.359  GAME3 = 54.517  lr = 1.00e-05  time = 19.6s
[e047 s0001/1030] loss = 0.000012
[e047 s0050/1030] loss = 0.000595
[e047 s0100/1030] loss = 0.000624
[e047 s0150/1030] loss = 0.000632
[e047 s0200/1030] loss = 0.000739
[e047 s0250/1030] loss = 0.000701
[e047 s0300/1030] loss = 0.000861
[e047 s0350/1030] loss = 0.001101
[e047 s0400/1030] loss = 0.001378
[e047 s0450/1030] loss = 0.001392
[e047 s0500/1030] loss = 0.001456
[e047 s0550/1030] loss = 0.001367
[e047 s0600/1030] loss = 0.001325
[e047 s0650/1030] loss = 0.001286
[e047 s0700/1030] loss = 0.001273
[e047 s0750/1030] loss = 0.001234
[e047 s0800/1030] loss = 0.001207
[e047 s0850/1030] loss = 0.001217
[e047 s0900/1030] loss = 0.001207
[e047 s0950/1030] loss = 0.001222
[e047 s1000/1030] loss = 0.001194
Epoch 047: train_loss = 0.001186  MAE = 58.856  RMSE = 80.100  GAME1 = 58.887  GAME2 = 59.082  GAME3 = 59.761  lr = 1.00e-05  time = 19.8s
[e048 s0001/1030] loss = 0.000061
[e048 s0050/1030] loss = 0.001065
[e048 s0100/1030] loss = 0.000734
[e048 s0150/1030] loss = 0.001232
[e048 s0200/1030] loss = 0.001088
[e048 s0250/1030] loss = 0.001047
[e048 s0300/1030] loss = 0.000969
[e048 s0350/1030] loss = 0.000978
[e048 s0400/1030] loss = 0.000965
[e048 s0450/1030] loss = 0.000962
[e048 s0500/1030] loss = 0.000934
[e048 s0550/1030] loss = 0.000922
[e048 s0600/1030] loss = 0.000976
[e048 s0650/1030] loss = 0.000981
[e048 s0700/1030] loss = 0.000955
[e048 s0750/1030] loss = 0.000926
[e048 s0800/1030] loss = 0.000906
[e048 s0850/1030] loss = 0.000921
[e048 s0900/1030] loss = 0.000912
[e048 s0950/1030] loss = 0.000897
[e048 s1000/1030] loss = 0.000889
Epoch 048: train_loss = 0.000901  MAE = 29.990  RMSE = 61.120  GAME1 = 40.978  GAME2 = 49.738  GAME3 = 55.375  lr = 1.00e-05  time = 19.8s
[e049 s0001/1030] loss = 0.000536
[e049 s0050/1030] loss = 0.000622
[e049 s0100/1030] loss = 0.000556
[e049 s0150/1030] loss = 0.000485
[e049 s0200/1030] loss = 0.000643
[e049 s0250/1030] loss = 0.000719
[e049 s0300/1030] loss = 0.000822
[e049 s0350/1030] loss = 0.000802
[e049 s0400/1030] loss = 0.000772
[e049 s0450/1030] loss = 0.000756
[e049 s0500/1030] loss = 0.000781
[e049 s0550/1030] loss = 0.000820
[e049 s0600/1030] loss = 0.000804
[e049 s0650/1030] loss = 0.000802
[e049 s0700/1030] loss = 0.000799
[e049 s0750/1030] loss = 0.000898
[e049 s0800/1030] loss = 0.000876
[e049 s0850/1030] loss = 0.000858
[e049 s0900/1030] loss = 0.000863
[e049 s0950/1030] loss = 0.000842
[e049 s1000/1030] loss = 0.000823
Epoch 049: train_loss = 0.000828  MAE = 58.527  RMSE = 81.873  GAME1 = 59.072  GAME2 = 59.833  GAME3 = 60.495  lr = 1.00e-05  time = 21.4s
[e050 s0001/1030] loss = 0.000847
[e050 s0050/1030] loss = 0.000449
[e050 s0100/1030] loss = 0.000888
[e050 s0150/1030] loss = 0.001298
[e050 s0200/1030] loss = 0.001200
[e050 s0250/1030] loss = 0.001058
[e050 s0300/1030] loss = 0.000966
[e050 s0350/1030] loss = 0.000890
[e050 s0400/1030] loss = 0.000859
[e050 s0450/1030] loss = 0.000870
[e050 s0500/1030] loss = 0.000874
[e050 s0550/1030] loss = 0.000875
[e050 s0600/1030] loss = 0.000848
[e050 s0650/1030] loss = 0.000832
[e050 s0700/1030] loss = 0.000831
[e050 s0750/1030] loss = 0.000822
[e050 s0800/1030] loss = 0.000812
[e050 s0850/1030] loss = 0.000798
[e050 s0900/1030] loss = 0.001022
[e050 s0950/1030] loss = 0.000999
[e050 s1000/1030] loss = 0.000990
Epoch 050: train_loss = 0.001001  MAE = 58.190  RMSE = 78.147  GAME1 = 58.220  GAME2 = 58.428  GAME3 = 59.099  lr = 1.00e-05  time = 19.9s
[e051 s0001/1030] loss = 0.000359
[e051 s0050/1030] loss = 0.000890
[e051 s0100/1030] loss = 0.001059
[e051 s0150/1030] loss = 0.000967
[e051 s0200/1030] loss = 0.000848
[e051 s0250/1030] loss = 0.000843
[e051 s0300/1030] loss = 0.000839
[e051 s0350/1030] loss = 0.000808
[e051 s0400/1030] loss = 0.000811
[e051 s0450/1030] loss = 0.000891
[e051 s0500/1030] loss = 0.001013
[e051 s0550/1030] loss = 0.001060
[e051 s0600/1030] loss = 0.001084
[e051 s0650/1030] loss = 0.001064
[e051 s0700/1030] loss = 0.001047
[e051 s0750/1030] loss = 0.001025
[e051 s0800/1030] loss = 0.001018
[e051 s0850/1030] loss = 0.001002
[e051 s0900/1030] loss = 0.001058
[e051 s0950/1030] loss = 0.001064
[e051 s1000/1030] loss = 0.001051
Epoch 051: train_loss = 0.001037  MAE = 52.800  RMSE = 73.234  GAME1 = 52.888  GAME2 = 53.311  GAME3 = 54.261  lr = 1.00e-05  time = 19.9s
[e052 s0001/1030] loss = 0.000050
[e052 s0050/1030] loss = 0.000925
[e052 s0100/1030] loss = 0.000985
[e052 s0150/1030] loss = 0.000823
[e052 s0200/1030] loss = 0.000875
[e052 s0250/1030] loss = 0.000877
[e052 s0300/1030] loss = 0.000927
[e052 s0350/1030] loss = 0.000902
[e052 s0400/1030] loss = 0.000900
[e052 s0450/1030] loss = 0.000885
[e052 s0500/1030] loss = 0.000901
[e052 s0550/1030] loss = 0.000895
[e052 s0600/1030] loss = 0.000873
[e052 s0650/1030] loss = 0.000859
[e052 s0700/1030] loss = 0.000836
[e052 s0750/1030] loss = 0.000815
[e052 s0800/1030] loss = 0.000805
[e052 s0850/1030] loss = 0.000826
[e052 s0900/1030] loss = 0.000815
[e052 s0950/1030] loss = 0.000863
[e052 s1000/1030] loss = 0.000878
Epoch 052: train_loss = 0.000862  MAE = 42.123  RMSE = 70.648  GAME1 = 52.154  GAME2 = 60.863  GAME3 = 65.596  lr = 1.00e-05  time = 21.3s
[e053 s0001/1030] loss = 0.000005
[e053 s0050/1030] loss = 0.000421
[e053 s0100/1030] loss = 0.000519
[e053 s0150/1030] loss = 0.000521
[e053 s0200/1030] loss = 0.000553
[e053 s0250/1030] loss = 0.000574
[e053 s0300/1030] loss = 0.000614
[e053 s0350/1030] loss = 0.000630
[e053 s0400/1030] loss = 0.000809
[e053 s0450/1030] loss = 0.001041
[e053 s0500/1030] loss = 0.001004
[e053 s0550/1030] loss = 0.000993
[e053 s0600/1030] loss = 0.000988
[e053 s0650/1030] loss = 0.000994
[e053 s0700/1030] loss = 0.000949
[e053 s0750/1030] loss = 0.000920
[e053 s0800/1030] loss = 0.000919
[e053 s0850/1030] loss = 0.000919
[e053 s0900/1030] loss = 0.000895
[e053 s0950/1030] loss = 0.000870
[e053 s1000/1030] loss = 0.000859
Epoch 053: train_loss = 0.000888  MAE = 31.429  RMSE = 51.920  GAME1 = 43.145  GAME2 = 53.620  GAME3 = 60.991  lr = 1.00e-05  time = 19.8s
[e054 s0001/1030] loss = 0.001681
[e054 s0050/1030] loss = 0.000570
[e054 s0100/1030] loss = 0.000523
[e054 s0150/1030] loss = 0.001294
[e054 s0200/1030] loss = 0.001188
[e054 s0250/1030] loss = 0.001062
[e054 s0300/1030] loss = 0.001067
[e054 s0350/1030] loss = 0.000974
[e054 s0400/1030] loss = 0.000946
[e054 s0450/1030] loss = 0.000919
[e054 s0500/1030] loss = 0.000970
[e054 s0550/1030] loss = 0.000960
[e054 s0600/1030] loss = 0.000970
[e054 s0650/1030] loss = 0.000944
[e054 s0700/1030] loss = 0.000961
[e054 s0750/1030] loss = 0.001089
[e054 s0800/1030] loss = 0.001108
[e054 s0850/1030] loss = 0.001079
[e054 s0900/1030] loss = 0.001056
[e054 s0950/1030] loss = 0.001031
[e054 s1000/1030] loss = 0.001023
Epoch 054: train_loss = 0.001010  MAE = 28.632  RMSE = 55.677  GAME1 = 41.942  GAME2 = 52.477  GAME3 = 59.358  lr = 1.00e-05  time = 20.8s
[e055 s0001/1030] loss = 0.000220
[e055 s0050/1030] loss = 0.000595
[e055 s0100/1030] loss = 0.000728
[e055 s0150/1030] loss = 0.000745
[e055 s0200/1030] loss = 0.001150
[e055 s0250/1030] loss = 0.001066
[e055 s0300/1030] loss = 0.001014
[e055 s0350/1030] loss = 0.001036
[e055 s0400/1030] loss = 0.001008
[e055 s0450/1030] loss = 0.001029
[e055 s0500/1030] loss = 0.000985
[e055 s0550/1030] loss = 0.000947
[e055 s0600/1030] loss = 0.000947
[e055 s0650/1030] loss = 0.000930
[e055 s0700/1030] loss = 0.000894
[e055 s0750/1030] loss = 0.000888
[e055 s0800/1030] loss = 0.000864
[e055 s0850/1030] loss = 0.000877
[e055 s0900/1030] loss = 0.000902
[e055 s0950/1030] loss = 0.000908
[e055 s1000/1030] loss = 0.000997
Epoch 055: train_loss = 0.001000  MAE = 30.114  RMSE = 50.365  GAME1 = 39.946  GAME2 = 49.014  GAME3 = 56.096  lr = 1.00e-05  time = 19.7s
[e056 s0001/1030] loss = 0.000046
[e056 s0050/1030] loss = 0.000682
[e056 s0100/1030] loss = 0.001171
[e056 s0150/1030] loss = 0.000973
[e056 s0200/1030] loss = 0.000964
[e056 s0250/1030] loss = 0.000921
[e056 s0300/1030] loss = 0.001082
[e056 s0350/1030] loss = 0.001090
[e056 s0400/1030] loss = 0.001063
[e056 s0450/1030] loss = 0.001017
[e056 s0500/1030] loss = 0.001028
[e056 s0550/1030] loss = 0.000985
[e056 s0600/1030] loss = 0.001025
[e056 s0650/1030] loss = 0.000998
[e056 s0700/1030] loss = 0.000961
[e056 s0750/1030] loss = 0.000939
[e056 s0800/1030] loss = 0.000919
[e056 s0850/1030] loss = 0.000910
[e056 s0900/1030] loss = 0.000890
[e056 s0950/1030] loss = 0.000875
[e056 s1000/1030] loss = 0.000867
Epoch 056: train_loss = 0.000861  MAE = 55.085  RMSE = 79.583  GAME1 = 55.587  GAME2 = 56.496  GAME3 = 57.268  lr = 1.00e-05  time = 19.6s
[e057 s0001/1030] loss = 0.000859
[e057 s0050/1030] loss = 0.000722
[e057 s0100/1030] loss = 0.000948
[e057 s0150/1030] loss = 0.000813
[e057 s0200/1030] loss = 0.000859
[e057 s0250/1030] loss = 0.000854
[e057 s0300/1030] loss = 0.001533
[e057 s0350/1030] loss = 0.001431
[e057 s0400/1030] loss = 0.001385
[e057 s0450/1030] loss = 0.001381
[e057 s0500/1030] loss = 0.001305
[e057 s0550/1030] loss = 0.001220
[e057 s0600/1030] loss = 0.001158
[e057 s0650/1030] loss = 0.001129
[e057 s0700/1030] loss = 0.001095
[e057 s0750/1030] loss = 0.001075
[e057 s0800/1030] loss = 0.001048
[e057 s0850/1030] loss = 0.001059
[e057 s0900/1030] loss = 0.001050
[e057 s0950/1030] loss = 0.001062
[e057 s1000/1030] loss = 0.001040
Epoch 057: train_loss = 0.001029  MAE = 44.430  RMSE = 71.948  GAME1 = 47.684  GAME2 = 51.632  GAME3 = 54.231  lr = 1.00e-05  time = 19.2s
[e058 s0001/1030] loss = 0.000094
[e058 s0050/1030] loss = 0.001537
[e058 s0100/1030] loss = 0.001139
[e058 s0150/1030] loss = 0.000972
[e058 s0200/1030] loss = 0.001243
[e058 s0250/1030] loss = 0.001852
[e058 s0300/1030] loss = 0.001688
[e058 s0350/1030] loss = 0.001499
[e058 s0400/1030] loss = 0.001356
[e058 s0450/1030] loss = 0.001260
[e058 s0500/1030] loss = 0.001234
[e058 s0550/1030] loss = 0.001239
[e058 s0600/1030] loss = 0.001171
[e058 s0650/1030] loss = 0.001173
[e058 s0700/1030] loss = 0.001133
[e058 s0750/1030] loss = 0.001147
[e058 s0800/1030] loss = 0.001116
[e058 s0850/1030] loss = 0.001105
[e058 s0900/1030] loss = 0.001075
[e058 s0950/1030] loss = 0.001062
[e058 s1000/1030] loss = 0.001045
Epoch 058: train_loss = 0.001035  MAE = 53.754  RMSE = 76.106  GAME1 = 53.956  GAME2 = 54.623  GAME3 = 55.517  lr = 1.00e-05  time = 19.3s
[e059 s0001/1030] loss = 0.000166
[e059 s0050/1030] loss = 0.000630
[e059 s0100/1030] loss = 0.000616
[e059 s0150/1030] loss = 0.000866
[e059 s0200/1030] loss = 0.000817
[e059 s0250/1030] loss = 0.001397
[e059 s0300/1030] loss = 0.001301
[e059 s0350/1030] loss = 0.001277
[e059 s0400/1030] loss = 0.001206
[e059 s0450/1030] loss = 0.001130
[e059 s0500/1030] loss = 0.001118
[e059 s0550/1030] loss = 0.001093
[e059 s0600/1030] loss = 0.001060
[e059 s0650/1030] loss = 0.001061
[e059 s0700/1030] loss = 0.001035
[e059 s0750/1030] loss = 0.001017
[e059 s0800/1030] loss = 0.001049
[e059 s0850/1030] loss = 0.001037
[e059 s0900/1030] loss = 0.001085
[e059 s0950/1030] loss = 0.001068
[e059 s1000/1030] loss = 0.001076
Epoch 059: train_loss = 0.001067  MAE = 55.664  RMSE = 77.721  GAME1 = 55.737  GAME2 = 56.098  GAME3 = 57.218  lr = 1.00e-05  time = 19.8s
[e060 s0001/1030] loss = 0.000116
[e060 s0050/1030] loss = 0.000756
[e060 s0100/1030] loss = 0.000713
[e060 s0150/1030] loss = 0.000690
[e060 s0200/1030] loss = 0.001539
[e060 s0250/1030] loss = 0.001372
[e060 s0300/1030] loss = 0.001277
[e060 s0350/1030] loss = 0.001213
[e060 s0400/1030] loss = 0.001162
[e060 s0450/1030] loss = 0.001135
[e060 s0500/1030] loss = 0.001092
[e060 s0550/1030] loss = 0.001056
[e060 s0600/1030] loss = 0.001025
[e060 s0650/1030] loss = 0.001019
[e060 s0700/1030] loss = 0.001013
[e060 s0750/1030] loss = 0.001029
[e060 s0800/1030] loss = 0.001019
[e060 s0850/1030] loss = 0.001009
[e060 s0900/1030] loss = 0.000988
[e060 s0950/1030] loss = 0.000974
[e060 s1000/1030] loss = 0.000984
Epoch 060: train_loss = 0.000966  MAE = 53.411  RMSE = 75.872  GAME1 = 53.557  GAME2 = 54.243  GAME3 = 55.296  lr = 1.00e-05  time = 19.4s
[e061 s0001/1030] loss = 0.000106
[e061 s0050/1030] loss = 0.000436
[e061 s0100/1030] loss = 0.000596
[e061 s0150/1030] loss = 0.000619
[e061 s0200/1030] loss = 0.000668
[e061 s0250/1030] loss = 0.000674
[e061 s0300/1030] loss = 0.000688
[e061 s0350/1030] loss = 0.000656
[e061 s0400/1030] loss = 0.000668
[e061 s0450/1030] loss = 0.000679
[e061 s0500/1030] loss = 0.000640
[e061 s0550/1030] loss = 0.000677
[e061 s0600/1030] loss = 0.000694
[e061 s0650/1030] loss = 0.000708
[e061 s0700/1030] loss = 0.000702
[e061 s0750/1030] loss = 0.000706
[e061 s0800/1030] loss = 0.000720
[e061 s0850/1030] loss = 0.000812
[e061 s0900/1030] loss = 0.000850
[e061 s0950/1030] loss = 0.000880
[e061 s1000/1030] loss = 0.000982
Epoch 061: train_loss = 0.000986  MAE = 30.256  RMSE = 58.587  GAME1 = 39.767  GAME2 = 47.897  GAME3 = 53.196  lr = 1.00e-05  time = 19.3s
[e062 s0001/1030] loss = 0.000002
[e062 s0050/1030] loss = 0.000734
[e062 s0100/1030] loss = 0.000722
[e062 s0150/1030] loss = 0.001633
[e062 s0200/1030] loss = 0.001928
[e062 s0250/1030] loss = 0.001718
[e062 s0300/1030] loss = 0.001634
[e062 s0350/1030] loss = 0.001466
[e062 s0400/1030] loss = 0.001352
[e062 s0450/1030] loss = 0.001341
[e062 s0500/1030] loss = 0.001299
[e062 s0550/1030] loss = 0.001236
[e062 s0600/1030] loss = 0.001175
[e062 s0650/1030] loss = 0.001136
[e062 s0700/1030] loss = 0.001091
[e062 s0750/1030] loss = 0.001057
[e062 s0800/1030] loss = 0.001030
[e062 s0850/1030] loss = 0.001019
[e062 s0900/1030] loss = 0.001000
[e062 s0950/1030] loss = 0.000999
[e062 s1000/1030] loss = 0.000993
Epoch 062: train_loss = 0.000979  MAE = 47.244  RMSE = 73.650  GAME1 = 48.716  GAME2 = 50.686  GAME3 = 52.208  lr = 1.00e-05  time = 20.1s
[e063 s0001/1030] loss = 0.000120
[e063 s0050/1030] loss = 0.000733
[e063 s0100/1030] loss = 0.000806
[e063 s0150/1030] loss = 0.000736
[e063 s0200/1030] loss = 0.000740
[e063 s0250/1030] loss = 0.000727
[e063 s0300/1030] loss = 0.000720
[e063 s0350/1030] loss = 0.000697
[e063 s0400/1030] loss = 0.000667
[e063 s0450/1030] loss = 0.000709
[e063 s0500/1030] loss = 0.000701
[e063 s0550/1030] loss = 0.000734
[e063 s0600/1030] loss = 0.000822
[e063 s0650/1030] loss = 0.000854
[e063 s0700/1030] loss = 0.000850
[e063 s0750/1030] loss = 0.000846
[e063 s0800/1030] loss = 0.000876
[e063 s0850/1030] loss = 0.000908
[e063 s0900/1030] loss = 0.000899
[e063 s0950/1030] loss = 0.000896
[e063 s1000/1030] loss = 0.000883
Epoch 063: train_loss = 0.000878  MAE = 46.814  RMSE = 71.224  GAME1 = 47.760  GAME2 = 49.008  GAME3 = 50.329  lr = 1.00e-05  time = 19.7s
[e064 s0001/1030] loss = 0.000361
[e064 s0050/1030] loss = 0.001442
[e064 s0100/1030] loss = 0.001029
[e064 s0150/1030] loss = 0.000922
[e064 s0200/1030] loss = 0.000825
[e064 s0250/1030] loss = 0.000826
[e064 s0300/1030] loss = 0.000844
[e064 s0350/1030] loss = 0.000820
[e064 s0400/1030] loss = 0.000783
[e064 s0450/1030] loss = 0.000791
[e064 s0500/1030] loss = 0.000755
[e064 s0550/1030] loss = 0.000742
[e064 s0600/1030] loss = 0.000766
[e064 s0650/1030] loss = 0.000772
[e064 s0700/1030] loss = 0.000783
[e064 s0750/1030] loss = 0.000766
[e064 s0800/1030] loss = 0.000781
[e064 s0850/1030] loss = 0.000801
[e064 s0900/1030] loss = 0.000787
[e064 s0950/1030] loss = 0.000794
[e064 s1000/1030] loss = 0.000786
Epoch 064: train_loss = 0.000779  MAE = 36.282  RMSE = 65.063  GAME1 = 44.218  GAME2 = 51.241  GAME3 = 55.808  lr = 1.00e-05  time = 19.2s
[e065 s0001/1030] loss = 0.000525
[e065 s0050/1030] loss = 0.001320
[e065 s0100/1030] loss = 0.001273
[e065 s0150/1030] loss = 0.001132
[e065 s0200/1030] loss = 0.001188
[e065 s0250/1030] loss = 0.001153
[e065 s0300/1030] loss = 0.001061
[e065 s0350/1030] loss = 0.001022
[e065 s0400/1030] loss = 0.000965
[e065 s0450/1030] loss = 0.000936
[e065 s0500/1030] loss = 0.000917
[e065 s0550/1030] loss = 0.000869
[e065 s0600/1030] loss = 0.000859
[e065 s0650/1030] loss = 0.000833
[e065 s0700/1030] loss = 0.000856
[e065 s0750/1030] loss = 0.000916
[e065 s0800/1030] loss = 0.000957
[e065 s0850/1030] loss = 0.000940
[e065 s0900/1030] loss = 0.000919
[e065 s0950/1030] loss = 0.000900
[e065 s1000/1030] loss = 0.000887
Epoch 065: train_loss = 0.000886  MAE = 53.483  RMSE = 76.854  GAME1 = 53.556  GAME2 = 53.937  GAME3 = 54.665  lr = 1.00e-05  time = 19.3s
[e066 s0001/1030] loss = 0.000162
[e066 s0050/1030] loss = 0.000297
[e066 s0100/1030] loss = 0.000494
[e066 s0150/1030] loss = 0.000529
[e066 s0200/1030] loss = 0.000506
[e066 s0250/1030] loss = 0.000644
[e066 s0300/1030] loss = 0.000640
[e066 s0350/1030] loss = 0.000620
[e066 s0400/1030] loss = 0.000686
[e066 s0450/1030] loss = 0.000660
[e066 s0500/1030] loss = 0.000642
[e066 s0550/1030] loss = 0.000656
[e066 s0600/1030] loss = 0.000760
[e066 s0650/1030] loss = 0.000760
[e066 s0700/1030] loss = 0.000764
[e066 s0750/1030] loss = 0.000748
[e066 s0800/1030] loss = 0.000783
[e066 s0850/1030] loss = 0.000791
[e066 s0900/1030] loss = 0.000811
[e066 s0950/1030] loss = 0.000801
[e066 s1000/1030] loss = 0.000797
Epoch 066: train_loss = 0.000799  MAE = 44.166  RMSE = 68.831  GAME1 = 45.139  GAME2 = 46.689  GAME3 = 48.595  lr = 1.00e-05  time = 19.3s
[e067 s0001/1030] loss = 0.000243
[e067 s0050/1030] loss = 0.001195
[e067 s0100/1030] loss = 0.000823
[e067 s0150/1030] loss = 0.000782
[e067 s0200/1030] loss = 0.000981
[e067 s0250/1030] loss = 0.000909
[e067 s0300/1030] loss = 0.000897
[e067 s0350/1030] loss = 0.000858
[e067 s0400/1030] loss = 0.000833
[e067 s0450/1030] loss = 0.000838
[e067 s0500/1030] loss = 0.000837
[e067 s0550/1030] loss = 0.000865
[e067 s0600/1030] loss = 0.001121
[e067 s0650/1030] loss = 0.001071
[e067 s0700/1030] loss = 0.001064
[e067 s0750/1030] loss = 0.001046
[e067 s0800/1030] loss = 0.001030
[e067 s0850/1030] loss = 0.001036
[e067 s0900/1030] loss = 0.001032
[e067 s0950/1030] loss = 0.001007
[e067 s1000/1030] loss = 0.000995
Epoch 067: train_loss = 0.000977  MAE = 61.966  RMSE = 84.515  GAME1 = 61.979  GAME2 = 62.072  GAME3 = 62.294  lr = 1.00e-05  time = 19.6s
[e068 s0001/1030] loss = 0.000032
[e068 s0050/1030] loss = 0.000554
[e068 s0100/1030] loss = 0.000818
[e068 s0150/1030] loss = 0.000822
[e068 s0200/1030] loss = 0.001443
[e068 s0250/1030] loss = 0.001452
[e068 s0300/1030] loss = 0.001315
[e068 s0350/1030] loss = 0.001217
[e068 s0400/1030] loss = 0.001145
[e068 s0450/1030] loss = 0.001072
[e068 s0500/1030] loss = 0.001012
[e068 s0550/1030] loss = 0.001065
[e068 s0600/1030] loss = 0.001071
[e068 s0650/1030] loss = 0.001047
[e068 s0700/1030] loss = 0.001014
[e068 s0750/1030] loss = 0.000987
[e068 s0800/1030] loss = 0.000958
[e068 s0850/1030] loss = 0.000949
[e068 s0900/1030] loss = 0.000945
[e068 s0950/1030] loss = 0.000933
[e068 s1000/1030] loss = 0.000919
Epoch 068: train_loss = 0.000907  MAE = 40.391  RMSE = 69.201  GAME1 = 43.270  GAME2 = 46.172  GAME3 = 48.737  lr = 1.00e-05  time = 19.5s
[e069 s0001/1030] loss = 0.000026
[e069 s0050/1030] loss = 0.000862
[e069 s0100/1030] loss = 0.000818
[e069 s0150/1030] loss = 0.001002
[e069 s0200/1030] loss = 0.000980
[e069 s0250/1030] loss = 0.000883
[e069 s0300/1030] loss = 0.000879
[e069 s0350/1030] loss = 0.000856
[e069 s0400/1030] loss = 0.000866
[e069 s0450/1030] loss = 0.000884
[e069 s0500/1030] loss = 0.000873
[e069 s0550/1030] loss = 0.001108
[e069 s0600/1030] loss = 0.001190
[e069 s0650/1030] loss = 0.001159
[e069 s0700/1030] loss = 0.001112
[e069 s0750/1030] loss = 0.001175
[e069 s0800/1030] loss = 0.001146
[e069 s0850/1030] loss = 0.001124
[e069 s0900/1030] loss = 0.001110
[e069 s0950/1030] loss = 0.001117
[e069 s1000/1030] loss = 0.001098
Epoch 069: train_loss = 0.001085  MAE = 62.604  RMSE = 83.331  GAME1 = 62.605  GAME2 = 62.696  GAME3 = 62.939  lr = 1.00e-05  time = 19.3s
[e070 s0001/1030] loss = 0.000019
[e070 s0050/1030] loss = 0.000778
[e070 s0100/1030] loss = 0.000696
[e070 s0150/1030] loss = 0.000728
[e070 s0200/1030] loss = 0.001010
[e070 s0250/1030] loss = 0.000955
[e070 s0300/1030] loss = 0.000868
[e070 s0350/1030] loss = 0.000867
[e070 s0400/1030] loss = 0.000873
[e070 s0450/1030] loss = 0.000846
[e070 s0500/1030] loss = 0.000850
[e070 s0550/1030] loss = 0.000821
[e070 s0600/1030] loss = 0.000785
[e070 s0650/1030] loss = 0.000779
[e070 s0700/1030] loss = 0.000785
[e070 s0750/1030] loss = 0.000786
[e070 s0800/1030] loss = 0.000796
[e070 s0850/1030] loss = 0.000814
[e070 s0900/1030] loss = 0.000810
[e070 s0950/1030] loss = 0.000850
[e070 s1000/1030] loss = 0.000830
Epoch 070: train_loss = 0.000841  MAE = 30.753  RMSE = 61.520  GAME1 = 40.435  GAME2 = 48.519  GAME3 = 54.014  lr = 1.00e-05  time = 19.4s
[e071 s0001/1030] loss = 0.000215
[e071 s0050/1030] loss = 0.000775
[e071 s0100/1030] loss = 0.001037
[e071 s0150/1030] loss = 0.000850
[e071 s0200/1030] loss = 0.000851
[e071 s0250/1030] loss = 0.000783
[e071 s0300/1030] loss = 0.000821
[e071 s0350/1030] loss = 0.000877
[e071 s0400/1030] loss = 0.000887
[e071 s0450/1030] loss = 0.000873
[e071 s0500/1030] loss = 0.000853
[e071 s0550/1030] loss = 0.000822
[e071 s0600/1030] loss = 0.000808
[e071 s0650/1030] loss = 0.000818
[e071 s0700/1030] loss = 0.000805
[e071 s0750/1030] loss = 0.000785
[e071 s0800/1030] loss = 0.000765
[e071 s0850/1030] loss = 0.000767
[e071 s0900/1030] loss = 0.000767
[e071 s0950/1030] loss = 0.000777
[e071 s1000/1030] loss = 0.000768
Epoch 071: train_loss = 0.000859  MAE = 54.187  RMSE = 77.337  GAME1 = 54.283  GAME2 = 54.723  GAME3 = 55.554  lr = 1.00e-05  time = 19.3s
[e072 s0001/1030] loss = 0.000431
[e072 s0050/1030] loss = 0.000665
[e072 s0100/1030] loss = 0.000708
[e072 s0150/1030] loss = 0.000682
[e072 s0200/1030] loss = 0.000675
[e072 s0250/1030] loss = 0.000646
[e072 s0300/1030] loss = 0.000635
[e072 s0350/1030] loss = 0.000632
[e072 s0400/1030] loss = 0.000661
[e072 s0450/1030] loss = 0.000665
[e072 s0500/1030] loss = 0.000691
[e072 s0550/1030] loss = 0.000719
[e072 s0600/1030] loss = 0.000737
[e072 s0650/1030] loss = 0.000743
[e072 s0700/1030] loss = 0.000792
[e072 s0750/1030] loss = 0.000764
[e072 s0800/1030] loss = 0.000765
[e072 s0850/1030] loss = 0.000804
[e072 s0900/1030] loss = 0.000801
[e072 s0950/1030] loss = 0.000787
[e072 s1000/1030] loss = 0.000838
Epoch 072: train_loss = 0.000839  MAE = 31.910  RMSE = 61.040  GAME1 = 38.577  GAME2 = 44.333  GAME3 = 48.560  lr = 1.00e-05  time = 20.2s
[e073 s0001/1030] loss = 0.000134
[e073 s0050/1030] loss = 0.000392
[e073 s0100/1030] loss = 0.000465
[e073 s0150/1030] loss = 0.000475
[e073 s0200/1030] loss = 0.000614
[e073 s0250/1030] loss = 0.000665
[e073 s0300/1030] loss = 0.000630
[e073 s0350/1030] loss = 0.000600
[e073 s0400/1030] loss = 0.000789
[e073 s0450/1030] loss = 0.000779
[e073 s0500/1030] loss = 0.000753
[e073 s0550/1030] loss = 0.000830
[e073 s0600/1030] loss = 0.000864
[e073 s0650/1030] loss = 0.000955
[e073 s0700/1030] loss = 0.000945
[e073 s0750/1030] loss = 0.001014
[e073 s0800/1030] loss = 0.000994
[e073 s0850/1030] loss = 0.000989
[e073 s0900/1030] loss = 0.000995
[e073 s0950/1030] loss = 0.000981
[e073 s1000/1030] loss = 0.001026
Epoch 073: train_loss = 0.001010  MAE = 50.564  RMSE = 76.196  GAME1 = 55.657  GAME2 = 61.028  GAME3 = 64.030  lr = 1.00e-05  time = 19.5s
[e074 s0001/1030] loss = 0.000019
[e074 s0050/1030] loss = 0.002122
[e074 s0100/1030] loss = 0.001518
[e074 s0150/1030] loss = 0.001336
[e074 s0200/1030] loss = 0.001186
[e074 s0250/1030] loss = 0.001157
[e074 s0300/1030] loss = 0.001092
[e074 s0350/1030] loss = 0.001263
[e074 s0400/1030] loss = 0.001205
[e074 s0450/1030] loss = 0.001223
[e074 s0500/1030] loss = 0.001178
[e074 s0550/1030] loss = 0.001118
[e074 s0600/1030] loss = 0.001066
[e074 s0650/1030] loss = 0.001097
[e074 s0700/1030] loss = 0.001104
[e074 s0750/1030] loss = 0.001085
[e074 s0800/1030] loss = 0.001050
[e074 s0850/1030] loss = 0.001025
[e074 s0900/1030] loss = 0.001041
[e074 s0950/1030] loss = 0.001053
[e074 s1000/1030] loss = 0.001044
Epoch 074: train_loss = 0.001026  MAE = 44.326  RMSE = 70.238  GAME1 = 46.252  GAME2 = 48.552  GAME3 = 50.263  lr = 1.00e-05  time = 19.2s
[e075 s0001/1030] loss = 0.000191
[e075 s0050/1030] loss = 0.000700
[e075 s0100/1030] loss = 0.000644
[e075 s0150/1030] loss = 0.000825
[e075 s0200/1030] loss = 0.000818
[e075 s0250/1030] loss = 0.000871
[e075 s0300/1030] loss = 0.000896
[e075 s0350/1030] loss = 0.000877
[e075 s0400/1030] loss = 0.000853
[e075 s0450/1030] loss = 0.000847
[e075 s0500/1030] loss = 0.000814
[e075 s0550/1030] loss = 0.000786
[e075 s0600/1030] loss = 0.000796
[e075 s0650/1030] loss = 0.000789
[e075 s0700/1030] loss = 0.000843
[e075 s0750/1030] loss = 0.000878
[e075 s0800/1030] loss = 0.000871
[e075 s0850/1030] loss = 0.000856
[e075 s0900/1030] loss = 0.000852
[e075 s0950/1030] loss = 0.000845
[e075 s1000/1030] loss = 0.000900
Epoch 075: train_loss = 0.000884  MAE = 40.711  RMSE = 69.304  GAME1 = 49.287  GAME2 = 57.150  GAME3 = 61.600  lr = 1.00e-05  time = 19.3s
[e076 s0001/1030] loss = 0.000323
[e076 s0050/1030] loss = 0.000633
[e076 s0100/1030] loss = 0.000894
[e076 s0150/1030] loss = 0.000842
[e076 s0200/1030] loss = 0.000764
[e076 s0250/1030] loss = 0.000781
[e076 s0300/1030] loss = 0.000792
[e076 s0350/1030] loss = 0.000777
[e076 s0400/1030] loss = 0.000800
[e076 s0450/1030] loss = 0.000792
[e076 s0500/1030] loss = 0.000829
[e076 s0550/1030] loss = 0.000873
[e076 s0600/1030] loss = 0.000867
[e076 s0650/1030] loss = 0.000850
[e076 s0700/1030] loss = 0.000828
[e076 s0750/1030] loss = 0.000899
[e076 s0800/1030] loss = 0.000891
[e076 s0850/1030] loss = 0.000913
[e076 s0900/1030] loss = 0.000924
[e076 s0950/1030] loss = 0.000911
[e076 s1000/1030] loss = 0.000906
Epoch 076: train_loss = 0.000942  MAE = 72.358  RMSE = 93.633  GAME1 = 72.358  GAME2 = 72.358  GAME3 = 72.358  lr = 1.00e-05  time = 19.8s
[e077 s0001/1030] loss = 0.005404
[e077 s0050/1030] loss = 0.001426
[e077 s0100/1030] loss = 0.000954
[e077 s0150/1030] loss = 0.000943
[e077 s0200/1030] loss = 0.000917
[e077 s0250/1030] loss = 0.000868
[e077 s0300/1030] loss = 0.000891
[e077 s0350/1030] loss = 0.000967
[e077 s0400/1030] loss = 0.000899
[e077 s0450/1030] loss = 0.000921
[e077 s0500/1030] loss = 0.000874
[e077 s0550/1030] loss = 0.000849
[e077 s0600/1030] loss = 0.000824
[e077 s0650/1030] loss = 0.000819
[e077 s0700/1030] loss = 0.000817
[e077 s0750/1030] loss = 0.000813
[e077 s0800/1030] loss = 0.000966
[e077 s0850/1030] loss = 0.000999
[e077 s0900/1030] loss = 0.000997
[e077 s0950/1030] loss = 0.000990
[e077 s1000/1030] loss = 0.000966
Epoch 077: train_loss = 0.000958  MAE = 39.011  RMSE = 64.644  GAME1 = 42.937  GAME2 = 47.140  GAME3 = 50.032  lr = 1.00e-05  time = 19.5s
[e078 s0001/1030] loss = 0.000509
[e078 s0050/1030] loss = 0.000910
[e078 s0100/1030] loss = 0.000956
[e078 s0150/1030] loss = 0.000875
[e078 s0200/1030] loss = 0.000851
[e078 s0250/1030] loss = 0.000851
[e078 s0300/1030] loss = 0.000806
[e078 s0350/1030] loss = 0.000744
[e078 s0400/1030] loss = 0.000778
[e078 s0450/1030] loss = 0.000936
[e078 s0500/1030] loss = 0.000914
[e078 s0550/1030] loss = 0.001042
[e078 s0600/1030] loss = 0.001031
[e078 s0650/1030] loss = 0.000986
[e078 s0700/1030] loss = 0.000945
[e078 s0750/1030] loss = 0.000949
[e078 s0800/1030] loss = 0.000930
[e078 s0850/1030] loss = 0.000943
[e078 s0900/1030] loss = 0.000934
[e078 s0950/1030] loss = 0.000941
[e078 s1000/1030] loss = 0.000992
Epoch 078: train_loss = 0.000981  MAE = 53.966  RMSE = 78.873  GAME1 = 56.165  GAME2 = 59.040  GAME3 = 60.653  lr = 1.00e-05  time = 19.3s
[e079 s0001/1030] loss = 0.000083
[e079 s0050/1030] loss = 0.000961
[e079 s0100/1030] loss = 0.000992
[e079 s0150/1030] loss = 0.000981
[e079 s0200/1030] loss = 0.000872
[e079 s0250/1030] loss = 0.000850
[e079 s0300/1030] loss = 0.000868
[e079 s0350/1030] loss = 0.000846
[e079 s0400/1030] loss = 0.000839
[e079 s0450/1030] loss = 0.000822
[e079 s0500/1030] loss = 0.000851
[e079 s0550/1030] loss = 0.000846
[e079 s0600/1030] loss = 0.000839
[e079 s0650/1030] loss = 0.000839
[e079 s0700/1030] loss = 0.000822
[e079 s0750/1030] loss = 0.000823
[e079 s0800/1030] loss = 0.000817
[e079 s0850/1030] loss = 0.000820
[e079 s0900/1030] loss = 0.000820
[e079 s0950/1030] loss = 0.000817
[e079 s1000/1030] loss = 0.000805
Epoch 079: train_loss = 0.000805  MAE = 39.067  RMSE = 64.417  GAME1 = 43.830  GAME2 = 48.715  GAME3 = 51.829  lr = 1.00e-05  time = 19.4s
[e080 s0001/1030] loss = 0.000040
[e080 s0050/1030] loss = 0.002276
[e080 s0100/1030] loss = 0.001464
[e080 s0150/1030] loss = 0.001221
[e080 s0200/1030] loss = 0.001139
[e080 s0250/1030] loss = 0.001104
[e080 s0300/1030] loss = 0.001044
[e080 s0350/1030] loss = 0.000960
[e080 s0400/1030] loss = 0.000949
[e080 s0450/1030] loss = 0.001134
[e080 s0500/1030] loss = 0.001118
[e080 s0550/1030] loss = 0.001119
[e080 s0600/1030] loss = 0.001123
[e080 s0650/1030] loss = 0.001087
[e080 s0700/1030] loss = 0.001057
[e080 s0750/1030] loss = 0.001094
[e080 s0800/1030] loss = 0.001056
[e080 s0850/1030] loss = 0.001064
[e080 s0900/1030] loss = 0.001043
[e080 s0950/1030] loss = 0.001055
[e080 s1000/1030] loss = 0.001042
Epoch 080: train_loss = 0.001030  MAE = 31.961  RMSE = 60.425  GAME1 = 43.053  GAME2 = 52.190  GAME3 = 57.784  lr = 1.00e-05  time = 20.0s
[e081 s0001/1030] loss = 0.000278
[e081 s0050/1030] loss = 0.000923
[e081 s0100/1030] loss = 0.000784
[e081 s0150/1030] loss = 0.000749
[e081 s0200/1030] loss = 0.000770
[e081 s0250/1030] loss = 0.000806
[e081 s0300/1030] loss = 0.000784
[e081 s0350/1030] loss = 0.000753
[e081 s0400/1030] loss = 0.000704
[e081 s0450/1030] loss = 0.000665
[e081 s0500/1030] loss = 0.000677
[e081 s0550/1030] loss = 0.000666
[e081 s0600/1030] loss = 0.000670
[e081 s0650/1030] loss = 0.000683
[e081 s0700/1030] loss = 0.000690
[e081 s0750/1030] loss = 0.000720
[e081 s0800/1030] loss = 0.000742
[e081 s0850/1030] loss = 0.000742
[e081 s0900/1030] loss = 0.000813
[e081 s0950/1030] loss = 0.000839
[e081 s1000/1030] loss = 0.000843
Epoch 081: train_loss = 0.000837  MAE = 32.931  RMSE = 62.295  GAME1 = 41.596  GAME2 = 48.855  GAME3 = 53.576  lr = 1.00e-05  time = 19.2s
[e082 s0001/1030] loss = 0.000083
[e082 s0050/1030] loss = 0.000569
[e082 s0100/1030] loss = 0.000671
[e082 s0150/1030] loss = 0.000692
[e082 s0200/1030] loss = 0.001024
[e082 s0250/1030] loss = 0.000993
[e082 s0300/1030] loss = 0.000964
[e082 s0350/1030] loss = 0.000894
[e082 s0400/1030] loss = 0.001089
[e082 s0450/1030] loss = 0.001059
[e082 s0500/1030] loss = 0.001020
[e082 s0550/1030] loss = 0.000989
[e082 s0600/1030] loss = 0.000984
[e082 s0650/1030] loss = 0.001017
[e082 s0700/1030] loss = 0.001017
[e082 s0750/1030] loss = 0.001010
[e082 s0800/1030] loss = 0.000999
[e082 s0850/1030] loss = 0.000972
[e082 s0900/1030] loss = 0.000955
[e082 s0950/1030] loss = 0.000948
[e082 s1000/1030] loss = 0.000961
Epoch 082: train_loss = 0.000945  MAE = 58.896  RMSE = 79.599  GAME1 = 58.912  GAME2 = 59.040  GAME3 = 59.435  lr = 1.00e-05  time = 19.4s
[e083 s0001/1030] loss = 0.001004
[e083 s0050/1030] loss = 0.000464
[e083 s0100/1030] loss = 0.000488
[e083 s0150/1030] loss = 0.000595
[e083 s0200/1030] loss = 0.000585
[e083 s0250/1030] loss = 0.000629
[e083 s0300/1030] loss = 0.000783
[e083 s0350/1030] loss = 0.000787
[e083 s0400/1030] loss = 0.000771
[e083 s0450/1030] loss = 0.000849
[e083 s0500/1030] loss = 0.000867
[e083 s0550/1030] loss = 0.000862
[e083 s0600/1030] loss = 0.000845
[e083 s0650/1030] loss = 0.000835
[e083 s0700/1030] loss = 0.000831
[e083 s0750/1030] loss = 0.000863
[e083 s0800/1030] loss = 0.000843
[e083 s0850/1030] loss = 0.000874
[e083 s0900/1030] loss = 0.000891
[e083 s0950/1030] loss = 0.000885
[e083 s1000/1030] loss = 0.000871
Epoch 083: train_loss = 0.000864  MAE = 33.261  RMSE = 64.095  GAME1 = 42.073  GAME2 = 49.694  GAME3 = 54.573  lr = 1.00e-05  time = 19.4s
[e084 s0001/1030] loss = 0.000961
[e084 s0050/1030] loss = 0.000633
[e084 s0100/1030] loss = 0.000697
[e084 s0150/1030] loss = 0.000660
[e084 s0200/1030] loss = 0.000725
[e084 s0250/1030] loss = 0.001137
[e084 s0300/1030] loss = 0.001189
[e084 s0350/1030] loss = 0.001146
[e084 s0400/1030] loss = 0.001157
[e084 s0450/1030] loss = 0.001075
[e084 s0500/1030] loss = 0.001042
[e084 s0550/1030] loss = 0.001026
[e084 s0600/1030] loss = 0.001000
[e084 s0650/1030] loss = 0.000999
[e084 s0700/1030] loss = 0.000990
[e084 s0750/1030] loss = 0.000986
[e084 s0800/1030] loss = 0.000954
[e084 s0850/1030] loss = 0.000996
[e084 s0900/1030] loss = 0.000987
[e084 s0950/1030] loss = 0.000995
[e084 s1000/1030] loss = 0.000981
Epoch 084: train_loss = 0.000966  MAE = 33.803  RMSE = 63.001  GAME1 = 41.604  GAME2 = 48.420  GAME3 = 52.691  lr = 1.00e-05  time = 19.8s
[e085 s0001/1030] loss = 0.000162
[e085 s0050/1030] loss = 0.000658
[e085 s0100/1030] loss = 0.000588
[e085 s0150/1030] loss = 0.000691
[e085 s0200/1030] loss = 0.000711
[e085 s0250/1030] loss = 0.000758
[e085 s0300/1030] loss = 0.000765
[e085 s0350/1030] loss = 0.000760
[e085 s0400/1030] loss = 0.000801
[e085 s0450/1030] loss = 0.000786
[e085 s0500/1030] loss = 0.000811
[e085 s0550/1030] loss = 0.000800
[e085 s0600/1030] loss = 0.000873
[e085 s0650/1030] loss = 0.000853
[e085 s0700/1030] loss = 0.000831
[e085 s0750/1030] loss = 0.000807
[e085 s0800/1030] loss = 0.000825
[e085 s0850/1030] loss = 0.000823
[e085 s0900/1030] loss = 0.000853
[e085 s0950/1030] loss = 0.000841
[e085 s1000/1030] loss = 0.000823
Epoch 085: train_loss = 0.000812  MAE = 43.032  RMSE = 69.686  GAME1 = 45.273  GAME2 = 48.111  GAME3 = 50.238  lr = 1.00e-05  time = 19.9s
[e086 s0001/1030] loss = 0.000168
[e086 s0050/1030] loss = 0.000978
[e086 s0100/1030] loss = 0.000825
[e086 s0150/1030] loss = 0.000775
[e086 s0200/1030] loss = 0.000679
[e086 s0250/1030] loss = 0.000706
[e086 s0300/1030] loss = 0.000736
[e086 s0350/1030] loss = 0.000903
[e086 s0400/1030] loss = 0.000856
[e086 s0450/1030] loss = 0.000885
[e086 s0500/1030] loss = 0.000947
[e086 s0550/1030] loss = 0.000892
[e086 s0600/1030] loss = 0.000857
[e086 s0650/1030] loss = 0.000836
[e086 s0700/1030] loss = 0.000936
[e086 s0750/1030] loss = 0.000988
[e086 s0800/1030] loss = 0.000985
[e086 s0850/1030] loss = 0.000956
[e086 s0900/1030] loss = 0.000940
[e086 s0950/1030] loss = 0.000941
[e086 s1000/1030] loss = 0.000962
Epoch 086: train_loss = 0.000969  MAE = 34.412  RMSE = 54.393  GAME1 = 44.529  GAME2 = 53.934  GAME3 = 61.056  lr = 1.00e-05  time = 19.5s
[e087 s0001/1030] loss = 0.000317
[e087 s0050/1030] loss = 0.000371
[e087 s0100/1030] loss = 0.000632
[e087 s0150/1030] loss = 0.000856
[e087 s0200/1030] loss = 0.000761
[e087 s0250/1030] loss = 0.000752
[e087 s0300/1030] loss = 0.000700
[e087 s0350/1030] loss = 0.000760
[e087 s0400/1030] loss = 0.000748
[e087 s0450/1030] loss = 0.000733
[e087 s0500/1030] loss = 0.000765
[e087 s0550/1030] loss = 0.000798
[e087 s0600/1030] loss = 0.000778
[e087 s0650/1030] loss = 0.000774
[e087 s0700/1030] loss = 0.000757
[e087 s0750/1030] loss = 0.000750
[e087 s0800/1030] loss = 0.000751
[e087 s0850/1030] loss = 0.000829
[e087 s0900/1030] loss = 0.000977
[e087 s0950/1030] loss = 0.000958
[e087 s1000/1030] loss = 0.000943
Epoch 087: train_loss = 0.000930  MAE = 53.678  RMSE = 77.028  GAME1 = 53.941  GAME2 = 54.652  GAME3 = 55.453  lr = 1.00e-05  time = 19.8s
[e088 s0001/1030] loss = 0.000086
[e088 s0050/1030] loss = 0.000640
[e088 s0100/1030] loss = 0.000767
[e088 s0150/1030] loss = 0.000747
[e088 s0200/1030] loss = 0.000671
[e088 s0250/1030] loss = 0.000769
[e088 s0300/1030] loss = 0.000925
[e088 s0350/1030] loss = 0.000974
[e088 s0400/1030] loss = 0.000946
[e088 s0450/1030] loss = 0.000937
[e088 s0500/1030] loss = 0.000943
[e088 s0550/1030] loss = 0.000927
[e088 s0600/1030] loss = 0.000934
[e088 s0650/1030] loss = 0.000939
[e088 s0700/1030] loss = 0.000915
[e088 s0750/1030] loss = 0.000882
[e088 s0800/1030] loss = 0.000896
[e088 s0850/1030] loss = 0.000870
[e088 s0900/1030] loss = 0.000870
[e088 s0950/1030] loss = 0.000882
[e088 s1000/1030] loss = 0.000872
Epoch 088: train_loss = 0.000865  MAE = 47.111  RMSE = 73.660  GAME1 = 47.792  GAME2 = 49.090  GAME3 = 50.729  lr = 1.00e-05  time = 19.5s
[e089 s0001/1030] loss = 0.000602
[e089 s0050/1030] loss = 0.000527
[e089 s0100/1030] loss = 0.000541
[e089 s0150/1030] loss = 0.000672
[e089 s0200/1030] loss = 0.001007
[e089 s0250/1030] loss = 0.001025
[e089 s0300/1030] loss = 0.001035
[e089 s0350/1030] loss = 0.001012
[e089 s0400/1030] loss = 0.000979
[e089 s0450/1030] loss = 0.000965
[e089 s0500/1030] loss = 0.000930
[e089 s0550/1030] loss = 0.000897
[e089 s0600/1030] loss = 0.000891
[e089 s0650/1030] loss = 0.000883
[e089 s0700/1030] loss = 0.000904
[e089 s0750/1030] loss = 0.000900
[e089 s0800/1030] loss = 0.000987
[e089 s0850/1030] loss = 0.000971
[e089 s0900/1030] loss = 0.000966
[e089 s0950/1030] loss = 0.000959
[e089 s1000/1030] loss = 0.000952
Epoch 089: train_loss = 0.000982  MAE = 28.931  RMSE = 55.654  GAME1 = 35.206  GAME2 = 40.961  GAME3 = 45.240  lr = 1.00e-05  time = 19.4s
[e090 s0001/1030] loss = 0.000161
[e090 s0050/1030] loss = 0.001011
[e090 s0100/1030] loss = 0.000884
[e090 s0150/1030] loss = 0.000953
[e090 s0200/1030] loss = 0.000824
[e090 s0250/1030] loss = 0.000748
[e090 s0300/1030] loss = 0.000723
[e090 s0350/1030] loss = 0.000716
[e090 s0400/1030] loss = 0.000764
[e090 s0450/1030] loss = 0.000838
[e090 s0500/1030] loss = 0.000834
[e090 s0550/1030] loss = 0.000846
[e090 s0600/1030] loss = 0.000829
[e090 s0650/1030] loss = 0.000826
[e090 s0700/1030] loss = 0.000842
[e090 s0750/1030] loss = 0.000845
[e090 s0800/1030] loss = 0.000825
[e090 s0850/1030] loss = 0.000827
[e090 s0900/1030] loss = 0.000825
[e090 s0950/1030] loss = 0.000824
[e090 s1000/1030] loss = 0.000832
Epoch 090: train_loss = 0.000824  MAE = 54.618  RMSE = 77.594  GAME1 = 54.672  GAME2 = 54.963  GAME3 = 55.435  lr = 1.00e-05  time = 19.4s
[e091 s0001/1030] loss = 0.000000
[e091 s0050/1030] loss = 0.000878
[e091 s0100/1030] loss = 0.000827
[e091 s0150/1030] loss = 0.000852
[e091 s0200/1030] loss = 0.000933
[e091 s0250/1030] loss = 0.000920
[e091 s0300/1030] loss = 0.000947
[e091 s0350/1030] loss = 0.000909
[e091 s0400/1030] loss = 0.000888
[e091 s0450/1030] loss = 0.000881
[e091 s0500/1030] loss = 0.000883
[e091 s0550/1030] loss = 0.000933
[e091 s0600/1030] loss = 0.001211
[e091 s0650/1030] loss = 0.001178
[e091 s0700/1030] loss = 0.001126
[e091 s0750/1030] loss = 0.001083
[e091 s0800/1030] loss = 0.001067
[e091 s0850/1030] loss = 0.001042
[e091 s0900/1030] loss = 0.001113
[e091 s0950/1030] loss = 0.001096
[e091 s1000/1030] loss = 0.001080
Epoch 091: train_loss = 0.001074  MAE = 48.279  RMSE = 73.144  GAME1 = 50.163  GAME2 = 53.090  GAME3 = 54.663  lr = 1.00e-05  time = 19.3s
[e092 s0001/1030] loss = 0.000461
[e092 s0050/1030] loss = 0.000634
[e092 s0100/1030] loss = 0.000634
[e092 s0150/1030] loss = 0.000769
[e092 s0200/1030] loss = 0.000871
[e092 s0250/1030] loss = 0.000871
[e092 s0300/1030] loss = 0.000817
[e092 s0350/1030] loss = 0.000784
[e092 s0400/1030] loss = 0.000769
[e092 s0450/1030] loss = 0.000795
[e092 s0500/1030] loss = 0.000880
[e092 s0550/1030] loss = 0.000868
[e092 s0600/1030] loss = 0.000882
[e092 s0650/1030] loss = 0.000942
[e092 s0700/1030] loss = 0.000905
[e092 s0750/1030] loss = 0.000941
[e092 s0800/1030] loss = 0.000930
[e092 s0850/1030] loss = 0.000917
[e092 s0900/1030] loss = 0.000901
[e092 s0950/1030] loss = 0.000883
[e092 s1000/1030] loss = 0.000872
Epoch 092: train_loss = 0.000858  MAE = 46.841  RMSE = 71.630  GAME1 = 48.403  GAME2 = 50.743  GAME3 = 52.124  lr = 1.00e-05  time = 19.9s
[e093 s0001/1030] loss = 0.001186
[e093 s0050/1030] loss = 0.000751
[e093 s0100/1030] loss = 0.001418
[e093 s0150/1030] loss = 0.001157
[e093 s0200/1030] loss = 0.001260
[e093 s0250/1030] loss = 0.001142
[e093 s0300/1030] loss = 0.001328
[e093 s0350/1030] loss = 0.001226
[e093 s0400/1030] loss = 0.001230
[e093 s0450/1030] loss = 0.001219
[e093 s0500/1030] loss = 0.001156
[e093 s0550/1030] loss = 0.001105
[e093 s0600/1030] loss = 0.001077
[e093 s0650/1030] loss = 0.001065
[e093 s0700/1030] loss = 0.001053
[e093 s0750/1030] loss = 0.001059
[e093 s0800/1030] loss = 0.001039
[e093 s0850/1030] loss = 0.001045
[e093 s0900/1030] loss = 0.001016
[e093 s0950/1030] loss = 0.000997
[e093 s1000/1030] loss = 0.000971
Epoch 093: train_loss = 0.000968  MAE = 37.295  RMSE = 67.111  GAME1 = 45.241  GAME2 = 52.411  GAME3 = 56.774  lr = 1.00e-05  time = 19.8s
[e094 s0001/1030] loss = 0.001030
[e094 s0050/1030] loss = 0.000535
[e094 s0100/1030] loss = 0.000545
[e094 s0150/1030] loss = 0.000612
[e094 s0200/1030] loss = 0.000579
[e094 s0250/1030] loss = 0.000536
[e094 s0300/1030] loss = 0.000606
[e094 s0350/1030] loss = 0.000629
[e094 s0400/1030] loss = 0.000696
[e094 s0450/1030] loss = 0.000722
[e094 s0500/1030] loss = 0.000727
[e094 s0550/1030] loss = 0.000720
[e094 s0600/1030] loss = 0.000719
[e094 s0650/1030] loss = 0.000746
[e094 s0700/1030] loss = 0.000747
[e094 s0750/1030] loss = 0.000747
[e094 s0800/1030] loss = 0.000741
[e094 s0850/1030] loss = 0.000765
[e094 s0900/1030] loss = 0.000780
[e094 s0950/1030] loss = 0.000790
[e094 s1000/1030] loss = 0.000793
Epoch 094: train_loss = 0.000787  MAE = 35.263  RMSE = 62.421  GAME1 = 44.248  GAME2 = 52.408  GAME3 = 57.243  lr = 1.00e-05  time = 19.9s
[e095 s0001/1030] loss = 0.000459
[e095 s0050/1030] loss = 0.001122
[e095 s0100/1030] loss = 0.001018
[e095 s0150/1030] loss = 0.000957
[e095 s0200/1030] loss = 0.000851
[e095 s0250/1030] loss = 0.000750
[e095 s0300/1030] loss = 0.001325
[e095 s0350/1030] loss = 0.001238
[e095 s0400/1030] loss = 0.001193
[e095 s0450/1030] loss = 0.001157
[e095 s0500/1030] loss = 0.001279
[e095 s0550/1030] loss = 0.001254
[e095 s0600/1030] loss = 0.001211
[e095 s0650/1030] loss = 0.001199
[e095 s0700/1030] loss = 0.001158
[e095 s0750/1030] loss = 0.001129
[e095 s0800/1030] loss = 0.001098
[e095 s0850/1030] loss = 0.001066
[e095 s0900/1030] loss = 0.001045
[e095 s0950/1030] loss = 0.001037
[e095 s1000/1030] loss = 0.001055
Epoch 095: train_loss = 0.001042  MAE = 50.323  RMSE = 74.894  GAME1 = 51.877  GAME2 = 54.128  GAME3 = 55.450  lr = 1.00e-05  time = 19.3s
[e096 s0001/1030] loss = 0.000110
[e096 s0050/1030] loss = 0.000628
[e096 s0100/1030] loss = 0.000586
[e096 s0150/1030] loss = 0.000744
[e096 s0200/1030] loss = 0.000710
[e096 s0250/1030] loss = 0.000700
[e096 s0300/1030] loss = 0.000673
[e096 s0350/1030] loss = 0.001254
[e096 s0400/1030] loss = 0.001204
[e096 s0450/1030] loss = 0.001140
[e096 s0500/1030] loss = 0.001123
[e096 s0550/1030] loss = 0.001120
[e096 s0600/1030] loss = 0.001073
[e096 s0650/1030] loss = 0.001047
[e096 s0700/1030] loss = 0.001033
[e096 s0750/1030] loss = 0.001021
[e096 s0800/1030] loss = 0.001011
[e096 s0850/1030] loss = 0.000992
[e096 s0900/1030] loss = 0.000981
[e096 s0950/1030] loss = 0.000962
[e096 s1000/1030] loss = 0.000944
Epoch 096: train_loss = 0.000973  MAE = 41.351  RMSE = 66.096  GAME1 = 42.326  GAME2 = 43.855  GAME3 = 46.003  lr = 1.00e-05  time = 19.4s
[e097 s0001/1030] loss = 0.000017
[e097 s0050/1030] loss = 0.000703
[e097 s0100/1030] loss = 0.000609
[e097 s0150/1030] loss = 0.000751
[e097 s0200/1030] loss = 0.000842
[e097 s0250/1030] loss = 0.000846
[e097 s0300/1030] loss = 0.000817
[e097 s0350/1030] loss = 0.000847
[e097 s0400/1030] loss = 0.000824
[e097 s0450/1030] loss = 0.000849
[e097 s0500/1030] loss = 0.000841
[e097 s0550/1030] loss = 0.000902
[e097 s0600/1030] loss = 0.000909
[e097 s0650/1030] loss = 0.000894
[e097 s0700/1030] loss = 0.000895
[e097 s0750/1030] loss = 0.000894
[e097 s0800/1030] loss = 0.001033
[e097 s0850/1030] loss = 0.001047
[e097 s0900/1030] loss = 0.001040
[e097 s0950/1030] loss = 0.001015
[e097 s1000/1030] loss = 0.001022
Epoch 097: train_loss = 0.001019  MAE = 40.970  RMSE = 70.257  GAME1 = 51.732  GAME2 = 61.281  GAME3 = 66.430  lr = 1.00e-05  time = 19.7s
[e098 s0001/1030] loss = 0.001954
[e098 s0050/1030] loss = 0.000455
[e098 s0100/1030] loss = 0.000637
[e098 s0150/1030] loss = 0.000619
[e098 s0200/1030] loss = 0.000642
[e098 s0250/1030] loss = 0.000610
[e098 s0300/1030] loss = 0.000751
[e098 s0350/1030] loss = 0.000892
[e098 s0400/1030] loss = 0.000875
[e098 s0450/1030] loss = 0.000854
[e098 s0500/1030] loss = 0.000933
[e098 s0550/1030] loss = 0.000948
[e098 s0600/1030] loss = 0.000922
[e098 s0650/1030] loss = 0.000898
[e098 s0700/1030] loss = 0.000859
[e098 s0750/1030] loss = 0.000860
[e098 s0800/1030] loss = 0.000910
[e098 s0850/1030] loss = 0.000905
[e098 s0900/1030] loss = 0.000882
[e098 s0950/1030] loss = 0.000876
[e098 s1000/1030] loss = 0.000871
Epoch 098: train_loss = 0.000869  MAE = 53.991  RMSE = 76.427  GAME1 = 54.085  GAME2 = 54.451  GAME3 = 55.053  lr = 1.00e-05  time = 19.5s
[e099 s0001/1030] loss = 0.000836
[e099 s0050/1030] loss = 0.001452
[e099 s0100/1030] loss = 0.001047
[e099 s0150/1030] loss = 0.000952
[e099 s0200/1030] loss = 0.000880
[e099 s0250/1030] loss = 0.000873
[e099 s0300/1030] loss = 0.000846
[e099 s0350/1030] loss = 0.000811
[e099 s0400/1030] loss = 0.000775
[e099 s0450/1030] loss = 0.000795
[e099 s0500/1030] loss = 0.000890
[e099 s0550/1030] loss = 0.000953
[e099 s0600/1030] loss = 0.000949
[e099 s0650/1030] loss = 0.000926
[e099 s0700/1030] loss = 0.000948
[e099 s0750/1030] loss = 0.000947
[e099 s0800/1030] loss = 0.000970
[e099 s0850/1030] loss = 0.000949
[e099 s0900/1030] loss = 0.000936
[e099 s0950/1030] loss = 0.000949
[e099 s1000/1030] loss = 0.000932
Epoch 099: train_loss = 0.000933  MAE = 40.101  RMSE = 66.772  GAME1 = 45.038  GAME2 = 50.225  GAME3 = 53.400  lr = 1.00e-05  time = 19.0s
[e100 s0001/1030] loss = 0.001013
[e100 s0050/1030] loss = 0.000691
[e100 s0100/1030] loss = 0.000576
[e100 s0150/1030] loss = 0.000635
[e100 s0200/1030] loss = 0.000701
[e100 s0250/1030] loss = 0.000636
[e100 s0300/1030] loss = 0.000756
[e100 s0350/1030] loss = 0.000754
[e100 s0400/1030] loss = 0.000767
[e100 s0450/1030] loss = 0.000737
[e100 s0500/1030] loss = 0.000800
[e100 s0550/1030] loss = 0.000795
[e100 s0600/1030] loss = 0.000783
[e100 s0650/1030] loss = 0.000778
[e100 s0700/1030] loss = 0.000770
[e100 s0750/1030] loss = 0.000776
[e100 s0800/1030] loss = 0.000878
[e100 s0850/1030] loss = 0.000865
[e100 s0900/1030] loss = 0.000860
[e100 s0950/1030] loss = 0.000845
[e100 s1000/1030] loss = 0.000833
Epoch 100: train_loss = 0.000834  MAE = 62.613  RMSE = 82.736  GAME1 = 62.616  GAME2 = 62.700  GAME3 = 62.952  lr = 1.00e-05  time = 19.8s
[done] best_mae = 23.371  best_path = /scratch/users/ntu/kenneth0/FYP-SmartObjectCounter/outputs/rgbt_adaptive_late_e100_sanity/12751056.pbs101_20260117_164923/best.pth
