[log] /scratch/users/ntu/kenneth0/FYP-SmartObjectCounter/logs/train_rgb_e100_12738426.pbs101_20260114_203843.log
[init] device = cuda
[init] train = 1030  val = 200  workers = 4
[e001 s0001/1030] loss = 3238.206543
[e001 s0050/1030] loss = 815.779986
[e001 s0100/1030] loss = 408.376986
[e001 s0150/1030] loss = 272.260238
[e001 s0200/1030] loss = 204.196350
[e001 s0250/1030] loss = 163.357596
[e001 s0300/1030] loss = 136.131610
[e001 s0350/1030] loss = 116.684394
[e001 s0400/1030] loss = 102.099009
[e001 s0450/1030] loss = 90.754825
[e001 s0500/1030] loss = 81.679478
[e001 s0550/1030] loss = 74.254146
[e001 s0600/1030] loss = 68.066393
[e001 s0650/1030] loss = 62.830578
[e001 s0700/1030] loss = 58.342747
[e001 s0750/1030] loss = 54.453285
[e001 s0800/1030] loss = 51.050007
[e001 s0850/1030] loss = 48.047105
[e001 s0900/1030] loss = 45.377856
[e001 s0950/1030] loss = 42.989597
[e001 s1000/1030] loss = 40.840169
-> saved rgb_best.pth (MAE/GAME0 61.04)
Epoch 001: train_loss = 39.650678  MAE/GAME0 = 61.04  RMSE = 76.22  GAME1 = 20.23  GAME2 = 6.63  GAME3 = 1.91  lr = 1.00e-05  time = 89.9s
[e002 s0001/1030] loss = 0.000527
[e002 s0050/1030] loss = 0.001646
[e002 s0100/1030] loss = 0.001103
[e002 s0150/1030] loss = 0.000922
[e002 s0200/1030] loss = 0.000789
[e002 s0250/1030] loss = 0.000809
[e002 s0300/1030] loss = 0.000822
[e002 s0350/1030] loss = 0.000785
[e002 s0400/1030] loss = 0.000801
[e002 s0450/1030] loss = 0.000767
[e002 s0500/1030] loss = 0.000788
[e002 s0550/1030] loss = 0.000799
[e002 s0600/1030] loss = 0.000782
[e002 s0650/1030] loss = 0.000752
[e002 s0700/1030] loss = 0.000719
[e002 s0750/1030] loss = 0.000690
[e002 s0800/1030] loss = 0.000689
[e002 s0850/1030] loss = 0.000686
[e002 s0900/1030] loss = 0.000672
[e002 s0950/1030] loss = 0.000746
[e002 s1000/1030] loss = 0.000751
-> saved rgb_best.pth (MAE/GAME0 55.36)
Epoch 002: train_loss = 0.000742  MAE/GAME0 = 55.36  RMSE = 77.11  GAME1 = 18.10  GAME2 = 5.96  GAME3 = 1.75  lr = 1.00e-05  time = 24.0s
[e003 s0001/1030] loss = 0.000085
[e003 s0050/1030] loss = 0.000422
[e003 s0100/1030] loss = 0.000692
[e003 s0150/1030] loss = 0.000837
[e003 s0200/1030] loss = 0.000740
[e003 s0250/1030] loss = 0.000849
[e003 s0300/1030] loss = 0.000891
[e003 s0350/1030] loss = 0.000887
[e003 s0400/1030] loss = 0.000823
[e003 s0450/1030] loss = 0.000765
[e003 s0500/1030] loss = 0.000742
[e003 s0550/1030] loss = 0.000757
[e003 s0600/1030] loss = 0.000733
[e003 s0650/1030] loss = 0.000715
[e003 s0700/1030] loss = 0.000815
[e003 s0750/1030] loss = 0.000807
[e003 s0800/1030] loss = 0.000812
[e003 s0850/1030] loss = 0.000801
[e003 s0900/1030] loss = 0.000785
[e003 s0950/1030] loss = 0.000774
[e003 s1000/1030] loss = 0.000755
-> saved rgb_best.pth (MAE/GAME0 48.20)
Epoch 003: train_loss = 0.000746  MAE/GAME0 = 48.20  RMSE = 76.43  GAME1 = 15.56  GAME2 = 5.23  GAME3 = 1.58  lr = 1.00e-05  time = 24.3s
[e004 s0001/1030] loss = 0.000128
[e004 s0050/1030] loss = 0.001086
[e004 s0100/1030] loss = 0.000681
[e004 s0150/1030] loss = 0.000564
[e004 s0200/1030] loss = 0.000500
[e004 s0250/1030] loss = 0.000881
[e004 s0300/1030] loss = 0.000825
[e004 s0350/1030] loss = 0.000789
[e004 s0400/1030] loss = 0.000732
[e004 s0450/1030] loss = 0.001003
[e004 s0500/1030] loss = 0.000947
[e004 s0550/1030] loss = 0.000964
[e004 s0600/1030] loss = 0.000921
[e004 s0650/1030] loss = 0.000894
[e004 s0700/1030] loss = 0.000891
[e004 s0750/1030] loss = 0.000875
[e004 s0800/1030] loss = 0.000831
[e004 s0850/1030] loss = 0.000827
[e004 s0900/1030] loss = 0.000796
[e004 s0950/1030] loss = 0.000810
[e004 s1000/1030] loss = 0.000827
Epoch 004: train_loss = 0.000809  MAE/GAME0 = 49.43  RMSE = 78.28  GAME1 = 13.64  GAME2 = 3.98  GAME3 = 1.16  lr = 1.00e-05  time = 24.2s
[e005 s0001/1030] loss = 0.000055
[e005 s0050/1030] loss = 0.000366
[e005 s0100/1030] loss = 0.000407
[e005 s0150/1030] loss = 0.000521
[e005 s0200/1030] loss = 0.000478
[e005 s0250/1030] loss = 0.000563
[e005 s0300/1030] loss = 0.000544
[e005 s0350/1030] loss = 0.000564
[e005 s0400/1030] loss = 0.000605
[e005 s0450/1030] loss = 0.000565
[e005 s0500/1030] loss = 0.000555
[e005 s0550/1030] loss = 0.000548
[e005 s0600/1030] loss = 0.000601
[e005 s0650/1030] loss = 0.000599
[e005 s0700/1030] loss = 0.000579
[e005 s0750/1030] loss = 0.000566
[e005 s0800/1030] loss = 0.000586
[e005 s0850/1030] loss = 0.000575
[e005 s0900/1030] loss = 0.000564
[e005 s0950/1030] loss = 0.000559
[e005 s1000/1030] loss = 0.000724
-> saved rgb_best.pth (MAE/GAME0 32.60)
Epoch 005: train_loss = 0.000720  MAE/GAME0 = 32.60  RMSE = 59.91  GAME1 = 11.70  GAME2 = 4.00  GAME3 = 1.23  lr = 1.00e-05  time = 24.3s
[e006 s0001/1030] loss = 0.000037
[e006 s0050/1030] loss = 0.000502
[e006 s0100/1030] loss = 0.000963
[e006 s0150/1030] loss = 0.001100
[e006 s0200/1030] loss = 0.001082
[e006 s0250/1030] loss = 0.001086
[e006 s0300/1030] loss = 0.000953
[e006 s0350/1030] loss = 0.000906
[e006 s0400/1030] loss = 0.000877
[e006 s0450/1030] loss = 0.000872
[e006 s0500/1030] loss = 0.000815
[e006 s0550/1030] loss = 0.000899
[e006 s0600/1030] loss = 0.000855
[e006 s0650/1030] loss = 0.000835
[e006 s0700/1030] loss = 0.000823
[e006 s0750/1030] loss = 0.000793
[e006 s0800/1030] loss = 0.000766
[e006 s0850/1030] loss = 0.000753
[e006 s0900/1030] loss = 0.000738
[e006 s0950/1030] loss = 0.000723
[e006 s1000/1030] loss = 0.000707
Epoch 006: train_loss = 0.000699  MAE/GAME0 = 40.56  RMSE = 63.64  GAME1 = 13.67  GAME2 = 4.40  GAME3 = 1.30  lr = 1.00e-05  time = 24.6s
[e007 s0001/1030] loss = 0.000093
[e007 s0050/1030] loss = 0.000322
[e007 s0100/1030] loss = 0.000588
[e007 s0150/1030] loss = 0.000818
[e007 s0200/1030] loss = 0.000724
[e007 s0250/1030] loss = 0.000657
[e007 s0300/1030] loss = 0.001166
[e007 s0350/1030] loss = 0.001105
[e007 s0400/1030] loss = 0.001000
[e007 s0450/1030] loss = 0.000952
[e007 s0500/1030] loss = 0.000904
[e007 s0550/1030] loss = 0.000855
[e007 s0600/1030] loss = 0.000826
[e007 s0650/1030] loss = 0.000791
[e007 s0700/1030] loss = 0.000797
[e007 s0750/1030] loss = 0.000764
[e007 s0800/1030] loss = 0.000739
[e007 s0850/1030] loss = 0.000719
[e007 s0900/1030] loss = 0.000693
[e007 s0950/1030] loss = 0.000688
[e007 s1000/1030] loss = 0.000688
Epoch 007: train_loss = 0.000679  MAE/GAME0 = 33.37  RMSE = 65.87  GAME1 = 11.01  GAME2 = 3.39  GAME3 = 0.97  lr = 1.00e-05  time = 24.6s
[e008 s0001/1030] loss = 0.000370
[e008 s0050/1030] loss = 0.000351
[e008 s0100/1030] loss = 0.000520
[e008 s0150/1030] loss = 0.000591
[e008 s0200/1030] loss = 0.000506
[e008 s0250/1030] loss = 0.000560
[e008 s0300/1030] loss = 0.000520
[e008 s0350/1030] loss = 0.000496
[e008 s0400/1030] loss = 0.000463
[e008 s0450/1030] loss = 0.000486
[e008 s0500/1030] loss = 0.000467
[e008 s0550/1030] loss = 0.000518
[e008 s0600/1030] loss = 0.000503
[e008 s0650/1030] loss = 0.000489
[e008 s0700/1030] loss = 0.000501
[e008 s0750/1030] loss = 0.000505
[e008 s0800/1030] loss = 0.000547
[e008 s0850/1030] loss = 0.000536
[e008 s0900/1030] loss = 0.000540
[e008 s0950/1030] loss = 0.000555
[e008 s1000/1030] loss = 0.000549
-> saved rgb_best.pth (MAE/GAME0 31.91)
Epoch 008: train_loss = 0.000547  MAE/GAME0 = 31.91  RMSE = 58.24  GAME1 = 11.57  GAME2 = 3.75  GAME3 = 1.09  lr = 1.00e-05  time = 24.4s
[e009 s0001/1030] loss = 0.007763
[e009 s0050/1030] loss = 0.000405
[e009 s0100/1030] loss = 0.000406
[e009 s0150/1030] loss = 0.000439
[e009 s0200/1030] loss = 0.000663
[e009 s0250/1030] loss = 0.000597
[e009 s0300/1030] loss = 0.000591
[e009 s0350/1030] loss = 0.000650
[e009 s0400/1030] loss = 0.000621
[e009 s0450/1030] loss = 0.000573
[e009 s0500/1030] loss = 0.000564
[e009 s0550/1030] loss = 0.000542
[e009 s0600/1030] loss = 0.000600
[e009 s0650/1030] loss = 0.000572
[e009 s0700/1030] loss = 0.000591
[e009 s0750/1030] loss = 0.000577
[e009 s0800/1030] loss = 0.000585
[e009 s0850/1030] loss = 0.000598
[e009 s0900/1030] loss = 0.000574
[e009 s0950/1030] loss = 0.000556
[e009 s1000/1030] loss = 0.000558
Epoch 009: train_loss = 0.000568  MAE/GAME0 = 56.47  RMSE = 77.06  GAME1 = 15.65  GAME2 = 4.54  GAME3 = 1.29  lr = 1.00e-05  time = 24.2s
[e010 s0001/1030] loss = 0.000093
[e010 s0050/1030] loss = 0.000684
[e010 s0100/1030] loss = 0.000486
[e010 s0150/1030] loss = 0.000544
[e010 s0200/1030] loss = 0.000589
[e010 s0250/1030] loss = 0.000554
[e010 s0300/1030] loss = 0.000534
[e010 s0350/1030] loss = 0.000532
[e010 s0400/1030] loss = 0.000623
[e010 s0450/1030] loss = 0.000580
[e010 s0500/1030] loss = 0.000629
[e010 s0550/1030] loss = 0.000593
[e010 s0600/1030] loss = 0.000578
[e010 s0650/1030] loss = 0.000568
[e010 s0700/1030] loss = 0.000543
[e010 s0750/1030] loss = 0.000523
[e010 s0800/1030] loss = 0.000625
[e010 s0850/1030] loss = 0.000840
[e010 s0900/1030] loss = 0.000826
[e010 s0950/1030] loss = 0.000803
[e010 s1000/1030] loss = 0.000793
Epoch 010: train_loss = 0.000778  MAE/GAME0 = 35.16  RMSE = 65.24  GAME1 = 10.57  GAME2 = 3.25  GAME3 = 0.97  lr = 1.00e-05  time = 24.4s
[e011 s0001/1030] loss = 0.000003
[e011 s0050/1030] loss = 0.000719
[e011 s0100/1030] loss = 0.001341
[e011 s0150/1030] loss = 0.001050
[e011 s0200/1030] loss = 0.001089
[e011 s0250/1030] loss = 0.000953
[e011 s0300/1030] loss = 0.000856
[e011 s0350/1030] loss = 0.000938
[e011 s0400/1030] loss = 0.000877
[e011 s0450/1030] loss = 0.000800
[e011 s0500/1030] loss = 0.000762
[e011 s0550/1030] loss = 0.000724
[e011 s0600/1030] loss = 0.000683
[e011 s0650/1030] loss = 0.000716
[e011 s0700/1030] loss = 0.000732
[e011 s0750/1030] loss = 0.000695
[e011 s0800/1030] loss = 0.000691
[e011 s0850/1030] loss = 0.000682
[e011 s0900/1030] loss = 0.000670
[e011 s0950/1030] loss = 0.000661
[e011 s1000/1030] loss = 0.000647
Epoch 011: train_loss = 0.000637  MAE/GAME0 = 33.77  RMSE = 63.96  GAME1 = 10.42  GAME2 = 3.23  GAME3 = 0.96  lr = 1.00e-05  time = 25.7s
[e012 s0001/1030] loss = 0.000029
[e012 s0050/1030] loss = 0.000512
[e012 s0100/1030] loss = 0.000392
[e012 s0150/1030] loss = 0.000421
[e012 s0200/1030] loss = 0.000408
[e012 s0250/1030] loss = 0.000497
[e012 s0300/1030] loss = 0.000456
[e012 s0350/1030] loss = 0.000417
[e012 s0400/1030] loss = 0.000430
[e012 s0450/1030] loss = 0.000496
[e012 s0500/1030] loss = 0.000479
[e012 s0550/1030] loss = 0.000487
[e012 s0600/1030] loss = 0.000489
[e012 s0650/1030] loss = 0.000476
[e012 s0700/1030] loss = 0.000470
[e012 s0750/1030] loss = 0.000464
[e012 s0800/1030] loss = 0.000473
[e012 s0850/1030] loss = 0.000470
[e012 s0900/1030] loss = 0.000469
[e012 s0950/1030] loss = 0.000466
[e012 s1000/1030] loss = 0.000459
Epoch 012: train_loss = 0.000485  MAE/GAME0 = 31.98  RMSE = 61.93  GAME1 = 10.18  GAME2 = 3.15  GAME3 = 0.93  lr = 1.00e-05  time = 25.2s
[e013 s0001/1030] loss = 0.000308
[e013 s0050/1030] loss = 0.000502
[e013 s0100/1030] loss = 0.001077
[e013 s0150/1030] loss = 0.000877
[e013 s0200/1030] loss = 0.001034
[e013 s0250/1030] loss = 0.000938
[e013 s0300/1030] loss = 0.000826
[e013 s0350/1030] loss = 0.000958
[e013 s0400/1030] loss = 0.000909
[e013 s0450/1030] loss = 0.000841
[e013 s0500/1030] loss = 0.000820
[e013 s0550/1030] loss = 0.000793
[e013 s0600/1030] loss = 0.000834
[e013 s0650/1030] loss = 0.000810
[e013 s0700/1030] loss = 0.000770
[e013 s0750/1030] loss = 0.000744
[e013 s0800/1030] loss = 0.000716
[e013 s0850/1030] loss = 0.000705
[e013 s0900/1030] loss = 0.000697
[e013 s0950/1030] loss = 0.000670
[e013 s1000/1030] loss = 0.000654
-> saved rgb_best.pth (MAE/GAME0 30.32)
Epoch 013: train_loss = 0.000644  MAE/GAME0 = 30.32  RMSE = 61.32  GAME1 = 10.82  GAME2 = 3.37  GAME3 = 0.96  lr = 1.00e-05  time = 24.4s
[e014 s0001/1030] loss = 0.000135
[e014 s0050/1030] loss = 0.000321
[e014 s0100/1030] loss = 0.000337
[e014 s0150/1030] loss = 0.000361
[e014 s0200/1030] loss = 0.000425
[e014 s0250/1030] loss = 0.000379
[e014 s0300/1030] loss = 0.000374
[e014 s0350/1030] loss = 0.000374
[e014 s0400/1030] loss = 0.000363
[e014 s0450/1030] loss = 0.000359
[e014 s0500/1030] loss = 0.000384
[e014 s0550/1030] loss = 0.000574
[e014 s0600/1030] loss = 0.000546
[e014 s0650/1030] loss = 0.000630
[e014 s0700/1030] loss = 0.000656
[e014 s0750/1030] loss = 0.000641
[e014 s0800/1030] loss = 0.000643
[e014 s0850/1030] loss = 0.000624
[e014 s0900/1030] loss = 0.000609
[e014 s0950/1030] loss = 0.000587
[e014 s1000/1030] loss = 0.000579
Epoch 014: train_loss = 0.000578  MAE/GAME0 = 33.51  RMSE = 64.31  GAME1 = 10.49  GAME2 = 3.16  GAME3 = 0.92  lr = 1.00e-05  time = 24.0s
[e015 s0001/1030] loss = 0.000080
[e015 s0050/1030] loss = 0.000258
[e015 s0100/1030] loss = 0.000590
[e015 s0150/1030] loss = 0.000679
[e015 s0200/1030] loss = 0.000640
[e015 s0250/1030] loss = 0.000573
[e015 s0300/1030] loss = 0.000610
[e015 s0350/1030] loss = 0.000573
[e015 s0400/1030] loss = 0.000574
[e015 s0450/1030] loss = 0.000555
[e015 s0500/1030] loss = 0.000537
[e015 s0550/1030] loss = 0.000527
[e015 s0600/1030] loss = 0.000527
[e015 s0650/1030] loss = 0.000513
[e015 s0700/1030] loss = 0.000512
[e015 s0750/1030] loss = 0.000506
[e015 s0800/1030] loss = 0.000499
[e015 s0850/1030] loss = 0.000525
[e015 s0900/1030] loss = 0.000510
[e015 s0950/1030] loss = 0.000553
[e015 s1000/1030] loss = 0.000546
Epoch 015: train_loss = 0.000562  MAE/GAME0 = 77.44  RMSE = 95.41  GAME1 = 20.71  GAME2 = 5.78  GAME3 = 1.59  lr = 1.00e-05  time = 25.4s
[e016 s0001/1030] loss = 0.000555
[e016 s0050/1030] loss = 0.000628
[e016 s0100/1030] loss = 0.000488
[e016 s0150/1030] loss = 0.000455
[e016 s0200/1030] loss = 0.000465
[e016 s0250/1030] loss = 0.000428
[e016 s0300/1030] loss = 0.000389
[e016 s0350/1030] loss = 0.000414
[e016 s0400/1030] loss = 0.000523
[e016 s0450/1030] loss = 0.000511
[e016 s0500/1030] loss = 0.000496
[e016 s0550/1030] loss = 0.000485
[e016 s0600/1030] loss = 0.000495
[e016 s0650/1030] loss = 0.000525
[e016 s0700/1030] loss = 0.000549
[e016 s0750/1030] loss = 0.000567
[e016 s0800/1030] loss = 0.000572
[e016 s0850/1030] loss = 0.000572
[e016 s0900/1030] loss = 0.000556
[e016 s0950/1030] loss = 0.000611
[e016 s1000/1030] loss = 0.000592
Epoch 016: train_loss = 0.000594  MAE/GAME0 = 53.83  RMSE = 79.03  GAME1 = 15.04  GAME2 = 4.35  GAME3 = 1.24  lr = 1.00e-05  time = 24.1s
[e017 s0001/1030] loss = 0.001149
[e017 s0050/1030] loss = 0.001882
[e017 s0100/1030] loss = 0.001227
[e017 s0150/1030] loss = 0.000929
[e017 s0200/1030] loss = 0.000788
[e017 s0250/1030] loss = 0.001248
[e017 s0300/1030] loss = 0.001119
[e017 s0350/1030] loss = 0.001069
[e017 s0400/1030] loss = 0.001085
[e017 s0450/1030] loss = 0.001018
[e017 s0500/1030] loss = 0.001009
[e017 s0550/1030] loss = 0.000984
[e017 s0600/1030] loss = 0.000950
[e017 s0650/1030] loss = 0.000899
[e017 s0700/1030] loss = 0.000851
[e017 s0750/1030] loss = 0.000827
[e017 s0800/1030] loss = 0.000801
[e017 s0850/1030] loss = 0.000809
[e017 s0900/1030] loss = 0.000859
[e017 s0950/1030] loss = 0.000829
[e017 s1000/1030] loss = 0.000829
Epoch 017: train_loss = 0.000816  MAE/GAME0 = 38.04  RMSE = 61.89  GAME1 = 13.43  GAME2 = 4.34  GAME3 = 1.25  lr = 1.00e-05  time = 24.4s
[e018 s0001/1030] loss = 0.000019
[e018 s0050/1030] loss = 0.000762
[e018 s0100/1030] loss = 0.000542
[e018 s0150/1030] loss = 0.000531
[e018 s0200/1030] loss = 0.000483
[e018 s0250/1030] loss = 0.000472
[e018 s0300/1030] loss = 0.000432
[e018 s0350/1030] loss = 0.000419
[e018 s0400/1030] loss = 0.000388
[e018 s0450/1030] loss = 0.000407
[e018 s0500/1030] loss = 0.000396
[e018 s0550/1030] loss = 0.000456
[e018 s0600/1030] loss = 0.000458
[e018 s0650/1030] loss = 0.000448
[e018 s0700/1030] loss = 0.000446
[e018 s0750/1030] loss = 0.000438
[e018 s0800/1030] loss = 0.000436
[e018 s0850/1030] loss = 0.000433
[e018 s0900/1030] loss = 0.000453
[e018 s0950/1030] loss = 0.000458
[e018 s1000/1030] loss = 0.000461
Epoch 018: train_loss = 0.000458  MAE/GAME0 = 36.54  RMSE = 66.70  GAME1 = 10.91  GAME2 = 3.29  GAME3 = 0.96  lr = 1.00e-05  time = 24.9s
[e019 s0001/1030] loss = 0.002037
[e019 s0050/1030] loss = 0.000686
[e019 s0100/1030] loss = 0.000834
[e019 s0150/1030] loss = 0.000714
[e019 s0200/1030] loss = 0.000655
[e019 s0250/1030] loss = 0.000705
[e019 s0300/1030] loss = 0.000626
[e019 s0350/1030] loss = 0.000578
[e019 s0400/1030] loss = 0.000557
[e019 s0450/1030] loss = 0.000530
[e019 s0500/1030] loss = 0.000566
[e019 s0550/1030] loss = 0.000557
[e019 s0600/1030] loss = 0.000556
[e019 s0650/1030] loss = 0.000541
[e019 s0700/1030] loss = 0.000517
[e019 s0750/1030] loss = 0.000499
[e019 s0800/1030] loss = 0.000499
[e019 s0850/1030] loss = 0.000488
[e019 s0900/1030] loss = 0.000487
[e019 s0950/1030] loss = 0.000474
[e019 s1000/1030] loss = 0.000471
Epoch 019: train_loss = 0.000472  MAE/GAME0 = 47.68  RMSE = 70.05  GAME1 = 13.97  GAME2 = 4.14  GAME3 = 1.18  lr = 1.00e-05  time = 23.9s
[e020 s0001/1030] loss = 0.000232
[e020 s0050/1030] loss = 0.000799
[e020 s0100/1030] loss = 0.000520
[e020 s0150/1030] loss = 0.000417
[e020 s0200/1030] loss = 0.000396
[e020 s0250/1030] loss = 0.000409
[e020 s0300/1030] loss = 0.000387
[e020 s0350/1030] loss = 0.000511
[e020 s0400/1030] loss = 0.000541
[e020 s0450/1030] loss = 0.000553
[e020 s0500/1030] loss = 0.000649
[e020 s0550/1030] loss = 0.000670
[e020 s0600/1030] loss = 0.000634
[e020 s0650/1030] loss = 0.000640
[e020 s0700/1030] loss = 0.000623
[e020 s0750/1030] loss = 0.000620
[e020 s0800/1030] loss = 0.000602
[e020 s0850/1030] loss = 0.000582
[e020 s0900/1030] loss = 0.000567
[e020 s0950/1030] loss = 0.000550
[e020 s1000/1030] loss = 0.000541
Epoch 020: train_loss = 0.000546  MAE/GAME0 = 57.76  RMSE = 79.67  GAME1 = 16.38  GAME2 = 4.74  GAME3 = 1.33  lr = 1.00e-05  time = 24.1s
[e021 s0001/1030] loss = 0.000208
[e021 s0050/1030] loss = 0.000577
[e021 s0100/1030] loss = 0.000540
[e021 s0150/1030] loss = 0.000478
[e021 s0200/1030] loss = 0.000577
[e021 s0250/1030] loss = 0.000597
[e021 s0300/1030] loss = 0.000566
[e021 s0350/1030] loss = 0.000541
[e021 s0400/1030] loss = 0.000551
[e021 s0450/1030] loss = 0.000585
[e021 s0500/1030] loss = 0.000580
[e021 s0550/1030] loss = 0.000617
[e021 s0600/1030] loss = 0.000595
[e021 s0650/1030] loss = 0.000618
[e021 s0700/1030] loss = 0.000608
[e021 s0750/1030] loss = 0.000594
[e021 s0800/1030] loss = 0.000588
[e021 s0850/1030] loss = 0.000574
[e021 s0900/1030] loss = 0.000559
[e021 s0950/1030] loss = 0.000546
[e021 s1000/1030] loss = 0.000556
Epoch 021: train_loss = 0.000553  MAE/GAME0 = 33.70  RMSE = 59.91  GAME1 = 12.72  GAME2 = 4.13  GAME3 = 1.18  lr = 1.00e-05  time = 23.8s
[e022 s0001/1030] loss = 0.000049
[e022 s0050/1030] loss = 0.000124
[e022 s0100/1030] loss = 0.000522
[e022 s0150/1030] loss = 0.000459
[e022 s0200/1030] loss = 0.000451
[e022 s0250/1030] loss = 0.000476
[e022 s0300/1030] loss = 0.000495
[e022 s0350/1030] loss = 0.000493
[e022 s0400/1030] loss = 0.000484
[e022 s0450/1030] loss = 0.000458
[e022 s0500/1030] loss = 0.000436
[e022 s0550/1030] loss = 0.000435
[e022 s0600/1030] loss = 0.000701
[e022 s0650/1030] loss = 0.000734
[e022 s0700/1030] loss = 0.000729
[e022 s0750/1030] loss = 0.000745
[e022 s0800/1030] loss = 0.000719
[e022 s0850/1030] loss = 0.000712
[e022 s0900/1030] loss = 0.000687
[e022 s0950/1030] loss = 0.000687
[e022 s1000/1030] loss = 0.000680
Epoch 022: train_loss = 0.000663  MAE/GAME0 = 45.22  RMSE = 74.01  GAME1 = 12.23  GAME2 = 3.33  GAME3 = 0.91  lr = 1.00e-05  time = 24.2s
[e023 s0001/1030] loss = 0.000005
[e023 s0050/1030] loss = 0.000417
[e023 s0100/1030] loss = 0.000502
[e023 s0150/1030] loss = 0.001231
[e023 s0200/1030] loss = 0.001205
[e023 s0250/1030] loss = 0.001062
[e023 s0300/1030] loss = 0.001022
[e023 s0350/1030] loss = 0.000939
[e023 s0400/1030] loss = 0.000857
[e023 s0450/1030] loss = 0.000812
[e023 s0500/1030] loss = 0.000784
[e023 s0550/1030] loss = 0.000740
[e023 s0600/1030] loss = 0.000731
[e023 s0650/1030] loss = 0.000706
[e023 s0700/1030] loss = 0.000666
[e023 s0750/1030] loss = 0.000670
[e023 s0800/1030] loss = 0.000643
[e023 s0850/1030] loss = 0.000660
[e023 s0900/1030] loss = 0.000667
[e023 s0950/1030] loss = 0.000654
[e023 s1000/1030] loss = 0.000633
Epoch 023: train_loss = 0.000626  MAE/GAME0 = 50.86  RMSE = 74.66  GAME1 = 14.65  GAME2 = 4.31  GAME3 = 1.23  lr = 1.00e-05  time = 25.6s
[e024 s0001/1030] loss = 0.000007
[e024 s0050/1030] loss = 0.000490
[e024 s0100/1030] loss = 0.000515
[e024 s0150/1030] loss = 0.000449
[e024 s0200/1030] loss = 0.000440
[e024 s0250/1030] loss = 0.000513
[e024 s0300/1030] loss = 0.000559
[e024 s0350/1030] loss = 0.000625
[e024 s0400/1030] loss = 0.000622
[e024 s0450/1030] loss = 0.000609
[e024 s0500/1030] loss = 0.000608
[e024 s0550/1030] loss = 0.000617
[e024 s0600/1030] loss = 0.000609
[e024 s0650/1030] loss = 0.000613
[e024 s0700/1030] loss = 0.000582
[e024 s0750/1030] loss = 0.000564
[e024 s0800/1030] loss = 0.000549
[e024 s0850/1030] loss = 0.000556
[e024 s0900/1030] loss = 0.000550
[e024 s0950/1030] loss = 0.000542
[e024 s1000/1030] loss = 0.000541
Epoch 024: train_loss = 0.000530  MAE/GAME0 = 33.32  RMSE = 65.15  GAME1 = 10.48  GAME2 = 3.08  GAME3 = 0.88  lr = 1.00e-05  time = 24.3s
[e025 s0001/1030] loss = 0.000165
[e025 s0050/1030] loss = 0.000512
[e025 s0100/1030] loss = 0.000855
[e025 s0150/1030] loss = 0.000713
[e025 s0200/1030] loss = 0.000629
[e025 s0250/1030] loss = 0.000566
[e025 s0300/1030] loss = 0.000522
[e025 s0350/1030] loss = 0.000483
[e025 s0400/1030] loss = 0.000461
[e025 s0450/1030] loss = 0.000570
[e025 s0500/1030] loss = 0.000537
[e025 s0550/1030] loss = 0.000558
[e025 s0600/1030] loss = 0.000585
[e025 s0650/1030] loss = 0.000616
[e025 s0700/1030] loss = 0.000626
[e025 s0750/1030] loss = 0.000598
[e025 s0800/1030] loss = 0.000604
[e025 s0850/1030] loss = 0.000585
[e025 s0900/1030] loss = 0.000601
[e025 s0950/1030] loss = 0.000589
[e025 s1000/1030] loss = 0.000570
Epoch 025: train_loss = 0.000557  MAE/GAME0 = 32.88  RMSE = 64.78  GAME1 = 10.47  GAME2 = 3.12  GAME3 = 0.88  lr = 1.00e-05  time = 24.3s
[e026 s0001/1030] loss = 0.000014
[e026 s0050/1030] loss = 0.000245
[e026 s0100/1030] loss = 0.000475
[e026 s0150/1030] loss = 0.000479
[e026 s0200/1030] loss = 0.000412
[e026 s0250/1030] loss = 0.000453
[e026 s0300/1030] loss = 0.000467
[e026 s0350/1030] loss = 0.000443
[e026 s0400/1030] loss = 0.000884
[e026 s0450/1030] loss = 0.000908
[e026 s0500/1030] loss = 0.000843
[e026 s0550/1030] loss = 0.000805
[e026 s0600/1030] loss = 0.000772
[e026 s0650/1030] loss = 0.000756
[e026 s0700/1030] loss = 0.000751
[e026 s0750/1030] loss = 0.000724
[e026 s0800/1030] loss = 0.000728
[e026 s0850/1030] loss = 0.000773
[e026 s0900/1030] loss = 0.000787
[e026 s0950/1030] loss = 0.000765
[e026 s1000/1030] loss = 0.000747
Epoch 026: train_loss = 0.000742  MAE/GAME0 = 37.84  RMSE = 68.65  GAME1 = 10.99  GAME2 = 3.15  GAME3 = 0.89  lr = 1.00e-05  time = 24.1s
[e027 s0001/1030] loss = 0.000004
[e027 s0050/1030] loss = 0.000499
[e027 s0100/1030] loss = 0.000409
[e027 s0150/1030] loss = 0.000447
[e027 s0200/1030] loss = 0.000419
[e027 s0250/1030] loss = 0.000501
[e027 s0300/1030] loss = 0.000511
[e027 s0350/1030] loss = 0.000495
[e027 s0400/1030] loss = 0.000512
[e027 s0450/1030] loss = 0.000482
[e027 s0500/1030] loss = 0.000469
[e027 s0550/1030] loss = 0.000491
[e027 s0600/1030] loss = 0.000491
[e027 s0650/1030] loss = 0.000479
[e027 s0700/1030] loss = 0.000475
[e027 s0750/1030] loss = 0.000493
[e027 s0800/1030] loss = 0.000479
[e027 s0850/1030] loss = 0.000496
[e027 s0900/1030] loss = 0.000571
[e027 s0950/1030] loss = 0.000582
[e027 s1000/1030] loss = 0.000584
Epoch 027: train_loss = 0.000573  MAE/GAME0 = 37.36  RMSE = 69.34  GAME1 = 12.00  GAME2 = 3.58  GAME3 = 0.98  lr = 1.00e-05  time = 26.6s
[e028 s0001/1030] loss = 0.000583
[e028 s0050/1030] loss = 0.000658
[e028 s0100/1030] loss = 0.000521
[e028 s0150/1030] loss = 0.000512
[e028 s0200/1030] loss = 0.000611
[e028 s0250/1030] loss = 0.000693
[e028 s0300/1030] loss = 0.000642
[e028 s0350/1030] loss = 0.000608
[e028 s0400/1030] loss = 0.000610
[e028 s0450/1030] loss = 0.000601
[e028 s0500/1030] loss = 0.000701
[e028 s0550/1030] loss = 0.000685
[e028 s0600/1030] loss = 0.000664
[e028 s0650/1030] loss = 0.000641
[e028 s0700/1030] loss = 0.000626
[e028 s0750/1030] loss = 0.000620
[e028 s0800/1030] loss = 0.000600
[e028 s0850/1030] loss = 0.000590
[e028 s0900/1030] loss = 0.000572
[e028 s0950/1030] loss = 0.000579
[e028 s1000/1030] loss = 0.000568
Epoch 028: train_loss = 0.000584  MAE/GAME0 = 52.59  RMSE = 80.62  GAME1 = 14.59  GAME2 = 4.26  GAME3 = 1.23  lr = 1.00e-05  time = 23.9s
[e029 s0001/1030] loss = 0.000052
[e029 s0050/1030] loss = 0.000268
[e029 s0100/1030] loss = 0.000426
[e029 s0150/1030] loss = 0.000500
[e029 s0200/1030] loss = 0.000465
[e029 s0250/1030] loss = 0.000447
[e029 s0300/1030] loss = 0.000515
[e029 s0350/1030] loss = 0.000558
[e029 s0400/1030] loss = 0.000587
[e029 s0450/1030] loss = 0.000583
[e029 s0500/1030] loss = 0.000594
[e029 s0550/1030] loss = 0.000582
[e029 s0600/1030] loss = 0.000655
[e029 s0650/1030] loss = 0.000640
[e029 s0700/1030] loss = 0.000696
[e029 s0750/1030] loss = 0.000692
[e029 s0800/1030] loss = 0.000684
[e029 s0850/1030] loss = 0.000672
[e029 s0900/1030] loss = 0.000684
[e029 s0950/1030] loss = 0.000682
[e029 s1000/1030] loss = 0.000691
Epoch 029: train_loss = 0.000691  MAE/GAME0 = 54.17  RMSE = 76.68  GAME1 = 15.55  GAME2 = 4.59  GAME3 = 1.29  lr = 1.00e-05  time = 24.1s
[e030 s0001/1030] loss = 0.000800
[e030 s0050/1030] loss = 0.000283
[e030 s0100/1030] loss = 0.000281
[e030 s0150/1030] loss = 0.000287
[e030 s0200/1030] loss = 0.000312
[e030 s0250/1030] loss = 0.000350
[e030 s0300/1030] loss = 0.000382
[e030 s0350/1030] loss = 0.000415
[e030 s0400/1030] loss = 0.000502
[e030 s0450/1030] loss = 0.000668
[e030 s0500/1030] loss = 0.000675
[e030 s0550/1030] loss = 0.000697
[e030 s0600/1030] loss = 0.000683
[e030 s0650/1030] loss = 0.000659
[e030 s0700/1030] loss = 0.000624
[e030 s0750/1030] loss = 0.000612
[e030 s0800/1030] loss = 0.000594
[e030 s0850/1030] loss = 0.000580
[e030 s0900/1030] loss = 0.000579
[e030 s0950/1030] loss = 0.000568
[e030 s1000/1030] loss = 0.000572
Epoch 030: train_loss = 0.000575  MAE/GAME0 = 33.17  RMSE = 65.61  GAME1 = 10.96  GAME2 = 3.33  GAME3 = 0.94  lr = 1.00e-05  time = 24.5s
[e031 s0001/1030] loss = 0.000006
[e031 s0050/1030] loss = 0.000428
[e031 s0100/1030] loss = 0.000457
[e031 s0150/1030] loss = 0.000952
[e031 s0200/1030] loss = 0.000839
[e031 s0250/1030] loss = 0.000939
[e031 s0300/1030] loss = 0.000830
[e031 s0350/1030] loss = 0.000763
[e031 s0400/1030] loss = 0.000700
[e031 s0450/1030] loss = 0.000697
[e031 s0500/1030] loss = 0.000689
[e031 s0550/1030] loss = 0.000649
[e031 s0600/1030] loss = 0.000617
[e031 s0650/1030] loss = 0.000732
[e031 s0700/1030] loss = 0.000702
[e031 s0750/1030] loss = 0.000729
[e031 s0800/1030] loss = 0.000715
[e031 s0850/1030] loss = 0.000687
[e031 s0900/1030] loss = 0.000695
[e031 s0950/1030] loss = 0.000674
[e031 s1000/1030] loss = 0.000678
Epoch 031: train_loss = 0.000670  MAE/GAME0 = 33.57  RMSE = 63.49  GAME1 = 11.04  GAME2 = 3.40  GAME3 = 0.97  lr = 1.00e-05  time = 24.2s
[e032 s0001/1030] loss = 0.000077
[e032 s0050/1030] loss = 0.004294
[e032 s0100/1030] loss = 0.002570
[e032 s0150/1030] loss = 0.001890
[e032 s0200/1030] loss = 0.001527
[e032 s0250/1030] loss = 0.001329
[e032 s0300/1030] loss = 0.001175
[e032 s0350/1030] loss = 0.001068
[e032 s0400/1030] loss = 0.000993
[e032 s0450/1030] loss = 0.000921
[e032 s0500/1030] loss = 0.000892
[e032 s0550/1030] loss = 0.000839
[e032 s0600/1030] loss = 0.000818
[e032 s0650/1030] loss = 0.000787
[e032 s0700/1030] loss = 0.000767
[e032 s0750/1030] loss = 0.000756
[e032 s0800/1030] loss = 0.000730
[e032 s0850/1030] loss = 0.000747
[e032 s0900/1030] loss = 0.000721
[e032 s0950/1030] loss = 0.000700
[e032 s1000/1030] loss = 0.000688
Epoch 032: train_loss = 0.000684  MAE/GAME0 = 37.30  RMSE = 68.53  GAME1 = 10.79  GAME2 = 3.08  GAME3 = 0.87  lr = 1.00e-05  time = 23.8s
[e033 s0001/1030] loss = 0.000060
[e033 s0050/1030] loss = 0.001213
[e033 s0100/1030] loss = 0.000842
[e033 s0150/1030] loss = 0.000712
[e033 s0200/1030] loss = 0.000651
[e033 s0250/1030] loss = 0.000643
[e033 s0300/1030] loss = 0.000659
[e033 s0350/1030] loss = 0.000611
[e033 s0400/1030] loss = 0.000567
[e033 s0450/1030] loss = 0.000577
[e033 s0500/1030] loss = 0.000584
[e033 s0550/1030] loss = 0.000589
[e033 s0600/1030] loss = 0.000590
[e033 s0650/1030] loss = 0.000609
[e033 s0700/1030] loss = 0.000673
[e033 s0750/1030] loss = 0.000647
[e033 s0800/1030] loss = 0.000624
[e033 s0850/1030] loss = 0.000612
[e033 s0900/1030] loss = 0.000676
[e033 s0950/1030] loss = 0.000668
[e033 s1000/1030] loss = 0.000649
Epoch 033: train_loss = 0.000653  MAE/GAME0 = 36.70  RMSE = 65.13  GAME1 = 12.03  GAME2 = 3.77  GAME3 = 1.08  lr = 1.00e-05  time = 24.3s
[e034 s0001/1030] loss = 0.000230
[e034 s0050/1030] loss = 0.000439
[e034 s0100/1030] loss = 0.000382
[e034 s0150/1030] loss = 0.000482
[e034 s0200/1030] loss = 0.000482
[e034 s0250/1030] loss = 0.000536
[e034 s0300/1030] loss = 0.000499
[e034 s0350/1030] loss = 0.000505
[e034 s0400/1030] loss = 0.000501
[e034 s0450/1030] loss = 0.000543
[e034 s0500/1030] loss = 0.000562
[e034 s0550/1030] loss = 0.000801
[e034 s0600/1030] loss = 0.000776
[e034 s0650/1030] loss = 0.000785
[e034 s0700/1030] loss = 0.000779
[e034 s0750/1030] loss = 0.000769
[e034 s0800/1030] loss = 0.000739
[e034 s0850/1030] loss = 0.000711
[e034 s0900/1030] loss = 0.000698
[e034 s0950/1030] loss = 0.000727
[e034 s1000/1030] loss = 0.000716
Epoch 034: train_loss = 0.000705  MAE/GAME0 = 44.29  RMSE = 69.72  GAME1 = 13.55  GAME2 = 4.16  GAME3 = 1.19  lr = 1.00e-05  time = 24.8s
[e035 s0001/1030] loss = 0.000092
[e035 s0050/1030] loss = 0.000490
[e035 s0100/1030] loss = 0.000611
[e035 s0150/1030] loss = 0.000612
[e035 s0200/1030] loss = 0.000716
[e035 s0250/1030] loss = 0.000675
[e035 s0300/1030] loss = 0.000666
[e035 s0350/1030] loss = 0.000652
[e035 s0400/1030] loss = 0.000616
[e035 s0450/1030] loss = 0.000571
[e035 s0500/1030] loss = 0.000553
[e035 s0550/1030] loss = 0.000529
[e035 s0600/1030] loss = 0.000591
[e035 s0650/1030] loss = 0.000591
[e035 s0700/1030] loss = 0.000729
[e035 s0750/1030] loss = 0.000692
[e035 s0800/1030] loss = 0.000696
[e035 s0850/1030] loss = 0.000679
[e035 s0900/1030] loss = 0.000678
[e035 s0950/1030] loss = 0.000662
[e035 s1000/1030] loss = 0.000648
Epoch 035: train_loss = 0.000639  MAE/GAME0 = 36.41  RMSE = 65.70  GAME1 = 11.36  GAME2 = 3.47  GAME3 = 1.00  lr = 1.00e-05  time = 24.2s
[e036 s0001/1030] loss = 0.000328
[e036 s0050/1030] loss = 0.000489
[e036 s0100/1030] loss = 0.000341
[e036 s0150/1030] loss = 0.000412
[e036 s0200/1030] loss = 0.000644
[e036 s0250/1030] loss = 0.000574
[e036 s0300/1030] loss = 0.000599
[e036 s0350/1030] loss = 0.000708
[e036 s0400/1030] loss = 0.000677
[e036 s0450/1030] loss = 0.000646
[e036 s0500/1030] loss = 0.000632
[e036 s0550/1030] loss = 0.000621
[e036 s0600/1030] loss = 0.000612
[e036 s0650/1030] loss = 0.000605
[e036 s0700/1030] loss = 0.000594
[e036 s0750/1030] loss = 0.000598
[e036 s0800/1030] loss = 0.000574
[e036 s0850/1030] loss = 0.000585
[e036 s0900/1030] loss = 0.000572
[e036 s0950/1030] loss = 0.000569
[e036 s1000/1030] loss = 0.000567
Epoch 036: train_loss = 0.000559  MAE/GAME0 = 30.66  RMSE = 62.28  GAME1 = 11.16  GAME2 = 3.52  GAME3 = 1.00  lr = 1.00e-05  time = 24.1s
[e037 s0001/1030] loss = 0.000866
[e037 s0050/1030] loss = 0.000967
[e037 s0100/1030] loss = 0.000688
[e037 s0150/1030] loss = 0.000687
[e037 s0200/1030] loss = 0.000591
[e037 s0250/1030] loss = 0.000539
[e037 s0300/1030] loss = 0.000557
[e037 s0350/1030] loss = 0.000577
[e037 s0400/1030] loss = 0.000603
[e037 s0450/1030] loss = 0.000562
[e037 s0500/1030] loss = 0.000676
[e037 s0550/1030] loss = 0.000645
[e037 s0600/1030] loss = 0.000675
[e037 s0650/1030] loss = 0.000665
[e037 s0700/1030] loss = 0.000652
[e037 s0750/1030] loss = 0.000622
[e037 s0800/1030] loss = 0.000621
[e037 s0850/1030] loss = 0.000637
[e037 s0900/1030] loss = 0.000799
[e037 s0950/1030] loss = 0.000782
[e037 s1000/1030] loss = 0.000761
Epoch 037: train_loss = 0.000765  MAE/GAME0 = 33.78  RMSE = 62.87  GAME1 = 11.43  GAME2 = 3.59  GAME3 = 1.03  lr = 1.00e-05  time = 23.9s
[e038 s0001/1030] loss = 0.000263
[e038 s0050/1030] loss = 0.000668
[e038 s0100/1030] loss = 0.000445
[e038 s0150/1030] loss = 0.000372
[e038 s0200/1030] loss = 0.000388
[e038 s0250/1030] loss = 0.000399
[e038 s0300/1030] loss = 0.000626
[e038 s0350/1030] loss = 0.000735
[e038 s0400/1030] loss = 0.000715
[e038 s0450/1030] loss = 0.000667
[e038 s0500/1030] loss = 0.000649
[e038 s0550/1030] loss = 0.000615
[e038 s0600/1030] loss = 0.000587
[e038 s0650/1030] loss = 0.000651
[e038 s0700/1030] loss = 0.000632
[e038 s0750/1030] loss = 0.000607
[e038 s0800/1030] loss = 0.000611
[e038 s0850/1030] loss = 0.000598
[e038 s0900/1030] loss = 0.000579
[e038 s0950/1030] loss = 0.000572
[e038 s1000/1030] loss = 0.000580
Epoch 038: train_loss = 0.000578  MAE/GAME0 = 32.12  RMSE = 62.13  GAME1 = 11.11  GAME2 = 3.53  GAME3 = 1.02  lr = 1.00e-05  time = 24.1s
[e039 s0001/1030] loss = 0.000006
[e039 s0050/1030] loss = 0.000334
[e039 s0100/1030] loss = 0.000344
[e039 s0150/1030] loss = 0.000380
[e039 s0200/1030] loss = 0.000335
[e039 s0250/1030] loss = 0.000324
[e039 s0300/1030] loss = 0.000316
[e039 s0350/1030] loss = 0.000307
[e039 s0400/1030] loss = 0.000326
[e039 s0450/1030] loss = 0.000307
[e039 s0500/1030] loss = 0.000303
[e039 s0550/1030] loss = 0.000306
[e039 s0600/1030] loss = 0.000297
[e039 s0650/1030] loss = 0.000291
[e039 s0700/1030] loss = 0.000288
[e039 s0750/1030] loss = 0.000294
[e039 s0800/1030] loss = 0.000308
[e039 s0850/1030] loss = 0.000330
[e039 s0900/1030] loss = 0.000340
[e039 s0950/1030] loss = 0.000347
[e039 s1000/1030] loss = 0.000353
Epoch 039: train_loss = 0.000350  MAE/GAME0 = 44.88  RMSE = 70.42  GAME1 = 13.32  GAME2 = 4.00  GAME3 = 1.14  lr = 1.00e-05  time = 24.2s
[e040 s0001/1030] loss = 0.002617
[e040 s0050/1030] loss = 0.000401
[e040 s0100/1030] loss = 0.000315
[e040 s0150/1030] loss = 0.000311
[e040 s0200/1030] loss = 0.000570
[e040 s0250/1030] loss = 0.000495
[e040 s0300/1030] loss = 0.000561
[e040 s0350/1030] loss = 0.000531
[e040 s0400/1030] loss = 0.000531
[e040 s0450/1030] loss = 0.000512
[e040 s0500/1030] loss = 0.000509
[e040 s0550/1030] loss = 0.000490
[e040 s0600/1030] loss = 0.000469
[e040 s0650/1030] loss = 0.000480
[e040 s0700/1030] loss = 0.000489
[e040 s0750/1030] loss = 0.000484
[e040 s0800/1030] loss = 0.000489
[e040 s0850/1030] loss = 0.000489
[e040 s0900/1030] loss = 0.000492
[e040 s0950/1030] loss = 0.000485
[e040 s1000/1030] loss = 0.000495
Epoch 040: train_loss = 0.000508  MAE/GAME0 = 32.07  RMSE = 64.43  GAME1 = 10.60  GAME2 = 3.22  GAME3 = 0.91  lr = 1.00e-05  time = 26.3s
[e041 s0001/1030] loss = 0.000005
[e041 s0050/1030] loss = 0.000263
[e041 s0100/1030] loss = 0.000235
[e041 s0150/1030] loss = 0.000307
[e041 s0200/1030] loss = 0.000305
[e041 s0250/1030] loss = 0.000370
[e041 s0300/1030] loss = 0.000366
[e041 s0350/1030] loss = 0.000356
[e041 s0400/1030] loss = 0.000460
[e041 s0450/1030] loss = 0.000497
[e041 s0500/1030] loss = 0.000611
[e041 s0550/1030] loss = 0.000622
[e041 s0600/1030] loss = 0.000604
[e041 s0650/1030] loss = 0.000572
[e041 s0700/1030] loss = 0.000589
[e041 s0750/1030] loss = 0.000580
[e041 s0800/1030] loss = 0.000577
[e041 s0850/1030] loss = 0.000577
[e041 s0900/1030] loss = 0.000589
[e041 s0950/1030] loss = 0.000607
[e041 s1000/1030] loss = 0.000619
Epoch 041: train_loss = 0.000613  MAE/GAME0 = 35.10  RMSE = 63.69  GAME1 = 11.58  GAME2 = 3.62  GAME3 = 1.04  lr = 1.00e-05  time = 24.2s
[e042 s0001/1030] loss = 0.000305
[e042 s0050/1030] loss = 0.000585
[e042 s0100/1030] loss = 0.000531
[e042 s0150/1030] loss = 0.000497
[e042 s0200/1030] loss = 0.000512
[e042 s0250/1030] loss = 0.000495
[e042 s0300/1030] loss = 0.000476
[e042 s0350/1030] loss = 0.000440
[e042 s0400/1030] loss = 0.000599
[e042 s0450/1030] loss = 0.000561
[e042 s0500/1030] loss = 0.000540
[e042 s0550/1030] loss = 0.000534
[e042 s0600/1030] loss = 0.000514
[e042 s0650/1030] loss = 0.000504
[e042 s0700/1030] loss = 0.000498
[e042 s0750/1030] loss = 0.000495
[e042 s0800/1030] loss = 0.000511
[e042 s0850/1030] loss = 0.000555
[e042 s0900/1030] loss = 0.000554
[e042 s0950/1030] loss = 0.000541
[e042 s1000/1030] loss = 0.000526
Epoch 042: train_loss = 0.000520  MAE/GAME0 = 39.33  RMSE = 67.10  GAME1 = 12.35  GAME2 = 3.80  GAME3 = 1.09  lr = 1.00e-05  time = 27.9s
[e043 s0001/1030] loss = 0.000740
[e043 s0050/1030] loss = 0.000543
[e043 s0100/1030] loss = 0.000345
[e043 s0150/1030] loss = 0.000384
[e043 s0200/1030] loss = 0.000469
[e043 s0250/1030] loss = 0.000473
[e043 s0300/1030] loss = 0.000428
[e043 s0350/1030] loss = 0.000449
[e043 s0400/1030] loss = 0.000497
[e043 s0450/1030] loss = 0.000492
[e043 s0500/1030] loss = 0.000558
[e043 s0550/1030] loss = 0.000678
[e043 s0600/1030] loss = 0.000816
[e043 s0650/1030] loss = 0.000805
[e043 s0700/1030] loss = 0.000786
[e043 s0750/1030] loss = 0.000765
[e043 s0800/1030] loss = 0.000734
[e043 s0850/1030] loss = 0.000717
[e043 s0900/1030] loss = 0.000704
[e043 s0950/1030] loss = 0.000677
[e043 s1000/1030] loss = 0.000661
Epoch 043: train_loss = 0.000652  MAE/GAME0 = 43.52  RMSE = 71.19  GAME1 = 12.94  GAME2 = 3.89  GAME3 = 1.11  lr = 1.00e-05  time = 24.2s
[e044 s0001/1030] loss = 0.000013
[e044 s0050/1030] loss = 0.000644
[e044 s0100/1030] loss = 0.000529
[e044 s0150/1030] loss = 0.000504
[e044 s0200/1030] loss = 0.000470
[e044 s0250/1030] loss = 0.000576
[e044 s0300/1030] loss = 0.000545
[e044 s0350/1030] loss = 0.000509
[e044 s0400/1030] loss = 0.000616
[e044 s0450/1030] loss = 0.000639
[e044 s0500/1030] loss = 0.000656
[e044 s0550/1030] loss = 0.000642
[e044 s0600/1030] loss = 0.000618
[e044 s0650/1030] loss = 0.000605
[e044 s0700/1030] loss = 0.000593
[e044 s0750/1030] loss = 0.000592
[e044 s0800/1030] loss = 0.000583
[e044 s0850/1030] loss = 0.000616
[e044 s0900/1030] loss = 0.000602
[e044 s0950/1030] loss = 0.000603
[e044 s1000/1030] loss = 0.000588
Epoch 044: train_loss = 0.000585  MAE/GAME0 = 43.84  RMSE = 70.26  GAME1 = 13.36  GAME2 = 4.06  GAME3 = 1.16  lr = 1.00e-05  time = 24.9s
[e045 s0001/1030] loss = 0.000010
[e045 s0050/1030] loss = 0.000280
[e045 s0100/1030] loss = 0.000489
[e045 s0150/1030] loss = 0.000528
[e045 s0200/1030] loss = 0.001333
[e045 s0250/1030] loss = 0.001132
[e045 s0300/1030] loss = 0.001017
[e045 s0350/1030] loss = 0.000905
[e045 s0400/1030] loss = 0.000849
[e045 s0450/1030] loss = 0.000780
[e045 s0500/1030] loss = 0.000738
[e045 s0550/1030] loss = 0.000705
[e045 s0600/1030] loss = 0.000711
[e045 s0650/1030] loss = 0.000704
[e045 s0700/1030] loss = 0.000670
[e045 s0750/1030] loss = 0.000662
[e045 s0800/1030] loss = 0.000635
[e045 s0850/1030] loss = 0.000628
[e045 s0900/1030] loss = 0.000613
[e045 s0950/1030] loss = 0.000599
[e045 s1000/1030] loss = 0.000596
Epoch 045: train_loss = 0.000598  MAE/GAME0 = 40.74  RMSE = 66.26  GAME1 = 12.87  GAME2 = 3.96  GAME3 = 1.14  lr = 1.00e-05  time = 26.7s
[e046 s0001/1030] loss = 0.000253
[e046 s0050/1030] loss = 0.001224
[e046 s0100/1030] loss = 0.000808
[e046 s0150/1030] loss = 0.000622
[e046 s0200/1030] loss = 0.000526
[e046 s0250/1030] loss = 0.000948
[e046 s0300/1030] loss = 0.000855
[e046 s0350/1030] loss = 0.000793
[e046 s0400/1030] loss = 0.000739
[e046 s0450/1030] loss = 0.000714
[e046 s0500/1030] loss = 0.000725
[e046 s0550/1030] loss = 0.000730
[e046 s0600/1030] loss = 0.000712
[e046 s0650/1030] loss = 0.000712
[e046 s0700/1030] loss = 0.000695
[e046 s0750/1030] loss = 0.000686
[e046 s0800/1030] loss = 0.000669
[e046 s0850/1030] loss = 0.000646
[e046 s0900/1030] loss = 0.000745
[e046 s0950/1030] loss = 0.000754
[e046 s1000/1030] loss = 0.000747
Epoch 046: train_loss = 0.000741  MAE/GAME0 = 42.26  RMSE = 67.81  GAME1 = 13.36  GAME2 = 4.13  GAME3 = 1.19  lr = 1.00e-05  time = 24.3s
[e047 s0001/1030] loss = 0.000271
[e047 s0050/1030] loss = 0.000794
[e047 s0100/1030] loss = 0.000657
[e047 s0150/1030] loss = 0.000599
[e047 s0200/1030] loss = 0.000540
[e047 s0250/1030] loss = 0.000548
[e047 s0300/1030] loss = 0.000535
[e047 s0350/1030] loss = 0.000514
[e047 s0400/1030] loss = 0.000521
[e047 s0450/1030] loss = 0.000498
[e047 s0500/1030] loss = 0.000590
[e047 s0550/1030] loss = 0.000575
[e047 s0600/1030] loss = 0.000567
[e047 s0650/1030] loss = 0.000571
[e047 s0700/1030] loss = 0.000565
[e047 s0750/1030] loss = 0.000555
[e047 s0800/1030] loss = 0.000552
[e047 s0850/1030] loss = 0.000537
[e047 s0900/1030] loss = 0.000533
[e047 s0950/1030] loss = 0.000528
[e047 s1000/1030] loss = 0.000519
Epoch 047: train_loss = 0.000518  MAE/GAME0 = 33.20  RMSE = 63.73  GAME1 = 10.70  GAME2 = 3.26  GAME3 = 0.93  lr = 1.00e-05  time = 24.1s
[e048 s0001/1030] loss = 0.000094
[e048 s0050/1030] loss = 0.000755
[e048 s0100/1030] loss = 0.000490
[e048 s0150/1030] loss = 0.000564
[e048 s0200/1030] loss = 0.000510
[e048 s0250/1030] loss = 0.000498
[e048 s0300/1030] loss = 0.000449
[e048 s0350/1030] loss = 0.000461
[e048 s0400/1030] loss = 0.000489
[e048 s0450/1030] loss = 0.000481
[e048 s0500/1030] loss = 0.000459
[e048 s0550/1030] loss = 0.000466
[e048 s0600/1030] loss = 0.000444
[e048 s0650/1030] loss = 0.000431
[e048 s0700/1030] loss = 0.000424
[e048 s0750/1030] loss = 0.000457
[e048 s0800/1030] loss = 0.000445
[e048 s0850/1030] loss = 0.000484
[e048 s0900/1030] loss = 0.000482
[e048 s0950/1030] loss = 0.000507
[e048 s1000/1030] loss = 0.000519
Epoch 048: train_loss = 0.000519  MAE/GAME0 = 59.46  RMSE = 82.49  GAME1 = 16.64  GAME2 = 4.82  GAME3 = 1.36  lr = 1.00e-05  time = 24.3s
[e049 s0001/1030] loss = 0.001445
[e049 s0050/1030] loss = 0.000362
[e049 s0100/1030] loss = 0.000391
[e049 s0150/1030] loss = 0.000478
[e049 s0200/1030] loss = 0.000451
[e049 s0250/1030] loss = 0.000455
[e049 s0300/1030] loss = 0.000448
[e049 s0350/1030] loss = 0.000483
[e049 s0400/1030] loss = 0.000460
[e049 s0450/1030] loss = 0.000466
[e049 s0500/1030] loss = 0.000478
[e049 s0550/1030] loss = 0.000519
[e049 s0600/1030] loss = 0.000514
[e049 s0650/1030] loss = 0.000491
[e049 s0700/1030] loss = 0.000480
[e049 s0750/1030] loss = 0.000480
[e049 s0800/1030] loss = 0.000472
[e049 s0850/1030] loss = 0.000470
[e049 s0900/1030] loss = 0.000460
[e049 s0950/1030] loss = 0.000463
[e049 s1000/1030] loss = 0.000469
Epoch 049: train_loss = 0.000469  MAE/GAME0 = 34.05  RMSE = 64.56  GAME1 = 10.98  GAME2 = 3.37  GAME3 = 0.96  lr = 1.00e-05  time = 24.6s
[e050 s0001/1030] loss = 0.000007
[e050 s0050/1030] loss = 0.000238
[e050 s0100/1030] loss = 0.000287
[e050 s0150/1030] loss = 0.000398
[e050 s0200/1030] loss = 0.000362
[e050 s0250/1030] loss = 0.000396
[e050 s0300/1030] loss = 0.000508
[e050 s0350/1030] loss = 0.000472
[e050 s0400/1030] loss = 0.000441
[e050 s0450/1030] loss = 0.000578
[e050 s0500/1030] loss = 0.000573
[e050 s0550/1030] loss = 0.000557
[e050 s0600/1030] loss = 0.000551
[e050 s0650/1030] loss = 0.000538
[e050 s0700/1030] loss = 0.000517
[e050 s0750/1030] loss = 0.000506
[e050 s0800/1030] loss = 0.000505
[e050 s0850/1030] loss = 0.000492
[e050 s0900/1030] loss = 0.000485
[e050 s0950/1030] loss = 0.000485
[e050 s1000/1030] loss = 0.000475
Epoch 050: train_loss = 0.000507  MAE/GAME0 = 79.69  RMSE = 98.29  GAME1 = 21.43  GAME2 = 6.05  GAME3 = 1.67  lr = 1.00e-05  time = 24.1s
[e051 s0001/1030] loss = 0.000188
[e051 s0050/1030] loss = 0.000568
[e051 s0100/1030] loss = 0.000349
[e051 s0150/1030] loss = 0.000504
[e051 s0200/1030] loss = 0.000510
[e051 s0250/1030] loss = 0.000609
[e051 s0300/1030] loss = 0.000626
[e051 s0350/1030] loss = 0.000617
[e051 s0400/1030] loss = 0.000658
[e051 s0450/1030] loss = 0.000989
[e051 s0500/1030] loss = 0.000920
[e051 s0550/1030] loss = 0.000858
[e051 s0600/1030] loss = 0.000934
[e051 s0650/1030] loss = 0.000915
[e051 s0700/1030] loss = 0.000871
[e051 s0750/1030] loss = 0.000842
[e051 s0800/1030] loss = 0.000823
[e051 s0850/1030] loss = 0.000792
[e051 s0900/1030] loss = 0.000765
[e051 s0950/1030] loss = 0.000742
[e051 s1000/1030] loss = 0.000783
Epoch 051: train_loss = 0.000776  MAE/GAME0 = 40.21  RMSE = 69.31  GAME1 = 12.02  GAME2 = 3.62  GAME3 = 1.04  lr = 1.00e-05  time = 25.5s
[e052 s0001/1030] loss = 0.003277
[e052 s0050/1030] loss = 0.000811
[e052 s0100/1030] loss = 0.000602
[e052 s0150/1030] loss = 0.000556
[e052 s0200/1030] loss = 0.000486
[e052 s0250/1030] loss = 0.000475
[e052 s0300/1030] loss = 0.000498
[e052 s0350/1030] loss = 0.000481
[e052 s0400/1030] loss = 0.000603
[e052 s0450/1030] loss = 0.000648
[e052 s0500/1030] loss = 0.000654
[e052 s0550/1030] loss = 0.000625
[e052 s0600/1030] loss = 0.000655
[e052 s0650/1030] loss = 0.000641
[e052 s0700/1030] loss = 0.000619
[e052 s0750/1030] loss = 0.000607
[e052 s0800/1030] loss = 0.000592
[e052 s0850/1030] loss = 0.000576
[e052 s0900/1030] loss = 0.000567
[e052 s0950/1030] loss = 0.000587
[e052 s1000/1030] loss = 0.000621
Epoch 052: train_loss = 0.000616  MAE/GAME0 = 36.97  RMSE = 67.90  GAME1 = 11.00  GAME2 = 3.29  GAME3 = 0.95  lr = 1.00e-05  time = 23.9s
[e053 s0001/1030] loss = 0.000005
[e053 s0050/1030] loss = 0.002082
[e053 s0100/1030] loss = 0.001343
[e053 s0150/1030] loss = 0.000997
[e053 s0200/1030] loss = 0.000900
[e053 s0250/1030] loss = 0.000760
[e053 s0300/1030] loss = 0.000677
[e053 s0350/1030] loss = 0.000617
[e053 s0400/1030] loss = 0.000626
[e053 s0450/1030] loss = 0.000585
[e053 s0500/1030] loss = 0.000560
[e053 s0550/1030] loss = 0.000600
[e053 s0600/1030] loss = 0.000636
[e053 s0650/1030] loss = 0.000664
[e053 s0700/1030] loss = 0.000637
[e053 s0750/1030] loss = 0.000674
[e053 s0800/1030] loss = 0.000681
[e053 s0850/1030] loss = 0.000666
[e053 s0900/1030] loss = 0.000650
[e053 s0950/1030] loss = 0.000653
[e053 s1000/1030] loss = 0.000651
Epoch 053: train_loss = 0.000641  MAE/GAME0 = 36.02  RMSE = 66.48  GAME1 = 11.04  GAME2 = 3.33  GAME3 = 0.95  lr = 1.00e-05  time = 24.0s
[e054 s0001/1030] loss = 0.000001
[e054 s0050/1030] loss = 0.000342
[e054 s0100/1030] loss = 0.000350
[e054 s0150/1030] loss = 0.001332
[e054 s0200/1030] loss = 0.001083
[e054 s0250/1030] loss = 0.000935
[e054 s0300/1030] loss = 0.000880
[e054 s0350/1030] loss = 0.000798
[e054 s0400/1030] loss = 0.000785
[e054 s0450/1030] loss = 0.000789
[e054 s0500/1030] loss = 0.000746
[e054 s0550/1030] loss = 0.000714
[e054 s0600/1030] loss = 0.000676
[e054 s0650/1030] loss = 0.000657
[e054 s0700/1030] loss = 0.000638
[e054 s0750/1030] loss = 0.000725
[e054 s0800/1030] loss = 0.000699
[e054 s0850/1030] loss = 0.000714
[e054 s0900/1030] loss = 0.000698
[e054 s0950/1030] loss = 0.000680
[e054 s1000/1030] loss = 0.000672
Epoch 054: train_loss = 0.000667  MAE/GAME0 = 43.57  RMSE = 71.13  GAME1 = 13.24  GAME2 = 4.04  GAME3 = 1.16  lr = 1.00e-05  time = 24.0s
[e055 s0001/1030] loss = 0.000291
[e055 s0050/1030] loss = 0.000522
[e055 s0100/1030] loss = 0.000515
[e055 s0150/1030] loss = 0.000530
[e055 s0200/1030] loss = 0.000906
[e055 s0250/1030] loss = 0.000812
[e055 s0300/1030] loss = 0.000746
[e055 s0350/1030] loss = 0.000720
[e055 s0400/1030] loss = 0.000687
[e055 s0450/1030] loss = 0.000634
[e055 s0500/1030] loss = 0.000735
[e055 s0550/1030] loss = 0.000696
[e055 s0600/1030] loss = 0.000677
[e055 s0650/1030] loss = 0.000690
[e055 s0700/1030] loss = 0.000668
[e055 s0750/1030] loss = 0.000688
[e055 s0800/1030] loss = 0.000685
[e055 s0850/1030] loss = 0.000661
[e055 s0900/1030] loss = 0.000690
[e055 s0950/1030] loss = 0.000675
[e055 s1000/1030] loss = 0.000697
Epoch 055: train_loss = 0.000696  MAE/GAME0 = 78.42  RMSE = 100.06  GAME1 = 20.81  GAME2 = 5.76  GAME3 = 1.59  lr = 1.00e-05  time = 24.6s
[e056 s0001/1030] loss = 0.000503
[e056 s0050/1030] loss = 0.000675
[e056 s0100/1030] loss = 0.000523
[e056 s0150/1030] loss = 0.000467
[e056 s0200/1030] loss = 0.000433
[e056 s0250/1030] loss = 0.000433
[e056 s0300/1030] loss = 0.000395
[e056 s0350/1030] loss = 0.000433
[e056 s0400/1030] loss = 0.000458
[e056 s0450/1030] loss = 0.000470
[e056 s0500/1030] loss = 0.000471
[e056 s0550/1030] loss = 0.000473
[e056 s0600/1030] loss = 0.000462
[e056 s0650/1030] loss = 0.000451
[e056 s0700/1030] loss = 0.000483
[e056 s0750/1030] loss = 0.000488
[e056 s0800/1030] loss = 0.000483
[e056 s0850/1030] loss = 0.000476
[e056 s0900/1030] loss = 0.000463
[e056 s0950/1030] loss = 0.000454
[e056 s1000/1030] loss = 0.000449
Epoch 056: train_loss = 0.000441  MAE/GAME0 = 36.93  RMSE = 68.77  GAME1 = 11.00  GAME2 = 3.16  GAME3 = 0.88  lr = 1.00e-05  time = 24.2s
[e057 s0001/1030] loss = 0.000006
[e057 s0050/1030] loss = 0.000815
[e057 s0100/1030] loss = 0.000643
[e057 s0150/1030] loss = 0.000523
[e057 s0200/1030] loss = 0.000539
[e057 s0250/1030] loss = 0.000476
[e057 s0300/1030] loss = 0.001025
[e057 s0350/1030] loss = 0.001060
[e057 s0400/1030] loss = 0.001057
[e057 s0450/1030] loss = 0.000987
[e057 s0500/1030] loss = 0.000928
[e057 s0550/1030] loss = 0.000864
[e057 s0600/1030] loss = 0.000876
[e057 s0650/1030] loss = 0.000875
[e057 s0700/1030] loss = 0.000830
[e057 s0750/1030] loss = 0.000800
[e057 s0800/1030] loss = 0.000781
[e057 s0850/1030] loss = 0.000756
[e057 s0900/1030] loss = 0.000735
[e057 s0950/1030] loss = 0.000726
[e057 s1000/1030] loss = 0.000712
Epoch 057: train_loss = 0.000702  MAE/GAME0 = 33.91  RMSE = 65.08  GAME1 = 10.61  GAME2 = 3.21  GAME3 = 0.92  lr = 1.00e-05  time = 24.4s
[e058 s0001/1030] loss = 0.000001
[e058 s0050/1030] loss = 0.003375
[e058 s0100/1030] loss = 0.001941
[e058 s0150/1030] loss = 0.001407
[e058 s0200/1030] loss = 0.001159
[e058 s0250/1030] loss = 0.001021
[e058 s0300/1030] loss = 0.000961
[e058 s0350/1030] loss = 0.000895
[e058 s0400/1030] loss = 0.000835
[e058 s0450/1030] loss = 0.000766
[e058 s0500/1030] loss = 0.000741
[e058 s0550/1030] loss = 0.000736
[e058 s0600/1030] loss = 0.000716
[e058 s0650/1030] loss = 0.000691
[e058 s0700/1030] loss = 0.000684
[e058 s0750/1030] loss = 0.000655
[e058 s0800/1030] loss = 0.000645
[e058 s0850/1030] loss = 0.000648
[e058 s0900/1030] loss = 0.000727
[e058 s0950/1030] loss = 0.000714
[e058 s1000/1030] loss = 0.000696
Epoch 058: train_loss = 0.000688  MAE/GAME0 = 37.77  RMSE = 65.78  GAME1 = 11.86  GAME2 = 3.66  GAME3 = 1.05  lr = 1.00e-05  time = 24.1s
[e059 s0001/1030] loss = 0.000401
[e059 s0050/1030] loss = 0.000370
[e059 s0100/1030] loss = 0.000440
[e059 s0150/1030] loss = 0.000478
[e059 s0200/1030] loss = 0.000446
[e059 s0250/1030] loss = 0.001181
[e059 s0300/1030] loss = 0.001072
[e059 s0350/1030] loss = 0.000978
[e059 s0400/1030] loss = 0.000942
[e059 s0450/1030] loss = 0.000875
[e059 s0500/1030] loss = 0.000835
[e059 s0550/1030] loss = 0.000777
[e059 s0600/1030] loss = 0.000802
[e059 s0650/1030] loss = 0.000780
[e059 s0700/1030] loss = 0.000746
[e059 s0750/1030] loss = 0.000745
[e059 s0800/1030] loss = 0.000831
[e059 s0850/1030] loss = 0.000813
[e059 s0900/1030] loss = 0.000831
[e059 s0950/1030] loss = 0.000816
[e059 s1000/1030] loss = 0.000789
Epoch 059: train_loss = 0.000776  MAE/GAME0 = 34.23  RMSE = 65.10  GAME1 = 10.91  GAME2 = 3.35  GAME3 = 0.96  lr = 1.00e-05  time = 23.9s
[e060 s0001/1030] loss = 0.000115
[e060 s0050/1030] loss = 0.000493
[e060 s0100/1030] loss = 0.000486
[e060 s0150/1030] loss = 0.000389
[e060 s0200/1030] loss = 0.000468
[e060 s0250/1030] loss = 0.000473
[e060 s0300/1030] loss = 0.000474
[e060 s0350/1030] loss = 0.000461
[e060 s0400/1030] loss = 0.000446
[e060 s0450/1030] loss = 0.000461
[e060 s0500/1030] loss = 0.000451
[e060 s0550/1030] loss = 0.000456
[e060 s0600/1030] loss = 0.000460
[e060 s0650/1030] loss = 0.000478
[e060 s0700/1030] loss = 0.000460
[e060 s0750/1030] loss = 0.000453
[e060 s0800/1030] loss = 0.000460
[e060 s0850/1030] loss = 0.000450
[e060 s0900/1030] loss = 0.000474
[e060 s0950/1030] loss = 0.000462
[e060 s1000/1030] loss = 0.000467
Epoch 060: train_loss = 0.000466  MAE/GAME0 = 35.77  RMSE = 66.98  GAME1 = 10.81  GAME2 = 3.20  GAME3 = 0.91  lr = 1.00e-05  time = 24.7s
[e061 s0001/1030] loss = 0.000124
[e061 s0050/1030] loss = 0.000277
[e061 s0100/1030] loss = 0.000449
[e061 s0150/1030] loss = 0.000438
[e061 s0200/1030] loss = 0.000431
[e061 s0250/1030] loss = 0.000407
[e061 s0300/1030] loss = 0.000386
[e061 s0350/1030] loss = 0.000407
[e061 s0400/1030] loss = 0.000459
[e061 s0450/1030] loss = 0.000458
[e061 s0500/1030] loss = 0.000434
[e061 s0550/1030] loss = 0.000487
[e061 s0600/1030] loss = 0.000487
[e061 s0650/1030] loss = 0.000591
[e061 s0700/1030] loss = 0.000580
[e061 s0750/1030] loss = 0.000561
[e061 s0800/1030] loss = 0.000540
[e061 s0850/1030] loss = 0.000537
[e061 s0900/1030] loss = 0.000527
[e061 s0950/1030] loss = 0.000529
[e061 s1000/1030] loss = 0.000553
Epoch 061: train_loss = 0.000542  MAE/GAME0 = 36.74  RMSE = 68.62  GAME1 = 11.41  GAME2 = 3.35  GAME3 = 0.92  lr = 1.00e-05  time = 24.2s
[e062 s0001/1030] loss = 0.000006
[e062 s0050/1030] loss = 0.000390
[e062 s0100/1030] loss = 0.000469
[e062 s0150/1030] loss = 0.000565
[e062 s0200/1030] loss = 0.000615
[e062 s0250/1030] loss = 0.000574
[e062 s0300/1030] loss = 0.000565
[e062 s0350/1030] loss = 0.000522
[e062 s0400/1030] loss = 0.000516
[e062 s0450/1030] loss = 0.000494
[e062 s0500/1030] loss = 0.000486
[e062 s0550/1030] loss = 0.000477
[e062 s0600/1030] loss = 0.000475
[e062 s0650/1030] loss = 0.000487
[e062 s0700/1030] loss = 0.000506
[e062 s0750/1030] loss = 0.000494
[e062 s0800/1030] loss = 0.000474
[e062 s0850/1030] loss = 0.000487
[e062 s0900/1030] loss = 0.000532
[e062 s0950/1030] loss = 0.000548
[e062 s1000/1030] loss = 0.000562
Epoch 062: train_loss = 0.000552  MAE/GAME0 = 32.19  RMSE = 63.31  GAME1 = 11.23  GAME2 = 3.53  GAME3 = 1.01  lr = 1.00e-05  time = 24.0s
[e063 s0001/1030] loss = 0.000005
[e063 s0050/1030] loss = 0.000662
[e063 s0100/1030] loss = 0.000763
[e063 s0150/1030] loss = 0.000639
[e063 s0200/1030] loss = 0.000566
[e063 s0250/1030] loss = 0.000512
[e063 s0300/1030] loss = 0.000556
[e063 s0350/1030] loss = 0.000535
[e063 s0400/1030] loss = 0.000494
[e063 s0450/1030] loss = 0.000528
[e063 s0500/1030] loss = 0.000495
[e063 s0550/1030] loss = 0.000500
[e063 s0600/1030] loss = 0.000667
[e063 s0650/1030] loss = 0.000649
[e063 s0700/1030] loss = 0.000626
[e063 s0750/1030] loss = 0.000600
[e063 s0800/1030] loss = 0.000666
[e063 s0850/1030] loss = 0.000645
[e063 s0900/1030] loss = 0.000628
[e063 s0950/1030] loss = 0.000623
[e063 s1000/1030] loss = 0.000608
Epoch 063: train_loss = 0.000596  MAE/GAME0 = 31.22  RMSE = 62.93  GAME1 = 11.06  GAME2 = 3.45  GAME3 = 0.98  lr = 1.00e-05  time = 24.5s
[e064 s0001/1030] loss = 0.000007
[e064 s0050/1030] loss = 0.000430
[e064 s0100/1030] loss = 0.000399
[e064 s0150/1030] loss = 0.000450
[e064 s0200/1030] loss = 0.000386
[e064 s0250/1030] loss = 0.000423
[e064 s0300/1030] loss = 0.000394
[e064 s0350/1030] loss = 0.000387
[e064 s0400/1030] loss = 0.000388
[e064 s0450/1030] loss = 0.000383
[e064 s0500/1030] loss = 0.000395
[e064 s0550/1030] loss = 0.000396
[e064 s0600/1030] loss = 0.000435
[e064 s0650/1030] loss = 0.000427
[e064 s0700/1030] loss = 0.000437
[e064 s0750/1030] loss = 0.000439
[e064 s0800/1030] loss = 0.000467
[e064 s0850/1030] loss = 0.000545
[e064 s0900/1030] loss = 0.000541
[e064 s0950/1030] loss = 0.000548
[e064 s1000/1030] loss = 0.000538
Epoch 064: train_loss = 0.000558  MAE/GAME0 = 52.32  RMSE = 75.87  GAME1 = 15.18  GAME2 = 4.52  GAME3 = 1.28  lr = 1.00e-05  time = 24.5s
[e065 s0001/1030] loss = 0.000033
[e065 s0050/1030] loss = 0.005341
[e065 s0100/1030] loss = 0.002907
[e065 s0150/1030] loss = 0.002114
[e065 s0200/1030] loss = 0.001749
[e065 s0250/1030] loss = 0.001513
[e065 s0300/1030] loss = 0.001324
[e065 s0350/1030] loss = 0.001185
[e065 s0400/1030] loss = 0.001103
[e065 s0450/1030] loss = 0.001030
[e065 s0500/1030] loss = 0.000979
[e065 s0550/1030] loss = 0.000921
[e065 s0600/1030] loss = 0.000886
[e065 s0650/1030] loss = 0.000838
[e065 s0700/1030] loss = 0.000797
[e065 s0750/1030] loss = 0.000853
[e065 s0800/1030] loss = 0.000834
[e065 s0850/1030] loss = 0.000812
[e065 s0900/1030] loss = 0.000779
[e065 s0950/1030] loss = 0.000758
[e065 s1000/1030] loss = 0.000746
Epoch 065: train_loss = 0.000744  MAE/GAME0 = 37.45  RMSE = 63.35  GAME1 = 12.78  GAME2 = 4.09  GAME3 = 1.18  lr = 1.00e-05  time = 24.0s
[e066 s0001/1030] loss = 0.000122
[e066 s0050/1030] loss = 0.000235
[e066 s0100/1030] loss = 0.000376
[e066 s0150/1030] loss = 0.000381
[e066 s0200/1030] loss = 0.000471
[e066 s0250/1030] loss = 0.000552
[e066 s0300/1030] loss = 0.000588
[e066 s0350/1030] loss = 0.000566
[e066 s0400/1030] loss = 0.000563
[e066 s0450/1030] loss = 0.000538
[e066 s0500/1030] loss = 0.000583
[e066 s0550/1030] loss = 0.000606
[e066 s0600/1030] loss = 0.000874
[e066 s0650/1030] loss = 0.000831
[e066 s0700/1030] loss = 0.000795
[e066 s0750/1030] loss = 0.000773
[e066 s0800/1030] loss = 0.000750
[e066 s0850/1030] loss = 0.000730
[e066 s0900/1030] loss = 0.000726
[e066 s0950/1030] loss = 0.000703
[e066 s1000/1030] loss = 0.000678
Epoch 066: train_loss = 0.000675  MAE/GAME0 = 54.22  RMSE = 76.20  GAME1 = 15.88  GAME2 = 4.77  GAME3 = 1.35  lr = 1.00e-05  time = 24.0s
[e067 s0001/1030] loss = 0.000403
[e067 s0050/1030] loss = 0.000716
[e067 s0100/1030] loss = 0.000484
[e067 s0150/1030] loss = 0.000456
[e067 s0200/1030] loss = 0.001142
[e067 s0250/1030] loss = 0.000983
[e067 s0300/1030] loss = 0.000880
[e067 s0350/1030] loss = 0.000847
[e067 s0400/1030] loss = 0.000797
[e067 s0450/1030] loss = 0.000776
[e067 s0500/1030] loss = 0.000734
[e067 s0550/1030] loss = 0.000743
[e067 s0600/1030] loss = 0.000849
[e067 s0650/1030] loss = 0.000865
[e067 s0700/1030] loss = 0.000825
[e067 s0750/1030] loss = 0.000806
[e067 s0800/1030] loss = 0.000780
[e067 s0850/1030] loss = 0.000773
[e067 s0900/1030] loss = 0.000777
[e067 s0950/1030] loss = 0.000755
[e067 s1000/1030] loss = 0.000736
Epoch 067: train_loss = 0.000719  MAE/GAME0 = 34.89  RMSE = 65.84  GAME1 = 10.90  GAME2 = 3.29  GAME3 = 0.94  lr = 1.00e-05  time = 24.3s
[e068 s0001/1030] loss = 0.000020
[e068 s0050/1030] loss = 0.000575
[e068 s0100/1030] loss = 0.000694
[e068 s0150/1030] loss = 0.000796
[e068 s0200/1030] loss = 0.001047
[e068 s0250/1030] loss = 0.001352
[e068 s0300/1030] loss = 0.001238
[e068 s0350/1030] loss = 0.001115
[e068 s0400/1030] loss = 0.001025
[e068 s0450/1030] loss = 0.000967
[e068 s0500/1030] loss = 0.000949
[e068 s0550/1030] loss = 0.000897
[e068 s0600/1030] loss = 0.000914
[e068 s0650/1030] loss = 0.000883
[e068 s0700/1030] loss = 0.000844
[e068 s0750/1030] loss = 0.000843
[e068 s0800/1030] loss = 0.000816
[e068 s0850/1030] loss = 0.000820
[e068 s0900/1030] loss = 0.000813
[e068 s0950/1030] loss = 0.000806
[e068 s1000/1030] loss = 0.000792
Epoch 068: train_loss = 0.000792  MAE/GAME0 = 31.92  RMSE = 61.39  GAME1 = 11.17  GAME2 = 3.55  GAME3 = 1.02  lr = 1.00e-05  time = 24.3s
[e069 s0001/1030] loss = 0.000005
[e069 s0050/1030] loss = 0.000424
[e069 s0100/1030] loss = 0.000441
[e069 s0150/1030] loss = 0.000478
[e069 s0200/1030] loss = 0.000636
[e069 s0250/1030] loss = 0.000683
[e069 s0300/1030] loss = 0.000657
[e069 s0350/1030] loss = 0.000627
[e069 s0400/1030] loss = 0.000579
[e069 s0450/1030] loss = 0.000559
[e069 s0500/1030] loss = 0.000542
[e069 s0550/1030] loss = 0.000658
[e069 s0600/1030] loss = 0.000624
[e069 s0650/1030] loss = 0.000592
[e069 s0700/1030] loss = 0.000601
[e069 s0750/1030] loss = 0.000598
[e069 s0800/1030] loss = 0.000577
[e069 s0850/1030] loss = 0.000566
[e069 s0900/1030] loss = 0.000566
[e069 s0950/1030] loss = 0.000570
[e069 s1000/1030] loss = 0.000556
Epoch 069: train_loss = 0.000553  MAE/GAME0 = 31.76  RMSE = 62.59  GAME1 = 10.90  GAME2 = 3.43  GAME3 = 0.99  lr = 1.00e-05  time = 24.3s
[e070 s0001/1030] loss = 0.000014
[e070 s0050/1030] loss = 0.000530
[e070 s0100/1030] loss = 0.000396
[e070 s0150/1030] loss = 0.000347
[e070 s0200/1030] loss = 0.000378
[e070 s0250/1030] loss = 0.000411
[e070 s0300/1030] loss = 0.000417
[e070 s0350/1030] loss = 0.000414
[e070 s0400/1030] loss = 0.000417
[e070 s0450/1030] loss = 0.000415
[e070 s0500/1030] loss = 0.000439
[e070 s0550/1030] loss = 0.000432
[e070 s0600/1030] loss = 0.000413
[e070 s0650/1030] loss = 0.000408
[e070 s0700/1030] loss = 0.000403
[e070 s0750/1030] loss = 0.000416
[e070 s0800/1030] loss = 0.000436
[e070 s0850/1030] loss = 0.000435
[e070 s0900/1030] loss = 0.000428
[e070 s0950/1030] loss = 0.000420
[e070 s1000/1030] loss = 0.000417
Epoch 070: train_loss = 0.000412  MAE/GAME0 = 32.37  RMSE = 64.00  GAME1 = 10.71  GAME2 = 3.30  GAME3 = 0.94  lr = 1.00e-05  time = 24.1s
[e071 s0001/1030] loss = 0.000045
[e071 s0050/1030] loss = 0.000673
[e071 s0100/1030] loss = 0.000654
[e071 s0150/1030] loss = 0.000613
[e071 s0200/1030] loss = 0.000589
[e071 s0250/1030] loss = 0.000538
[e071 s0300/1030] loss = 0.000515
[e071 s0350/1030] loss = 0.000503
[e071 s0400/1030] loss = 0.000481
[e071 s0450/1030] loss = 0.000462
[e071 s0500/1030] loss = 0.000467
[e071 s0550/1030] loss = 0.000464
[e071 s0600/1030] loss = 0.000490
[e071 s0650/1030] loss = 0.000494
[e071 s0700/1030] loss = 0.000529
[e071 s0750/1030] loss = 0.000534
[e071 s0800/1030] loss = 0.000528
[e071 s0850/1030] loss = 0.000505
[e071 s0900/1030] loss = 0.000500
[e071 s0950/1030] loss = 0.000494
[e071 s1000/1030] loss = 0.000513
Epoch 071: train_loss = 0.000506  MAE/GAME0 = 59.00  RMSE = 81.82  GAME1 = 16.58  GAME2 = 4.81  GAME3 = 1.35  lr = 1.00e-05  time = 24.1s
[e072 s0001/1030] loss = 0.000028
[e072 s0050/1030] loss = 0.000423
[e072 s0100/1030] loss = 0.000426
[e072 s0150/1030] loss = 0.000469
[e072 s0200/1030] loss = 0.000456
[e072 s0250/1030] loss = 0.000425
[e072 s0300/1030] loss = 0.000493
[e072 s0350/1030] loss = 0.000493
[e072 s0400/1030] loss = 0.000506
[e072 s0450/1030] loss = 0.000492
[e072 s0500/1030] loss = 0.000469
[e072 s0550/1030] loss = 0.000477
[e072 s0600/1030] loss = 0.000472
[e072 s0650/1030] loss = 0.000454
[e072 s0700/1030] loss = 0.000444
[e072 s0750/1030] loss = 0.000475
[e072 s0800/1030] loss = 0.000474
[e072 s0850/1030] loss = 0.000469
[e072 s0900/1030] loss = 0.000476
[e072 s0950/1030] loss = 0.000490
[e072 s1000/1030] loss = 0.000475
Epoch 072: train_loss = 0.000471  MAE/GAME0 = 31.48  RMSE = 62.69  GAME1 = 11.05  GAME2 = 3.48  GAME3 = 1.00  lr = 1.00e-05  time = 24.1s
[e073 s0001/1030] loss = 0.000089
[e073 s0050/1030] loss = 0.000435
[e073 s0100/1030] loss = 0.000458
[e073 s0150/1030] loss = 0.000474
[e073 s0200/1030] loss = 0.000423
[e073 s0250/1030] loss = 0.000373
[e073 s0300/1030] loss = 0.000362
[e073 s0350/1030] loss = 0.000439
[e073 s0400/1030] loss = 0.000463
[e073 s0450/1030] loss = 0.000512
[e073 s0500/1030] loss = 0.000492
[e073 s0550/1030] loss = 0.000607
[e073 s0600/1030] loss = 0.000688
[e073 s0650/1030] loss = 0.000671
[e073 s0700/1030] loss = 0.000651
[e073 s0750/1030] loss = 0.000674
[e073 s0800/1030] loss = 0.000653
[e073 s0850/1030] loss = 0.000659
[e073 s0900/1030] loss = 0.000644
[e073 s0950/1030] loss = 0.000641
[e073 s1000/1030] loss = 0.000659
Epoch 073: train_loss = 0.000645  MAE/GAME0 = 33.42  RMSE = 62.93  GAME1 = 11.40  GAME2 = 3.62  GAME3 = 1.04  lr = 1.00e-05  time = 24.1s
[e074 s0001/1030] loss = 0.000038
[e074 s0050/1030] loss = 0.000454
[e074 s0100/1030] loss = 0.000416
[e074 s0150/1030] loss = 0.000480
[e074 s0200/1030] loss = 0.000457
[e074 s0250/1030] loss = 0.000464
[e074 s0300/1030] loss = 0.000435
[e074 s0350/1030] loss = 0.000654
[e074 s0400/1030] loss = 0.000627
[e074 s0450/1030] loss = 0.000595
[e074 s0500/1030] loss = 0.000574
[e074 s0550/1030] loss = 0.000565
[e074 s0600/1030] loss = 0.000563
[e074 s0650/1030] loss = 0.000576
[e074 s0700/1030] loss = 0.000594
[e074 s0750/1030] loss = 0.000577
[e074 s0800/1030] loss = 0.000584
[e074 s0850/1030] loss = 0.000562
[e074 s0900/1030] loss = 0.000556
[e074 s0950/1030] loss = 0.000575
[e074 s1000/1030] loss = 0.000555
Epoch 074: train_loss = 0.000554  MAE/GAME0 = 62.18  RMSE = 85.75  GAME1 = 17.11  GAME2 = 4.93  GAME3 = 1.38  lr = 1.00e-05  time = 24.2s
[e075 s0001/1030] loss = 0.000009
[e075 s0050/1030] loss = 0.000638
[e075 s0100/1030] loss = 0.000542
[e075 s0150/1030] loss = 0.000606
[e075 s0200/1030] loss = 0.000650
[e075 s0250/1030] loss = 0.000577
[e075 s0300/1030] loss = 0.000522
[e075 s0350/1030] loss = 0.000564
[e075 s0400/1030] loss = 0.000550
[e075 s0450/1030] loss = 0.000524
[e075 s0500/1030] loss = 0.000515
[e075 s0550/1030] loss = 0.000525
[e075 s0600/1030] loss = 0.000511
[e075 s0650/1030] loss = 0.000490
[e075 s0700/1030] loss = 0.000489
[e075 s0750/1030] loss = 0.000491
[e075 s0800/1030] loss = 0.000512
[e075 s0850/1030] loss = 0.000507
[e075 s0900/1030] loss = 0.000501
[e075 s0950/1030] loss = 0.000504
[e075 s1000/1030] loss = 0.000494
Epoch 075: train_loss = 0.000499  MAE/GAME0 = 40.87  RMSE = 65.67  GAME1 = 13.22  GAME2 = 4.16  GAME3 = 1.19  lr = 1.00e-05  time = 24.0s
[e076 s0001/1030] loss = 0.000014
[e076 s0050/1030] loss = 0.000412
[e076 s0100/1030] loss = 0.000411
[e076 s0150/1030] loss = 0.000461
[e076 s0200/1030] loss = 0.000427
[e076 s0250/1030] loss = 0.000423
[e076 s0300/1030] loss = 0.000524
[e076 s0350/1030] loss = 0.000480
[e076 s0400/1030] loss = 0.000510
[e076 s0450/1030] loss = 0.000534
[e076 s0500/1030] loss = 0.000595
[e076 s0550/1030] loss = 0.000558
[e076 s0600/1030] loss = 0.000575
[e076 s0650/1030] loss = 0.000554
[e076 s0700/1030] loss = 0.000550
[e076 s0750/1030] loss = 0.000545
[e076 s0800/1030] loss = 0.000545
[e076 s0850/1030] loss = 0.000532
[e076 s0900/1030] loss = 0.000570
[e076 s0950/1030] loss = 0.000573
[e076 s1000/1030] loss = 0.000566
Epoch 076: train_loss = 0.000612  MAE/GAME0 = 34.87  RMSE = 63.88  GAME1 = 11.43  GAME2 = 3.57  GAME3 = 1.03  lr = 1.00e-05  time = 24.5s
[e077 s0001/1030] loss = 0.000038
[e077 s0050/1030] loss = 0.002499
[e077 s0100/1030] loss = 0.001659
[e077 s0150/1030] loss = 0.001336
[e077 s0200/1030] loss = 0.001146
[e077 s0250/1030] loss = 0.000980
[e077 s0300/1030] loss = 0.000879
[e077 s0350/1030] loss = 0.000860
[e077 s0400/1030] loss = 0.000799
[e077 s0450/1030] loss = 0.000737
[e077 s0500/1030] loss = 0.000694
[e077 s0550/1030] loss = 0.000655
[e077 s0600/1030] loss = 0.000628
[e077 s0650/1030] loss = 0.000607
[e077 s0700/1030] loss = 0.000600
[e077 s0750/1030] loss = 0.000602
[e077 s0800/1030] loss = 0.000595
[e077 s0850/1030] loss = 0.000609
[e077 s0900/1030] loss = 0.000603
[e077 s0950/1030] loss = 0.000597
[e077 s1000/1030] loss = 0.000579
Epoch 077: train_loss = 0.000573  MAE/GAME0 = 47.82  RMSE = 74.54  GAME1 = 13.88  GAME2 = 4.15  GAME3 = 1.18  lr = 1.00e-05  time = 24.3s
[e078 s0001/1030] loss = 0.000101
[e078 s0050/1030] loss = 0.000411
[e078 s0100/1030] loss = 0.000694
[e078 s0150/1030] loss = 0.000646
[e078 s0200/1030] loss = 0.000589
[e078 s0250/1030] loss = 0.000574
[e078 s0300/1030] loss = 0.000550
[e078 s0350/1030] loss = 0.000507
[e078 s0400/1030] loss = 0.000504
[e078 s0450/1030] loss = 0.000671
[e078 s0500/1030] loss = 0.000779
[e078 s0550/1030] loss = 0.000746
[e078 s0600/1030] loss = 0.000709
[e078 s0650/1030] loss = 0.000685
[e078 s0700/1030] loss = 0.000653
[e078 s0750/1030] loss = 0.000640
[e078 s0800/1030] loss = 0.000627
[e078 s0850/1030] loss = 0.000633
[e078 s0900/1030] loss = 0.000630
[e078 s0950/1030] loss = 0.000611
[e078 s1000/1030] loss = 0.000604
Epoch 078: train_loss = 0.000594  MAE/GAME0 = 33.88  RMSE = 63.93  GAME1 = 11.11  GAME2 = 3.47  GAME3 = 1.00  lr = 1.00e-05  time = 24.4s
[e079 s0001/1030] loss = 0.000024
[e079 s0050/1030] loss = 0.000540
[e079 s0100/1030] loss = 0.000539
[e079 s0150/1030] loss = 0.000548
[e079 s0200/1030] loss = 0.000454
[e079 s0250/1030] loss = 0.000479
[e079 s0300/1030] loss = 0.000473
[e079 s0350/1030] loss = 0.000479
[e079 s0400/1030] loss = 0.000513
[e079 s0450/1030] loss = 0.000511
[e079 s0500/1030] loss = 0.000491
[e079 s0550/1030] loss = 0.000480
[e079 s0600/1030] loss = 0.000485
[e079 s0650/1030] loss = 0.000483
[e079 s0700/1030] loss = 0.000475
[e079 s0750/1030] loss = 0.000463
[e079 s0800/1030] loss = 0.000463
[e079 s0850/1030] loss = 0.000461
[e079 s0900/1030] loss = 0.000484
[e079 s0950/1030] loss = 0.000497
[e079 s1000/1030] loss = 0.000488
Epoch 079: train_loss = 0.000483  MAE/GAME0 = 34.52  RMSE = 66.23  GAME1 = 10.55  GAME2 = 3.15  GAME3 = 0.90  lr = 1.00e-05  time = 25.3s
[e080 s0001/1030] loss = 0.000024
[e080 s0050/1030] loss = 0.001331
[e080 s0100/1030] loss = 0.000793
[e080 s0150/1030] loss = 0.000720
[e080 s0200/1030] loss = 0.000636
[e080 s0250/1030] loss = 0.000628
[e080 s0300/1030] loss = 0.000588
[e080 s0350/1030] loss = 0.000591
[e080 s0400/1030] loss = 0.000573
[e080 s0450/1030] loss = 0.000637
[e080 s0500/1030] loss = 0.000632
[e080 s0550/1030] loss = 0.000604
[e080 s0600/1030] loss = 0.000590
[e080 s0650/1030] loss = 0.000565
[e080 s0700/1030] loss = 0.000557
[e080 s0750/1030] loss = 0.000545
[e080 s0800/1030] loss = 0.000525
[e080 s0850/1030] loss = 0.000504
[e080 s0900/1030] loss = 0.000494
[e080 s0950/1030] loss = 0.000501
[e080 s1000/1030] loss = 0.000488
Epoch 080: train_loss = 0.000488  MAE/GAME0 = 53.27  RMSE = 76.46  GAME1 = 15.53  GAME2 = 4.65  GAME3 = 1.32  lr = 1.00e-05  time = 24.9s
[e081 s0001/1030] loss = 0.000016
[e081 s0050/1030] loss = 0.000584
[e081 s0100/1030] loss = 0.000612
[e081 s0150/1030] loss = 0.000606
[e081 s0200/1030] loss = 0.000511
[e081 s0250/1030] loss = 0.000492
[e081 s0300/1030] loss = 0.000445
[e081 s0350/1030] loss = 0.000421
[e081 s0400/1030] loss = 0.000439
[e081 s0450/1030] loss = 0.000428
[e081 s0500/1030] loss = 0.000450
[e081 s0550/1030] loss = 0.000430
[e081 s0600/1030] loss = 0.000423
[e081 s0650/1030] loss = 0.000472
[e081 s0700/1030] loss = 0.000481
[e081 s0750/1030] loss = 0.000539
[e081 s0800/1030] loss = 0.000524
[e081 s0850/1030] loss = 0.000511
[e081 s0900/1030] loss = 0.000513
[e081 s0950/1030] loss = 0.000528
[e081 s1000/1030] loss = 0.000544
Epoch 081: train_loss = 0.000537  MAE/GAME0 = 55.16  RMSE = 78.26  GAME1 = 15.75  GAME2 = 4.67  GAME3 = 1.32  lr = 1.00e-05  time = 24.6s
[e082 s0001/1030] loss = 0.000121
[e082 s0050/1030] loss = 0.000344
[e082 s0100/1030] loss = 0.000817
[e082 s0150/1030] loss = 0.000729
[e082 s0200/1030] loss = 0.000803
[e082 s0250/1030] loss = 0.000781
[e082 s0300/1030] loss = 0.000712
[e082 s0350/1030] loss = 0.000634
[e082 s0400/1030] loss = 0.000732
[e082 s0450/1030] loss = 0.000678
[e082 s0500/1030] loss = 0.000647
[e082 s0550/1030] loss = 0.000641
[e082 s0600/1030] loss = 0.000649
[e082 s0650/1030] loss = 0.000660
[e082 s0700/1030] loss = 0.000663
[e082 s0750/1030] loss = 0.000676
[e082 s0800/1030] loss = 0.000677
[e082 s0850/1030] loss = 0.000678
[e082 s0900/1030] loss = 0.000679
[e082 s0950/1030] loss = 0.000692
[e082 s1000/1030] loss = 0.000702
Epoch 082: train_loss = 0.000686  MAE/GAME0 = 33.04  RMSE = 63.51  GAME1 = 10.90  GAME2 = 3.40  GAME3 = 0.98  lr = 1.00e-05  time = 24.2s
[e083 s0001/1030] loss = 0.000009
[e083 s0050/1030] loss = 0.000337
[e083 s0100/1030] loss = 0.000454
[e083 s0150/1030] loss = 0.000423
[e083 s0200/1030] loss = 0.000408
[e083 s0250/1030] loss = 0.000456
[e083 s0300/1030] loss = 0.001038
[e083 s0350/1030] loss = 0.001107
[e083 s0400/1030] loss = 0.001002
[e083 s0450/1030] loss = 0.000965
[e083 s0500/1030] loss = 0.000965
[e083 s0550/1030] loss = 0.000989
[e083 s0600/1030] loss = 0.000932
[e083 s0650/1030] loss = 0.000878
[e083 s0700/1030] loss = 0.000845
[e083 s0750/1030] loss = 0.000831
[e083 s0800/1030] loss = 0.000834
[e083 s0850/1030] loss = 0.000824
[e083 s0900/1030] loss = 0.000804
[e083 s0950/1030] loss = 0.000781
[e083 s1000/1030] loss = 0.000770
Epoch 083: train_loss = 0.000762  MAE/GAME0 = 32.68  RMSE = 63.28  GAME1 = 10.95  GAME2 = 3.45  GAME3 = 0.99  lr = 1.00e-05  time = 24.0s
[e084 s0001/1030] loss = 0.000908
[e084 s0050/1030] loss = 0.000414
[e084 s0100/1030] loss = 0.000624
[e084 s0150/1030] loss = 0.000575
[e084 s0200/1030] loss = 0.000535
[e084 s0250/1030] loss = 0.000532
[e084 s0300/1030] loss = 0.000515
[e084 s0350/1030] loss = 0.000564
[e084 s0400/1030] loss = 0.000557
[e084 s0450/1030] loss = 0.000527
[e084 s0500/1030] loss = 0.000529
[e084 s0550/1030] loss = 0.000514
[e084 s0600/1030] loss = 0.000531
[e084 s0650/1030] loss = 0.000528
[e084 s0700/1030] loss = 0.000525
[e084 s0750/1030] loss = 0.000518
[e084 s0800/1030] loss = 0.000514
[e084 s0850/1030] loss = 0.000519
[e084 s0900/1030] loss = 0.000527
[e084 s0950/1030] loss = 0.000527
[e084 s1000/1030] loss = 0.000527
Epoch 084: train_loss = 0.000522  MAE/GAME0 = 41.04  RMSE = 68.17  GAME1 = 12.69  GAME2 = 3.92  GAME3 = 1.13  lr = 1.00e-05  time = 25.8s
[e085 s0001/1030] loss = 0.000489
[e085 s0050/1030] loss = 0.000427
[e085 s0100/1030] loss = 0.000413
[e085 s0150/1030] loss = 0.000572
[e085 s0200/1030] loss = 0.000494
[e085 s0250/1030] loss = 0.000524
[e085 s0300/1030] loss = 0.000886
[e085 s0350/1030] loss = 0.000813
[e085 s0400/1030] loss = 0.000741
[e085 s0450/1030] loss = 0.000686
[e085 s0500/1030] loss = 0.000765
[e085 s0550/1030] loss = 0.000738
[e085 s0600/1030] loss = 0.000712
[e085 s0650/1030] loss = 0.000684
[e085 s0700/1030] loss = 0.000656
[e085 s0750/1030] loss = 0.000637
[e085 s0800/1030] loss = 0.000622
[e085 s0850/1030] loss = 0.000624
[e085 s0900/1030] loss = 0.000621
[e085 s0950/1030] loss = 0.000607
[e085 s1000/1030] loss = 0.000593
Epoch 085: train_loss = 0.000589  MAE/GAME0 = 34.32  RMSE = 66.41  GAME1 = 10.50  GAME2 = 3.11  GAME3 = 0.88  lr = 1.00e-05  time = 24.2s
[e086 s0001/1030] loss = 0.000511
[e086 s0050/1030] loss = 0.000782
[e086 s0100/1030] loss = 0.000480
[e086 s0150/1030] loss = 0.000374
[e086 s0200/1030] loss = 0.000364
[e086 s0250/1030] loss = 0.000444
[e086 s0300/1030] loss = 0.000457
[e086 s0350/1030] loss = 0.000447
[e086 s0400/1030] loss = 0.000449
[e086 s0450/1030] loss = 0.000488
[e086 s0500/1030] loss = 0.000489
[e086 s0550/1030] loss = 0.000473
[e086 s0600/1030] loss = 0.000457
[e086 s0650/1030] loss = 0.000442
[e086 s0700/1030] loss = 0.000620
[e086 s0750/1030] loss = 0.000644
[e086 s0800/1030] loss = 0.000630
[e086 s0850/1030] loss = 0.000603
[e086 s0900/1030] loss = 0.000592
[e086 s0950/1030] loss = 0.000607
[e086 s1000/1030] loss = 0.000592
Epoch 086: train_loss = 0.000593  MAE/GAME0 = 32.97  RMSE = 62.05  GAME1 = 11.53  GAME2 = 3.67  GAME3 = 1.06  lr = 1.00e-05  time = 24.3s
[e087 s0001/1030] loss = 0.001461
[e087 s0050/1030] loss = 0.000605
[e087 s0100/1030] loss = 0.000509
[e087 s0150/1030] loss = 0.000621
[e087 s0200/1030] loss = 0.000591
[e087 s0250/1030] loss = 0.000537
[e087 s0300/1030] loss = 0.000516
[e087 s0350/1030] loss = 0.000495
[e087 s0400/1030] loss = 0.000485
[e087 s0450/1030] loss = 0.000505
[e087 s0500/1030] loss = 0.000505
[e087 s0550/1030] loss = 0.000509
[e087 s0600/1030] loss = 0.000578
[e087 s0650/1030] loss = 0.000574
[e087 s0700/1030] loss = 0.000569
[e087 s0750/1030] loss = 0.000583
[e087 s0800/1030] loss = 0.000584
[e087 s0850/1030] loss = 0.000597
[e087 s0900/1030] loss = 0.000591
[e087 s0950/1030] loss = 0.000588
[e087 s1000/1030] loss = 0.000578
Epoch 087: train_loss = 0.000567  MAE/GAME0 = 35.23  RMSE = 67.23  GAME1 = 10.75  GAME2 = 3.16  GAME3 = 0.88  lr = 1.00e-05  time = 24.1s
[e088 s0001/1030] loss = 0.000881
[e088 s0050/1030] loss = 0.000416
[e088 s0100/1030] loss = 0.000347
[e088 s0150/1030] loss = 0.000501
[e088 s0200/1030] loss = 0.000489
[e088 s0250/1030] loss = 0.001090
[e088 s0300/1030] loss = 0.001067
[e088 s0350/1030] loss = 0.000971
[e088 s0400/1030] loss = 0.000949
[e088 s0450/1030] loss = 0.000908
[e088 s0500/1030] loss = 0.000850
[e088 s0550/1030] loss = 0.000866
[e088 s0600/1030] loss = 0.000826
[e088 s0650/1030] loss = 0.000825
[e088 s0700/1030] loss = 0.000805
[e088 s0750/1030] loss = 0.000772
[e088 s0800/1030] loss = 0.000736
[e088 s0850/1030] loss = 0.000726
[e088 s0900/1030] loss = 0.000706
[e088 s0950/1030] loss = 0.000677
[e088 s1000/1030] loss = 0.000672
Epoch 088: train_loss = 0.000658  MAE/GAME0 = 32.83  RMSE = 63.58  GAME1 = 10.91  GAME2 = 3.40  GAME3 = 0.98  lr = 1.00e-05  time = 25.8s
[e089 s0001/1030] loss = 0.000342
[e089 s0050/1030] loss = 0.000303
[e089 s0100/1030] loss = 0.000391
[e089 s0150/1030] loss = 0.000485
[e089 s0200/1030] loss = 0.000456
[e089 s0250/1030] loss = 0.000519
[e089 s0300/1030] loss = 0.000497
[e089 s0350/1030] loss = 0.000500
[e089 s0400/1030] loss = 0.000492
[e089 s0450/1030] loss = 0.000555
[e089 s0500/1030] loss = 0.000563
[e089 s0550/1030] loss = 0.000534
[e089 s0600/1030] loss = 0.000536
[e089 s0650/1030] loss = 0.000516
[e089 s0700/1030] loss = 0.000507
[e089 s0750/1030] loss = 0.000501
[e089 s0800/1030] loss = 0.000487
[e089 s0850/1030] loss = 0.000607
[e089 s0900/1030] loss = 0.000594
[e089 s0950/1030] loss = 0.000579
[e089 s1000/1030] loss = 0.000573
Epoch 089: train_loss = 0.000569  MAE/GAME0 = 51.22  RMSE = 76.42  GAME1 = 14.90  GAME2 = 4.43  GAME3 = 1.26  lr = 1.00e-05  time = 24.2s
[e090 s0001/1030] loss = 0.000375
[e090 s0050/1030] loss = 0.000494
[e090 s0100/1030] loss = 0.000478
[e090 s0150/1030] loss = 0.001065
[e090 s0200/1030] loss = 0.000983
[e090 s0250/1030] loss = 0.000873
[e090 s0300/1030] loss = 0.000828
[e090 s0350/1030] loss = 0.000772
[e090 s0400/1030] loss = 0.000735
[e090 s0450/1030] loss = 0.000990
[e090 s0500/1030] loss = 0.000922
[e090 s0550/1030] loss = 0.000879
[e090 s0600/1030] loss = 0.000873
[e090 s0650/1030] loss = 0.000821
[e090 s0700/1030] loss = 0.000788
[e090 s0750/1030] loss = 0.000764
[e090 s0800/1030] loss = 0.000759
[e090 s0850/1030] loss = 0.000737
[e090 s0900/1030] loss = 0.000715
[e090 s0950/1030] loss = 0.000701
[e090 s1000/1030] loss = 0.000686
Epoch 090: train_loss = 0.000693  MAE/GAME0 = 96.41  RMSE = 114.84  GAME1 = 25.07  GAME2 = 6.81  GAME3 = 1.86  lr = 1.00e-05  time = 24.4s
[e091 s0001/1030] loss = 0.000418
[e091 s0050/1030] loss = 0.000581
[e091 s0100/1030] loss = 0.000513
[e091 s0150/1030] loss = 0.000455
[e091 s0200/1030] loss = 0.000416
[e091 s0250/1030] loss = 0.000400
[e091 s0300/1030] loss = 0.000390
[e091 s0350/1030] loss = 0.000388
[e091 s0400/1030] loss = 0.000448
[e091 s0450/1030] loss = 0.000491
[e091 s0500/1030] loss = 0.000477
[e091 s0550/1030] loss = 0.000493
[e091 s0600/1030] loss = 0.000521
[e091 s0650/1030] loss = 0.000544
[e091 s0700/1030] loss = 0.000524
[e091 s0750/1030] loss = 0.000537
[e091 s0800/1030] loss = 0.000583
[e091 s0850/1030] loss = 0.000582
[e091 s0900/1030] loss = 0.000743
[e091 s0950/1030] loss = 0.000730
[e091 s1000/1030] loss = 0.000712
Epoch 091: train_loss = 0.000699  MAE/GAME0 = 32.21  RMSE = 63.04  GAME1 = 11.01  GAME2 = 3.47  GAME3 = 0.99  lr = 1.00e-05  time = 25.2s
[e092 s0001/1030] loss = 0.003564
[e092 s0050/1030] loss = 0.000648
[e092 s0100/1030] loss = 0.000481
[e092 s0150/1030] loss = 0.000586
[e092 s0200/1030] loss = 0.000746
[e092 s0250/1030] loss = 0.000657
[e092 s0300/1030] loss = 0.000722
[e092 s0350/1030] loss = 0.000706
[e092 s0400/1030] loss = 0.000714
[e092 s0450/1030] loss = 0.000680
[e092 s0500/1030] loss = 0.000635
[e092 s0550/1030] loss = 0.000671
[e092 s0600/1030] loss = 0.000645
[e092 s0650/1030] loss = 0.000701
[e092 s0700/1030] loss = 0.000702
[e092 s0750/1030] loss = 0.000689
[e092 s0800/1030] loss = 0.000673
[e092 s0850/1030] loss = 0.000652
[e092 s0900/1030] loss = 0.000658
[e092 s0950/1030] loss = 0.000639
[e092 s1000/1030] loss = 0.000631
Epoch 092: train_loss = 0.000622  MAE/GAME0 = 31.59  RMSE = 62.63  GAME1 = 10.87  GAME2 = 3.42  GAME3 = 0.98  lr = 1.00e-05  time = 24.2s
[e093 s0001/1030] loss = 0.000200
[e093 s0050/1030] loss = 0.000725
[e093 s0100/1030] loss = 0.000640
[e093 s0150/1030] loss = 0.000637
[e093 s0200/1030] loss = 0.000649
[e093 s0250/1030] loss = 0.000673
[e093 s0300/1030] loss = 0.000841
[e093 s0350/1030] loss = 0.000795
[e093 s0400/1030] loss = 0.000772
[e093 s0450/1030] loss = 0.000782
[e093 s0500/1030] loss = 0.000761
[e093 s0550/1030] loss = 0.000734
[e093 s0600/1030] loss = 0.000728
[e093 s0650/1030] loss = 0.000714
[e093 s0700/1030] loss = 0.000689
[e093 s0750/1030] loss = 0.000661
[e093 s0800/1030] loss = 0.000666
[e093 s0850/1030] loss = 0.000700
[e093 s0900/1030] loss = 0.000683
[e093 s0950/1030] loss = 0.000674
[e093 s1000/1030] loss = 0.000651
Epoch 093: train_loss = 0.000656  MAE/GAME0 = 32.35  RMSE = 62.39  GAME1 = 11.28  GAME2 = 3.61  GAME3 = 1.04  lr = 1.00e-05  time = 24.3s
[e094 s0001/1030] loss = 0.000776
[e094 s0050/1030] loss = 0.000240
[e094 s0100/1030] loss = 0.000323
[e094 s0150/1030] loss = 0.000388
[e094 s0200/1030] loss = 0.000437
[e094 s0250/1030] loss = 0.000470
[e094 s0300/1030] loss = 0.000449
[e094 s0350/1030] loss = 0.000561
[e094 s0400/1030] loss = 0.000532
[e094 s0450/1030] loss = 0.000529
[e094 s0500/1030] loss = 0.000529
[e094 s0550/1030] loss = 0.000516
[e094 s0600/1030] loss = 0.000544
[e094 s0650/1030] loss = 0.000541
[e094 s0700/1030] loss = 0.000517
[e094 s0750/1030] loss = 0.000539
[e094 s0800/1030] loss = 0.000541
[e094 s0850/1030] loss = 0.000614
[e094 s0900/1030] loss = 0.000613
[e094 s0950/1030] loss = 0.000610
[e094 s1000/1030] loss = 0.000597
Epoch 094: train_loss = 0.000588  MAE/GAME0 = 33.54  RMSE = 64.64  GAME1 = 10.81  GAME2 = 3.33  GAME3 = 0.95  lr = 1.00e-05  time = 24.1s
[e095 s0001/1030] loss = 0.000060
[e095 s0050/1030] loss = 0.000396
[e095 s0100/1030] loss = 0.000861
[e095 s0150/1030] loss = 0.000720
[e095 s0200/1030] loss = 0.000603
[e095 s0250/1030] loss = 0.000561
[e095 s0300/1030] loss = 0.000861
[e095 s0350/1030] loss = 0.000791
[e095 s0400/1030] loss = 0.000745
[e095 s0450/1030] loss = 0.000688
[e095 s0500/1030] loss = 0.000782
[e095 s0550/1030] loss = 0.000787
[e095 s0600/1030] loss = 0.000759
[e095 s0650/1030] loss = 0.000732
[e095 s0700/1030] loss = 0.000704
[e095 s0750/1030] loss = 0.000672
[e095 s0800/1030] loss = 0.000657
[e095 s0850/1030] loss = 0.000627
[e095 s0900/1030] loss = 0.000623
[e095 s0950/1030] loss = 0.000645
[e095 s1000/1030] loss = 0.000634
Epoch 095: train_loss = 0.000630  MAE/GAME0 = 69.88  RMSE = 89.87  GAME1 = 19.06  GAME2 = 5.46  GAME3 = 1.52  lr = 1.00e-05  time = 24.5s
[e096 s0001/1030] loss = 0.000160
[e096 s0050/1030] loss = 0.000357
[e096 s0100/1030] loss = 0.000439
[e096 s0150/1030] loss = 0.000513
[e096 s0200/1030] loss = 0.000451
[e096 s0250/1030] loss = 0.000501
[e096 s0300/1030] loss = 0.000459
[e096 s0350/1030] loss = 0.000690
[e096 s0400/1030] loss = 0.000682
[e096 s0450/1030] loss = 0.000663
[e096 s0500/1030] loss = 0.000659
[e096 s0550/1030] loss = 0.000639
[e096 s0600/1030] loss = 0.000607
[e096 s0650/1030] loss = 0.000618
[e096 s0700/1030] loss = 0.000596
[e096 s0750/1030] loss = 0.000609
[e096 s0800/1030] loss = 0.000605
[e096 s0850/1030] loss = 0.000659
[e096 s0900/1030] loss = 0.000683
[e096 s0950/1030] loss = 0.000683
[e096 s1000/1030] loss = 0.000681
Epoch 096: train_loss = 0.000674  MAE/GAME0 = 34.16  RMSE = 65.42  GAME1 = 10.60  GAME2 = 3.21  GAME3 = 0.92  lr = 1.00e-05  time = 24.8s
[e097 s0001/1030] loss = 0.000002
[e097 s0050/1030] loss = 0.000443
[e097 s0100/1030] loss = 0.000413
[e097 s0150/1030] loss = 0.000492
[e097 s0200/1030] loss = 0.000533
[e097 s0250/1030] loss = 0.000474
[e097 s0300/1030] loss = 0.000521
[e097 s0350/1030] loss = 0.000494
[e097 s0400/1030] loss = 0.000505
[e097 s0450/1030] loss = 0.000520
[e097 s0500/1030] loss = 0.000490
[e097 s0550/1030] loss = 0.000524
[e097 s0600/1030] loss = 0.000519
[e097 s0650/1030] loss = 0.000529
[e097 s0700/1030] loss = 0.000508
[e097 s0750/1030] loss = 0.000565
[e097 s0800/1030] loss = 0.000560
[e097 s0850/1030] loss = 0.000542
[e097 s0900/1030] loss = 0.000535
[e097 s0950/1030] loss = 0.000519
[e097 s1000/1030] loss = 0.000517
Epoch 097: train_loss = 0.000512  MAE/GAME0 = 33.64  RMSE = 65.02  GAME1 = 10.92  GAME2 = 3.36  GAME3 = 0.95  lr = 1.00e-05  time = 24.2s
[e098 s0001/1030] loss = 0.000004
[e098 s0050/1030] loss = 0.000270
[e098 s0100/1030] loss = 0.000349
[e098 s0150/1030] loss = 0.000371
[e098 s0200/1030] loss = 0.000363
[e098 s0250/1030] loss = 0.000429
[e098 s0300/1030] loss = 0.000414
[e098 s0350/1030] loss = 0.000447
[e098 s0400/1030] loss = 0.000459
[e098 s0450/1030] loss = 0.000454
[e098 s0500/1030] loss = 0.000437
[e098 s0550/1030] loss = 0.000458
[e098 s0600/1030] loss = 0.000453
[e098 s0650/1030] loss = 0.000448
[e098 s0700/1030] loss = 0.000440
[e098 s0750/1030] loss = 0.000442
[e098 s0800/1030] loss = 0.000454
[e098 s0850/1030] loss = 0.000448
[e098 s0900/1030] loss = 0.000452
[e098 s0950/1030] loss = 0.000478
[e098 s1000/1030] loss = 0.000491
Epoch 098: train_loss = 0.000487  MAE/GAME0 = 33.64  RMSE = 64.91  GAME1 = 10.63  GAME2 = 3.25  GAME3 = 0.93  lr = 1.00e-05  time = 24.4s
[e099 s0001/1030] loss = 0.000002
[e099 s0050/1030] loss = 0.001298
[e099 s0100/1030] loss = 0.001254
[e099 s0150/1030] loss = 0.001001
[e099 s0200/1030] loss = 0.000872
[e099 s0250/1030] loss = 0.000786
[e099 s0300/1030] loss = 0.000761
[e099 s0350/1030] loss = 0.000695
[e099 s0400/1030] loss = 0.000721
[e099 s0450/1030] loss = 0.000670
[e099 s0500/1030] loss = 0.000632
[e099 s0550/1030] loss = 0.000613
[e099 s0600/1030] loss = 0.000606
[e099 s0650/1030] loss = 0.000624
[e099 s0700/1030] loss = 0.000606
[e099 s0750/1030] loss = 0.000585
[e099 s0800/1030] loss = 0.000588
[e099 s0850/1030] loss = 0.000581
[e099 s0900/1030] loss = 0.000570
[e099 s0950/1030] loss = 0.000562
[e099 s1000/1030] loss = 0.000554
Epoch 099: train_loss = 0.000573  MAE/GAME0 = 107.29  RMSE = 126.62  GAME1 = 27.64  GAME2 = 7.37  GAME3 = 1.99  lr = 1.00e-05  time = 24.3s
[e100 s0001/1030] loss = 0.000087
[e100 s0050/1030] loss = 0.000235
[e100 s0100/1030] loss = 0.000268
[e100 s0150/1030] loss = 0.000481
[e100 s0200/1030] loss = 0.000527
[e100 s0250/1030] loss = 0.000489
[e100 s0300/1030] loss = 0.000468
[e100 s0350/1030] loss = 0.000437
[e100 s0400/1030] loss = 0.000432
[e100 s0450/1030] loss = 0.000401
[e100 s0500/1030] loss = 0.000475
[e100 s0550/1030] loss = 0.000465
[e100 s0600/1030] loss = 0.000484
[e100 s0650/1030] loss = 0.000470
[e100 s0700/1030] loss = 0.000465
[e100 s0750/1030] loss = 0.000451
[e100 s0800/1030] loss = 0.000447
[e100 s0850/1030] loss = 0.000462
[e100 s0900/1030] loss = 0.000454
[e100 s0950/1030] loss = 0.000448
[e100 s1000/1030] loss = 0.000493
Epoch 100: train_loss = 0.000491  MAE/GAME0 = 39.22  RMSE = 68.37  GAME1 = 11.89  GAME2 = 3.62  GAME3 = 1.05  lr = 1.00e-05  time = 24.2s
