[log] /scratch/users/ntu/kenneth0/FYP-SmartObjectCounter/logs/train_rgbt_late_e100_12751140.pbs101_20260117_173740.log
[job] name=train_rgbt_late_e100 id=12751140.pbs101 host=x1000c0s3b0n0 time=Sat Jan 17 17:37:40 +08 2026
[init] device = cuda
[init] train = 1030  val = 200  workers = 4
[e001 s0001/1030] loss = 5483.227051
[e001 s0050/1030] loss = 2272.896723
[e001 s0100/1030] loss = 1142.074216
[e001 s0150/1030] loss = 761.540131
[e001 s0200/1030] loss = 571.163211
[e001 s0250/1030] loss = 456.931818
[e001 s0300/1030] loss = 380.777291
[e001 s0350/1030] loss = 326.381134
[e001 s0400/1030] loss = 285.583917
[e001 s0450/1030] loss = 253.852708
[e001 s0500/1030] loss = 228.467770
[e001 s0550/1030] loss = 207.699363
[e001 s0600/1030] loss = 190.391599
[e001 s0650/1030] loss = 175.746259
[e001 s0700/1030] loss = 163.193117
[e001 s0750/1030] loss = 152.313762
[e001 s0800/1030] loss = 142.794457
[e001 s0850/1030] loss = 134.394992
[e001 s0900/1030] loss = 126.928778
[e001 s0950/1030] loss = 120.248401
[e001 s1000/1030] loss = 114.236111
Epoch 001: train_loss = 110.908921  MAE = 72.270  RMSE = 95.557  GAME1 = 91.320  GAME2 = 119.683  GAME3 = 153.312  lr = 1.00e-05  time = 27.7s
[e002 s0001/1030] loss = 0.000928
[e002 s0050/1030] loss = 0.005646
[e002 s0100/1030] loss = 0.004555
[e002 s0150/1030] loss = 0.004028
[e002 s0200/1030] loss = 0.003618
[e002 s0250/1030] loss = 0.003350
[e002 s0300/1030] loss = 0.003198
[e002 s0350/1030] loss = 0.003126
[e002 s0400/1030] loss = 0.003089
[e002 s0450/1030] loss = 0.002890
[e002 s0500/1030] loss = 0.003001
[e002 s0550/1030] loss = 0.003056
[e002 s0600/1030] loss = 0.002999
[e002 s0650/1030] loss = 0.002913
[e002 s0700/1030] loss = 0.002802
[e002 s0750/1030] loss = 0.002800
[e002 s0800/1030] loss = 0.002761
[e002 s0850/1030] loss = 0.002717
[e002 s0900/1030] loss = 0.002649
[e002 s0950/1030] loss = 0.002865
[e002 s1000/1030] loss = 0.002984
Epoch 002: train_loss = 0.002947  MAE = 40.508  RMSE = 66.595  GAME1 = 54.449  GAME2 = 75.023  GAME3 = 92.945  lr = 1.00e-05  time = 19.2s
[e003 s0001/1030] loss = 0.001055
[e003 s0050/1030] loss = 0.001395
[e003 s0100/1030] loss = 0.003974
[e003 s0150/1030] loss = 0.007001
[e003 s0200/1030] loss = 0.005707
[e003 s0250/1030] loss = 0.005030
[e003 s0300/1030] loss = 0.005067
[e003 s0350/1030] loss = 0.004829
[e003 s0400/1030] loss = 0.004348
[e003 s0450/1030] loss = 0.004030
[e003 s0500/1030] loss = 0.003757
[e003 s0550/1030] loss = 0.003602
[e003 s0600/1030] loss = 0.003437
[e003 s0650/1030] loss = 0.003280
[e003 s0700/1030] loss = 0.003201
[e003 s0750/1030] loss = 0.003104
[e003 s0800/1030] loss = 0.002966
[e003 s0850/1030] loss = 0.002844
[e003 s0900/1030] loss = 0.002737
[e003 s0950/1030] loss = 0.002680
[e003 s1000/1030] loss = 0.002605
Epoch 003: train_loss = 0.002570  MAE = 47.769  RMSE = 67.371  GAME1 = 60.935  GAME2 = 82.427  GAME3 = 96.892  lr = 1.00e-05  time = 18.1s
[e004 s0001/1030] loss = 0.001000
[e004 s0050/1030] loss = 0.002256
[e004 s0100/1030] loss = 0.001569
[e004 s0150/1030] loss = 0.001724
[e004 s0200/1030] loss = 0.001611
[e004 s0250/1030] loss = 0.002636
[e004 s0300/1030] loss = 0.002676
[e004 s0350/1030] loss = 0.002670
[e004 s0400/1030] loss = 0.002436
[e004 s0450/1030] loss = 0.002657
[e004 s0500/1030] loss = 0.002552
[e004 s0550/1030] loss = 0.002431
[e004 s0600/1030] loss = 0.002306
[e004 s0650/1030] loss = 0.002279
[e004 s0700/1030] loss = 0.002224
[e004 s0750/1030] loss = 0.002198
[e004 s0800/1030] loss = 0.002128
[e004 s0850/1030] loss = 0.002091
[e004 s0900/1030] loss = 0.002025
[e004 s0950/1030] loss = 0.002002
[e004 s1000/1030] loss = 0.001979
Epoch 004: train_loss = 0.001958  MAE = 42.305  RMSE = 65.117  GAME1 = 57.274  GAME2 = 75.690  GAME3 = 90.024  lr = 1.00e-05  time = 18.2s
[e005 s0001/1030] loss = 0.001155
[e005 s0050/1030] loss = 0.001152
[e005 s0100/1030] loss = 0.001725
[e005 s0150/1030] loss = 0.001533
[e005 s0200/1030] loss = 0.001388
[e005 s0250/1030] loss = 0.001346
[e005 s0300/1030] loss = 0.001230
[e005 s0350/1030] loss = 0.001174
[e005 s0400/1030] loss = 0.001195
[e005 s0450/1030] loss = 0.001147
[e005 s0500/1030] loss = 0.001154
[e005 s0550/1030] loss = 0.001147
[e005 s0600/1030] loss = 0.001150
[e005 s0650/1030] loss = 0.001162
[e005 s0700/1030] loss = 0.001136
[e005 s0750/1030] loss = 0.001108
[e005 s0800/1030] loss = 0.001157
[e005 s0850/1030] loss = 0.001147
[e005 s0900/1030] loss = 0.001162
[e005 s0950/1030] loss = 0.001187
[e005 s1000/1030] loss = 0.001290
Epoch 005: train_loss = 0.001276  MAE = 29.553  RMSE = 59.068  GAME1 = 45.930  GAME2 = 60.977  GAME3 = 71.324  lr = 1.00e-05  time = 18.3s
[e006 s0001/1030] loss = 0.000044
[e006 s0050/1030] loss = 0.000711
[e006 s0100/1030] loss = 0.000758
[e006 s0150/1030] loss = 0.000947
[e006 s0200/1030] loss = 0.000947
[e006 s0250/1030] loss = 0.000946
[e006 s0300/1030] loss = 0.000972
[e006 s0350/1030] loss = 0.001043
[e006 s0400/1030] loss = 0.001033
[e006 s0450/1030] loss = 0.001027
[e006 s0500/1030] loss = 0.001047
[e006 s0550/1030] loss = 0.001063
[e006 s0600/1030] loss = 0.001057
[e006 s0650/1030] loss = 0.001341
[e006 s0700/1030] loss = 0.001283
[e006 s0750/1030] loss = 0.001249
[e006 s0800/1030] loss = 0.001207
[e006 s0850/1030] loss = 0.001216
[e006 s0900/1030] loss = 0.001364
[e006 s0950/1030] loss = 0.001349
[e006 s1000/1030] loss = 0.001330
Epoch 006: train_loss = 0.001351  MAE = 32.223  RMSE = 54.051  GAME1 = 43.460  GAME2 = 55.336  GAME3 = 64.200  lr = 1.00e-05  time = 18.1s
[e007 s0001/1030] loss = 0.001518
[e007 s0050/1030] loss = 0.000733
[e007 s0100/1030] loss = 0.000981
[e007 s0150/1030] loss = 0.000949
[e007 s0200/1030] loss = 0.000996
[e007 s0250/1030] loss = 0.000982
[e007 s0300/1030] loss = 0.001183
[e007 s0350/1030] loss = 0.001124
[e007 s0400/1030] loss = 0.001099
[e007 s0450/1030] loss = 0.001089
[e007 s0500/1030] loss = 0.001049
[e007 s0550/1030] loss = 0.001067
[e007 s0600/1030] loss = 0.001113
[e007 s0650/1030] loss = 0.001120
[e007 s0700/1030] loss = 0.001110
[e007 s0750/1030] loss = 0.001114
[e007 s0800/1030] loss = 0.001122
[e007 s0850/1030] loss = 0.001107
[e007 s0900/1030] loss = 0.001107
[e007 s0950/1030] loss = 0.001094
[e007 s1000/1030] loss = 0.001098
Epoch 007: train_loss = 0.001079  MAE = 48.751  RMSE = 74.263  GAME1 = 49.967  GAME2 = 53.139  GAME3 = 57.795  lr = 1.00e-05  time = 17.8s
[e008 s0001/1030] loss = 0.000716
[e008 s0050/1030] loss = 0.000875
[e008 s0100/1030] loss = 0.001148
[e008 s0150/1030] loss = 0.001360
[e008 s0200/1030] loss = 0.001154
[e008 s0250/1030] loss = 0.001169
[e008 s0300/1030] loss = 0.001097
[e008 s0350/1030] loss = 0.001079
[e008 s0400/1030] loss = 0.001019
[e008 s0450/1030] loss = 0.000984
[e008 s0500/1030] loss = 0.000965
[e008 s0550/1030] loss = 0.001101
[e008 s0600/1030] loss = 0.001675
[e008 s0650/1030] loss = 0.001609
[e008 s0700/1030] loss = 0.001595
[e008 s0750/1030] loss = 0.001544
[e008 s0800/1030] loss = 0.001493
[e008 s0850/1030] loss = 0.001454
[e008 s0900/1030] loss = 0.001428
[e008 s0950/1030] loss = 0.001394
[e008 s1000/1030] loss = 0.001420
Epoch 008: train_loss = 0.001402  MAE = 43.093  RMSE = 68.247  GAME1 = 47.299  GAME2 = 53.214  GAME3 = 57.583  lr = 1.00e-05  time = 18.0s
[e009 s0001/1030] loss = 0.003267
[e009 s0050/1030] loss = 0.000684
[e009 s0100/1030] loss = 0.001705
[e009 s0150/1030] loss = 0.001626
[e009 s0200/1030] loss = 0.001891
[e009 s0250/1030] loss = 0.001730
[e009 s0300/1030] loss = 0.001608
[e009 s0350/1030] loss = 0.001554
[e009 s0400/1030] loss = 0.001446
[e009 s0450/1030] loss = 0.001405
[e009 s0500/1030] loss = 0.001359
[e009 s0550/1030] loss = 0.001315
[e009 s0600/1030] loss = 0.001334
[e009 s0650/1030] loss = 0.001262
[e009 s0700/1030] loss = 0.001238
[e009 s0750/1030] loss = 0.001225
[e009 s0800/1030] loss = 0.001184
[e009 s0850/1030] loss = 0.001159
[e009 s0900/1030] loss = 0.001130
[e009 s0950/1030] loss = 0.001122
[e009 s1000/1030] loss = 0.001115
Epoch 009: train_loss = 0.001100  MAE = 33.991  RMSE = 64.168  GAME1 = 38.313  GAME2 = 42.655  GAME3 = 47.840  lr = 1.00e-05  time = 18.0s
[e010 s0001/1030] loss = 0.000060
[e010 s0050/1030] loss = 0.003920
[e010 s0100/1030] loss = 0.002417
[e010 s0150/1030] loss = 0.002092
[e010 s0200/1030] loss = 0.001769
[e010 s0250/1030] loss = 0.001536
[e010 s0300/1030] loss = 0.001470
[e010 s0350/1030] loss = 0.001399
[e010 s0400/1030] loss = 0.001420
[e010 s0450/1030] loss = 0.001329
[e010 s0500/1030] loss = 0.001313
[e010 s0550/1030] loss = 0.001259
[e010 s0600/1030] loss = 0.001205
[e010 s0650/1030] loss = 0.001163
[e010 s0700/1030] loss = 0.001143
[e010 s0750/1030] loss = 0.001108
[e010 s0800/1030] loss = 0.001101
[e010 s0850/1030] loss = 0.001142
[e010 s0900/1030] loss = 0.001117
[e010 s0950/1030] loss = 0.001126
[e010 s1000/1030] loss = 0.001125
Epoch 010: train_loss = 0.001109  MAE = 27.120  RMSE = 50.525  GAME1 = 37.211  GAME2 = 47.154  GAME3 = 54.807  lr = 1.00e-05  time = 17.9s
[e011 s0001/1030] loss = 0.002236
[e011 s0050/1030] loss = 0.000787
[e011 s0100/1030] loss = 0.002061
[e011 s0150/1030] loss = 0.001671
[e011 s0200/1030] loss = 0.001502
[e011 s0250/1030] loss = 0.001409
[e011 s0300/1030] loss = 0.001256
[e011 s0350/1030] loss = 0.001217
[e011 s0400/1030] loss = 0.001792
[e011 s0450/1030] loss = 0.001683
[e011 s0500/1030] loss = 0.001660
[e011 s0550/1030] loss = 0.001625
[e011 s0600/1030] loss = 0.001552
[e011 s0650/1030] loss = 0.001481
[e011 s0700/1030] loss = 0.001416
[e011 s0750/1030] loss = 0.001359
[e011 s0800/1030] loss = 0.001317
[e011 s0850/1030] loss = 0.001288
[e011 s0900/1030] loss = 0.001287
[e011 s0950/1030] loss = 0.001244
[e011 s1000/1030] loss = 0.001226
Epoch 011: train_loss = 0.001209  MAE = 27.414  RMSE = 57.416  GAME1 = 39.522  GAME2 = 48.661  GAME3 = 54.990  lr = 1.00e-05  time = 17.8s
[e012 s0001/1030] loss = 0.000322
[e012 s0050/1030] loss = 0.000575
[e012 s0100/1030] loss = 0.000884
[e012 s0150/1030] loss = 0.000988
[e012 s0200/1030] loss = 0.000994
[e012 s0250/1030] loss = 0.000913
[e012 s0300/1030] loss = 0.000937
[e012 s0350/1030] loss = 0.000945
[e012 s0400/1030] loss = 0.000972
[e012 s0450/1030] loss = 0.000959
[e012 s0500/1030] loss = 0.000995
[e012 s0550/1030] loss = 0.000950
[e012 s0600/1030] loss = 0.000951
[e012 s0650/1030] loss = 0.000982
[e012 s0700/1030] loss = 0.000977
[e012 s0750/1030] loss = 0.000998
[e012 s0800/1030] loss = 0.001029
[e012 s0850/1030] loss = 0.001012
[e012 s0900/1030] loss = 0.000993
[e012 s0950/1030] loss = 0.000980
[e012 s1000/1030] loss = 0.000967
Epoch 012: train_loss = 0.000954  MAE = 45.796  RMSE = 70.301  GAME1 = 49.037  GAME2 = 52.638  GAME3 = 55.029  lr = 1.00e-05  time = 18.0s
[e013 s0001/1030] loss = 0.000118
[e013 s0050/1030] loss = 0.000679
[e013 s0100/1030] loss = 0.000987
[e013 s0150/1030] loss = 0.001005
[e013 s0200/1030] loss = 0.000980
[e013 s0250/1030] loss = 0.000880
[e013 s0300/1030] loss = 0.000987
[e013 s0350/1030] loss = 0.001265
[e013 s0400/1030] loss = 0.001189
[e013 s0450/1030] loss = 0.001162
[e013 s0500/1030] loss = 0.001206
[e013 s0550/1030] loss = 0.001168
[e013 s0600/1030] loss = 0.001148
[e013 s0650/1030] loss = 0.001483
[e013 s0700/1030] loss = 0.001433
[e013 s0750/1030] loss = 0.001366
[e013 s0800/1030] loss = 0.001346
[e013 s0850/1030] loss = 0.001304
[e013 s0900/1030] loss = 0.001277
[e013 s0950/1030] loss = 0.001236
[e013 s1000/1030] loss = 0.001230
Epoch 013: train_loss = 0.001222  MAE = 35.043  RMSE = 57.280  GAME1 = 55.060  GAME2 = 71.412  GAME3 = 80.373  lr = 1.00e-05  time = 17.9s
[e014 s0001/1030] loss = 0.001484
[e014 s0050/1030] loss = 0.000824
[e014 s0100/1030] loss = 0.001043
[e014 s0150/1030] loss = 0.000960
[e014 s0200/1030] loss = 0.001048
[e014 s0250/1030] loss = 0.001024
[e014 s0300/1030] loss = 0.001001
[e014 s0350/1030] loss = 0.000968
[e014 s0400/1030] loss = 0.000933
[e014 s0450/1030] loss = 0.000948
[e014 s0500/1030] loss = 0.000935
[e014 s0550/1030] loss = 0.000904
[e014 s0600/1030] loss = 0.000886
[e014 s0650/1030] loss = 0.000929
[e014 s0700/1030] loss = 0.000982
[e014 s0750/1030] loss = 0.001014
[e014 s0800/1030] loss = 0.001048
[e014 s0850/1030] loss = 0.001034
[e014 s0900/1030] loss = 0.001026
[e014 s0950/1030] loss = 0.000998
[e014 s1000/1030] loss = 0.000980
Epoch 014: train_loss = 0.000970  MAE = 44.649  RMSE = 70.751  GAME1 = 49.541  GAME2 = 54.666  GAME3 = 57.454  lr = 1.00e-05  time = 17.9s
[e015 s0001/1030] loss = 0.000197
[e015 s0050/1030] loss = 0.000699
[e015 s0100/1030] loss = 0.001455
[e015 s0150/1030] loss = 0.001329
[e015 s0200/1030] loss = 0.001347
[e015 s0250/1030] loss = 0.001192
[e015 s0300/1030] loss = 0.001091
[e015 s0350/1030] loss = 0.001129
[e015 s0400/1030] loss = 0.001167
[e015 s0450/1030] loss = 0.001149
[e015 s0500/1030] loss = 0.001103
[e015 s0550/1030] loss = 0.001054
[e015 s0600/1030] loss = 0.001009
[e015 s0650/1030] loss = 0.000962
[e015 s0700/1030] loss = 0.000935
[e015 s0750/1030] loss = 0.000930
[e015 s0800/1030] loss = 0.000931
[e015 s0850/1030] loss = 0.000953
[e015 s0900/1030] loss = 0.001045
[e015 s0950/1030] loss = 0.001030
[e015 s1000/1030] loss = 0.001022
Epoch 015: train_loss = 0.001012  MAE = 54.509  RMSE = 78.069  GAME1 = 57.449  GAME2 = 61.445  GAME3 = 63.536  lr = 1.00e-05  time = 17.9s
[e016 s0001/1030] loss = 0.000034
[e016 s0050/1030] loss = 0.000705
[e016 s0100/1030] loss = 0.000785
[e016 s0150/1030] loss = 0.000829
[e016 s0200/1030] loss = 0.000903
[e016 s0250/1030] loss = 0.000826
[e016 s0300/1030] loss = 0.000829
[e016 s0350/1030] loss = 0.001115
[e016 s0400/1030] loss = 0.001097
[e016 s0450/1030] loss = 0.001053
[e016 s0500/1030] loss = 0.000992
[e016 s0550/1030] loss = 0.000967
[e016 s0600/1030] loss = 0.000955
[e016 s0650/1030] loss = 0.001002
[e016 s0700/1030] loss = 0.001049
[e016 s0750/1030] loss = 0.001025
[e016 s0800/1030] loss = 0.001011
[e016 s0850/1030] loss = 0.001014
[e016 s0900/1030] loss = 0.000978
[e016 s0950/1030] loss = 0.000978
[e016 s1000/1030] loss = 0.000971
Epoch 016: train_loss = 0.000977  MAE = 46.372  RMSE = 71.349  GAME1 = 49.900  GAME2 = 53.752  GAME3 = 56.103  lr = 1.00e-05  time = 18.2s
[e017 s0001/1030] loss = 0.000468
[e017 s0050/1030] loss = 0.002703
[e017 s0100/1030] loss = 0.001754
[e017 s0150/1030] loss = 0.001544
[e017 s0200/1030] loss = 0.001265
[e017 s0250/1030] loss = 0.001699
[e017 s0300/1030] loss = 0.001525
[e017 s0350/1030] loss = 0.001406
[e017 s0400/1030] loss = 0.001488
[e017 s0450/1030] loss = 0.001425
[e017 s0500/1030] loss = 0.001401
[e017 s0550/1030] loss = 0.001357
[e017 s0600/1030] loss = 0.001295
[e017 s0650/1030] loss = 0.001261
[e017 s0700/1030] loss = 0.001204
[e017 s0750/1030] loss = 0.001169
[e017 s0800/1030] loss = 0.001136
[e017 s0850/1030] loss = 0.001126
[e017 s0900/1030] loss = 0.001101
[e017 s0950/1030] loss = 0.001089
[e017 s1000/1030] loss = 0.001088
Epoch 017: train_loss = 0.001075  MAE = 40.773  RMSE = 66.762  GAME1 = 43.484  GAME2 = 46.673  GAME3 = 48.925  lr = 1.00e-05  time = 17.9s
[e018 s0001/1030] loss = 0.000605
[e018 s0050/1030] loss = 0.000689
[e018 s0100/1030] loss = 0.000567
[e018 s0150/1030] loss = 0.000573
[e018 s0200/1030] loss = 0.000574
[e018 s0250/1030] loss = 0.000587
[e018 s0300/1030] loss = 0.000587
[e018 s0350/1030] loss = 0.000599
[e018 s0400/1030] loss = 0.000605
[e018 s0450/1030] loss = 0.000635
[e018 s0500/1030] loss = 0.000665
[e018 s0550/1030] loss = 0.000691
[e018 s0600/1030] loss = 0.000736
[e018 s0650/1030] loss = 0.000705
[e018 s0700/1030] loss = 0.000686
[e018 s0750/1030] loss = 0.000714
[e018 s0800/1030] loss = 0.000695
[e018 s0850/1030] loss = 0.000713
[e018 s0900/1030] loss = 0.000712
[e018 s0950/1030] loss = 0.000749
[e018 s1000/1030] loss = 0.000959
Epoch 018: train_loss = 0.001080  MAE = 51.178  RMSE = 60.981  GAME1 = 56.799  GAME2 = 64.585  GAME3 = 70.426  lr = 1.00e-05  time = 18.1s
[e019 s0001/1030] loss = 0.000015
[e019 s0050/1030] loss = 0.000900
[e019 s0100/1030] loss = 0.000921
[e019 s0150/1030] loss = 0.001199
[e019 s0200/1030] loss = 0.001160
[e019 s0250/1030] loss = 0.001178
[e019 s0300/1030] loss = 0.001097
[e019 s0350/1030] loss = 0.001043
[e019 s0400/1030] loss = 0.000980
[e019 s0450/1030] loss = 0.000983
[e019 s0500/1030] loss = 0.000951
[e019 s0550/1030] loss = 0.000916
[e019 s0600/1030] loss = 0.000883
[e019 s0650/1030] loss = 0.000852
[e019 s0700/1030] loss = 0.000914
[e019 s0750/1030] loss = 0.000917
[e019 s0800/1030] loss = 0.000883
[e019 s0850/1030] loss = 0.000868
[e019 s0900/1030] loss = 0.000874
[e019 s0950/1030] loss = 0.000850
[e019 s1000/1030] loss = 0.000850
Epoch 019: train_loss = 0.000846  MAE = 39.909  RMSE = 68.028  GAME1 = 45.587  GAME2 = 51.262  GAME3 = 54.627  lr = 1.00e-05  time = 17.8s
[e020 s0001/1030] loss = 0.000077
[e020 s0050/1030] loss = 0.000818
[e020 s0100/1030] loss = 0.001312
[e020 s0150/1030] loss = 0.001091
[e020 s0200/1030] loss = 0.001012
[e020 s0250/1030] loss = 0.000958
[e020 s0300/1030] loss = 0.000891
[e020 s0350/1030] loss = 0.001110
[e020 s0400/1030] loss = 0.001081
[e020 s0450/1030] loss = 0.001043
[e020 s0500/1030] loss = 0.001032
[e020 s0550/1030] loss = 0.001009
[e020 s0600/1030] loss = 0.001001
[e020 s0650/1030] loss = 0.000979
[e020 s0700/1030] loss = 0.000941
[e020 s0750/1030] loss = 0.000923
[e020 s0800/1030] loss = 0.000920
[e020 s0850/1030] loss = 0.000918
[e020 s0900/1030] loss = 0.000886
[e020 s0950/1030] loss = 0.000868
[e020 s1000/1030] loss = 0.000854
Epoch 020: train_loss = 0.000845  MAE = 43.824  RMSE = 69.803  GAME1 = 45.775  GAME2 = 48.484  GAME3 = 50.179  lr = 1.00e-05  time = 18.0s
[e021 s0001/1030] loss = 0.000441
[e021 s0050/1030] loss = 0.000846
[e021 s0100/1030] loss = 0.000813
[e021 s0150/1030] loss = 0.001146
[e021 s0200/1030] loss = 0.001125
[e021 s0250/1030] loss = 0.001058
[e021 s0300/1030] loss = 0.001026
[e021 s0350/1030] loss = 0.000987
[e021 s0400/1030] loss = 0.001051
[e021 s0450/1030] loss = 0.001068
[e021 s0500/1030] loss = 0.001093
[e021 s0550/1030] loss = 0.001064
[e021 s0600/1030] loss = 0.001025
[e021 s0650/1030] loss = 0.001061
[e021 s0700/1030] loss = 0.001038
[e021 s0750/1030] loss = 0.001012
[e021 s0800/1030] loss = 0.000989
[e021 s0850/1030] loss = 0.000969
[e021 s0900/1030] loss = 0.000964
[e021 s0950/1030] loss = 0.000947
[e021 s1000/1030] loss = 0.000932
Epoch 021: train_loss = 0.000927  MAE = 28.320  RMSE = 58.651  GAME1 = 39.969  GAME2 = 48.941  GAME3 = 54.753  lr = 1.00e-05  time = 18.0s
[e022 s0001/1030] loss = 0.000385
[e022 s0050/1030] loss = 0.000359
[e022 s0100/1030] loss = 0.000917
[e022 s0150/1030] loss = 0.000890
[e022 s0200/1030] loss = 0.000825
[e022 s0250/1030] loss = 0.000792
[e022 s0300/1030] loss = 0.000781
[e022 s0350/1030] loss = 0.000789
[e022 s0400/1030] loss = 0.000756
[e022 s0450/1030] loss = 0.000745
[e022 s0500/1030] loss = 0.000715
[e022 s0550/1030] loss = 0.000723
[e022 s0600/1030] loss = 0.000830
[e022 s0650/1030] loss = 0.000850
[e022 s0700/1030] loss = 0.000816
[e022 s0750/1030] loss = 0.000829
[e022 s0800/1030] loss = 0.000805
[e022 s0850/1030] loss = 0.000784
[e022 s0900/1030] loss = 0.000770
[e022 s0950/1030] loss = 0.000768
[e022 s1000/1030] loss = 0.000782
Epoch 022: train_loss = 0.000824  MAE = 47.812  RMSE = 73.078  GAME1 = 48.365  GAME2 = 49.648  GAME3 = 51.247  lr = 1.00e-05  time = 18.2s
[e023 s0001/1030] loss = 0.000001
[e023 s0050/1030] loss = 0.001110
[e023 s0100/1030] loss = 0.000807
[e023 s0150/1030] loss = 0.001108
[e023 s0200/1030] loss = 0.001651
[e023 s0250/1030] loss = 0.001570
[e023 s0300/1030] loss = 0.001404
[e023 s0350/1030] loss = 0.001285
[e023 s0400/1030] loss = 0.001191
[e023 s0450/1030] loss = 0.001150
[e023 s0500/1030] loss = 0.001165
[e023 s0550/1030] loss = 0.001112
[e023 s0600/1030] loss = 0.001090
[e023 s0650/1030] loss = 0.001036
[e023 s0700/1030] loss = 0.000999
[e023 s0750/1030] loss = 0.000984
[e023 s0800/1030] loss = 0.001001
[e023 s0850/1030] loss = 0.000999
[e023 s0900/1030] loss = 0.000984
[e023 s0950/1030] loss = 0.000971
[e023 s1000/1030] loss = 0.001006
Epoch 023: train_loss = 0.001199  MAE = 34.391  RMSE = 55.765  GAME1 = 39.165  GAME2 = 44.226  GAME3 = 47.696  lr = 1.00e-05  time = 18.3s
[e024 s0001/1030] loss = 0.009686
[e024 s0050/1030] loss = 0.001054
[e024 s0100/1030] loss = 0.001092
[e024 s0150/1030] loss = 0.000928
[e024 s0200/1030] loss = 0.000834
[e024 s0250/1030] loss = 0.000928
[e024 s0300/1030] loss = 0.000954
[e024 s0350/1030] loss = 0.000990
[e024 s0400/1030] loss = 0.001015
[e024 s0450/1030] loss = 0.001002
[e024 s0500/1030] loss = 0.000992
[e024 s0550/1030] loss = 0.001018
[e024 s0600/1030] loss = 0.001005
[e024 s0650/1030] loss = 0.000992
[e024 s0700/1030] loss = 0.000980
[e024 s0750/1030] loss = 0.000963
[e024 s0800/1030] loss = 0.000936
[e024 s0850/1030] loss = 0.000980
[e024 s0900/1030] loss = 0.000960
[e024 s0950/1030] loss = 0.000952
[e024 s1000/1030] loss = 0.000928
Epoch 024: train_loss = 0.000938  MAE = 32.554  RMSE = 62.377  GAME1 = 40.036  GAME2 = 46.723  GAME3 = 51.003  lr = 1.00e-05  time = 18.0s
[e025 s0001/1030] loss = 0.000119
[e025 s0050/1030] loss = 0.000530
[e025 s0100/1030] loss = 0.000558
[e025 s0150/1030] loss = 0.000512
[e025 s0200/1030] loss = 0.000497
[e025 s0250/1030] loss = 0.000530
[e025 s0300/1030] loss = 0.000558
[e025 s0350/1030] loss = 0.000600
[e025 s0400/1030] loss = 0.000637
[e025 s0450/1030] loss = 0.000683
[e025 s0500/1030] loss = 0.000689
[e025 s0550/1030] loss = 0.000729
[e025 s0600/1030] loss = 0.000765
[e025 s0650/1030] loss = 0.000852
[e025 s0700/1030] loss = 0.000926
[e025 s0750/1030] loss = 0.000975
[e025 s0800/1030] loss = 0.001029
[e025 s0850/1030] loss = 0.001021
[e025 s0900/1030] loss = 0.001099
[e025 s0950/1030] loss = 0.001106
[e025 s1000/1030] loss = 0.001086
Epoch 025: train_loss = 0.001063  MAE = 37.617  RMSE = 66.658  GAME1 = 43.889  GAME2 = 49.630  GAME3 = 53.444  lr = 1.00e-05  time = 18.3s
[e026 s0001/1030] loss = 0.001119
[e026 s0050/1030] loss = 0.000565
[e026 s0100/1030] loss = 0.000754
[e026 s0150/1030] loss = 0.000709
[e026 s0200/1030] loss = 0.000761
[e026 s0250/1030] loss = 0.000772
[e026 s0300/1030] loss = 0.000860
[e026 s0350/1030] loss = 0.000838
[e026 s0400/1030] loss = 0.001088
[e026 s0450/1030] loss = 0.001055
[e026 s0500/1030] loss = 0.000991
[e026 s0550/1030] loss = 0.000970
[e026 s0600/1030] loss = 0.000932
[e026 s0650/1030] loss = 0.000950
[e026 s0700/1030] loss = 0.001094
[e026 s0750/1030] loss = 0.001075
[e026 s0800/1030] loss = 0.001034
[e026 s0850/1030] loss = 0.001088
[e026 s0900/1030] loss = 0.001065
[e026 s0950/1030] loss = 0.001040
[e026 s1000/1030] loss = 0.001015
Epoch 026: train_loss = 0.000997  MAE = 41.807  RMSE = 67.500  GAME1 = 43.774  GAME2 = 46.139  GAME3 = 48.237  lr = 1.00e-05  time = 18.1s
[e027 s0001/1030] loss = 0.001234
[e027 s0050/1030] loss = 0.000692
[e027 s0100/1030] loss = 0.000623
[e027 s0150/1030] loss = 0.000686
[e027 s0200/1030] loss = 0.000694
[e027 s0250/1030] loss = 0.000743
[e027 s0300/1030] loss = 0.000763
[e027 s0350/1030] loss = 0.000709
[e027 s0400/1030] loss = 0.000703
[e027 s0450/1030] loss = 0.000754
[e027 s0500/1030] loss = 0.000725
[e027 s0550/1030] loss = 0.000742
[e027 s0600/1030] loss = 0.000731
[e027 s0650/1030] loss = 0.000717
[e027 s0700/1030] loss = 0.000732
[e027 s0750/1030] loss = 0.000776
[e027 s0800/1030] loss = 0.000762
[e027 s0850/1030] loss = 0.000792
[e027 s0900/1030] loss = 0.000830
[e027 s0950/1030] loss = 0.000840
[e027 s1000/1030] loss = 0.000944
Epoch 027: train_loss = 0.000943  MAE = 30.500  RMSE = 55.421  GAME1 = 41.449  GAME2 = 50.562  GAME3 = 56.951  lr = 1.00e-05  time = 18.0s
[e028 s0001/1030] loss = 0.001892
[e028 s0050/1030] loss = 0.000775
[e028 s0100/1030] loss = 0.000721
[e028 s0150/1030] loss = 0.000810
[e028 s0200/1030] loss = 0.000772
[e028 s0250/1030] loss = 0.001009
[e028 s0300/1030] loss = 0.000940
[e028 s0350/1030] loss = 0.000905
[e028 s0400/1030] loss = 0.000895
[e028 s0450/1030] loss = 0.000888
[e028 s0500/1030] loss = 0.001036
[e028 s0550/1030] loss = 0.001018
[e028 s0600/1030] loss = 0.000998
[e028 s0650/1030] loss = 0.001011
[e028 s0700/1030] loss = 0.000987
[e028 s0750/1030] loss = 0.000975
[e028 s0800/1030] loss = 0.000947
[e028 s0850/1030] loss = 0.000930
[e028 s0900/1030] loss = 0.000922
[e028 s0950/1030] loss = 0.000911
[e028 s1000/1030] loss = 0.000909
Epoch 028: train_loss = 0.000899  MAE = 29.743  RMSE = 59.207  GAME1 = 37.698  GAME2 = 44.419  GAME3 = 49.057  lr = 1.00e-05  time = 18.0s
[e029 s0001/1030] loss = 0.000011
[e029 s0050/1030] loss = 0.000677
[e029 s0100/1030] loss = 0.000701
[e029 s0150/1030] loss = 0.000689
[e029 s0200/1030] loss = 0.000651
[e029 s0250/1030] loss = 0.000668
[e029 s0300/1030] loss = 0.000719
[e029 s0350/1030] loss = 0.000731
[e029 s0400/1030] loss = 0.000764
[e029 s0450/1030] loss = 0.000785
[e029 s0500/1030] loss = 0.000781
[e029 s0550/1030] loss = 0.000772
[e029 s0600/1030] loss = 0.000947
[e029 s0650/1030] loss = 0.000951
[e029 s0700/1030] loss = 0.001071
[e029 s0750/1030] loss = 0.001119
[e029 s0800/1030] loss = 0.001117
[e029 s0850/1030] loss = 0.001084
[e029 s0900/1030] loss = 0.001054
[e029 s0950/1030] loss = 0.001043
[e029 s1000/1030] loss = 0.001037
Epoch 029: train_loss = 0.001032  MAE = 43.686  RMSE = 70.618  GAME1 = 44.828  GAME2 = 46.402  GAME3 = 48.158  lr = 1.00e-05  time = 17.7s
[e030 s0001/1030] loss = 0.000916
[e030 s0050/1030] loss = 0.000845
[e030 s0100/1030] loss = 0.000684
[e030 s0150/1030] loss = 0.000770
[e030 s0200/1030] loss = 0.000762
[e030 s0250/1030] loss = 0.000726
[e030 s0300/1030] loss = 0.000766
[e030 s0350/1030] loss = 0.000728
[e030 s0400/1030] loss = 0.000753
[e030 s0450/1030] loss = 0.001168
[e030 s0500/1030] loss = 0.001112
[e030 s0550/1030] loss = 0.001130
[e030 s0600/1030] loss = 0.001104
[e030 s0650/1030] loss = 0.001061
[e030 s0700/1030] loss = 0.001065
[e030 s0750/1030] loss = 0.001042
[e030 s0800/1030] loss = 0.001010
[e030 s0850/1030] loss = 0.001054
[e030 s0900/1030] loss = 0.001063
[e030 s0950/1030] loss = 0.001080
[e030 s1000/1030] loss = 0.001055
Epoch 030: train_loss = 0.001046  MAE = 50.102  RMSE = 72.709  GAME1 = 50.279  GAME2 = 50.775  GAME3 = 51.542  lr = 1.00e-05  time = 18.1s
[e031 s0001/1030] loss = 0.000000
[e031 s0050/1030] loss = 0.000769
[e031 s0100/1030] loss = 0.000708
[e031 s0150/1030] loss = 0.000824
[e031 s0200/1030] loss = 0.000863
[e031 s0250/1030] loss = 0.001803
[e031 s0300/1030] loss = 0.001586
[e031 s0350/1030] loss = 0.001442
[e031 s0400/1030] loss = 0.001399
[e031 s0450/1030] loss = 0.001335
[e031 s0500/1030] loss = 0.001281
[e031 s0550/1030] loss = 0.001212
[e031 s0600/1030] loss = 0.001173
[e031 s0650/1030] loss = 0.001193
[e031 s0700/1030] loss = 0.001145
[e031 s0750/1030] loss = 0.001117
[e031 s0800/1030] loss = 0.001105
[e031 s0850/1030] loss = 0.001072
[e031 s0900/1030] loss = 0.001123
[e031 s0950/1030] loss = 0.001128
[e031 s1000/1030] loss = 0.001154
Epoch 031: train_loss = 0.001142  MAE = 45.557  RMSE = 70.316  GAME1 = 48.585  GAME2 = 52.225  GAME3 = 54.176  lr = 1.00e-05  time = 18.0s
[e032 s0001/1030] loss = 0.000539
[e032 s0050/1030] loss = 0.002202
[e032 s0100/1030] loss = 0.001694
[e032 s0150/1030] loss = 0.001360
[e032 s0200/1030] loss = 0.001205
[e032 s0250/1030] loss = 0.001120
[e032 s0300/1030] loss = 0.001083
[e032 s0350/1030] loss = 0.001100
[e032 s0400/1030] loss = 0.001078
[e032 s0450/1030] loss = 0.001107
[e032 s0500/1030] loss = 0.001045
[e032 s0550/1030] loss = 0.000990
[e032 s0600/1030] loss = 0.000972
[e032 s0650/1030] loss = 0.000934
[e032 s0700/1030] loss = 0.000928
[e032 s0750/1030] loss = 0.000924
[e032 s0800/1030] loss = 0.000915
[e032 s0850/1030] loss = 0.000908
[e032 s0900/1030] loss = 0.000898
[e032 s0950/1030] loss = 0.000882
[e032 s1000/1030] loss = 0.000882
Epoch 032: train_loss = 0.000874  MAE = 53.848  RMSE = 74.484  GAME1 = 53.913  GAME2 = 54.236  GAME3 = 55.083  lr = 1.00e-05  time = 18.0s
[e033 s0001/1030] loss = 0.000134
[e033 s0050/1030] loss = 0.001176
[e033 s0100/1030] loss = 0.000934
[e033 s0150/1030] loss = 0.000910
[e033 s0200/1030] loss = 0.000937
[e033 s0250/1030] loss = 0.001003
[e033 s0300/1030] loss = 0.000954
[e033 s0350/1030] loss = 0.000888
[e033 s0400/1030] loss = 0.000834
[e033 s0450/1030] loss = 0.000981
[e033 s0500/1030] loss = 0.000928
[e033 s0550/1030] loss = 0.000971
[e033 s0600/1030] loss = 0.000954
[e033 s0650/1030] loss = 0.000943
[e033 s0700/1030] loss = 0.000960
[e033 s0750/1030] loss = 0.000977
[e033 s0800/1030] loss = 0.000994
[e033 s0850/1030] loss = 0.000981
[e033 s0900/1030] loss = 0.000970
[e033 s0950/1030] loss = 0.000952
[e033 s1000/1030] loss = 0.000954
Epoch 033: train_loss = 0.000943  MAE = 27.131  RMSE = 57.773  GAME1 = 36.117  GAME2 = 43.286  GAME3 = 48.675  lr = 1.00e-05  time = 18.0s
[e034 s0001/1030] loss = 0.000503
[e034 s0050/1030] loss = 0.000630
[e034 s0100/1030] loss = 0.000591
[e034 s0150/1030] loss = 0.000855
[e034 s0200/1030] loss = 0.000745
[e034 s0250/1030] loss = 0.000744
[e034 s0300/1030] loss = 0.000720
[e034 s0350/1030] loss = 0.000715
[e034 s0400/1030] loss = 0.000703
[e034 s0450/1030] loss = 0.000698
[e034 s0500/1030] loss = 0.000740
[e034 s0550/1030] loss = 0.000807
[e034 s0600/1030] loss = 0.000826
[e034 s0650/1030] loss = 0.000796
[e034 s0700/1030] loss = 0.000799
[e034 s0750/1030] loss = 0.000784
[e034 s0800/1030] loss = 0.000759
[e034 s0850/1030] loss = 0.000742
[e034 s0900/1030] loss = 0.000740
[e034 s0950/1030] loss = 0.000832
[e034 s1000/1030] loss = 0.000913
Epoch 034: train_loss = 0.000908  MAE = 37.551  RMSE = 65.449  GAME1 = 43.778  GAME2 = 49.863  GAME3 = 53.675  lr = 1.00e-05  time = 18.2s
[e035 s0001/1030] loss = 0.000088
[e035 s0050/1030] loss = 0.000663
[e035 s0100/1030] loss = 0.000752
[e035 s0150/1030] loss = 0.000745
[e035 s0200/1030] loss = 0.000739
[e035 s0250/1030] loss = 0.000679
[e035 s0300/1030] loss = 0.000718
[e035 s0350/1030] loss = 0.000735
[e035 s0400/1030] loss = 0.000722
[e035 s0450/1030] loss = 0.000731
[e035 s0500/1030] loss = 0.000716
[e035 s0550/1030] loss = 0.000701
[e035 s0600/1030] loss = 0.000698
[e035 s0650/1030] loss = 0.000692
[e035 s0700/1030] loss = 0.000715
[e035 s0750/1030] loss = 0.000736
[e035 s0800/1030] loss = 0.000752
[e035 s0850/1030] loss = 0.000764
[e035 s0900/1030] loss = 0.000777
[e035 s0950/1030] loss = 0.000784
[e035 s1000/1030] loss = 0.000788
Epoch 035: train_loss = 0.000781  MAE = 45.102  RMSE = 72.320  GAME1 = 49.442  GAME2 = 54.135  GAME3 = 56.734  lr = 1.00e-05  time = 18.2s
[e036 s0001/1030] loss = 0.000016
[e036 s0050/1030] loss = 0.000618
[e036 s0100/1030] loss = 0.000601
[e036 s0150/1030] loss = 0.000657
[e036 s0200/1030] loss = 0.000910
[e036 s0250/1030] loss = 0.000828
[e036 s0300/1030] loss = 0.000788
[e036 s0350/1030] loss = 0.000746
[e036 s0400/1030] loss = 0.000775
[e036 s0450/1030] loss = 0.000744
[e036 s0500/1030] loss = 0.000770
[e036 s0550/1030] loss = 0.000947
[e036 s0600/1030] loss = 0.000932
[e036 s0650/1030] loss = 0.000887
[e036 s0700/1030] loss = 0.000871
[e036 s0750/1030] loss = 0.000839
[e036 s0800/1030] loss = 0.000844
[e036 s0850/1030] loss = 0.000845
[e036 s0900/1030] loss = 0.000834
[e036 s0950/1030] loss = 0.000833
[e036 s1000/1030] loss = 0.000879
Epoch 036: train_loss = 0.000908  MAE = 40.667  RMSE = 70.898  GAME1 = 48.906  GAME2 = 56.315  GAME3 = 60.302  lr = 1.00e-05  time = 18.0s
[e037 s0001/1030] loss = 0.000467
[e037 s0050/1030] loss = 0.001108
[e037 s0100/1030] loss = 0.001066
[e037 s0150/1030] loss = 0.001005
[e037 s0200/1030] loss = 0.000933
[e037 s0250/1030] loss = 0.000889
[e037 s0300/1030] loss = 0.000886
[e037 s0350/1030] loss = 0.000864
[e037 s0400/1030] loss = 0.000877
[e037 s0450/1030] loss = 0.000825
[e037 s0500/1030] loss = 0.000834
[e037 s0550/1030] loss = 0.000841
[e037 s0600/1030] loss = 0.000828
[e037 s0650/1030] loss = 0.000845
[e037 s0700/1030] loss = 0.000835
[e037 s0750/1030] loss = 0.000896
[e037 s0800/1030] loss = 0.000874
[e037 s0850/1030] loss = 0.000856
[e037 s0900/1030] loss = 0.000983
[e037 s0950/1030] loss = 0.000958
[e037 s1000/1030] loss = 0.000953
Epoch 037: train_loss = 0.000947  MAE = 42.773  RMSE = 66.701  GAME1 = 47.722  GAME2 = 53.170  GAME3 = 56.092  lr = 1.00e-05  time = 18.0s
[e038 s0001/1030] loss = 0.000912
[e038 s0050/1030] loss = 0.000806
[e038 s0100/1030] loss = 0.000653
[e038 s0150/1030] loss = 0.000659
[e038 s0200/1030] loss = 0.001078
[e038 s0250/1030] loss = 0.001044
[e038 s0300/1030] loss = 0.001123
[e038 s0350/1030] loss = 0.001077
[e038 s0400/1030] loss = 0.001064
[e038 s0450/1030] loss = 0.001020
[e038 s0500/1030] loss = 0.000975
[e038 s0550/1030] loss = 0.000953
[e038 s0600/1030] loss = 0.000993
[e038 s0650/1030] loss = 0.001130
[e038 s0700/1030] loss = 0.001156
[e038 s0750/1030] loss = 0.001136
[e038 s0800/1030] loss = 0.001117
[e038 s0850/1030] loss = 0.001095
[e038 s0900/1030] loss = 0.001086
[e038 s0950/1030] loss = 0.001066
[e038 s1000/1030] loss = 0.001058
Epoch 038: train_loss = 0.001049  MAE = 36.954  RMSE = 64.692  GAME1 = 40.929  GAME2 = 44.643  GAME3 = 47.415  lr = 1.00e-05  time = 18.0s
[e039 s0001/1030] loss = 0.000101
[e039 s0050/1030] loss = 0.000954
[e039 s0100/1030] loss = 0.000861
[e039 s0150/1030] loss = 0.000827
[e039 s0200/1030] loss = 0.000746
[e039 s0250/1030] loss = 0.000848
[e039 s0300/1030] loss = 0.000791
[e039 s0350/1030] loss = 0.000765
[e039 s0400/1030] loss = 0.000760
[e039 s0450/1030] loss = 0.000734
[e039 s0500/1030] loss = 0.000727
[e039 s0550/1030] loss = 0.000754
[e039 s0600/1030] loss = 0.000735
[e039 s0650/1030] loss = 0.000744
[e039 s0700/1030] loss = 0.000751
[e039 s0750/1030] loss = 0.000748
[e039 s0800/1030] loss = 0.000775
[e039 s0850/1030] loss = 0.000807
[e039 s0900/1030] loss = 0.000802
[e039 s0950/1030] loss = 0.000799
[e039 s1000/1030] loss = 0.000786
Epoch 039: train_loss = 0.000845  MAE = 51.679  RMSE = 75.070  GAME1 = 54.077  GAME2 = 57.393  GAME3 = 59.038  lr = 1.00e-05  time = 18.0s
[e040 s0001/1030] loss = 0.000015
[e040 s0050/1030] loss = 0.000736
[e040 s0100/1030] loss = 0.000806
[e040 s0150/1030] loss = 0.000871
[e040 s0200/1030] loss = 0.000995
[e040 s0250/1030] loss = 0.000993
[e040 s0300/1030] loss = 0.001101
[e040 s0350/1030] loss = 0.001111
[e040 s0400/1030] loss = 0.001104
[e040 s0450/1030] loss = 0.001108
[e040 s0500/1030] loss = 0.001041
[e040 s0550/1030] loss = 0.001000
[e040 s0600/1030] loss = 0.000981
[e040 s0650/1030] loss = 0.000975
[e040 s0700/1030] loss = 0.000955
[e040 s0750/1030] loss = 0.000927
[e040 s0800/1030] loss = 0.000908
[e040 s0850/1030] loss = 0.000895
[e040 s0900/1030] loss = 0.000893
[e040 s0950/1030] loss = 0.000886
[e040 s1000/1030] loss = 0.000924
Epoch 040: train_loss = 0.000916  MAE = 32.222  RMSE = 59.742  GAME1 = 38.294  GAME2 = 43.830  GAME3 = 47.692  lr = 1.00e-05  time = 17.8s
[e041 s0001/1030] loss = 0.000714
[e041 s0050/1030] loss = 0.000678
[e041 s0100/1030] loss = 0.000679
[e041 s0150/1030] loss = 0.000651
[e041 s0200/1030] loss = 0.000646
[e041 s0250/1030] loss = 0.000621
[e041 s0300/1030] loss = 0.000571
[e041 s0350/1030] loss = 0.000563
[e041 s0400/1030] loss = 0.000575
[e041 s0450/1030] loss = 0.000576
[e041 s0500/1030] loss = 0.000610
[e041 s0550/1030] loss = 0.000610
[e041 s0600/1030] loss = 0.000629
[e041 s0650/1030] loss = 0.000614
[e041 s0700/1030] loss = 0.000702
[e041 s0750/1030] loss = 0.000722
[e041 s0800/1030] loss = 0.000728
[e041 s0850/1030] loss = 0.000884
[e041 s0900/1030] loss = 0.000884
[e041 s0950/1030] loss = 0.000888
[e041 s1000/1030] loss = 0.000885
Epoch 041: train_loss = 0.000873  MAE = 47.402  RMSE = 71.489  GAME1 = 47.862  GAME2 = 48.822  GAME3 = 49.998  lr = 1.00e-05  time = 17.9s
[e042 s0001/1030] loss = 0.000221
[e042 s0050/1030] loss = 0.000967
[e042 s0100/1030] loss = 0.000872
[e042 s0150/1030] loss = 0.001044
[e042 s0200/1030] loss = 0.000922
[e042 s0250/1030] loss = 0.000936
[e042 s0300/1030] loss = 0.000961
[e042 s0350/1030] loss = 0.000999
[e042 s0400/1030] loss = 0.000949
[e042 s0450/1030] loss = 0.000906
[e042 s0500/1030] loss = 0.000907
[e042 s0550/1030] loss = 0.000889
[e042 s0600/1030] loss = 0.000903
[e042 s0650/1030] loss = 0.000924
[e042 s0700/1030] loss = 0.000884
[e042 s0750/1030] loss = 0.000853
[e042 s0800/1030] loss = 0.000899
[e042 s0850/1030] loss = 0.000894
[e042 s0900/1030] loss = 0.000883
[e042 s0950/1030] loss = 0.000873
[e042 s1000/1030] loss = 0.000924
Epoch 042: train_loss = 0.000917  MAE = 43.505  RMSE = 68.803  GAME1 = 44.909  GAME2 = 46.796  GAME3 = 48.285  lr = 1.00e-05  time = 18.2s
[e043 s0001/1030] loss = 0.001681
[e043 s0050/1030] loss = 0.000630
[e043 s0100/1030] loss = 0.000697
[e043 s0150/1030] loss = 0.000728
[e043 s0200/1030] loss = 0.000903
[e043 s0250/1030] loss = 0.000868
[e043 s0300/1030] loss = 0.000853
[e043 s0350/1030] loss = 0.000917
[e043 s0400/1030] loss = 0.000868
[e043 s0450/1030] loss = 0.000815
[e043 s0500/1030] loss = 0.000802
[e043 s0550/1030] loss = 0.000829
[e043 s0600/1030] loss = 0.000983
[e043 s0650/1030] loss = 0.000980
[e043 s0700/1030] loss = 0.000971
[e043 s0750/1030] loss = 0.000960
[e043 s0800/1030] loss = 0.000952
[e043 s0850/1030] loss = 0.000953
[e043 s0900/1030] loss = 0.000955
[e043 s0950/1030] loss = 0.000937
[e043 s1000/1030] loss = 0.000925
Epoch 043: train_loss = 0.000911  MAE = 40.810  RMSE = 66.586  GAME1 = 42.864  GAME2 = 45.226  GAME3 = 47.348  lr = 1.00e-05  time = 17.7s
[e044 s0001/1030] loss = 0.000071
[e044 s0050/1030] loss = 0.001136
[e044 s0100/1030] loss = 0.001319
[e044 s0150/1030] loss = 0.001188
[e044 s0200/1030] loss = 0.001090
[e044 s0250/1030] loss = 0.001178
[e044 s0300/1030] loss = 0.001062
[e044 s0350/1030] loss = 0.001021
[e044 s0400/1030] loss = 0.000949
[e044 s0450/1030] loss = 0.000932
[e044 s0500/1030] loss = 0.000931
[e044 s0550/1030] loss = 0.000950
[e044 s0600/1030] loss = 0.000928
[e044 s0650/1030] loss = 0.000901
[e044 s0700/1030] loss = 0.000932
[e044 s0750/1030] loss = 0.000909
[e044 s0800/1030] loss = 0.000897
[e044 s0850/1030] loss = 0.000902
[e044 s0900/1030] loss = 0.000894
[e044 s0950/1030] loss = 0.000889
[e044 s1000/1030] loss = 0.000887
Epoch 044: train_loss = 0.000889  MAE = 43.736  RMSE = 70.098  GAME1 = 47.833  GAME2 = 52.447  GAME3 = 55.008  lr = 1.00e-05  time = 17.8s
[e045 s0001/1030] loss = 0.000178
[e045 s0050/1030] loss = 0.000630
[e045 s0100/1030] loss = 0.000683
[e045 s0150/1030] loss = 0.000788
[e045 s0200/1030] loss = 0.001263
[e045 s0250/1030] loss = 0.001134
[e045 s0300/1030] loss = 0.001048
[e045 s0350/1030] loss = 0.001028
[e045 s0400/1030] loss = 0.001065
[e045 s0450/1030] loss = 0.001262
[e045 s0500/1030] loss = 0.001224
[e045 s0550/1030] loss = 0.001192
[e045 s0600/1030] loss = 0.001151
[e045 s0650/1030] loss = 0.001137
[e045 s0700/1030] loss = 0.001109
[e045 s0750/1030] loss = 0.001082
[e045 s0800/1030] loss = 0.001051
[e045 s0850/1030] loss = 0.001061
[e045 s0900/1030] loss = 0.001042
[e045 s0950/1030] loss = 0.001026
[e045 s1000/1030] loss = 0.001017
Epoch 045: train_loss = 0.001017  MAE = 27.592  RMSE = 57.365  GAME1 = 38.168  GAME2 = 46.376  GAME3 = 52.308  lr = 1.00e-05  time = 17.8s
[e046 s0001/1030] loss = 0.000520
[e046 s0050/1030] loss = 0.003383
[e046 s0100/1030] loss = 0.001990
[e046 s0150/1030] loss = 0.001615
[e046 s0200/1030] loss = 0.001345
[e046 s0250/1030] loss = 0.001498
[e046 s0300/1030] loss = 0.001346
[e046 s0350/1030] loss = 0.001269
[e046 s0400/1030] loss = 0.001219
[e046 s0450/1030] loss = 0.001200
[e046 s0500/1030] loss = 0.001131
[e046 s0550/1030] loss = 0.001105
[e046 s0600/1030] loss = 0.001113
[e046 s0650/1030] loss = 0.001080
[e046 s0700/1030] loss = 0.001055
[e046 s0750/1030] loss = 0.001039
[e046 s0800/1030] loss = 0.001027
[e046 s0850/1030] loss = 0.001027
[e046 s0900/1030] loss = 0.001043
[e046 s0950/1030] loss = 0.001049
[e046 s1000/1030] loss = 0.001033
Epoch 046: train_loss = 0.001040  MAE = 26.851  RMSE = 54.726  GAME1 = 38.444  GAME2 = 48.344  GAME3 = 54.799  lr = 1.00e-05  time = 17.7s
[e047 s0001/1030] loss = 0.000024
[e047 s0050/1030] loss = 0.000599
[e047 s0100/1030] loss = 0.000622
[e047 s0150/1030] loss = 0.000629
[e047 s0200/1030] loss = 0.000744
[e047 s0250/1030] loss = 0.000708
[e047 s0300/1030] loss = 0.000939
[e047 s0350/1030] loss = 0.001188
[e047 s0400/1030] loss = 0.001402
[e047 s0450/1030] loss = 0.001400
[e047 s0500/1030] loss = 0.001439
[e047 s0550/1030] loss = 0.001351
[e047 s0600/1030] loss = 0.001309
[e047 s0650/1030] loss = 0.001271
[e047 s0700/1030] loss = 0.001255
[e047 s0750/1030] loss = 0.001216
[e047 s0800/1030] loss = 0.001192
[e047 s0850/1030] loss = 0.001203
[e047 s0900/1030] loss = 0.001196
[e047 s0950/1030] loss = 0.001215
[e047 s1000/1030] loss = 0.001183
Epoch 047: train_loss = 0.001174  MAE = 52.335  RMSE = 76.275  GAME1 = 52.445  GAME2 = 52.884  GAME3 = 53.599  lr = 1.00e-05  time = 18.1s
[e048 s0001/1030] loss = 0.000061
[e048 s0050/1030] loss = 0.001045
[e048 s0100/1030] loss = 0.000717
[e048 s0150/1030] loss = 0.001287
[e048 s0200/1030] loss = 0.001139
[e048 s0250/1030] loss = 0.001093
[e048 s0300/1030] loss = 0.001010
[e048 s0350/1030] loss = 0.001010
[e048 s0400/1030] loss = 0.000995
[e048 s0450/1030] loss = 0.000993
[e048 s0500/1030] loss = 0.000961
[e048 s0550/1030] loss = 0.000946
[e048 s0600/1030] loss = 0.000992
[e048 s0650/1030] loss = 0.000998
[e048 s0700/1030] loss = 0.000970
[e048 s0750/1030] loss = 0.000937
[e048 s0800/1030] loss = 0.000919
[e048 s0850/1030] loss = 0.000939
[e048 s0900/1030] loss = 0.000925
[e048 s0950/1030] loss = 0.000911
[e048 s1000/1030] loss = 0.000904
Epoch 048: train_loss = 0.000915  MAE = 29.563  RMSE = 60.347  GAME1 = 40.266  GAME2 = 48.745  GAME3 = 54.359  lr = 1.00e-05  time = 18.0s
[e049 s0001/1030] loss = 0.000436
[e049 s0050/1030] loss = 0.000579
[e049 s0100/1030] loss = 0.000532
[e049 s0150/1030] loss = 0.000472
[e049 s0200/1030] loss = 0.000640
[e049 s0250/1030] loss = 0.000712
[e049 s0300/1030] loss = 0.000827
[e049 s0350/1030] loss = 0.000794
[e049 s0400/1030] loss = 0.000770
[e049 s0450/1030] loss = 0.000754
[e049 s0500/1030] loss = 0.000761
[e049 s0550/1030] loss = 0.000820
[e049 s0600/1030] loss = 0.000809
[e049 s0650/1030] loss = 0.000807
[e049 s0700/1030] loss = 0.000805
[e049 s0750/1030] loss = 0.000940
[e049 s0800/1030] loss = 0.000916
[e049 s0850/1030] loss = 0.000896
[e049 s0900/1030] loss = 0.000901
[e049 s0950/1030] loss = 0.000880
[e049 s1000/1030] loss = 0.000859
Epoch 049: train_loss = 0.000864  MAE = 45.466  RMSE = 69.046  GAME1 = 47.905  GAME2 = 51.140  GAME3 = 52.976  lr = 1.00e-05  time = 17.9s
[e050 s0001/1030] loss = 0.000716
[e050 s0050/1030] loss = 0.000553
[e050 s0100/1030] loss = 0.001006
[e050 s0150/1030] loss = 0.001237
[e050 s0200/1030] loss = 0.001233
[e050 s0250/1030] loss = 0.001085
[e050 s0300/1030] loss = 0.000997
[e050 s0350/1030] loss = 0.000916
[e050 s0400/1030] loss = 0.000881
[e050 s0450/1030] loss = 0.000894
[e050 s0500/1030] loss = 0.000902
[e050 s0550/1030] loss = 0.000897
[e050 s0600/1030] loss = 0.000868
[e050 s0650/1030] loss = 0.000851
[e050 s0700/1030] loss = 0.000849
[e050 s0750/1030] loss = 0.000836
[e050 s0800/1030] loss = 0.000827
[e050 s0850/1030] loss = 0.000810
[e050 s0900/1030] loss = 0.000979
[e050 s0950/1030] loss = 0.000957
[e050 s1000/1030] loss = 0.000948
Epoch 050: train_loss = 0.000957  MAE = 52.010  RMSE = 73.874  GAME1 = 52.133  GAME2 = 52.647  GAME3 = 53.587  lr = 1.00e-05  time = 18.2s
[e051 s0001/1030] loss = 0.000340
[e051 s0050/1030] loss = 0.000898
[e051 s0100/1030] loss = 0.001100
[e051 s0150/1030] loss = 0.001022
[e051 s0200/1030] loss = 0.000884
[e051 s0250/1030] loss = 0.000875
[e051 s0300/1030] loss = 0.000863
[e051 s0350/1030] loss = 0.000831
[e051 s0400/1030] loss = 0.000838
[e051 s0450/1030] loss = 0.000940
[e051 s0500/1030] loss = 0.001046
[e051 s0550/1030] loss = 0.001087
[e051 s0600/1030] loss = 0.001088
[e051 s0650/1030] loss = 0.001067
[e051 s0700/1030] loss = 0.001049
[e051 s0750/1030] loss = 0.001024
[e051 s0800/1030] loss = 0.001016
[e051 s0850/1030] loss = 0.001002
[e051 s0900/1030] loss = 0.001061
[e051 s0950/1030] loss = 0.001069
[e051 s1000/1030] loss = 0.001054
Epoch 051: train_loss = 0.001039  MAE = 44.702  RMSE = 67.876  GAME1 = 45.883  GAME2 = 47.612  GAME3 = 48.948  lr = 1.00e-05  time = 17.8s
[e052 s0001/1030] loss = 0.000091
[e052 s0050/1030] loss = 0.001202
[e052 s0100/1030] loss = 0.001287
[e052 s0150/1030] loss = 0.001020
[e052 s0200/1030] loss = 0.001031
[e052 s0250/1030] loss = 0.001008
[e052 s0300/1030] loss = 0.001034
[e052 s0350/1030] loss = 0.000996
[e052 s0400/1030] loss = 0.000986
[e052 s0450/1030] loss = 0.000958
[e052 s0500/1030] loss = 0.000960
[e052 s0550/1030] loss = 0.000949
[e052 s0600/1030] loss = 0.000908
[e052 s0650/1030] loss = 0.000882
[e052 s0700/1030] loss = 0.000854
[e052 s0750/1030] loss = 0.000830
[e052 s0800/1030] loss = 0.000821
[e052 s0850/1030] loss = 0.000838
[e052 s0900/1030] loss = 0.000834
[e052 s0950/1030] loss = 0.000875
[e052 s1000/1030] loss = 0.000883
Epoch 052: train_loss = 0.000869  MAE = 44.122  RMSE = 71.925  GAME1 = 51.523  GAME2 = 58.663  GAME3 = 62.459  lr = 1.00e-05  time = 17.9s
[e053 s0001/1030] loss = 0.000006
[e053 s0050/1030] loss = 0.000431
[e053 s0100/1030] loss = 0.000524
[e053 s0150/1030] loss = 0.000533
[e053 s0200/1030] loss = 0.000563
[e053 s0250/1030] loss = 0.000576
[e053 s0300/1030] loss = 0.000618
[e053 s0350/1030] loss = 0.000633
[e053 s0400/1030] loss = 0.000791
[e053 s0450/1030] loss = 0.001068
[e053 s0500/1030] loss = 0.001042
[e053 s0550/1030] loss = 0.001035
[e053 s0600/1030] loss = 0.001027
[e053 s0650/1030] loss = 0.001029
[e053 s0700/1030] loss = 0.000983
[e053 s0750/1030] loss = 0.000953
[e053 s0800/1030] loss = 0.000951
[e053 s0850/1030] loss = 0.000946
[e053 s0900/1030] loss = 0.000920
[e053 s0950/1030] loss = 0.000894
[e053 s1000/1030] loss = 0.000883
Epoch 053: train_loss = 0.000908  MAE = 29.313  RMSE = 54.075  GAME1 = 40.264  GAME2 = 49.364  GAME3 = 55.945  lr = 1.00e-05  time = 18.1s
[e054 s0001/1030] loss = 0.000560
[e054 s0050/1030] loss = 0.000574
[e054 s0100/1030] loss = 0.000541
[e054 s0150/1030] loss = 0.001230
[e054 s0200/1030] loss = 0.001120
[e054 s0250/1030] loss = 0.001006
[e054 s0300/1030] loss = 0.001015
[e054 s0350/1030] loss = 0.000928
[e054 s0400/1030] loss = 0.000904
[e054 s0450/1030] loss = 0.000879
[e054 s0500/1030] loss = 0.000936
[e054 s0550/1030] loss = 0.000932
[e054 s0600/1030] loss = 0.000958
[e054 s0650/1030] loss = 0.000931
[e054 s0700/1030] loss = 0.000948
[e054 s0750/1030] loss = 0.001069
[e054 s0800/1030] loss = 0.001094
[e054 s0850/1030] loss = 0.001064
[e054 s0900/1030] loss = 0.001044
[e054 s0950/1030] loss = 0.001018
[e054 s1000/1030] loss = 0.001015
Epoch 054: train_loss = 0.001002  MAE = 27.735  RMSE = 55.661  GAME1 = 41.481  GAME2 = 52.179  GAME3 = 58.992  lr = 1.00e-05  time = 18.0s
[e055 s0001/1030] loss = 0.000169
[e055 s0050/1030] loss = 0.000539
[e055 s0100/1030] loss = 0.000716
[e055 s0150/1030] loss = 0.000742
[e055 s0200/1030] loss = 0.001167
[e055 s0250/1030] loss = 0.001092
[e055 s0300/1030] loss = 0.001040
[e055 s0350/1030] loss = 0.001057
[e055 s0400/1030] loss = 0.001022
[e055 s0450/1030] loss = 0.001051
[e055 s0500/1030] loss = 0.001001
[e055 s0550/1030] loss = 0.000965
[e055 s0600/1030] loss = 0.000968
[e055 s0650/1030] loss = 0.000955
[e055 s0700/1030] loss = 0.000918
[e055 s0750/1030] loss = 0.000909
[e055 s0800/1030] loss = 0.000885
[e055 s0850/1030] loss = 0.000892
[e055 s0900/1030] loss = 0.000923
[e055 s0950/1030] loss = 0.000927
[e055 s1000/1030] loss = 0.001044
Epoch 055: train_loss = 0.001077  MAE = 36.063  RMSE = 51.442  GAME1 = 44.321  GAME2 = 52.842  GAME3 = 59.644  lr = 1.00e-05  time = 17.9s
[e056 s0001/1030] loss = 0.000094
[e056 s0050/1030] loss = 0.000812
[e056 s0100/1030] loss = 0.001195
[e056 s0150/1030] loss = 0.000991
[e056 s0200/1030] loss = 0.001001
[e056 s0250/1030] loss = 0.000936
[e056 s0300/1030] loss = 0.001078
[e056 s0350/1030] loss = 0.001075
[e056 s0400/1030] loss = 0.001048
[e056 s0450/1030] loss = 0.001003
[e056 s0500/1030] loss = 0.001018
[e056 s0550/1030] loss = 0.000975
[e056 s0600/1030] loss = 0.001024
[e056 s0650/1030] loss = 0.000998
[e056 s0700/1030] loss = 0.000963
[e056 s0750/1030] loss = 0.000939
[e056 s0800/1030] loss = 0.000920
[e056 s0850/1030] loss = 0.000914
[e056 s0900/1030] loss = 0.000895
[e056 s0950/1030] loss = 0.000880
[e056 s1000/1030] loss = 0.000869
Epoch 056: train_loss = 0.000860  MAE = 49.805  RMSE = 76.220  GAME1 = 53.971  GAME2 = 58.741  GAME3 = 61.098  lr = 1.00e-05  time = 18.0s
[e057 s0001/1030] loss = 0.000595
[e057 s0050/1030] loss = 0.000515
[e057 s0100/1030] loss = 0.000822
[e057 s0150/1030] loss = 0.000720
[e057 s0200/1030] loss = 0.000756
[e057 s0250/1030] loss = 0.000785
[e057 s0300/1030] loss = 0.001339
[e057 s0350/1030] loss = 0.001332
[e057 s0400/1030] loss = 0.001294
[e057 s0450/1030] loss = 0.001296
[e057 s0500/1030] loss = 0.001225
[e057 s0550/1030] loss = 0.001147
[e057 s0600/1030] loss = 0.001088
[e057 s0650/1030] loss = 0.001054
[e057 s0700/1030] loss = 0.001029
[e057 s0750/1030] loss = 0.001014
[e057 s0800/1030] loss = 0.000991
[e057 s0850/1030] loss = 0.001005
[e057 s0900/1030] loss = 0.000995
[e057 s0950/1030] loss = 0.001007
[e057 s1000/1030] loss = 0.000986
Epoch 057: train_loss = 0.000974  MAE = 39.168  RMSE = 68.131  GAME1 = 44.237  GAME2 = 49.392  GAME3 = 52.802  lr = 1.00e-05  time = 18.1s
[e058 s0001/1030] loss = 0.000111
[e058 s0050/1030] loss = 0.001886
[e058 s0100/1030] loss = 0.001314
[e058 s0150/1030] loss = 0.001092
[e058 s0200/1030] loss = 0.001352
[e058 s0250/1030] loss = 0.001969
[e058 s0300/1030] loss = 0.001781
[e058 s0350/1030] loss = 0.001576
[e058 s0400/1030] loss = 0.001425
[e058 s0450/1030] loss = 0.001324
[e058 s0500/1030] loss = 0.001286
[e058 s0550/1030] loss = 0.001282
[e058 s0600/1030] loss = 0.001211
[e058 s0650/1030] loss = 0.001210
[e058 s0700/1030] loss = 0.001167
[e058 s0750/1030] loss = 0.001181
[e058 s0800/1030] loss = 0.001147
[e058 s0850/1030] loss = 0.001133
[e058 s0900/1030] loss = 0.001103
[e058 s0950/1030] loss = 0.001089
[e058 s1000/1030] loss = 0.001070
Epoch 058: train_loss = 0.001059  MAE = 49.708  RMSE = 73.772  GAME1 = 51.766  GAME2 = 54.609  GAME3 = 56.178  lr = 1.00e-05  time = 18.0s
[e059 s0001/1030] loss = 0.000176
[e059 s0050/1030] loss = 0.000621
[e059 s0100/1030] loss = 0.000603
[e059 s0150/1030] loss = 0.000881
[e059 s0200/1030] loss = 0.000834
[e059 s0250/1030] loss = 0.001489
[e059 s0300/1030] loss = 0.001368
[e059 s0350/1030] loss = 0.001338
[e059 s0400/1030] loss = 0.001254
[e059 s0450/1030] loss = 0.001171
[e059 s0500/1030] loss = 0.001161
[e059 s0550/1030] loss = 0.001130
[e059 s0600/1030] loss = 0.001097
[e059 s0650/1030] loss = 0.001093
[e059 s0700/1030] loss = 0.001061
[e059 s0750/1030] loss = 0.001033
[e059 s0800/1030] loss = 0.001053
[e059 s0850/1030] loss = 0.001036
[e059 s0900/1030] loss = 0.001090
[e059 s0950/1030] loss = 0.001071
[e059 s1000/1030] loss = 0.001080
Epoch 059: train_loss = 0.001070  MAE = 46.302  RMSE = 70.750  GAME1 = 46.688  GAME2 = 47.540  GAME3 = 48.740  lr = 1.00e-05  time = 17.9s
[e060 s0001/1030] loss = 0.000132
[e060 s0050/1030] loss = 0.000755
[e060 s0100/1030] loss = 0.000695
[e060 s0150/1030] loss = 0.000679
[e060 s0200/1030] loss = 0.001640
[e060 s0250/1030] loss = 0.001458
[e060 s0300/1030] loss = 0.001343
[e060 s0350/1030] loss = 0.001278
[e060 s0400/1030] loss = 0.001230
[e060 s0450/1030] loss = 0.001201
[e060 s0500/1030] loss = 0.001163
[e060 s0550/1030] loss = 0.001131
[e060 s0600/1030] loss = 0.001104
[e060 s0650/1030] loss = 0.001093
[e060 s0700/1030] loss = 0.001077
[e060 s0750/1030] loss = 0.001093
[e060 s0800/1030] loss = 0.001076
[e060 s0850/1030] loss = 0.001062
[e060 s0900/1030] loss = 0.001036
[e060 s0950/1030] loss = 0.001020
[e060 s1000/1030] loss = 0.001027
Epoch 060: train_loss = 0.001008  MAE = 41.047  RMSE = 68.482  GAME1 = 46.564  GAME2 = 52.180  GAME3 = 55.363  lr = 1.00e-05  time = 17.8s
[e061 s0001/1030] loss = 0.000121
[e061 s0050/1030] loss = 0.000450
[e061 s0100/1030] loss = 0.000585
[e061 s0150/1030] loss = 0.000640
[e061 s0200/1030] loss = 0.000672
[e061 s0250/1030] loss = 0.000667
[e061 s0300/1030] loss = 0.000691
[e061 s0350/1030] loss = 0.000654
[e061 s0400/1030] loss = 0.000658
[e061 s0450/1030] loss = 0.000671
[e061 s0500/1030] loss = 0.000632
[e061 s0550/1030] loss = 0.000665
[e061 s0600/1030] loss = 0.000680
[e061 s0650/1030] loss = 0.000693
[e061 s0700/1030] loss = 0.000685
[e061 s0750/1030] loss = 0.000691
[e061 s0800/1030] loss = 0.000711
[e061 s0850/1030] loss = 0.000800
[e061 s0900/1030] loss = 0.000835
[e061 s0950/1030] loss = 0.000854
[e061 s1000/1030] loss = 0.000946
Epoch 061: train_loss = 0.000950  MAE = 35.354  RMSE = 63.219  GAME1 = 41.678  GAME2 = 47.343  GAME3 = 51.122  lr = 1.00e-05  time = 17.9s
[e062 s0001/1030] loss = 0.000001
[e062 s0050/1030] loss = 0.000708
[e062 s0100/1030] loss = 0.000715
[e062 s0150/1030] loss = 0.001635
[e062 s0200/1030] loss = 0.001927
[e062 s0250/1030] loss = 0.001715
[e062 s0300/1030] loss = 0.001620
[e062 s0350/1030] loss = 0.001470
[e062 s0400/1030] loss = 0.001361
[e062 s0450/1030] loss = 0.001358
[e062 s0500/1030] loss = 0.001317
[e062 s0550/1030] loss = 0.001257
[e062 s0600/1030] loss = 0.001191
[e062 s0650/1030] loss = 0.001148
[e062 s0700/1030] loss = 0.001101
[e062 s0750/1030] loss = 0.001066
[e062 s0800/1030] loss = 0.001039
[e062 s0850/1030] loss = 0.001028
[e062 s0900/1030] loss = 0.001010
[e062 s0950/1030] loss = 0.001009
[e062 s1000/1030] loss = 0.001007
Epoch 062: train_loss = 0.000992  MAE = 39.860  RMSE = 68.740  GAME1 = 44.998  GAME2 = 50.084  GAME3 = 53.264  lr = 1.00e-05  time = 18.0s
[e063 s0001/1030] loss = 0.000214
[e063 s0050/1030] loss = 0.000798
[e063 s0100/1030] loss = 0.000832
[e063 s0150/1030] loss = 0.000750
[e063 s0200/1030] loss = 0.000756
[e063 s0250/1030] loss = 0.000736
[e063 s0300/1030] loss = 0.000730
[e063 s0350/1030] loss = 0.000705
[e063 s0400/1030] loss = 0.000672
[e063 s0450/1030] loss = 0.000719
[e063 s0500/1030] loss = 0.000711
[e063 s0550/1030] loss = 0.000743
[e063 s0600/1030] loss = 0.000848
[e063 s0650/1030] loss = 0.000873
[e063 s0700/1030] loss = 0.000866
[e063 s0750/1030] loss = 0.000865
[e063 s0800/1030] loss = 0.000884
[e063 s0850/1030] loss = 0.000909
[e063 s0900/1030] loss = 0.000899
[e063 s0950/1030] loss = 0.000895
[e063 s1000/1030] loss = 0.000880
Epoch 063: train_loss = 0.000877  MAE = 46.103  RMSE = 71.776  GAME1 = 48.924  GAME2 = 52.317  GAME3 = 54.307  lr = 1.00e-05  time = 18.2s
[e064 s0001/1030] loss = 0.000385
[e064 s0050/1030] loss = 0.001547
[e064 s0100/1030] loss = 0.001091
[e064 s0150/1030] loss = 0.000978
[e064 s0200/1030] loss = 0.000863
[e064 s0250/1030] loss = 0.000852
[e064 s0300/1030] loss = 0.000861
[e064 s0350/1030] loss = 0.000828
[e064 s0400/1030] loss = 0.000792
[e064 s0450/1030] loss = 0.000786
[e064 s0500/1030] loss = 0.000748
[e064 s0550/1030] loss = 0.000735
[e064 s0600/1030] loss = 0.000759
[e064 s0650/1030] loss = 0.000772
[e064 s0700/1030] loss = 0.000785
[e064 s0750/1030] loss = 0.000767
[e064 s0800/1030] loss = 0.000784
[e064 s0850/1030] loss = 0.000803
[e064 s0900/1030] loss = 0.000790
[e064 s0950/1030] loss = 0.000799
[e064 s1000/1030] loss = 0.000792
Epoch 064: train_loss = 0.000786  MAE = 34.957  RMSE = 64.262  GAME1 = 43.655  GAME2 = 51.044  GAME3 = 55.664  lr = 1.00e-05  time = 17.9s
[e065 s0001/1030] loss = 0.000382
[e065 s0050/1030] loss = 0.001818
[e065 s0100/1030] loss = 0.001571
[e065 s0150/1030] loss = 0.001372
[e065 s0200/1030] loss = 0.001349
[e065 s0250/1030] loss = 0.001286
[e065 s0300/1030] loss = 0.001177
[e065 s0350/1030] loss = 0.001135
[e065 s0400/1030] loss = 0.001063
[e065 s0450/1030] loss = 0.001019
[e065 s0500/1030] loss = 0.000991
[e065 s0550/1030] loss = 0.000936
[e065 s0600/1030] loss = 0.000924
[e065 s0650/1030] loss = 0.000896
[e065 s0700/1030] loss = 0.000912
[e065 s0750/1030] loss = 0.000962
[e065 s0800/1030] loss = 0.000989
[e065 s0850/1030] loss = 0.000968
[e065 s0900/1030] loss = 0.000943
[e065 s0950/1030] loss = 0.000921
[e065 s1000/1030] loss = 0.000906
Epoch 065: train_loss = 0.000904  MAE = 42.798  RMSE = 69.324  GAME1 = 45.897  GAME2 = 49.595  GAME3 = 51.749  lr = 1.00e-05  time = 18.1s
[e066 s0001/1030] loss = 0.000158
[e066 s0050/1030] loss = 0.000283
[e066 s0100/1030] loss = 0.000481
[e066 s0150/1030] loss = 0.000521
[e066 s0200/1030] loss = 0.000493
[e066 s0250/1030] loss = 0.000627
[e066 s0300/1030] loss = 0.000623
[e066 s0350/1030] loss = 0.000605
[e066 s0400/1030] loss = 0.000669
[e066 s0450/1030] loss = 0.000643
[e066 s0500/1030] loss = 0.000627
[e066 s0550/1030] loss = 0.000649
[e066 s0600/1030] loss = 0.000779
[e066 s0650/1030] loss = 0.000777
[e066 s0700/1030] loss = 0.000786
[e066 s0750/1030] loss = 0.000768
[e066 s0800/1030] loss = 0.000800
[e066 s0850/1030] loss = 0.000806
[e066 s0900/1030] loss = 0.000825
[e066 s0950/1030] loss = 0.000814
[e066 s1000/1030] loss = 0.000809
Epoch 066: train_loss = 0.000811  MAE = 39.720  RMSE = 65.733  GAME1 = 42.846  GAME2 = 46.240  GAME3 = 48.651  lr = 1.00e-05  time = 17.9s
[e067 s0001/1030] loss = 0.000290
[e067 s0050/1030] loss = 0.001362
[e067 s0100/1030] loss = 0.000910
[e067 s0150/1030] loss = 0.000835
[e067 s0200/1030] loss = 0.001000
[e067 s0250/1030] loss = 0.000918
[e067 s0300/1030] loss = 0.000903
[e067 s0350/1030] loss = 0.000868
[e067 s0400/1030] loss = 0.000839
[e067 s0450/1030] loss = 0.000849
[e067 s0500/1030] loss = 0.000850
[e067 s0550/1030] loss = 0.000886
[e067 s0600/1030] loss = 0.001135
[e067 s0650/1030] loss = 0.001080
[e067 s0700/1030] loss = 0.001072
[e067 s0750/1030] loss = 0.001056
[e067 s0800/1030] loss = 0.001039
[e067 s0850/1030] loss = 0.001042
[e067 s0900/1030] loss = 0.001039
[e067 s0950/1030] loss = 0.001014
[e067 s1000/1030] loss = 0.001001
Epoch 067: train_loss = 0.000983  MAE = 58.772  RMSE = 82.107  GAME1 = 59.617  GAME2 = 61.069  GAME3 = 61.783  lr = 1.00e-05  time = 17.9s
[e068 s0001/1030] loss = 0.000032
[e068 s0050/1030] loss = 0.000546
[e068 s0100/1030] loss = 0.000819
[e068 s0150/1030] loss = 0.000800
[e068 s0200/1030] loss = 0.001439
[e068 s0250/1030] loss = 0.001437
[e068 s0300/1030] loss = 0.001308
[e068 s0350/1030] loss = 0.001209
[e068 s0400/1030] loss = 0.001141
[e068 s0450/1030] loss = 0.001069
[e068 s0500/1030] loss = 0.001008
[e068 s0550/1030] loss = 0.001050
[e068 s0600/1030] loss = 0.001061
[e068 s0650/1030] loss = 0.001038
[e068 s0700/1030] loss = 0.001004
[e068 s0750/1030] loss = 0.000979
[e068 s0800/1030] loss = 0.000950
[e068 s0850/1030] loss = 0.000940
[e068 s0900/1030] loss = 0.000934
[e068 s0950/1030] loss = 0.000923
[e068 s1000/1030] loss = 0.000911
Epoch 068: train_loss = 0.000900  MAE = 36.179  RMSE = 66.346  GAME1 = 41.729  GAME2 = 46.572  GAME3 = 50.155  lr = 1.00e-05  time = 18.1s
[e069 s0001/1030] loss = 0.000037
[e069 s0050/1030] loss = 0.000849
[e069 s0100/1030] loss = 0.000809
[e069 s0150/1030] loss = 0.001024
[e069 s0200/1030] loss = 0.000998
[e069 s0250/1030] loss = 0.000901
[e069 s0300/1030] loss = 0.000896
[e069 s0350/1030] loss = 0.000873
[e069 s0400/1030] loss = 0.000889
[e069 s0450/1030] loss = 0.000907
[e069 s0500/1030] loss = 0.000895
[e069 s0550/1030] loss = 0.001171
[e069 s0600/1030] loss = 0.001239
[e069 s0650/1030] loss = 0.001202
[e069 s0700/1030] loss = 0.001154
[e069 s0750/1030] loss = 0.001222
[e069 s0800/1030] loss = 0.001184
[e069 s0850/1030] loss = 0.001158
[e069 s0900/1030] loss = 0.001145
[e069 s0950/1030] loss = 0.001146
[e069 s1000/1030] loss = 0.001126
Epoch 069: train_loss = 0.001113  MAE = 54.856  RMSE = 78.184  GAME1 = 55.462  GAME2 = 56.575  GAME3 = 57.171  lr = 1.00e-05  time = 18.1s
[e070 s0001/1030] loss = 0.000032
[e070 s0050/1030] loss = 0.000633
[e070 s0100/1030] loss = 0.000610
[e070 s0150/1030] loss = 0.000659
[e070 s0200/1030] loss = 0.000992
[e070 s0250/1030] loss = 0.000939
[e070 s0300/1030] loss = 0.000855
[e070 s0350/1030] loss = 0.000853
[e070 s0400/1030] loss = 0.000864
[e070 s0450/1030] loss = 0.000838
[e070 s0500/1030] loss = 0.000846
[e070 s0550/1030] loss = 0.000825
[e070 s0600/1030] loss = 0.000788
[e070 s0650/1030] loss = 0.000781
[e070 s0700/1030] loss = 0.000790
[e070 s0750/1030] loss = 0.000791
[e070 s0800/1030] loss = 0.000797
[e070 s0850/1030] loss = 0.000813
[e070 s0900/1030] loss = 0.000808
[e070 s0950/1030] loss = 0.000846
[e070 s1000/1030] loss = 0.000830
Epoch 070: train_loss = 0.000840  MAE = 27.890  RMSE = 57.368  GAME1 = 38.689  GAME2 = 47.179  GAME3 = 53.102  lr = 1.00e-05  time = 18.0s
[e071 s0001/1030] loss = 0.000223
[e071 s0050/1030] loss = 0.000915
[e071 s0100/1030] loss = 0.001111
[e071 s0150/1030] loss = 0.000904
[e071 s0200/1030] loss = 0.000888
[e071 s0250/1030] loss = 0.000818
[e071 s0300/1030] loss = 0.000851
[e071 s0350/1030] loss = 0.000897
[e071 s0400/1030] loss = 0.000906
[e071 s0450/1030] loss = 0.000892
[e071 s0500/1030] loss = 0.000877
[e071 s0550/1030] loss = 0.000847
[e071 s0600/1030] loss = 0.000832
[e071 s0650/1030] loss = 0.000838
[e071 s0700/1030] loss = 0.000823
[e071 s0750/1030] loss = 0.000803
[e071 s0800/1030] loss = 0.000782
[e071 s0850/1030] loss = 0.000782
[e071 s0900/1030] loss = 0.000778
[e071 s0950/1030] loss = 0.000784
[e071 s1000/1030] loss = 0.000774
Epoch 071: train_loss = 0.000880  MAE = 45.903  RMSE = 71.575  GAME1 = 48.108  GAME2 = 50.926  GAME3 = 52.677  lr = 1.00e-05  time = 18.0s
[e072 s0001/1030] loss = 0.000490
[e072 s0050/1030] loss = 0.000682
[e072 s0100/1030] loss = 0.000709
[e072 s0150/1030] loss = 0.000677
[e072 s0200/1030] loss = 0.000669
[e072 s0250/1030] loss = 0.000637
[e072 s0300/1030] loss = 0.000629
[e072 s0350/1030] loss = 0.000635
[e072 s0400/1030] loss = 0.000660
[e072 s0450/1030] loss = 0.000662
[e072 s0500/1030] loss = 0.000689
[e072 s0550/1030] loss = 0.000699
[e072 s0600/1030] loss = 0.000718
[e072 s0650/1030] loss = 0.000723
[e072 s0700/1030] loss = 0.000775
[e072 s0750/1030] loss = 0.000748
[e072 s0800/1030] loss = 0.000748
[e072 s0850/1030] loss = 0.000791
[e072 s0900/1030] loss = 0.000787
[e072 s0950/1030] loss = 0.000774
[e072 s1000/1030] loss = 0.000832
Epoch 072: train_loss = 0.000831  MAE = 31.916  RMSE = 60.586  GAME1 = 38.092  GAME2 = 43.405  GAME3 = 47.348  lr = 1.00e-05  time = 17.9s
[e073 s0001/1030] loss = 0.000157
[e073 s0050/1030] loss = 0.000380
[e073 s0100/1030] loss = 0.000454
[e073 s0150/1030] loss = 0.000464
[e073 s0200/1030] loss = 0.000590
[e073 s0250/1030] loss = 0.000644
[e073 s0300/1030] loss = 0.000611
[e073 s0350/1030] loss = 0.000586
[e073 s0400/1030] loss = 0.000764
[e073 s0450/1030] loss = 0.000753
[e073 s0500/1030] loss = 0.000734
[e073 s0550/1030] loss = 0.000769
[e073 s0600/1030] loss = 0.000803
[e073 s0650/1030] loss = 0.000965
[e073 s0700/1030] loss = 0.000949
[e073 s0750/1030] loss = 0.001004
[e073 s0800/1030] loss = 0.000977
[e073 s0850/1030] loss = 0.000967
[e073 s0900/1030] loss = 0.000973
[e073 s0950/1030] loss = 0.000955
[e073 s1000/1030] loss = 0.001011
Epoch 073: train_loss = 0.000993  MAE = 39.128  RMSE = 66.871  GAME1 = 45.722  GAME2 = 51.872  GAME3 = 55.572  lr = 1.00e-05  time = 17.7s
[e074 s0001/1030] loss = 0.000026
[e074 s0050/1030] loss = 0.002527
[e074 s0100/1030] loss = 0.001699
[e074 s0150/1030] loss = 0.001485
[e074 s0200/1030] loss = 0.001279
[e074 s0250/1030] loss = 0.001220
[e074 s0300/1030] loss = 0.001147
[e074 s0350/1030] loss = 0.001377
[e074 s0400/1030] loss = 0.001305
[e074 s0450/1030] loss = 0.001301
[e074 s0500/1030] loss = 0.001247
[e074 s0550/1030] loss = 0.001179
[e074 s0600/1030] loss = 0.001122
[e074 s0650/1030] loss = 0.001149
[e074 s0700/1030] loss = 0.001151
[e074 s0750/1030] loss = 0.001125
[e074 s0800/1030] loss = 0.001090
[e074 s0850/1030] loss = 0.001066
[e074 s0900/1030] loss = 0.001087
[e074 s0950/1030] loss = 0.001094
[e074 s1000/1030] loss = 0.001081
Epoch 074: train_loss = 0.001062  MAE = 38.801  RMSE = 66.426  GAME1 = 43.284  GAME2 = 47.757  GAME3 = 50.587  lr = 1.00e-05  time = 17.9s
[e075 s0001/1030] loss = 0.000176
[e075 s0050/1030] loss = 0.000684
[e075 s0100/1030] loss = 0.000622
[e075 s0150/1030] loss = 0.000786
[e075 s0200/1030] loss = 0.000802
[e075 s0250/1030] loss = 0.000876
[e075 s0300/1030] loss = 0.000889
[e075 s0350/1030] loss = 0.000863
[e075 s0400/1030] loss = 0.000842
[e075 s0450/1030] loss = 0.000836
[e075 s0500/1030] loss = 0.000805
[e075 s0550/1030] loss = 0.000777
[e075 s0600/1030] loss = 0.000784
[e075 s0650/1030] loss = 0.000777
[e075 s0700/1030] loss = 0.000817
[e075 s0750/1030] loss = 0.000832
[e075 s0800/1030] loss = 0.000824
[e075 s0850/1030] loss = 0.000812
[e075 s0900/1030] loss = 0.000807
[e075 s0950/1030] loss = 0.000802
[e075 s1000/1030] loss = 0.000871
Epoch 075: train_loss = 0.000855  MAE = 41.735  RMSE = 69.969  GAME1 = 48.094  GAME2 = 54.267  GAME3 = 57.690  lr = 1.00e-05  time = 18.0s
[e076 s0001/1030] loss = 0.000271
[e076 s0050/1030] loss = 0.000626
[e076 s0100/1030] loss = 0.000889
[e076 s0150/1030] loss = 0.000859
[e076 s0200/1030] loss = 0.000777
[e076 s0250/1030] loss = 0.000800
[e076 s0300/1030] loss = 0.000805
[e076 s0350/1030] loss = 0.000788
[e076 s0400/1030] loss = 0.000805
[e076 s0450/1030] loss = 0.000799
[e076 s0500/1030] loss = 0.000845
[e076 s0550/1030] loss = 0.000886
[e076 s0600/1030] loss = 0.000880
[e076 s0650/1030] loss = 0.000861
[e076 s0700/1030] loss = 0.000836
[e076 s0750/1030] loss = 0.000927
[e076 s0800/1030] loss = 0.000919
[e076 s0850/1030] loss = 0.000938
[e076 s0900/1030] loss = 0.000942
[e076 s0950/1030] loss = 0.000929
[e076 s1000/1030] loss = 0.000922
Epoch 076: train_loss = 0.000955  MAE = 61.019  RMSE = 85.163  GAME1 = 61.814  GAME2 = 63.199  GAME3 = 63.791  lr = 1.00e-05  time = 18.0s
[e077 s0001/1030] loss = 0.005771
[e077 s0050/1030] loss = 0.001601
[e077 s0100/1030] loss = 0.001058
[e077 s0150/1030] loss = 0.001019
[e077 s0200/1030] loss = 0.000971
[e077 s0250/1030] loss = 0.000916
[e077 s0300/1030] loss = 0.000938
[e077 s0350/1030] loss = 0.001020
[e077 s0400/1030] loss = 0.000942
[e077 s0450/1030] loss = 0.000952
[e077 s0500/1030] loss = 0.000904
[e077 s0550/1030] loss = 0.000879
[e077 s0600/1030] loss = 0.000854
[e077 s0650/1030] loss = 0.000845
[e077 s0700/1030] loss = 0.000840
[e077 s0750/1030] loss = 0.000833
[e077 s0800/1030] loss = 0.000994
[e077 s0850/1030] loss = 0.001012
[e077 s0900/1030] loss = 0.001009
[e077 s0950/1030] loss = 0.001003
[e077 s1000/1030] loss = 0.000977
Epoch 077: train_loss = 0.000970  MAE = 36.978  RMSE = 63.147  GAME1 = 42.105  GAME2 = 47.192  GAME3 = 50.396  lr = 1.00e-05  time = 18.0s
[e078 s0001/1030] loss = 0.000483
[e078 s0050/1030] loss = 0.000879
[e078 s0100/1030] loss = 0.000913
[e078 s0150/1030] loss = 0.000854
[e078 s0200/1030] loss = 0.000835
[e078 s0250/1030] loss = 0.000839
[e078 s0300/1030] loss = 0.000798
[e078 s0350/1030] loss = 0.000739
[e078 s0400/1030] loss = 0.000774
[e078 s0450/1030] loss = 0.000960
[e078 s0500/1030] loss = 0.000933
[e078 s0550/1030] loss = 0.001068
[e078 s0600/1030] loss = 0.001058
[e078 s0650/1030] loss = 0.001011
[e078 s0700/1030] loss = 0.000968
[e078 s0750/1030] loss = 0.000977
[e078 s0800/1030] loss = 0.000954
[e078 s0850/1030] loss = 0.000961
[e078 s0900/1030] loss = 0.000946
[e078 s0950/1030] loss = 0.000951
[e078 s1000/1030] loss = 0.000994
Epoch 078: train_loss = 0.000983  MAE = 53.575  RMSE = 78.391  GAME1 = 55.464  GAME2 = 58.093  GAME3 = 59.443  lr = 1.00e-05  time = 18.0s
[e079 s0001/1030] loss = 0.000092
[e079 s0050/1030] loss = 0.000901
[e079 s0100/1030] loss = 0.000948
[e079 s0150/1030] loss = 0.000947
[e079 s0200/1030] loss = 0.000842
[e079 s0250/1030] loss = 0.000817
[e079 s0300/1030] loss = 0.000838
[e079 s0350/1030] loss = 0.000815
[e079 s0400/1030] loss = 0.000815
[e079 s0450/1030] loss = 0.000808
[e079 s0500/1030] loss = 0.000840
[e079 s0550/1030] loss = 0.000832
[e079 s0600/1030] loss = 0.000821
[e079 s0650/1030] loss = 0.000823
[e079 s0700/1030] loss = 0.000805
[e079 s0750/1030] loss = 0.000807
[e079 s0800/1030] loss = 0.000800
[e079 s0850/1030] loss = 0.000805
[e079 s0900/1030] loss = 0.000805
[e079 s0950/1030] loss = 0.000802
[e079 s1000/1030] loss = 0.000792
Epoch 079: train_loss = 0.000792  MAE = 35.480  RMSE = 62.171  GAME1 = 42.813  GAME2 = 49.491  GAME3 = 53.479  lr = 1.00e-05  time = 17.7s
[e080 s0001/1030] loss = 0.000054
[e080 s0050/1030] loss = 0.001780
[e080 s0100/1030] loss = 0.001253
[e080 s0150/1030] loss = 0.001108
[e080 s0200/1030] loss = 0.001053
[e080 s0250/1030] loss = 0.001029
[e080 s0300/1030] loss = 0.000986
[e080 s0350/1030] loss = 0.000912
[e080 s0400/1030] loss = 0.000906
[e080 s0450/1030] loss = 0.001069
[e080 s0500/1030] loss = 0.001052
[e080 s0550/1030] loss = 0.001057
[e080 s0600/1030] loss = 0.001068
[e080 s0650/1030] loss = 0.001034
[e080 s0700/1030] loss = 0.001009
[e080 s0750/1030] loss = 0.001051
[e080 s0800/1030] loss = 0.001013
[e080 s0850/1030] loss = 0.001025
[e080 s0900/1030] loss = 0.001004
[e080 s0950/1030] loss = 0.001023
[e080 s1000/1030] loss = 0.001012
Epoch 080: train_loss = 0.001001  MAE = 35.452  RMSE = 63.045  GAME1 = 43.956  GAME2 = 51.192  GAME3 = 55.586  lr = 1.00e-05  time = 18.0s
[e081 s0001/1030] loss = 0.000274
[e081 s0050/1030] loss = 0.000959
[e081 s0100/1030] loss = 0.000804
[e081 s0150/1030] loss = 0.000775
[e081 s0200/1030] loss = 0.000776
[e081 s0250/1030] loss = 0.000814
[e081 s0300/1030] loss = 0.000804
[e081 s0350/1030] loss = 0.000769
[e081 s0400/1030] loss = 0.000721
[e081 s0450/1030] loss = 0.000681
[e081 s0500/1030] loss = 0.000683
[e081 s0550/1030] loss = 0.000669
[e081 s0600/1030] loss = 0.000673
[e081 s0650/1030] loss = 0.000686
[e081 s0700/1030] loss = 0.000691
[e081 s0750/1030] loss = 0.000722
[e081 s0800/1030] loss = 0.000742
[e081 s0850/1030] loss = 0.000745
[e081 s0900/1030] loss = 0.000799
[e081 s0950/1030] loss = 0.000820
[e081 s1000/1030] loss = 0.000826
Epoch 081: train_loss = 0.000820  MAE = 31.938  RMSE = 61.202  GAME1 = 39.160  GAME2 = 45.031  GAME3 = 49.134  lr = 1.00e-05  time = 17.9s
[e082 s0001/1030] loss = 0.000061
[e082 s0050/1030] loss = 0.000561
[e082 s0100/1030] loss = 0.000658
[e082 s0150/1030] loss = 0.000685
[e082 s0200/1030] loss = 0.001053
[e082 s0250/1030] loss = 0.001046
[e082 s0300/1030] loss = 0.000993
[e082 s0350/1030] loss = 0.000917
[e082 s0400/1030] loss = 0.001109
[e082 s0450/1030] loss = 0.001094
[e082 s0500/1030] loss = 0.001053
[e082 s0550/1030] loss = 0.001018
[e082 s0600/1030] loss = 0.001012
[e082 s0650/1030] loss = 0.001045
[e082 s0700/1030] loss = 0.001043
[e082 s0750/1030] loss = 0.001032
[e082 s0800/1030] loss = 0.001024
[e082 s0850/1030] loss = 0.000996
[e082 s0900/1030] loss = 0.000978
[e082 s0950/1030] loss = 0.000967
[e082 s1000/1030] loss = 0.000974
Epoch 082: train_loss = 0.000958  MAE = 54.481  RMSE = 76.848  GAME1 = 54.545  GAME2 = 54.809  GAME3 = 55.249  lr = 1.00e-05  time = 17.9s
[e083 s0001/1030] loss = 0.001076
[e083 s0050/1030] loss = 0.000438
[e083 s0100/1030] loss = 0.000472
[e083 s0150/1030] loss = 0.000578
[e083 s0200/1030] loss = 0.000566
[e083 s0250/1030] loss = 0.000616
[e083 s0300/1030] loss = 0.000774
[e083 s0350/1030] loss = 0.000791
[e083 s0400/1030] loss = 0.000771
[e083 s0450/1030] loss = 0.000884
[e083 s0500/1030] loss = 0.000903
[e083 s0550/1030] loss = 0.000886
[e083 s0600/1030] loss = 0.000863
[e083 s0650/1030] loss = 0.000850
[e083 s0700/1030] loss = 0.000845
[e083 s0750/1030] loss = 0.000883
[e083 s0800/1030] loss = 0.000863
[e083 s0850/1030] loss = 0.000899
[e083 s0900/1030] loss = 0.000911
[e083 s0950/1030] loss = 0.000904
[e083 s1000/1030] loss = 0.000889
Epoch 083: train_loss = 0.000881  MAE = 29.952  RMSE = 60.098  GAME1 = 40.565  GAME2 = 49.304  GAME3 = 54.967  lr = 1.00e-05  time = 18.0s
[e084 s0001/1030] loss = 0.000972
[e084 s0050/1030] loss = 0.000630
[e084 s0100/1030] loss = 0.000690
[e084 s0150/1030] loss = 0.000653
[e084 s0200/1030] loss = 0.000707
[e084 s0250/1030] loss = 0.001130
[e084 s0300/1030] loss = 0.001144
[e084 s0350/1030] loss = 0.001088
[e084 s0400/1030] loss = 0.001094
[e084 s0450/1030] loss = 0.001017
[e084 s0500/1030] loss = 0.000988
[e084 s0550/1030] loss = 0.000980
[e084 s0600/1030] loss = 0.000956
[e084 s0650/1030] loss = 0.000976
[e084 s0700/1030] loss = 0.000967
[e084 s0750/1030] loss = 0.000966
[e084 s0800/1030] loss = 0.000935
[e084 s0850/1030] loss = 0.000979
[e084 s0900/1030] loss = 0.000970
[e084 s0950/1030] loss = 0.000973
[e084 s1000/1030] loss = 0.000963
Epoch 084: train_loss = 0.000949  MAE = 31.417  RMSE = 60.886  GAME1 = 40.885  GAME2 = 48.558  GAME3 = 53.160  lr = 1.00e-05  time = 18.0s
[e085 s0001/1030] loss = 0.000190
[e085 s0050/1030] loss = 0.000627
[e085 s0100/1030] loss = 0.000575
[e085 s0150/1030] loss = 0.000689
[e085 s0200/1030] loss = 0.000702
[e085 s0250/1030] loss = 0.000747
[e085 s0300/1030] loss = 0.000749
[e085 s0350/1030] loss = 0.000742
[e085 s0400/1030] loss = 0.000796
[e085 s0450/1030] loss = 0.000778
[e085 s0500/1030] loss = 0.000805
[e085 s0550/1030] loss = 0.000795
[e085 s0600/1030] loss = 0.000888
[e085 s0650/1030] loss = 0.000870
[e085 s0700/1030] loss = 0.000847
[e085 s0750/1030] loss = 0.000821
[e085 s0800/1030] loss = 0.000834
[e085 s0850/1030] loss = 0.000829
[e085 s0900/1030] loss = 0.000860
[e085 s0950/1030] loss = 0.000851
[e085 s1000/1030] loss = 0.000833
Epoch 085: train_loss = 0.000822  MAE = 37.295  RMSE = 66.010  GAME1 = 43.117  GAME2 = 48.276  GAME3 = 51.834  lr = 1.00e-05  time = 17.9s
[e086 s0001/1030] loss = 0.000166
[e086 s0050/1030] loss = 0.000966
[e086 s0100/1030] loss = 0.000841
[e086 s0150/1030] loss = 0.000788
[e086 s0200/1030] loss = 0.000692
[e086 s0250/1030] loss = 0.000722
[e086 s0300/1030] loss = 0.000739
[e086 s0350/1030] loss = 0.000825
[e086 s0400/1030] loss = 0.000804
[e086 s0450/1030] loss = 0.000842
[e086 s0500/1030] loss = 0.000915
[e086 s0550/1030] loss = 0.000862
[e086 s0600/1030] loss = 0.000830
[e086 s0650/1030] loss = 0.000814
[e086 s0700/1030] loss = 0.000910
[e086 s0750/1030] loss = 0.000936
[e086 s0800/1030] loss = 0.000932
[e086 s0850/1030] loss = 0.000906
[e086 s0900/1030] loss = 0.000891
[e086 s0950/1030] loss = 0.000891
[e086 s1000/1030] loss = 0.000907
Epoch 086: train_loss = 0.000914  MAE = 31.141  RMSE = 53.201  GAME1 = 41.029  GAME2 = 49.877  GAME3 = 56.640  lr = 1.00e-05  time = 17.8s
[e087 s0001/1030] loss = 0.000300
[e087 s0050/1030] loss = 0.000343
[e087 s0100/1030] loss = 0.000614
[e087 s0150/1030] loss = 0.000818
[e087 s0200/1030] loss = 0.000742
[e087 s0250/1030] loss = 0.000739
[e087 s0300/1030] loss = 0.000689
[e087 s0350/1030] loss = 0.000761
[e087 s0400/1030] loss = 0.000749
[e087 s0450/1030] loss = 0.000731
[e087 s0500/1030] loss = 0.000769
[e087 s0550/1030] loss = 0.000795
[e087 s0600/1030] loss = 0.000773
[e087 s0650/1030] loss = 0.000763
[e087 s0700/1030] loss = 0.000744
[e087 s0750/1030] loss = 0.000738
[e087 s0800/1030] loss = 0.000738
[e087 s0850/1030] loss = 0.000808
[e087 s0900/1030] loss = 0.000973
[e087 s0950/1030] loss = 0.000956
[e087 s1000/1030] loss = 0.000942
Epoch 087: train_loss = 0.000929  MAE = 43.669  RMSE = 70.268  GAME1 = 47.970  GAME2 = 52.642  GAME3 = 55.260  lr = 1.00e-05  time = 17.8s
[e088 s0001/1030] loss = 0.000080
[e088 s0050/1030] loss = 0.000647
[e088 s0100/1030] loss = 0.000738
[e088 s0150/1030] loss = 0.000735
[e088 s0200/1030] loss = 0.000662
[e088 s0250/1030] loss = 0.000765
[e088 s0300/1030] loss = 0.000911
[e088 s0350/1030] loss = 0.000965
[e088 s0400/1030] loss = 0.000940
[e088 s0450/1030] loss = 0.000931
[e088 s0500/1030] loss = 0.000938
[e088 s0550/1030] loss = 0.000924
[e088 s0600/1030] loss = 0.000930
[e088 s0650/1030] loss = 0.000946
[e088 s0700/1030] loss = 0.000925
[e088 s0750/1030] loss = 0.000890
[e088 s0800/1030] loss = 0.000907
[e088 s0850/1030] loss = 0.000879
[e088 s0900/1030] loss = 0.000884
[e088 s0950/1030] loss = 0.000894
[e088 s1000/1030] loss = 0.000882
Epoch 088: train_loss = 0.000875  MAE = 42.025  RMSE = 69.966  GAME1 = 44.573  GAME2 = 47.206  GAME3 = 49.345  lr = 1.00e-05  time = 18.2s
[e089 s0001/1030] loss = 0.000469
[e089 s0050/1030] loss = 0.000516
[e089 s0100/1030] loss = 0.000529
[e089 s0150/1030] loss = 0.000647
[e089 s0200/1030] loss = 0.001031
[e089 s0250/1030] loss = 0.001053
[e089 s0300/1030] loss = 0.001071
[e089 s0350/1030] loss = 0.001037
[e089 s0400/1030] loss = 0.000997
[e089 s0450/1030] loss = 0.000978
[e089 s0500/1030] loss = 0.000943
[e089 s0550/1030] loss = 0.000909
[e089 s0600/1030] loss = 0.000901
[e089 s0650/1030] loss = 0.000892
[e089 s0700/1030] loss = 0.000909
[e089 s0750/1030] loss = 0.000903
[e089 s0800/1030] loss = 0.000982
[e089 s0850/1030] loss = 0.000970
[e089 s0900/1030] loss = 0.000967
[e089 s0950/1030] loss = 0.000961
[e089 s1000/1030] loss = 0.000957
Epoch 089: train_loss = 0.000998  MAE = 29.589  RMSE = 56.890  GAME1 = 37.556  GAME2 = 44.366  GAME3 = 48.946  lr = 1.00e-05  time = 17.9s
[e090 s0001/1030] loss = 0.000166
[e090 s0050/1030] loss = 0.000838
[e090 s0100/1030] loss = 0.000771
[e090 s0150/1030] loss = 0.000865
[e090 s0200/1030] loss = 0.000749
[e090 s0250/1030] loss = 0.000683
[e090 s0300/1030] loss = 0.000663
[e090 s0350/1030] loss = 0.000663
[e090 s0400/1030] loss = 0.000716
[e090 s0450/1030] loss = 0.000783
[e090 s0500/1030] loss = 0.000781
[e090 s0550/1030] loss = 0.000798
[e090 s0600/1030] loss = 0.000784
[e090 s0650/1030] loss = 0.000795
[e090 s0700/1030] loss = 0.000817
[e090 s0750/1030] loss = 0.000819
[e090 s0800/1030] loss = 0.000800
[e090 s0850/1030] loss = 0.000806
[e090 s0900/1030] loss = 0.000806
[e090 s0950/1030] loss = 0.000807
[e090 s1000/1030] loss = 0.000816
Epoch 090: train_loss = 0.000809  MAE = 46.589  RMSE = 71.156  GAME1 = 49.546  GAME2 = 53.377  GAME3 = 55.178  lr = 1.00e-05  time = 18.1s
[e091 s0001/1030] loss = 0.000001
[e091 s0050/1030] loss = 0.000904
[e091 s0100/1030] loss = 0.000832
[e091 s0150/1030] loss = 0.000853
[e091 s0200/1030] loss = 0.000940
[e091 s0250/1030] loss = 0.000914
[e091 s0300/1030] loss = 0.000934
[e091 s0350/1030] loss = 0.000896
[e091 s0400/1030] loss = 0.000874
[e091 s0450/1030] loss = 0.000865
[e091 s0500/1030] loss = 0.000868
[e091 s0550/1030] loss = 0.000916
[e091 s0600/1030] loss = 0.001217
[e091 s0650/1030] loss = 0.001178
[e091 s0700/1030] loss = 0.001126
[e091 s0750/1030] loss = 0.001082
[e091 s0800/1030] loss = 0.001063
[e091 s0850/1030] loss = 0.001037
[e091 s0900/1030] loss = 0.001123
[e091 s0950/1030] loss = 0.001100
[e091 s1000/1030] loss = 0.001082
Epoch 091: train_loss = 0.001076  MAE = 44.307  RMSE = 70.446  GAME1 = 47.815  GAME2 = 51.895  GAME3 = 54.231  lr = 1.00e-05  time = 17.9s
[e092 s0001/1030] loss = 0.000426
[e092 s0050/1030] loss = 0.000612
[e092 s0100/1030] loss = 0.000637
[e092 s0150/1030] loss = 0.000742
[e092 s0200/1030] loss = 0.000824
[e092 s0250/1030] loss = 0.000837
[e092 s0300/1030] loss = 0.000784
[e092 s0350/1030] loss = 0.000758
[e092 s0400/1030] loss = 0.000747
[e092 s0450/1030] loss = 0.000780
[e092 s0500/1030] loss = 0.000886
[e092 s0550/1030] loss = 0.000874
[e092 s0600/1030] loss = 0.000878
[e092 s0650/1030] loss = 0.000939
[e092 s0700/1030] loss = 0.000903
[e092 s0750/1030] loss = 0.000936
[e092 s0800/1030] loss = 0.000926
[e092 s0850/1030] loss = 0.000913
[e092 s0900/1030] loss = 0.000897
[e092 s0950/1030] loss = 0.000878
[e092 s1000/1030] loss = 0.000869
Epoch 092: train_loss = 0.000855  MAE = 42.744  RMSE = 69.278  GAME1 = 46.791  GAME2 = 51.169  GAME3 = 53.630  lr = 1.00e-05  time = 18.0s
[e093 s0001/1030] loss = 0.001103
[e093 s0050/1030] loss = 0.000782
[e093 s0100/1030] loss = 0.001367
[e093 s0150/1030] loss = 0.001117
[e093 s0200/1030] loss = 0.001195
[e093 s0250/1030] loss = 0.001074
[e093 s0300/1030] loss = 0.001293
[e093 s0350/1030] loss = 0.001197
[e093 s0400/1030] loss = 0.001209
[e093 s0450/1030] loss = 0.001201
[e093 s0500/1030] loss = 0.001138
[e093 s0550/1030] loss = 0.001088
[e093 s0600/1030] loss = 0.001057
[e093 s0650/1030] loss = 0.001043
[e093 s0700/1030] loss = 0.001027
[e093 s0750/1030] loss = 0.001038
[e093 s0800/1030] loss = 0.001014
[e093 s0850/1030] loss = 0.001017
[e093 s0900/1030] loss = 0.000991
[e093 s0950/1030] loss = 0.000974
[e093 s1000/1030] loss = 0.000947
Epoch 093: train_loss = 0.000945  MAE = 34.940  RMSE = 64.472  GAME1 = 42.775  GAME2 = 49.386  GAME3 = 53.759  lr = 1.00e-05  time = 17.9s
[e094 s0001/1030] loss = 0.000937
[e094 s0050/1030] loss = 0.000534
[e094 s0100/1030] loss = 0.000550
[e094 s0150/1030] loss = 0.000614
[e094 s0200/1030] loss = 0.000576
[e094 s0250/1030] loss = 0.000533
[e094 s0300/1030] loss = 0.000610
[e094 s0350/1030] loss = 0.000634
[e094 s0400/1030] loss = 0.000695
[e094 s0450/1030] loss = 0.000714
[e094 s0500/1030] loss = 0.000723
[e094 s0550/1030] loss = 0.000716
[e094 s0600/1030] loss = 0.000727
[e094 s0650/1030] loss = 0.000751
[e094 s0700/1030] loss = 0.000751
[e094 s0750/1030] loss = 0.000750
[e094 s0800/1030] loss = 0.000743
[e094 s0850/1030] loss = 0.000769
[e094 s0900/1030] loss = 0.000794
[e094 s0950/1030] loss = 0.000803
[e094 s1000/1030] loss = 0.000806
Epoch 094: train_loss = 0.000798  MAE = 34.087  RMSE = 62.141  GAME1 = 39.998  GAME2 = 45.112  GAME3 = 48.842  lr = 1.00e-05  time = 18.1s
[e095 s0001/1030] loss = 0.000419
[e095 s0050/1030] loss = 0.001036
[e095 s0100/1030] loss = 0.000980
[e095 s0150/1030] loss = 0.000947
[e095 s0200/1030] loss = 0.000850
[e095 s0250/1030] loss = 0.000746
[e095 s0300/1030] loss = 0.001112
[e095 s0350/1030] loss = 0.001051
[e095 s0400/1030] loss = 0.001028
[e095 s0450/1030] loss = 0.001008
[e095 s0500/1030] loss = 0.001175
[e095 s0550/1030] loss = 0.001160
[e095 s0600/1030] loss = 0.001123
[e095 s0650/1030] loss = 0.001116
[e095 s0700/1030] loss = 0.001080
[e095 s0750/1030] loss = 0.001050
[e095 s0800/1030] loss = 0.001021
[e095 s0850/1030] loss = 0.000994
[e095 s0900/1030] loss = 0.000980
[e095 s0950/1030] loss = 0.000978
[e095 s1000/1030] loss = 0.001006
Epoch 095: train_loss = 0.000991  MAE = 45.942  RMSE = 72.185  GAME1 = 51.612  GAME2 = 57.472  GAME3 = 60.547  lr = 1.00e-05  time = 17.9s
[e096 s0001/1030] loss = 0.000097
[e096 s0050/1030] loss = 0.000554
[e096 s0100/1030] loss = 0.000558
[e096 s0150/1030] loss = 0.000726
[e096 s0200/1030] loss = 0.000700
[e096 s0250/1030] loss = 0.000682
[e096 s0300/1030] loss = 0.000653
[e096 s0350/1030] loss = 0.001212
[e096 s0400/1030] loss = 0.001164
[e096 s0450/1030] loss = 0.001104
[e096 s0500/1030] loss = 0.001086
[e096 s0550/1030] loss = 0.001076
[e096 s0600/1030] loss = 0.001031
[e096 s0650/1030] loss = 0.001008
[e096 s0700/1030] loss = 0.001000
[e096 s0750/1030] loss = 0.000992
[e096 s0800/1030] loss = 0.000982
[e096 s0850/1030] loss = 0.000964
[e096 s0900/1030] loss = 0.000954
[e096 s0950/1030] loss = 0.000936
[e096 s1000/1030] loss = 0.000920
Epoch 096: train_loss = 0.000948  MAE = 35.940  RMSE = 62.658  GAME1 = 39.422  GAME2 = 42.639  GAME3 = 45.310  lr = 1.00e-05  time = 18.2s
[e097 s0001/1030] loss = 0.000022
[e097 s0050/1030] loss = 0.000763
[e097 s0100/1030] loss = 0.000634
[e097 s0150/1030] loss = 0.000760
[e097 s0200/1030] loss = 0.000838
[e097 s0250/1030] loss = 0.000843
[e097 s0300/1030] loss = 0.000813
[e097 s0350/1030] loss = 0.000850
[e097 s0400/1030] loss = 0.000830
[e097 s0450/1030] loss = 0.000854
[e097 s0500/1030] loss = 0.000841
[e097 s0550/1030] loss = 0.000878
[e097 s0600/1030] loss = 0.000873
[e097 s0650/1030] loss = 0.000856
[e097 s0700/1030] loss = 0.000858
[e097 s0750/1030] loss = 0.000859
[e097 s0800/1030] loss = 0.000980
[e097 s0850/1030] loss = 0.000982
[e097 s0900/1030] loss = 0.000977
[e097 s0950/1030] loss = 0.000959
[e097 s1000/1030] loss = 0.000968
Epoch 097: train_loss = 0.000963  MAE = 42.095  RMSE = 69.973  GAME1 = 48.951  GAME2 = 55.560  GAME3 = 59.302  lr = 1.00e-05  time = 18.1s
[e098 s0001/1030] loss = 0.002431
[e098 s0050/1030] loss = 0.000464
[e098 s0100/1030] loss = 0.000606
[e098 s0150/1030] loss = 0.000594
[e098 s0200/1030] loss = 0.000628
[e098 s0250/1030] loss = 0.000599
[e098 s0300/1030] loss = 0.000747
[e098 s0350/1030] loss = 0.000878
[e098 s0400/1030] loss = 0.000851
[e098 s0450/1030] loss = 0.000832
[e098 s0500/1030] loss = 0.000905
[e098 s0550/1030] loss = 0.000923
[e098 s0600/1030] loss = 0.000897
[e098 s0650/1030] loss = 0.000875
[e098 s0700/1030] loss = 0.000835
[e098 s0750/1030] loss = 0.000835
[e098 s0800/1030] loss = 0.000885
[e098 s0850/1030] loss = 0.000886
[e098 s0900/1030] loss = 0.000866
[e098 s0950/1030] loss = 0.000863
[e098 s1000/1030] loss = 0.000859
Epoch 098: train_loss = 0.000857  MAE = 47.519  RMSE = 70.825  GAME1 = 49.907  GAME2 = 52.998  GAME3 = 54.673  lr = 1.00e-05  time = 17.9s
[e099 s0001/1030] loss = 0.001767
[e099 s0050/1030] loss = 0.001465
[e099 s0100/1030] loss = 0.001048
[e099 s0150/1030] loss = 0.000961
[e099 s0200/1030] loss = 0.000888
[e099 s0250/1030] loss = 0.000876
[e099 s0300/1030] loss = 0.000844
[e099 s0350/1030] loss = 0.000809
[e099 s0400/1030] loss = 0.000770
[e099 s0450/1030] loss = 0.000784
[e099 s0500/1030] loss = 0.000867
[e099 s0550/1030] loss = 0.000942
[e099 s0600/1030] loss = 0.000945
[e099 s0650/1030] loss = 0.000926
[e099 s0700/1030] loss = 0.000943
[e099 s0750/1030] loss = 0.000943
[e099 s0800/1030] loss = 0.000960
[e099 s0850/1030] loss = 0.000938
[e099 s0900/1030] loss = 0.000927
[e099 s0950/1030] loss = 0.000934
[e099 s1000/1030] loss = 0.000918
Epoch 099: train_loss = 0.000921  MAE = 40.030  RMSE = 66.050  GAME1 = 43.914  GAME2 = 48.194  GAME3 = 50.941  lr = 1.00e-05  time = 17.9s
[e100 s0001/1030] loss = 0.001062
[e100 s0050/1030] loss = 0.000697
[e100 s0100/1030] loss = 0.000585
[e100 s0150/1030] loss = 0.000654
[e100 s0200/1030] loss = 0.000725
[e100 s0250/1030] loss = 0.000666
[e100 s0300/1030] loss = 0.000757
[e100 s0350/1030] loss = 0.000750
[e100 s0400/1030] loss = 0.000762
[e100 s0450/1030] loss = 0.000732
[e100 s0500/1030] loss = 0.000799
[e100 s0550/1030] loss = 0.000796
[e100 s0600/1030] loss = 0.000782
[e100 s0650/1030] loss = 0.000780
[e100 s0700/1030] loss = 0.000773
[e100 s0750/1030] loss = 0.000781
[e100 s0800/1030] loss = 0.000879
[e100 s0850/1030] loss = 0.000872
[e100 s0900/1030] loss = 0.000866
[e100 s0950/1030] loss = 0.000857
[e100 s1000/1030] loss = 0.000853
Epoch 100: train_loss = 0.000853  MAE = 50.521  RMSE = 73.288  GAME1 = 51.256  GAME2 = 52.447  GAME3 = 53.207  lr = 1.00e-05  time = 17.7s
[done] best_mae = 26.851  best_path = /scratch/users/ntu/kenneth0/FYP-SmartObjectCounter/outputs/rgbt_late_e100/12751140.pbs101_20260117_173740/best.pth
