[log] /scratch/users/ntu/kenneth0/FYP-SmartObjectCounter/logs/train_rgbt_early_e100_sanity_12839451.pbs101_20260206_162350.log
[job] name=train_rgbt_early_e100_sanity id=12839451.pbs101 host=x1000c2s7b0n0 time=Fri Feb  6 16:23:50 +08 2026
torch 2.6.0+cu118 cuda True
[init] device = cuda
[init] train = 1030  val = 200  workers = 4
/scratch/users/ntu/kenneth0/FYP-SmartObjectCounter/scripts/train_rgbt.py:383: FutureWarning: `torch.cuda.amp.GradScaler(args...)` is deprecated. Please use `torch.amp.GradScaler('cuda', args...)` instead.
  scaler = GradScaler(enabled = bool(args.amp))
[e001 s0001/1030] loss = 5053139.000000
[e001 s0050/1030] loss = 268750.898607
[e001 s0100/1030] loss = 135084.180537
[e001 s0150/1030] loss = 90404.192644
[e001 s0200/1030] loss = 67999.197347
[e001 s0250/1030] loss = 54501.790364
[e001 s0300/1030] loss = 45485.654838
[e001 s0350/1030] loss = 39036.316738
[e001 s0400/1030] loss = 34187.782040
[e001 s0450/1030] loss = 30416.245320
[e001 s0500/1030] loss = 27391.652474
[e001 s0550/1030] loss = 24913.006870
[e001 s0600/1030] loss = 22846.471252
[e001 s0650/1030] loss = 21098.013506
[e001 s0700/1030] loss = 19596.957029
[e001 s0750/1030] loss = 18296.118755
[e001 s0800/1030] loss = 17157.007236
[e001 s0850/1030] loss = 16151.456863
[e001 s0900/1030] loss = 15256.896990
[e001 s0950/1030] loss = 14456.231911
[e001 s1000/1030] loss = 13735.428444
Epoch 001: train_loss = 13336.659609  MAE/GAME0 = 18.115  RMSE = 38.062  GAME1 = 23.119  GAME2 = 29.360  GAME3 = 31.558  lr = 1.00e-05  time = 34.1s
[e002 s0001/1030] loss = 9.801011
[e002 s0050/1030] loss = 40.123185
[e002 s0100/1030] loss = 35.013485
[e002 s0150/1030] loss = 33.732083
[e002 s0200/1030] loss = 30.327483
[e002 s0250/1030] loss = 28.225418
[e002 s0300/1030] loss = 28.437231
[e002 s0350/1030] loss = 26.823230
[e002 s0400/1030] loss = 26.402977
[e002 s0450/1030] loss = 25.442826
[e002 s0500/1030] loss = 24.675610
[e002 s0550/1030] loss = 23.589806
[e002 s0600/1030] loss = 22.705048
[e002 s0650/1030] loss = 22.166422
[e002 s0700/1030] loss = 21.384392
[e002 s0750/1030] loss = 20.848669
[e002 s0800/1030] loss = 20.298740
[e002 s0850/1030] loss = 19.592408
[e002 s0900/1030] loss = 18.894145
[e002 s0950/1030] loss = 18.415819
[e002 s1000/1030] loss = 17.944621
Epoch 002: train_loss = 17.782168  MAE/GAME0 = 21.294  RMSE = 40.729  GAME1 = 22.713  GAME2 = 24.347  GAME3 = 25.139  lr = 1.00e-05  time = 7.6s
[e003 s0001/1030] loss = 8.775894
[e003 s0050/1030] loss = 7.596472
[e003 s0100/1030] loss = 6.449917
[e003 s0150/1030] loss = 6.449499
[e003 s0200/1030] loss = 9.133257
[e003 s0250/1030] loss = 8.361522
[e003 s0300/1030] loss = 9.284538
[e003 s0350/1030] loss = 8.594242
[e003 s0400/1030] loss = 8.936619
[e003 s0450/1030] loss = 8.532672
[e003 s0500/1030] loss = 8.301658
[e003 s0550/1030] loss = 8.613913
[e003 s0600/1030] loss = 8.262268
[e003 s0650/1030] loss = 8.501957
[e003 s0700/1030] loss = 8.244277
[e003 s0750/1030] loss = 7.993577
[e003 s0800/1030] loss = 7.845889
[e003 s0850/1030] loss = 7.692510
[e003 s0900/1030] loss = 7.666234
[e003 s0950/1030] loss = 7.542284
[e003 s1000/1030] loss = 7.418855
Epoch 003: train_loss = 7.351148  MAE/GAME0 = 22.332  RMSE = 41.510  GAME1 = 22.928  GAME2 = 23.723  GAME3 = 24.029  lr = 1.00e-05  time = 7.5s
[e004 s0001/1030] loss = 2.301654
[e004 s0050/1030] loss = 4.030328
[e004 s0100/1030] loss = 3.839748
[e004 s0150/1030] loss = 4.285064
[e004 s0200/1030] loss = 4.461004
[e004 s0250/1030] loss = 4.032527
[e004 s0300/1030] loss = 4.097986
[e004 s0350/1030] loss = 4.386858
[e004 s0400/1030] loss = 4.421113
[e004 s0450/1030] loss = 4.539314
[e004 s0500/1030] loss = 4.365355
[e004 s0550/1030] loss = 4.257339
[e004 s0600/1030] loss = 4.306188
[e004 s0650/1030] loss = 4.380244
[e004 s0700/1030] loss = 4.220144
[e004 s0750/1030] loss = 4.210428
[e004 s0800/1030] loss = 4.276528
[e004 s0850/1030] loss = 4.411302
[e004 s0900/1030] loss = 4.365743
[e004 s0950/1030] loss = 4.608280
[e004 s1000/1030] loss = 4.633220
Epoch 004: train_loss = 4.746821  MAE/GAME0 = 22.733  RMSE = 41.832  GAME1 = 23.052  GAME2 = 23.527  GAME3 = 23.683  lr = 1.00e-05  time = 7.4s
[e005 s0001/1030] loss = 0.221116
[e005 s0050/1030] loss = 2.763174
[e005 s0100/1030] loss = 2.862481
[e005 s0150/1030] loss = 3.497036
[e005 s0200/1030] loss = 3.413795
[e005 s0250/1030] loss = 3.973201
[e005 s0300/1030] loss = 3.720752
[e005 s0350/1030] loss = 3.518480
[e005 s0400/1030] loss = 4.152114
[e005 s0450/1030] loss = 4.032325
[e005 s0500/1030] loss = 3.932956
[e005 s0550/1030] loss = 3.922362
[e005 s0600/1030] loss = 3.747213
[e005 s0650/1030] loss = 3.955130
[e005 s0700/1030] loss = 3.928854
[e005 s0750/1030] loss = 3.878381
[e005 s0800/1030] loss = 3.729547
[e005 s0850/1030] loss = 3.687729
[e005 s0900/1030] loss = 3.630763
[e005 s0950/1030] loss = 3.544087
[e005 s1000/1030] loss = 3.691237
Epoch 005: train_loss = 3.638224  MAE/GAME0 = 22.984  RMSE = 42.031  GAME1 = 23.143  GAME2 = 23.388  GAME3 = 23.466  lr = 1.00e-05  time = 7.7s
[e006 s0001/1030] loss = 0.138137
[e006 s0050/1030] loss = 4.587950
[e006 s0100/1030] loss = 3.908121
[e006 s0150/1030] loss = 3.528975
[e006 s0200/1030] loss = 3.390724
[e006 s0250/1030] loss = 3.096311
[e006 s0300/1030] loss = 2.981061
[e006 s0350/1030] loss = 2.914020
[e006 s0400/1030] loss = 4.048327
[e006 s0450/1030] loss = 3.889685
[e006 s0500/1030] loss = 3.776291
[e006 s0550/1030] loss = 3.695513
[e006 s0600/1030] loss = 3.566763
[e006 s0650/1030] loss = 3.959040
[e006 s0700/1030] loss = 3.956761
[e006 s0750/1030] loss = 4.035151
[e006 s0800/1030] loss = 4.092006
[e006 s0850/1030] loss = 3.972052
[e006 s0900/1030] loss = 3.939139
[e006 s0950/1030] loss = 4.066377
[e006 s1000/1030] loss = 4.068685
Epoch 006: train_loss = 4.067014  MAE/GAME0 = 23.088  RMSE = 42.108  GAME1 = 23.180  GAME2 = 23.319  GAME3 = 23.381  lr = 1.00e-05  time = 7.7s
[e007 s0001/1030] loss = 9.007334
[e007 s0050/1030] loss = 3.888475
[e007 s0100/1030] loss = 3.734610
[e007 s0150/1030] loss = 3.295374
[e007 s0200/1030] loss = 3.162991
[e007 s0250/1030] loss = 3.367441
[e007 s0300/1030] loss = 3.331917
[e007 s0350/1030] loss = 4.021106
[e007 s0400/1030] loss = 4.490004
[e007 s0450/1030] loss = 4.707078
[e007 s0500/1030] loss = 4.503013
[e007 s0550/1030] loss = 4.441242
[e007 s0600/1030] loss = 4.263236
[e007 s0650/1030] loss = 4.121635
[e007 s0700/1030] loss = 3.970791
[e007 s0750/1030] loss = 3.860485
[e007 s0800/1030] loss = 3.750675
[e007 s0850/1030] loss = 3.698664
[e007 s0900/1030] loss = 3.686743
[e007 s0950/1030] loss = 3.713154
[e007 s1000/1030] loss = 3.683464
Epoch 007: train_loss = 3.656710  MAE/GAME0 = 23.153  RMSE = 42.158  GAME1 = 23.215  GAME2 = 23.291  GAME3 = 23.328  lr = 1.00e-05  time = 7.7s
[e008 s0001/1030] loss = 6.369102
[e008 s0050/1030] loss = 2.083143
[e008 s0100/1030] loss = 2.960320
[e008 s0150/1030] loss = 3.466508
[e008 s0200/1030] loss = 3.363192
[e008 s0250/1030] loss = 3.287146
[e008 s0300/1030] loss = 3.274033
[e008 s0350/1030] loss = 3.141455
[e008 s0400/1030] loss = 3.116213
[e008 s0450/1030] loss = 3.693495
[e008 s0500/1030] loss = 3.543995
[e008 s0550/1030] loss = 3.454831
[e008 s0600/1030] loss = 3.461677
[e008 s0650/1030] loss = 3.596110
[e008 s0700/1030] loss = 3.696320
[e008 s0750/1030] loss = 3.594973
[e008 s0800/1030] loss = 3.547208
[e008 s0850/1030] loss = 3.451719
[e008 s0900/1030] loss = 3.452863
[e008 s0950/1030] loss = 3.403366
[e008 s1000/1030] loss = 3.301654
Epoch 008: train_loss = 3.315244  MAE/GAME0 = 23.202  RMSE = 42.206  GAME1 = 23.230  GAME2 = 23.268  GAME3 = 23.282  lr = 1.00e-05  time = 7.7s
[e009 s0001/1030] loss = 1.601189
[e009 s0050/1030] loss = 4.105151
[e009 s0100/1030] loss = 4.908105
[e009 s0150/1030] loss = 5.125462
[e009 s0200/1030] loss = 5.455686
[e009 s0250/1030] loss = 4.576277
[e009 s0300/1030] loss = 4.358734
[e009 s0350/1030] loss = 3.993006
[e009 s0400/1030] loss = 3.930662
[e009 s0450/1030] loss = 3.826138
[e009 s0500/1030] loss = 3.708715
[e009 s0550/1030] loss = 3.639230
[e009 s0600/1030] loss = 3.516955
[e009 s0650/1030] loss = 3.373625
[e009 s0700/1030] loss = 3.259661
[e009 s0750/1030] loss = 3.276315
[e009 s0800/1030] loss = 3.193597
[e009 s0850/1030] loss = 3.210387
[e009 s0900/1030] loss = 3.150772
[e009 s0950/1030] loss = 3.084064
[e009 s1000/1030] loss = 3.086758
Epoch 009: train_loss = 3.122080  MAE/GAME0 = 23.220  RMSE = 42.223  GAME1 = 23.240  GAME2 = 23.262  GAME3 = 23.268  lr = 1.00e-05  time = 7.6s
[e010 s0001/1030] loss = 0.387726
[e010 s0050/1030] loss = 3.738924
[e010 s0100/1030] loss = 3.198203
[e010 s0150/1030] loss = 3.539208
[e010 s0200/1030] loss = 3.199988
[e010 s0250/1030] loss = 3.717672
[e010 s0300/1030] loss = 3.545875
[e010 s0350/1030] loss = 3.370084
[e010 s0400/1030] loss = 3.416970
[e010 s0450/1030] loss = 3.840999
[e010 s0500/1030] loss = 3.696637
[e010 s0550/1030] loss = 3.554848
[e010 s0600/1030] loss = 3.436126
[e010 s0650/1030] loss = 3.466439
[e010 s0700/1030] loss = 3.425969
[e010 s0750/1030] loss = 3.288527
[e010 s0800/1030] loss = 3.254844
[e010 s0850/1030] loss = 3.242148
[e010 s0900/1030] loss = 3.274985
[e010 s0950/1030] loss = 3.356803
[e010 s1000/1030] loss = 3.286006
Epoch 010: train_loss = 3.284560  MAE/GAME0 = 23.227  RMSE = 42.229  GAME1 = 23.241  GAME2 = 23.258  GAME3 = 23.262  lr = 1.00e-05  time = 7.7s
[e011 s0001/1030] loss = 0.968852
[e011 s0050/1030] loss = 2.113546
[e011 s0100/1030] loss = 3.002220
[e011 s0150/1030] loss = 3.086945
[e011 s0200/1030] loss = 3.691081
[e011 s0250/1030] loss = 3.196595
[e011 s0300/1030] loss = 2.945614
[e011 s0350/1030] loss = 2.911060
[e011 s0400/1030] loss = 3.044785
[e011 s0450/1030] loss = 2.886589
[e011 s0500/1030] loss = 2.837268
[e011 s0550/1030] loss = 2.844233
[e011 s0600/1030] loss = 2.741397
[e011 s0650/1030] loss = 2.781656
[e011 s0700/1030] loss = 2.810274
[e011 s0750/1030] loss = 2.809588
[e011 s0800/1030] loss = 2.802456
[e011 s0850/1030] loss = 2.798295
[e011 s0900/1030] loss = 3.002281
[e011 s0950/1030] loss = 3.440094
[e011 s1000/1030] loss = 3.376273
Epoch 011: train_loss = 3.332033  MAE/GAME0 = 23.230  RMSE = 42.233  GAME1 = 23.242  GAME2 = 23.256  GAME3 = 23.259  lr = 1.00e-05  time = 7.7s
[e012 s0001/1030] loss = 0.000001
[e012 s0050/1030] loss = 1.639115
[e012 s0100/1030] loss = 1.847256
[e012 s0150/1030] loss = 2.585621
[e012 s0200/1030] loss = 2.564099
[e012 s0250/1030] loss = 2.852607
[e012 s0300/1030] loss = 2.797850
[e012 s0350/1030] loss = 2.737486
[e012 s0400/1030] loss = 2.620791
[e012 s0450/1030] loss = 2.776348
[e012 s0500/1030] loss = 2.696295
[e012 s0550/1030] loss = 2.880733
[e012 s0600/1030] loss = 2.991999
[e012 s0650/1030] loss = 3.316903
[e012 s0700/1030] loss = 3.425656
[e012 s0750/1030] loss = 3.354526
[e012 s0800/1030] loss = 3.340137
[e012 s0850/1030] loss = 3.447764
[e012 s0900/1030] loss = 3.381638
[e012 s0950/1030] loss = 3.332701
[e012 s1000/1030] loss = 3.348045
Epoch 012: train_loss = 3.346290  MAE/GAME0 = 23.236  RMSE = 42.238  GAME1 = 23.245  GAME2 = 23.253  GAME3 = 23.254  lr = 1.00e-05  time = 7.9s
[e013 s0001/1030] loss = 11.328782
[e013 s0050/1030] loss = 3.997591
[e013 s0100/1030] loss = 2.656223
[e013 s0150/1030] loss = 2.272424
[e013 s0200/1030] loss = 2.266433
[e013 s0250/1030] loss = 2.771985
[e013 s0300/1030] loss = 2.918522
[e013 s0350/1030] loss = 3.007189
[e013 s0400/1030] loss = 2.922174
[e013 s0450/1030] loss = 2.842195
[e013 s0500/1030] loss = 2.802524
[e013 s0550/1030] loss = 2.738212
[e013 s0600/1030] loss = 2.701174
[e013 s0650/1030] loss = 3.045681
[e013 s0700/1030] loss = 3.012876
[e013 s0750/1030] loss = 2.966195
[e013 s0800/1030] loss = 2.921760
[e013 s0850/1030] loss = 2.906580
[e013 s0900/1030] loss = 2.960088
[e013 s0950/1030] loss = 2.998570
[e013 s1000/1030] loss = 2.929752
Epoch 013: train_loss = 3.179954  MAE/GAME0 = 23.238  RMSE = 42.240  GAME1 = 23.244  GAME2 = 23.251  GAME3 = 23.252  lr = 1.00e-05  time = 7.6s
[e014 s0001/1030] loss = 0.694107
[e014 s0050/1030] loss = 1.658818
[e014 s0100/1030] loss = 2.275074
[e014 s0150/1030] loss = 2.452488
[e014 s0200/1030] loss = 2.084138
[e014 s0250/1030] loss = 2.066842
[e014 s0300/1030] loss = 2.089176
[e014 s0350/1030] loss = 2.681415
[e014 s0400/1030] loss = 3.190361
[e014 s0450/1030] loss = 3.119483
[e014 s0500/1030] loss = 3.007070
[e014 s0550/1030] loss = 3.238650
[e014 s0600/1030] loss = 3.431975
[e014 s0650/1030] loss = 3.403540
[e014 s0700/1030] loss = 3.404229
[e014 s0750/1030] loss = 3.387082
[e014 s0800/1030] loss = 3.505130
[e014 s0850/1030] loss = 3.408259
[e014 s0900/1030] loss = 3.318766
[e014 s0950/1030] loss = 3.554160
[e014 s1000/1030] loss = 3.538909
Epoch 014: train_loss = 3.581981  MAE/GAME0 = 23.238  RMSE = 42.240  GAME1 = 23.244  GAME2 = 23.251  GAME3 = 23.252  lr = 1.00e-05  time = 7.7s
[e015 s0001/1030] loss = 0.041644
[e015 s0050/1030] loss = 2.401361
[e015 s0100/1030] loss = 4.127437
[e015 s0150/1030] loss = 3.789609
[e015 s0200/1030] loss = 3.552327
[e015 s0250/1030] loss = 3.509229
[e015 s0300/1030] loss = 3.258366
[e015 s0350/1030] loss = 3.325532
[e015 s0400/1030] loss = 3.223728
[e015 s0450/1030] loss = 3.169933
[e015 s0500/1030] loss = 3.216374
[e015 s0550/1030] loss = 3.301233
[e015 s0600/1030] loss = 3.207184
[e015 s0650/1030] loss = 3.125171
[e015 s0700/1030] loss = 3.158568
[e015 s0750/1030] loss = 3.217249
[e015 s0800/1030] loss = 3.190295
[e015 s0850/1030] loss = 3.402671
[e015 s0900/1030] loss = 3.459892
[e015 s0950/1030] loss = 3.493787
[e015 s1000/1030] loss = 3.420966
Epoch 015: train_loss = 3.438158  MAE/GAME0 = 23.239  RMSE = 42.241  GAME1 = 23.244  GAME2 = 23.250  GAME3 = 23.251  lr = 1.00e-05  time = 7.8s
[e016 s0001/1030] loss = 0.186778
[e016 s0050/1030] loss = 2.083921
[e016 s0100/1030] loss = 1.977041
[e016 s0150/1030] loss = 3.235040
[e016 s0200/1030] loss = 3.931669
[e016 s0250/1030] loss = 3.740216
[e016 s0300/1030] loss = 3.490011
[e016 s0350/1030] loss = 3.786244
[e016 s0400/1030] loss = 3.838649
[e016 s0450/1030] loss = 3.839315
[e016 s0500/1030] loss = 3.778163
[e016 s0550/1030] loss = 3.709600
[e016 s0600/1030] loss = 3.597178
[e016 s0650/1030] loss = 3.448312
[e016 s0700/1030] loss = 3.537525
[e016 s0750/1030] loss = 3.485632
[e016 s0800/1030] loss = 3.362128
[e016 s0850/1030] loss = 3.300847
[e016 s0900/1030] loss = 3.269084
[e016 s0950/1030] loss = 3.320077
[e016 s1000/1030] loss = 3.270241
Epoch 016: train_loss = 3.226359  MAE/GAME0 = 23.241  RMSE = 42.243  GAME1 = 23.244  GAME2 = 23.248  GAME3 = 23.249  lr = 1.00e-05  time = 7.8s
[e017 s0001/1030] loss = 4.015625
[e017 s0050/1030] loss = 2.690215
[e017 s0100/1030] loss = 3.192957
[e017 s0150/1030] loss = 3.665336
[e017 s0200/1030] loss = 3.156925
[e017 s0250/1030] loss = 2.894866
[e017 s0300/1030] loss = 2.901661
[e017 s0350/1030] loss = 2.826066
[e017 s0400/1030] loss = 2.858951
[e017 s0450/1030] loss = 2.902126
[e017 s0500/1030] loss = 3.232676
[e017 s0550/1030] loss = 3.139751
[e017 s0600/1030] loss = 3.070186
[e017 s0650/1030] loss = 3.046522
[e017 s0700/1030] loss = 2.990661
[e017 s0750/1030] loss = 2.998731
[e017 s0800/1030] loss = 3.038845
[e017 s0850/1030] loss = 2.974412
[e017 s0900/1030] loss = 3.155134
[e017 s0950/1030] loss = 3.126458
[e017 s1000/1030] loss = 3.105387
Epoch 017: train_loss = 3.053131  MAE/GAME0 = 23.243  RMSE = 42.245  GAME1 = 23.244  GAME2 = 23.246  GAME3 = 23.247  lr = 1.00e-05  time = 7.6s
[e018 s0001/1030] loss = 0.049631
[e018 s0050/1030] loss = 3.051467
[e018 s0100/1030] loss = 3.320014
[e018 s0150/1030] loss = 2.986076
[e018 s0200/1030] loss = 3.100404
[e018 s0250/1030] loss = 3.139137
[e018 s0300/1030] loss = 3.818314
[e018 s0350/1030] loss = 3.576251
[e018 s0400/1030] loss = 3.423794
[e018 s0450/1030] loss = 3.383293
[e018 s0500/1030] loss = 3.316880
[e018 s0550/1030] loss = 3.382490
[e018 s0600/1030] loss = 3.257830
[e018 s0650/1030] loss = 3.192247
[e018 s0700/1030] loss = 3.251555
[e018 s0750/1030] loss = 3.116593
[e018 s0800/1030] loss = 3.083353
[e018 s0850/1030] loss = 3.061004
[e018 s0900/1030] loss = 2.983449
[e018 s0950/1030] loss = 2.954067
[e018 s1000/1030] loss = 3.020883
Epoch 018: train_loss = 3.258850  MAE/GAME0 = 23.244  RMSE = 42.246  GAME1 = 23.245  GAME2 = 23.246  GAME3 = 23.246  lr = 1.00e-05  time = 7.5s
[e019 s0001/1030] loss = 3.400593
[e019 s0050/1030] loss = 2.428568
[e019 s0100/1030] loss = 2.760573
[e019 s0150/1030] loss = 3.300561
[e019 s0200/1030] loss = 2.979963
[e019 s0250/1030] loss = 3.707235
[e019 s0300/1030] loss = 3.487766
[e019 s0350/1030] loss = 3.373936
[e019 s0400/1030] loss = 3.495398
[e019 s0450/1030] loss = 3.614837
[e019 s0500/1030] loss = 3.435817
[e019 s0550/1030] loss = 3.280175
[e019 s0600/1030] loss = 3.162878
[e019 s0650/1030] loss = 3.045803
[e019 s0700/1030] loss = 2.962173
[e019 s0750/1030] loss = 3.056868
[e019 s0800/1030] loss = 3.002253
[e019 s0850/1030] loss = 3.009673
[e019 s0900/1030] loss = 3.042483
[e019 s0950/1030] loss = 3.030301
[e019 s1000/1030] loss = 2.971789
Epoch 019: train_loss = 2.929674  MAE/GAME0 = 23.244  RMSE = 42.247  GAME1 = 23.245  GAME2 = 23.246  GAME3 = 23.246  lr = 1.00e-05  time = 7.7s
[e020 s0001/1030] loss = 2.201193
[e020 s0050/1030] loss = 2.962953
[e020 s0100/1030] loss = 3.415929
[e020 s0150/1030] loss = 3.047178
[e020 s0200/1030] loss = 2.793254
[e020 s0250/1030] loss = 3.501434
[e020 s0300/1030] loss = 3.284964
[e020 s0350/1030] loss = 3.444849
[e020 s0400/1030] loss = 3.372511
[e020 s0450/1030] loss = 3.443262
[e020 s0500/1030] loss = 3.228754
[e020 s0550/1030] loss = 3.497195
[e020 s0600/1030] loss = 3.463551
[e020 s0650/1030] loss = 3.421124
[e020 s0700/1030] loss = 3.300629
[e020 s0750/1030] loss = 3.298257
[e020 s0800/1030] loss = 3.290864
[e020 s0850/1030] loss = 3.242104
[e020 s0900/1030] loss = 3.179957
[e020 s0950/1030] loss = 3.120056
[e020 s1000/1030] loss = 3.100252
Epoch 020: train_loss = 3.178187  MAE/GAME0 = 23.244  RMSE = 42.247  GAME1 = 23.245  GAME2 = 23.246  GAME3 = 23.246  lr = 1.00e-05  time = 7.6s
[e021 s0001/1030] loss = 0.710309
[e021 s0050/1030] loss = 2.302954
[e021 s0100/1030] loss = 2.789051
[e021 s0150/1030] loss = 2.706050
[e021 s0200/1030] loss = 2.890021
[e021 s0250/1030] loss = 3.151854
[e021 s0300/1030] loss = 3.139806
[e021 s0350/1030] loss = 2.886315
[e021 s0400/1030] loss = 2.990407
[e021 s0450/1030] loss = 3.089502
[e021 s0500/1030] loss = 3.019529
[e021 s0550/1030] loss = 2.989938
[e021 s0600/1030] loss = 2.880975
[e021 s0650/1030] loss = 2.916435
[e021 s0700/1030] loss = 2.930883
[e021 s0750/1030] loss = 2.832602
[e021 s0800/1030] loss = 2.832903
[e021 s0850/1030] loss = 3.422202
[e021 s0900/1030] loss = 3.400373
[e021 s0950/1030] loss = 3.315930
[e021 s1000/1030] loss = 3.603913
Epoch 021: train_loss = 3.554260  MAE/GAME0 = 23.245  RMSE = 42.247  GAME1 = 23.245  GAME2 = 23.246  GAME3 = 23.246  lr = 1.00e-05  time = 7.7s
[e022 s0001/1030] loss = 6.069504
[e022 s0050/1030] loss = 1.353551
[e022 s0100/1030] loss = 1.769678
[e022 s0150/1030] loss = 2.184307
[e022 s0200/1030] loss = 2.560432
[e022 s0250/1030] loss = 2.641479
[e022 s0300/1030] loss = 2.758510
[e022 s0350/1030] loss = 3.330628
[e022 s0400/1030] loss = 3.482007
[e022 s0450/1030] loss = 3.456963
[e022 s0500/1030] loss = 3.787945
[e022 s0550/1030] loss = 3.806000
[e022 s0600/1030] loss = 3.972782
[e022 s0650/1030] loss = 3.805091
[e022 s0700/1030] loss = 3.700846
[e022 s0750/1030] loss = 3.561957
[e022 s0800/1030] loss = 3.482632
[e022 s0850/1030] loss = 3.418534
[e022 s0900/1030] loss = 3.371798
[e022 s0950/1030] loss = 3.293678
[e022 s1000/1030] loss = 3.263187
Epoch 022: train_loss = 3.226385  MAE/GAME0 = 23.245  RMSE = 42.247  GAME1 = 23.245  GAME2 = 23.246  GAME3 = 23.246  lr = 1.00e-05  time = 7.8s
[e023 s0001/1030] loss = 1.542037
[e023 s0050/1030] loss = 2.009571
[e023 s0100/1030] loss = 2.787337
[e023 s0150/1030] loss = 2.771588
[e023 s0200/1030] loss = 2.816363
[e023 s0250/1030] loss = 2.841725
[e023 s0300/1030] loss = 2.823676
[e023 s0350/1030] loss = 2.785699
[e023 s0400/1030] loss = 2.778468
[e023 s0450/1030] loss = 2.791158
[e023 s0500/1030] loss = 2.727790
[e023 s0550/1030] loss = 2.760115
[e023 s0600/1030] loss = 3.005731
[e023 s0650/1030] loss = 2.948987
[e023 s0700/1030] loss = 3.165499
[e023 s0750/1030] loss = 3.275787
[e023 s0800/1030] loss = 3.277587
[e023 s0850/1030] loss = 3.279159
[e023 s0900/1030] loss = 3.261273
[e023 s0950/1030] loss = 3.248408
[e023 s1000/1030] loss = 3.264402
Epoch 023: train_loss = 3.262621  MAE/GAME0 = 23.245  RMSE = 42.247  GAME1 = 23.245  GAME2 = 23.245  GAME3 = 23.246  lr = 1.00e-05  time = 7.7s
[e024 s0001/1030] loss = 3.766433
[e024 s0050/1030] loss = 3.431110
[e024 s0100/1030] loss = 3.407660
[e024 s0150/1030] loss = 3.064192
[e024 s0200/1030] loss = 2.983348
[e024 s0250/1030] loss = 2.862830
[e024 s0300/1030] loss = 3.238969
[e024 s0350/1030] loss = 3.105359
[e024 s0400/1030] loss = 3.153687
[e024 s0450/1030] loss = 3.133785
[e024 s0500/1030] loss = 3.018553
[e024 s0550/1030] loss = 2.915696
[e024 s0600/1030] loss = 2.851014
[e024 s0650/1030] loss = 2.828413
[e024 s0700/1030] loss = 2.762032
[e024 s0750/1030] loss = 2.798460
[e024 s0800/1030] loss = 2.992956
[e024 s0850/1030] loss = 2.955529
[e024 s0900/1030] loss = 2.973933
[e024 s0950/1030] loss = 2.981698
[e024 s1000/1030] loss = 2.906354
Epoch 024: train_loss = 2.881573  MAE/GAME0 = 23.245  RMSE = 42.247  GAME1 = 23.245  GAME2 = 23.245  GAME3 = 23.245  lr = 1.00e-05  time = 7.6s
[e025 s0001/1030] loss = 0.093269
[e025 s0050/1030] loss = 1.741241
[e025 s0100/1030] loss = 2.124171
[e025 s0150/1030] loss = 2.317325
[e025 s0200/1030] loss = 2.252914
[e025 s0250/1030] loss = 2.898324
[e025 s0300/1030] loss = 2.881536
[e025 s0350/1030] loss = 3.379666
[e025 s0400/1030] loss = 3.158341
[e025 s0450/1030] loss = 3.034954
[e025 s0500/1030] loss = 2.907042
[e025 s0550/1030] loss = 2.788335
[e025 s0600/1030] loss = 2.846538
[e025 s0650/1030] loss = 2.737093
[e025 s0700/1030] loss = 2.696794
[e025 s0750/1030] loss = 2.649841
[e025 s0800/1030] loss = 2.628276
[e025 s0850/1030] loss = 2.646998
[e025 s0900/1030] loss = 2.618624
[e025 s0950/1030] loss = 2.591291
[e025 s1000/1030] loss = 2.643575
Epoch 025: train_loss = 2.957738  MAE/GAME0 = 23.245  RMSE = 42.247  GAME1 = 23.245  GAME2 = 23.245  GAME3 = 23.245  lr = 1.00e-05  time = 7.6s
[e026 s0001/1030] loss = 0.193515
[e026 s0050/1030] loss = 3.287926
[e026 s0100/1030] loss = 2.993884
[e026 s0150/1030] loss = 2.826680
[e026 s0200/1030] loss = 2.742073
[e026 s0250/1030] loss = 2.812062
[e026 s0300/1030] loss = 3.724030
[e026 s0350/1030] loss = 3.455467
[e026 s0400/1030] loss = 3.461657
[e026 s0450/1030] loss = 3.504273
[e026 s0500/1030] loss = 3.492436
[e026 s0550/1030] loss = 3.387513
[e026 s0600/1030] loss = 3.243168
[e026 s0650/1030] loss = 3.296621
[e026 s0700/1030] loss = 3.272538
[e026 s0750/1030] loss = 3.465229
[e026 s0800/1030] loss = 3.347406
[e026 s0850/1030] loss = 3.288682
[e026 s0900/1030] loss = 3.242409
[e026 s0950/1030] loss = 3.187263
[e026 s1000/1030] loss = 3.107094
Epoch 026: train_loss = 3.178017  MAE/GAME0 = 23.245  RMSE = 42.247  GAME1 = 23.245  GAME2 = 23.245  GAME3 = 23.245  lr = 1.00e-05  time = 7.6s
[e027 s0001/1030] loss = 1.455529
[e027 s0050/1030] loss = 3.828151
[e027 s0100/1030] loss = 3.066142
[e027 s0150/1030] loss = 2.884188
[e027 s0200/1030] loss = 2.629409
[e027 s0250/1030] loss = 2.738710
[e027 s0300/1030] loss = 2.980319
[e027 s0350/1030] loss = 3.016559
[e027 s0400/1030] loss = 3.062463
[e027 s0450/1030] loss = 2.940109
[e027 s0500/1030] loss = 3.103775
[e027 s0550/1030] loss = 3.088513
[e027 s0600/1030] loss = 3.071344
[e027 s0650/1030] loss = 3.287749
[e027 s0700/1030] loss = 3.295960
[e027 s0750/1030] loss = 3.251743
[e027 s0800/1030] loss = 3.227151
[e027 s0850/1030] loss = 3.104194
[e027 s0900/1030] loss = 3.108537
[e027 s0950/1030] loss = 3.265959
[e027 s1000/1030] loss = 3.235333
Epoch 027: train_loss = 3.494807  MAE/GAME0 = 23.245  RMSE = 42.247  GAME1 = 23.245  GAME2 = 23.245  GAME3 = 23.245  lr = 1.00e-05  time = 7.7s
[e028 s0001/1030] loss = 0.455331
[e028 s0050/1030] loss = 4.879305
[e028 s0100/1030] loss = 3.736672
[e028 s0150/1030] loss = 3.021258
[e028 s0200/1030] loss = 3.085854
[e028 s0250/1030] loss = 2.967371
[e028 s0300/1030] loss = 2.930686
[e028 s0350/1030] loss = 3.078232
[e028 s0400/1030] loss = 3.071191
[e028 s0450/1030] loss = 2.964571
[e028 s0500/1030] loss = 2.965398
[e028 s0550/1030] loss = 2.864223
[e028 s0600/1030] loss = 2.831859
[e028 s0650/1030] loss = 2.764889
[e028 s0700/1030] loss = 3.401527
[e028 s0750/1030] loss = 3.336553
[e028 s0800/1030] loss = 3.403529
[e028 s0850/1030] loss = 3.346499
[e028 s0900/1030] loss = 3.297544
[e028 s0950/1030] loss = 3.267950
[e028 s1000/1030] loss = 3.232090
Epoch 028: train_loss = 3.234497  MAE/GAME0 = 23.244  RMSE = 42.247  GAME1 = 23.245  GAME2 = 23.245  GAME3 = 23.245  lr = 1.00e-05  time = 7.8s
[e029 s0001/1030] loss = 1.000642
[e029 s0050/1030] loss = 4.460065
[e029 s0100/1030] loss = 3.391732
[e029 s0150/1030] loss = 3.162166
[e029 s0200/1030] loss = 3.129903
[e029 s0250/1030] loss = 3.683158
[e029 s0300/1030] loss = 3.491621
[e029 s0350/1030] loss = 3.264843
[e029 s0400/1030] loss = 3.190797
[e029 s0450/1030] loss = 3.143052
[e029 s0500/1030] loss = 3.098627
[e029 s0550/1030] loss = 2.990446
[e029 s0600/1030] loss = 2.864420
[e029 s0650/1030] loss = 3.961129
[e029 s0700/1030] loss = 4.032355
[e029 s0750/1030] loss = 3.918270
[e029 s0800/1030] loss = 3.867119
[e029 s0850/1030] loss = 3.755782
[e029 s0900/1030] loss = 3.679767
[e029 s0950/1030] loss = 3.599717
[e029 s1000/1030] loss = 3.577938
Epoch 029: train_loss = 3.559523  MAE/GAME0 = 23.245  RMSE = 42.248  GAME1 = 23.245  GAME2 = 23.245  GAME3 = 23.245  lr = 1.00e-05  time = 7.7s
[e030 s0001/1030] loss = 1.993678
[e030 s0050/1030] loss = 4.088425
[e030 s0100/1030] loss = 3.452653
[e030 s0150/1030] loss = 3.748659
[e030 s0200/1030] loss = 3.663654
[e030 s0250/1030] loss = 4.201771
[e030 s0300/1030] loss = 4.086141
[e030 s0350/1030] loss = 3.962389
[e030 s0400/1030] loss = 3.862291
[e030 s0450/1030] loss = 3.616962
[e030 s0500/1030] loss = 3.446994
[e030 s0550/1030] loss = 3.344486
[e030 s0600/1030] loss = 3.274065
[e030 s0650/1030] loss = 3.101096
[e030 s0700/1030] loss = 3.052321
[e030 s0750/1030] loss = 3.359302
[e030 s0800/1030] loss = 3.640518
[e030 s0850/1030] loss = 3.634621
[e030 s0900/1030] loss = 3.533839
[e030 s0950/1030] loss = 3.525175
[e030 s1000/1030] loss = 3.480174
Epoch 030: train_loss = 3.548752  MAE/GAME0 = 23.245  RMSE = 42.248  GAME1 = 23.245  GAME2 = 23.245  GAME3 = 23.245  lr = 1.00e-05  time = 7.7s
[e031 s0001/1030] loss = 1.114066
[e031 s0050/1030] loss = 2.989656
[e031 s0100/1030] loss = 2.784843
[e031 s0150/1030] loss = 2.348647
[e031 s0200/1030] loss = 2.560861
[e031 s0250/1030] loss = 2.434562
[e031 s0300/1030] loss = 2.429423
[e031 s0350/1030] loss = 2.579121
[e031 s0400/1030] loss = 2.565047
[e031 s0450/1030] loss = 2.633884
[e031 s0500/1030] loss = 2.594611
[e031 s0550/1030] loss = 2.683769
[e031 s0600/1030] loss = 2.686395
[e031 s0650/1030] loss = 2.641215
[e031 s0700/1030] loss = 2.590741
[e031 s0750/1030] loss = 2.834947
[e031 s0800/1030] loss = 3.467042
[e031 s0850/1030] loss = 3.443426
[e031 s0900/1030] loss = 3.542384
[e031 s0950/1030] loss = 3.525786
[e031 s1000/1030] loss = 3.467153
Epoch 031: train_loss = 3.435683  MAE/GAME0 = 23.245  RMSE = 42.248  GAME1 = 23.245  GAME2 = 23.245  GAME3 = 23.245  lr = 1.00e-05  time = 7.7s
[e032 s0001/1030] loss = 6.949456
[e032 s0050/1030] loss = 3.319367
[e032 s0100/1030] loss = 4.180002
[e032 s0150/1030] loss = 3.518343
[e032 s0200/1030] loss = 3.499444
[e032 s0250/1030] loss = 3.399977
[e032 s0300/1030] loss = 3.266577
[e032 s0350/1030] loss = 3.325856
[e032 s0400/1030] loss = 3.358643
[e032 s0450/1030] loss = 3.607146
[e032 s0500/1030] loss = 3.484170
[e032 s0550/1030] loss = 3.302454
[e032 s0600/1030] loss = 3.283337
[e032 s0650/1030] loss = 3.251404
[e032 s0700/1030] loss = 3.251683
[e032 s0750/1030] loss = 3.507541
[e032 s0800/1030] loss = 3.405595
[e032 s0850/1030] loss = 3.365556
[e032 s0900/1030] loss = 3.309045
[e032 s0950/1030] loss = 3.383464
[e032 s1000/1030] loss = 3.309243
Epoch 032: train_loss = 3.262072  MAE/GAME0 = 23.245  RMSE = 42.247  GAME1 = 23.245  GAME2 = 23.245  GAME3 = 23.245  lr = 1.00e-05  time = 7.6s
[e033 s0001/1030] loss = 3.525660
[e033 s0050/1030] loss = 2.203425
[e033 s0100/1030] loss = 2.405830
[e033 s0150/1030] loss = 2.182270
[e033 s0200/1030] loss = 2.142711
[e033 s0250/1030] loss = 2.200173
[e033 s0300/1030] loss = 2.143710
[e033 s0350/1030] loss = 2.173869
[e033 s0400/1030] loss = 2.434899
[e033 s0450/1030] loss = 3.417118
[e033 s0500/1030] loss = 3.308885
[e033 s0550/1030] loss = 3.412997
[e033 s0600/1030] loss = 3.257450
[e033 s0650/1030] loss = 3.272052
[e033 s0700/1030] loss = 3.146767
[e033 s0750/1030] loss = 3.196326
[e033 s0800/1030] loss = 3.133839
[e033 s0850/1030] loss = 3.072545
[e033 s0900/1030] loss = 3.081307
[e033 s0950/1030] loss = 2.987014
[e033 s1000/1030] loss = 3.127412
Epoch 033: train_loss = 3.087511  MAE/GAME0 = 23.245  RMSE = 42.248  GAME1 = 23.245  GAME2 = 23.245  GAME3 = 23.245  lr = 1.00e-05  time = 7.7s
[e034 s0001/1030] loss = 0.041042
[e034 s0050/1030] loss = 2.004736
[e034 s0100/1030] loss = 3.041365
[e034 s0150/1030] loss = 2.670413
[e034 s0200/1030] loss = 2.664204
[e034 s0250/1030] loss = 2.627392
[e034 s0300/1030] loss = 2.692561
[e034 s0350/1030] loss = 3.065147
[e034 s0400/1030] loss = 2.981941
[e034 s0450/1030] loss = 2.880529
[e034 s0500/1030] loss = 2.995223
[e034 s0550/1030] loss = 3.235750
[e034 s0600/1030] loss = 3.298939
[e034 s0650/1030] loss = 3.162142
[e034 s0700/1030] loss = 3.238606
[e034 s0750/1030] loss = 3.293665
[e034 s0800/1030] loss = 3.235375
[e034 s0850/1030] loss = 3.177955
[e034 s0900/1030] loss = 3.194325
[e034 s0950/1030] loss = 3.122918
[e034 s1000/1030] loss = 3.096464
Epoch 034: train_loss = 3.085816  MAE/GAME0 = 23.245  RMSE = 42.248  GAME1 = 23.245  GAME2 = 23.245  GAME3 = 23.245  lr = 1.00e-05  time = 7.7s
[e035 s0001/1030] loss = 4.911903
[e035 s0050/1030] loss = 3.538284
[e035 s0100/1030] loss = 3.442894
[e035 s0150/1030] loss = 2.940433
[e035 s0200/1030] loss = 2.950930
[e035 s0250/1030] loss = 3.331111
[e035 s0300/1030] loss = 3.091097
[e035 s0350/1030] loss = 3.754131
[e035 s0400/1030] loss = 3.503990
[e035 s0450/1030] loss = 3.438213
[e035 s0500/1030] loss = 3.356778
[e035 s0550/1030] loss = 3.282243
[e035 s0600/1030] loss = 3.150174
[e035 s0650/1030] loss = 3.145600
[e035 s0700/1030] loss = 3.103847
[e035 s0750/1030] loss = 3.039743
[e035 s0800/1030] loss = 2.987327
[e035 s0850/1030] loss = 2.953129
[e035 s0900/1030] loss = 2.961359
[e035 s0950/1030] loss = 2.983860
[e035 s1000/1030] loss = 3.137723
Epoch 035: train_loss = 3.148150  MAE/GAME0 = 23.245  RMSE = 42.248  GAME1 = 23.245  GAME2 = 23.245  GAME3 = 23.245  lr = 1.00e-05  time = 7.6s
[e036 s0001/1030] loss = 0.106811
[e036 s0050/1030] loss = 6.916435
[e036 s0100/1030] loss = 4.794211
[e036 s0150/1030] loss = 4.095310
[e036 s0200/1030] loss = 3.677797
[e036 s0250/1030] loss = 4.462572
[e036 s0300/1030] loss = 4.053343
[e036 s0350/1030] loss = 3.785329
[e036 s0400/1030] loss = 3.573603
[e036 s0450/1030] loss = 3.551168
[e036 s0500/1030] loss = 3.539593
[e036 s0550/1030] loss = 3.708908
[e036 s0600/1030] loss = 3.619250
[e036 s0650/1030] loss = 3.551001
[e036 s0700/1030] loss = 3.496536
[e036 s0750/1030] loss = 3.507078
[e036 s0800/1030] loss = 3.428490
[e036 s0850/1030] loss = 3.360977
[e036 s0900/1030] loss = 3.375909
[e036 s0950/1030] loss = 3.285784
[e036 s1000/1030] loss = 3.224525
Epoch 036: train_loss = 3.194369  MAE/GAME0 = 23.245  RMSE = 42.248  GAME1 = 23.245  GAME2 = 23.245  GAME3 = 23.245  lr = 1.00e-05  time = 7.8s
[e037 s0001/1030] loss = 0.312565
[e037 s0050/1030] loss = 1.215704
[e037 s0100/1030] loss = 2.232662
[e037 s0150/1030] loss = 2.125715
[e037 s0200/1030] loss = 2.473458
[e037 s0250/1030] loss = 2.507908
[e037 s0300/1030] loss = 2.446779
[e037 s0350/1030] loss = 2.523171
[e037 s0400/1030] loss = 2.658893
[e037 s0450/1030] loss = 2.491888
[e037 s0500/1030] loss = 2.432814
[e037 s0550/1030] loss = 2.556453
[e037 s0600/1030] loss = 2.619287
[e037 s0650/1030] loss = 2.623688
[e037 s0700/1030] loss = 2.723445
[e037 s0750/1030] loss = 2.976101
[e037 s0800/1030] loss = 2.969366
[e037 s0850/1030] loss = 2.974698
[e037 s0900/1030] loss = 2.997955
[e037 s0950/1030] loss = 3.242413
[e037 s1000/1030] loss = 3.220685
Epoch 037: train_loss = 3.156445  MAE/GAME0 = 23.245  RMSE = 42.248  GAME1 = 23.245  GAME2 = 23.245  GAME3 = 23.245  lr = 1.00e-05  time = 7.6s
[e038 s0001/1030] loss = 0.032822
[e038 s0050/1030] loss = 5.043503
[e038 s0100/1030] loss = 4.834875
[e038 s0150/1030] loss = 6.163404
[e038 s0200/1030] loss = 5.480718
[e038 s0250/1030] loss = 5.005348
[e038 s0300/1030] loss = 4.401962
[e038 s0350/1030] loss = 4.304231
[e038 s0400/1030] loss = 4.329052
[e038 s0450/1030] loss = 4.245923
[e038 s0500/1030] loss = 4.147170
[e038 s0550/1030] loss = 3.975251
[e038 s0600/1030] loss = 3.880777
[e038 s0650/1030] loss = 3.725432
[e038 s0700/1030] loss = 3.663061
[e038 s0750/1030] loss = 3.571530
[e038 s0800/1030] loss = 3.446104
[e038 s0850/1030] loss = 3.481535
[e038 s0900/1030] loss = 3.450805
[e038 s0950/1030] loss = 3.415528
[e038 s1000/1030] loss = 3.386487
Epoch 038: train_loss = 3.337733  MAE/GAME0 = 23.245  RMSE = 42.248  GAME1 = 23.245  GAME2 = 23.245  GAME3 = 23.245  lr = 1.00e-05  time = 7.9s
[e039 s0001/1030] loss = 0.074299
[e039 s0050/1030] loss = 1.969944
[e039 s0100/1030] loss = 2.853467
[e039 s0150/1030] loss = 2.873694
[e039 s0200/1030] loss = 3.167011
[e039 s0250/1030] loss = 2.886302
[e039 s0300/1030] loss = 3.088886
[e039 s0350/1030] loss = 3.017838
[e039 s0400/1030] loss = 3.798053
[e039 s0450/1030] loss = 3.549528
[e039 s0500/1030] loss = 3.453745
[e039 s0550/1030] loss = 3.317079
[e039 s0600/1030] loss = 3.164583
[e039 s0650/1030] loss = 3.128629
[e039 s0700/1030] loss = 3.091551
[e039 s0750/1030] loss = 3.058796
[e039 s0800/1030] loss = 3.269265
[e039 s0850/1030] loss = 3.206165
[e039 s0900/1030] loss = 3.181150
[e039 s0950/1030] loss = 3.338115
[e039 s1000/1030] loss = 3.240869
Epoch 039: train_loss = 3.221404  MAE/GAME0 = 23.245  RMSE = 42.248  GAME1 = 23.245  GAME2 = 23.245  GAME3 = 23.245  lr = 1.00e-05  time = 7.6s
[e040 s0001/1030] loss = 0.023703
[e040 s0050/1030] loss = 2.509918
[e040 s0100/1030] loss = 4.383664
[e040 s0150/1030] loss = 3.742162
[e040 s0200/1030] loss = 4.453228
[e040 s0250/1030] loss = 4.317257
[e040 s0300/1030] loss = 4.080026
[e040 s0350/1030] loss = 3.817103
[e040 s0400/1030] loss = 3.918060
[e040 s0450/1030] loss = 3.869695
[e040 s0500/1030] loss = 3.665934
[e040 s0550/1030] loss = 3.509476
[e040 s0600/1030] loss = 3.394132
[e040 s0650/1030] loss = 3.270416
[e040 s0700/1030] loss = 3.198386
[e040 s0750/1030] loss = 3.284826
[e040 s0800/1030] loss = 3.205228
[e040 s0850/1030] loss = 3.144620
[e040 s0900/1030] loss = 3.108483
[e040 s0950/1030] loss = 3.103208
[e040 s1000/1030] loss = 3.060888
Epoch 040: train_loss = 3.195494  MAE/GAME0 = 23.245  RMSE = 42.248  GAME1 = 23.245  GAME2 = 23.245  GAME3 = 23.245  lr = 1.00e-05  time = 7.9s
[e041 s0001/1030] loss = 1.082784
[e041 s0050/1030] loss = 2.957841
[e041 s0100/1030] loss = 2.833579
[e041 s0150/1030] loss = 4.431838
[e041 s0200/1030] loss = 4.193008
[e041 s0250/1030] loss = 3.966322
[e041 s0300/1030] loss = 4.229101
[e041 s0350/1030] loss = 4.021957
[e041 s0400/1030] loss = 3.817980
[e041 s0450/1030] loss = 3.686830
[e041 s0500/1030] loss = 3.624068
[e041 s0550/1030] loss = 4.334988
[e041 s0600/1030] loss = 4.114758
[e041 s0650/1030] loss = 4.012987
[e041 s0700/1030] loss = 3.950611
[e041 s0750/1030] loss = 3.874458
[e041 s0800/1030] loss = 3.788712
[e041 s0850/1030] loss = 3.688020
[e041 s0900/1030] loss = 3.661552
[e041 s0950/1030] loss = 3.647827
[e041 s1000/1030] loss = 3.548506
Epoch 041: train_loss = 3.517703  MAE/GAME0 = 23.245  RMSE = 42.248  GAME1 = 23.245  GAME2 = 23.245  GAME3 = 23.245  lr = 1.00e-05  time = 7.6s
[e042 s0001/1030] loss = 0.186508
[e042 s0050/1030] loss = 3.272549
[e042 s0100/1030] loss = 2.993937
[e042 s0150/1030] loss = 2.583825
[e042 s0200/1030] loss = 2.402373
[e042 s0250/1030] loss = 2.255038
[e042 s0300/1030] loss = 2.871114
[e042 s0350/1030] loss = 3.375874
[e042 s0400/1030] loss = 3.271645
[e042 s0450/1030] loss = 3.277960
[e042 s0500/1030] loss = 3.197732
[e042 s0550/1030] loss = 3.146909
[e042 s0600/1030] loss = 3.153171
[e042 s0650/1030] loss = 3.107591
[e042 s0700/1030] loss = 3.056136
[e042 s0750/1030] loss = 3.033270
[e042 s0800/1030] loss = 3.035347
[e042 s0850/1030] loss = 2.953786
[e042 s0900/1030] loss = 2.870923
[e042 s0950/1030] loss = 2.875550
[e042 s1000/1030] loss = 2.846196
Epoch 042: train_loss = 2.864399  MAE/GAME0 = 23.245  RMSE = 42.248  GAME1 = 23.245  GAME2 = 23.245  GAME3 = 23.245  lr = 1.00e-05  time = 7.6s
[e043 s0001/1030] loss = 0.276774
[e043 s0050/1030] loss = 5.031761
[e043 s0100/1030] loss = 3.582298
[e043 s0150/1030] loss = 3.351325
[e043 s0200/1030] loss = 2.989832
[e043 s0250/1030] loss = 2.802733
[e043 s0300/1030] loss = 2.881102
[e043 s0350/1030] loss = 3.081336
[e043 s0400/1030] loss = 2.993392
[e043 s0450/1030] loss = 3.007117
[e043 s0500/1030] loss = 2.873608
[e043 s0550/1030] loss = 3.169766
[e043 s0600/1030] loss = 3.131747
[e043 s0650/1030] loss = 3.298222
[e043 s0700/1030] loss = 3.310827
[e043 s0750/1030] loss = 3.303377
[e043 s0800/1030] loss = 3.287302
[e043 s0850/1030] loss = 3.397387
[e043 s0900/1030] loss = 3.291716
[e043 s0950/1030] loss = 3.252933
[e043 s1000/1030] loss = 3.325314
Epoch 043: train_loss = 3.287692  MAE/GAME0 = 23.245  RMSE = 42.248  GAME1 = 23.245  GAME2 = 23.245  GAME3 = 23.245  lr = 1.00e-05  time = 7.6s
[e044 s0001/1030] loss = 2.386605
[e044 s0050/1030] loss = 4.858374
[e044 s0100/1030] loss = 5.489781
[e044 s0150/1030] loss = 4.500921
[e044 s0200/1030] loss = 4.034028
[e044 s0250/1030] loss = 3.633464
[e044 s0300/1030] loss = 4.099398
[e044 s0350/1030] loss = 3.854734
[e044 s0400/1030] loss = 3.746618
[e044 s0450/1030] loss = 3.608819
[e044 s0500/1030] loss = 3.494361
[e044 s0550/1030] loss = 3.508752
[e044 s0600/1030] loss = 3.472803
[e044 s0650/1030] loss = 3.320749
[e044 s0700/1030] loss = 3.419240
[e044 s0750/1030] loss = 3.274022
[e044 s0800/1030] loss = 3.507452
[e044 s0850/1030] loss = 3.401200
[e044 s0900/1030] loss = 3.353034
[e044 s0950/1030] loss = 3.426471
[e044 s1000/1030] loss = 3.392992
Epoch 044: train_loss = 3.418614  MAE/GAME0 = 23.245  RMSE = 42.247  GAME1 = 23.245  GAME2 = 23.245  GAME3 = 23.245  lr = 1.00e-05  time = 7.6s
[e045 s0001/1030] loss = 0.068151
[e045 s0050/1030] loss = 3.413354
[e045 s0100/1030] loss = 3.656751
[e045 s0150/1030] loss = 3.365657
[e045 s0200/1030] loss = 3.353830
[e045 s0250/1030] loss = 3.941602
[e045 s0300/1030] loss = 3.632959
[e045 s0350/1030] loss = 3.463377
[e045 s0400/1030] loss = 3.443609
[e045 s0450/1030] loss = 3.377163
[e045 s0500/1030] loss = 3.202419
[e045 s0550/1030] loss = 3.149685
[e045 s0600/1030] loss = 3.183081
[e045 s0650/1030] loss = 3.231888
[e045 s0700/1030] loss = 3.123289
[e045 s0750/1030] loss = 3.019261
[e045 s0800/1030] loss = 3.016197
[e045 s0850/1030] loss = 3.014154
[e045 s0900/1030] loss = 2.945690
[e045 s0950/1030] loss = 3.026652
[e045 s1000/1030] loss = 3.025794
Epoch 045: train_loss = 3.028639  MAE/GAME0 = 23.245  RMSE = 42.248  GAME1 = 23.245  GAME2 = 23.245  GAME3 = 23.245  lr = 1.00e-05  time = 7.8s
[e046 s0001/1030] loss = 9.725927
[e046 s0050/1030] loss = 3.212407
[e046 s0100/1030] loss = 3.241460
[e046 s0150/1030] loss = 3.147117
[e046 s0200/1030] loss = 2.942500
[e046 s0250/1030] loss = 3.437051
[e046 s0300/1030] loss = 3.121846
[e046 s0350/1030] loss = 3.172708
[e046 s0400/1030] loss = 3.087038
[e046 s0450/1030] loss = 3.107178
[e046 s0500/1030] loss = 2.984433
[e046 s0550/1030] loss = 2.907855
[e046 s0600/1030] loss = 3.067554
[e046 s0650/1030] loss = 3.125962
[e046 s0700/1030] loss = 3.246708
[e046 s0750/1030] loss = 3.491743
[e046 s0800/1030] loss = 3.631120
[e046 s0850/1030] loss = 3.793545
[e046 s0900/1030] loss = 3.764430
[e046 s0950/1030] loss = 3.700486
[e046 s1000/1030] loss = 3.655282
Epoch 046: train_loss = 3.636517  MAE/GAME0 = 23.245  RMSE = 42.248  GAME1 = 23.245  GAME2 = 23.245  GAME3 = 23.245  lr = 1.00e-05  time = 7.6s
[e047 s0001/1030] loss = 20.111813
[e047 s0050/1030] loss = 3.569133
[e047 s0100/1030] loss = 3.073020
[e047 s0150/1030] loss = 2.730137
[e047 s0200/1030] loss = 3.279106
[e047 s0250/1030] loss = 3.214297
[e047 s0300/1030] loss = 2.976975
[e047 s0350/1030] loss = 3.189184
[e047 s0400/1030] loss = 3.151081
[e047 s0450/1030] loss = 2.960083
[e047 s0500/1030] loss = 2.969057
[e047 s0550/1030] loss = 3.076724
[e047 s0600/1030] loss = 3.024420
[e047 s0650/1030] loss = 2.956423
[e047 s0700/1030] loss = 2.958208
[e047 s0750/1030] loss = 3.124470
[e047 s0800/1030] loss = 3.143160
[e047 s0850/1030] loss = 3.262976
[e047 s0900/1030] loss = 3.180757
[e047 s0950/1030] loss = 3.148275
[e047 s1000/1030] loss = 3.113588
Epoch 047: train_loss = 3.083506  MAE/GAME0 = 23.245  RMSE = 42.248  GAME1 = 23.245  GAME2 = 23.245  GAME3 = 23.245  lr = 1.00e-05  time = 7.7s
[e048 s0001/1030] loss = 1.837964
[e048 s0050/1030] loss = 1.721045
[e048 s0100/1030] loss = 1.934629
[e048 s0150/1030] loss = 2.098179
[e048 s0200/1030] loss = 2.057831
[e048 s0250/1030] loss = 2.021877
[e048 s0300/1030] loss = 2.144237
[e048 s0350/1030] loss = 2.306976
[e048 s0400/1030] loss = 2.602743
[e048 s0450/1030] loss = 2.534220
[e048 s0500/1030] loss = 3.370576
[e048 s0550/1030] loss = 3.286131
[e048 s0600/1030] loss = 3.331900
[e048 s0650/1030] loss = 3.313848
[e048 s0700/1030] loss = 3.290022
[e048 s0750/1030] loss = 3.274761
[e048 s0800/1030] loss = 3.182318
[e048 s0850/1030] loss = 3.125738
[e048 s0900/1030] loss = 3.084280
[e048 s0950/1030] loss = 3.014256
[e048 s1000/1030] loss = 3.210095
Epoch 048: train_loss = 3.213419  MAE/GAME0 = 23.245  RMSE = 42.248  GAME1 = 23.245  GAME2 = 23.245  GAME3 = 23.245  lr = 1.00e-05  time = 7.5s
[e049 s0001/1030] loss = 3.446727
[e049 s0050/1030] loss = 1.893456
[e049 s0100/1030] loss = 3.068893
[e049 s0150/1030] loss = 2.559681
[e049 s0200/1030] loss = 2.677575
[e049 s0250/1030] loss = 2.502777
[e049 s0300/1030] loss = 2.541458
[e049 s0350/1030] loss = 2.393926
[e049 s0400/1030] loss = 2.932967
[e049 s0450/1030] loss = 2.919196
[e049 s0500/1030] loss = 2.902288
[e049 s0550/1030] loss = 2.841557
[e049 s0600/1030] loss = 2.819693
[e049 s0650/1030] loss = 3.181116
[e049 s0700/1030] loss = 3.113683
[e049 s0750/1030] loss = 3.057954
[e049 s0800/1030] loss = 2.952186
[e049 s0850/1030] loss = 3.095334
[e049 s0900/1030] loss = 3.010557
[e049 s0950/1030] loss = 2.995830
[e049 s1000/1030] loss = 3.006955
Epoch 049: train_loss = 2.964127  MAE/GAME0 = 23.245  RMSE = 42.248  GAME1 = 23.245  GAME2 = 23.245  GAME3 = 23.245  lr = 1.00e-05  time = 7.7s
[e050 s0001/1030] loss = 0.663748
[e050 s0050/1030] loss = 4.119550
[e050 s0100/1030] loss = 3.740401
[e050 s0150/1030] loss = 3.320842
[e050 s0200/1030] loss = 3.646305
[e050 s0250/1030] loss = 4.301810
[e050 s0300/1030] loss = 4.068478
[e050 s0350/1030] loss = 3.960880
[e050 s0400/1030] loss = 3.715919
[e050 s0450/1030] loss = 3.477166
[e050 s0500/1030] loss = 3.426550
[e050 s0550/1030] loss = 3.495713
[e050 s0600/1030] loss = 3.399020
[e050 s0650/1030] loss = 3.304493
[e050 s0700/1030] loss = 3.338060
[e050 s0750/1030] loss = 3.327843
[e050 s0800/1030] loss = 3.405162
[e050 s0850/1030] loss = 3.379684
[e050 s0900/1030] loss = 3.374867
[e050 s0950/1030] loss = 3.560447
[e050 s1000/1030] loss = 3.587721
Epoch 050: train_loss = 3.531139  MAE/GAME0 = 23.245  RMSE = 42.248  GAME1 = 23.245  GAME2 = 23.245  GAME3 = 23.245  lr = 1.00e-05  time = 7.7s
[e051 s0001/1030] loss = 4.561591
[e051 s0050/1030] loss = 3.225886
[e051 s0100/1030] loss = 2.579130
[e051 s0150/1030] loss = 2.423216
[e051 s0200/1030] loss = 2.314495
[e051 s0250/1030] loss = 3.233008
[e051 s0300/1030] loss = 3.029266
[e051 s0350/1030] loss = 3.191169
[e051 s0400/1030] loss = 3.146356
[e051 s0450/1030] loss = 3.008472
[e051 s0500/1030] loss = 2.976424
[e051 s0550/1030] loss = 3.447744
[e051 s0600/1030] loss = 3.293411
[e051 s0650/1030] loss = 3.250486
[e051 s0700/1030] loss = 3.269140
[e051 s0750/1030] loss = 3.251851
[e051 s0800/1030] loss = 3.212092
[e051 s0850/1030] loss = 3.141536
[e051 s0900/1030] loss = 3.173739
[e051 s0950/1030] loss = 3.090512
[e051 s1000/1030] loss = 3.032192
Epoch 051: train_loss = 3.053360  MAE/GAME0 = 23.245  RMSE = 42.248  GAME1 = 23.245  GAME2 = 23.245  GAME3 = 23.245  lr = 1.00e-05  time = 7.6s
[e052 s0001/1030] loss = 0.000000
[e052 s0050/1030] loss = 3.018261
[e052 s0100/1030] loss = 2.653606
[e052 s0150/1030] loss = 4.090312
[e052 s0200/1030] loss = 3.575957
[e052 s0250/1030] loss = 3.637840
[e052 s0300/1030] loss = 3.526141
[e052 s0350/1030] loss = 3.349646
[e052 s0400/1030] loss = 3.266241
[e052 s0450/1030] loss = 3.173387
[e052 s0500/1030] loss = 3.178826
[e052 s0550/1030] loss = 3.132515
[e052 s0600/1030] loss = 3.766622
[e052 s0650/1030] loss = 3.743890
[e052 s0700/1030] loss = 3.738867
[e052 s0750/1030] loss = 3.626656
[e052 s0800/1030] loss = 3.734714
[e052 s0850/1030] loss = 3.704745
[e052 s0900/1030] loss = 3.739827
[e052 s0950/1030] loss = 3.655824
[e052 s1000/1030] loss = 3.625729
Epoch 052: train_loss = 3.575593  MAE/GAME0 = 23.245  RMSE = 42.248  GAME1 = 23.245  GAME2 = 23.245  GAME3 = 23.245  lr = 1.00e-05  time = 7.7s
[e053 s0001/1030] loss = 0.079012
[e053 s0050/1030] loss = 5.527614
[e053 s0100/1030] loss = 3.815105
[e053 s0150/1030] loss = 3.346163
[e053 s0200/1030] loss = 2.970961
[e053 s0250/1030] loss = 2.778213
[e053 s0300/1030] loss = 2.777831
[e053 s0350/1030] loss = 3.363764
[e053 s0400/1030] loss = 3.414529
[e053 s0450/1030] loss = 3.229197
[e053 s0500/1030] loss = 3.460740
[e053 s0550/1030] loss = 3.400947
[e053 s0600/1030] loss = 3.264117
[e053 s0650/1030] loss = 3.138762
[e053 s0700/1030] loss = 3.061423
[e053 s0750/1030] loss = 3.074963
[e053 s0800/1030] loss = 3.179745
[e053 s0850/1030] loss = 3.168365
[e053 s0900/1030] loss = 3.363638
[e053 s0950/1030] loss = 3.443049
[e053 s1000/1030] loss = 3.424040
Epoch 053: train_loss = 3.365180  MAE/GAME0 = 23.245  RMSE = 42.248  GAME1 = 23.245  GAME2 = 23.245  GAME3 = 23.245  lr = 1.00e-05  time = 7.6s
[e054 s0001/1030] loss = 0.501709
[e054 s0050/1030] loss = 2.701561
[e054 s0100/1030] loss = 2.518391
[e054 s0150/1030] loss = 3.116917
[e054 s0200/1030] loss = 3.096528
[e054 s0250/1030] loss = 3.212327
[e054 s0300/1030] loss = 2.998334
[e054 s0350/1030] loss = 2.969628
[e054 s0400/1030] loss = 3.434384
[e054 s0450/1030] loss = 3.324602
[e054 s0500/1030] loss = 3.246694
[e054 s0550/1030] loss = 3.103681
[e054 s0600/1030] loss = 3.037464
[e054 s0650/1030] loss = 2.996883
[e054 s0700/1030] loss = 2.930458
[e054 s0750/1030] loss = 2.880162
[e054 s0800/1030] loss = 2.829133
[e054 s0850/1030] loss = 2.946192
[e054 s0900/1030] loss = 2.916426
[e054 s0950/1030] loss = 2.876900
[e054 s1000/1030] loss = 2.921103
Epoch 054: train_loss = 2.866443  MAE/GAME0 = 23.245  RMSE = 42.248  GAME1 = 23.245  GAME2 = 23.245  GAME3 = 23.245  lr = 1.00e-05  time = 7.5s
[e055 s0001/1030] loss = 0.215981
[e055 s0050/1030] loss = 3.261096
[e055 s0100/1030] loss = 3.594189
[e055 s0150/1030] loss = 3.320736
[e055 s0200/1030] loss = 3.185881
[e055 s0250/1030] loss = 3.074519
[e055 s0300/1030] loss = 3.532299
[e055 s0350/1030] loss = 3.429793
[e055 s0400/1030] loss = 3.204092
[e055 s0450/1030] loss = 3.429291
[e055 s0500/1030] loss = 3.498314
[e055 s0550/1030] loss = 3.860440
[e055 s0600/1030] loss = 3.660802
[e055 s0650/1030] loss = 3.544858
[e055 s0700/1030] loss = 3.663469
[e055 s0750/1030] loss = 3.554138
[e055 s0800/1030] loss = 3.535328
[e055 s0850/1030] loss = 3.510158
[e055 s0900/1030] loss = 3.449263
[e055 s0950/1030] loss = 3.440094
[e055 s1000/1030] loss = 3.360712
Epoch 055: train_loss = 3.313586  MAE/GAME0 = 23.245  RMSE = 42.248  GAME1 = 23.245  GAME2 = 23.245  GAME3 = 23.245  lr = 1.00e-05  time = 7.6s
[e056 s0001/1030] loss = 0.250271
[e056 s0050/1030] loss = 9.932770
[e056 s0100/1030] loss = 6.890162
[e056 s0150/1030] loss = 6.446501
[e056 s0200/1030] loss = 5.234099
[e056 s0250/1030] loss = 5.442777
[e056 s0300/1030] loss = 4.790054
[e056 s0350/1030] loss = 4.318518
[e056 s0400/1030] loss = 4.014399
[e056 s0450/1030] loss = 3.825421
[e056 s0500/1030] loss = 3.744184
[e056 s0550/1030] loss = 3.597399
[e056 s0600/1030] loss = 3.530273
[e056 s0650/1030] loss = 3.436174
[e056 s0700/1030] loss = 3.493025
[e056 s0750/1030] loss = 3.661533
[e056 s0800/1030] loss = 3.608377
[e056 s0850/1030] loss = 3.714346
[e056 s0900/1030] loss = 3.697188
[e056 s0950/1030] loss = 3.625601
[e056 s1000/1030] loss = 3.566131
Epoch 056: train_loss = 3.527796  MAE/GAME0 = 23.245  RMSE = 42.248  GAME1 = 23.245  GAME2 = 23.245  GAME3 = 23.245  lr = 1.00e-05  time = 7.7s
[e057 s0001/1030] loss = 0.521865
[e057 s0050/1030] loss = 2.235667
[e057 s0100/1030] loss = 2.165241
[e057 s0150/1030] loss = 2.167137
[e057 s0200/1030] loss = 2.182749
[e057 s0250/1030] loss = 2.281079
[e057 s0300/1030] loss = 2.346375
[e057 s0350/1030] loss = 2.554379
[e057 s0400/1030] loss = 2.741153
[e057 s0450/1030] loss = 2.723018
[e057 s0500/1030] loss = 2.636032
[e057 s0550/1030] loss = 2.748327
[e057 s0600/1030] loss = 2.739216
[e057 s0650/1030] loss = 3.037124
[e057 s0700/1030] loss = 2.974029
[e057 s0750/1030] loss = 3.026657
[e057 s0800/1030] loss = 3.021257
[e057 s0850/1030] loss = 2.966272
[e057 s0900/1030] loss = 2.998946
[e057 s0950/1030] loss = 2.974704
[e057 s1000/1030] loss = 3.072411
Epoch 057: train_loss = 3.249978  MAE/GAME0 = 23.245  RMSE = 42.248  GAME1 = 23.245  GAME2 = 23.245  GAME3 = 23.245  lr = 1.00e-05  time = 7.7s
[e058 s0001/1030] loss = 0.023637
[e058 s0050/1030] loss = 4.680325
[e058 s0100/1030] loss = 3.425037
[e058 s0150/1030] loss = 2.872775
[e058 s0200/1030] loss = 3.502184
[e058 s0250/1030] loss = 3.216685
[e058 s0300/1030] loss = 3.659090
[e058 s0350/1030] loss = 3.705578
[e058 s0400/1030] loss = 3.572184
[e058 s0450/1030] loss = 3.489560
[e058 s0500/1030] loss = 3.298645
[e058 s0550/1030] loss = 3.281568
[e058 s0600/1030] loss = 3.239541
[e058 s0650/1030] loss = 3.138497
[e058 s0700/1030] loss = 3.085440
[e058 s0750/1030] loss = 3.028154
[e058 s0800/1030] loss = 2.950271
[e058 s0850/1030] loss = 2.945966
[e058 s0900/1030] loss = 3.272497
[e058 s0950/1030] loss = 3.224807
[e058 s1000/1030] loss = 3.274337
Epoch 058: train_loss = 3.287741  MAE/GAME0 = 23.245  RMSE = 42.248  GAME1 = 23.245  GAME2 = 23.245  GAME3 = 23.245  lr = 1.00e-05  time = 7.8s
[e059 s0001/1030] loss = 1.098813
[e059 s0050/1030] loss = 1.404818
[e059 s0100/1030] loss = 2.205442
[e059 s0150/1030] loss = 2.442311
[e059 s0200/1030] loss = 3.184386
[e059 s0250/1030] loss = 3.288932
[e059 s0300/1030] loss = 3.516456
[e059 s0350/1030] loss = 3.340380
[e059 s0400/1030] loss = 3.335609
[e059 s0450/1030] loss = 3.247746
[e059 s0500/1030] loss = 3.207232
[e059 s0550/1030] loss = 3.118771
[e059 s0600/1030] loss = 2.984284
[e059 s0650/1030] loss = 3.233384
[e059 s0700/1030] loss = 3.211054
[e059 s0750/1030] loss = 3.102781
[e059 s0800/1030] loss = 3.170080
[e059 s0850/1030] loss = 3.243507
[e059 s0900/1030] loss = 3.364482
[e059 s0950/1030] loss = 3.378099
[e059 s1000/1030] loss = 3.430614
Epoch 059: train_loss = 3.429046  MAE/GAME0 = 23.245  RMSE = 42.248  GAME1 = 23.245  GAME2 = 23.245  GAME3 = 23.245  lr = 1.00e-05  time = 7.7s
[e060 s0001/1030] loss = 1.394784
[e060 s0050/1030] loss = 5.349116
[e060 s0100/1030] loss = 3.260830
[e060 s0150/1030] loss = 3.168973
[e060 s0200/1030] loss = 4.116220
[e060 s0250/1030] loss = 3.747706
[e060 s0300/1030] loss = 3.974893
[e060 s0350/1030] loss = 3.798031
[e060 s0400/1030] loss = 4.379196
[e060 s0450/1030] loss = 4.117252
[e060 s0500/1030] loss = 3.962473
[e060 s0550/1030] loss = 3.852288
[e060 s0600/1030] loss = 3.791949
[e060 s0650/1030] loss = 3.693522
[e060 s0700/1030] loss = 3.527751
[e060 s0750/1030] loss = 3.454184
[e060 s0800/1030] loss = 3.361979
[e060 s0850/1030] loss = 3.296182
[e060 s0900/1030] loss = 3.226285
[e060 s0950/1030] loss = 3.212015
[e060 s1000/1030] loss = 3.180907
Epoch 060: train_loss = 3.154902  MAE/GAME0 = 23.245  RMSE = 42.248  GAME1 = 23.245  GAME2 = 23.245  GAME3 = 23.245  lr = 1.00e-05  time = 7.6s
[e061 s0001/1030] loss = 2.027970
[e061 s0050/1030] loss = 3.574417
[e061 s0100/1030] loss = 3.691320
[e061 s0150/1030] loss = 3.333944
[e061 s0200/1030] loss = 3.097576
[e061 s0250/1030] loss = 2.927959
[e061 s0300/1030] loss = 2.854373
[e061 s0350/1030] loss = 2.699629
[e061 s0400/1030] loss = 2.769926
[e061 s0450/1030] loss = 2.731637
[e061 s0500/1030] loss = 2.697978
[e061 s0550/1030] loss = 2.675684
[e061 s0600/1030] loss = 3.303505
[e061 s0650/1030] loss = 3.310675
[e061 s0700/1030] loss = 3.207820
[e061 s0750/1030] loss = 3.503895
[e061 s0800/1030] loss = 3.436950
[e061 s0850/1030] loss = 3.453020
[e061 s0900/1030] loss = 3.392807
[e061 s0950/1030] loss = 3.366122
[e061 s1000/1030] loss = 3.387752
Epoch 061: train_loss = 3.393923  MAE/GAME0 = 23.245  RMSE = 42.248  GAME1 = 23.245  GAME2 = 23.245  GAME3 = 23.245  lr = 1.00e-05  time = 7.9s
[e062 s0001/1030] loss = 0.867823
[e062 s0050/1030] loss = 3.276207
[e062 s0100/1030] loss = 5.048525
[e062 s0150/1030] loss = 4.079688
[e062 s0200/1030] loss = 3.719139
[e062 s0250/1030] loss = 3.340181
[e062 s0300/1030] loss = 3.060709
[e062 s0350/1030] loss = 2.795384
[e062 s0400/1030] loss = 2.771877
[e062 s0450/1030] loss = 2.723873
[e062 s0500/1030] loss = 2.640246
[e062 s0550/1030] loss = 2.717295
[e062 s0600/1030] loss = 2.599251
[e062 s0650/1030] loss = 2.593322
[e062 s0700/1030] loss = 3.029924
[e062 s0750/1030] loss = 3.150442
[e062 s0800/1030] loss = 3.162984
[e062 s0850/1030] loss = 3.356204
[e062 s0900/1030] loss = 3.444122
[e062 s0950/1030] loss = 3.382999
[e062 s1000/1030] loss = 3.377160
Epoch 062: train_loss = 3.379244  MAE/GAME0 = 23.245  RMSE = 42.248  GAME1 = 23.245  GAME2 = 23.245  GAME3 = 23.245  lr = 1.00e-05  time = 7.5s
[e063 s0001/1030] loss = 0.000000
[e063 s0050/1030] loss = 5.861438
[e063 s0100/1030] loss = 3.695699
[e063 s0150/1030] loss = 4.345292
[e063 s0200/1030] loss = 4.122273
[e063 s0250/1030] loss = 3.781619
[e063 s0300/1030] loss = 3.438475
[e063 s0350/1030] loss = 3.155825
[e063 s0400/1030] loss = 3.063542
[e063 s0450/1030] loss = 3.319405
[e063 s0500/1030] loss = 4.116910
[e063 s0550/1030] loss = 3.858677
[e063 s0600/1030] loss = 3.707842
[e063 s0650/1030] loss = 3.670368
[e063 s0700/1030] loss = 3.736844
[e063 s0750/1030] loss = 3.791179
[e063 s0800/1030] loss = 3.806911
[e063 s0850/1030] loss = 3.696783
[e063 s0900/1030] loss = 3.579260
[e063 s0950/1030] loss = 3.523075
[e063 s1000/1030] loss = 3.461158
Epoch 063: train_loss = 3.486008  MAE/GAME0 = 23.245  RMSE = 42.248  GAME1 = 23.245  GAME2 = 23.245  GAME3 = 23.245  lr = 1.00e-05  time = 7.5s
[e064 s0001/1030] loss = 6.287578
[e064 s0050/1030] loss = 2.018837
[e064 s0100/1030] loss = 2.259210
[e064 s0150/1030] loss = 2.362583
[e064 s0200/1030] loss = 2.297975
[e064 s0250/1030] loss = 2.429604
[e064 s0300/1030] loss = 2.424138
[e064 s0350/1030] loss = 2.497622
[e064 s0400/1030] loss = 2.421342
[e064 s0450/1030] loss = 2.604322
[e064 s0500/1030] loss = 2.535259
[e064 s0550/1030] loss = 2.519703
[e064 s0600/1030] loss = 2.591347
[e064 s0650/1030] loss = 2.667506
[e064 s0700/1030] loss = 3.194269
[e064 s0750/1030] loss = 3.171007
[e064 s0800/1030] loss = 3.083637
[e064 s0850/1030] loss = 2.998799
[e064 s0900/1030] loss = 3.044448
[e064 s0950/1030] loss = 3.059869
[e064 s1000/1030] loss = 3.002122
Epoch 064: train_loss = 2.959913  MAE/GAME0 = 23.245  RMSE = 42.248  GAME1 = 23.245  GAME2 = 23.245  GAME3 = 23.245  lr = 1.00e-05  time = 7.6s
[e065 s0001/1030] loss = 0.023987
[e065 s0050/1030] loss = 7.121561
[e065 s0100/1030] loss = 5.543202
[e065 s0150/1030] loss = 4.330324
[e065 s0200/1030] loss = 3.736234
[e065 s0250/1030] loss = 3.444128
[e065 s0300/1030] loss = 3.388340
[e065 s0350/1030] loss = 3.425902
[e065 s0400/1030] loss = 3.206274
[e065 s0450/1030] loss = 3.170990
[e065 s0500/1030] loss = 3.200030
[e065 s0550/1030] loss = 3.374291
[e065 s0600/1030] loss = 3.425232
[e065 s0650/1030] loss = 3.399922
[e065 s0700/1030] loss = 3.336444
[e065 s0750/1030] loss = 3.372126
[e065 s0800/1030] loss = 3.338273
[e065 s0850/1030] loss = 3.279042
[e065 s0900/1030] loss = 3.223345
[e065 s0950/1030] loss = 3.230164
[e065 s1000/1030] loss = 3.185920
Epoch 065: train_loss = 3.167420  MAE/GAME0 = 23.245  RMSE = 42.248  GAME1 = 23.245  GAME2 = 23.245  GAME3 = 23.245  lr = 1.00e-05  time = 7.8s
[e066 s0001/1030] loss = 0.732460
[e066 s0050/1030] loss = 2.249698
[e066 s0100/1030] loss = 2.320704
[e066 s0150/1030] loss = 2.497883
[e066 s0200/1030] loss = 2.421038
[e066 s0250/1030] loss = 2.341872
[e066 s0300/1030] loss = 2.313412
[e066 s0350/1030] loss = 3.663695
[e066 s0400/1030] loss = 3.506615
[e066 s0450/1030] loss = 3.264960
[e066 s0500/1030] loss = 3.528873
[e066 s0550/1030] loss = 3.516676
[e066 s0600/1030] loss = 3.628894
[e066 s0650/1030] loss = 3.546932
[e066 s0700/1030] loss = 3.544884
[e066 s0750/1030] loss = 3.634079
[e066 s0800/1030] loss = 3.514158
[e066 s0850/1030] loss = 3.434095
[e066 s0900/1030] loss = 3.420451
[e066 s0950/1030] loss = 3.318381
[e066 s1000/1030] loss = 3.302734
Epoch 066: train_loss = 3.255389  MAE/GAME0 = 23.245  RMSE = 42.248  GAME1 = 23.245  GAME2 = 23.245  GAME3 = 23.245  lr = 1.00e-05  time = 7.6s
[e067 s0001/1030] loss = 0.023714
[e067 s0050/1030] loss = 1.836074
[e067 s0100/1030] loss = 2.969724
[e067 s0150/1030] loss = 2.770104
[e067 s0200/1030] loss = 2.940125
[e067 s0250/1030] loss = 2.642754
[e067 s0300/1030] loss = 2.887435
[e067 s0350/1030] loss = 2.862820
[e067 s0400/1030] loss = 2.875336
[e067 s0450/1030] loss = 2.775700
[e067 s0500/1030] loss = 3.171178
[e067 s0550/1030] loss = 3.165985
[e067 s0600/1030] loss = 3.095498
[e067 s0650/1030] loss = 3.106482
[e067 s0700/1030] loss = 3.116917
[e067 s0750/1030] loss = 3.198720
[e067 s0800/1030] loss = 3.186425
[e067 s0850/1030] loss = 3.177593
[e067 s0900/1030] loss = 3.218376
[e067 s0950/1030] loss = 3.172911
[e067 s1000/1030] loss = 3.143240
Epoch 067: train_loss = 3.086509  MAE/GAME0 = 23.245  RMSE = 42.248  GAME1 = 23.245  GAME2 = 23.245  GAME3 = 23.245  lr = 1.00e-05  time = 7.8s
[e068 s0001/1030] loss = 3.078451
[e068 s0050/1030] loss = 7.483280
[e068 s0100/1030] loss = 4.743768
[e068 s0150/1030] loss = 4.054878
[e068 s0200/1030] loss = 3.629014
[e068 s0250/1030] loss = 3.415022
[e068 s0300/1030] loss = 3.279399
[e068 s0350/1030] loss = 3.021116
[e068 s0400/1030] loss = 2.846910
[e068 s0450/1030] loss = 2.793614
[e068 s0500/1030] loss = 2.820257
[e068 s0550/1030] loss = 2.786390
[e068 s0600/1030] loss = 2.716528
[e068 s0650/1030] loss = 2.688696
[e068 s0700/1030] loss = 2.845613
[e068 s0750/1030] loss = 2.818583
[e068 s0800/1030] loss = 3.154094
[e068 s0850/1030] loss = 3.167424
[e068 s0900/1030] loss = 3.171445
[e068 s0950/1030] loss = 3.185657
[e068 s1000/1030] loss = 3.098872
Epoch 068: train_loss = 3.072991  MAE/GAME0 = 23.245  RMSE = 42.248  GAME1 = 23.245  GAME2 = 23.245  GAME3 = 23.245  lr = 1.00e-05  time = 7.7s
[e069 s0001/1030] loss = 1.674394
[e069 s0050/1030] loss = 3.310986
[e069 s0100/1030] loss = 2.957289
[e069 s0150/1030] loss = 3.164378
[e069 s0200/1030] loss = 3.770388
[e069 s0250/1030] loss = 3.336832
[e069 s0300/1030] loss = 3.211056
[e069 s0350/1030] loss = 4.229955
[e069 s0400/1030] loss = 3.936218
[e069 s0450/1030] loss = 3.803213
[e069 s0500/1030] loss = 3.777081
[e069 s0550/1030] loss = 3.872780
[e069 s0600/1030] loss = 3.962074
[e069 s0650/1030] loss = 3.929244
[e069 s0700/1030] loss = 3.838090
[e069 s0750/1030] loss = 3.825834
[e069 s0800/1030] loss = 3.735085
[e069 s0850/1030] loss = 3.607095
[e069 s0900/1030] loss = 3.615566
[e069 s0950/1030] loss = 3.569818
[e069 s1000/1030] loss = 3.506404
Epoch 069: train_loss = 3.468696  MAE/GAME0 = 23.245  RMSE = 42.248  GAME1 = 23.245  GAME2 = 23.245  GAME3 = 23.245  lr = 1.00e-05  time = 7.6s
[e070 s0001/1030] loss = 0.377415
[e070 s0050/1030] loss = 1.776616
[e070 s0100/1030] loss = 1.702369
[e070 s0150/1030] loss = 1.723793
[e070 s0200/1030] loss = 1.979283
[e070 s0250/1030] loss = 2.170226
[e070 s0300/1030] loss = 2.235928
[e070 s0350/1030] loss = 2.388738
[e070 s0400/1030] loss = 2.510620
[e070 s0450/1030] loss = 3.019400
[e070 s0500/1030] loss = 3.299173
[e070 s0550/1030] loss = 3.385284
[e070 s0600/1030] loss = 3.227763
[e070 s0650/1030] loss = 3.259619
[e070 s0700/1030] loss = 3.248369
[e070 s0750/1030] loss = 3.263121
[e070 s0800/1030] loss = 3.152918
[e070 s0850/1030] loss = 3.084719
[e070 s0900/1030] loss = 3.096656
[e070 s0950/1030] loss = 3.170438
[e070 s1000/1030] loss = 3.173660
Epoch 070: train_loss = 3.171063  MAE/GAME0 = 23.245  RMSE = 42.248  GAME1 = 23.245  GAME2 = 23.245  GAME3 = 23.245  lr = 1.00e-05  time = 7.7s
[e071 s0001/1030] loss = 0.000000
[e071 s0050/1030] loss = 2.017198
[e071 s0100/1030] loss = 2.950149
[e071 s0150/1030] loss = 3.000306
[e071 s0200/1030] loss = 2.884017
[e071 s0250/1030] loss = 2.792663
[e071 s0300/1030] loss = 3.433240
[e071 s0350/1030] loss = 3.520670
[e071 s0400/1030] loss = 3.394565
[e071 s0450/1030] loss = 3.359380
[e071 s0500/1030] loss = 3.219455
[e071 s0550/1030] loss = 3.138923
[e071 s0600/1030] loss = 2.996091
[e071 s0650/1030] loss = 3.006530
[e071 s0700/1030] loss = 3.501331
[e071 s0750/1030] loss = 3.433961
[e071 s0800/1030] loss = 3.378624
[e071 s0850/1030] loss = 3.373073
[e071 s0900/1030] loss = 3.320201
[e071 s0950/1030] loss = 3.249653
[e071 s1000/1030] loss = 3.234808
Epoch 071: train_loss = 3.208275  MAE/GAME0 = 23.245  RMSE = 42.248  GAME1 = 23.245  GAME2 = 23.245  GAME3 = 23.245  lr = 1.00e-05  time = 7.7s
[e072 s0001/1030] loss = 0.326479
[e072 s0050/1030] loss = 2.469707
[e072 s0100/1030] loss = 4.700380
[e072 s0150/1030] loss = 4.451813
[e072 s0200/1030] loss = 3.776718
[e072 s0250/1030] loss = 3.495227
[e072 s0300/1030] loss = 3.259457
[e072 s0350/1030] loss = 3.117781
[e072 s0400/1030] loss = 3.152124
[e072 s0450/1030] loss = 3.913470
[e072 s0500/1030] loss = 3.662315
[e072 s0550/1030] loss = 3.589985
[e072 s0600/1030] loss = 3.449299
[e072 s0650/1030] loss = 3.350413
[e072 s0700/1030] loss = 3.450326
[e072 s0750/1030] loss = 3.371759
[e072 s0800/1030] loss = 3.305755
[e072 s0850/1030] loss = 3.282745
[e072 s0900/1030] loss = 3.249941
[e072 s0950/1030] loss = 3.178283
[e072 s1000/1030] loss = 3.128551
Epoch 072: train_loss = 3.092266  MAE/GAME0 = 23.245  RMSE = 42.248  GAME1 = 23.245  GAME2 = 23.245  GAME3 = 23.245  lr = 1.00e-05  time = 7.7s
[e073 s0001/1030] loss = 4.309578
[e073 s0050/1030] loss = 2.049679
[e073 s0100/1030] loss = 2.013528
[e073 s0150/1030] loss = 2.028366
[e073 s0200/1030] loss = 2.322104
[e073 s0250/1030] loss = 2.399836
[e073 s0300/1030] loss = 2.487456
[e073 s0350/1030] loss = 2.421146
[e073 s0400/1030] loss = 2.818459
[e073 s0450/1030] loss = 2.853598
[e073 s0500/1030] loss = 2.771723
[e073 s0550/1030] loss = 3.119970
[e073 s0600/1030] loss = 3.097816
[e073 s0650/1030] loss = 3.074986
[e073 s0700/1030] loss = 3.300632
[e073 s0750/1030] loss = 3.233540
[e073 s0800/1030] loss = 3.236433
[e073 s0850/1030] loss = 3.207763
[e073 s0900/1030] loss = 3.160810
[e073 s0950/1030] loss = 3.085672
[e073 s1000/1030] loss = 3.022188
Epoch 073: train_loss = 3.001243  MAE/GAME0 = 23.245  RMSE = 42.248  GAME1 = 23.245  GAME2 = 23.245  GAME3 = 23.245  lr = 1.00e-05  time = 7.7s
[e074 s0001/1030] loss = 0.247489
[e074 s0050/1030] loss = 2.806590
[e074 s0100/1030] loss = 2.823112
[e074 s0150/1030] loss = 2.869979
[e074 s0200/1030] loss = 2.739866
[e074 s0250/1030] loss = 2.653116
[e074 s0300/1030] loss = 2.589511
[e074 s0350/1030] loss = 2.726919
[e074 s0400/1030] loss = 2.571691
[e074 s0450/1030] loss = 2.531757
[e074 s0500/1030] loss = 2.693592
[e074 s0550/1030] loss = 2.703287
[e074 s0600/1030] loss = 2.799690
[e074 s0650/1030] loss = 2.774810
[e074 s0700/1030] loss = 2.780870
[e074 s0750/1030] loss = 3.012108
[e074 s0800/1030] loss = 3.007509
[e074 s0850/1030] loss = 2.903989
[e074 s0900/1030] loss = 2.825720
[e074 s0950/1030] loss = 2.816108
[e074 s1000/1030] loss = 2.863362
Epoch 074: train_loss = 2.875392  MAE/GAME0 = 23.245  RMSE = 42.248  GAME1 = 23.245  GAME2 = 23.245  GAME3 = 23.245  lr = 1.00e-05  time = 7.8s
[e075 s0001/1030] loss = 10.985145
[e075 s0050/1030] loss = 2.543047
[e075 s0100/1030] loss = 1.985701
[e075 s0150/1030] loss = 2.299266
[e075 s0200/1030] loss = 2.945320
[e075 s0250/1030] loss = 2.686413
[e075 s0300/1030] loss = 2.666717
[e075 s0350/1030] loss = 2.591532
[e075 s0400/1030] loss = 2.715059
[e075 s0450/1030] loss = 2.561033
[e075 s0500/1030] loss = 2.543130
[e075 s0550/1030] loss = 2.617679
[e075 s0600/1030] loss = 3.301055
[e075 s0650/1030] loss = 3.259144
[e075 s0700/1030] loss = 3.383935
[e075 s0750/1030] loss = 3.298174
[e075 s0800/1030] loss = 3.222229
[e075 s0850/1030] loss = 3.146664
[e075 s0900/1030] loss = 3.091474
[e075 s0950/1030] loss = 3.126926
[e075 s1000/1030] loss = 3.051492
Epoch 075: train_loss = 3.044740  MAE/GAME0 = 23.245  RMSE = 42.248  GAME1 = 23.245  GAME2 = 23.245  GAME3 = 23.245  lr = 1.00e-05  time = 7.5s
[e076 s0001/1030] loss = 1.153065
[e076 s0050/1030] loss = 4.398960
[e076 s0100/1030] loss = 3.738976
[e076 s0150/1030] loss = 4.724415
[e076 s0200/1030] loss = 4.150666
[e076 s0250/1030] loss = 3.778542
[e076 s0300/1030] loss = 3.431744
[e076 s0350/1030] loss = 3.330073
[e076 s0400/1030] loss = 3.259766
[e076 s0450/1030] loss = 3.125078
[e076 s0500/1030] loss = 3.188904
[e076 s0550/1030] loss = 3.363351
[e076 s0600/1030] loss = 3.359618
[e076 s0650/1030] loss = 3.290094
[e076 s0700/1030] loss = 3.194780
[e076 s0750/1030] loss = 3.169206
[e076 s0800/1030] loss = 3.492370
[e076 s0850/1030] loss = 3.522930
[e076 s0900/1030] loss = 3.490244
[e076 s0950/1030] loss = 3.391663
[e076 s1000/1030] loss = 3.327934
Epoch 076: train_loss = 3.437882  MAE/GAME0 = 23.245  RMSE = 42.248  GAME1 = 23.245  GAME2 = 23.245  GAME3 = 23.245  lr = 1.00e-05  time = 7.6s
[e077 s0001/1030] loss = 0.501496
[e077 s0050/1030] loss = 4.372328
[e077 s0100/1030] loss = 3.360900
[e077 s0150/1030] loss = 2.820511
[e077 s0200/1030] loss = 2.698593
[e077 s0250/1030] loss = 2.513427
[e077 s0300/1030] loss = 2.455151
[e077 s0350/1030] loss = 2.579880
[e077 s0400/1030] loss = 2.548689
[e077 s0450/1030] loss = 3.139872
[e077 s0500/1030] loss = 3.172335
[e077 s0550/1030] loss = 3.198985
[e077 s0600/1030] loss = 3.089173
[e077 s0650/1030] loss = 3.119518
[e077 s0700/1030] loss = 3.106250
[e077 s0750/1030] loss = 3.124573
[e077 s0800/1030] loss = 3.221672
[e077 s0850/1030] loss = 3.153278
[e077 s0900/1030] loss = 3.096249
[e077 s0950/1030] loss = 3.040952
[e077 s1000/1030] loss = 3.195309
Epoch 077: train_loss = 3.223005  MAE/GAME0 = 23.245  RMSE = 42.248  GAME1 = 23.245  GAME2 = 23.245  GAME3 = 23.245  lr = 1.00e-05  time = 7.7s
[e078 s0001/1030] loss = 0.000000
[e078 s0050/1030] loss = 2.219742
[e078 s0100/1030] loss = 2.509685
[e078 s0150/1030] loss = 3.529794
[e078 s0200/1030] loss = 2.964597
[e078 s0250/1030] loss = 2.715846
[e078 s0300/1030] loss = 2.858263
[e078 s0350/1030] loss = 3.044178
[e078 s0400/1030] loss = 2.910504
[e078 s0450/1030] loss = 2.760175
[e078 s0500/1030] loss = 2.739979
[e078 s0550/1030] loss = 2.701059
[e078 s0600/1030] loss = 2.654061
[e078 s0650/1030] loss = 2.644006
[e078 s0700/1030] loss = 2.664233
[e078 s0750/1030] loss = 2.701741
[e078 s0800/1030] loss = 2.708763
[e078 s0850/1030] loss = 2.681264
[e078 s0900/1030] loss = 2.645444
[e078 s0950/1030] loss = 2.737602
[e078 s1000/1030] loss = 2.786421
Epoch 078: train_loss = 2.814260  MAE/GAME0 = 23.245  RMSE = 42.248  GAME1 = 23.245  GAME2 = 23.245  GAME3 = 23.245  lr = 1.00e-05  time = 7.7s
[e079 s0001/1030] loss = 2.174501
[e079 s0050/1030] loss = 2.832100
[e079 s0100/1030] loss = 3.312052
[e079 s0150/1030] loss = 2.931390
[e079 s0200/1030] loss = 2.845339
[e079 s0250/1030] loss = 2.912605
[e079 s0300/1030] loss = 3.001685
[e079 s0350/1030] loss = 3.206863
[e079 s0400/1030] loss = 3.445763
[e079 s0450/1030] loss = 3.414958
[e079 s0500/1030] loss = 3.440521
[e079 s0550/1030] loss = 3.341870
[e079 s0600/1030] loss = 3.344009
[e079 s0650/1030] loss = 3.213282
[e079 s0700/1030] loss = 3.148267
[e079 s0750/1030] loss = 3.112021
[e079 s0800/1030] loss = 3.352351
[e079 s0850/1030] loss = 3.871210
[e079 s0900/1030] loss = 3.888274
[e079 s0950/1030] loss = 3.764582
[e079 s1000/1030] loss = 3.665836
Epoch 079: train_loss = 3.606080  MAE/GAME0 = 23.245  RMSE = 42.248  GAME1 = 23.245  GAME2 = 23.245  GAME3 = 23.245  lr = 1.00e-05  time = 7.8s
[e080 s0001/1030] loss = 0.751440
[e080 s0050/1030] loss = 4.424118
[e080 s0100/1030] loss = 5.263532
[e080 s0150/1030] loss = 4.254703
[e080 s0200/1030] loss = 3.819590
[e080 s0250/1030] loss = 3.547453
[e080 s0300/1030] loss = 4.086753
[e080 s0350/1030] loss = 3.708372
[e080 s0400/1030] loss = 3.708192
[e080 s0450/1030] loss = 3.506339
[e080 s0500/1030] loss = 3.436813
[e080 s0550/1030] loss = 3.507903
[e080 s0600/1030] loss = 3.509486
[e080 s0650/1030] loss = 3.413833
[e080 s0700/1030] loss = 3.536562
[e080 s0750/1030] loss = 3.446907
[e080 s0800/1030] loss = 3.527275
[e080 s0850/1030] loss = 3.422915
[e080 s0900/1030] loss = 3.397853
[e080 s0950/1030] loss = 3.333931
[e080 s1000/1030] loss = 3.311329
Epoch 080: train_loss = 3.367480  MAE/GAME0 = 23.245  RMSE = 42.248  GAME1 = 23.245  GAME2 = 23.245  GAME3 = 23.245  lr = 1.00e-05  time = 7.6s
[e081 s0001/1030] loss = 0.363966
[e081 s0050/1030] loss = 4.388351
[e081 s0100/1030] loss = 3.500809
[e081 s0150/1030] loss = 4.343421
[e081 s0200/1030] loss = 3.904619
[e081 s0250/1030] loss = 3.601061
[e081 s0300/1030] loss = 3.341188
[e081 s0350/1030] loss = 3.562018
[e081 s0400/1030] loss = 3.531870
[e081 s0450/1030] loss = 3.460713
[e081 s0500/1030] loss = 3.784476
[e081 s0550/1030] loss = 3.633431
[e081 s0600/1030] loss = 3.515757
[e081 s0650/1030] loss = 3.587618
[e081 s0700/1030] loss = 3.521993
[e081 s0750/1030] loss = 3.403638
[e081 s0800/1030] loss = 3.402150
[e081 s0850/1030] loss = 3.358749
[e081 s0900/1030] loss = 3.364481
[e081 s0950/1030] loss = 3.356703
[e081 s1000/1030] loss = 3.319033
Epoch 081: train_loss = 3.283147  MAE/GAME0 = 23.245  RMSE = 42.248  GAME1 = 23.245  GAME2 = 23.245  GAME3 = 23.245  lr = 1.00e-05  time = 7.7s
[e082 s0001/1030] loss = 1.951590
[e082 s0050/1030] loss = 5.223853
[e082 s0100/1030] loss = 5.818088
[e082 s0150/1030] loss = 4.711073
[e082 s0200/1030] loss = 4.097937
[e082 s0250/1030] loss = 3.930955
[e082 s0300/1030] loss = 4.219052
[e082 s0350/1030] loss = 3.838305
[e082 s0400/1030] loss = 3.825894
[e082 s0450/1030] loss = 4.072672
[e082 s0500/1030] loss = 4.025027
[e082 s0550/1030] loss = 4.024351
[e082 s0600/1030] loss = 4.367147
[e082 s0650/1030] loss = 4.315766
[e082 s0700/1030] loss = 4.202853
[e082 s0750/1030] loss = 4.118247
[e082 s0800/1030] loss = 4.068949
[e082 s0850/1030] loss = 3.925071
[e082 s0900/1030] loss = 3.850628
[e082 s0950/1030] loss = 3.768843
[e082 s1000/1030] loss = 3.667695
Epoch 082: train_loss = 3.668843  MAE/GAME0 = 23.245  RMSE = 42.248  GAME1 = 23.245  GAME2 = 23.245  GAME3 = 23.245  lr = 1.00e-05  time = 7.7s
[e083 s0001/1030] loss = 1.572982
[e083 s0050/1030] loss = 3.523057
[e083 s0100/1030] loss = 3.457455
[e083 s0150/1030] loss = 3.115779
[e083 s0200/1030] loss = 2.940642
[e083 s0250/1030] loss = 2.769030
[e083 s0300/1030] loss = 2.779828
[e083 s0350/1030] loss = 2.836862
[e083 s0400/1030] loss = 2.822662
[e083 s0450/1030] loss = 2.833547
[e083 s0500/1030] loss = 2.941960
[e083 s0550/1030] loss = 2.824260
[e083 s0600/1030] loss = 2.952325
[e083 s0650/1030] loss = 2.864564
[e083 s0700/1030] loss = 3.248547
[e083 s0750/1030] loss = 3.198097
[e083 s0800/1030] loss = 3.145390
[e083 s0850/1030] loss = 3.082928
[e083 s0900/1030] loss = 3.057226
[e083 s0950/1030] loss = 3.082121
[e083 s1000/1030] loss = 3.069529
Epoch 083: train_loss = 3.207202  MAE/GAME0 = 23.245  RMSE = 42.248  GAME1 = 23.245  GAME2 = 23.245  GAME3 = 23.245  lr = 1.00e-05  time = 7.6s
[e084 s0001/1030] loss = 1.915368
[e084 s0050/1030] loss = 4.214470
[e084 s0100/1030] loss = 4.039466
[e084 s0150/1030] loss = 3.635202
[e084 s0200/1030] loss = 3.248708
[e084 s0250/1030] loss = 3.458054
[e084 s0300/1030] loss = 3.320280
[e084 s0350/1030] loss = 3.209120
[e084 s0400/1030] loss = 3.481814
[e084 s0450/1030] loss = 3.295129
[e084 s0500/1030] loss = 3.155611
[e084 s0550/1030] loss = 3.138622
[e084 s0600/1030] loss = 3.035480
[e084 s0650/1030] loss = 2.927468
[e084 s0700/1030] loss = 2.879355
[e084 s0750/1030] loss = 2.813873
[e084 s0800/1030] loss = 2.841051
[e084 s0850/1030] loss = 2.906066
[e084 s0900/1030] loss = 2.956716
[e084 s0950/1030] loss = 2.941360
[e084 s1000/1030] loss = 2.886310
Epoch 084: train_loss = 2.876316  MAE/GAME0 = 23.245  RMSE = 42.248  GAME1 = 23.245  GAME2 = 23.245  GAME3 = 23.245  lr = 1.00e-05  time = 7.7s
[e085 s0001/1030] loss = 7.911217
[e085 s0050/1030] loss = 2.546911
[e085 s0100/1030] loss = 3.103502
[e085 s0150/1030] loss = 4.528901
[e085 s0200/1030] loss = 5.365837
[e085 s0250/1030] loss = 4.975443
[e085 s0300/1030] loss = 4.460992
[e085 s0350/1030] loss = 4.177632
[e085 s0400/1030] loss = 4.253605
[e085 s0450/1030] loss = 3.969713
[e085 s0500/1030] loss = 4.050491
[e085 s0550/1030] loss = 3.887309
[e085 s0600/1030] loss = 3.812558
[e085 s0650/1030] loss = 3.712036
[e085 s0700/1030] loss = 3.706914
[e085 s0750/1030] loss = 3.576884
[e085 s0800/1030] loss = 3.498036
[e085 s0850/1030] loss = 3.550560
[e085 s0900/1030] loss = 3.528229
[e085 s0950/1030] loss = 3.489907
[e085 s1000/1030] loss = 3.464143
Epoch 085: train_loss = 3.416813  MAE/GAME0 = 23.245  RMSE = 42.248  GAME1 = 23.245  GAME2 = 23.245  GAME3 = 23.245  lr = 1.00e-05  time = 7.8s
[e086 s0001/1030] loss = 1.171493
[e086 s0050/1030] loss = 5.129252
[e086 s0100/1030] loss = 4.364712
[e086 s0150/1030] loss = 3.714330
[e086 s0200/1030] loss = 3.296761
[e086 s0250/1030] loss = 2.930612
[e086 s0300/1030] loss = 2.752059
[e086 s0350/1030] loss = 2.937906
[e086 s0400/1030] loss = 2.920346
[e086 s0450/1030] loss = 3.002146
[e086 s0500/1030] loss = 3.335560
[e086 s0550/1030] loss = 3.341862
[e086 s0600/1030] loss = 3.205235
[e086 s0650/1030] loss = 3.189198
[e086 s0700/1030] loss = 3.298076
[e086 s0750/1030] loss = 3.214292
[e086 s0800/1030] loss = 3.385690
[e086 s0850/1030] loss = 3.337019
[e086 s0900/1030] loss = 3.263920
[e086 s0950/1030] loss = 3.261321
[e086 s1000/1030] loss = 3.236394
Epoch 086: train_loss = 3.207700  MAE/GAME0 = 23.245  RMSE = 42.248  GAME1 = 23.245  GAME2 = 23.245  GAME3 = 23.245  lr = 1.00e-05  time = 7.7s
[e087 s0001/1030] loss = 8.680447
[e087 s0050/1030] loss = 3.708813
[e087 s0100/1030] loss = 2.905323
[e087 s0150/1030] loss = 3.048230
[e087 s0200/1030] loss = 2.789427
[e087 s0250/1030] loss = 2.642331
[e087 s0300/1030] loss = 3.277960
[e087 s0350/1030] loss = 3.193821
[e087 s0400/1030] loss = 3.202808
[e087 s0450/1030] loss = 3.119074
[e087 s0500/1030] loss = 3.008129
[e087 s0550/1030] loss = 3.013230
[e087 s0600/1030] loss = 2.973764
[e087 s0650/1030] loss = 3.330460
[e087 s0700/1030] loss = 3.340020
[e087 s0750/1030] loss = 3.339008
[e087 s0800/1030] loss = 3.379692
[e087 s0850/1030] loss = 3.374731
[e087 s0900/1030] loss = 3.320409
[e087 s0950/1030] loss = 3.230366
[e087 s1000/1030] loss = 3.239223
Epoch 087: train_loss = 3.298868  MAE/GAME0 = 23.214  RMSE = 42.230  GAME1 = 23.223  GAME2 = 23.241  GAME3 = 23.251  lr = 1.00e-05  time = 7.7s
[e088 s0001/1030] loss = 0.000290
[e088 s0050/1030] loss = 2.723410
[e088 s0100/1030] loss = 6.493692
[e088 s0150/1030] loss = 5.316389
[e088 s0200/1030] loss = 4.779949
[e088 s0250/1030] loss = 4.180823
[e088 s0300/1030] loss = 3.838806
[e088 s0350/1030] loss = 4.015503
[e088 s0400/1030] loss = 3.898001
[e088 s0450/1030] loss = 3.703673
[e088 s0500/1030] loss = 4.036797
[e088 s0550/1030] loss = 3.823519
[e088 s0600/1030] loss = 3.675635
[e088 s0650/1030] loss = 4.269924
[e088 s0700/1030] loss = 4.554864
[e088 s0750/1030] loss = 4.329882
[e088 s0800/1030] loss = 4.194656
[e088 s0850/1030] loss = 4.123271
[e088 s0900/1030] loss = 4.024616
[e088 s0950/1030] loss = 4.064779
[e088 s1000/1030] loss = 4.080177
Epoch 088: train_loss = 4.018249  MAE/GAME0 = 23.245  RMSE = 42.248  GAME1 = 23.245  GAME2 = 23.245  GAME3 = 23.245  lr = 1.00e-05  time = 7.7s
[e089 s0001/1030] loss = 0.000000
[e089 s0050/1030] loss = 1.437755
[e089 s0100/1030] loss = 4.242724
[e089 s0150/1030] loss = 3.338180
[e089 s0200/1030] loss = 3.267344
[e089 s0250/1030] loss = 2.990558
[e089 s0300/1030] loss = 3.146764
[e089 s0350/1030] loss = 3.067372
[e089 s0400/1030] loss = 2.929235
[e089 s0450/1030] loss = 2.855009
[e089 s0500/1030] loss = 2.889108
[e089 s0550/1030] loss = 2.871445
[e089 s0600/1030] loss = 2.792815
[e089 s0650/1030] loss = 2.788906
[e089 s0700/1030] loss = 3.035803
[e089 s0750/1030] loss = 2.979193
[e089 s0800/1030] loss = 3.138424
[e089 s0850/1030] loss = 3.107692
[e089 s0900/1030] loss = 3.034243
[e089 s0950/1030] loss = 3.034588
[e089 s1000/1030] loss = 2.983823
Epoch 089: train_loss = 2.962501  MAE/GAME0 = 23.245  RMSE = 42.248  GAME1 = 23.245  GAME2 = 23.245  GAME3 = 23.245  lr = 1.00e-05  time = 7.7s
[e090 s0001/1030] loss = 0.211494
[e090 s0050/1030] loss = 1.708173
[e090 s0100/1030] loss = 2.099878
[e090 s0150/1030] loss = 2.433654
[e090 s0200/1030] loss = 2.217025
[e090 s0250/1030] loss = 2.509521
[e090 s0300/1030] loss = 2.360954
[e090 s0350/1030] loss = 2.367887
[e090 s0400/1030] loss = 2.404721
[e090 s0450/1030] loss = 2.614607
[e090 s0500/1030] loss = 2.508128
[e090 s0550/1030] loss = 2.707414
[e090 s0600/1030] loss = 2.657851
[e090 s0650/1030] loss = 2.970749
[e090 s0700/1030] loss = 3.382053
[e090 s0750/1030] loss = 3.384506
[e090 s0800/1030] loss = 3.432776
[e090 s0850/1030] loss = 3.382832
[e090 s0900/1030] loss = 3.313746
[e090 s0950/1030] loss = 3.256561
[e090 s1000/1030] loss = 3.282661
Epoch 090: train_loss = 3.269553  MAE/GAME0 = 23.245  RMSE = 42.248  GAME1 = 23.245  GAME2 = 23.245  GAME3 = 23.245  lr = 1.00e-05  time = 7.6s
[e091 s0001/1030] loss = 0.429345
[e091 s0050/1030] loss = 2.633565
[e091 s0100/1030] loss = 2.383029
[e091 s0150/1030] loss = 2.800599
[e091 s0200/1030] loss = 2.883655
[e091 s0250/1030] loss = 2.781799
[e091 s0300/1030] loss = 2.659441
[e091 s0350/1030] loss = 2.562132
[e091 s0400/1030] loss = 2.875422
[e091 s0450/1030] loss = 2.851692
[e091 s0500/1030] loss = 2.791729
[e091 s0550/1030] loss = 2.858351
[e091 s0600/1030] loss = 2.745334
[e091 s0650/1030] loss = 2.627674
[e091 s0700/1030] loss = 2.598254
[e091 s0750/1030] loss = 2.963636
[e091 s0800/1030] loss = 2.925596
[e091 s0850/1030] loss = 2.873072
[e091 s0900/1030] loss = 2.828809
[e091 s0950/1030] loss = 2.778388
[e091 s1000/1030] loss = 2.796187
Epoch 091: train_loss = 2.831684  MAE/GAME0 = 23.245  RMSE = 42.248  GAME1 = 23.245  GAME2 = 23.245  GAME3 = 23.245  lr = 1.00e-05  time = 7.7s
[e092 s0001/1030] loss = 2.852933
[e092 s0050/1030] loss = 3.705207
[e092 s0100/1030] loss = 3.009112
[e092 s0150/1030] loss = 3.454869
[e092 s0200/1030] loss = 3.396069
[e092 s0250/1030] loss = 3.118878
[e092 s0300/1030] loss = 3.032547
[e092 s0350/1030] loss = 2.869470
[e092 s0400/1030] loss = 2.719057
[e092 s0450/1030] loss = 2.781018
[e092 s0500/1030] loss = 2.788832
[e092 s0550/1030] loss = 2.790341
[e092 s0600/1030] loss = 2.768019
[e092 s0650/1030] loss = 2.701288
[e092 s0700/1030] loss = 2.800000
[e092 s0750/1030] loss = 2.808619
[e092 s0800/1030] loss = 2.800990
[e092 s0850/1030] loss = 2.852942
[e092 s0900/1030] loss = 2.946122
[e092 s0950/1030] loss = 2.942671
[e092 s1000/1030] loss = 3.103669
Epoch 092: train_loss = 3.181460  MAE/GAME0 = 23.245  RMSE = 42.248  GAME1 = 23.245  GAME2 = 23.245  GAME3 = 23.245  lr = 1.00e-05  time = 7.7s
[e093 s0001/1030] loss = 0.000000
[e093 s0050/1030] loss = 3.533758
[e093 s0100/1030] loss = 2.863414
[e093 s0150/1030] loss = 2.967365
[e093 s0200/1030] loss = 2.761562
[e093 s0250/1030] loss = 2.768990
[e093 s0300/1030] loss = 2.656198
[e093 s0350/1030] loss = 2.575053
[e093 s0400/1030] loss = 3.076936
[e093 s0450/1030] loss = 3.069578
[e093 s0500/1030] loss = 3.120218
[e093 s0550/1030] loss = 2.955149
[e093 s0600/1030] loss = 2.954320
[e093 s0650/1030] loss = 2.992957
[e093 s0700/1030] loss = 3.016925
[e093 s0750/1030] loss = 3.145727
[e093 s0800/1030] loss = 3.079066
[e093 s0850/1030] loss = 3.046809
[e093 s0900/1030] loss = 3.588883
[e093 s0950/1030] loss = 3.547020
[e093 s1000/1030] loss = 3.500619
Epoch 093: train_loss = 3.475305  MAE/GAME0 = 23.245  RMSE = 42.248  GAME1 = 23.245  GAME2 = 23.245  GAME3 = 23.245  lr = 1.00e-05  time = 7.7s
[e094 s0001/1030] loss = 0.729101
[e094 s0050/1030] loss = 2.525903
[e094 s0100/1030] loss = 4.070903
[e094 s0150/1030] loss = 3.623610
[e094 s0200/1030] loss = 3.384949
[e094 s0250/1030] loss = 4.857565
[e094 s0300/1030] loss = 4.544638
[e094 s0350/1030] loss = 4.273530
[e094 s0400/1030] loss = 4.153171
[e094 s0450/1030] loss = 3.995739
[e094 s0500/1030] loss = 3.833942
[e094 s0550/1030] loss = 3.938601
[e094 s0600/1030] loss = 3.836196
[e094 s0650/1030] loss = 3.715074
[e094 s0700/1030] loss = 3.577369
[e094 s0750/1030] loss = 3.580118
[e094 s0800/1030] loss = 3.643250
[e094 s0850/1030] loss = 3.802438
[e094 s0900/1030] loss = 3.719387
[e094 s0950/1030] loss = 3.665492
[e094 s1000/1030] loss = 3.577851
Epoch 094: train_loss = 3.544432  MAE/GAME0 = 23.245  RMSE = 42.248  GAME1 = 23.245  GAME2 = 23.245  GAME3 = 23.245  lr = 1.00e-05  time = 7.6s
[e095 s0001/1030] loss = 1.626871
[e095 s0050/1030] loss = 4.515663
[e095 s0100/1030] loss = 3.282788
[e095 s0150/1030] loss = 2.963519
[e095 s0200/1030] loss = 2.923174
[e095 s0250/1030] loss = 2.969992
[e095 s0300/1030] loss = 2.901017
[e095 s0350/1030] loss = 2.705289
[e095 s0400/1030] loss = 2.761806
[e095 s0450/1030] loss = 2.754785
[e095 s0500/1030] loss = 2.669183
[e095 s0550/1030] loss = 3.506781
[e095 s0600/1030] loss = 3.381525
[e095 s0650/1030] loss = 3.317170
[e095 s0700/1030] loss = 3.292944
[e095 s0750/1030] loss = 3.241638
[e095 s0800/1030] loss = 3.134149
[e095 s0850/1030] loss = 3.065770
[e095 s0900/1030] loss = 3.000562
[e095 s0950/1030] loss = 2.997014
[e095 s1000/1030] loss = 3.110559
Epoch 095: train_loss = 3.067523  MAE/GAME0 = 23.245  RMSE = 42.248  GAME1 = 23.245  GAME2 = 23.245  GAME3 = 23.245  lr = 1.00e-05  time = 7.7s
[e096 s0001/1030] loss = 0.143099
[e096 s0050/1030] loss = 3.705372
[e096 s0100/1030] loss = 4.032590
[e096 s0150/1030] loss = 3.957158
[e096 s0200/1030] loss = 3.532500
[e096 s0250/1030] loss = 3.198367
[e096 s0300/1030] loss = 4.325282
[e096 s0350/1030] loss = 4.010678
[e096 s0400/1030] loss = 3.882546
[e096 s0450/1030] loss = 3.641024
[e096 s0500/1030] loss = 3.579189
[e096 s0550/1030] loss = 3.538848
[e096 s0600/1030] loss = 3.474123
[e096 s0650/1030] loss = 3.323889
[e096 s0700/1030] loss = 3.282304
[e096 s0750/1030] loss = 3.202428
[e096 s0800/1030] loss = 3.356698
[e096 s0850/1030] loss = 3.316257
[e096 s0900/1030] loss = 3.397855
[e096 s0950/1030] loss = 3.347509
[e096 s1000/1030] loss = 3.418681
Epoch 096: train_loss = 3.378284  MAE/GAME0 = 23.245  RMSE = 42.248  GAME1 = 23.245  GAME2 = 23.245  GAME3 = 23.245  lr = 1.00e-05  time = 7.7s
[e097 s0001/1030] loss = 2.648437
[e097 s0050/1030] loss = 2.153270
[e097 s0100/1030] loss = 2.089859
[e097 s0150/1030] loss = 3.593013
[e097 s0200/1030] loss = 3.149808
[e097 s0250/1030] loss = 2.996123
[e097 s0300/1030] loss = 2.873960
[e097 s0350/1030] loss = 2.897745
[e097 s0400/1030] loss = 3.025609
[e097 s0450/1030] loss = 2.863400
[e097 s0500/1030] loss = 2.961606
[e097 s0550/1030] loss = 3.395919
[e097 s0600/1030] loss = 3.270292
[e097 s0650/1030] loss = 3.185319
[e097 s0700/1030] loss = 3.082210
[e097 s0750/1030] loss = 2.997678
[e097 s0800/1030] loss = 2.981997
[e097 s0850/1030] loss = 2.924692
[e097 s0900/1030] loss = 2.895776
[e097 s0950/1030] loss = 2.862994
[e097 s1000/1030] loss = 3.331307
Epoch 097: train_loss = 3.281200  MAE/GAME0 = 23.245  RMSE = 42.248  GAME1 = 23.245  GAME2 = 23.245  GAME3 = 23.245  lr = 1.00e-05  time = 7.6s
[e098 s0001/1030] loss = 2.712544
[e098 s0050/1030] loss = 3.738377
[e098 s0100/1030] loss = 2.755671
[e098 s0150/1030] loss = 2.616987
[e098 s0200/1030] loss = 2.771450
[e098 s0250/1030] loss = 3.489746
[e098 s0300/1030] loss = 3.224932
[e098 s0350/1030] loss = 3.293104
[e098 s0400/1030] loss = 3.181525
[e098 s0450/1030] loss = 3.038303
[e098 s0500/1030] loss = 2.916046
[e098 s0550/1030] loss = 2.790101
[e098 s0600/1030] loss = 3.081058
[e098 s0650/1030] loss = 3.005098
[e098 s0700/1030] loss = 2.948771
[e098 s0750/1030] loss = 3.178542
[e098 s0800/1030] loss = 3.136845
[e098 s0850/1030] loss = 3.417485
[e098 s0900/1030] loss = 3.289929
[e098 s0950/1030] loss = 3.314543
[e098 s1000/1030] loss = 3.257071
Epoch 098: train_loss = 3.239191  MAE/GAME0 = 23.245  RMSE = 42.248  GAME1 = 23.245  GAME2 = 23.245  GAME3 = 23.245  lr = 1.00e-05  time = 7.6s
[e099 s0001/1030] loss = 0.991175
[e099 s0050/1030] loss = 3.993628
[e099 s0100/1030] loss = 3.432431
[e099 s0150/1030] loss = 3.105076
[e099 s0200/1030] loss = 3.685472
[e099 s0250/1030] loss = 3.346687
[e099 s0300/1030] loss = 3.570052
[e099 s0350/1030] loss = 3.412008
[e099 s0400/1030] loss = 3.254176
[e099 s0450/1030] loss = 3.223279
[e099 s0500/1030] loss = 3.110931
[e099 s0550/1030] loss = 3.176811
[e099 s0600/1030] loss = 3.153667
[e099 s0650/1030] loss = 3.069171
[e099 s0700/1030] loss = 2.955555
[e099 s0750/1030] loss = 2.947291
[e099 s0800/1030] loss = 2.909273
[e099 s0850/1030] loss = 2.876123
[e099 s0900/1030] loss = 2.937385
[e099 s0950/1030] loss = 3.227741
[e099 s1000/1030] loss = 3.265230
Epoch 099: train_loss = 3.381327  MAE/GAME0 = 23.245  RMSE = 42.248  GAME1 = 23.245  GAME2 = 23.245  GAME3 = 23.245  lr = 1.00e-05  time = 7.6s
[e100 s0001/1030] loss = 1.989019
[e100 s0050/1030] loss = 2.662643
[e100 s0100/1030] loss = 3.316730
[e100 s0150/1030] loss = 3.876948
[e100 s0200/1030] loss = 3.685625
[e100 s0250/1030] loss = 3.571480
[e100 s0300/1030] loss = 3.294249
[e100 s0350/1030] loss = 3.285476
[e100 s0400/1030] loss = 3.257336
[e100 s0450/1030] loss = 3.567966
[e100 s0500/1030] loss = 3.510873
[e100 s0550/1030] loss = 3.380173
[e100 s0600/1030] loss = 3.266113
[e100 s0650/1030] loss = 3.172423
[e100 s0700/1030] loss = 3.083746
[e100 s0750/1030] loss = 3.040477
[e100 s0800/1030] loss = 3.468709
[e100 s0850/1030] loss = 3.473920
[e100 s0900/1030] loss = 3.464066
[e100 s0950/1030] loss = 3.404675
[e100 s1000/1030] loss = 3.402542
Epoch 100: train_loss = 3.349429  MAE/GAME0 = 23.245  RMSE = 42.248  GAME1 = 23.245  GAME2 = 23.245  GAME3 = 23.245  lr = 1.00e-05  time = 7.7s
[done] best_mae = 18.115  best_path = /scratch/users/ntu/kenneth0/FYP-SmartObjectCounter/outputs/train_rgbt_early_e100_sanity/12839451.pbs101_20260206_162350/best.pth
