[log] /scratch/users/ntu/kenneth0/FYP-SmartObjectCounter/logs/train_rgbt_adaptive_late_e100_sanity_12759467.pbs101_20260119_215045.log
[job] name=train_rgbt_adaptive_late_e100_sanity id=12759467.pbs101 host=x1000c0s2b0n0 time=Mon Jan 19 21:50:45 +08 2026
[init] device = cuda
[init] train = 1030  val = 200  workers = 4
/scratch/users/ntu/kenneth0/FYP-SmartObjectCounter/scripts/train_rgbt.py:377: FutureWarning: `torch.cuda.amp.GradScaler(args...)` is deprecated. Please use `torch.amp.GradScaler('cuda', args...)` instead.
  scaler = GradScaler(enabled = bool(args.amp))
[e001 s0001/1030] loss = 0.721010
[e001 s0050/1030] loss = 0.695089
[e001 s0100/1030] loss = 0.750008
[e001 s0150/1030] loss = 0.782264
[e001 s0200/1030] loss = 0.753644
[e001 s0250/1030] loss = 0.750659
[e001 s0300/1030] loss = 0.731364
[e001 s0350/1030] loss = 0.728892
[e001 s0400/1030] loss = 0.740296
[e001 s0450/1030] loss = 0.746346
[e001 s0500/1030] loss = 0.741156
[e001 s0550/1030] loss = 0.733252
[e001 s0600/1030] loss = 0.731470
[e001 s0650/1030] loss = 0.729970
[e001 s0700/1030] loss = 0.737850
[e001 s0750/1030] loss = 0.734998
[e001 s0800/1030] loss = 0.732266
[e001 s0850/1030] loss = 0.725134
[e001 s0900/1030] loss = 0.726004
[e001 s0950/1030] loss = 0.723637
[e001 s1000/1030] loss = 0.725325
Epoch 001: train_loss = 0.721864  MAE/GAME0 = 84.475  RMSE = 105.951  GAME1 = 117.429  GAME2 = 177.193  GAME3 = 192.574  lr = 1.00e-05  time = 23.0s
[e002 s0001/1030] loss = 1.660129
[e002 s0050/1030] loss = 0.809189
[e002 s0100/1030] loss = 0.810085
[e002 s0150/1030] loss = 0.762229
[e002 s0200/1030] loss = 0.743693
[e002 s0250/1030] loss = 0.718189
[e002 s0300/1030] loss = 0.701234
[e002 s0350/1030] loss = 0.696585
[e002 s0400/1030] loss = 0.698334
[e002 s0450/1030] loss = 0.693022
[e002 s0500/1030] loss = 0.704422
[e002 s0550/1030] loss = 0.707839
[e002 s0600/1030] loss = 0.703367
[e002 s0650/1030] loss = 0.697576
[e002 s0700/1030] loss = 0.701204
[e002 s0750/1030] loss = 0.699410
[e002 s0800/1030] loss = 0.699482
[e002 s0850/1030] loss = 0.693334
[e002 s0900/1030] loss = 0.704584
[e002 s0950/1030] loss = 0.702237
[e002 s1000/1030] loss = 0.702460
Epoch 002: train_loss = 0.706204  MAE/GAME0 = 84.087  RMSE = 105.588  GAME1 = 117.073  GAME2 = 176.855  GAME3 = 192.179  lr = 1.00e-05  time = 10.8s
[e003 s0001/1030] loss = 0.930259
[e003 s0050/1030] loss = 0.761033
[e003 s0100/1030] loss = 0.777018
[e003 s0150/1030] loss = 0.737882
[e003 s0200/1030] loss = 0.729336
[e003 s0250/1030] loss = 0.714959
[e003 s0300/1030] loss = 0.705678
[e003 s0350/1030] loss = 0.717280
[e003 s0400/1030] loss = 0.709574
[e003 s0450/1030] loss = 0.720919
[e003 s0500/1030] loss = 0.715235
[e003 s0550/1030] loss = 0.718667
[e003 s0600/1030] loss = 0.733627
[e003 s0650/1030] loss = 0.727967
[e003 s0700/1030] loss = 0.720580
[e003 s0750/1030] loss = 0.720970
[e003 s0800/1030] loss = 0.715553
[e003 s0850/1030] loss = 0.715458
[e003 s0900/1030] loss = 0.714807
[e003 s0950/1030] loss = 0.716471
[e003 s1000/1030] loss = 0.718655
Epoch 003: train_loss = 0.714048  MAE/GAME0 = 83.336  RMSE = 104.898  GAME1 = 116.447  GAME2 = 176.107  GAME3 = 191.378  lr = 1.00e-05  time = 10.9s
[e004 s0001/1030] loss = 0.554760
[e004 s0050/1030] loss = 0.637835
[e004 s0100/1030] loss = 0.639427
[e004 s0150/1030] loss = 0.650408
[e004 s0200/1030] loss = 0.679681
[e004 s0250/1030] loss = 0.683481
[e004 s0300/1030] loss = 0.662113
[e004 s0350/1030] loss = 0.675647
[e004 s0400/1030] loss = 0.683410
[e004 s0450/1030] loss = 0.686347
[e004 s0500/1030] loss = 0.689318
[e004 s0550/1030] loss = 0.693409
[e004 s0600/1030] loss = 0.688703
[e004 s0650/1030] loss = 0.692193
[e004 s0700/1030] loss = 0.691746
[e004 s0750/1030] loss = 0.697443
[e004 s0800/1030] loss = 0.700152
[e004 s0850/1030] loss = 0.697706
[e004 s0900/1030] loss = 0.698144
[e004 s0950/1030] loss = 0.701537
[e004 s1000/1030] loss = 0.698913
Epoch 004: train_loss = 0.697799  MAE/GAME0 = 83.347  RMSE = 104.907  GAME1 = 116.457  GAME2 = 176.119  GAME3 = 191.390  lr = 1.00e-05  time = 10.8s
[e005 s0001/1030] loss = 0.933623
[e005 s0050/1030] loss = 0.770822
[e005 s0100/1030] loss = 0.786540
[e005 s0150/1030] loss = 0.769649
[e005 s0200/1030] loss = 0.747150
[e005 s0250/1030] loss = 0.734767
[e005 s0300/1030] loss = 0.741987
[e005 s0350/1030] loss = 0.734327
[e005 s0400/1030] loss = 0.730484
[e005 s0450/1030] loss = 0.724419
[e005 s0500/1030] loss = 0.720255
[e005 s0550/1030] loss = 0.714136
[e005 s0600/1030] loss = 0.710737
[e005 s0650/1030] loss = 0.715140
[e005 s0700/1030] loss = 0.712091
[e005 s0750/1030] loss = 0.704890
[e005 s0800/1030] loss = 0.704056
[e005 s0850/1030] loss = 0.707735
[e005 s0900/1030] loss = 0.705450
[e005 s0950/1030] loss = 0.707428
[e005 s1000/1030] loss = 0.708921
Epoch 005: train_loss = 0.703808  MAE/GAME0 = 83.367  RMSE = 104.925  GAME1 = 116.474  GAME2 = 176.139  GAME3 = 191.412  lr = 1.00e-05  time = 11.0s
[e006 s0001/1030] loss = 0.565068
[e006 s0050/1030] loss = 0.540140
[e006 s0100/1030] loss = 0.479997
[e006 s0150/1030] loss = 0.432978
[e006 s0200/1030] loss = 0.379574
[e006 s0250/1030] loss = 0.340262
[e006 s0300/1030] loss = 0.304874
[e006 s0350/1030] loss = 0.274691
[e006 s0400/1030] loss = 0.250227
[e006 s0450/1030] loss = 0.229117
[e006 s0500/1030] loss = 0.210582
[e006 s0550/1030] loss = 0.194317
[e006 s0600/1030] loss = 0.180480
[e006 s0650/1030] loss = 0.168226
[e006 s0700/1030] loss = 0.157306
[e006 s0750/1030] loss = 0.147562
[e006 s0800/1030] loss = 0.139160
[e006 s0850/1030] loss = 0.131368
[e006 s0900/1030] loss = 0.124494
[e006 s0950/1030] loss = 0.118397
[e006 s1000/1030] loss = 0.112756
Epoch 006: train_loss = 0.109581  MAE/GAME0 = 60.914  RMSE = 86.641  GAME1 = 62.687  GAME2 = 67.991  GAME3 = 69.340  lr = 1.00e-05  time = 20.1s
[e007 s0001/1030] loss = 0.000951
[e007 s0050/1030] loss = 0.005513
[e007 s0100/1030] loss = 0.004401
[e007 s0150/1030] loss = 0.004454
[e007 s0200/1030] loss = 0.004439
[e007 s0250/1030] loss = 0.004104
[e007 s0300/1030] loss = 0.003897
[e007 s0350/1030] loss = 0.004269
[e007 s0400/1030] loss = 0.004033
[e007 s0450/1030] loss = 0.003988
[e007 s0500/1030] loss = 0.004001
[e007 s0550/1030] loss = 0.004811
[e007 s0600/1030] loss = 0.004878
[e007 s0650/1030] loss = 0.004731
[e007 s0700/1030] loss = 0.004938
[e007 s0750/1030] loss = 0.004796
[e007 s0800/1030] loss = 0.004663
[e007 s0850/1030] loss = 0.004582
[e007 s0900/1030] loss = 0.004535
[e007 s0950/1030] loss = 0.004440
[e007 s1000/1030] loss = 0.004360
Epoch 007: train_loss = 0.004352  MAE/GAME0 = 65.252  RMSE = 89.717  GAME1 = 65.298  GAME2 = 65.539  GAME3 = 65.615  lr = 1.00e-05  time = 20.2s
[e008 s0001/1030] loss = 0.002588
[e008 s0050/1030] loss = 0.002736
[e008 s0100/1030] loss = 0.002943
[e008 s0150/1030] loss = 0.003083
[e008 s0200/1030] loss = 0.002958
[e008 s0250/1030] loss = 0.002743
[e008 s0300/1030] loss = 0.002983
[e008 s0350/1030] loss = 0.003104
[e008 s0400/1030] loss = 0.002964
[e008 s0450/1030] loss = 0.003252
[e008 s0500/1030] loss = 0.003925
[e008 s0550/1030] loss = 0.004084
[e008 s0600/1030] loss = 0.004237
[e008 s0650/1030] loss = 0.004125
[e008 s0700/1030] loss = 0.004295
[e008 s0750/1030] loss = 0.004152
[e008 s0800/1030] loss = 0.004121
[e008 s0850/1030] loss = 0.004118
[e008 s0900/1030] loss = 113.606325
[e008 s0950/1030] loss = 107.627212
[e008 s1000/1030] loss = 102.246040
Epoch 008: train_loss = 99.268142  MAE/GAME0 = 65.417  RMSE = 89.837  GAME1 = 65.423  GAME2 = 65.462  GAME3 = 65.478  lr = 1.00e-05  time = 19.8s
[e009 s0001/1030] loss = 0.003845
[e009 s0050/1030] loss = 3539.374921
[e009 s0100/1030] loss = 1769.690234
[e009 s0150/1030] loss = 1179.794624
[e009 s0200/1030] loss = 917.725115
[e009 s0250/1030] loss = 742.726765
[e009 s0300/1030] loss = 618.939514
[e009 s0350/1030] loss = 534.544136
[e009 s0400/1030] loss = 468.332988
[e009 s0450/1030] loss = 416.812085
[e009 s0500/1030] loss = 383.708612
[e009 s0550/1030] loss = 349.067037
[e009 s0600/1030] loss = 322.931186
[e009 s0650/1030] loss = 298.885551
[e009 s0700/1030] loss = 277.536815
[e009 s0750/1030] loss = 259.034641
[e009 s0800/1030] loss = 242.845226
[e009 s0850/1030] loss = 228.560354
[e009 s0900/1030] loss = 216.341798
[e009 s0950/1030] loss = 205.299556
[e009 s1000/1030] loss = 195.356824
Epoch 009: train_loss = 189.666912  MAE/GAME0 = 65.448  RMSE = 89.860  GAME1 = 65.448  GAME2 = 65.451  GAME3 = 65.452  lr = 1.00e-05  time = 19.7s
[e010 s0001/1030] loss = 0.002524
[e010 s0050/1030] loss = 7.440480
[e010 s0100/1030] loss = 12.604087
[e010 s0150/1030] loss = 8.405410
[e010 s0200/1030] loss = 8.270417
[e010 s0250/1030] loss = 6.617007
[e010 s0300/1030] loss = 5.515281
[e010 s0350/1030] loss = 4.727872
[e010 s0400/1030] loss = 5.247778
[e010 s0450/1030] loss = 4.665200
[e010 s0500/1030] loss = 4.365449
[e010 s0550/1030] loss = 3.968829
[e010 s0600/1030] loss = 3.638735
[e010 s0650/1030] loss = 3.528888
[e010 s0700/1030] loss = 3.441719
[e010 s0750/1030] loss = 3.336964
[e010 s0800/1030] loss = 3.128718
[e010 s0850/1030] loss = 2.944797
[e010 s0900/1030] loss = 2.781368
[e010 s0950/1030] loss = 2.639685
[e010 s1000/1030] loss = 2.507923
Epoch 010: train_loss = 2.435206  MAE/GAME0 = 65.450  RMSE = 89.862  GAME1 = 65.450  GAME2 = 65.450  GAME3 = 65.450  lr = 1.00e-05  time = 19.7s
[e011 s0001/1030] loss = 0.000075
[e011 s0050/1030] loss = 0.002784
[e011 s0100/1030] loss = 0.003242
[e011 s0150/1030] loss = 0.003156
[e011 s0200/1030] loss = 0.004092
[e011 s0250/1030] loss = 0.004077
[e011 s0300/1030] loss = 0.004896
[e011 s0350/1030] loss = 0.004842
[e011 s0400/1030] loss = 0.004947
[e011 s0450/1030] loss = 0.005130
[e011 s0500/1030] loss = 0.005084
[e011 s0550/1030] loss = 0.004979
[e011 s0600/1030] loss = 0.004793
[e011 s0650/1030] loss = 0.004654
[e011 s0700/1030] loss = 0.004648
[e011 s0750/1030] loss = 0.004452
[e011 s0800/1030] loss = 0.004322
[e011 s0850/1030] loss = 0.004270
[e011 s0900/1030] loss = 0.004149
[e011 s0950/1030] loss = 0.004232
[e011 s1000/1030] loss = 0.004225
Epoch 011: train_loss = 0.004155  MAE/GAME0 = 65.449  RMSE = 89.861  GAME1 = 65.449  GAME2 = 65.450  GAME3 = 65.451  lr = 1.00e-05  time = 19.8s
[e012 s0001/1030] loss = 0.000000
[e012 s0050/1030] loss = 0.004325
[e012 s0100/1030] loss = 0.004149
[e012 s0150/1030] loss = 0.004089
[e012 s0200/1030] loss = 0.003786
[e012 s0250/1030] loss = 0.003821
[e012 s0300/1030] loss = 0.003556
[e012 s0350/1030] loss = 0.004404
[e012 s0400/1030] loss = 0.004352
[e012 s0450/1030] loss = 0.004327
[e012 s0500/1030] loss = 0.004131
[e012 s0550/1030] loss = 0.004066
[e012 s0600/1030] loss = 0.004125
[e012 s0650/1030] loss = 0.004090
[e012 s0700/1030] loss = 0.003990
[e012 s0750/1030] loss = 0.003942
[e012 s0800/1030] loss = 0.003941
[e012 s0850/1030] loss = 0.004087
[e012 s0900/1030] loss = 0.004299
[e012 s0950/1030] loss = 0.004262
[e012 s1000/1030] loss = 0.004174
Epoch 012: train_loss = 0.004170  MAE/GAME0 = 65.450  RMSE = 89.862  GAME1 = 65.450  GAME2 = 65.450  GAME3 = 65.450  lr = 1.00e-05  time = 19.7s
[e013 s0001/1030] loss = 0.000000
[e013 s0050/1030] loss = 0.003905
[e013 s0100/1030] loss = 0.004894
[e013 s0150/1030] loss = 0.004062
[e013 s0200/1030] loss = 0.003774
[e013 s0250/1030] loss = 0.003760
[e013 s0300/1030] loss = 0.003861
[e013 s0350/1030] loss = 0.003571
[e013 s0400/1030] loss = 0.003818
[e013 s0450/1030] loss = 0.003764
[e013 s0500/1030] loss = 0.003570
[e013 s0550/1030] loss = 0.003691
[e013 s0600/1030] loss = 0.003596
[e013 s0650/1030] loss = 0.003914
[e013 s0700/1030] loss = 0.003883
[e013 s0750/1030] loss = 0.003842
[e013 s0800/1030] loss = 0.003821
[e013 s0850/1030] loss = 0.003699
[e013 s0900/1030] loss = 0.003607
[e013 s0950/1030] loss = 0.003743
[e013 s1000/1030] loss = 0.003752
Epoch 013: train_loss = 0.003774  MAE/GAME0 = 65.450  RMSE = 89.862  GAME1 = 65.450  GAME2 = 65.450  GAME3 = 65.450  lr = 1.00e-05  time = 19.6s
[e014 s0001/1030] loss = 0.000616
[e014 s0050/1030] loss = 0.002699
[e014 s0100/1030] loss = 0.002716
[e014 s0150/1030] loss = 0.002788
[e014 s0200/1030] loss = 0.002787
[e014 s0250/1030] loss = 0.003409
[e014 s0300/1030] loss = 0.003277
[e014 s0350/1030] loss = 0.003171
[e014 s0400/1030] loss = 0.003211
[e014 s0450/1030] loss = 0.004083
[e014 s0500/1030] loss = 0.005131
[e014 s0550/1030] loss = 0.004972
[e014 s0600/1030] loss = 0.004865
[e014 s0650/1030] loss = 0.004689
[e014 s0700/1030] loss = 0.004491
[e014 s0750/1030] loss = 0.004422
[e014 s0800/1030] loss = 0.004388
[e014 s0850/1030] loss = 0.004279
[e014 s0900/1030] loss = 0.004245
[e014 s0950/1030] loss = 0.004317
[e014 s1000/1030] loss = 0.004362
Epoch 014: train_loss = 0.004329  MAE/GAME0 = 65.450  RMSE = 89.862  GAME1 = 65.450  GAME2 = 65.450  GAME3 = 65.450  lr = 1.00e-05  time = 19.9s
[e015 s0001/1030] loss = 0.001610
[e015 s0050/1030] loss = 0.005725
[e015 s0100/1030] loss = 0.004534
[e015 s0150/1030] loss = 0.004733
[e015 s0200/1030] loss = 0.004552
[e015 s0250/1030] loss = 0.005158
[e015 s0300/1030] loss = 0.005065
[e015 s0350/1030] loss = 0.005046
[e015 s0400/1030] loss = 0.004726
[e015 s0450/1030] loss = 0.004742
[e015 s0500/1030] loss = 0.004681
[e015 s0550/1030] loss = 0.004512
[e015 s0600/1030] loss = 0.004374
[e015 s0650/1030] loss = 0.004330
[e015 s0700/1030] loss = 0.004199
[e015 s0750/1030] loss = 0.004112
[e015 s0800/1030] loss = 0.004008
[e015 s0850/1030] loss = 0.003908
[e015 s0900/1030] loss = 0.004010
[e015 s0950/1030] loss = 0.004607
[e015 s1000/1030] loss = 0.004854
Epoch 015: train_loss = 0.004839  MAE/GAME0 = 65.450  RMSE = 89.862  GAME1 = 65.450  GAME2 = 65.450  GAME3 = 65.450  lr = 1.00e-05  time = 19.8s
[e016 s0001/1030] loss = 0.000000
[e016 s0050/1030] loss = 0.003625
[e016 s0100/1030] loss = 0.003272
[e016 s0150/1030] loss = 0.003309
[e016 s0200/1030] loss = 0.003234
[e016 s0250/1030] loss = 0.003595
[e016 s0300/1030] loss = 0.003336
[e016 s0350/1030] loss = 0.004199
[e016 s0400/1030] loss = 0.004832
[e016 s0450/1030] loss = 0.004870
[e016 s0500/1030] loss = 0.004540
[e016 s0550/1030] loss = 0.004557
[e016 s0600/1030] loss = 0.004427
[e016 s0650/1030] loss = 0.004287
[e016 s0700/1030] loss = 0.004202
[e016 s0750/1030] loss = 0.004420
[e016 s0800/1030] loss = 0.004658
[e016 s0850/1030] loss = 0.004504
[e016 s0900/1030] loss = 0.004490
[e016 s0950/1030] loss = 0.004433
[e016 s1000/1030] loss = 0.004385
Epoch 016: train_loss = 0.004339  MAE/GAME0 = 65.450  RMSE = 89.862  GAME1 = 65.450  GAME2 = 65.450  GAME3 = 65.450  lr = 1.00e-05  time = 19.7s
[e017 s0001/1030] loss = 0.000000
[e017 s0050/1030] loss = 0.002924
[e017 s0100/1030] loss = 0.004280
[e017 s0150/1030] loss = 0.004200
[e017 s0200/1030] loss = 0.004254
[e017 s0250/1030] loss = 0.004183
[e017 s0300/1030] loss = 0.004000
[e017 s0350/1030] loss = 0.003953
[e017 s0400/1030] loss = 0.003975
[e017 s0450/1030] loss = 0.003867
[e017 s0500/1030] loss = 0.004723
[e017 s0550/1030] loss = 0.004497
[e017 s0600/1030] loss = 0.004478
[e017 s0650/1030] loss = 0.004759
[e017 s0700/1030] loss = 0.004672
[e017 s0750/1030] loss = 0.004481
[e017 s0800/1030] loss = 0.004394
[e017 s0850/1030] loss = 0.004238
[e017 s0900/1030] loss = 0.004115
[e017 s0950/1030] loss = 0.004049
[e017 s1000/1030] loss = 0.004025
Epoch 017: train_loss = 0.004099  MAE/GAME0 = 65.450  RMSE = 89.862  GAME1 = 65.450  GAME2 = 65.450  GAME3 = 65.450  lr = 1.00e-05  time = 19.8s
[e018 s0001/1030] loss = 0.000000
[e018 s0050/1030] loss = 0.009609
[e018 s0100/1030] loss = 0.005844
[e018 s0150/1030] loss = 0.007020
[e018 s0200/1030] loss = 0.005937
[e018 s0250/1030] loss = 0.005715
[e018 s0300/1030] loss = 0.005690
[e018 s0350/1030] loss = 0.005229
[e018 s0400/1030] loss = 0.004848
[e018 s0450/1030] loss = 0.005411
[e018 s0500/1030] loss = 0.005157
[e018 s0550/1030] loss = 0.004986
[e018 s0600/1030] loss = 0.004902
[e018 s0650/1030] loss = 0.004704
[e018 s0700/1030] loss = 0.004502
[e018 s0750/1030] loss = 0.004399
[e018 s0800/1030] loss = 0.004343
[e018 s0850/1030] loss = 0.004468
[e018 s0900/1030] loss = 0.004327
[e018 s0950/1030] loss = 0.004331
[e018 s1000/1030] loss = 0.004347
Epoch 018: train_loss = 0.004323  MAE/GAME0 = 65.450  RMSE = 89.862  GAME1 = 65.450  GAME2 = 65.450  GAME3 = 65.450  lr = 1.00e-05  time = 20.0s
[e019 s0001/1030] loss = 0.007480
[e019 s0050/1030] loss = 0.004057
[e019 s0100/1030] loss = 0.004482
[e019 s0150/1030] loss = 0.004122
[e019 s0200/1030] loss = 0.004076
[e019 s0250/1030] loss = 0.003932
[e019 s0300/1030] loss = 0.003951
[e019 s0350/1030] loss = 0.003956
[e019 s0400/1030] loss = 0.003870
[e019 s0450/1030] loss = 0.003804
[e019 s0500/1030] loss = 0.003964
[e019 s0550/1030] loss = 0.003946
[e019 s0600/1030] loss = 0.004098
[e019 s0650/1030] loss = 0.004029
[e019 s0700/1030] loss = 0.003981
[e019 s0750/1030] loss = 0.003862
[e019 s0800/1030] loss = 0.003867
[e019 s0850/1030] loss = 0.003785
[e019 s0900/1030] loss = 0.003983
[e019 s0950/1030] loss = 0.003920
[e019 s1000/1030] loss = 0.003969
Epoch 019: train_loss = 0.003940  MAE/GAME0 = 65.450  RMSE = 89.862  GAME1 = 65.450  GAME2 = 65.450  GAME3 = 65.450  lr = 1.00e-05  time = 19.8s
[e020 s0001/1030] loss = 0.000000
[e020 s0050/1030] loss = 0.003547
[e020 s0100/1030] loss = 0.003075
[e020 s0150/1030] loss = 0.003771
[e020 s0200/1030] loss = 0.005028
[e020 s0250/1030] loss = 0.004897
[e020 s0300/1030] loss = 0.004931
[e020 s0350/1030] loss = 0.004577
[e020 s0400/1030] loss = 0.004341
[e020 s0450/1030] loss = 0.004196
[e020 s0500/1030] loss = 0.003960
[e020 s0550/1030] loss = 0.004229
[e020 s0600/1030] loss = 0.004537
[e020 s0650/1030] loss = 0.004527
[e020 s0700/1030] loss = 0.004412
[e020 s0750/1030] loss = 0.004312
[e020 s0800/1030] loss = 0.004346
[e020 s0850/1030] loss = 0.004329
[e020 s0900/1030] loss = 0.004244
[e020 s0950/1030] loss = 0.004142
[e020 s1000/1030] loss = 0.004142
Epoch 020: train_loss = 0.004179  MAE/GAME0 = 65.450  RMSE = 89.862  GAME1 = 65.450  GAME2 = 65.450  GAME3 = 65.450  lr = 1.00e-05  time = 19.8s
[e021 s0001/1030] loss = 0.002611
[e021 s0050/1030] loss = 0.004401
[e021 s0100/1030] loss = 0.003417
[e021 s0150/1030] loss = 0.003085
[e021 s0200/1030] loss = 0.003700
[e021 s0250/1030] loss = 0.003437
[e021 s0300/1030] loss = 0.003185
[e021 s0350/1030] loss = 0.003253
[e021 s0400/1030] loss = 0.003326
[e021 s0450/1030] loss = 0.003405
[e021 s0500/1030] loss = 0.003276
[e021 s0550/1030] loss = 0.003127
[e021 s0600/1030] loss = 0.003031
[e021 s0650/1030] loss = 0.002990
[e021 s0700/1030] loss = 0.003170
[e021 s0750/1030] loss = 0.003205
[e021 s0800/1030] loss = 0.003415
[e021 s0850/1030] loss = 0.003483
[e021 s0900/1030] loss = 0.003444
[e021 s0950/1030] loss = 0.003662
[e021 s1000/1030] loss = 0.003579
Epoch 021: train_loss = 0.003583  MAE/GAME0 = 65.450  RMSE = 89.862  GAME1 = 65.450  GAME2 = 65.450  GAME3 = 65.450  lr = 1.00e-05  time = 19.7s
[e022 s0001/1030] loss = 0.000000
[e022 s0050/1030] loss = 0.006451
[e022 s0100/1030] loss = 0.004969
[e022 s0150/1030] loss = 0.003931
[e022 s0200/1030] loss = 0.003623
[e022 s0250/1030] loss = 0.003930
[e022 s0300/1030] loss = 0.004067
[e022 s0350/1030] loss = 0.004220
[e022 s0400/1030] loss = 0.004173
[e022 s0450/1030] loss = 0.004175
[e022 s0500/1030] loss = 0.004054
[e022 s0550/1030] loss = 0.004339
[e022 s0600/1030] loss = 0.004453
[e022 s0650/1030] loss = 0.004391
[e022 s0700/1030] loss = 0.004229
[e022 s0750/1030] loss = 0.004096
[e022 s0800/1030] loss = 0.004147
[e022 s0850/1030] loss = 0.004048
[e022 s0900/1030] loss = 0.004013
[e022 s0950/1030] loss = 0.004075
[e022 s1000/1030] loss = 0.004202
Epoch 022: train_loss = 0.004185  MAE/GAME0 = 65.450  RMSE = 89.862  GAME1 = 65.450  GAME2 = 65.450  GAME3 = 65.450  lr = 1.00e-05  time = 20.0s
[e023 s0001/1030] loss = 0.004574
[e023 s0050/1030] loss = 0.004094
[e023 s0100/1030] loss = 0.002959
[e023 s0150/1030] loss = 0.002993
[e023 s0200/1030] loss = 0.002838
[e023 s0250/1030] loss = 0.003975
[e023 s0300/1030] loss = 0.004023
[e023 s0350/1030] loss = 0.003832
[e023 s0400/1030] loss = 0.003703
[e023 s0450/1030] loss = 0.003876
[e023 s0500/1030] loss = 0.004851
[e023 s0550/1030] loss = 0.004634
[e023 s0600/1030] loss = 0.004566
[e023 s0650/1030] loss = 0.004646
[e023 s0700/1030] loss = 0.004525
[e023 s0750/1030] loss = 0.004569
[e023 s0800/1030] loss = 0.004499
[e023 s0850/1030] loss = 0.004377
[e023 s0900/1030] loss = 0.004363
[e023 s0950/1030] loss = 0.004200
[e023 s1000/1030] loss = 0.004225
Epoch 023: train_loss = 0.004191  MAE/GAME0 = 65.450  RMSE = 89.862  GAME1 = 65.450  GAME2 = 65.450  GAME3 = 65.450  lr = 1.00e-05  time = 19.7s
[e024 s0001/1030] loss = 0.001596
[e024 s0050/1030] loss = 0.004733
[e024 s0100/1030] loss = 0.004869
[e024 s0150/1030] loss = 0.004639
[e024 s0200/1030] loss = 0.004453
[e024 s0250/1030] loss = 0.003947
[e024 s0300/1030] loss = 0.004893
[e024 s0350/1030] loss = 0.004640
[e024 s0400/1030] loss = 0.004488
[e024 s0450/1030] loss = 0.004270
[e024 s0500/1030] loss = 0.004089
[e024 s0550/1030] loss = 0.004329
[e024 s0600/1030] loss = 0.004877
[e024 s0650/1030] loss = 0.005070
[e024 s0700/1030] loss = 0.004897
[e024 s0750/1030] loss = 0.004956
[e024 s0800/1030] loss = 0.004815
[e024 s0850/1030] loss = 0.004710
[e024 s0900/1030] loss = 0.004610
[e024 s0950/1030] loss = 0.004482
[e024 s1000/1030] loss = 0.004450
Epoch 024: train_loss = 0.004420  MAE/GAME0 = 65.450  RMSE = 89.862  GAME1 = 65.450  GAME2 = 65.450  GAME3 = 65.450  lr = 1.00e-05  time = 19.6s
[e025 s0001/1030] loss = 0.000054
[e025 s0050/1030] loss = 0.001646
[e025 s0100/1030] loss = 0.002300
[e025 s0150/1030] loss = 0.002623
[e025 s0200/1030] loss = 0.002911
[e025 s0250/1030] loss = 0.003048
[e025 s0300/1030] loss = 0.003306
[e025 s0350/1030] loss = 0.003555
[e025 s0400/1030] loss = 0.004095
[e025 s0450/1030] loss = 0.003936
[e025 s0500/1030] loss = 0.003862
[e025 s0550/1030] loss = 0.003933
[e025 s0600/1030] loss = 0.004951
[e025 s0650/1030] loss = 0.004828
[e025 s0700/1030] loss = 0.004878
[e025 s0750/1030] loss = 0.004815
[e025 s0800/1030] loss = 0.004752
[e025 s0850/1030] loss = 0.004599
[e025 s0900/1030] loss = 0.004458
[e025 s0950/1030] loss = 0.004344
[e025 s1000/1030] loss = 0.004287
Epoch 025: train_loss = 0.004254  MAE/GAME0 = 65.450  RMSE = 89.862  GAME1 = 65.450  GAME2 = 65.450  GAME3 = 65.450  lr = 1.00e-05  time = 19.8s
[e026 s0001/1030] loss = 0.004955
[e026 s0050/1030] loss = 0.002902
[e026 s0100/1030] loss = 0.004446
[e026 s0150/1030] loss = 0.003976
[e026 s0200/1030] loss = 0.003775
[e026 s0250/1030] loss = 0.003708
[e026 s0300/1030] loss = 0.003454
[e026 s0350/1030] loss = 0.003290
[e026 s0400/1030] loss = 0.003435
[e026 s0450/1030] loss = 0.003973
[e026 s0500/1030] loss = 0.003717
[e026 s0550/1030] loss = 0.003577
[e026 s0600/1030] loss = 0.003478
[e026 s0650/1030] loss = 0.003374
[e026 s0700/1030] loss = 0.003609
[e026 s0750/1030] loss = 0.003609
[e026 s0800/1030] loss = 0.003601
[e026 s0850/1030] loss = 0.003618
[e026 s0900/1030] loss = 0.003678
[e026 s0950/1030] loss = 0.003689
[e026 s1000/1030] loss = 0.003657
Epoch 026: train_loss = 0.003650  MAE/GAME0 = 65.450  RMSE = 89.862  GAME1 = 65.450  GAME2 = 65.450  GAME3 = 65.450  lr = 1.00e-05  time = 19.8s
[e027 s0001/1030] loss = 0.001676
[e027 s0050/1030] loss = 0.003330
[e027 s0100/1030] loss = 0.003316
[e027 s0150/1030] loss = 0.003885
[e027 s0200/1030] loss = 0.003554
[e027 s0250/1030] loss = 0.003721
[e027 s0300/1030] loss = 0.003562
[e027 s0350/1030] loss = 0.003395
[e027 s0400/1030] loss = 0.004072
[e027 s0450/1030] loss = 0.004154
[e027 s0500/1030] loss = 0.004033
[e027 s0550/1030] loss = 0.003965
[e027 s0600/1030] loss = 0.003959
[e027 s0650/1030] loss = 0.004146
[e027 s0700/1030] loss = 0.004070
[e027 s0750/1030] loss = 0.003936
[e027 s0800/1030] loss = 0.003903
[e027 s0850/1030] loss = 0.004097
[e027 s0900/1030] loss = 0.004182
[e027 s0950/1030] loss = 0.004340
[e027 s1000/1030] loss = 0.004285
Epoch 027: train_loss = 0.004249  MAE/GAME0 = 65.450  RMSE = 89.862  GAME1 = 65.450  GAME2 = 65.450  GAME3 = 65.450  lr = 1.00e-05  time = 19.6s
[e028 s0001/1030] loss = 0.000589
[e028 s0050/1030] loss = 0.003884
[e028 s0100/1030] loss = 0.003611
[e028 s0150/1030] loss = 0.003421
[e028 s0200/1030] loss = 0.002910
[e028 s0250/1030] loss = 0.003509
[e028 s0300/1030] loss = 0.003458
[e028 s0350/1030] loss = 0.003489
[e028 s0400/1030] loss = 0.003385
[e028 s0450/1030] loss = 0.005066
[e028 s0500/1030] loss = 0.004743
[e028 s0550/1030] loss = 0.004590
[e028 s0600/1030] loss = 0.004442
[e028 s0650/1030] loss = 0.004327
[e028 s0700/1030] loss = 0.004290
[e028 s0750/1030] loss = 0.004141
[e028 s0800/1030] loss = 0.004279
[e028 s0850/1030] loss = 0.004544
[e028 s0900/1030] loss = 0.004494
[e028 s0950/1030] loss = 0.004411
[e028 s1000/1030] loss = 0.004334
Epoch 028: train_loss = 0.004468  MAE/GAME0 = 65.450  RMSE = 89.862  GAME1 = 65.450  GAME2 = 65.450  GAME3 = 65.450  lr = 1.00e-05  time = 19.7s
[e029 s0001/1030] loss = 0.000000
[e029 s0050/1030] loss = 0.002756
[e029 s0100/1030] loss = 0.003176
[e029 s0150/1030] loss = 0.003595
[e029 s0200/1030] loss = 0.003482
[e029 s0250/1030] loss = 0.004884
[e029 s0300/1030] loss = 0.004341
[e029 s0350/1030] loss = 0.004168
[e029 s0400/1030] loss = 0.004301
[e029 s0450/1030] loss = 0.004178
[e029 s0500/1030] loss = 0.004088
[e029 s0550/1030] loss = 0.004012
[e029 s0600/1030] loss = 0.003938
[e029 s0650/1030] loss = 0.003846
[e029 s0700/1030] loss = 0.003707
[e029 s0750/1030] loss = 0.003717
[e029 s0800/1030] loss = 0.003801
[e029 s0850/1030] loss = 0.003881
[e029 s0900/1030] loss = 0.003826
[e029 s0950/1030] loss = 0.004065
[e029 s1000/1030] loss = 0.003980
Epoch 029: train_loss = 0.003934  MAE/GAME0 = 65.450  RMSE = 89.862  GAME1 = 65.450  GAME2 = 65.450  GAME3 = 65.450  lr = 1.00e-05  time = 19.6s
[e030 s0001/1030] loss = 0.005696
[e030 s0050/1030] loss = 0.003287
[e030 s0100/1030] loss = 0.003253
[e030 s0150/1030] loss = 0.003869
[e030 s0200/1030] loss = 0.003595
[e030 s0250/1030] loss = 0.003845
[e030 s0300/1030] loss = 0.003696
[e030 s0350/1030] loss = 0.003535
[e030 s0400/1030] loss = 0.004397
[e030 s0450/1030] loss = 0.004196
[e030 s0500/1030] loss = 0.004062
[e030 s0550/1030] loss = 0.004190
[e030 s0600/1030] loss = 0.004217
[e030 s0650/1030] loss = 0.004049
[e030 s0700/1030] loss = 0.003922
[e030 s0750/1030] loss = 0.004648
[e030 s0800/1030] loss = 0.004908
[e030 s0850/1030] loss = 0.004924
[e030 s0900/1030] loss = 0.005208
[e030 s0950/1030] loss = 0.005087
[e030 s1000/1030] loss = 0.004969
Epoch 030: train_loss = 0.004905  MAE/GAME0 = 65.450  RMSE = 89.862  GAME1 = 65.450  GAME2 = 65.450  GAME3 = 65.450  lr = 1.00e-05  time = 19.8s
[e031 s0001/1030] loss = 0.000000
[e031 s0050/1030] loss = 0.003458
[e031 s0100/1030] loss = 0.002998
[e031 s0150/1030] loss = 0.003505
[e031 s0200/1030] loss = 0.003426
[e031 s0250/1030] loss = 0.003165
[e031 s0300/1030] loss = 0.003088
[e031 s0350/1030] loss = 0.003364
[e031 s0400/1030] loss = 0.003412
[e031 s0450/1030] loss = 0.003427
[e031 s0500/1030] loss = 0.003431
[e031 s0550/1030] loss = 0.003774
[e031 s0600/1030] loss = 0.004274
[e031 s0650/1030] loss = 0.004226
[e031 s0700/1030] loss = 0.004260
[e031 s0750/1030] loss = 0.004237
[e031 s0800/1030] loss = 0.004152
[e031 s0850/1030] loss = 0.004148
[e031 s0900/1030] loss = 0.004056
[e031 s0950/1030] loss = 0.004091
[e031 s1000/1030] loss = 0.004049
Epoch 031: train_loss = 0.004054  MAE/GAME0 = 65.450  RMSE = 89.862  GAME1 = 65.450  GAME2 = 65.450  GAME3 = 65.450  lr = 1.00e-05  time = 19.6s
[e032 s0001/1030] loss = 0.002481
[e032 s0050/1030] loss = 0.002653
[e032 s0100/1030] loss = 0.002740
[e032 s0150/1030] loss = 0.002634
[e032 s0200/1030] loss = 0.004077
[e032 s0250/1030] loss = 0.003828
[e032 s0300/1030] loss = 0.003909
[e032 s0350/1030] loss = 0.003917
[e032 s0400/1030] loss = 0.004058
[e032 s0450/1030] loss = 0.004010
[e032 s0500/1030] loss = 0.003972
[e032 s0550/1030] loss = 0.003996
[e032 s0600/1030] loss = 0.003906
[e032 s0650/1030] loss = 0.004100
[e032 s0700/1030] loss = 0.003972
[e032 s0750/1030] loss = 0.004670
[e032 s0800/1030] loss = 0.004650
[e032 s0850/1030] loss = 0.004565
[e032 s0900/1030] loss = 0.004477
[e032 s0950/1030] loss = 0.004648
[e032 s1000/1030] loss = 0.004557
Epoch 032: train_loss = 0.004610  MAE/GAME0 = 65.450  RMSE = 89.862  GAME1 = 65.450  GAME2 = 65.450  GAME3 = 65.450  lr = 1.00e-05  time = 19.6s
[e033 s0001/1030] loss = 0.002893
[e033 s0050/1030] loss = 0.002575
[e033 s0100/1030] loss = 0.002871
[e033 s0150/1030] loss = 0.002996
[e033 s0200/1030] loss = 0.004795
[e033 s0250/1030] loss = 0.004592
[e033 s0300/1030] loss = 0.004400
[e033 s0350/1030] loss = 0.005857
[e033 s0400/1030] loss = 0.005398
[e033 s0450/1030] loss = 0.005092
[e033 s0500/1030] loss = 0.005072
[e033 s0550/1030] loss = 0.005552
[e033 s0600/1030] loss = 0.005529
[e033 s0650/1030] loss = 0.005319
[e033 s0700/1030] loss = 0.005306
[e033 s0750/1030] loss = 0.005119
[e033 s0800/1030] loss = 0.004918
[e033 s0850/1030] loss = 0.004896
[e033 s0900/1030] loss = 0.004802
[e033 s0950/1030] loss = 0.004760
[e033 s1000/1030] loss = 0.004707
Epoch 033: train_loss = 0.004692  MAE/GAME0 = 65.450  RMSE = 89.862  GAME1 = 65.450  GAME2 = 65.450  GAME3 = 65.450  lr = 1.00e-05  time = 19.6s
[e034 s0001/1030] loss = 0.000473
[e034 s0050/1030] loss = 0.003596
[e034 s0100/1030] loss = 0.006409
[e034 s0150/1030] loss = 0.005609
[e034 s0200/1030] loss = 0.004642
[e034 s0250/1030] loss = 0.004187
[e034 s0300/1030] loss = 0.004372
[e034 s0350/1030] loss = 0.004265
[e034 s0400/1030] loss = 0.004085
[e034 s0450/1030] loss = 0.004371
[e034 s0500/1030] loss = 0.004100
[e034 s0550/1030] loss = 0.004091
[e034 s0600/1030] loss = 0.003947
[e034 s0650/1030] loss = 0.004142
[e034 s0700/1030] loss = 0.004010
[e034 s0750/1030] loss = 0.003906
[e034 s0800/1030] loss = 0.003812
[e034 s0850/1030] loss = 0.003914
[e034 s0900/1030] loss = 0.003830
[e034 s0950/1030] loss = 0.003945
[e034 s1000/1030] loss = 0.003888
Epoch 034: train_loss = 0.003904  MAE/GAME0 = 65.450  RMSE = 89.862  GAME1 = 65.450  GAME2 = 65.450  GAME3 = 65.450  lr = 1.00e-05  time = 19.8s
[e035 s0001/1030] loss = 0.000406
[e035 s0050/1030] loss = 0.003795
[e035 s0100/1030] loss = 0.003774
[e035 s0150/1030] loss = 0.003125
[e035 s0200/1030] loss = 0.002813
[e035 s0250/1030] loss = 0.003097
[e035 s0300/1030] loss = 0.003078
[e035 s0350/1030] loss = 0.003070
[e035 s0400/1030] loss = 0.002975
[e035 s0450/1030] loss = 0.002906
[e035 s0500/1030] loss = 0.002981
[e035 s0550/1030] loss = 0.003125
[e035 s0600/1030] loss = 0.003664
[e035 s0650/1030] loss = 0.003601
[e035 s0700/1030] loss = 0.003555
[e035 s0750/1030] loss = 0.003506
[e035 s0800/1030] loss = 0.003506
[e035 s0850/1030] loss = 0.003513
[e035 s0900/1030] loss = 0.003480
[e035 s0950/1030] loss = 0.003447
[e035 s1000/1030] loss = 0.003761
Epoch 035: train_loss = 0.003790  MAE/GAME0 = 65.450  RMSE = 89.862  GAME1 = 65.450  GAME2 = 65.450  GAME3 = 65.450  lr = 1.00e-05  time = 19.6s
[e036 s0001/1030] loss = 0.001084
[e036 s0050/1030] loss = 0.004413
[e036 s0100/1030] loss = 0.004020
[e036 s0150/1030] loss = 0.003599
[e036 s0200/1030] loss = 0.003053
[e036 s0250/1030] loss = 0.005456
[e036 s0300/1030] loss = 0.004986
[e036 s0350/1030] loss = 0.004552
[e036 s0400/1030] loss = 0.004426
[e036 s0450/1030] loss = 0.004271
[e036 s0500/1030] loss = 0.004769
[e036 s0550/1030] loss = 0.004976
[e036 s0600/1030] loss = 0.004907
[e036 s0650/1030] loss = 0.005115
[e036 s0700/1030] loss = 0.004902
[e036 s0750/1030] loss = 0.004815
[e036 s0800/1030] loss = 0.004681
[e036 s0850/1030] loss = 0.004499
[e036 s0900/1030] loss = 0.004568
[e036 s0950/1030] loss = 0.004407
[e036 s1000/1030] loss = 0.004411
Epoch 036: train_loss = 0.004433  MAE/GAME0 = 65.450  RMSE = 89.862  GAME1 = 65.450  GAME2 = 65.450  GAME3 = 65.450  lr = 1.00e-05  time = 19.8s
[e037 s0001/1030] loss = 0.002830
[e037 s0050/1030] loss = 0.004393
[e037 s0100/1030] loss = 0.004180
[e037 s0150/1030] loss = 0.003724
[e037 s0200/1030] loss = 0.003199
[e037 s0250/1030] loss = 0.003221
[e037 s0300/1030] loss = 0.003150
[e037 s0350/1030] loss = 0.003490
[e037 s0400/1030] loss = 0.003416
[e037 s0450/1030] loss = 0.003549
[e037 s0500/1030] loss = 0.003473
[e037 s0550/1030] loss = 0.003467
[e037 s0600/1030] loss = 0.003418
[e037 s0650/1030] loss = 0.003481
[e037 s0700/1030] loss = 0.003470
[e037 s0750/1030] loss = 0.003552
[e037 s0800/1030] loss = 0.003793
[e037 s0850/1030] loss = 0.003707
[e037 s0900/1030] loss = 0.003802
[e037 s0950/1030] loss = 0.003756
[e037 s1000/1030] loss = 0.003711
Epoch 037: train_loss = 0.004017  MAE/GAME0 = 65.450  RMSE = 89.862  GAME1 = 65.450  GAME2 = 65.450  GAME3 = 65.450  lr = 1.00e-05  time = 19.7s
[e038 s0001/1030] loss = 0.001734
[e038 s0050/1030] loss = 0.004142
[e038 s0100/1030] loss = 0.003227
[e038 s0150/1030] loss = 0.003103
[e038 s0200/1030] loss = 0.002952
[e038 s0250/1030] loss = 0.003981
[e038 s0300/1030] loss = 0.003732
[e038 s0350/1030] loss = 0.004091
[e038 s0400/1030] loss = 0.003845
[e038 s0450/1030] loss = 0.003669
[e038 s0500/1030] loss = 0.003575
[e038 s0550/1030] loss = 0.003447
[e038 s0600/1030] loss = 0.003586
[e038 s0650/1030] loss = 0.003600
[e038 s0700/1030] loss = 0.003729
[e038 s0750/1030] loss = 0.003843
[e038 s0800/1030] loss = 0.003756
[e038 s0850/1030] loss = 0.003685
[e038 s0900/1030] loss = 0.003811
[e038 s0950/1030] loss = 0.003854
[e038 s1000/1030] loss = 0.003806
Epoch 038: train_loss = 0.003788  MAE/GAME0 = 65.450  RMSE = 89.862  GAME1 = 65.450  GAME2 = 65.450  GAME3 = 65.450  lr = 1.00e-05  time = 19.9s
[e039 s0001/1030] loss = 0.000940
[e039 s0050/1030] loss = 0.005170
[e039 s0100/1030] loss = 0.007073
[e039 s0150/1030] loss = 0.005552
[e039 s0200/1030] loss = 0.005959
[e039 s0250/1030] loss = 0.005419
[e039 s0300/1030] loss = 0.005080
[e039 s0350/1030] loss = 0.005018
[e039 s0400/1030] loss = 0.004834
[e039 s0450/1030] loss = 0.004580
[e039 s0500/1030] loss = 0.004665
[e039 s0550/1030] loss = 0.004586
[e039 s0600/1030] loss = 0.004830
[e039 s0650/1030] loss = 0.004834
[e039 s0700/1030] loss = 0.004716
[e039 s0750/1030] loss = 0.004793
[e039 s0800/1030] loss = 0.004732
[e039 s0850/1030] loss = 0.004658
[e039 s0900/1030] loss = 0.004607
[e039 s0950/1030] loss = 0.004494
[e039 s1000/1030] loss = 0.004466
Epoch 039: train_loss = 0.004436  MAE/GAME0 = 65.450  RMSE = 89.862  GAME1 = 65.450  GAME2 = 65.450  GAME3 = 65.450  lr = 1.00e-05  time = 19.8s
[e040 s0001/1030] loss = 0.000000
[e040 s0050/1030] loss = 0.002671
[e040 s0100/1030] loss = 0.002523
[e040 s0150/1030] loss = 0.002776
[e040 s0200/1030] loss = 0.003587
[e040 s0250/1030] loss = 0.003543
[e040 s0300/1030] loss = 0.004584
[e040 s0350/1030] loss = 0.004309
[e040 s0400/1030] loss = 0.004315
[e040 s0450/1030] loss = 0.004218
[e040 s0500/1030] loss = 0.004081
[e040 s0550/1030] loss = 0.004024
[e040 s0600/1030] loss = 0.003888
[e040 s0650/1030] loss = 0.003772
[e040 s0700/1030] loss = 0.003984
[e040 s0750/1030] loss = 0.003868
[e040 s0800/1030] loss = 0.003794
[e040 s0850/1030] loss = 0.003842
[e040 s0900/1030] loss = 0.003842
[e040 s0950/1030] loss = 0.003810
[e040 s1000/1030] loss = 0.003726
Epoch 040: train_loss = 0.003769  MAE/GAME0 = 65.450  RMSE = 89.862  GAME1 = 65.450  GAME2 = 65.450  GAME3 = 65.450  lr = 1.00e-05  time = 19.8s
[e041 s0001/1030] loss = 0.004621
[e041 s0050/1030] loss = 0.003705
[e041 s0100/1030] loss = 0.003617
[e041 s0150/1030] loss = 0.003608
[e041 s0200/1030] loss = 0.004357
[e041 s0250/1030] loss = 0.004145
[e041 s0300/1030] loss = 0.004088
[e041 s0350/1030] loss = 0.003872
[e041 s0400/1030] loss = 0.003735
[e041 s0450/1030] loss = 0.003787
[e041 s0500/1030] loss = 0.004228
[e041 s0550/1030] loss = 0.004118
[e041 s0600/1030] loss = 0.003980
[e041 s0650/1030] loss = 0.003855
[e041 s0700/1030] loss = 0.003778
[e041 s0750/1030] loss = 0.003738
[e041 s0800/1030] loss = 0.003770
[e041 s0850/1030] loss = 0.003743
[e041 s0900/1030] loss = 0.003677
[e041 s0950/1030] loss = 0.003702
[e041 s1000/1030] loss = 0.004054
Epoch 041: train_loss = 0.004069  MAE/GAME0 = 65.450  RMSE = 89.862  GAME1 = 65.450  GAME2 = 65.450  GAME3 = 65.450  lr = 1.00e-05  time = 19.6s
[e042 s0001/1030] loss = 0.004292
[e042 s0050/1030] loss = 0.003638
[e042 s0100/1030] loss = 0.003069
[e042 s0150/1030] loss = 0.003054
[e042 s0200/1030] loss = 0.002951
[e042 s0250/1030] loss = 0.003013
[e042 s0300/1030] loss = 0.003266
[e042 s0350/1030] loss = 0.003079
[e042 s0400/1030] loss = 0.002893
[e042 s0450/1030] loss = 0.002888
[e042 s0500/1030] loss = 0.002991
[e042 s0550/1030] loss = 0.003097
[e042 s0600/1030] loss = 0.003356
[e042 s0650/1030] loss = 0.003580
[e042 s0700/1030] loss = 0.003761
[e042 s0750/1030] loss = 0.003711
[e042 s0800/1030] loss = 0.003685
[e042 s0850/1030] loss = 0.003697
[e042 s0900/1030] loss = 0.003682
[e042 s0950/1030] loss = 0.003619
[e042 s1000/1030] loss = 0.003566
Epoch 042: train_loss = 0.003626  MAE/GAME0 = 65.450  RMSE = 89.862  GAME1 = 65.450  GAME2 = 65.450  GAME3 = 65.450  lr = 1.00e-05  time = 19.6s
[e043 s0001/1030] loss = 0.005082
[e043 s0050/1030] loss = 0.003176
[e043 s0100/1030] loss = 0.003239
[e043 s0150/1030] loss = 0.003025
[e043 s0200/1030] loss = 0.003150
[e043 s0250/1030] loss = 0.003603
[e043 s0300/1030] loss = 0.003522
[e043 s0350/1030] loss = 0.003763
[e043 s0400/1030] loss = 0.003529
[e043 s0450/1030] loss = 0.004174
[e043 s0500/1030] loss = 0.003988
[e043 s0550/1030] loss = 0.003783
[e043 s0600/1030] loss = 0.003800
[e043 s0650/1030] loss = 0.003776
[e043 s0700/1030] loss = 0.004297
[e043 s0750/1030] loss = 0.004261
[e043 s0800/1030] loss = 0.004301
[e043 s0850/1030] loss = 0.004328
[e043 s0900/1030] loss = 0.004464
[e043 s0950/1030] loss = 0.004397
[e043 s1000/1030] loss = 0.004288
Epoch 043: train_loss = 0.004691  MAE/GAME0 = 65.450  RMSE = 89.862  GAME1 = 65.450  GAME2 = 65.450  GAME3 = 65.450  lr = 1.00e-05  time = 19.8s
[e044 s0001/1030] loss = 0.000076
[e044 s0050/1030] loss = 0.003459
[e044 s0100/1030] loss = 0.003319
[e044 s0150/1030] loss = 0.003122
[e044 s0200/1030] loss = 0.002904
[e044 s0250/1030] loss = 0.003027
[e044 s0300/1030] loss = 0.003112
[e044 s0350/1030] loss = 0.003127
[e044 s0400/1030] loss = 0.003302
[e044 s0450/1030] loss = 0.003375
[e044 s0500/1030] loss = 0.003624
[e044 s0550/1030] loss = 0.003506
[e044 s0600/1030] loss = 0.003638
[e044 s0650/1030] loss = 0.003594
[e044 s0700/1030] loss = 0.003537
[e044 s0750/1030] loss = 0.003813
[e044 s0800/1030] loss = 0.003794
[e044 s0850/1030] loss = 0.003843
[e044 s0900/1030] loss = 0.003814
[e044 s0950/1030] loss = 0.003885
[e044 s1000/1030] loss = 0.004048
Epoch 044: train_loss = 0.004042  MAE/GAME0 = 65.450  RMSE = 89.862  GAME1 = 65.450  GAME2 = 65.450  GAME3 = 65.450  lr = 1.00e-05  time = 19.7s
[e045 s0001/1030] loss = 0.000000
[e045 s0050/1030] loss = 0.004499
[e045 s0100/1030] loss = 0.004524
[e045 s0150/1030] loss = 0.004340
[e045 s0200/1030] loss = 0.003677
[e045 s0250/1030] loss = 0.003499
[e045 s0300/1030] loss = 0.004193
[e045 s0350/1030] loss = 0.004608
[e045 s0400/1030] loss = 0.004801
[e045 s0450/1030] loss = 0.004756
[e045 s0500/1030] loss = 0.004809
[e045 s0550/1030] loss = 0.004720
[e045 s0600/1030] loss = 0.004730
[e045 s0650/1030] loss = 0.004739
[e045 s0700/1030] loss = 0.004707
[e045 s0750/1030] loss = 0.004592
[e045 s0800/1030] loss = 0.004469
[e045 s0850/1030] loss = 0.004390
[e045 s0900/1030] loss = 0.004344
[e045 s0950/1030] loss = 0.004257
[e045 s1000/1030] loss = 0.004199
Epoch 045: train_loss = 0.004131  MAE/GAME0 = 65.450  RMSE = 89.862  GAME1 = 65.450  GAME2 = 65.450  GAME3 = 65.450  lr = 1.00e-05  time = 19.5s
[e046 s0001/1030] loss = 0.000925
[e046 s0050/1030] loss = 0.002783
[e046 s0100/1030] loss = 0.003300
[e046 s0150/1030] loss = 0.003439
[e046 s0200/1030] loss = 0.003894
[e046 s0250/1030] loss = 0.004160
[e046 s0300/1030] loss = 0.004124
[e046 s0350/1030] loss = 0.004152
[e046 s0400/1030] loss = 0.003937
[e046 s0450/1030] loss = 0.003693
[e046 s0500/1030] loss = 0.003489
[e046 s0550/1030] loss = 0.003629
[e046 s0600/1030] loss = 0.003573
[e046 s0650/1030] loss = 0.003510
[e046 s0700/1030] loss = 0.003377
[e046 s0750/1030] loss = 0.003353
[e046 s0800/1030] loss = 0.004099
[e046 s0850/1030] loss = 0.004022
[e046 s0900/1030] loss = 0.004104
[e046 s0950/1030] loss = 0.004098
[e046 s1000/1030] loss = 0.004026
Epoch 046: train_loss = 0.004062  MAE/GAME0 = 65.450  RMSE = 89.862  GAME1 = 65.450  GAME2 = 65.450  GAME3 = 65.450  lr = 1.00e-05  time = 19.7s
[e047 s0001/1030] loss = 0.002829
[e047 s0050/1030] loss = 0.003697
[e047 s0100/1030] loss = 0.003445
[e047 s0150/1030] loss = 0.003099
[e047 s0200/1030] loss = 0.002967
[e047 s0250/1030] loss = 0.002908
[e047 s0300/1030] loss = 0.002901
[e047 s0350/1030] loss = 0.003681
[e047 s0400/1030] loss = 0.003714
[e047 s0450/1030] loss = 0.003734
[e047 s0500/1030] loss = 0.004008
[e047 s0550/1030] loss = 0.004141
[e047 s0600/1030] loss = 0.004069
[e047 s0650/1030] loss = 0.004110
[e047 s0700/1030] loss = 0.004075
[e047 s0750/1030] loss = 0.004313
[e047 s0800/1030] loss = 0.004486
[e047 s0850/1030] loss = 0.004421
[e047 s0900/1030] loss = 0.004352
[e047 s0950/1030] loss = 0.004234
[e047 s1000/1030] loss = 0.004246
Epoch 047: train_loss = 0.004478  MAE/GAME0 = 65.450  RMSE = 89.862  GAME1 = 65.450  GAME2 = 65.450  GAME3 = 65.450  lr = 1.00e-05  time = 19.8s
[e048 s0001/1030] loss = 0.004671
[e048 s0050/1030] loss = 0.005357
[e048 s0100/1030] loss = 0.004380
[e048 s0150/1030] loss = 0.004322
[e048 s0200/1030] loss = 0.004237
[e048 s0250/1030] loss = 0.004803
[e048 s0300/1030] loss = 0.004544
[e048 s0350/1030] loss = 0.004489
[e048 s0400/1030] loss = 0.004173
[e048 s0450/1030] loss = 0.004255
[e048 s0500/1030] loss = 0.004098
[e048 s0550/1030] loss = 0.004196
[e048 s0600/1030] loss = 0.004185
[e048 s0650/1030] loss = 0.004149
[e048 s0700/1030] loss = 0.003997
[e048 s0750/1030] loss = 0.003952
[e048 s0800/1030] loss = 0.003836
[e048 s0850/1030] loss = 0.003759
[e048 s0900/1030] loss = 0.003726
[e048 s0950/1030] loss = 0.003680
[e048 s1000/1030] loss = 0.003656
Epoch 048: train_loss = 0.003643  MAE/GAME0 = 65.450  RMSE = 89.862  GAME1 = 65.450  GAME2 = 65.450  GAME3 = 65.450  lr = 1.00e-05  time = 19.7s
[e049 s0001/1030] loss = 0.000434
[e049 s0050/1030] loss = 0.005558
[e049 s0100/1030] loss = 0.005331
[e049 s0150/1030] loss = 0.006259
[e049 s0200/1030] loss = 0.005421
[e049 s0250/1030] loss = 0.005130
[e049 s0300/1030] loss = 0.004799
[e049 s0350/1030] loss = 0.004528
[e049 s0400/1030] loss = 0.004365
[e049 s0450/1030] loss = 0.004238
[e049 s0500/1030] loss = 0.004292
[e049 s0550/1030] loss = 0.004089
[e049 s0600/1030] loss = 0.004142
[e049 s0650/1030] loss = 0.004055
[e049 s0700/1030] loss = 0.004494
[e049 s0750/1030] loss = 0.004314
[e049 s0800/1030] loss = 0.004283
[e049 s0850/1030] loss = 0.004323
[e049 s0900/1030] loss = 0.004365
[e049 s0950/1030] loss = 0.004295
[e049 s1000/1030] loss = 0.004240
Epoch 049: train_loss = 0.004185  MAE/GAME0 = 65.450  RMSE = 89.862  GAME1 = 65.450  GAME2 = 65.450  GAME3 = 65.450  lr = 1.00e-05  time = 19.9s
[e050 s0001/1030] loss = 0.001308
[e050 s0050/1030] loss = 0.003354
[e050 s0100/1030] loss = 0.005280
[e050 s0150/1030] loss = 0.006315
[e050 s0200/1030] loss = 0.005228
[e050 s0250/1030] loss = 0.005023
[e050 s0300/1030] loss = 0.004856
[e050 s0350/1030] loss = 0.004536
[e050 s0400/1030] loss = 0.004326
[e050 s0450/1030] loss = 0.004229
[e050 s0500/1030] loss = 0.004120
[e050 s0550/1030] loss = 0.004034
[e050 s0600/1030] loss = 0.004062
[e050 s0650/1030] loss = 0.004221
[e050 s0700/1030] loss = 0.004110
[e050 s0750/1030] loss = 0.003960
[e050 s0800/1030] loss = 0.004254
[e050 s0850/1030] loss = 0.004346
[e050 s0900/1030] loss = 0.004260
[e050 s0950/1030] loss = 0.004242
[e050 s1000/1030] loss = 0.004151
Epoch 050: train_loss = 0.004148  MAE/GAME0 = 65.450  RMSE = 89.862  GAME1 = 65.450  GAME2 = 65.450  GAME3 = 65.450  lr = 1.00e-05  time = 19.6s
[e051 s0001/1030] loss = 0.003487
[e051 s0050/1030] loss = 0.004827
[e051 s0100/1030] loss = 0.004128
[e051 s0150/1030] loss = 0.004294
[e051 s0200/1030] loss = 0.003973
[e051 s0250/1030] loss = 0.003961
[e051 s0300/1030] loss = 0.004315
[e051 s0350/1030] loss = 0.004362
[e051 s0400/1030] loss = 0.004964
[e051 s0450/1030] loss = 0.004624
[e051 s0500/1030] loss = 0.004506
[e051 s0550/1030] loss = 0.004406
[e051 s0600/1030] loss = 0.004211
[e051 s0650/1030] loss = 0.004110
[e051 s0700/1030] loss = 0.004196
[e051 s0750/1030] loss = 0.004078
[e051 s0800/1030] loss = 0.004091
[e051 s0850/1030] loss = 0.004007
[e051 s0900/1030] loss = 0.004085
[e051 s0950/1030] loss = 0.004028
[e051 s1000/1030] loss = 0.003932
Epoch 051: train_loss = 0.003869  MAE/GAME0 = 65.450  RMSE = 89.862  GAME1 = 65.450  GAME2 = 65.450  GAME3 = 65.450  lr = 1.00e-05  time = 19.6s
[e052 s0001/1030] loss = 0.000074
[e052 s0050/1030] loss = 0.005231
[e052 s0100/1030] loss = 0.004198
[e052 s0150/1030] loss = 0.004982
[e052 s0200/1030] loss = 0.004427
[e052 s0250/1030] loss = 0.004480
[e052 s0300/1030] loss = 0.004177
[e052 s0350/1030] loss = 0.004332
[e052 s0400/1030] loss = 0.004258
[e052 s0450/1030] loss = 0.004222
[e052 s0500/1030] loss = 0.004048
[e052 s0550/1030] loss = 0.003860
[e052 s0600/1030] loss = 0.004204
[e052 s0650/1030] loss = 0.004092
[e052 s0700/1030] loss = 0.004051
[e052 s0750/1030] loss = 0.004159
[e052 s0800/1030] loss = 0.004163
[e052 s0850/1030] loss = 0.004095
[e052 s0900/1030] loss = 0.004077
[e052 s0950/1030] loss = 0.003999
[e052 s1000/1030] loss = 0.003912
Epoch 052: train_loss = 0.003921  MAE/GAME0 = 65.450  RMSE = 89.862  GAME1 = 65.450  GAME2 = 65.450  GAME3 = 65.450  lr = 1.00e-05  time = 19.7s
[e053 s0001/1030] loss = 0.026309
[e053 s0050/1030] loss = 0.005410
[e053 s0100/1030] loss = 0.007778
[e053 s0150/1030] loss = 0.006206
[e053 s0200/1030] loss = 0.005339
[e053 s0250/1030] loss = 0.005071
[e053 s0300/1030] loss = 0.004610
[e053 s0350/1030] loss = 0.004395
[e053 s0400/1030] loss = 0.004103
[e053 s0450/1030] loss = 0.003932
[e053 s0500/1030] loss = 0.004136
[e053 s0550/1030] loss = 0.004519
[e053 s0600/1030] loss = 0.004408
[e053 s0650/1030] loss = 0.004289
[e053 s0700/1030] loss = 0.004226
[e053 s0750/1030] loss = 0.004136
[e053 s0800/1030] loss = 0.004026
[e053 s0850/1030] loss = 0.004123
[e053 s0900/1030] loss = 0.004190
[e053 s0950/1030] loss = 0.004121
[e053 s1000/1030] loss = 0.004125
Epoch 053: train_loss = 0.004277  MAE/GAME0 = 65.450  RMSE = 89.862  GAME1 = 65.450  GAME2 = 65.450  GAME3 = 65.450  lr = 1.00e-05  time = 20.0s
[e054 s0001/1030] loss = 0.000630
[e054 s0050/1030] loss = 0.003529
[e054 s0100/1030] loss = 0.008208
[e054 s0150/1030] loss = 0.006736
[e054 s0200/1030] loss = 0.006261
[e054 s0250/1030] loss = 0.005685
[e054 s0300/1030] loss = 0.006145
[e054 s0350/1030] loss = 0.005622
[e054 s0400/1030] loss = 0.005353
[e054 s0450/1030] loss = 0.004974
[e054 s0500/1030] loss = 0.004707
[e054 s0550/1030] loss = 0.004623
[e054 s0600/1030] loss = 0.004659
[e054 s0650/1030] loss = 0.004699
[e054 s0700/1030] loss = 0.004576
[e054 s0750/1030] loss = 0.004421
[e054 s0800/1030] loss = 0.004288
[e054 s0850/1030] loss = 0.004432
[e054 s0900/1030] loss = 0.004637
[e054 s0950/1030] loss = 0.004603
[e054 s1000/1030] loss = 0.004498
Epoch 054: train_loss = 0.004478  MAE/GAME0 = 65.450  RMSE = 89.862  GAME1 = 65.450  GAME2 = 65.450  GAME3 = 65.450  lr = 1.00e-05  time = 19.7s
[e055 s0001/1030] loss = 0.000247
[e055 s0050/1030] loss = 0.002414
[e055 s0100/1030] loss = 0.002404
[e055 s0150/1030] loss = 0.002657
[e055 s0200/1030] loss = 0.003336
[e055 s0250/1030] loss = 0.004421
[e055 s0300/1030] loss = 0.004330
[e055 s0350/1030] loss = 0.004702
[e055 s0400/1030] loss = 0.004535
[e055 s0450/1030] loss = 0.004482
[e055 s0500/1030] loss = 0.004376
[e055 s0550/1030] loss = 0.004736
[e055 s0600/1030] loss = 0.004579
[e055 s0650/1030] loss = 0.004489
[e055 s0700/1030] loss = 0.004482
[e055 s0750/1030] loss = 0.004297
[e055 s0800/1030] loss = 0.004280
[e055 s0850/1030] loss = 0.004207
[e055 s0900/1030] loss = 0.004104
[e055 s0950/1030] loss = 0.004090
[e055 s1000/1030] loss = 0.004233
Epoch 055: train_loss = 0.004306  MAE/GAME0 = 65.450  RMSE = 89.862  GAME1 = 65.450  GAME2 = 65.450  GAME3 = 65.450  lr = 1.00e-05  time = 19.9s
[e056 s0001/1030] loss = 0.001089
[e056 s0050/1030] loss = 0.003160
[e056 s0100/1030] loss = 0.005867
[e056 s0150/1030] loss = 0.006479
[e056 s0200/1030] loss = 0.005435
[e056 s0250/1030] loss = 0.004951
[e056 s0300/1030] loss = 0.004664
[e056 s0350/1030] loss = 0.004421
[e056 s0400/1030] loss = 0.004303
[e056 s0450/1030] loss = 0.004078
[e056 s0500/1030] loss = 0.004003
[e056 s0550/1030] loss = 0.003962
[e056 s0600/1030] loss = 0.004037
[e056 s0650/1030] loss = 0.004003
[e056 s0700/1030] loss = 0.003984
[e056 s0750/1030] loss = 0.003937
[e056 s0800/1030] loss = 0.003871
[e056 s0850/1030] loss = 0.004518
[e056 s0900/1030] loss = 0.004558
[e056 s0950/1030] loss = 0.004648
[e056 s1000/1030] loss = 0.004562
Epoch 056: train_loss = 0.004477  MAE/GAME0 = 65.450  RMSE = 89.862  GAME1 = 65.450  GAME2 = 65.450  GAME3 = 65.450  lr = 1.00e-05  time = 20.0s
[e057 s0001/1030] loss = 0.000656
[e057 s0050/1030] loss = 0.002143
[e057 s0100/1030] loss = 0.007758
[e057 s0150/1030] loss = 0.006494
[e057 s0200/1030] loss = 0.005747
[e057 s0250/1030] loss = 0.005101
[e057 s0300/1030] loss = 0.005004
[e057 s0350/1030] loss = 0.004610
[e057 s0400/1030] loss = 0.004809
[e057 s0450/1030] loss = 0.004702
[e057 s0500/1030] loss = 0.004603
[e057 s0550/1030] loss = 0.004562
[e057 s0600/1030] loss = 0.004441
[e057 s0650/1030] loss = 0.005211
[e057 s0700/1030] loss = 0.005096
[e057 s0750/1030] loss = 0.004996
[e057 s0800/1030] loss = 0.004789
[e057 s0850/1030] loss = 0.004768
[e057 s0900/1030] loss = 0.004802
[e057 s0950/1030] loss = 0.004735
[e057 s1000/1030] loss = 0.004611
Epoch 057: train_loss = 0.004537  MAE/GAME0 = 65.450  RMSE = 89.862  GAME1 = 65.450  GAME2 = 65.450  GAME3 = 65.450  lr = 1.00e-05  time = 19.8s
[e058 s0001/1030] loss = 0.000106
[e058 s0050/1030] loss = 0.001869
[e058 s0100/1030] loss = 0.007114
[e058 s0150/1030] loss = 0.006489
[e058 s0200/1030] loss = 0.005582
[e058 s0250/1030] loss = 0.005188
[e058 s0300/1030] loss = 0.005519
[e058 s0350/1030] loss = 0.005156
[e058 s0400/1030] loss = 0.005019
[e058 s0450/1030] loss = 0.004823
[e058 s0500/1030] loss = 0.004712
[e058 s0550/1030] loss = 0.004636
[e058 s0600/1030] loss = 0.004557
[e058 s0650/1030] loss = 0.004509
[e058 s0700/1030] loss = 0.004447
[e058 s0750/1030] loss = 0.004411
[e058 s0800/1030] loss = 0.004282
[e058 s0850/1030] loss = 0.004400
[e058 s0900/1030] loss = 0.004253
[e058 s0950/1030] loss = 0.004225
[e058 s1000/1030] loss = 0.004169
Epoch 058: train_loss = 0.004100  MAE/GAME0 = 65.450  RMSE = 89.862  GAME1 = 65.450  GAME2 = 65.450  GAME3 = 65.450  lr = 1.00e-05  time = 19.6s
[e059 s0001/1030] loss = 0.000000
[e059 s0050/1030] loss = 0.004964
[e059 s0100/1030] loss = 0.004311
[e059 s0150/1030] loss = 0.005450
[e059 s0200/1030] loss = 0.007681
[e059 s0250/1030] loss = 0.006929
[e059 s0300/1030] loss = 0.006485
[e059 s0350/1030] loss = 0.005869
[e059 s0400/1030] loss = 0.005522
[e059 s0450/1030] loss = 0.005265
[e059 s0500/1030] loss = 0.005003
[e059 s0550/1030] loss = 0.004832
[e059 s0600/1030] loss = 0.004775
[e059 s0650/1030] loss = 0.004705
[e059 s0700/1030] loss = 0.004625
[e059 s0750/1030] loss = 0.004463
[e059 s0800/1030] loss = 0.004461
[e059 s0850/1030] loss = 0.004335
[e059 s0900/1030] loss = 0.004209
[e059 s0950/1030] loss = 0.004158
[e059 s1000/1030] loss = 0.004250
Epoch 059: train_loss = 0.004277  MAE/GAME0 = 65.450  RMSE = 89.862  GAME1 = 65.450  GAME2 = 65.450  GAME3 = 65.450  lr = 1.00e-05  time = 19.6s
[e060 s0001/1030] loss = 0.000141
[e060 s0050/1030] loss = 0.008304
[e060 s0100/1030] loss = 0.005028
[e060 s0150/1030] loss = 0.005203
[e060 s0200/1030] loss = 0.004641
[e060 s0250/1030] loss = 0.007061
[e060 s0300/1030] loss = 0.006308
[e060 s0350/1030] loss = 0.005739
[e060 s0400/1030] loss = 0.005568
[e060 s0450/1030] loss = 0.005517
[e060 s0500/1030] loss = 0.005211
[e060 s0550/1030] loss = 0.005036
[e060 s0600/1030] loss = 0.004967
[e060 s0650/1030] loss = 0.004752
[e060 s0700/1030] loss = 0.004993
[e060 s0750/1030] loss = 0.004944
[e060 s0800/1030] loss = 0.004983
[e060 s0850/1030] loss = 0.004892
[e060 s0900/1030] loss = 0.004794
[e060 s0950/1030] loss = 0.004904
[e060 s1000/1030] loss = 0.004759
Epoch 060: train_loss = 0.004708  MAE/GAME0 = 65.450  RMSE = 89.862  GAME1 = 65.450  GAME2 = 65.450  GAME3 = 65.450  lr = 1.00e-05  time = 19.8s
[e061 s0001/1030] loss = 0.000000
[e061 s0050/1030] loss = 0.002235
[e061 s0100/1030] loss = 0.002613
[e061 s0150/1030] loss = 0.003194
[e061 s0200/1030] loss = 0.003512
[e061 s0250/1030] loss = 0.003858
[e061 s0300/1030] loss = 0.004845
[e061 s0350/1030] loss = 0.004638
[e061 s0400/1030] loss = 0.004470
[e061 s0450/1030] loss = 0.004780
[e061 s0500/1030] loss = 0.004569
[e061 s0550/1030] loss = 0.004600
[e061 s0600/1030] loss = 0.004481
[e061 s0650/1030] loss = 0.004346
[e061 s0700/1030] loss = 0.004286
[e061 s0750/1030] loss = 0.004185
[e061 s0800/1030] loss = 0.004089
[e061 s0850/1030] loss = 0.004314
[e061 s0900/1030] loss = 0.004200
[e061 s0950/1030] loss = 0.004354
[e061 s1000/1030] loss = 0.004276
Epoch 061: train_loss = 0.004244  MAE/GAME0 = 65.450  RMSE = 89.862  GAME1 = 65.450  GAME2 = 65.450  GAME3 = 65.450  lr = 1.00e-05  time = 19.9s
[e062 s0001/1030] loss = 0.008259
[e062 s0050/1030] loss = 0.005815
[e062 s0100/1030] loss = 0.005434
[e062 s0150/1030] loss = 0.004425
[e062 s0200/1030] loss = 0.004224
[e062 s0250/1030] loss = 0.004546
[e062 s0300/1030] loss = 0.004709
[e062 s0350/1030] loss = 0.004470
[e062 s0400/1030] loss = 0.004277
[e062 s0450/1030] loss = 0.004146
[e062 s0500/1030] loss = 0.004015
[e062 s0550/1030] loss = 0.003874
[e062 s0600/1030] loss = 0.003777
[e062 s0650/1030] loss = 0.003681
[e062 s0700/1030] loss = 0.003605
[e062 s0750/1030] loss = 0.003809
[e062 s0800/1030] loss = 0.003884
[e062 s0850/1030] loss = 0.003923
[e062 s0900/1030] loss = 0.003865
[e062 s0950/1030] loss = 0.004012
[e062 s1000/1030] loss = 0.003960
Epoch 062: train_loss = 0.003906  MAE/GAME0 = 65.450  RMSE = 89.862  GAME1 = 65.450  GAME2 = 65.450  GAME3 = 65.450  lr = 1.00e-05  time = 19.5s
[e063 s0001/1030] loss = 0.000865
[e063 s0050/1030] loss = 0.004899
[e063 s0100/1030] loss = 0.004829
[e063 s0150/1030] loss = 0.004307
[e063 s0200/1030] loss = 0.004353
[e063 s0250/1030] loss = 0.004238
[e063 s0300/1030] loss = 0.004166
[e063 s0350/1030] loss = 0.003865
[e063 s0400/1030] loss = 0.003971
[e063 s0450/1030] loss = 0.004014
[e063 s0500/1030] loss = 0.003766
[e063 s0550/1030] loss = 0.003637
[e063 s0600/1030] loss = 0.003568
[e063 s0650/1030] loss = 0.004092
[e063 s0700/1030] loss = 0.004153
[e063 s0750/1030] loss = 0.004193
[e063 s0800/1030] loss = 0.004035
[e063 s0850/1030] loss = 0.003918
[e063 s0900/1030] loss = 0.003880
[e063 s0950/1030] loss = 0.003835
[e063 s1000/1030] loss = 0.003842
Epoch 063: train_loss = 0.003907  MAE/GAME0 = 65.450  RMSE = 89.862  GAME1 = 65.450  GAME2 = 65.450  GAME3 = 65.450  lr = 1.00e-05  time = 19.5s
[e064 s0001/1030] loss = 0.002150
[e064 s0050/1030] loss = 0.002480
[e064 s0100/1030] loss = 0.003538
[e064 s0150/1030] loss = 0.003562
[e064 s0200/1030] loss = 0.003909
[e064 s0250/1030] loss = 0.003876
[e064 s0300/1030] loss = 0.003937
[e064 s0350/1030] loss = 0.004523
[e064 s0400/1030] loss = 0.004245
[e064 s0450/1030] loss = 0.003993
[e064 s0500/1030] loss = 0.004006
[e064 s0550/1030] loss = 0.003913
[e064 s0600/1030] loss = 0.004009
[e064 s0650/1030] loss = 0.003951
[e064 s0700/1030] loss = 0.003949
[e064 s0750/1030] loss = 0.003893
[e064 s0800/1030] loss = 0.003860
[e064 s0850/1030] loss = 0.003819
[e064 s0900/1030] loss = 0.003809
[e064 s0950/1030] loss = 0.003778
[e064 s1000/1030] loss = 0.003996
Epoch 064: train_loss = 0.003973  MAE/GAME0 = 65.450  RMSE = 89.862  GAME1 = 65.450  GAME2 = 65.450  GAME3 = 65.450  lr = 1.00e-05  time = 19.6s
[e065 s0001/1030] loss = 0.001939
[e065 s0050/1030] loss = 0.002417
[e065 s0100/1030] loss = 0.003244
[e065 s0150/1030] loss = 0.003359
[e065 s0200/1030] loss = 0.003046
[e065 s0250/1030] loss = 0.002917
[e065 s0300/1030] loss = 0.002911
[e065 s0350/1030] loss = 0.003047
[e065 s0400/1030] loss = 0.003018
[e065 s0450/1030] loss = 0.002980
[e065 s0500/1030] loss = 0.002871
[e065 s0550/1030] loss = 0.002937
[e065 s0600/1030] loss = 0.002911
[e065 s0650/1030] loss = 0.003054
[e065 s0700/1030] loss = 0.003186
[e065 s0750/1030] loss = 0.003941
[e065 s0800/1030] loss = 0.004004
[e065 s0850/1030] loss = 0.004015
[e065 s0900/1030] loss = 0.004004
[e065 s0950/1030] loss = 0.004004
[e065 s1000/1030] loss = 0.004037
Epoch 065: train_loss = 0.004093  MAE/GAME0 = 65.450  RMSE = 89.862  GAME1 = 65.450  GAME2 = 65.450  GAME3 = 65.450  lr = 1.00e-05  time = 19.8s
[e066 s0001/1030] loss = 0.000499
[e066 s0050/1030] loss = 0.003212
[e066 s0100/1030] loss = 0.002820
[e066 s0150/1030] loss = 0.004061
[e066 s0200/1030] loss = 0.003942
[e066 s0250/1030] loss = 0.003776
[e066 s0300/1030] loss = 0.003554
[e066 s0350/1030] loss = 0.003409
[e066 s0400/1030] loss = 0.004028
[e066 s0450/1030] loss = 0.003965
[e066 s0500/1030] loss = 0.003886
[e066 s0550/1030] loss = 0.003789
[e066 s0600/1030] loss = 0.003760
[e066 s0650/1030] loss = 0.003717
[e066 s0700/1030] loss = 0.003901
[e066 s0750/1030] loss = 0.004065
[e066 s0800/1030] loss = 0.004030
[e066 s0850/1030] loss = 0.004103
[e066 s0900/1030] loss = 0.004106
[e066 s0950/1030] loss = 0.003977
[e066 s1000/1030] loss = 0.003902
Epoch 066: train_loss = 0.003910  MAE/GAME0 = 65.450  RMSE = 89.862  GAME1 = 65.450  GAME2 = 65.450  GAME3 = 65.450  lr = 1.00e-05  time = 19.8s
[e067 s0001/1030] loss = 0.002950
[e067 s0050/1030] loss = 0.006829
[e067 s0100/1030] loss = 0.008926
[e067 s0150/1030] loss = 0.007031
[e067 s0200/1030] loss = 0.006144
[e067 s0250/1030] loss = 0.005506
[e067 s0300/1030] loss = 0.005484
[e067 s0350/1030] loss = 0.005191
[e067 s0400/1030] loss = 0.004889
[e067 s0450/1030] loss = 0.004677
[e067 s0500/1030] loss = 0.004463
[e067 s0550/1030] loss = 0.004420
[e067 s0600/1030] loss = 0.004320
[e067 s0650/1030] loss = 0.004365
[e067 s0700/1030] loss = 0.004179
[e067 s0750/1030] loss = 0.004178
[e067 s0800/1030] loss = 0.004383
[e067 s0850/1030] loss = 0.004379
[e067 s0900/1030] loss = 0.004497
[e067 s0950/1030] loss = 0.004373
[e067 s1000/1030] loss = 0.004370
Epoch 067: train_loss = 0.004356  MAE/GAME0 = 65.450  RMSE = 89.862  GAME1 = 65.450  GAME2 = 65.450  GAME3 = 65.450  lr = 1.00e-05  time = 19.7s
[e068 s0001/1030] loss = 0.001042
[e068 s0050/1030] loss = 0.002640
[e068 s0100/1030] loss = 0.002672
[e068 s0150/1030] loss = 0.003056
[e068 s0200/1030] loss = 0.004846
[e068 s0250/1030] loss = 0.004341
[e068 s0300/1030] loss = 0.004107
[e068 s0350/1030] loss = 0.004134
[e068 s0400/1030] loss = 0.004183
[e068 s0450/1030] loss = 0.004159
[e068 s0500/1030] loss = 0.003972
[e068 s0550/1030] loss = 0.003905
[e068 s0600/1030] loss = 0.004063
[e068 s0650/1030] loss = 0.004132
[e068 s0700/1030] loss = 0.003944
[e068 s0750/1030] loss = 0.004065
[e068 s0800/1030] loss = 0.004124
[e068 s0850/1030] loss = 0.004113
[e068 s0900/1030] loss = 0.004033
[e068 s0950/1030] loss = 0.003935
[e068 s1000/1030] loss = 0.003895
Epoch 068: train_loss = 0.003877  MAE/GAME0 = 65.450  RMSE = 89.862  GAME1 = 65.450  GAME2 = 65.450  GAME3 = 65.450  lr = 1.00e-05  time = 19.7s
[e069 s0001/1030] loss = 0.000074
[e069 s0050/1030] loss = 0.003474
[e069 s0100/1030] loss = 0.003118
[e069 s0150/1030] loss = 0.004129
[e069 s0200/1030] loss = 0.004313
[e069 s0250/1030] loss = 0.004157
[e069 s0300/1030] loss = 0.004117
[e069 s0350/1030] loss = 0.004645
[e069 s0400/1030] loss = 0.004431
[e069 s0450/1030] loss = 0.004231
[e069 s0500/1030] loss = 0.004186
[e069 s0550/1030] loss = 0.004275
[e069 s0600/1030] loss = 0.004149
[e069 s0650/1030] loss = 0.004116
[e069 s0700/1030] loss = 0.004008
[e069 s0750/1030] loss = 0.003876
[e069 s0800/1030] loss = 0.003753
[e069 s0850/1030] loss = 0.003750
[e069 s0900/1030] loss = 0.003966
[e069 s0950/1030] loss = 0.003922
[e069 s1000/1030] loss = 0.003904
Epoch 069: train_loss = 0.004391  MAE/GAME0 = 65.450  RMSE = 89.862  GAME1 = 65.450  GAME2 = 65.450  GAME3 = 65.450  lr = 1.00e-05  time = 19.8s
[e070 s0001/1030] loss = 0.006493
[e070 s0050/1030] loss = 0.003493
[e070 s0100/1030] loss = 0.004235
[e070 s0150/1030] loss = 0.003802
[e070 s0200/1030] loss = 0.004232
[e070 s0250/1030] loss = 0.003968
[e070 s0300/1030] loss = 0.003741
[e070 s0350/1030] loss = 0.003640
[e070 s0400/1030] loss = 0.004274
[e070 s0450/1030] loss = 0.004754
[e070 s0500/1030] loss = 0.004572
[e070 s0550/1030] loss = 0.004824
[e070 s0600/1030] loss = 0.004717
[e070 s0650/1030] loss = 0.004671
[e070 s0700/1030] loss = 0.004702
[e070 s0750/1030] loss = 0.004656
[e070 s0800/1030] loss = 0.004539
[e070 s0850/1030] loss = 0.004414
[e070 s0900/1030] loss = 0.004332
[e070 s0950/1030] loss = 0.004188
[e070 s1000/1030] loss = 0.004092
Epoch 070: train_loss = 0.004040  MAE/GAME0 = 65.450  RMSE = 89.862  GAME1 = 65.450  GAME2 = 65.450  GAME3 = 65.450  lr = 1.00e-05  time = 20.0s
[e071 s0001/1030] loss = 0.000087
[e071 s0050/1030] loss = 0.002733
[e071 s0100/1030] loss = 0.003103
[e071 s0150/1030] loss = 0.004343
[e071 s0200/1030] loss = 0.004110
[e071 s0250/1030] loss = 0.004024
[e071 s0300/1030] loss = 0.004640
[e071 s0350/1030] loss = 0.004258
[e071 s0400/1030] loss = 0.004310
[e071 s0450/1030] loss = 0.004238
[e071 s0500/1030] loss = 0.004042
[e071 s0550/1030] loss = 0.003938
[e071 s0600/1030] loss = 0.003911
[e071 s0650/1030] loss = 0.004078
[e071 s0700/1030] loss = 0.003986
[e071 s0750/1030] loss = 0.003922
[e071 s0800/1030] loss = 0.004294
[e071 s0850/1030] loss = 0.004173
[e071 s0900/1030] loss = 0.004099
[e071 s0950/1030] loss = 0.004075
[e071 s1000/1030] loss = 0.004025
Epoch 071: train_loss = 0.004004  MAE/GAME0 = 65.450  RMSE = 89.862  GAME1 = 65.450  GAME2 = 65.450  GAME3 = 65.450  lr = 1.00e-05  time = 19.8s
[e072 s0001/1030] loss = 0.006608
[e072 s0050/1030] loss = 0.001934
[e072 s0100/1030] loss = 0.002702
[e072 s0150/1030] loss = 0.004221
[e072 s0200/1030] loss = 0.006483
[e072 s0250/1030] loss = 0.005680
[e072 s0300/1030] loss = 0.005376
[e072 s0350/1030] loss = 0.005232
[e072 s0400/1030] loss = 0.004826
[e072 s0450/1030] loss = 0.004528
[e072 s0500/1030] loss = 0.004344
[e072 s0550/1030] loss = 0.004284
[e072 s0600/1030] loss = 0.004212
[e072 s0650/1030] loss = 0.004112
[e072 s0700/1030] loss = 0.004227
[e072 s0750/1030] loss = 0.004120
[e072 s0800/1030] loss = 0.004071
[e072 s0850/1030] loss = 0.003941
[e072 s0900/1030] loss = 0.003795
[e072 s0950/1030] loss = 0.003757
[e072 s1000/1030] loss = 0.003795
Epoch 072: train_loss = 0.003757  MAE/GAME0 = 65.450  RMSE = 89.862  GAME1 = 65.450  GAME2 = 65.450  GAME3 = 65.450  lr = 1.00e-05  time = 19.9s
[e073 s0001/1030] loss = 0.001076
[e073 s0050/1030] loss = 0.002045
[e073 s0100/1030] loss = 0.002379
[e073 s0150/1030] loss = 0.002605
[e073 s0200/1030] loss = 0.002404
[e073 s0250/1030] loss = 0.003658
[e073 s0300/1030] loss = 0.004376
[e073 s0350/1030] loss = 0.004281
[e073 s0400/1030] loss = 0.004080
[e073 s0450/1030] loss = 0.003936
[e073 s0500/1030] loss = 0.003959
[e073 s0550/1030] loss = 0.004263
[e073 s0600/1030] loss = 0.004285
[e073 s0650/1030] loss = 0.004115
[e073 s0700/1030] loss = 0.004195
[e073 s0750/1030] loss = 0.004187
[e073 s0800/1030] loss = 0.004407
[e073 s0850/1030] loss = 0.004266
[e073 s0900/1030] loss = 0.004219
[e073 s0950/1030] loss = 0.004185
[e073 s1000/1030] loss = 0.004200
Epoch 073: train_loss = 0.004154  MAE/GAME0 = 65.450  RMSE = 89.862  GAME1 = 65.450  GAME2 = 65.450  GAME3 = 65.450  lr = 1.00e-05  time = 19.9s
[e074 s0001/1030] loss = 0.002845
[e074 s0050/1030] loss = 0.001740
[e074 s0100/1030] loss = 0.002490
[e074 s0150/1030] loss = 0.002284
[e074 s0200/1030] loss = 0.004001
[e074 s0250/1030] loss = 0.003739
[e074 s0300/1030] loss = 0.004025
[e074 s0350/1030] loss = 0.004007
[e074 s0400/1030] loss = 0.004366
[e074 s0450/1030] loss = 0.004368
[e074 s0500/1030] loss = 0.004156
[e074 s0550/1030] loss = 0.004570
[e074 s0600/1030] loss = 0.004532
[e074 s0650/1030] loss = 0.004555
[e074 s0700/1030] loss = 0.004722
[e074 s0750/1030] loss = 0.004643
[e074 s0800/1030] loss = 0.004451
[e074 s0850/1030] loss = 0.004389
[e074 s0900/1030] loss = 0.004326
[e074 s0950/1030] loss = 0.004348
[e074 s1000/1030] loss = 0.004239
Epoch 074: train_loss = 0.004188  MAE/GAME0 = 65.450  RMSE = 89.862  GAME1 = 65.450  GAME2 = 65.450  GAME3 = 65.450  lr = 1.00e-05  time = 19.6s
[e075 s0001/1030] loss = 0.002427
[e075 s0050/1030] loss = 0.002786
[e075 s0100/1030] loss = 0.003421
[e075 s0150/1030] loss = 0.003187
[e075 s0200/1030] loss = 0.003211
[e075 s0250/1030] loss = 0.003618
[e075 s0300/1030] loss = 0.003379
[e075 s0350/1030] loss = 0.003412
[e075 s0400/1030] loss = 0.004457
[e075 s0450/1030] loss = 0.004579
[e075 s0500/1030] loss = 0.004403
[e075 s0550/1030] loss = 0.004285
[e075 s0600/1030] loss = 0.004193
[e075 s0650/1030] loss = 0.004096
[e075 s0700/1030] loss = 0.004033
[e075 s0750/1030] loss = 0.004005
[e075 s0800/1030] loss = 0.003916
[e075 s0850/1030] loss = 0.004182
[e075 s0900/1030] loss = 0.004144
[e075 s0950/1030] loss = 0.004126
[e075 s1000/1030] loss = 0.004069
Epoch 075: train_loss = 0.004006  MAE/GAME0 = 65.450  RMSE = 89.862  GAME1 = 65.450  GAME2 = 65.450  GAME3 = 65.450  lr = 1.00e-05  time = 19.9s
[e076 s0001/1030] loss = 0.001466
[e076 s0050/1030] loss = 0.004899
[e076 s0100/1030] loss = 0.003823
[e076 s0150/1030] loss = 0.003835
[e076 s0200/1030] loss = 0.003819
[e076 s0250/1030] loss = 0.003624
[e076 s0300/1030] loss = 0.003654
[e076 s0350/1030] loss = 0.003792
[e076 s0400/1030] loss = 0.003666
[e076 s0450/1030] loss = 0.003667
[e076 s0500/1030] loss = 0.004879
[e076 s0550/1030] loss = 0.005300
[e076 s0600/1030] loss = 0.005128
[e076 s0650/1030] loss = 0.005126
[e076 s0700/1030] loss = 0.005101
[e076 s0750/1030] loss = 0.004947
[e076 s0800/1030] loss = 0.004885
[e076 s0850/1030] loss = 0.005053
[e076 s0900/1030] loss = 0.004929
[e076 s0950/1030] loss = 0.004864
[e076 s1000/1030] loss = 0.004785
Epoch 076: train_loss = 0.004715  MAE/GAME0 = 65.450  RMSE = 89.862  GAME1 = 65.450  GAME2 = 65.450  GAME3 = 65.450  lr = 1.00e-05  time = 19.7s
[e077 s0001/1030] loss = 0.001988
[e077 s0050/1030] loss = 0.003708
[e077 s0100/1030] loss = 0.003935
[e077 s0150/1030] loss = 0.003879
[e077 s0200/1030] loss = 0.004607
[e077 s0250/1030] loss = 0.004053
[e077 s0300/1030] loss = 0.004039
[e077 s0350/1030] loss = 0.003888
[e077 s0400/1030] loss = 0.003779
[e077 s0450/1030] loss = 0.003748
[e077 s0500/1030] loss = 0.003640
[e077 s0550/1030] loss = 0.003604
[e077 s0600/1030] loss = 0.003603
[e077 s0650/1030] loss = 0.003729
[e077 s0700/1030] loss = 0.003637
[e077 s0750/1030] loss = 0.003707
[e077 s0800/1030] loss = 0.004135
[e077 s0850/1030] loss = 0.004046
[e077 s0900/1030] loss = 0.004004
[e077 s0950/1030] loss = 0.003982
[e077 s1000/1030] loss = 0.003916
Epoch 077: train_loss = 0.003930  MAE/GAME0 = 65.450  RMSE = 89.862  GAME1 = 65.450  GAME2 = 65.450  GAME3 = 65.450  lr = 1.00e-05  time = 19.7s
[e078 s0001/1030] loss = 0.001144
[e078 s0050/1030] loss = 0.003766
[e078 s0100/1030] loss = 0.005060
[e078 s0150/1030] loss = 0.004554
[e078 s0200/1030] loss = 0.004058
[e078 s0250/1030] loss = 0.003732
[e078 s0300/1030] loss = 0.003601
[e078 s0350/1030] loss = 0.003656
[e078 s0400/1030] loss = 0.004027
[e078 s0450/1030] loss = 0.004198
[e078 s0500/1030] loss = 0.004017
[e078 s0550/1030] loss = 0.004205
[e078 s0600/1030] loss = 0.004219
[e078 s0650/1030] loss = 0.004134
[e078 s0700/1030] loss = 0.004142
[e078 s0750/1030] loss = 0.003979
[e078 s0800/1030] loss = 0.003915
[e078 s0850/1030] loss = 0.004136
[e078 s0900/1030] loss = 0.004117
[e078 s0950/1030] loss = 0.004048
[e078 s1000/1030] loss = 0.004080
Epoch 078: train_loss = 0.004038  MAE/GAME0 = 65.450  RMSE = 89.862  GAME1 = 65.450  GAME2 = 65.450  GAME3 = 65.450  lr = 1.00e-05  time = 19.8s
[e079 s0001/1030] loss = 0.003533
[e079 s0050/1030] loss = 0.002375
[e079 s0100/1030] loss = 0.003380
[e079 s0150/1030] loss = 0.003429
[e079 s0200/1030] loss = 0.003501
[e079 s0250/1030] loss = 0.003376
[e079 s0300/1030] loss = 0.003352
[e079 s0350/1030] loss = 0.003701
[e079 s0400/1030] loss = 0.003666
[e079 s0450/1030] loss = 0.003462
[e079 s0500/1030] loss = 0.004580
[e079 s0550/1030] loss = 0.004535
[e079 s0600/1030] loss = 0.004448
[e079 s0650/1030] loss = 0.004435
[e079 s0700/1030] loss = 0.004242
[e079 s0750/1030] loss = 0.004250
[e079 s0800/1030] loss = 0.004176
[e079 s0850/1030] loss = 0.004187
[e079 s0900/1030] loss = 0.004305
[e079 s0950/1030] loss = 0.004270
[e079 s1000/1030] loss = 0.004179
Epoch 079: train_loss = 0.004189  MAE/GAME0 = 65.450  RMSE = 89.862  GAME1 = 65.450  GAME2 = 65.450  GAME3 = 65.450  lr = 1.00e-05  time = 19.7s
[e080 s0001/1030] loss = 0.000925
[e080 s0050/1030] loss = 0.004723
[e080 s0100/1030] loss = 0.003841
[e080 s0150/1030] loss = 0.003841
[e080 s0200/1030] loss = 0.003482
[e080 s0250/1030] loss = 0.003456
[e080 s0300/1030] loss = 0.003650
[e080 s0350/1030] loss = 0.003482
[e080 s0400/1030] loss = 0.003454
[e080 s0450/1030] loss = 0.003295
[e080 s0500/1030] loss = 0.003314
[e080 s0550/1030] loss = 0.004261
[e080 s0600/1030] loss = 0.004078
[e080 s0650/1030] loss = 0.003997
[e080 s0700/1030] loss = 0.003857
[e080 s0750/1030] loss = 0.003763
[e080 s0800/1030] loss = 0.003640
[e080 s0850/1030] loss = 0.003697
[e080 s0900/1030] loss = 0.003909
[e080 s0950/1030] loss = 0.004175
[e080 s1000/1030] loss = 0.004104
Epoch 080: train_loss = 0.004127  MAE/GAME0 = 65.450  RMSE = 89.862  GAME1 = 65.450  GAME2 = 65.450  GAME3 = 65.450  lr = 1.00e-05  time = 20.0s
[e081 s0001/1030] loss = 0.000029
[e081 s0050/1030] loss = 0.006807
[e081 s0100/1030] loss = 0.005025
[e081 s0150/1030] loss = 0.004687
[e081 s0200/1030] loss = 0.004439
[e081 s0250/1030] loss = 0.004710
[e081 s0300/1030] loss = 0.005021
[e081 s0350/1030] loss = 0.004569
[e081 s0400/1030] loss = 0.004424
[e081 s0450/1030] loss = 0.004362
[e081 s0500/1030] loss = 0.004273
[e081 s0550/1030] loss = 0.004238
[e081 s0600/1030] loss = 0.004339
[e081 s0650/1030] loss = 0.004277
[e081 s0700/1030] loss = 0.004162
[e081 s0750/1030] loss = 0.004090
[e081 s0800/1030] loss = 0.003996
[e081 s0850/1030] loss = 0.003996
[e081 s0900/1030] loss = 0.004167
[e081 s0950/1030] loss = 0.004203
[e081 s1000/1030] loss = 0.004091
Epoch 081: train_loss = 0.004073  MAE/GAME0 = 65.450  RMSE = 89.862  GAME1 = 65.450  GAME2 = 65.450  GAME3 = 65.450  lr = 1.00e-05  time = 19.7s
[e082 s0001/1030] loss = 0.000328
[e082 s0050/1030] loss = 0.003600
[e082 s0100/1030] loss = 0.003658
[e082 s0150/1030] loss = 0.003995
[e082 s0200/1030] loss = 0.006773
[e082 s0250/1030] loss = 0.005775
[e082 s0300/1030] loss = 0.005237
[e082 s0350/1030] loss = 0.004985
[e082 s0400/1030] loss = 0.004798
[e082 s0450/1030] loss = 0.004613
[e082 s0500/1030] loss = 0.004674
[e082 s0550/1030] loss = 0.004814
[e082 s0600/1030] loss = 0.004575
[e082 s0650/1030] loss = 0.004563
[e082 s0700/1030] loss = 0.004457
[e082 s0750/1030] loss = 0.004333
[e082 s0800/1030] loss = 0.004380
[e082 s0850/1030] loss = 0.004270
[e082 s0900/1030] loss = 0.004246
[e082 s0950/1030] loss = 0.004280
[e082 s1000/1030] loss = 0.004198
Epoch 082: train_loss = 0.004141  MAE/GAME0 = 65.450  RMSE = 89.862  GAME1 = 65.450  GAME2 = 65.450  GAME3 = 65.450  lr = 1.00e-05  time = 19.7s
[e083 s0001/1030] loss = 0.000000
[e083 s0050/1030] loss = 0.003103
[e083 s0100/1030] loss = 0.002655
[e083 s0150/1030] loss = 0.003802
[e083 s0200/1030] loss = 0.003773
[e083 s0250/1030] loss = 0.003553
[e083 s0300/1030] loss = 0.003210
[e083 s0350/1030] loss = 0.003312
[e083 s0400/1030] loss = 0.004794
[e083 s0450/1030] loss = 0.005233
[e083 s0500/1030] loss = 0.004896
[e083 s0550/1030] loss = 0.004951
[e083 s0600/1030] loss = 0.004840
[e083 s0650/1030] loss = 0.004629
[e083 s0700/1030] loss = 0.004501
[e083 s0750/1030] loss = 0.004407
[e083 s0800/1030] loss = 0.004620
[e083 s0850/1030] loss = 0.004539
[e083 s0900/1030] loss = 0.004554
[e083 s0950/1030] loss = 0.004455
[e083 s1000/1030] loss = 0.004382
Epoch 083: train_loss = 0.004367  MAE/GAME0 = 65.450  RMSE = 89.862  GAME1 = 65.450  GAME2 = 65.450  GAME3 = 65.450  lr = 1.00e-05  time = 19.7s
[e084 s0001/1030] loss = 0.000059
[e084 s0050/1030] loss = 0.001275
[e084 s0100/1030] loss = 0.001409
[e084 s0150/1030] loss = 0.003241
[e084 s0200/1030] loss = 0.003149
[e084 s0250/1030] loss = 0.004446
[e084 s0300/1030] loss = 0.004544
[e084 s0350/1030] loss = 0.004224
[e084 s0400/1030] loss = 0.004131
[e084 s0450/1030] loss = 0.003863
[e084 s0500/1030] loss = 0.003807
[e084 s0550/1030] loss = 0.003766
[e084 s0600/1030] loss = 0.004113
[e084 s0650/1030] loss = 0.004059
[e084 s0700/1030] loss = 0.004088
[e084 s0750/1030] loss = 0.004066
[e084 s0800/1030] loss = 0.004051
[e084 s0850/1030] loss = 0.003939
[e084 s0900/1030] loss = 0.003879
[e084 s0950/1030] loss = 0.003941
[e084 s1000/1030] loss = 0.004224
Epoch 084: train_loss = 0.004166  MAE/GAME0 = 65.450  RMSE = 89.862  GAME1 = 65.450  GAME2 = 65.450  GAME3 = 65.450  lr = 1.00e-05  time = 19.8s
[e085 s0001/1030] loss = 0.000175
[e085 s0050/1030] loss = 0.003046
[e085 s0100/1030] loss = 0.003132
[e085 s0150/1030] loss = 0.003249
[e085 s0200/1030] loss = 0.003113
[e085 s0250/1030] loss = 0.003733
[e085 s0300/1030] loss = 0.003723
[e085 s0350/1030] loss = 0.003369
[e085 s0400/1030] loss = 0.003380
[e085 s0450/1030] loss = 0.003755
[e085 s0500/1030] loss = 0.003626
[e085 s0550/1030] loss = 0.003563
[e085 s0600/1030] loss = 0.003630
[e085 s0650/1030] loss = 0.003600
[e085 s0700/1030] loss = 0.003573
[e085 s0750/1030] loss = 0.003551
[e085 s0800/1030] loss = 0.003534
[e085 s0850/1030] loss = 0.003482
[e085 s0900/1030] loss = 0.003495
[e085 s0950/1030] loss = 0.003641
[e085 s1000/1030] loss = 0.003636
Epoch 085: train_loss = 0.003732  MAE/GAME0 = 65.450  RMSE = 89.862  GAME1 = 65.450  GAME2 = 65.450  GAME3 = 65.450  lr = 1.00e-05  time = 19.8s
[e086 s0001/1030] loss = 0.000068
[e086 s0050/1030] loss = 0.004054
[e086 s0100/1030] loss = 0.003730
[e086 s0150/1030] loss = 0.003353
[e086 s0200/1030] loss = 0.003006
[e086 s0250/1030] loss = 0.002858
[e086 s0300/1030] loss = 0.003217
[e086 s0350/1030] loss = 0.003201
[e086 s0400/1030] loss = 0.004199
[e086 s0450/1030] loss = 0.004243
[e086 s0500/1030] loss = 0.004042
[e086 s0550/1030] loss = 0.004045
[e086 s0600/1030] loss = 0.004036
[e086 s0650/1030] loss = 0.004079
[e086 s0700/1030] loss = 0.003975
[e086 s0750/1030] loss = 0.004170
[e086 s0800/1030] loss = 0.004042
[e086 s0850/1030] loss = 0.004193
[e086 s0900/1030] loss = 0.004111
[e086 s0950/1030] loss = 0.004131
[e086 s1000/1030] loss = 0.004105
Epoch 086: train_loss = 0.004193  MAE/GAME0 = 65.450  RMSE = 89.862  GAME1 = 65.450  GAME2 = 65.450  GAME3 = 65.450  lr = 1.00e-05  time = 19.7s
[e087 s0001/1030] loss = 0.004913
[e087 s0050/1030] loss = 0.003837
[e087 s0100/1030] loss = 0.005812
[e087 s0150/1030] loss = 0.005000
[e087 s0200/1030] loss = 0.005012
[e087 s0250/1030] loss = 0.004872
[e087 s0300/1030] loss = 0.004699
[e087 s0350/1030] loss = 0.004270
[e087 s0400/1030] loss = 0.004334
[e087 s0450/1030] loss = 0.004345
[e087 s0500/1030] loss = 0.004357
[e087 s0550/1030] loss = 0.005050
[e087 s0600/1030] loss = 0.005019
[e087 s0650/1030] loss = 0.004831
[e087 s0700/1030] loss = 0.004638
[e087 s0750/1030] loss = 0.004497
[e087 s0800/1030] loss = 0.004375
[e087 s0850/1030] loss = 0.004440
[e087 s0900/1030] loss = 0.004300
[e087 s0950/1030] loss = 0.004233
[e087 s1000/1030] loss = 0.004180
Epoch 087: train_loss = 0.004118  MAE/GAME0 = 65.450  RMSE = 89.862  GAME1 = 65.450  GAME2 = 65.450  GAME3 = 65.450  lr = 1.00e-05  time = 19.7s
[e088 s0001/1030] loss = 0.000495
[e088 s0050/1030] loss = 0.003942
[e088 s0100/1030] loss = 0.003489
[e088 s0150/1030] loss = 0.003219
[e088 s0200/1030] loss = 0.003535
[e088 s0250/1030] loss = 0.003585
[e088 s0300/1030] loss = 0.003765
[e088 s0350/1030] loss = 0.003698
[e088 s0400/1030] loss = 0.003661
[e088 s0450/1030] loss = 0.004221
[e088 s0500/1030] loss = 0.004033
[e088 s0550/1030] loss = 0.003912
[e088 s0600/1030] loss = 0.003746
[e088 s0650/1030] loss = 0.003631
[e088 s0700/1030] loss = 0.003483
[e088 s0750/1030] loss = 0.003458
[e088 s0800/1030] loss = 0.003440
[e088 s0850/1030] loss = 0.004018
[e088 s0900/1030] loss = 0.004013
[e088 s0950/1030] loss = 0.004203
[e088 s1000/1030] loss = 0.004174
Epoch 088: train_loss = 0.004196  MAE/GAME0 = 65.450  RMSE = 89.862  GAME1 = 65.450  GAME2 = 65.450  GAME3 = 65.450  lr = 1.00e-05  time = 19.8s
[e089 s0001/1030] loss = 0.002778
[e089 s0050/1030] loss = 0.002821
[e089 s0100/1030] loss = 0.002674
[e089 s0150/1030] loss = 0.002740
[e089 s0200/1030] loss = 0.002894
[e089 s0250/1030] loss = 0.003965
[e089 s0300/1030] loss = 0.005624
[e089 s0350/1030] loss = 0.005153
[e089 s0400/1030] loss = 0.004858
[e089 s0450/1030] loss = 0.004770
[e089 s0500/1030] loss = 0.004549
[e089 s0550/1030] loss = 0.004324
[e089 s0600/1030] loss = 0.004224
[e089 s0650/1030] loss = 0.004153
[e089 s0700/1030] loss = 0.004018
[e089 s0750/1030] loss = 0.004052
[e089 s0800/1030] loss = 0.004233
[e089 s0850/1030] loss = 0.004435
[e089 s0900/1030] loss = 0.004323
[e089 s0950/1030] loss = 0.004364
[e089 s1000/1030] loss = 0.004316
Epoch 089: train_loss = 0.004261  MAE/GAME0 = 65.450  RMSE = 89.862  GAME1 = 65.450  GAME2 = 65.450  GAME3 = 65.450  lr = 1.00e-05  time = 19.8s
[e090 s0001/1030] loss = 0.000592
[e090 s0050/1030] loss = 0.002314
[e090 s0100/1030] loss = 0.003516
[e090 s0150/1030] loss = 0.003466
[e090 s0200/1030] loss = 0.003956
[e090 s0250/1030] loss = 0.003845
[e090 s0300/1030] loss = 0.003874
[e090 s0350/1030] loss = 0.004240
[e090 s0400/1030] loss = 0.004107
[e090 s0450/1030] loss = 0.004403
[e090 s0500/1030] loss = 0.004408
[e090 s0550/1030] loss = 0.004322
[e090 s0600/1030] loss = 0.004143
[e090 s0650/1030] loss = 0.004146
[e090 s0700/1030] loss = 0.004308
[e090 s0750/1030] loss = 0.004276
[e090 s0800/1030] loss = 0.004165
[e090 s0850/1030] loss = 0.004357
[e090 s0900/1030] loss = 0.004282
[e090 s0950/1030] loss = 0.004216
[e090 s1000/1030] loss = 0.004611
Epoch 090: train_loss = 0.004583  MAE/GAME0 = 65.450  RMSE = 89.862  GAME1 = 65.450  GAME2 = 65.450  GAME3 = 65.450  lr = 1.00e-05  time = 19.7s
[e091 s0001/1030] loss = 0.000209
[e091 s0050/1030] loss = 0.002527
[e091 s0100/1030] loss = 0.004041
[e091 s0150/1030] loss = 0.004847
[e091 s0200/1030] loss = 0.006110
[e091 s0250/1030] loss = 0.005548
[e091 s0300/1030] loss = 0.005187
[e091 s0350/1030] loss = 0.005110
[e091 s0400/1030] loss = 0.004785
[e091 s0450/1030] loss = 0.004624
[e091 s0500/1030] loss = 0.004648
[e091 s0550/1030] loss = 0.004477
[e091 s0600/1030] loss = 0.004488
[e091 s0650/1030] loss = 0.004297
[e091 s0700/1030] loss = 0.004310
[e091 s0750/1030] loss = 0.004178
[e091 s0800/1030] loss = 0.004196
[e091 s0850/1030] loss = 0.004214
[e091 s0900/1030] loss = 0.004257
[e091 s0950/1030] loss = 0.004217
[e091 s1000/1030] loss = 0.004102
Epoch 091: train_loss = 0.004071  MAE/GAME0 = 65.450  RMSE = 89.862  GAME1 = 65.450  GAME2 = 65.450  GAME3 = 65.450  lr = 1.00e-05  time = 19.8s
[e092 s0001/1030] loss = 0.004098
[e092 s0050/1030] loss = 0.004041
[e092 s0100/1030] loss = 0.006445
[e092 s0150/1030] loss = 0.007187
[e092 s0200/1030] loss = 0.006114
[e092 s0250/1030] loss = 0.006126
[e092 s0300/1030] loss = 0.005605
[e092 s0350/1030] loss = 0.005578
[e092 s0400/1030] loss = 0.005352
[e092 s0450/1030] loss = 0.005080
[e092 s0500/1030] loss = 0.004852
[e092 s0550/1030] loss = 0.004674
[e092 s0600/1030] loss = 0.004584
[e092 s0650/1030] loss = 0.004475
[e092 s0700/1030] loss = 0.004388
[e092 s0750/1030] loss = 0.004283
[e092 s0800/1030] loss = 0.004137
[e092 s0850/1030] loss = 0.004146
[e092 s0900/1030] loss = 0.004064
[e092 s0950/1030] loss = 0.004146
[e092 s1000/1030] loss = 0.004215
Epoch 092: train_loss = 0.004156  MAE/GAME0 = 65.450  RMSE = 89.862  GAME1 = 65.450  GAME2 = 65.450  GAME3 = 65.450  lr = 1.00e-05  time = 19.7s
[e093 s0001/1030] loss = 0.004759
[e093 s0050/1030] loss = 0.003784
[e093 s0100/1030] loss = 0.002820
[e093 s0150/1030] loss = 0.002649
[e093 s0200/1030] loss = 0.002760
[e093 s0250/1030] loss = 0.003916
[e093 s0300/1030] loss = 0.003885
[e093 s0350/1030] loss = 0.003735
[e093 s0400/1030] loss = 0.003754
[e093 s0450/1030] loss = 0.003657
[e093 s0500/1030] loss = 0.003772
[e093 s0550/1030] loss = 0.003905
[e093 s0600/1030] loss = 0.003963
[e093 s0650/1030] loss = 0.003859
[e093 s0700/1030] loss = 0.003756
[e093 s0750/1030] loss = 0.003742
[e093 s0800/1030] loss = 0.003625
[e093 s0850/1030] loss = 0.003598
[e093 s0900/1030] loss = 0.003677
[e093 s0950/1030] loss = 0.003686
[e093 s1000/1030] loss = 0.003705
Epoch 093: train_loss = 0.004011  MAE/GAME0 = 65.450  RMSE = 89.862  GAME1 = 65.450  GAME2 = 65.450  GAME3 = 65.450  lr = 1.00e-05  time = 19.9s
[e094 s0001/1030] loss = 0.000686
[e094 s0050/1030] loss = 0.004003
[e094 s0100/1030] loss = 0.003779
[e094 s0150/1030] loss = 0.003279
[e094 s0200/1030] loss = 0.007598
[e094 s0250/1030] loss = 0.006614
[e094 s0300/1030] loss = 0.006687
[e094 s0350/1030] loss = 0.006502
[e094 s0400/1030] loss = 0.005997
[e094 s0450/1030] loss = 0.005611
[e094 s0500/1030] loss = 0.005263
[e094 s0550/1030] loss = 0.005064
[e094 s0600/1030] loss = 0.004838
[e094 s0650/1030] loss = 0.004648
[e094 s0700/1030] loss = 0.004669
[e094 s0750/1030] loss = 0.004670
[e094 s0800/1030] loss = 0.004552
[e094 s0850/1030] loss = 0.004379
[e094 s0900/1030] loss = 0.004221
[e094 s0950/1030] loss = 0.004198
[e094 s1000/1030] loss = 0.004232
Epoch 094: train_loss = 0.004222  MAE/GAME0 = 65.450  RMSE = 89.862  GAME1 = 65.450  GAME2 = 65.450  GAME3 = 65.450  lr = 1.00e-05  time = 19.6s
[e095 s0001/1030] loss = 0.002197
[e095 s0050/1030] loss = 0.009371
[e095 s0100/1030] loss = 0.005910
[e095 s0150/1030] loss = 0.004921
[e095 s0200/1030] loss = 0.004389
[e095 s0250/1030] loss = 0.004150
[e095 s0300/1030] loss = 0.003865
[e095 s0350/1030] loss = 0.003959
[e095 s0400/1030] loss = 0.004070
[e095 s0450/1030] loss = 0.004155
[e095 s0500/1030] loss = 0.004257
[e095 s0550/1030] loss = 0.004321
[e095 s0600/1030] loss = 0.004567
[e095 s0650/1030] loss = 0.004440
[e095 s0700/1030] loss = 0.004324
[e095 s0750/1030] loss = 0.004388
[e095 s0800/1030] loss = 0.004599
[e095 s0850/1030] loss = 0.004601
[e095 s0900/1030] loss = 0.004658
[e095 s0950/1030] loss = 0.004680
[e095 s1000/1030] loss = 0.004550
Epoch 095: train_loss = 0.004537  MAE/GAME0 = 65.450  RMSE = 89.862  GAME1 = 65.450  GAME2 = 65.450  GAME3 = 65.450  lr = 1.00e-05  time = 19.6s
[e096 s0001/1030] loss = 0.000518
[e096 s0050/1030] loss = 0.002811
[e096 s0100/1030] loss = 0.002349
[e096 s0150/1030] loss = 0.003364
[e096 s0200/1030] loss = 0.003143
[e096 s0250/1030] loss = 0.003112
[e096 s0300/1030] loss = 0.003083
[e096 s0350/1030] loss = 0.003931
[e096 s0400/1030] loss = 0.003787
[e096 s0450/1030] loss = 0.003824
[e096 s0500/1030] loss = 0.003776
[e096 s0550/1030] loss = 0.004177
[e096 s0600/1030] loss = 0.004258
[e096 s0650/1030] loss = 0.004139
[e096 s0700/1030] loss = 0.004156
[e096 s0750/1030] loss = 0.004118
[e096 s0800/1030] loss = 0.004182
[e096 s0850/1030] loss = 0.004084
[e096 s0900/1030] loss = 0.004044
[e096 s0950/1030] loss = 0.004039
[e096 s1000/1030] loss = 0.004053
Epoch 096: train_loss = 0.003977  MAE/GAME0 = 65.450  RMSE = 89.862  GAME1 = 65.450  GAME2 = 65.450  GAME3 = 65.450  lr = 1.00e-05  time = 19.5s
[e097 s0001/1030] loss = 0.002032
[e097 s0050/1030] loss = 0.003341
[e097 s0100/1030] loss = 0.002804
[e097 s0150/1030] loss = 0.002923
[e097 s0200/1030] loss = 0.002953
[e097 s0250/1030] loss = 0.003177
[e097 s0300/1030] loss = 0.003338
[e097 s0350/1030] loss = 0.003520
[e097 s0400/1030] loss = 0.003791
[e097 s0450/1030] loss = 0.003662
[e097 s0500/1030] loss = 0.003627
[e097 s0550/1030] loss = 0.003828
[e097 s0600/1030] loss = 0.003754
[e097 s0650/1030] loss = 0.003754
[e097 s0700/1030] loss = 0.004209
[e097 s0750/1030] loss = 0.004234
[e097 s0800/1030] loss = 0.004212
[e097 s0850/1030] loss = 0.004145
[e097 s0900/1030] loss = 0.004091
[e097 s0950/1030] loss = 0.003969
[e097 s1000/1030] loss = 0.003892
Epoch 097: train_loss = 0.003857  MAE/GAME0 = 65.450  RMSE = 89.862  GAME1 = 65.450  GAME2 = 65.450  GAME3 = 65.450  lr = 1.00e-05  time = 19.9s
[e098 s0001/1030] loss = 0.000456
[e098 s0050/1030] loss = 0.003231
[e098 s0100/1030] loss = 0.006499
[e098 s0150/1030] loss = 0.005397
[e098 s0200/1030] loss = 0.005440
[e098 s0250/1030] loss = 0.005451
[e098 s0300/1030] loss = 0.004999
[e098 s0350/1030] loss = 0.004617
[e098 s0400/1030] loss = 0.004240
[e098 s0450/1030] loss = 0.004035
[e098 s0500/1030] loss = 0.003885
[e098 s0550/1030] loss = 0.003868
[e098 s0600/1030] loss = 0.003794
[e098 s0650/1030] loss = 0.003778
[e098 s0700/1030] loss = 0.003786
[e098 s0750/1030] loss = 0.003891
[e098 s0800/1030] loss = 0.003969
[e098 s0850/1030] loss = 0.003918
[e098 s0900/1030] loss = 0.003853
[e098 s0950/1030] loss = 0.003736
[e098 s1000/1030] loss = 0.004132
Epoch 098: train_loss = 0.004135  MAE/GAME0 = 65.450  RMSE = 89.862  GAME1 = 65.450  GAME2 = 65.450  GAME3 = 65.450  lr = 1.00e-05  time = 19.8s
[e099 s0001/1030] loss = 0.001627
[e099 s0050/1030] loss = 0.003319
[e099 s0100/1030] loss = 0.002578
[e099 s0150/1030] loss = 0.002788
[e099 s0200/1030] loss = 0.004784
[e099 s0250/1030] loss = 0.004441
[e099 s0300/1030] loss = 0.004213
[e099 s0350/1030] loss = 0.004028
[e099 s0400/1030] loss = 0.004021
[e099 s0450/1030] loss = 0.004070
[e099 s0500/1030] loss = 0.003867
[e099 s0550/1030] loss = 0.003770
[e099 s0600/1030] loss = 0.004574
[e099 s0650/1030] loss = 0.004483
[e099 s0700/1030] loss = 0.004414
[e099 s0750/1030] loss = 0.004295
[e099 s0800/1030] loss = 0.004454
[e099 s0850/1030] loss = 0.004433
[e099 s0900/1030] loss = 0.004471
[e099 s0950/1030] loss = 0.004414
[e099 s1000/1030] loss = 0.004642
Epoch 099: train_loss = 0.004611  MAE/GAME0 = 65.450  RMSE = 89.862  GAME1 = 65.450  GAME2 = 65.450  GAME3 = 65.450  lr = 1.00e-05  time = 19.7s
[e100 s0001/1030] loss = 0.000112
[e100 s0050/1030] loss = 0.004185
[e100 s0100/1030] loss = 0.003480
[e100 s0150/1030] loss = 0.003124
[e100 s0200/1030] loss = 0.003148
[e100 s0250/1030] loss = 0.003157
[e100 s0300/1030] loss = 0.003467
[e100 s0350/1030] loss = 0.003484
[e100 s0400/1030] loss = 0.004040
[e100 s0450/1030] loss = 0.003960
[e100 s0500/1030] loss = 0.003830
[e100 s0550/1030] loss = 0.003673
[e100 s0600/1030] loss = 0.003549
[e100 s0650/1030] loss = 0.003901
[e100 s0700/1030] loss = 0.003967
[e100 s0750/1030] loss = 0.003864
[e100 s0800/1030] loss = 0.003915
[e100 s0850/1030] loss = 0.003790
[e100 s0900/1030] loss = 0.003750
[e100 s0950/1030] loss = 0.003955
[e100 s1000/1030] loss = 0.004028
Epoch 100: train_loss = 0.004016  MAE/GAME0 = 65.450  RMSE = 89.862  GAME1 = 65.450  GAME2 = 65.450  GAME3 = 65.450  lr = 1.00e-05  time = 19.9s
[done] best_mae = 60.914  best_path = /scratch/users/ntu/kenneth0/FYP-SmartObjectCounter/outputs/rgbt_adaptive_late_e100_sanity/12759467.pbs101_20260119_215045/best.pth
