[log] /scratch/users/ntu/kenneth0/FYP-SmartObjectCounter/logs/train_rgbt_adaptive_late_e100_sanity_12735454.pbs101_20260114_143432.log
[job] name=train_rgbt_adaptive_late_e100_sanity id=12735454.pbs101 host=x1000c3s2b0n1 time=Wed Jan 14 14:34:32 +08 2026
[init] device = cuda
[init] train = 1030  val = 200  workers = 4
[e001 s0001/1030] loss = 0.983919
[e001 s0050/1030] loss = nan
[e001 s0100/1030] loss = nan
[e001 s0150/1030] loss = nan
[e001 s0200/1030] loss = nan
[e001 s0250/1030] loss = nan
[e001 s0300/1030] loss = nan
[e001 s0350/1030] loss = nan
[e001 s0400/1030] loss = nan
[e001 s0450/1030] loss = nan
[e001 s0500/1030] loss = nan
[e001 s0550/1030] loss = nan
[e001 s0600/1030] loss = nan
[e001 s0650/1030] loss = nan
[e001 s0700/1030] loss = nan
[e001 s0750/1030] loss = nan
[e001 s0800/1030] loss = nan
[e001 s0850/1030] loss = nan
[e001 s0900/1030] loss = nan
[e001 s0950/1030] loss = nan
[e001 s1000/1030] loss = nan
Epoch 001: train_loss = nan  MAE/GAME0 = nan  RMSE = nan  GAME1 = nan  GAME2 = nan  GAME3 = nan  lr = 1.00e-05  time = 106.0s
[e002 s0001/1030] loss = nan
[e002 s0050/1030] loss = nan
[e002 s0100/1030] loss = nan
[e002 s0150/1030] loss = nan
[e002 s0200/1030] loss = nan
[e002 s0250/1030] loss = nan
[e002 s0300/1030] loss = nan
[e002 s0350/1030] loss = nan
[e002 s0400/1030] loss = nan
[e002 s0450/1030] loss = nan
[e002 s0500/1030] loss = nan
[e002 s0550/1030] loss = nan
[e002 s0600/1030] loss = nan
[e002 s0650/1030] loss = nan
[e002 s0700/1030] loss = nan
[e002 s0750/1030] loss = nan
[e002 s0800/1030] loss = nan
[e002 s0850/1030] loss = nan
[e002 s0900/1030] loss = nan
[e002 s0950/1030] loss = nan
[e002 s1000/1030] loss = nan
Epoch 002: train_loss = nan  MAE/GAME0 = nan  RMSE = nan  GAME1 = nan  GAME2 = nan  GAME3 = nan  lr = 1.00e-05  time = 48.6s
[e003 s0001/1030] loss = nan
[e003 s0050/1030] loss = nan
[e003 s0100/1030] loss = nan
[e003 s0150/1030] loss = nan
[e003 s0200/1030] loss = nan
[e003 s0250/1030] loss = nan
[e003 s0300/1030] loss = nan
[e003 s0350/1030] loss = nan
[e003 s0400/1030] loss = nan
[e003 s0450/1030] loss = nan
[e003 s0500/1030] loss = nan
[e003 s0550/1030] loss = nan
[e003 s0600/1030] loss = nan
[e003 s0650/1030] loss = nan
[e003 s0700/1030] loss = nan
[e003 s0750/1030] loss = nan
[e003 s0800/1030] loss = nan
[e003 s0850/1030] loss = nan
[e003 s0900/1030] loss = nan
[e003 s0950/1030] loss = nan
[e003 s1000/1030] loss = nan
Epoch 003: train_loss = nan  MAE/GAME0 = nan  RMSE = nan  GAME1 = nan  GAME2 = nan  GAME3 = nan  lr = 1.00e-05  time = 51.0s
[e004 s0001/1030] loss = nan
[e004 s0050/1030] loss = nan
[e004 s0100/1030] loss = nan
[e004 s0150/1030] loss = nan
[e004 s0200/1030] loss = nan
[e004 s0250/1030] loss = nan
[e004 s0300/1030] loss = nan
[e004 s0350/1030] loss = nan
[e004 s0400/1030] loss = nan
[e004 s0450/1030] loss = nan
[e004 s0500/1030] loss = nan
[e004 s0550/1030] loss = nan
[e004 s0600/1030] loss = nan
[e004 s0650/1030] loss = nan
[e004 s0700/1030] loss = nan
[e004 s0750/1030] loss = nan
[e004 s0800/1030] loss = nan
[e004 s0850/1030] loss = nan
[e004 s0900/1030] loss = nan
[e004 s0950/1030] loss = nan
[e004 s1000/1030] loss = nan
Epoch 004: train_loss = nan  MAE/GAME0 = nan  RMSE = nan  GAME1 = nan  GAME2 = nan  GAME3 = nan  lr = 1.00e-05  time = 47.2s
[e005 s0001/1030] loss = nan
[e005 s0050/1030] loss = nan
[e005 s0100/1030] loss = nan
[e005 s0150/1030] loss = nan
[e005 s0200/1030] loss = nan
[e005 s0250/1030] loss = nan
[e005 s0300/1030] loss = nan
[e005 s0350/1030] loss = nan
[e005 s0400/1030] loss = nan
[e005 s0450/1030] loss = nan
[e005 s0500/1030] loss = nan
[e005 s0550/1030] loss = nan
[e005 s0600/1030] loss = nan
[e005 s0650/1030] loss = nan
[e005 s0700/1030] loss = nan
[e005 s0750/1030] loss = nan
[e005 s0800/1030] loss = nan
[e005 s0850/1030] loss = nan
[e005 s0900/1030] loss = nan
[e005 s0950/1030] loss = nan
[e005 s1000/1030] loss = nan
Epoch 005: train_loss = nan  MAE/GAME0 = nan  RMSE = nan  GAME1 = nan  GAME2 = nan  GAME3 = nan  lr = 1.00e-05  time = 47.4s
[e006 s0001/1030] loss = nan
[e006 s0050/1030] loss = nan
[e006 s0100/1030] loss = nan
[e006 s0150/1030] loss = nan
[e006 s0200/1030] loss = nan
[e006 s0250/1030] loss = nan
[e006 s0300/1030] loss = nan
[e006 s0350/1030] loss = nan
[e006 s0400/1030] loss = nan
[e006 s0450/1030] loss = nan
[e006 s0500/1030] loss = nan
[e006 s0550/1030] loss = nan
[e006 s0600/1030] loss = nan
[e006 s0650/1030] loss = nan
[e006 s0700/1030] loss = nan
[e006 s0750/1030] loss = nan
[e006 s0800/1030] loss = nan
[e006 s0850/1030] loss = nan
[e006 s0900/1030] loss = nan
[e006 s0950/1030] loss = nan
[e006 s1000/1030] loss = nan
Epoch 006: train_loss = nan  MAE/GAME0 = nan  RMSE = nan  GAME1 = nan  GAME2 = nan  GAME3 = nan  lr = 1.00e-05  time = 46.8s
[e007 s0001/1030] loss = nan
[e007 s0050/1030] loss = nan
[e007 s0100/1030] loss = nan
[e007 s0150/1030] loss = nan
[e007 s0200/1030] loss = nan
[e007 s0250/1030] loss = nan
[e007 s0300/1030] loss = nan
[e007 s0350/1030] loss = nan
[e007 s0400/1030] loss = nan
[e007 s0450/1030] loss = nan
[e007 s0500/1030] loss = nan
[e007 s0550/1030] loss = nan
[e007 s0600/1030] loss = nan
[e007 s0650/1030] loss = nan
[e007 s0700/1030] loss = nan
[e007 s0750/1030] loss = nan
[e007 s0800/1030] loss = nan
[e007 s0850/1030] loss = nan
[e007 s0900/1030] loss = nan
[e007 s0950/1030] loss = nan
[e007 s1000/1030] loss = nan
Epoch 007: train_loss = nan  MAE/GAME0 = nan  RMSE = nan  GAME1 = nan  GAME2 = nan  GAME3 = nan  lr = 1.00e-05  time = 46.7s
[e008 s0001/1030] loss = nan
[e008 s0050/1030] loss = nan
[e008 s0100/1030] loss = nan
[e008 s0150/1030] loss = nan
[e008 s0200/1030] loss = nan
[e008 s0250/1030] loss = nan
[e008 s0300/1030] loss = nan
[e008 s0350/1030] loss = nan
[e008 s0400/1030] loss = nan
[e008 s0450/1030] loss = nan
[e008 s0500/1030] loss = nan
[e008 s0550/1030] loss = nan
[e008 s0600/1030] loss = nan
[e008 s0650/1030] loss = nan
[e008 s0700/1030] loss = nan
[e008 s0750/1030] loss = nan
[e008 s0800/1030] loss = nan
[e008 s0850/1030] loss = nan
[e008 s0900/1030] loss = nan
[e008 s0950/1030] loss = nan
[e008 s1000/1030] loss = nan
Epoch 008: train_loss = nan  MAE/GAME0 = nan  RMSE = nan  GAME1 = nan  GAME2 = nan  GAME3 = nan  lr = 1.00e-05  time = 45.6s
[e009 s0001/1030] loss = nan
[e009 s0050/1030] loss = nan
[e009 s0100/1030] loss = nan
[e009 s0150/1030] loss = nan
[e009 s0200/1030] loss = nan
[e009 s0250/1030] loss = nan
[e009 s0300/1030] loss = nan
[e009 s0350/1030] loss = nan
[e009 s0400/1030] loss = nan
[e009 s0450/1030] loss = nan
[e009 s0500/1030] loss = nan
[e009 s0550/1030] loss = nan
[e009 s0600/1030] loss = nan
[e009 s0650/1030] loss = nan
[e009 s0700/1030] loss = nan
[e009 s0750/1030] loss = nan
[e009 s0800/1030] loss = nan
[e009 s0850/1030] loss = nan
[e009 s0900/1030] loss = nan
[e009 s0950/1030] loss = nan
[e009 s1000/1030] loss = nan
Epoch 009: train_loss = nan  MAE/GAME0 = nan  RMSE = nan  GAME1 = nan  GAME2 = nan  GAME3 = nan  lr = 1.00e-05  time = 46.3s
[e010 s0001/1030] loss = nan
[e010 s0050/1030] loss = nan
[e010 s0100/1030] loss = nan
[e010 s0150/1030] loss = nan
[e010 s0200/1030] loss = nan
[e010 s0250/1030] loss = nan
[e010 s0300/1030] loss = nan
[e010 s0350/1030] loss = nan
[e010 s0400/1030] loss = nan
[e010 s0450/1030] loss = nan
[e010 s0500/1030] loss = nan
[e010 s0550/1030] loss = nan
[e010 s0600/1030] loss = nan
[e010 s0650/1030] loss = nan
[e010 s0700/1030] loss = nan
[e010 s0750/1030] loss = nan
[e010 s0800/1030] loss = nan
[e010 s0850/1030] loss = nan
[e010 s0900/1030] loss = nan
[e010 s0950/1030] loss = nan
[e010 s1000/1030] loss = nan
Epoch 010: train_loss = nan  MAE/GAME0 = nan  RMSE = nan  GAME1 = nan  GAME2 = nan  GAME3 = nan  lr = 1.00e-05  time = 47.0s
