[log] /scratch/users/ntu/kenneth0/FYP-SmartObjectCounter/logs/train_rgbt_late_e100_count_ema_12711953.pbs101_20260109_181519.log
[init] device = cuda
[init] PROJECT_ROOT = /scratch/users/ntu/kenneth0/FYP-SmartObjectCounter
[epoch 001/100] lr = 1.00e-05 | train loss = 0.0841 (base 0.0188, count 0.6522, game 0.0000, temp 0.0000, illum 0.0000) | val RMSE = 89.854, MAE = 65.425, GAME0 = 65.425, GAME1 = 65.441, GAME2 = 65.459, GAME3 = 65.475 | time = 61.7s
[epoch 002/100] lr = 1.00e-05 | train loss = 0.0202 (base 0.0008, count 0.1944, game 0.0000, temp 0.0000, illum 0.0000) | val RMSE = 89.862, MAE = 65.450, GAME0 = 65.450, GAME1 = 65.450, GAME2 = 65.450, GAME3 = 65.450 | time = 48.4s
[epoch 003/100] lr = 1.00e-05 | train loss = 0.0213 (base 0.0010, count 0.2026, game 0.0000, temp 0.0000, illum 0.0000) | val RMSE = 89.862, MAE = 65.450, GAME0 = 65.450, GAME1 = 65.450, GAME2 = 65.450, GAME3 = 65.450 | time = 47.9s
[epoch 004/100] lr = 1.00e-05 | train loss = 0.0201 (base 0.0007, count 0.1938, game 0.0000, temp 0.0000, illum 0.0000) | val RMSE = 89.862, MAE = 65.450, GAME0 = 65.450, GAME1 = 65.450, GAME2 = 65.450, GAME3 = 65.450 | time = 48.1s
[epoch 005/100] lr = 1.00e-05 | train loss = 0.0204 (base 0.0009, count 0.1947, game 0.0000, temp 0.0000, illum 0.0000) | val RMSE = 89.862, MAE = 65.450, GAME0 = 65.450, GAME1 = 65.450, GAME2 = 65.450, GAME3 = 65.450 | time = 48.2s
[epoch 006/100] lr = 1.00e-05 | train loss = 0.0201 (base 0.0009, count 0.1928, game 0.0000, temp 0.0000, illum 0.0000) | val RMSE = 89.862, MAE = 65.450, GAME0 = 65.450, GAME1 = 65.450, GAME2 = 65.450, GAME3 = 65.450 | time = 48.7s
[epoch 007/100] lr = 1.00e-05 | train loss = 0.0209 (base 0.0009, count 0.1993, game 0.0000, temp 0.0000, illum 0.0000) | val RMSE = 89.862, MAE = 65.450, GAME0 = 65.450, GAME1 = 65.450, GAME2 = 65.450, GAME3 = 65.450 | time = 48.3s
[epoch 008/100] lr = 1.00e-05 | train loss = 0.0198 (base 0.0008, count 0.1896, game 0.0000, temp 0.0000, illum 0.0000) | val RMSE = 89.862, MAE = 65.450, GAME0 = 65.450, GAME1 = 65.450, GAME2 = 65.450, GAME3 = 65.450 | time = 48.1s
[epoch 009/100] lr = 1.00e-05 | train loss = 0.0202 (base 0.0008, count 0.1939, game 0.0000, temp 0.0000, illum 0.0000) | val RMSE = 89.862, MAE = 65.450, GAME0 = 65.450, GAME1 = 65.450, GAME2 = 65.450, GAME3 = 65.450 | time = 48.1s
[epoch 010/100] lr = 1.00e-05 | train loss = 0.0197 (base 0.0007, count 0.1897, game 0.0000, temp 0.0000, illum 0.0000) | val RMSE = 89.862, MAE = 65.450, GAME0 = 65.450, GAME1 = 65.450, GAME2 = 65.450, GAME3 = 65.450 | time = 48.2s
[epoch 011/100] lr = 1.00e-05 | train loss = 0.0200 (base 0.0008, count 0.1917, game 0.0000, temp 0.0000, illum 0.0000) | val RMSE = 89.862, MAE = 65.450, GAME0 = 65.450, GAME1 = 65.450, GAME2 = 65.450, GAME3 = 65.450 | time = 48.1s
[epoch 012/100] lr = 1.00e-05 | train loss = 0.0209 (base 0.0008, count 0.2014, game 0.0000, temp 0.0000, illum 0.0000) | val RMSE = 89.862, MAE = 65.450, GAME0 = 65.450, GAME1 = 65.450, GAME2 = 65.450, GAME3 = 65.450 | time = 48.3s
[epoch 013/100] lr = 1.00e-05 | train loss = 0.0200 (base 0.0008, count 0.1920, game 0.0000, temp 0.0000, illum 0.0000) | val RMSE = 89.862, MAE = 65.450, GAME0 = 65.450, GAME1 = 65.450, GAME2 = 65.450, GAME3 = 65.450 | time = 48.1s
[epoch 014/100] lr = 1.00e-05 | train loss = 0.0197 (base 0.0008, count 0.1892, game 0.0000, temp 0.0000, illum 0.0000) | val RMSE = 89.862, MAE = 65.450, GAME0 = 65.450, GAME1 = 65.450, GAME2 = 65.450, GAME3 = 65.450 | time = 48.4s
[epoch 015/100] lr = 1.00e-05 | train loss = 0.0190 (base 0.0007, count 0.1832, game 0.0000, temp 0.0000, illum 0.0000) | val RMSE = 89.862, MAE = 65.450, GAME0 = 65.450, GAME1 = 65.450, GAME2 = 65.450, GAME3 = 65.450 | time = 47.8s
[epoch 016/100] lr = 1.00e-05 | train loss = 0.0190 (base 0.0009, count 0.1810, game 0.0000, temp 0.0000, illum 0.0000) | val RMSE = 89.862, MAE = 65.450, GAME0 = 65.450, GAME1 = 65.450, GAME2 = 65.450, GAME3 = 65.450 | time = 48.4s
[epoch 017/100] lr = 1.00e-05 | train loss = 0.0197 (base 0.0009, count 0.1874, game 0.0000, temp 0.0000, illum 0.0000) | val RMSE = 89.862, MAE = 65.450, GAME0 = 65.450, GAME1 = 65.450, GAME2 = 65.450, GAME3 = 65.450 | time = 48.4s
[epoch 018/100] lr = 1.00e-05 | train loss = 0.0199 (base 0.0008, count 0.1913, game 0.0000, temp 0.0000, illum 0.0000) | val RMSE = 89.862, MAE = 65.450, GAME0 = 65.450, GAME1 = 65.450, GAME2 = 65.450, GAME3 = 65.450 | time = 47.5s
[epoch 019/100] lr = 1.00e-05 | train loss = 0.0202 (base 0.0008, count 0.1946, game 0.0000, temp 0.0000, illum 0.0000) | val RMSE = 89.862, MAE = 65.450, GAME0 = 65.450, GAME1 = 65.450, GAME2 = 65.450, GAME3 = 65.450 | time = 48.2s
[epoch 020/100] lr = 1.00e-05 | train loss = 0.0197 (base 0.0008, count 0.1885, game 0.0000, temp 0.0000, illum 0.0000) | val RMSE = 89.862, MAE = 65.450, GAME0 = 65.450, GAME1 = 65.450, GAME2 = 65.450, GAME3 = 65.450 | time = 48.0s
[epoch 021/100] lr = 1.00e-05 | train loss = 0.0198 (base 0.0008, count 0.1902, game 0.0000, temp 0.0000, illum 0.0000) | val RMSE = 89.862, MAE = 65.450, GAME0 = 65.450, GAME1 = 65.450, GAME2 = 65.450, GAME3 = 65.450 | time = 48.1s
[epoch 022/100] lr = 1.00e-05 | train loss = 0.0197 (base 0.0007, count 0.1898, game 0.0000, temp 0.0000, illum 0.0000) | val RMSE = 89.862, MAE = 65.450, GAME0 = 65.450, GAME1 = 65.450, GAME2 = 65.450, GAME3 = 65.450 | time = 48.5s
[epoch 023/100] lr = 1.00e-05 | train loss = 0.0190 (base 0.0008, count 0.1816, game 0.0000, temp 0.0000, illum 0.0000) | val RMSE = 89.862, MAE = 65.450, GAME0 = 65.450, GAME1 = 65.450, GAME2 = 65.450, GAME3 = 65.450 | time = 48.0s
[epoch 024/100] lr = 1.00e-05 | train loss = 0.0198 (base 0.0008, count 0.1901, game 0.0000, temp 0.0000, illum 0.0000) | val RMSE = 89.862, MAE = 65.450, GAME0 = 65.450, GAME1 = 65.450, GAME2 = 65.450, GAME3 = 65.450 | time = 48.2s
[epoch 025/100] lr = 1.00e-05 | train loss = 0.0194 (base 0.0009, count 0.1854, game 0.0000, temp 0.0000, illum 0.0000) | val RMSE = 89.862, MAE = 65.450, GAME0 = 65.450, GAME1 = 65.450, GAME2 = 65.450, GAME3 = 65.450 | time = 48.6s
[epoch 026/100] lr = 1.00e-05 | train loss = 0.0202 (base 0.0009, count 0.1930, game 0.0000, temp 0.0000, illum 0.0000) | val RMSE = 89.862, MAE = 65.450, GAME0 = 65.450, GAME1 = 65.450, GAME2 = 65.450, GAME3 = 65.450 | time = 48.3s
[epoch 027/100] lr = 1.00e-05 | train loss = 0.0199 (base 0.0010, count 0.1893, game 0.0000, temp 0.0000, illum 0.0000) | val RMSE = 89.862, MAE = 65.450, GAME0 = 65.450, GAME1 = 65.450, GAME2 = 65.450, GAME3 = 65.450 | time = 48.0s
[epoch 028/100] lr = 1.00e-05 | train loss = 0.0203 (base 0.0008, count 0.1947, game 0.0000, temp 0.0000, illum 0.0000) | val RMSE = 89.862, MAE = 65.450, GAME0 = 65.450, GAME1 = 65.450, GAME2 = 65.450, GAME3 = 65.450 | time = 48.6s
[epoch 029/100] lr = 1.00e-05 | train loss = 0.0200 (base 0.0007, count 0.1925, game 0.0000, temp 0.0000, illum 0.0000) | val RMSE = 89.862, MAE = 65.450, GAME0 = 65.450, GAME1 = 65.450, GAME2 = 65.450, GAME3 = 65.450 | time = 48.1s
[epoch 030/100] lr = 1.00e-05 | train loss = 0.0195 (base 0.0009, count 0.1858, game 0.0000, temp 0.0000, illum 0.0000) | val RMSE = 89.862, MAE = 65.450, GAME0 = 65.450, GAME1 = 65.450, GAME2 = 65.450, GAME3 = 65.450 | time = 47.4s
[epoch 031/100] lr = 1.00e-05 | train loss = 0.0211 (base 0.0009, count 0.2019, game 0.0000, temp 0.0000, illum 0.0000) | val RMSE = 89.862, MAE = 65.450, GAME0 = 65.450, GAME1 = 65.450, GAME2 = 65.450, GAME3 = 65.450 | time = 48.4s
[epoch 032/100] lr = 1.00e-05 | train loss = 0.0207 (base 0.0010, count 0.1971, game 0.0000, temp 0.0000, illum 0.0000) | val RMSE = 89.862, MAE = 65.450, GAME0 = 65.450, GAME1 = 65.450, GAME2 = 65.450, GAME3 = 65.450 | time = 47.8s
[epoch 033/100] lr = 1.00e-05 | train loss = 0.0203 (base 0.0010, count 0.1927, game 0.0000, temp 0.0000, illum 0.0000) | val RMSE = 89.862, MAE = 65.450, GAME0 = 65.450, GAME1 = 65.450, GAME2 = 65.450, GAME3 = 65.450 | time = 48.3s
[epoch 034/100] lr = 1.00e-05 | train loss = 0.0198 (base 0.0007, count 0.1905, game 0.0000, temp 0.0000, illum 0.0000) | val RMSE = 89.862, MAE = 65.450, GAME0 = 65.450, GAME1 = 65.450, GAME2 = 65.450, GAME3 = 65.450 | time = 48.0s
[epoch 035/100] lr = 1.00e-05 | train loss = 0.0193 (base 0.0006, count 0.1862, game 0.0000, temp 0.0000, illum 0.0000) | val RMSE = 89.862, MAE = 65.450, GAME0 = 65.450, GAME1 = 65.450, GAME2 = 65.450, GAME3 = 65.450 | time = 48.0s
[epoch 036/100] lr = 1.00e-05 | train loss = 0.0209 (base 0.0008, count 0.2012, game 0.0000, temp 0.0000, illum 0.0000) | val RMSE = 89.862, MAE = 65.450, GAME0 = 65.450, GAME1 = 65.450, GAME2 = 65.450, GAME3 = 65.450 | time = 47.6s
[epoch 037/100] lr = 1.00e-05 | train loss = 0.0192 (base 0.0007, count 0.1850, game 0.0000, temp 0.0000, illum 0.0000) | val RMSE = 89.862, MAE = 65.450, GAME0 = 65.450, GAME1 = 65.450, GAME2 = 65.450, GAME3 = 65.450 | time = 48.1s
[epoch 038/100] lr = 1.00e-05 | train loss = 0.0204 (base 0.0009, count 0.1952, game 0.0000, temp 0.0000, illum 0.0000) | val RMSE = 89.862, MAE = 65.450, GAME0 = 65.450, GAME1 = 65.450, GAME2 = 65.450, GAME3 = 65.450 | time = 48.4s
[epoch 039/100] lr = 1.00e-05 | train loss = 0.0191 (base 0.0008, count 0.1833, game 0.0000, temp 0.0000, illum 0.0000) | val RMSE = 89.862, MAE = 65.450, GAME0 = 65.450, GAME1 = 65.450, GAME2 = 65.450, GAME3 = 65.450 | time = 48.4s
[epoch 040/100] lr = 1.00e-05 | train loss = 0.0202 (base 0.0008, count 0.1941, game 0.0000, temp 0.0000, illum 0.0000) | val RMSE = 89.862, MAE = 65.450, GAME0 = 65.450, GAME1 = 65.450, GAME2 = 65.450, GAME3 = 65.450 | time = 48.3s
[epoch 041/100] lr = 1.00e-05 | train loss = 0.0201 (base 0.0007, count 0.1941, game 0.0000, temp 0.0000, illum 0.0000) | val RMSE = 89.862, MAE = 65.450, GAME0 = 65.450, GAME1 = 65.450, GAME2 = 65.450, GAME3 = 65.450 | time = 48.4s
[epoch 042/100] lr = 1.00e-05 | train loss = 0.0196 (base 0.0007, count 0.1889, game 0.0000, temp 0.0000, illum 0.0000) | val RMSE = 89.862, MAE = 65.450, GAME0 = 65.450, GAME1 = 65.450, GAME2 = 65.450, GAME3 = 65.450 | time = 48.1s
[epoch 043/100] lr = 1.00e-05 | train loss = 0.0199 (base 0.0007, count 0.1919, game 0.0000, temp 0.0000, illum 0.0000) | val RMSE = 89.862, MAE = 65.450, GAME0 = 65.450, GAME1 = 65.450, GAME2 = 65.450, GAME3 = 65.450 | time = 48.1s
[epoch 044/100] lr = 1.00e-05 | train loss = 0.0200 (base 0.0008, count 0.1912, game 0.0000, temp 0.0000, illum 0.0000) | val RMSE = 89.862, MAE = 65.450, GAME0 = 65.450, GAME1 = 65.450, GAME2 = 65.450, GAME3 = 65.450 | time = 47.5s
[epoch 045/100] lr = 1.00e-05 | train loss = 0.0194 (base 0.0009, count 0.1856, game 0.0000, temp 0.0000, illum 0.0000) | val RMSE = 89.862, MAE = 65.450, GAME0 = 65.450, GAME1 = 65.450, GAME2 = 65.450, GAME3 = 65.450 | time = 48.0s
[epoch 046/100] lr = 1.00e-05 | train loss = 0.0204 (base 0.0008, count 0.1966, game 0.0000, temp 0.0000, illum 0.0000) | val RMSE = 89.862, MAE = 65.450, GAME0 = 65.450, GAME1 = 65.450, GAME2 = 65.450, GAME3 = 65.450 | time = 48.1s
[epoch 047/100] lr = 1.00e-05 | train loss = 0.0195 (base 0.0010, count 0.1850, game 0.0000, temp 0.0000, illum 0.0000) | val RMSE = 89.862, MAE = 65.450, GAME0 = 65.450, GAME1 = 65.450, GAME2 = 65.450, GAME3 = 65.450 | time = 50.9s
[epoch 048/100] lr = 1.00e-05 | train loss = 0.0199 (base 0.0009, count 0.1896, game 0.0000, temp 0.0000, illum 0.0000) | val RMSE = 89.862, MAE = 65.450, GAME0 = 65.450, GAME1 = 65.450, GAME2 = 65.450, GAME3 = 65.450 | time = 48.4s
[epoch 049/100] lr = 1.00e-05 | train loss = 0.0197 (base 0.0010, count 0.1867, game 0.0000, temp 0.0000, illum 0.0000) | val RMSE = 89.862, MAE = 65.450, GAME0 = 65.450, GAME1 = 65.450, GAME2 = 65.450, GAME3 = 65.450 | time = 48.1s
[epoch 050/100] lr = 1.00e-05 | train loss = 0.0201 (base 0.0009, count 0.1929, game 0.0000, temp 0.0000, illum 0.0000) | val RMSE = 89.862, MAE = 65.450, GAME0 = 65.450, GAME1 = 65.450, GAME2 = 65.450, GAME3 = 65.450 | time = 48.2s
[epoch 051/100] lr = 1.00e-05 | train loss = 0.0213 (base 0.0010, count 0.2032, game 0.0000, temp 0.0000, illum 0.0000) | val RMSE = 89.862, MAE = 65.450, GAME0 = 65.450, GAME1 = 65.450, GAME2 = 65.450, GAME3 = 65.450 | time = 48.1s
[epoch 052/100] lr = 1.00e-05 | train loss = 0.0196 (base 0.0008, count 0.1879, game 0.0000, temp 0.0000, illum 0.0000) | val RMSE = 89.862, MAE = 65.450, GAME0 = 65.450, GAME1 = 65.450, GAME2 = 65.450, GAME3 = 65.450 | time = 47.2s
[epoch 053/100] lr = 1.00e-05 | train loss = 0.0196 (base 0.0008, count 0.1876, game 0.0000, temp 0.0000, illum 0.0000) | val RMSE = 89.862, MAE = 65.450, GAME0 = 65.450, GAME1 = 65.450, GAME2 = 65.450, GAME3 = 65.450 | time = 48.5s
[epoch 054/100] lr = 1.00e-05 | train loss = 0.0199 (base 0.0008, count 0.1912, game 0.0000, temp 0.0000, illum 0.0000) | val RMSE = 89.862, MAE = 65.450, GAME0 = 65.450, GAME1 = 65.450, GAME2 = 65.450, GAME3 = 65.450 | time = 49.4s
[epoch 055/100] lr = 1.00e-05 | train loss = 0.0200 (base 0.0007, count 0.1926, game 0.0000, temp 0.0000, illum 0.0000) | val RMSE = 89.862, MAE = 65.450, GAME0 = 65.450, GAME1 = 65.450, GAME2 = 65.450, GAME3 = 65.450 | time = 48.2s
[epoch 056/100] lr = 1.00e-05 | train loss = 0.0217 (base 0.0009, count 0.2084, game 0.0000, temp 0.0000, illum 0.0000) | val RMSE = 89.862, MAE = 65.450, GAME0 = 65.450, GAME1 = 65.450, GAME2 = 65.450, GAME3 = 65.450 | time = 48.2s
[epoch 057/100] lr = 1.00e-05 | train loss = 0.0191 (base 0.0007, count 0.1839, game 0.0000, temp 0.0000, illum 0.0000) | val RMSE = 89.862, MAE = 65.450, GAME0 = 65.450, GAME1 = 65.450, GAME2 = 65.450, GAME3 = 65.450 | time = 48.2s
[epoch 058/100] lr = 1.00e-05 | train loss = 0.0186 (base 0.0008, count 0.1779, game 0.0000, temp 0.0000, illum 0.0000) | val RMSE = 89.862, MAE = 65.450, GAME0 = 65.450, GAME1 = 65.450, GAME2 = 65.450, GAME3 = 65.450 | time = 49.1s
[epoch 059/100] lr = 1.00e-05 | train loss = 0.0202 (base 0.0009, count 0.1929, game 0.0000, temp 0.0000, illum 0.0000) | val RMSE = 89.862, MAE = 65.450, GAME0 = 65.450, GAME1 = 65.450, GAME2 = 65.450, GAME3 = 65.450 | time = 48.2s
[epoch 060/100] lr = 1.00e-06 | train loss = 0.0202 (base 0.0007, count 0.1949, game 0.0000, temp 0.0000, illum 0.0000) | val RMSE = 89.862, MAE = 65.450, GAME0 = 65.450, GAME1 = 65.450, GAME2 = 65.450, GAME3 = 65.450 | time = 48.2s
[epoch 061/100] lr = 1.00e-06 | train loss = 0.0200 (base 0.0008, count 0.1914, game 0.0000, temp 0.0000, illum 0.0000) | val RMSE = 89.862, MAE = 65.450, GAME0 = 65.450, GAME1 = 65.450, GAME2 = 65.450, GAME3 = 65.450 | time = 49.8s
[epoch 062/100] lr = 1.00e-06 | train loss = 0.0206 (base 0.0011, count 0.1943, game 0.0000, temp 0.0000, illum 0.0000) | val RMSE = 89.862, MAE = 65.450, GAME0 = 65.450, GAME1 = 65.450, GAME2 = 65.450, GAME3 = 65.450 | time = 48.1s
[epoch 063/100] lr = 1.00e-06 | train loss = 0.0203 (base 0.0008, count 0.1951, game 0.0000, temp 0.0000, illum 0.0000) | val RMSE = 89.862, MAE = 65.450, GAME0 = 65.450, GAME1 = 65.450, GAME2 = 65.450, GAME3 = 65.450 | time = 48.5s
[epoch 064/100] lr = 1.00e-06 | train loss = 0.0209 (base 0.0009, count 0.2000, game 0.0000, temp 0.0000, illum 0.0000) | val RMSE = 89.862, MAE = 65.450, GAME0 = 65.450, GAME1 = 65.450, GAME2 = 65.450, GAME3 = 65.450 | time = 49.4s
[epoch 065/100] lr = 1.00e-06 | train loss = 0.0196 (base 0.0008, count 0.1881, game 0.0000, temp 0.0000, illum 0.0000) | val RMSE = 89.862, MAE = 65.450, GAME0 = 65.450, GAME1 = 65.450, GAME2 = 65.450, GAME3 = 65.450 | time = 47.7s
[epoch 066/100] lr = 1.00e-06 | train loss = 0.0202 (base 0.0008, count 0.1936, game 0.0000, temp 0.0000, illum 0.0000) | val RMSE = 89.862, MAE = 65.450, GAME0 = 65.450, GAME1 = 65.450, GAME2 = 65.450, GAME3 = 65.450 | time = 47.8s
[epoch 067/100] lr = 1.00e-06 | train loss = 0.0187 (base 0.0008, count 0.1797, game 0.0000, temp 0.0000, illum 0.0000) | val RMSE = 89.862, MAE = 65.450, GAME0 = 65.450, GAME1 = 65.450, GAME2 = 65.450, GAME3 = 65.450 | time = 48.7s
[epoch 068/100] lr = 1.00e-06 | train loss = 0.0194 (base 0.0008, count 0.1863, game 0.0000, temp 0.0000, illum 0.0000) | val RMSE = 89.862, MAE = 65.450, GAME0 = 65.450, GAME1 = 65.450, GAME2 = 65.450, GAME3 = 65.450 | time = 48.3s
[epoch 069/100] lr = 1.00e-06 | train loss = 0.0198 (base 0.0007, count 0.1915, game 0.0000, temp 0.0000, illum 0.0000) | val RMSE = 89.862, MAE = 65.450, GAME0 = 65.450, GAME1 = 65.450, GAME2 = 65.450, GAME3 = 65.450 | time = 48.3s
[epoch 070/100] lr = 1.00e-06 | train loss = 0.0201 (base 0.0008, count 0.1925, game 0.0000, temp 0.0000, illum 0.0000) | val RMSE = 89.862, MAE = 65.450, GAME0 = 65.450, GAME1 = 65.450, GAME2 = 65.450, GAME3 = 65.450 | time = 47.5s
[epoch 071/100] lr = 1.00e-06 | train loss = 0.0203 (base 0.0009, count 0.1944, game 0.0000, temp 0.0000, illum 0.0000) | val RMSE = 89.862, MAE = 65.450, GAME0 = 65.450, GAME1 = 65.450, GAME2 = 65.450, GAME3 = 65.450 | time = 48.5s
[epoch 072/100] lr = 1.00e-06 | train loss = 0.0199 (base 0.0009, count 0.1904, game 0.0000, temp 0.0000, illum 0.0000) | val RMSE = 89.862, MAE = 65.450, GAME0 = 65.450, GAME1 = 65.450, GAME2 = 65.450, GAME3 = 65.450 | time = 48.2s
[epoch 073/100] lr = 1.00e-06 | train loss = 0.0203 (base 0.0008, count 0.1949, game 0.0000, temp 0.0000, illum 0.0000) | val RMSE = 89.862, MAE = 65.450, GAME0 = 65.450, GAME1 = 65.450, GAME2 = 65.450, GAME3 = 65.450 | time = 47.8s
[epoch 074/100] lr = 1.00e-06 | train loss = 0.0193 (base 0.0008, count 0.1850, game 0.0000, temp 0.0000, illum 0.0000) | val RMSE = 89.862, MAE = 65.450, GAME0 = 65.450, GAME1 = 65.450, GAME2 = 65.450, GAME3 = 65.450 | time = 48.3s
[epoch 075/100] lr = 1.00e-06 | train loss = 0.0194 (base 0.0008, count 0.1867, game 0.0000, temp 0.0000, illum 0.0000) | val RMSE = 89.862, MAE = 65.450, GAME0 = 65.450, GAME1 = 65.450, GAME2 = 65.450, GAME3 = 65.450 | time = 47.9s
[epoch 076/100] lr = 1.00e-06 | train loss = 0.0201 (base 0.0009, count 0.1928, game 0.0000, temp 0.0000, illum 0.0000) | val RMSE = 89.862, MAE = 65.450, GAME0 = 65.450, GAME1 = 65.450, GAME2 = 65.450, GAME3 = 65.450 | time = 48.1s
[epoch 077/100] lr = 1.00e-06 | train loss = 0.0194 (base 0.0008, count 0.1862, game 0.0000, temp 0.0000, illum 0.0000) | val RMSE = 89.862, MAE = 65.450, GAME0 = 65.450, GAME1 = 65.450, GAME2 = 65.450, GAME3 = 65.450 | time = 50.9s
[epoch 078/100] lr = 1.00e-06 | train loss = 0.0205 (base 0.0009, count 0.1959, game 0.0000, temp 0.0000, illum 0.0000) | val RMSE = 89.862, MAE = 65.450, GAME0 = 65.450, GAME1 = 65.450, GAME2 = 65.450, GAME3 = 65.450 | time = 48.3s
[epoch 079/100] lr = 1.00e-06 | train loss = 0.0195 (base 0.0008, count 0.1872, game 0.0000, temp 0.0000, illum 0.0000) | val RMSE = 89.862, MAE = 65.450, GAME0 = 65.450, GAME1 = 65.450, GAME2 = 65.450, GAME3 = 65.450 | time = 47.9s
[epoch 080/100] lr = 1.00e-07 | train loss = 0.0205 (base 0.0009, count 0.1953, game 0.0000, temp 0.0000, illum 0.0000) | val RMSE = 89.862, MAE = 65.450, GAME0 = 65.450, GAME1 = 65.450, GAME2 = 65.450, GAME3 = 65.450 | time = 49.1s
[epoch 081/100] lr = 1.00e-07 | train loss = 0.0199 (base 0.0009, count 0.1906, game 0.0000, temp 0.0000, illum 0.0000) | val RMSE = 89.862, MAE = 65.450, GAME0 = 65.450, GAME1 = 65.450, GAME2 = 65.450, GAME3 = 65.450 | time = 48.3s
[epoch 082/100] lr = 1.00e-07 | train loss = 0.0201 (base 0.0007, count 0.1939, game 0.0000, temp 0.0000, illum 0.0000) | val RMSE = 89.862, MAE = 65.450, GAME0 = 65.450, GAME1 = 65.450, GAME2 = 65.450, GAME3 = 65.450 | time = 48.0s
[epoch 083/100] lr = 1.00e-07 | train loss = 0.0199 (base 0.0009, count 0.1904, game 0.0000, temp 0.0000, illum 0.0000) | val RMSE = 89.862, MAE = 65.450, GAME0 = 65.450, GAME1 = 65.450, GAME2 = 65.450, GAME3 = 65.450 | time = 48.1s
[epoch 084/100] lr = 1.00e-07 | train loss = 0.0195 (base 0.0009, count 0.1864, game 0.0000, temp 0.0000, illum 0.0000) | val RMSE = 89.862, MAE = 65.450, GAME0 = 65.450, GAME1 = 65.450, GAME2 = 65.450, GAME3 = 65.450 | time = 49.3s
[epoch 085/100] lr = 1.00e-07 | train loss = 0.0201 (base 0.0008, count 0.1928, game 0.0000, temp 0.0000, illum 0.0000) | val RMSE = 89.862, MAE = 65.450, GAME0 = 65.450, GAME1 = 65.450, GAME2 = 65.450, GAME3 = 65.450 | time = 48.1s
[epoch 086/100] lr = 1.00e-07 | train loss = 0.0196 (base 0.0008, count 0.1879, game 0.0000, temp 0.0000, illum 0.0000) | val RMSE = 89.862, MAE = 65.450, GAME0 = 65.450, GAME1 = 65.450, GAME2 = 65.450, GAME3 = 65.450 | time = 49.6s
[epoch 087/100] lr = 1.00e-07 | train loss = 0.0198 (base 0.0008, count 0.1902, game 0.0000, temp 0.0000, illum 0.0000) | val RMSE = 89.862, MAE = 65.450, GAME0 = 65.450, GAME1 = 65.450, GAME2 = 65.450, GAME3 = 65.450 | time = 48.6s
[epoch 088/100] lr = 1.00e-07 | train loss = 0.0196 (base 0.0009, count 0.1869, game 0.0000, temp 0.0000, illum 0.0000) | val RMSE = 89.862, MAE = 65.450, GAME0 = 65.450, GAME1 = 65.450, GAME2 = 65.450, GAME3 = 65.450 | time = 49.4s
[epoch 089/100] lr = 1.00e-07 | train loss = 0.0194 (base 0.0007, count 0.1872, game 0.0000, temp 0.0000, illum 0.0000) | val RMSE = 89.862, MAE = 65.450, GAME0 = 65.450, GAME1 = 65.450, GAME2 = 65.450, GAME3 = 65.450 | time = 48.0s
[epoch 090/100] lr = 1.00e-07 | train loss = 0.0205 (base 0.0008, count 0.1962, game 0.0000, temp 0.0000, illum 0.0000) | val RMSE = 89.862, MAE = 65.450, GAME0 = 65.450, GAME1 = 65.450, GAME2 = 65.450, GAME3 = 65.450 | time = 48.2s
[epoch 091/100] lr = 1.00e-07 | train loss = 0.0195 (base 0.0007, count 0.1881, game 0.0000, temp 0.0000, illum 0.0000) | val RMSE = 89.862, MAE = 65.450, GAME0 = 65.450, GAME1 = 65.450, GAME2 = 65.450, GAME3 = 65.450 | time = 47.9s
[epoch 092/100] lr = 1.00e-07 | train loss = 0.0200 (base 0.0009, count 0.1908, game 0.0000, temp 0.0000, illum 0.0000) | val RMSE = 89.862, MAE = 65.450, GAME0 = 65.450, GAME1 = 65.450, GAME2 = 65.450, GAME3 = 65.450 | time = 48.3s
[epoch 093/100] lr = 1.00e-07 | train loss = 0.0197 (base 0.0008, count 0.1893, game 0.0000, temp 0.0000, illum 0.0000) | val RMSE = 89.862, MAE = 65.450, GAME0 = 65.450, GAME1 = 65.450, GAME2 = 65.450, GAME3 = 65.450 | time = 47.8s
[epoch 094/100] lr = 1.00e-07 | train loss = 0.0195 (base 0.0008, count 0.1868, game 0.0000, temp 0.0000, illum 0.0000) | val RMSE = 89.862, MAE = 65.450, GAME0 = 65.450, GAME1 = 65.450, GAME2 = 65.450, GAME3 = 65.450 | time = 48.2s
[epoch 095/100] lr = 1.00e-07 | train loss = 0.0202 (base 0.0009, count 0.1933, game 0.0000, temp 0.0000, illum 0.0000) | val RMSE = 89.862, MAE = 65.450, GAME0 = 65.450, GAME1 = 65.450, GAME2 = 65.450, GAME3 = 65.450 | time = 48.1s
[epoch 096/100] lr = 1.00e-07 | train loss = 0.0199 (base 0.0008, count 0.1909, game 0.0000, temp 0.0000, illum 0.0000) | val RMSE = 89.862, MAE = 65.450, GAME0 = 65.450, GAME1 = 65.450, GAME2 = 65.450, GAME3 = 65.450 | time = 48.1s
[epoch 097/100] lr = 1.00e-07 | train loss = 0.0203 (base 0.0010, count 0.1929, game 0.0000, temp 0.0000, illum 0.0000) | val RMSE = 89.862, MAE = 65.450, GAME0 = 65.450, GAME1 = 65.450, GAME2 = 65.450, GAME3 = 65.450 | time = 48.1s
[epoch 098/100] lr = 1.00e-07 | train loss = 0.0205 (base 0.0009, count 0.1959, game 0.0000, temp 0.0000, illum 0.0000) | val RMSE = 89.862, MAE = 65.450, GAME0 = 65.450, GAME1 = 65.450, GAME2 = 65.450, GAME3 = 65.450 | time = 48.6s
[epoch 099/100] lr = 1.00e-07 | train loss = 0.0207 (base 0.0011, count 0.1966, game 0.0000, temp 0.0000, illum 0.0000) | val RMSE = 89.862, MAE = 65.450, GAME0 = 65.450, GAME1 = 65.450, GAME2 = 65.450, GAME3 = 65.450 | time = 48.3s
[epoch 100/100] lr = 1.00e-07 | train loss = 0.0204 (base 0.0008, count 0.1962, game 0.0000, temp 0.0000, illum 0.0000) | val RMSE = 89.862, MAE = 65.450, GAME0 = 65.450, GAME1 = 65.450, GAME2 = 65.450, GAME3 = 65.450 | time = 48.9s
[done] best RMSE = 89.854
