[log] /scratch/users/ntu/kenneth0/FYP-SmartObjectCounter/logs/train_rgbt_early_e100_sanity_12844481.pbs101_20260207_171924.log
[job] name=train_rgbt_early_e100_sanity id=12844481.pbs101 host=x1000c3s5b0n0 time=Sat Feb  7 17:19:24 +08 2026
torch 2.6.0+cu118 cuda True
[init] device = cuda
[init] train = 1030  val = 200  workers = 4
/scratch/users/ntu/kenneth0/FYP-SmartObjectCounter/scripts/train_rgbt.py:383: FutureWarning: `torch.cuda.amp.GradScaler(args...)` is deprecated. Please use `torch.amp.GradScaler('cuda', args...)` instead.
  scaler = GradScaler(enabled = bool(args.amp))
[e001 s0001/1030] loss = 5053673.500000
[e001 s0050/1030] loss = 268804.254641
[e001 s0100/1030] loss = 135110.467570
[e001 s0150/1030] loss = 90421.583018
[e001 s0200/1030] loss = 68012.255859
[e001 s0250/1030] loss = 54512.177493
[e001 s0300/1030] loss = 45494.263720
[e001 s0350/1030] loss = 39043.618947
[e001 s0400/1030] loss = 34194.103700
[e001 s0450/1030] loss = 30421.851925
[e001 s0500/1030] loss = 27396.687735
[e001 s0550/1030] loss = 24917.568880
[e001 s0600/1030] loss = 22850.635802
[e001 s0650/1030] loss = 21101.867702
[e001 s0700/1030] loss = 19600.536698
[e001 s0750/1030] loss = 18299.456351
[e001 s0800/1030] loss = 17160.138118
[e001 s0850/1030] loss = 16154.402846
[e001 s0900/1030] loss = 15259.690035
[e001 s0950/1030] loss = 14458.877087
[e001 s1000/1030] loss = 13737.942981
Epoch 001: train_loss = 13339.101383  MAE/GAME0 = 18.116  RMSE = 38.074  GAME1 = 23.119  GAME2 = 29.350  GAME3 = 31.550  lr = 1.00e-05  time = 116.7s
[e002 s0001/1030] loss = 9.178723
[e002 s0050/1030] loss = 40.166039
[e002 s0100/1030] loss = 35.098233
[e002 s0150/1030] loss = 33.834900
[e002 s0200/1030] loss = 30.432895
[e002 s0250/1030] loss = 28.321277
[e002 s0300/1030] loss = 28.544465
[e002 s0350/1030] loss = 26.932553
[e002 s0400/1030] loss = 26.511380
[e002 s0450/1030] loss = 25.555928
[e002 s0500/1030] loss = 24.792170
[e002 s0550/1030] loss = 23.704556
[e002 s0600/1030] loss = 22.817769
[e002 s0650/1030] loss = 22.279106
[e002 s0700/1030] loss = 21.500608
[e002 s0750/1030] loss = 20.960828
[e002 s0800/1030] loss = 20.416859
[e002 s0850/1030] loss = 19.712284
[e002 s0900/1030] loss = 19.015569
[e002 s0950/1030] loss = 18.538069
[e002 s1000/1030] loss = 18.069810
Epoch 002: train_loss = 17.909395  MAE/GAME0 = 21.294  RMSE = 40.733  GAME1 = 22.715  GAME2 = 24.349  GAME3 = 25.141  lr = 1.00e-05  time = 7.3s
[e003 s0001/1030] loss = 8.510745
[e003 s0050/1030] loss = 7.700252
[e003 s0100/1030] loss = 6.566337
[e003 s0150/1030] loss = 6.586267
[e003 s0200/1030] loss = 9.282359
[e003 s0250/1030] loss = 8.504342
[e003 s0300/1030] loss = 9.422834
[e003 s0350/1030] loss = 8.725152
[e003 s0400/1030] loss = 9.073448
[e003 s0450/1030] loss = 8.668951
[e003 s0500/1030] loss = 8.439909
[e003 s0550/1030] loss = 8.744401
[e003 s0600/1030] loss = 8.393999
[e003 s0650/1030] loss = 8.638120
[e003 s0700/1030] loss = 8.380325
[e003 s0750/1030] loss = 8.127846
[e003 s0800/1030] loss = 7.980708
[e003 s0850/1030] loss = 7.830493
[e003 s0900/1030] loss = 7.806155
[e003 s0950/1030] loss = 7.683329
[e003 s1000/1030] loss = 7.559823
Epoch 003: train_loss = 7.492720  MAE/GAME0 = 22.331  RMSE = 41.512  GAME1 = 22.928  GAME2 = 23.726  GAME3 = 24.030  lr = 1.00e-05  time = 7.4s
[e004 s0001/1030] loss = 2.154659
[e004 s0050/1030] loss = 4.153945
[e004 s0100/1030] loss = 3.976915
[e004 s0150/1030] loss = 4.428568
[e004 s0200/1030] loss = 4.601290
[e004 s0250/1030] loss = 4.164726
[e004 s0300/1030] loss = 4.237356
[e004 s0350/1030] loss = 4.535977
[e004 s0400/1030] loss = 4.567152
[e004 s0450/1030] loss = 4.688603
[e004 s0500/1030] loss = 4.510778
[e004 s0550/1030] loss = 4.400344
[e004 s0600/1030] loss = 4.452463
[e004 s0650/1030] loss = 4.530465
[e004 s0700/1030] loss = 4.366192
[e004 s0750/1030] loss = 4.358143
[e004 s0800/1030] loss = 4.424116
[e004 s0850/1030] loss = 4.559737
[e004 s0900/1030] loss = 4.513630
[e004 s0950/1030] loss = 4.758800
[e004 s1000/1030] loss = 4.785548
Epoch 004: train_loss = 4.898955  MAE/GAME0 = 22.731  RMSE = 41.833  GAME1 = 23.051  GAME2 = 23.529  GAME3 = 23.685  lr = 1.00e-05  time = 7.4s
[e005 s0001/1030] loss = 0.252531
[e005 s0050/1030] loss = 2.891845
[e005 s0100/1030] loss = 2.992722
[e005 s0150/1030] loss = 3.634402
[e005 s0200/1030] loss = 3.550716
[e005 s0250/1030] loss = 4.114893
[e005 s0300/1030] loss = 3.858850
[e005 s0350/1030] loss = 3.652490
[e005 s0400/1030] loss = 4.292262
[e005 s0450/1030] loss = 4.171875
[e005 s0500/1030] loss = 4.074208
[e005 s0550/1030] loss = 4.064471
[e005 s0600/1030] loss = 3.887477
[e005 s0650/1030] loss = 4.095358
[e005 s0700/1030] loss = 4.067462
[e005 s0750/1030] loss = 4.018512
[e005 s0800/1030] loss = 3.866351
[e005 s0850/1030] loss = 3.824505
[e005 s0900/1030] loss = 3.767496
[e005 s0950/1030] loss = 3.680860
[e005 s1000/1030] loss = 3.830725
Epoch 005: train_loss = 3.777376  MAE/GAME0 = 22.984  RMSE = 42.032  GAME1 = 23.143  GAME2 = 23.389  GAME3 = 23.466  lr = 1.00e-05  time = 7.4s
[e006 s0001/1030] loss = 0.154773
[e006 s0050/1030] loss = 4.725284
[e006 s0100/1030] loss = 4.036438
[e006 s0150/1030] loss = 3.660416
[e006 s0200/1030] loss = 3.530274
[e006 s0250/1030] loss = 3.234443
[e006 s0300/1030] loss = 3.117660
[e006 s0350/1030] loss = 3.050717
[e006 s0400/1030] loss = 4.194630
[e006 s0450/1030] loss = 4.034387
[e006 s0500/1030] loss = 3.919346
[e006 s0550/1030] loss = 3.839359
[e006 s0600/1030] loss = 3.708931
[e006 s0650/1030] loss = 4.107647
[e006 s0700/1030] loss = 4.107362
[e006 s0750/1030] loss = 4.186766
[e006 s0800/1030] loss = 4.244720
[e006 s0850/1030] loss = 4.122341
[e006 s0900/1030] loss = 4.090290
[e006 s0950/1030] loss = 4.218428
[e006 s1000/1030] loss = 4.222586
Epoch 006: train_loss = 4.220943  MAE/GAME0 = 23.088  RMSE = 42.109  GAME1 = 23.180  GAME2 = 23.320  GAME3 = 23.381  lr = 1.00e-05  time = 7.6s
[e007 s0001/1030] loss = 9.439470
[e007 s0050/1030] loss = 4.054615
[e007 s0100/1030] loss = 3.902126
[e007 s0150/1030] loss = 3.450824
[e007 s0200/1030] loss = 3.317473
[e007 s0250/1030] loss = 3.521262
[e007 s0300/1030] loss = 3.485129
[e007 s0350/1030] loss = 4.178688
[e007 s0400/1030] loss = 4.648706
[e007 s0450/1030] loss = 4.869173
[e007 s0500/1030] loss = 4.663772
[e007 s0550/1030] loss = 4.602551
[e007 s0600/1030] loss = 4.422004
[e007 s0650/1030] loss = 4.277501
[e007 s0700/1030] loss = 4.123917
[e007 s0750/1030] loss = 4.012264
[e007 s0800/1030] loss = 3.900551
[e007 s0850/1030] loss = 3.847663
[e007 s0900/1030] loss = 3.837040
[e007 s0950/1030] loss = 3.863763
[e007 s1000/1030] loss = 3.835113
Epoch 007: train_loss = 3.807756  MAE/GAME0 = 23.153  RMSE = 42.158  GAME1 = 23.214  GAME2 = 23.292  GAME3 = 23.329  lr = 1.00e-05  time = 7.5s
[e008 s0001/1030] loss = 6.657011
[e008 s0050/1030] loss = 2.208411
[e008 s0100/1030] loss = 3.094290
[e008 s0150/1030] loss = 3.612958
[e008 s0200/1030] loss = 3.504985
[e008 s0250/1030] loss = 3.428774
[e008 s0300/1030] loss = 3.420120
[e008 s0350/1030] loss = 3.286119
[e008 s0400/1030] loss = 3.257993
[e008 s0450/1030] loss = 3.839315
[e008 s0500/1030] loss = 3.688672
[e008 s0550/1030] loss = 3.598089
[e008 s0600/1030] loss = 3.604491
[e008 s0650/1030] loss = 3.742381
[e008 s0700/1030] loss = 3.843397
[e008 s0750/1030] loss = 3.741066
[e008 s0800/1030] loss = 3.694433
[e008 s0850/1030] loss = 3.597355
[e008 s0900/1030] loss = 3.599510
[e008 s0950/1030] loss = 3.549232
[e008 s1000/1030] loss = 3.445896
Epoch 008: train_loss = 3.459320  MAE/GAME0 = 23.201  RMSE = 42.207  GAME1 = 23.230  GAME2 = 23.269  GAME3 = 23.282  lr = 1.00e-05  time = 7.6s
[e009 s0001/1030] loss = 1.763166
[e009 s0050/1030] loss = 4.253470
[e009 s0100/1030] loss = 5.085871
[e009 s0150/1030] loss = 5.307294
[e009 s0200/1030] loss = 5.626873
[e009 s0250/1030] loss = 4.730464
[e009 s0300/1030] loss = 4.512388
[e009 s0350/1030] loss = 4.143103
[e009 s0400/1030] loss = 4.089019
[e009 s0450/1030] loss = 3.984413
[e009 s0500/1030] loss = 3.865554
[e009 s0550/1030] loss = 3.796279
[e009 s0600/1030] loss = 3.672114
[e009 s0650/1030] loss = 3.525830
[e009 s0700/1030] loss = 3.409554
[e009 s0750/1030] loss = 3.426785
[e009 s0800/1030] loss = 3.341535
[e009 s0850/1030] loss = 3.359486
[e009 s0900/1030] loss = 3.298537
[e009 s0950/1030] loss = 3.229061
[e009 s1000/1030] loss = 3.232015
Epoch 009: train_loss = 3.268027  MAE/GAME0 = 23.220  RMSE = 42.223  GAME1 = 23.240  GAME2 = 23.262  GAME3 = 23.268  lr = 1.00e-05  time = 7.6s
[e010 s0001/1030] loss = 0.450460
[e010 s0050/1030] loss = 3.894667
[e010 s0100/1030] loss = 3.352323
[e010 s0150/1030] loss = 3.696511
[e010 s0200/1030] loss = 3.352851
[e010 s0250/1030] loss = 3.874561
[e010 s0300/1030] loss = 3.699720
[e010 s0350/1030] loss = 3.520507
[e010 s0400/1030] loss = 3.569466
[e010 s0450/1030] loss = 3.996956
[e010 s0500/1030] loss = 3.851375
[e010 s0550/1030] loss = 3.707764
[e010 s0600/1030] loss = 3.588357
[e010 s0650/1030] loss = 3.620190
[e010 s0700/1030] loss = 3.580826
[e010 s0750/1030] loss = 3.440260
[e010 s0800/1030] loss = 3.404536
[e010 s0850/1030] loss = 3.392400
[e010 s0900/1030] loss = 3.427465
[e010 s0950/1030] loss = 3.510330
[e010 s1000/1030] loss = 3.438226
Epoch 010: train_loss = 3.436280  MAE/GAME0 = 23.226  RMSE = 42.229  GAME1 = 23.241  GAME2 = 23.258  GAME3 = 23.263  lr = 1.00e-05  time = 7.6s
[e011 s0001/1030] loss = 1.040594
[e011 s0050/1030] loss = 2.237518
[e011 s0100/1030] loss = 3.136048
[e011 s0150/1030] loss = 3.227785
[e011 s0200/1030] loss = 3.841963
[e011 s0250/1030] loss = 3.338829
[e011 s0300/1030] loss = 3.086366
[e011 s0350/1030] loss = 3.054688
[e011 s0400/1030] loss = 3.192578
[e011 s0450/1030] loss = 3.031444
[e011 s0500/1030] loss = 2.979777
[e011 s0550/1030] loss = 2.987202
[e011 s0600/1030] loss = 2.881842
[e011 s0650/1030] loss = 2.921641
[e011 s0700/1030] loss = 2.951944
[e011 s0750/1030] loss = 2.951889
[e011 s0800/1030] loss = 2.944263
[e011 s0850/1030] loss = 2.941308
[e011 s0900/1030] loss = 3.149229
[e011 s0950/1030] loss = 3.589687
[e011 s1000/1030] loss = 3.525118
Epoch 011: train_loss = 3.480017  MAE/GAME0 = 23.230  RMSE = 42.232  GAME1 = 23.242  GAME2 = 23.257  GAME3 = 23.260  lr = 1.00e-05  time = 7.8s
[e012 s0001/1030] loss = 0.000005
[e012 s0050/1030] loss = 1.762398
[e012 s0100/1030] loss = 1.970593
[e012 s0150/1030] loss = 2.733166
[e012 s0200/1030] loss = 2.708769
[e012 s0250/1030] loss = 2.997214
[e012 s0300/1030] loss = 2.941685
[e012 s0350/1030] loss = 2.878918
[e012 s0400/1030] loss = 2.761170
[e012 s0450/1030] loss = 2.919339
[e012 s0500/1030] loss = 2.839439
[e012 s0550/1030] loss = 3.024979
[e012 s0600/1030] loss = 3.140411
[e012 s0650/1030] loss = 3.467022
[e012 s0700/1030] loss = 3.575431
[e012 s0750/1030] loss = 3.504019
[e012 s0800/1030] loss = 3.489613
[e012 s0850/1030] loss = 3.598260
[e012 s0900/1030] loss = 3.530721
[e012 s0950/1030] loss = 3.481252
[e012 s1000/1030] loss = 3.493691
Epoch 012: train_loss = 3.492199  MAE/GAME0 = 23.237  RMSE = 42.238  GAME1 = 23.244  GAME2 = 23.252  GAME3 = 23.253  lr = 1.00e-05  time = 7.6s
[e013 s0001/1030] loss = 11.850712
[e013 s0050/1030] loss = 4.167824
[e013 s0100/1030] loss = 2.790021
[e013 s0150/1030] loss = 2.395215
[e013 s0200/1030] loss = 2.391584
[e013 s0250/1030] loss = 2.906375
[e013 s0300/1030] loss = 3.061541
[e013 s0350/1030] loss = 3.153224
[e013 s0400/1030] loss = 3.065815
[e013 s0450/1030] loss = 2.983797
[e013 s0500/1030] loss = 2.942694
[e013 s0550/1030] loss = 2.875976
[e013 s0600/1030] loss = 2.837218
[e013 s0650/1030] loss = 3.187929
[e013 s0700/1030] loss = 3.155120
[e013 s0750/1030] loss = 3.108135
[e013 s0800/1030] loss = 3.063861
[e013 s0850/1030] loss = 3.049301
[e013 s0900/1030] loss = 3.103249
[e013 s0950/1030] loss = 3.143080
[e013 s1000/1030] loss = 3.073134
Epoch 013: train_loss = 3.326550  MAE/GAME0 = 23.238  RMSE = 42.240  GAME1 = 23.244  GAME2 = 23.251  GAME3 = 23.252  lr = 1.00e-05  time = 7.6s
[e014 s0001/1030] loss = 0.784029
[e014 s0050/1030] loss = 1.768392
[e014 s0100/1030] loss = 2.411357
[e014 s0150/1030] loss = 2.594444
[e014 s0200/1030] loss = 2.212092
[e014 s0250/1030] loss = 2.194213
[e014 s0300/1030] loss = 2.218563
[e014 s0350/1030] loss = 2.816851
[e014 s0400/1030] loss = 3.332738
[e014 s0450/1030] loss = 3.260155
[e014 s0500/1030] loss = 3.147266
[e014 s0550/1030] loss = 3.383912
[e014 s0600/1030] loss = 3.581389
[e014 s0650/1030] loss = 3.553146
[e014 s0700/1030] loss = 3.553369
[e014 s0750/1030] loss = 3.537414
[e014 s0800/1030] loss = 3.659184
[e014 s0850/1030] loss = 3.560626
[e014 s0900/1030] loss = 3.469718
[e014 s0950/1030] loss = 3.707376
[e014 s1000/1030] loss = 3.692060
Epoch 014: train_loss = 3.736336  MAE/GAME0 = 23.239  RMSE = 42.240  GAME1 = 23.243  GAME2 = 23.251  GAME3 = 23.252  lr = 1.00e-05  time = 7.6s
[e015 s0001/1030] loss = 0.050640
[e015 s0050/1030] loss = 2.525524
[e015 s0100/1030] loss = 4.278434
[e015 s0150/1030] loss = 3.943179
[e015 s0200/1030] loss = 3.699903
[e015 s0250/1030] loss = 3.659295
[e015 s0300/1030] loss = 3.405212
[e015 s0350/1030] loss = 3.477883
[e015 s0400/1030] loss = 3.375552
[e015 s0450/1030] loss = 3.320803
[e015 s0500/1030] loss = 3.367617
[e015 s0550/1030] loss = 3.454891
[e015 s0600/1030] loss = 3.358940
[e015 s0650/1030] loss = 3.275556
[e015 s0700/1030] loss = 3.311136
[e015 s0750/1030] loss = 3.370901
[e015 s0800/1030] loss = 3.342826
[e015 s0850/1030] loss = 3.556584
[e015 s0900/1030] loss = 3.614333
[e015 s0950/1030] loss = 3.648693
[e015 s1000/1030] loss = 3.574873
Epoch 015: train_loss = 3.592912  MAE/GAME0 = 23.239  RMSE = 42.241  GAME1 = 23.243  GAME2 = 23.250  GAME3 = 23.251  lr = 1.00e-05  time = 7.6s
[e016 s0001/1030] loss = 0.231775
[e016 s0050/1030] loss = 2.216985
[e016 s0100/1030] loss = 2.107376
[e016 s0150/1030] loss = 3.394942
[e016 s0200/1030] loss = 4.101499
[e016 s0250/1030] loss = 3.904663
[e016 s0300/1030] loss = 3.647690
[e016 s0350/1030] loss = 3.946094
[e016 s0400/1030] loss = 4.002317
[e016 s0450/1030] loss = 4.003688
[e016 s0500/1030] loss = 3.942826
[e016 s0550/1030] loss = 3.872858
[e016 s0600/1030] loss = 3.758232
[e016 s0650/1030] loss = 3.605769
[e016 s0700/1030] loss = 3.697685
[e016 s0750/1030] loss = 3.643980
[e016 s0800/1030] loss = 3.517432
[e016 s0850/1030] loss = 3.455958
[e016 s0900/1030] loss = 3.424107
[e016 s0950/1030] loss = 3.475434
[e016 s1000/1030] loss = 3.424616
Epoch 016: train_loss = 3.379679  MAE/GAME0 = 23.241  RMSE = 42.242  GAME1 = 23.244  GAME2 = 23.248  GAME3 = 23.249  lr = 1.00e-05  time = 7.5s
[e017 s0001/1030] loss = 4.258624
[e017 s0050/1030] loss = 2.844096
[e017 s0100/1030] loss = 3.351482
[e017 s0150/1030] loss = 3.829199
[e017 s0200/1030] loss = 3.307226
[e017 s0250/1030] loss = 3.040253
[e017 s0300/1030] loss = 3.045373
[e017 s0350/1030] loss = 2.967795
[e017 s0400/1030] loss = 3.002417
[e017 s0450/1030] loss = 3.046110
[e017 s0500/1030] loss = 3.380639
[e017 s0550/1030] loss = 3.285252
[e017 s0600/1030] loss = 3.215576
[e017 s0650/1030] loss = 3.193801
[e017 s0700/1030] loss = 3.137799
[e017 s0750/1030] loss = 3.146147
[e017 s0800/1030] loss = 3.187179
[e017 s0850/1030] loss = 3.121443
[e017 s0900/1030] loss = 3.304900
[e017 s0950/1030] loss = 3.275626
[e017 s1000/1030] loss = 3.254532
Epoch 017: train_loss = 3.201296  MAE/GAME0 = 23.244  RMSE = 42.247  GAME1 = 23.245  GAME2 = 23.246  GAME3 = 23.246  lr = 1.00e-05  time = 7.6s
[e018 s0001/1030] loss = 0.067623
[e018 s0050/1030] loss = 3.206317
[e018 s0100/1030] loss = 3.479604
[e018 s0150/1030] loss = 3.136222
[e018 s0200/1030] loss = 3.254402
[e018 s0250/1030] loss = 3.292468
[e018 s0300/1030] loss = 3.975368
[e018 s0350/1030] loss = 3.729305
[e018 s0400/1030] loss = 3.572388
[e018 s0450/1030] loss = 3.533373
[e018 s0500/1030] loss = 3.468061
[e018 s0550/1030] loss = 3.534926
[e018 s0600/1030] loss = 3.408589
[e018 s0650/1030] loss = 3.343082
[e018 s0700/1030] loss = 3.403059
[e018 s0750/1030] loss = 3.264270
[e018 s0800/1030] loss = 3.230800
[e018 s0850/1030] loss = 3.207929
[e018 s0900/1030] loss = 3.129361
[e018 s0950/1030] loss = 3.099093
[e018 s1000/1030] loss = 3.165408
Epoch 018: train_loss = 3.404855  MAE/GAME0 = 23.244  RMSE = 42.247  GAME1 = 23.245  GAME2 = 23.246  GAME3 = 23.246  lr = 1.00e-05  time = 7.8s
[e019 s0001/1030] loss = 3.607592
[e019 s0050/1030] loss = 2.567913
[e019 s0100/1030] loss = 2.910164
[e019 s0150/1030] loss = 3.453201
[e019 s0200/1030] loss = 3.124322
[e019 s0250/1030] loss = 3.860917
[e019 s0300/1030] loss = 3.639745
[e019 s0350/1030] loss = 3.525880
[e019 s0400/1030] loss = 3.650112
[e019 s0450/1030] loss = 3.770539
[e019 s0500/1030] loss = 3.587416
[e019 s0550/1030] loss = 3.428415
[e019 s0600/1030] loss = 3.307721
[e019 s0650/1030] loss = 3.188336
[e019 s0700/1030] loss = 3.103474
[e019 s0750/1030] loss = 3.200796
[e019 s0800/1030] loss = 3.145140
[e019 s0850/1030] loss = 3.154763
[e019 s0900/1030] loss = 3.188642
[e019 s0950/1030] loss = 3.176679
[e019 s1000/1030] loss = 3.117101
Epoch 019: train_loss = 3.074117  MAE/GAME0 = 23.245  RMSE = 42.247  GAME1 = 23.245  GAME2 = 23.245  GAME3 = 23.245  lr = 1.00e-05  time = 7.4s
[e020 s0001/1030] loss = 2.408193
[e020 s0050/1030] loss = 3.105151
[e020 s0100/1030] loss = 3.560014
[e020 s0150/1030] loss = 3.189794
[e020 s0200/1030] loss = 2.934191
[e020 s0250/1030] loss = 3.654684
[e020 s0300/1030] loss = 3.435262
[e020 s0350/1030] loss = 3.597077
[e020 s0400/1030] loss = 3.525330
[e020 s0450/1030] loss = 3.596842
[e020 s0500/1030] loss = 3.375325
[e020 s0550/1030] loss = 3.646591
[e020 s0600/1030] loss = 3.614238
[e020 s0650/1030] loss = 3.571877
[e020 s0700/1030] loss = 3.448483
[e020 s0750/1030] loss = 3.446388
[e020 s0800/1030] loss = 3.439534
[e020 s0850/1030] loss = 3.389748
[e020 s0900/1030] loss = 3.326778
[e020 s0950/1030] loss = 3.266322
[e020 s1000/1030] loss = 3.246864
Epoch 020: train_loss = 3.325834  MAE/GAME0 = 23.245  RMSE = 42.247  GAME1 = 23.245  GAME2 = 23.245  GAME3 = 23.245  lr = 1.00e-05  time = 7.6s
[done] best_mae = 18.116  best_path = /scratch/users/ntu/kenneth0/FYP-SmartObjectCounter/outputs/train_rgbt_early_e100_sanity/12844481.pbs101_20260207_171924/best.pth
