[log] /scratch/users/ntu/kenneth0/FYP-SmartObjectCounter/logs/train_rgb_e100_sanity_12839453.pbs101_20260206_162355.log
[job] name=train_rgb_e100_sanity id=12839453.pbs101 host=x1000c0s5b0n1 time=Fri Feb  6 16:23:55 +08 2026
torch 2.6.0+cu118 cuda True
[init] device = cuda
[init] train = 1030  val = 200  workers = 4
/scratch/users/ntu/kenneth0/FYP-SmartObjectCounter/scripts/train_rgbt.py:383: FutureWarning: `torch.cuda.amp.GradScaler(args...)` is deprecated. Please use `torch.amp.GradScaler('cuda', args...)` instead.
  scaler = GradScaler(enabled = bool(args.amp))
[e001 s0001/1030] loss = 470424.437500
[e001 s0050/1030] loss = 19531.751415
[e001 s0100/1030] loss = 9808.636775
[e001 s0150/1030] loss = 6557.627047
[e001 s0200/1030] loss = 4929.674824
[e001 s0250/1030] loss = 3949.805215
[e001 s0300/1030] loss = 3296.444113
[e001 s0350/1030] loss = 2828.219686
[e001 s0400/1030] loss = 2477.080602
[e001 s0450/1030] loss = 2204.597028
[e001 s0500/1030] loss = 1985.490468
[e001 s0550/1030] loss = 1805.927146
[e001 s0600/1030] loss = 1656.183248
[e001 s0650/1030] loss = 1529.266714
[e001 s0700/1030] loss = 1420.745978
[e001 s0750/1030] loss = 1326.603095
[e001 s0800/1030] loss = 1244.146989
[e001 s0850/1030] loss = 1171.555132
[e001 s0900/1030] loss = 1106.761860
[e001 s0950/1030] loss = 1048.908495
[e001 s1000/1030] loss = 996.695000
Epoch 001: train_loss = 967.790617  MAE/GAME0 = 22.028  RMSE = 41.327  GAME1 = 23.192  GAME2 = 24.111  GAME3 = 24.423  lr = 1.00e-05  time = 20.0s
[e002 s0001/1030] loss = 0.068661
[e002 s0050/1030] loss = 3.877815
[e002 s0100/1030] loss = 4.339358
[e002 s0150/1030] loss = 5.125348
[e002 s0200/1030] loss = 4.877848
[e002 s0250/1030] loss = 4.601503
[e002 s0300/1030] loss = 5.056830
[e002 s0350/1030] loss = 5.690672
[e002 s0400/1030] loss = 5.770266
[e002 s0450/1030] loss = 6.069318
[e002 s0500/1030] loss = 5.853096
[e002 s0550/1030] loss = 5.643365
[e002 s0600/1030] loss = 5.467121
[e002 s0650/1030] loss = 5.765031
[e002 s0700/1030] loss = 5.724402
[e002 s0750/1030] loss = 5.514476
[e002 s0800/1030] loss = 5.417159
[e002 s0850/1030] loss = 5.421830
[e002 s0900/1030] loss = 5.266760
[e002 s0950/1030] loss = 5.270791
[e002 s1000/1030] loss = 5.185091
Epoch 002: train_loss = 5.122020  MAE/GAME0 = 22.824  RMSE = 41.908  GAME1 = 23.182  GAME2 = 23.517  GAME3 = 23.604  lr = 1.00e-05  time = 7.4s
[e003 s0001/1030] loss = 0.373716
[e003 s0050/1030] loss = 2.143545
[e003 s0100/1030] loss = 2.394932
[e003 s0150/1030] loss = 3.480378
[e003 s0200/1030] loss = 5.974141
[e003 s0250/1030] loss = 5.149126
[e003 s0300/1030] loss = 4.932169
[e003 s0350/1030] loss = 4.522880
[e003 s0400/1030] loss = 4.640993
[e003 s0450/1030] loss = 4.389977
[e003 s0500/1030] loss = 4.241494
[e003 s0550/1030] loss = 4.064817
[e003 s0600/1030] loss = 4.012982
[e003 s0650/1030] loss = 3.893054
[e003 s0700/1030] loss = 3.849490
[e003 s0750/1030] loss = 3.915598
[e003 s0800/1030] loss = 3.873366
[e003 s0850/1030] loss = 3.892883
[e003 s0900/1030] loss = 3.944059
[e003 s0950/1030] loss = 3.925903
[e003 s1000/1030] loss = 3.875242
Epoch 003: train_loss = 3.885107  MAE/GAME0 = 23.075  RMSE = 42.081  GAME1 = 23.212  GAME2 = 23.356  GAME3 = 23.393  lr = 1.00e-05  time = 7.4s
[e004 s0001/1030] loss = 0.083996
[e004 s0050/1030] loss = 2.852419
[e004 s0100/1030] loss = 2.684601
[e004 s0150/1030] loss = 2.885547
[e004 s0200/1030] loss = 2.951110
[e004 s0250/1030] loss = 2.730556
[e004 s0300/1030] loss = 2.967451
[e004 s0350/1030] loss = 3.250586
[e004 s0400/1030] loss = 3.140656
[e004 s0450/1030] loss = 3.124316
[e004 s0500/1030] loss = 3.000188
[e004 s0550/1030] loss = 2.943605
[e004 s0600/1030] loss = 3.075122
[e004 s0650/1030] loss = 3.177002
[e004 s0700/1030] loss = 3.028033
[e004 s0750/1030] loss = 3.085125
[e004 s0800/1030] loss = 3.109189
[e004 s0850/1030] loss = 3.296729
[e004 s0900/1030] loss = 3.277213
[e004 s0950/1030] loss = 3.475831
[e004 s1000/1030] loss = 3.531811
Epoch 004: train_loss = 3.673355  MAE/GAME0 = 23.148  RMSE = 42.139  GAME1 = 23.219  GAME2 = 23.306  GAME3 = 23.327  lr = 1.00e-05  time = 7.4s
[e005 s0001/1030] loss = 0.182033
[e005 s0050/1030] loss = 2.196549
[e005 s0100/1030] loss = 2.233262
[e005 s0150/1030] loss = 2.703619
[e005 s0200/1030] loss = 2.702990
[e005 s0250/1030] loss = 3.154142
[e005 s0300/1030] loss = 2.955759
[e005 s0350/1030] loss = 2.750326
[e005 s0400/1030] loss = 3.193376
[e005 s0450/1030] loss = 3.070442
[e005 s0500/1030] loss = 3.021240
[e005 s0550/1030] loss = 3.006394
[e005 s0600/1030] loss = 2.889570
[e005 s0650/1030] loss = 3.092004
[e005 s0700/1030] loss = 3.057276
[e005 s0750/1030] loss = 3.058409
[e005 s0800/1030] loss = 2.938607
[e005 s0850/1030] loss = 2.931962
[e005 s0900/1030] loss = 2.912878
[e005 s0950/1030] loss = 2.859979
[e005 s1000/1030] loss = 2.916629
Epoch 005: train_loss = 2.884818  MAE/GAME0 = 23.176  RMSE = 42.171  GAME1 = 23.230  GAME2 = 23.290  GAME3 = 23.304  lr = 1.00e-05  time = 7.4s
[e006 s0001/1030] loss = 0.041859
[e006 s0050/1030] loss = 2.163949
[e006 s0100/1030] loss = 2.507713
[e006 s0150/1030] loss = 2.547708
[e006 s0200/1030] loss = 2.606356
[e006 s0250/1030] loss = 2.467350
[e006 s0300/1030] loss = 2.476963
[e006 s0350/1030] loss = 2.463924
[e006 s0400/1030] loss = 3.643782
[e006 s0450/1030] loss = 3.452011
[e006 s0500/1030] loss = 3.323543
[e006 s0550/1030] loss = 3.275405
[e006 s0600/1030] loss = 3.175947
[e006 s0650/1030] loss = 3.578649
[e006 s0700/1030] loss = 3.603894
[e006 s0750/1030] loss = 3.680724
[e006 s0800/1030] loss = 3.756837
[e006 s0850/1030] loss = 3.654466
[e006 s0900/1030] loss = 3.635084
[e006 s0950/1030] loss = 3.764361
[e006 s1000/1030] loss = 3.779047
Epoch 006: train_loss = 3.785702  MAE/GAME0 = 23.206  RMSE = 42.201  GAME1 = 23.239  GAME2 = 23.271  GAME3 = 23.282  lr = 1.00e-05  time = 7.6s
[e007 s0001/1030] loss = 8.098424
[e007 s0050/1030] loss = 3.741372
[e007 s0100/1030] loss = 3.621067
[e007 s0150/1030] loss = 3.133510
[e007 s0200/1030] loss = 3.037283
[e007 s0250/1030] loss = 3.223050
[e007 s0300/1030] loss = 3.193474
[e007 s0350/1030] loss = 3.733268
[e007 s0400/1030] loss = 4.227906
[e007 s0450/1030] loss = 4.468949
[e007 s0500/1030] loss = 4.285305
[e007 s0550/1030] loss = 4.229227
[e007 s0600/1030] loss = 4.070321
[e007 s0650/1030] loss = 3.937597
[e007 s0700/1030] loss = 3.801225
[e007 s0750/1030] loss = 3.701921
[e007 s0800/1030] loss = 3.594895
[e007 s0850/1030] loss = 3.551887
[e007 s0900/1030] loss = 3.548359
[e007 s0950/1030] loss = 3.553524
[e007 s1000/1030] loss = 3.530198
Epoch 007: train_loss = 3.507701  MAE/GAME0 = 23.221  RMSE = 42.219  GAME1 = 23.241  GAME2 = 23.262  GAME3 = 23.267  lr = 1.00e-05  time = 7.5s
[e008 s0001/1030] loss = 6.369077
[e008 s0050/1030] loss = 2.073703
[e008 s0100/1030] loss = 2.869222
[e008 s0150/1030] loss = 3.391767
[e008 s0200/1030] loss = 3.237760
[e008 s0250/1030] loss = 3.172306
[e008 s0300/1030] loss = 3.177492
[e008 s0350/1030] loss = 3.060735
[e008 s0400/1030] loss = 3.006911
[e008 s0450/1030] loss = 3.597241
[e008 s0500/1030] loss = 3.458479
[e008 s0550/1030] loss = 3.375805
[e008 s0600/1030] loss = 3.385990
[e008 s0650/1030] loss = 3.523814
[e008 s0700/1030] loss = 3.518256
[e008 s0750/1030] loss = 3.428142
[e008 s0800/1030] loss = 3.389398
[e008 s0850/1030] loss = 3.303677
[e008 s0900/1030] loss = 3.306390
[e008 s0950/1030] loss = 3.275577
[e008 s1000/1030] loss = 3.178901
Epoch 008: train_loss = 3.195909  MAE/GAME0 = 23.229  RMSE = 42.226  GAME1 = 23.243  GAME2 = 23.257  GAME3 = 23.259  lr = 1.00e-05  time = 7.4s
[e009 s0001/1030] loss = 1.601188
[e009 s0050/1030] loss = 4.091831
[e009 s0100/1030] loss = 4.850224
[e009 s0150/1030] loss = 5.086552
[e009 s0200/1030] loss = 5.363336
[e009 s0250/1030] loss = 4.501910
[e009 s0300/1030] loss = 4.295090
[e009 s0350/1030] loss = 3.938273
[e009 s0400/1030] loss = 3.851681
[e009 s0450/1030] loss = 3.755734
[e009 s0500/1030] loss = 3.626574
[e009 s0550/1030] loss = 3.568139
[e009 s0600/1030] loss = 3.451522
[e009 s0650/1030] loss = 3.313223
[e009 s0700/1030] loss = 3.202474
[e009 s0750/1030] loss = 3.223169
[e009 s0800/1030] loss = 3.140117
[e009 s0850/1030] loss = 3.159735
[e009 s0900/1030] loss = 3.102663
[e009 s0950/1030] loss = 3.029507
[e009 s1000/1030] loss = 3.034713
Epoch 009: train_loss = 3.071493  MAE/GAME0 = 23.232  RMSE = 42.225  GAME1 = 23.243  GAME2 = 23.255  GAME3 = 23.256  lr = 1.00e-05  time = 7.7s
[e010 s0001/1030] loss = 0.387385
[e010 s0050/1030] loss = 3.781118
[e010 s0100/1030] loss = 3.219624
[e010 s0150/1030] loss = 3.561551
[e010 s0200/1030] loss = 3.213591
[e010 s0250/1030] loss = 3.728331
[e010 s0300/1030] loss = 3.554716
[e010 s0350/1030] loss = 3.377268
[e010 s0400/1030] loss = 3.423143
[e010 s0450/1030] loss = 3.846426
[e010 s0500/1030] loss = 3.700338
[e010 s0550/1030] loss = 3.558113
[e010 s0600/1030] loss = 3.438979
[e010 s0650/1030] loss = 3.469191
[e010 s0700/1030] loss = 3.428419
[e010 s0750/1030] loss = 3.290739
[e010 s0800/1030] loss = 3.254860
[e010 s0850/1030] loss = 3.242055
[e010 s0900/1030] loss = 3.274972
[e010 s0950/1030] loss = 3.356789
[e010 s1000/1030] loss = 3.285797
Epoch 010: train_loss = 3.284303  MAE/GAME0 = 23.238  RMSE = 42.240  GAME1 = 23.244  GAME2 = 23.250  GAME3 = 23.251  lr = 1.00e-05  time = 7.6s
[e011 s0001/1030] loss = 0.968760
[e011 s0050/1030] loss = 2.108363
[e011 s0100/1030] loss = 2.999198
[e011 s0150/1030] loss = 3.083837
[e011 s0200/1030] loss = 3.685412
[e011 s0250/1030] loss = 3.190683
[e011 s0300/1030] loss = 2.941112
[e011 s0350/1030] loss = 2.906098
[e011 s0400/1030] loss = 3.039261
[e011 s0450/1030] loss = 2.881119
[e011 s0500/1030] loss = 2.830749
[e011 s0550/1030] loss = 2.838261
[e011 s0600/1030] loss = 2.735943
[e011 s0650/1030] loss = 2.776562
[e011 s0700/1030] loss = 2.805761
[e011 s0750/1030] loss = 2.805286
[e011 s0800/1030] loss = 2.797952
[e011 s0850/1030] loss = 2.793868
[e011 s0900/1030] loss = 2.998097
[e011 s0950/1030] loss = 3.434653
[e011 s1000/1030] loss = 3.369669
Epoch 011: train_loss = 3.325598  MAE/GAME0 = 23.239  RMSE = 42.241  GAME1 = 23.244  GAME2 = 23.249  GAME3 = 23.250  lr = 1.00e-05  time = 7.6s
[e012 s0001/1030] loss = 0.000001
[e012 s0050/1030] loss = 1.635584
[e012 s0100/1030] loss = 1.842865
[e012 s0150/1030] loss = 2.581719
[e012 s0200/1030] loss = 2.555704
[e012 s0250/1030] loss = 2.846442
[e012 s0300/1030] loss = 2.792366
[e012 s0350/1030] loss = 2.719289
[e012 s0400/1030] loss = 2.604865
[e012 s0450/1030] loss = 2.762034
[e012 s0500/1030] loss = 2.683203
[e012 s0550/1030] loss = 2.868749
[e012 s0600/1030] loss = 2.979923
[e012 s0650/1030] loss = 3.305691
[e012 s0700/1030] loss = 3.415275
[e012 s0750/1030] loss = 3.344788
[e012 s0800/1030] loss = 3.330727
[e012 s0850/1030] loss = 3.438903
[e012 s0900/1030] loss = 3.373207
[e012 s0950/1030] loss = 3.324557
[e012 s1000/1030] loss = 3.320771
Epoch 012: train_loss = 3.319623  MAE/GAME0 = 23.240  RMSE = 42.242  GAME1 = 23.244  GAME2 = 23.249  GAME3 = 23.249  lr = 1.00e-05  time = 7.6s
[e013 s0001/1030] loss = 11.328761
[e013 s0050/1030] loss = 3.992818
[e013 s0100/1030] loss = 2.654508
[e013 s0150/1030] loss = 2.260350
[e013 s0200/1030] loss = 2.257295
[e013 s0250/1030] loss = 2.764732
[e013 s0300/1030] loss = 2.913196
[e013 s0350/1030] loss = 3.003277
[e013 s0400/1030] loss = 2.918944
[e013 s0450/1030] loss = 2.839322
[e013 s0500/1030] loss = 2.799854
[e013 s0550/1030] loss = 2.735760
[e013 s0600/1030] loss = 2.698596
[e013 s0650/1030] loss = 3.043366
[e013 s0700/1030] loss = 3.010769
[e013 s0750/1030] loss = 2.964225
[e013 s0800/1030] loss = 2.919896
[e013 s0850/1030] loss = 2.904829
[e013 s0900/1030] loss = 2.958548
[e013 s0950/1030] loss = 2.997074
[e013 s1000/1030] loss = 2.928323
Epoch 013: train_loss = 3.178552  MAE/GAME0 = 23.242  RMSE = 42.245  GAME1 = 23.245  GAME2 = 23.247  GAME3 = 23.248  lr = 1.00e-05  time = 7.6s
[e014 s0001/1030] loss = 0.694085
[e014 s0050/1030] loss = 1.658535
[e014 s0100/1030] loss = 2.274509
[e014 s0150/1030] loss = 2.452153
[e014 s0200/1030] loss = 2.082749
[e014 s0250/1030] loss = 2.065727
[e014 s0300/1030] loss = 2.088287
[e014 s0350/1030] loss = 2.680652
[e014 s0400/1030] loss = 3.189687
[e014 s0450/1030] loss = 3.118935
[e014 s0500/1030] loss = 3.006579
[e014 s0550/1030] loss = 3.238265
[e014 s0600/1030] loss = 3.431660
[e014 s0650/1030] loss = 3.403264
[e014 s0700/1030] loss = 3.403981
[e014 s0750/1030] loss = 3.386836
[e014 s0800/1030] loss = 3.504897
[e014 s0850/1030] loss = 3.408013
[e014 s0900/1030] loss = 3.318535
[e014 s0950/1030] loss = 3.553930
[e014 s1000/1030] loss = 3.538690
Epoch 014: train_loss = 3.581758  MAE/GAME0 = 23.242  RMSE = 42.246  GAME1 = 23.245  GAME2 = 23.247  GAME3 = 23.247  lr = 1.00e-05  time = 7.7s
[e015 s0001/1030] loss = 0.041644
[e015 s0050/1030] loss = 2.401090
[e015 s0100/1030] loss = 4.127245
[e015 s0150/1030] loss = 3.789424
[e015 s0200/1030] loss = 3.552269
[e015 s0250/1030] loss = 3.509170
[e015 s0300/1030] loss = 3.258369
[e015 s0350/1030] loss = 3.325509
[e015 s0400/1030] loss = 3.223700
[e015 s0450/1030] loss = 3.169917
[e015 s0500/1030] loss = 3.216351
[e015 s0550/1030] loss = 3.301197
[e015 s0600/1030] loss = 3.207152
[e015 s0650/1030] loss = 3.125140
[e015 s0700/1030] loss = 3.158534
[e015 s0750/1030] loss = 3.217183
[e015 s0800/1030] loss = 3.190238
[e015 s0850/1030] loss = 3.402579
[e015 s0900/1030] loss = 3.459797
[e015 s0950/1030] loss = 3.493704
[e015 s1000/1030] loss = 3.420880
Epoch 015: train_loss = 3.438006  MAE/GAME0 = 23.243  RMSE = 42.246  GAME1 = 23.245  GAME2 = 23.247  GAME3 = 23.247  lr = 1.00e-05  time = 7.6s
[e016 s0001/1030] loss = 0.186835
[e016 s0050/1030] loss = 2.082850
[e016 s0100/1030] loss = 1.976499
[e016 s0150/1030] loss = 3.234386
[e016 s0200/1030] loss = 3.931196
[e016 s0250/1030] loss = 3.739860
[e016 s0300/1030] loss = 3.489733
[e016 s0350/1030] loss = 3.785934
[e016 s0400/1030] loss = 3.838363
[e016 s0450/1030] loss = 3.839019
[e016 s0500/1030] loss = 3.777856
[e016 s0550/1030] loss = 3.709327
[e016 s0600/1030] loss = 3.596916
[e016 s0650/1030] loss = 3.448078
[e016 s0700/1030] loss = 3.537298
[e016 s0750/1030] loss = 3.485399
[e016 s0800/1030] loss = 3.361899
[e016 s0850/1030] loss = 3.299063
[e016 s0900/1030] loss = 3.267410
[e016 s0950/1030] loss = 3.318689
[e016 s1000/1030] loss = 3.268921
Epoch 016: train_loss = 3.225078  MAE/GAME0 = 23.244  RMSE = 42.247  GAME1 = 23.245  GAME2 = 23.246  GAME3 = 23.246  lr = 1.00e-05  time = 7.5s
[e017 s0001/1030] loss = 4.015626
[e017 s0050/1030] loss = 2.690189
[e017 s0100/1030] loss = 3.192895
[e017 s0150/1030] loss = 3.665323
[e017 s0200/1030] loss = 3.156909
[e017 s0250/1030] loss = 2.894880
[e017 s0300/1030] loss = 2.901667
[e017 s0350/1030] loss = 2.825998
[e017 s0400/1030] loss = 2.858884
[e017 s0450/1030] loss = 2.902067
[e017 s0500/1030] loss = 3.232641
[e017 s0550/1030] loss = 3.139736
[e017 s0600/1030] loss = 3.070173
[e017 s0650/1030] loss = 3.046277
[e017 s0700/1030] loss = 2.990323
[e017 s0750/1030] loss = 2.998404
[e017 s0800/1030] loss = 3.038523
[e017 s0850/1030] loss = 2.974108
[e017 s0900/1030] loss = 3.154852
[e017 s0950/1030] loss = 3.126191
[e017 s1000/1030] loss = 3.105134
Epoch 017: train_loss = 3.052886  MAE/GAME0 = 23.244  RMSE = 42.247  GAME1 = 23.245  GAME2 = 23.245  GAME3 = 23.246  lr = 1.00e-05  time = 7.6s
[e018 s0001/1030] loss = 0.049631
[e018 s0050/1030] loss = 3.050811
[e018 s0100/1030] loss = 3.319693
[e018 s0150/1030] loss = 2.985843
[e018 s0200/1030] loss = 3.100170
[e018 s0250/1030] loss = 3.138949
[e018 s0300/1030] loss = 3.818149
[e018 s0350/1030] loss = 3.576106
[e018 s0400/1030] loss = 3.423672
[e018 s0450/1030] loss = 3.382967
[e018 s0500/1030] loss = 3.316586
[e018 s0550/1030] loss = 3.382213
[e018 s0600/1030] loss = 3.257578
[e018 s0650/1030] loss = 3.192013
[e018 s0700/1030] loss = 3.251338
[e018 s0750/1030] loss = 3.116387
[e018 s0800/1030] loss = 3.083160
[e018 s0850/1030] loss = 3.060823
[e018 s0900/1030] loss = 2.983278
[e018 s0950/1030] loss = 2.953906
[e018 s1000/1030] loss = 3.020729
Epoch 018: train_loss = 3.258700  MAE/GAME0 = 23.244  RMSE = 42.247  GAME1 = 23.245  GAME2 = 23.245  GAME3 = 23.246  lr = 1.00e-05  time = 7.7s
[e019 s0001/1030] loss = 3.400593
[e019 s0050/1030] loss = 2.428617
[e019 s0100/1030] loss = 2.760598
[e019 s0150/1030] loss = 3.300535
[e019 s0200/1030] loss = 2.979945
[e019 s0250/1030] loss = 3.707218
[e019 s0300/1030] loss = 3.487753
[e019 s0350/1030] loss = 3.373924
[e019 s0400/1030] loss = 3.495003
[e019 s0450/1030] loss = 3.614487
[e019 s0500/1030] loss = 3.435510
[e019 s0550/1030] loss = 3.279898
[e019 s0600/1030] loss = 3.162624
[e019 s0650/1030] loss = 3.045568
[e019 s0700/1030] loss = 2.961955
[e019 s0750/1030] loss = 3.056664
[e019 s0800/1030] loss = 3.002058
[e019 s0850/1030] loss = 3.009492
[e019 s0900/1030] loss = 3.042312
[e019 s0950/1030] loss = 3.030140
[e019 s1000/1030] loss = 2.971636
Epoch 019: train_loss = 2.929526  MAE/GAME0 = 23.244  RMSE = 42.247  GAME1 = 23.245  GAME2 = 23.245  GAME3 = 23.246  lr = 1.00e-05  time = 7.5s
[e020 s0001/1030] loss = 2.201193
[e020 s0050/1030] loss = 2.962934
[e020 s0100/1030] loss = 3.415914
[e020 s0150/1030] loss = 3.047168
[e020 s0200/1030] loss = 2.793246
[e020 s0250/1030] loss = 3.501400
[e020 s0300/1030] loss = 3.284937
[e020 s0350/1030] loss = 3.444905
[e020 s0400/1030] loss = 3.372583
[e020 s0450/1030] loss = 3.443327
[e020 s0500/1030] loss = 3.228809
[e020 s0550/1030] loss = 3.497249
[e020 s0600/1030] loss = 3.463601
[e020 s0650/1030] loss = 3.421170
[e020 s0700/1030] loss = 3.300667
[e020 s0750/1030] loss = 3.298287
[e020 s0800/1030] loss = 3.290880
[e020 s0850/1030] loss = 3.242121
[e020 s0900/1030] loss = 3.179972
[e020 s0950/1030] loss = 3.120070
[e020 s1000/1030] loss = 3.100265
Epoch 020: train_loss = 3.178198  MAE/GAME0 = 23.245  RMSE = 42.247  GAME1 = 23.245  GAME2 = 23.245  GAME3 = 23.245  lr = 1.00e-05  time = 7.6s
[e021 s0001/1030] loss = 0.710309
[e021 s0050/1030] loss = 2.302941
[e021 s0100/1030] loss = 2.789055
[e021 s0150/1030] loss = 2.706044
[e021 s0200/1030] loss = 2.890017
[e021 s0250/1030] loss = 3.151841
[e021 s0300/1030] loss = 3.139797
[e021 s0350/1030] loss = 2.886325
[e021 s0400/1030] loss = 2.990377
[e021 s0450/1030] loss = 3.089476
[e021 s0500/1030] loss = 3.019505
[e021 s0550/1030] loss = 2.989912
[e021 s0600/1030] loss = 2.880952
[e021 s0650/1030] loss = 2.916415
[e021 s0700/1030] loss = 2.930864
[e021 s0750/1030] loss = 2.832585
[e021 s0800/1030] loss = 2.832880
[e021 s0850/1030] loss = 3.422172
[e021 s0900/1030] loss = 3.400343
[e021 s0950/1030] loss = 3.315901
[e021 s1000/1030] loss = 3.603884
Epoch 021: train_loss = 3.554235  MAE/GAME0 = 23.244  RMSE = 42.247  GAME1 = 23.245  GAME2 = 23.246  GAME3 = 23.246  lr = 1.00e-05  time = 7.6s
[e022 s0001/1030] loss = 6.069504
[e022 s0050/1030] loss = 1.353548
[e022 s0100/1030] loss = 1.769676
[e022 s0150/1030] loss = 2.184308
[e022 s0200/1030] loss = 2.560425
[e022 s0250/1030] loss = 2.641474
[e022 s0300/1030] loss = 2.758505
[e022 s0350/1030] loss = 3.330615
[e022 s0400/1030] loss = 3.481997
[e022 s0450/1030] loss = 3.456954
[e022 s0500/1030] loss = 3.787937
[e022 s0550/1030] loss = 3.805989
[e022 s0600/1030] loss = 3.972773
[e022 s0650/1030] loss = 3.805082
[e022 s0700/1030] loss = 3.700835
[e022 s0750/1030] loss = 3.561945
[e022 s0800/1030] loss = 3.482622
[e022 s0850/1030] loss = 3.418526
[e022 s0900/1030] loss = 3.371787
[e022 s0950/1030] loss = 3.293666
[e022 s1000/1030] loss = 3.263231
Epoch 022: train_loss = 3.226447  MAE/GAME0 = 23.245  RMSE = 42.248  GAME1 = 23.245  GAME2 = 23.245  GAME3 = 23.245  lr = 1.00e-05  time = 7.7s
[e023 s0001/1030] loss = 1.542038
[e023 s0050/1030] loss = 2.009574
[e023 s0100/1030] loss = 2.787330
[e023 s0150/1030] loss = 2.771583
[e023 s0200/1030] loss = 2.816363
[e023 s0250/1030] loss = 2.841725
[e023 s0300/1030] loss = 2.823675
[e023 s0350/1030] loss = 2.785702
[e023 s0400/1030] loss = 2.778470
[e023 s0450/1030] loss = 2.791161
[e023 s0500/1030] loss = 2.727791
[e023 s0550/1030] loss = 2.760116
[e023 s0600/1030] loss = 3.005732
[e023 s0650/1030] loss = 2.948987
[e023 s0700/1030] loss = 3.165499
[e023 s0750/1030] loss = 3.275786
[e023 s0800/1030] loss = 3.277586
[e023 s0850/1030] loss = 3.279153
[e023 s0900/1030] loss = 3.261267
[e023 s0950/1030] loss = 3.248402
[e023 s1000/1030] loss = 3.264397
Epoch 023: train_loss = 3.262616  MAE/GAME0 = 23.245  RMSE = 42.248  GAME1 = 23.245  GAME2 = 23.245  GAME3 = 23.245  lr = 1.00e-05  time = 7.5s
[e024 s0001/1030] loss = 3.766434
[e024 s0050/1030] loss = 3.431113
[e024 s0100/1030] loss = 3.407663
[e024 s0150/1030] loss = 3.064194
[e024 s0200/1030] loss = 2.983346
[e024 s0250/1030] loss = 2.862814
[e024 s0300/1030] loss = 3.238951
[e024 s0350/1030] loss = 3.105344
[e024 s0400/1030] loss = 3.153673
[e024 s0450/1030] loss = 3.133772
[e024 s0500/1030] loss = 3.018541
[e024 s0550/1030] loss = 2.915685
[e024 s0600/1030] loss = 2.851004
[e024 s0650/1030] loss = 2.828404
[e024 s0700/1030] loss = 2.762023
[e024 s0750/1030] loss = 2.798450
[e024 s0800/1030] loss = 2.992948
[e024 s0850/1030] loss = 2.955521
[e024 s0900/1030] loss = 2.973926
[e024 s0950/1030] loss = 2.981692
[e024 s1000/1030] loss = 2.906347
Epoch 024: train_loss = 2.881567  MAE/GAME0 = 23.245  RMSE = 42.248  GAME1 = 23.245  GAME2 = 23.245  GAME3 = 23.245  lr = 1.00e-05  time = 7.6s
[e025 s0001/1030] loss = 0.093269
[e025 s0050/1030] loss = 1.741241
[e025 s0100/1030] loss = 2.124170
[e025 s0150/1030] loss = 2.317324
[e025 s0200/1030] loss = 2.252914
[e025 s0250/1030] loss = 2.898326
[e025 s0300/1030] loss = 2.881533
[e025 s0350/1030] loss = 3.379657
[e025 s0400/1030] loss = 3.158333
[e025 s0450/1030] loss = 3.034945
[e025 s0500/1030] loss = 2.907032
[e025 s0550/1030] loss = 2.788322
[e025 s0600/1030] loss = 2.846526
[e025 s0650/1030] loss = 2.737082
[e025 s0700/1030] loss = 2.696784
[e025 s0750/1030] loss = 2.649831
[e025 s0800/1030] loss = 2.628266
[e025 s0850/1030] loss = 2.646990
[e025 s0900/1030] loss = 2.618616
[e025 s0950/1030] loss = 2.591283
[e025 s1000/1030] loss = 2.643568
Epoch 025: train_loss = 2.957732  MAE/GAME0 = 23.245  RMSE = 42.248  GAME1 = 23.245  GAME2 = 23.245  GAME3 = 23.245  lr = 1.00e-05  time = 7.6s
[e026 s0001/1030] loss = 0.193515
[e026 s0050/1030] loss = 3.287927
[e026 s0100/1030] loss = 2.993884
[e026 s0150/1030] loss = 2.826680
[e026 s0200/1030] loss = 2.742072
[e026 s0250/1030] loss = 2.812060
[e026 s0300/1030] loss = 3.724028
[e026 s0350/1030] loss = 3.455465
[e026 s0400/1030] loss = 3.461655
[e026 s0450/1030] loss = 3.504263
[e026 s0500/1030] loss = 3.492428
[e026 s0550/1030] loss = 3.387506
[e026 s0600/1030] loss = 3.243160
[e026 s0650/1030] loss = 3.296612
[e026 s0700/1030] loss = 3.272549
[e026 s0750/1030] loss = 3.465239
[e026 s0800/1030] loss = 3.347415
[e026 s0850/1030] loss = 3.288691
[e026 s0900/1030] loss = 3.242418
[e026 s0950/1030] loss = 3.187271
[e026 s1000/1030] loss = 3.107102
Epoch 026: train_loss = 3.178024  MAE/GAME0 = 23.245  RMSE = 42.248  GAME1 = 23.245  GAME2 = 23.245  GAME3 = 23.245  lr = 1.00e-05  time = 7.5s
[e027 s0001/1030] loss = 1.455529
[e027 s0050/1030] loss = 3.828150
[e027 s0100/1030] loss = 3.066142
[e027 s0150/1030] loss = 2.884189
[e027 s0200/1030] loss = 2.629410
[e027 s0250/1030] loss = 2.738711
[e027 s0300/1030] loss = 2.980321
[e027 s0350/1030] loss = 3.016561
[e027 s0400/1030] loss = 3.062465
[e027 s0450/1030] loss = 2.940111
[e027 s0500/1030] loss = 3.103776
[e027 s0550/1030] loss = 3.088515
[e027 s0600/1030] loss = 3.071346
[e027 s0650/1030] loss = 3.287751
[e027 s0700/1030] loss = 3.295962
[e027 s0750/1030] loss = 3.251744
[e027 s0800/1030] loss = 3.227152
[e027 s0850/1030] loss = 3.104195
[e027 s0900/1030] loss = 3.108538
[e027 s0950/1030] loss = 3.265960
[e027 s1000/1030] loss = 3.235333
Epoch 027: train_loss = 3.494807  MAE/GAME0 = 23.245  RMSE = 42.248  GAME1 = 23.245  GAME2 = 23.245  GAME3 = 23.245  lr = 1.00e-05  time = 7.5s
[e028 s0001/1030] loss = 0.455331
[e028 s0050/1030] loss = 4.879304
[e028 s0100/1030] loss = 3.736672
[e028 s0150/1030] loss = 3.021257
[e028 s0200/1030] loss = 3.085854
[e028 s0250/1030] loss = 2.967370
[e028 s0300/1030] loss = 2.930686
[e028 s0350/1030] loss = 3.078232
[e028 s0400/1030] loss = 3.071192
[e028 s0450/1030] loss = 2.964572
[e028 s0500/1030] loss = 2.965399
[e028 s0550/1030] loss = 2.864224
[e028 s0600/1030] loss = 2.831860
[e028 s0650/1030] loss = 2.764890
[e028 s0700/1030] loss = 3.401552
[e028 s0750/1030] loss = 3.336572
[e028 s0800/1030] loss = 3.403547
[e028 s0850/1030] loss = 3.346516
[e028 s0900/1030] loss = 3.297561
[e028 s0950/1030] loss = 3.267966
[e028 s1000/1030] loss = 3.232106
Epoch 028: train_loss = 3.234513  MAE/GAME0 = 23.245  RMSE = 42.248  GAME1 = 23.245  GAME2 = 23.245  GAME3 = 23.245  lr = 1.00e-05  time = 7.5s
[e029 s0001/1030] loss = 1.000643
[e029 s0050/1030] loss = 4.460081
[e029 s0100/1030] loss = 3.391740
[e029 s0150/1030] loss = 3.162180
[e029 s0200/1030] loss = 3.129923
[e029 s0250/1030] loss = 3.683180
[e029 s0300/1030] loss = 3.491639
[e029 s0350/1030] loss = 3.264848
[e029 s0400/1030] loss = 3.190767
[e029 s0450/1030] loss = 3.143025
[e029 s0500/1030] loss = 3.098602
[e029 s0550/1030] loss = 2.990424
[e029 s0600/1030] loss = 2.864399
[e029 s0650/1030] loss = 3.961110
[e029 s0700/1030] loss = 4.032337
[e029 s0750/1030] loss = 3.918253
[e029 s0800/1030] loss = 3.867103
[e029 s0850/1030] loss = 3.755767
[e029 s0900/1030] loss = 3.679753
[e029 s0950/1030] loss = 3.599703
[e029 s1000/1030] loss = 3.577926
Epoch 029: train_loss = 3.559511  MAE/GAME0 = 23.245  RMSE = 42.248  GAME1 = 23.245  GAME2 = 23.245  GAME3 = 23.245  lr = 1.00e-05  time = 7.5s
[e030 s0001/1030] loss = 1.993678
[e030 s0050/1030] loss = 4.088425
[e030 s0100/1030] loss = 3.452653
[e030 s0150/1030] loss = 3.748660
[e030 s0200/1030] loss = 3.663655
[e030 s0250/1030] loss = 4.201771
[e030 s0300/1030] loss = 4.086142
[e030 s0350/1030] loss = 3.962389
[e030 s0400/1030] loss = 3.862292
[e030 s0450/1030] loss = 3.616963
[e030 s0500/1030] loss = 3.446994
[e030 s0550/1030] loss = 3.344486
[e030 s0600/1030] loss = 3.274065
[e030 s0650/1030] loss = 3.101095
[e030 s0700/1030] loss = 3.052320
[e030 s0750/1030] loss = 3.359691
[e030 s0800/1030] loss = 3.640882
[e030 s0850/1030] loss = 3.634964
[e030 s0900/1030] loss = 3.534163
[e030 s0950/1030] loss = 3.525482
[e030 s1000/1030] loss = 3.480465
Epoch 030: train_loss = 3.549034  MAE/GAME0 = 23.245  RMSE = 42.248  GAME1 = 23.245  GAME2 = 23.245  GAME3 = 23.245  lr = 1.00e-05  time = 7.6s
[e031 s0001/1030] loss = 1.114066
[e031 s0050/1030] loss = 2.989656
[e031 s0100/1030] loss = 2.784840
[e031 s0150/1030] loss = 2.348645
[e031 s0200/1030] loss = 2.560710
[e031 s0250/1030] loss = 2.434589
[e031 s0300/1030] loss = 2.429447
[e031 s0350/1030] loss = 2.579141
[e031 s0400/1030] loss = 2.565064
[e031 s0450/1030] loss = 2.633900
[e031 s0500/1030] loss = 2.594625
[e031 s0550/1030] loss = 2.683781
[e031 s0600/1030] loss = 2.686407
[e031 s0650/1030] loss = 2.641226
[e031 s0700/1030] loss = 2.590751
[e031 s0750/1030] loss = 2.834957
[e031 s0800/1030] loss = 3.467050
[e031 s0850/1030] loss = 3.443434
[e031 s0900/1030] loss = 3.542392
[e031 s0950/1030] loss = 3.525793
[e031 s1000/1030] loss = 3.467160
Epoch 031: train_loss = 3.435690  MAE/GAME0 = 23.245  RMSE = 42.248  GAME1 = 23.245  GAME2 = 23.245  GAME3 = 23.245  lr = 1.00e-05  time = 7.5s
[e032 s0001/1030] loss = 6.949456
[e032 s0050/1030] loss = 3.319367
[e032 s0100/1030] loss = 4.180002
[e032 s0150/1030] loss = 3.518343
[e032 s0200/1030] loss = 3.499444
[e032 s0250/1030] loss = 3.399977
[e032 s0300/1030] loss = 3.266577
[e032 s0350/1030] loss = 3.325857
[e032 s0400/1030] loss = 3.358643
[e032 s0450/1030] loss = 3.607146
[e032 s0500/1030] loss = 3.484169
[e032 s0550/1030] loss = 3.302454
[e032 s0600/1030] loss = 3.283337
[e032 s0650/1030] loss = 3.251404
[e032 s0700/1030] loss = 3.251684
[e032 s0750/1030] loss = 3.507541
[e032 s0800/1030] loss = 3.405595
[e032 s0850/1030] loss = 3.365556
[e032 s0900/1030] loss = 3.309046
[e032 s0950/1030] loss = 3.383465
[e032 s1000/1030] loss = 3.309244
Epoch 032: train_loss = 3.262072  MAE/GAME0 = 23.245  RMSE = 42.248  GAME1 = 23.245  GAME2 = 23.245  GAME3 = 23.245  lr = 1.00e-05  time = 7.6s
[e033 s0001/1030] loss = 3.525660
[e033 s0050/1030] loss = 2.203426
[e033 s0100/1030] loss = 2.405830
[e033 s0150/1030] loss = 2.182270
[e033 s0200/1030] loss = 2.142712
[e033 s0250/1030] loss = 2.200083
[e033 s0300/1030] loss = 2.143636
[e033 s0350/1030] loss = 2.173804
[e033 s0400/1030] loss = 2.434842
[e033 s0450/1030] loss = 3.417068
[e033 s0500/1030] loss = 3.308839
[e033 s0550/1030] loss = 3.412955
[e033 s0600/1030] loss = 3.257413
[e033 s0650/1030] loss = 3.272017
[e033 s0700/1030] loss = 3.146735
[e033 s0750/1030] loss = 3.196296
[e033 s0800/1030] loss = 3.133811
[e033 s0850/1030] loss = 3.072519
[e033 s0900/1030] loss = 3.081282
[e033 s0950/1030] loss = 2.986990
[e033 s1000/1030] loss = 3.127390
Epoch 033: train_loss = 3.087489  MAE/GAME0 = 23.245  RMSE = 42.248  GAME1 = 23.245  GAME2 = 23.245  GAME3 = 23.245  lr = 1.00e-05  time = 7.5s
[e034 s0001/1030] loss = 0.041042
[e034 s0050/1030] loss = 2.004734
[e034 s0100/1030] loss = 3.041364
[e034 s0150/1030] loss = 2.670412
[e034 s0200/1030] loss = 2.664204
[e034 s0250/1030] loss = 2.627391
[e034 s0300/1030] loss = 2.692561
[e034 s0350/1030] loss = 3.065147
[e034 s0400/1030] loss = 2.981941
[e034 s0450/1030] loss = 2.880529
[e034 s0500/1030] loss = 2.995223
[e034 s0550/1030] loss = 3.235749
[e034 s0600/1030] loss = 3.298939
[e034 s0650/1030] loss = 3.162142
[e034 s0700/1030] loss = 3.238606
[e034 s0750/1030] loss = 3.293665
[e034 s0800/1030] loss = 3.235375
[e034 s0850/1030] loss = 3.177955
[e034 s0900/1030] loss = 3.194325
[e034 s0950/1030] loss = 3.122918
[e034 s1000/1030] loss = 3.096463
Epoch 034: train_loss = 3.085816  MAE/GAME0 = 23.245  RMSE = 42.247  GAME1 = 23.245  GAME2 = 23.245  GAME3 = 23.245  lr = 1.00e-05  time = 7.7s
[e035 s0001/1030] loss = 4.911903
[e035 s0050/1030] loss = 3.538286
[e035 s0100/1030] loss = 3.442896
[e035 s0150/1030] loss = 2.940427
[e035 s0200/1030] loss = 2.950926
[e035 s0250/1030] loss = 3.331108
[e035 s0300/1030] loss = 3.091095
[e035 s0350/1030] loss = 3.754128
[e035 s0400/1030] loss = 3.503989
[e035 s0450/1030] loss = 3.438212
[e035 s0500/1030] loss = 3.356777
[e035 s0550/1030] loss = 3.282242
[e035 s0600/1030] loss = 3.150173
[e035 s0650/1030] loss = 3.145599
[e035 s0700/1030] loss = 3.103846
[e035 s0750/1030] loss = 3.039743
[e035 s0800/1030] loss = 2.987325
[e035 s0850/1030] loss = 2.953128
[e035 s0900/1030] loss = 2.961352
[e035 s0950/1030] loss = 2.983857
[e035 s1000/1030] loss = 3.137721
Epoch 035: train_loss = 3.148147  MAE/GAME0 = 23.245  RMSE = 42.248  GAME1 = 23.245  GAME2 = 23.245  GAME3 = 23.245  lr = 1.00e-05  time = 7.6s
[e036 s0001/1030] loss = 0.106811
[e036 s0050/1030] loss = 6.916437
[e036 s0100/1030] loss = 4.794212
[e036 s0150/1030] loss = 4.095312
[e036 s0200/1030] loss = 3.677798
[e036 s0250/1030] loss = 4.462563
[e036 s0300/1030] loss = 4.053337
[e036 s0350/1030] loss = 3.785324
[e036 s0400/1030] loss = 3.573599
[e036 s0450/1030] loss = 3.551162
[e036 s0500/1030] loss = 3.539591
[e036 s0550/1030] loss = 3.708906
[e036 s0600/1030] loss = 3.619248
[e036 s0650/1030] loss = 3.550999
[e036 s0700/1030] loss = 3.496534
[e036 s0750/1030] loss = 3.507076
[e036 s0800/1030] loss = 3.428488
[e036 s0850/1030] loss = 3.360974
[e036 s0900/1030] loss = 3.375907
[e036 s0950/1030] loss = 3.285782
[e036 s1000/1030] loss = 3.224523
Epoch 036: train_loss = 3.194368  MAE/GAME0 = 23.245  RMSE = 42.247  GAME1 = 23.245  GAME2 = 23.245  GAME3 = 23.245  lr = 1.00e-05  time = 7.7s
[e037 s0001/1030] loss = 0.312565
[e037 s0050/1030] loss = 1.215704
[e037 s0100/1030] loss = 2.232662
[e037 s0150/1030] loss = 2.125715
[e037 s0200/1030] loss = 2.473433
[e037 s0250/1030] loss = 2.507926
[e037 s0300/1030] loss = 2.446793
[e037 s0350/1030] loss = 2.523183
[e037 s0400/1030] loss = 2.658904
[e037 s0450/1030] loss = 2.491898
[e037 s0500/1030] loss = 2.432823
[e037 s0550/1030] loss = 2.556461
[e037 s0600/1030] loss = 2.619294
[e037 s0650/1030] loss = 2.623695
[e037 s0700/1030] loss = 2.723451
[e037 s0750/1030] loss = 2.976106
[e037 s0800/1030] loss = 2.969369
[e037 s0850/1030] loss = 2.974702
[e037 s0900/1030] loss = 2.997958
[e037 s0950/1030] loss = 3.242416
[e037 s1000/1030] loss = 3.202425
Epoch 037: train_loss = 3.138716  MAE/GAME0 = 23.245  RMSE = 42.248  GAME1 = 23.245  GAME2 = 23.245  GAME3 = 23.245  lr = 1.00e-05  time = 7.6s
[e038 s0001/1030] loss = 0.032822
[e038 s0050/1030] loss = 5.043503
[e038 s0100/1030] loss = 4.834875
[e038 s0150/1030] loss = 6.163404
[e038 s0200/1030] loss = 5.480718
[e038 s0250/1030] loss = 5.005348
[e038 s0300/1030] loss = 4.401962
[e038 s0350/1030] loss = 4.304230
[e038 s0400/1030] loss = 4.329051
[e038 s0450/1030] loss = 4.245914
[e038 s0500/1030] loss = 4.150927
[e038 s0550/1030] loss = 3.978667
[e038 s0600/1030] loss = 3.883908
[e038 s0650/1030] loss = 3.728322
[e038 s0700/1030] loss = 3.665745
[e038 s0750/1030] loss = 3.574035
[e038 s0800/1030] loss = 3.448452
[e038 s0850/1030] loss = 3.483746
[e038 s0900/1030] loss = 3.452892
[e038 s0950/1030] loss = 3.417505
[e038 s1000/1030] loss = 3.388366
Epoch 038: train_loss = 3.339557  MAE/GAME0 = 23.245  RMSE = 42.248  GAME1 = 23.245  GAME2 = 23.245  GAME3 = 23.245  lr = 1.00e-05  time = 7.5s
[e039 s0001/1030] loss = 0.074299
[e039 s0050/1030] loss = 1.969944
[e039 s0100/1030] loss = 2.853467
[e039 s0150/1030] loss = 2.873694
[e039 s0200/1030] loss = 3.167011
[e039 s0250/1030] loss = 2.886302
[e039 s0300/1030] loss = 3.088886
[e039 s0350/1030] loss = 3.017838
[e039 s0400/1030] loss = 3.798053
[e039 s0450/1030] loss = 3.549528
[e039 s0500/1030] loss = 3.453746
[e039 s0550/1030] loss = 3.317079
[e039 s0600/1030] loss = 3.164583
[e039 s0650/1030] loss = 3.128629
[e039 s0700/1030] loss = 3.091551
[e039 s0750/1030] loss = 3.058796
[e039 s0800/1030] loss = 3.269265
[e039 s0850/1030] loss = 3.206165
[e039 s0900/1030] loss = 3.181150
[e039 s0950/1030] loss = 3.338115
[e039 s1000/1030] loss = 3.240869
Epoch 039: train_loss = 3.221404  MAE/GAME0 = 23.245  RMSE = 42.248  GAME1 = 23.245  GAME2 = 23.245  GAME3 = 23.245  lr = 1.00e-05  time = 7.7s
[e040 s0001/1030] loss = 0.023703
[e040 s0050/1030] loss = 2.509918
[e040 s0100/1030] loss = 4.383664
[e040 s0150/1030] loss = 3.742162
[e040 s0200/1030] loss = 4.453228
[e040 s0250/1030] loss = 4.317257
[e040 s0300/1030] loss = 4.080026
[e040 s0350/1030] loss = 3.817103
[e040 s0400/1030] loss = 3.918060
[e040 s0450/1030] loss = 3.869696
[e040 s0500/1030] loss = 3.665935
[e040 s0550/1030] loss = 3.509476
[e040 s0600/1030] loss = 3.394132
[e040 s0650/1030] loss = 3.270416
[e040 s0700/1030] loss = 3.198386
[e040 s0750/1030] loss = 3.284826
[e040 s0800/1030] loss = 3.205228
[e040 s0850/1030] loss = 3.144620
[e040 s0900/1030] loss = 3.108483
[e040 s0950/1030] loss = 3.103208
[e040 s1000/1030] loss = 3.060888
Epoch 040: train_loss = 3.195494  MAE/GAME0 = 23.245  RMSE = 42.248  GAME1 = 23.245  GAME2 = 23.245  GAME3 = 23.245  lr = 1.00e-05  time = 7.6s
[e041 s0001/1030] loss = 1.082784
[e041 s0050/1030] loss = 2.957841
[e041 s0100/1030] loss = 2.833579
[e041 s0150/1030] loss = 4.431838
[e041 s0200/1030] loss = 4.193008
[e041 s0250/1030] loss = 3.966322
[e041 s0300/1030] loss = 4.229101
[e041 s0350/1030] loss = 4.021957
[e041 s0400/1030] loss = 3.817980
[e041 s0450/1030] loss = 3.686830
[e041 s0500/1030] loss = 3.624068
[e041 s0550/1030] loss = 4.334988
[e041 s0600/1030] loss = 4.114758
[e041 s0650/1030] loss = 4.012987
[e041 s0700/1030] loss = 3.950611
[e041 s0750/1030] loss = 3.874458
[e041 s0800/1030] loss = 3.788712
[e041 s0850/1030] loss = 3.688021
[e041 s0900/1030] loss = 3.661552
[e041 s0950/1030] loss = 3.647827
[e041 s1000/1030] loss = 3.548506
Epoch 041: train_loss = 3.517703  MAE/GAME0 = 23.245  RMSE = 42.248  GAME1 = 23.245  GAME2 = 23.245  GAME3 = 23.245  lr = 1.00e-05  time = 7.5s
[e042 s0001/1030] loss = 0.186508
[e042 s0050/1030] loss = 3.272549
[e042 s0100/1030] loss = 2.993937
[e042 s0150/1030] loss = 2.583825
[e042 s0200/1030] loss = 2.402373
[e042 s0250/1030] loss = 2.255038
[e042 s0300/1030] loss = 2.871114
[e042 s0350/1030] loss = 3.375874
[e042 s0400/1030] loss = 3.271645
[e042 s0450/1030] loss = 3.277960
[e042 s0500/1030] loss = 3.197732
[e042 s0550/1030] loss = 3.146909
[e042 s0600/1030] loss = 3.153171
[e042 s0650/1030] loss = 3.107591
[e042 s0700/1030] loss = 3.056136
[e042 s0750/1030] loss = 3.033270
[e042 s0800/1030] loss = 3.035347
[e042 s0850/1030] loss = 2.953786
[e042 s0900/1030] loss = 2.870923
[e042 s0950/1030] loss = 2.875550
[e042 s1000/1030] loss = 2.846196
Epoch 042: train_loss = 2.864399  MAE/GAME0 = 23.245  RMSE = 42.248  GAME1 = 23.245  GAME2 = 23.245  GAME3 = 23.245  lr = 1.00e-05  time = 7.5s
[e043 s0001/1030] loss = 0.276774
[e043 s0050/1030] loss = 5.031761
[e043 s0100/1030] loss = 3.582298
[e043 s0150/1030] loss = 3.351325
[e043 s0200/1030] loss = 2.989832
[e043 s0250/1030] loss = 2.802733
[e043 s0300/1030] loss = 2.881102
[e043 s0350/1030] loss = 3.081336
[e043 s0400/1030] loss = 2.993392
[e043 s0450/1030] loss = 3.007117
[e043 s0500/1030] loss = 2.873608
[e043 s0550/1030] loss = 3.169766
[e043 s0600/1030] loss = 3.131747
[e043 s0650/1030] loss = 3.298222
[e043 s0700/1030] loss = 3.310827
[e043 s0750/1030] loss = 3.303377
[e043 s0800/1030] loss = 3.287302
[e043 s0850/1030] loss = 3.397387
[e043 s0900/1030] loss = 3.291716
[e043 s0950/1030] loss = 3.252933
[e043 s1000/1030] loss = 3.325314
Epoch 043: train_loss = 3.287692  MAE/GAME0 = 23.245  RMSE = 42.248  GAME1 = 23.245  GAME2 = 23.245  GAME3 = 23.245  lr = 1.00e-05  time = 7.7s
[e044 s0001/1030] loss = 2.386605
[e044 s0050/1030] loss = 4.858375
[e044 s0100/1030] loss = 5.489781
[e044 s0150/1030] loss = 4.500922
[e044 s0200/1030] loss = 4.034028
[e044 s0250/1030] loss = 3.633464
[e044 s0300/1030] loss = 4.099398
[e044 s0350/1030] loss = 3.854734
[e044 s0400/1030] loss = 3.746618
[e044 s0450/1030] loss = 3.608819
[e044 s0500/1030] loss = 3.494361
[e044 s0550/1030] loss = 3.508752
[e044 s0600/1030] loss = 3.472803
[e044 s0650/1030] loss = 3.320749
[e044 s0700/1030] loss = 3.419240
[e044 s0750/1030] loss = 3.274022
[e044 s0800/1030] loss = 3.507452
[e044 s0850/1030] loss = 3.401200
[e044 s0900/1030] loss = 3.353034
[e044 s0950/1030] loss = 3.426472
[e044 s1000/1030] loss = 3.392992
Epoch 044: train_loss = 3.418614  MAE/GAME0 = 23.245  RMSE = 42.248  GAME1 = 23.245  GAME2 = 23.245  GAME3 = 23.245  lr = 1.00e-05  time = 7.6s
[e045 s0001/1030] loss = 0.068151
[e045 s0050/1030] loss = 3.413354
[e045 s0100/1030] loss = 3.656755
[e045 s0150/1030] loss = 3.365653
[e045 s0200/1030] loss = 3.353828
[e045 s0250/1030] loss = 3.941600
[e045 s0300/1030] loss = 3.632957
[e045 s0350/1030] loss = 3.463375
[e045 s0400/1030] loss = 3.443608
[e045 s0450/1030] loss = 3.377162
[e045 s0500/1030] loss = 3.202418
[e045 s0550/1030] loss = 3.149684
[e045 s0600/1030] loss = 3.183080
[e045 s0650/1030] loss = 3.231887
[e045 s0700/1030] loss = 3.123288
[e045 s0750/1030] loss = 3.019261
[e045 s0800/1030] loss = 3.016196
[e045 s0850/1030] loss = 3.014153
[e045 s0900/1030] loss = 2.945689
[e045 s0950/1030] loss = 3.026652
[e045 s1000/1030] loss = 3.025793
Epoch 045: train_loss = 3.028639  MAE/GAME0 = 23.245  RMSE = 42.248  GAME1 = 23.245  GAME2 = 23.245  GAME3 = 23.245  lr = 1.00e-05  time = 7.6s
[e046 s0001/1030] loss = 9.725927
[e046 s0050/1030] loss = 3.212407
[e046 s0100/1030] loss = 3.241460
[e046 s0150/1030] loss = 3.147117
[e046 s0200/1030] loss = 2.942500
[e046 s0250/1030] loss = 3.437051
[e046 s0300/1030] loss = 3.121846
[e046 s0350/1030] loss = 3.172708
[e046 s0400/1030] loss = 3.087038
[e046 s0450/1030] loss = 3.107178
[e046 s0500/1030] loss = 2.984433
[e046 s0550/1030] loss = 2.907855
[e046 s0600/1030] loss = 3.067554
[e046 s0650/1030] loss = 3.125962
[e046 s0700/1030] loss = 3.246708
[e046 s0750/1030] loss = 3.491743
[e046 s0800/1030] loss = 3.631120
[e046 s0850/1030] loss = 3.793545
[e046 s0900/1030] loss = 3.764430
[e046 s0950/1030] loss = 3.700486
[e046 s1000/1030] loss = 3.655282
Epoch 046: train_loss = 3.636517  MAE/GAME0 = 23.245  RMSE = 42.248  GAME1 = 23.245  GAME2 = 23.245  GAME3 = 23.245  lr = 1.00e-05  time = 7.7s
[e047 s0001/1030] loss = 20.111813
[e047 s0050/1030] loss = 3.569133
[e047 s0100/1030] loss = 3.073013
[e047 s0150/1030] loss = 2.730193
[e047 s0200/1030] loss = 3.279148
[e047 s0250/1030] loss = 3.214331
[e047 s0300/1030] loss = 2.977003
[e047 s0350/1030] loss = 3.189208
[e047 s0400/1030] loss = 3.151102
[e047 s0450/1030] loss = 2.960102
[e047 s0500/1030] loss = 2.969074
[e047 s0550/1030] loss = 3.076739
[e047 s0600/1030] loss = 3.024434
[e047 s0650/1030] loss = 2.956436
[e047 s0700/1030] loss = 2.958220
[e047 s0750/1030] loss = 3.124481
[e047 s0800/1030] loss = 3.143171
[e047 s0850/1030] loss = 3.262986
[e047 s0900/1030] loss = 3.180766
[e047 s0950/1030] loss = 3.148284
[e047 s1000/1030] loss = 3.113596
Epoch 047: train_loss = 3.083514  MAE/GAME0 = 23.245  RMSE = 42.248  GAME1 = 23.245  GAME2 = 23.245  GAME3 = 23.245  lr = 1.00e-05  time = 7.5s
[e048 s0001/1030] loss = 1.837964
[e048 s0050/1030] loss = 1.721045
[e048 s0100/1030] loss = 1.934629
[e048 s0150/1030] loss = 2.098179
[e048 s0200/1030] loss = 2.057831
[e048 s0250/1030] loss = 2.021877
[e048 s0300/1030] loss = 2.144237
[e048 s0350/1030] loss = 2.306977
[e048 s0400/1030] loss = 2.602743
[e048 s0450/1030] loss = 2.534220
[e048 s0500/1030] loss = 3.370576
[e048 s0550/1030] loss = 3.286131
[e048 s0600/1030] loss = 3.331900
[e048 s0650/1030] loss = 3.313848
[e048 s0700/1030] loss = 3.290022
[e048 s0750/1030] loss = 3.274761
[e048 s0800/1030] loss = 3.182318
[e048 s0850/1030] loss = 3.125738
[e048 s0900/1030] loss = 3.084280
[e048 s0950/1030] loss = 3.014256
[e048 s1000/1030] loss = 3.210096
Epoch 048: train_loss = 3.213419  MAE/GAME0 = 23.245  RMSE = 42.248  GAME1 = 23.245  GAME2 = 23.245  GAME3 = 23.245  lr = 1.00e-05  time = 7.7s
[e049 s0001/1030] loss = 3.446727
[e049 s0050/1030] loss = 1.893456
[e049 s0100/1030] loss = 3.068889
[e049 s0150/1030] loss = 2.559678
[e049 s0200/1030] loss = 2.677572
[e049 s0250/1030] loss = 2.502776
[e049 s0300/1030] loss = 2.541457
[e049 s0350/1030] loss = 2.393925
[e049 s0400/1030] loss = 2.932966
[e049 s0450/1030] loss = 2.919195
[e049 s0500/1030] loss = 2.902287
[e049 s0550/1030] loss = 2.841556
[e049 s0600/1030] loss = 2.819693
[e049 s0650/1030] loss = 3.181151
[e049 s0700/1030] loss = 3.113715
[e049 s0750/1030] loss = 3.057984
[e049 s0800/1030] loss = 2.952214
[e049 s0850/1030] loss = 3.095360
[e049 s0900/1030] loss = 3.010582
[e049 s0950/1030] loss = 2.995854
[e049 s1000/1030] loss = 3.006977
Epoch 049: train_loss = 2.964149  MAE/GAME0 = 23.245  RMSE = 42.248  GAME1 = 23.245  GAME2 = 23.245  GAME3 = 23.245  lr = 1.00e-05  time = 7.6s
[e050 s0001/1030] loss = 0.663748
[e050 s0050/1030] loss = 4.119550
[e050 s0100/1030] loss = 3.740402
[e050 s0150/1030] loss = 3.320842
[e050 s0200/1030] loss = 3.646305
[e050 s0250/1030] loss = 4.301810
[e050 s0300/1030] loss = 4.068478
[e050 s0350/1030] loss = 3.960880
[e050 s0400/1030] loss = 3.715920
[e050 s0450/1030] loss = 3.477166
[e050 s0500/1030] loss = 3.426550
[e050 s0550/1030] loss = 3.495713
[e050 s0600/1030] loss = 3.399020
[e050 s0650/1030] loss = 3.304493
[e050 s0700/1030] loss = 3.338060
[e050 s0750/1030] loss = 3.327844
[e050 s0800/1030] loss = 3.405162
[e050 s0850/1030] loss = 3.379684
[e050 s0900/1030] loss = 3.374867
[e050 s0950/1030] loss = 3.560447
[e050 s1000/1030] loss = 3.514059
Epoch 050: train_loss = 3.459622  MAE/GAME0 = 23.245  RMSE = 42.248  GAME1 = 23.245  GAME2 = 23.245  GAME3 = 23.245  lr = 1.00e-05  time = 7.7s
[e051 s0001/1030] loss = 4.561591
[e051 s0050/1030] loss = 3.225886
[e051 s0100/1030] loss = 2.579130
[e051 s0150/1030] loss = 2.423216
[e051 s0200/1030] loss = 2.314495
[e051 s0250/1030] loss = 3.233008
[e051 s0300/1030] loss = 3.029266
[e051 s0350/1030] loss = 3.191169
[e051 s0400/1030] loss = 3.146356
[e051 s0450/1030] loss = 3.008472
[e051 s0500/1030] loss = 2.976424
[e051 s0550/1030] loss = 3.447744
[e051 s0600/1030] loss = 3.293411
[e051 s0650/1030] loss = 3.250486
[e051 s0700/1030] loss = 3.269140
[e051 s0750/1030] loss = 3.251851
[e051 s0800/1030] loss = 3.212092
[e051 s0850/1030] loss = 3.141536
[e051 s0900/1030] loss = 3.173739
[e051 s0950/1030] loss = 3.090512
[e051 s1000/1030] loss = 3.032192
Epoch 051: train_loss = 3.053360  MAE/GAME0 = 23.245  RMSE = 42.248  GAME1 = 23.245  GAME2 = 23.245  GAME3 = 23.245  lr = 1.00e-05  time = 7.6s
[e052 s0001/1030] loss = 0.000000
[e052 s0050/1030] loss = 3.018261
[e052 s0100/1030] loss = 2.653606
[e052 s0150/1030] loss = 4.090312
[e052 s0200/1030] loss = 3.575957
[e052 s0250/1030] loss = 3.637840
[e052 s0300/1030] loss = 3.526141
[e052 s0350/1030] loss = 3.349646
[e052 s0400/1030] loss = 3.266241
[e052 s0450/1030] loss = 3.173387
[e052 s0500/1030] loss = 3.178826
[e052 s0550/1030] loss = 3.132514
[e052 s0600/1030] loss = 3.766657
[e052 s0650/1030] loss = 3.743923
[e052 s0700/1030] loss = 3.738897
[e052 s0750/1030] loss = 3.626684
[e052 s0800/1030] loss = 3.734740
[e052 s0850/1030] loss = 3.704770
[e052 s0900/1030] loss = 3.739850
[e052 s0950/1030] loss = 3.655847
[e052 s1000/1030] loss = 3.625750
Epoch 052: train_loss = 3.575614  MAE/GAME0 = 23.245  RMSE = 42.248  GAME1 = 23.245  GAME2 = 23.245  GAME3 = 23.245  lr = 1.00e-05  time = 7.6s
[e053 s0001/1030] loss = 0.079012
[e053 s0050/1030] loss = 5.527614
[e053 s0100/1030] loss = 3.815105
[e053 s0150/1030] loss = 3.346163
[e053 s0200/1030] loss = 2.970961
[e053 s0250/1030] loss = 2.778213
[e053 s0300/1030] loss = 2.777831
[e053 s0350/1030] loss = 3.363764
[e053 s0400/1030] loss = 3.414529
[e053 s0450/1030] loss = 3.229197
[e053 s0500/1030] loss = 3.460740
[e053 s0550/1030] loss = 3.400947
[e053 s0600/1030] loss = 3.264117
[e053 s0650/1030] loss = 3.138762
[e053 s0700/1030] loss = 3.061423
[e053 s0750/1030] loss = 3.074963
[e053 s0800/1030] loss = 3.179745
[e053 s0850/1030] loss = 3.168365
[e053 s0900/1030] loss = 3.363638
[e053 s0950/1030] loss = 3.443049
[e053 s1000/1030] loss = 3.424040
Epoch 053: train_loss = 3.365180  MAE/GAME0 = 23.245  RMSE = 42.248  GAME1 = 23.245  GAME2 = 23.245  GAME3 = 23.245  lr = 1.00e-05  time = 7.5s
[e054 s0001/1030] loss = 0.501709
[e054 s0050/1030] loss = 2.701561
[e054 s0100/1030] loss = 2.518391
[e054 s0150/1030] loss = 3.116917
[e054 s0200/1030] loss = 3.096528
[e054 s0250/1030] loss = 3.212327
[e054 s0300/1030] loss = 2.998334
[e054 s0350/1030] loss = 2.969628
[e054 s0400/1030] loss = 3.434384
[e054 s0450/1030] loss = 3.324602
[e054 s0500/1030] loss = 3.246694
[e054 s0550/1030] loss = 3.103681
[e054 s0600/1030] loss = 3.037464
[e054 s0650/1030] loss = 2.996883
[e054 s0700/1030] loss = 2.930458
[e054 s0750/1030] loss = 2.880162
[e054 s0800/1030] loss = 2.829133
[e054 s0850/1030] loss = 2.946192
[e054 s0900/1030] loss = 2.916426
[e054 s0950/1030] loss = 2.876900
[e054 s1000/1030] loss = 2.921103
Epoch 054: train_loss = 2.866443  MAE/GAME0 = 23.245  RMSE = 42.248  GAME1 = 23.245  GAME2 = 23.245  GAME3 = 23.245  lr = 1.00e-05  time = 7.7s
[e055 s0001/1030] loss = 0.215981
[e055 s0050/1030] loss = 3.261095
[e055 s0100/1030] loss = 3.594189
[e055 s0150/1030] loss = 3.320736
[e055 s0200/1030] loss = 3.185881
[e055 s0250/1030] loss = 3.074519
[e055 s0300/1030] loss = 3.532299
[e055 s0350/1030] loss = 3.429792
[e055 s0400/1030] loss = 3.204092
[e055 s0450/1030] loss = 3.429290
[e055 s0500/1030] loss = 3.498315
[e055 s0550/1030] loss = 3.860440
[e055 s0600/1030] loss = 3.660803
[e055 s0650/1030] loss = 3.544859
[e055 s0700/1030] loss = 3.663470
[e055 s0750/1030] loss = 3.554138
[e055 s0800/1030] loss = 3.535328
[e055 s0850/1030] loss = 3.510156
[e055 s0900/1030] loss = 3.449262
[e055 s0950/1030] loss = 3.440091
[e055 s1000/1030] loss = 3.360743
Epoch 055: train_loss = 3.313616  MAE/GAME0 = 23.245  RMSE = 42.248  GAME1 = 23.245  GAME2 = 23.245  GAME3 = 23.245  lr = 1.00e-05  time = 7.6s
[e056 s0001/1030] loss = 0.250271
[e056 s0050/1030] loss = 9.932770
[e056 s0100/1030] loss = 6.890162
[e056 s0150/1030] loss = 6.446501
[e056 s0200/1030] loss = 5.234099
[e056 s0250/1030] loss = 5.442777
[e056 s0300/1030] loss = 4.790054
[e056 s0350/1030] loss = 4.318518
[e056 s0400/1030] loss = 4.014399
[e056 s0450/1030] loss = 3.825421
[e056 s0500/1030] loss = 3.744184
[e056 s0550/1030] loss = 3.597399
[e056 s0600/1030] loss = 3.530273
[e056 s0650/1030] loss = 3.436174
[e056 s0700/1030] loss = 3.493025
[e056 s0750/1030] loss = 3.661533
[e056 s0800/1030] loss = 3.608377
[e056 s0850/1030] loss = 3.714346
[e056 s0900/1030] loss = 3.697188
[e056 s0950/1030] loss = 3.625601
[e056 s1000/1030] loss = 3.566131
Epoch 056: train_loss = 3.527796  MAE/GAME0 = 23.245  RMSE = 42.248  GAME1 = 23.245  GAME2 = 23.245  GAME3 = 23.245  lr = 1.00e-05  time = 7.6s
[e057 s0001/1030] loss = 0.521865
[e057 s0050/1030] loss = 2.235667
[e057 s0100/1030] loss = 2.165241
[e057 s0150/1030] loss = 2.167137
[e057 s0200/1030] loss = 2.182749
[e057 s0250/1030] loss = 2.281079
[e057 s0300/1030] loss = 2.346375
[e057 s0350/1030] loss = 2.554379
[e057 s0400/1030] loss = 2.741153
[e057 s0450/1030] loss = 2.723018
[e057 s0500/1030] loss = 2.636032
[e057 s0550/1030] loss = 2.748327
[e057 s0600/1030] loss = 2.739216
[e057 s0650/1030] loss = 3.037124
[e057 s0700/1030] loss = 2.974029
[e057 s0750/1030] loss = 3.026657
[e057 s0800/1030] loss = 3.021257
[e057 s0850/1030] loss = 2.966272
[e057 s0900/1030] loss = 2.998946
[e057 s0950/1030] loss = 2.974704
[e057 s1000/1030] loss = 3.072411
Epoch 057: train_loss = 3.249986  MAE/GAME0 = 23.245  RMSE = 42.248  GAME1 = 23.245  GAME2 = 23.245  GAME3 = 23.245  lr = 1.00e-05  time = 7.6s
[e058 s0001/1030] loss = 0.023637
[e058 s0050/1030] loss = 4.680325
[e058 s0100/1030] loss = 3.425037
[e058 s0150/1030] loss = 2.872775
[e058 s0200/1030] loss = 3.502184
[e058 s0250/1030] loss = 3.216685
[e058 s0300/1030] loss = 3.659090
[e058 s0350/1030] loss = 3.705578
[e058 s0400/1030] loss = 3.572184
[e058 s0450/1030] loss = 3.489560
[e058 s0500/1030] loss = 3.298645
[e058 s0550/1030] loss = 3.281568
[e058 s0600/1030] loss = 3.239541
[e058 s0650/1030] loss = 3.138497
[e058 s0700/1030] loss = 3.085440
[e058 s0750/1030] loss = 3.028154
[e058 s0800/1030] loss = 2.950271
[e058 s0850/1030] loss = 2.945966
[e058 s0900/1030] loss = 3.272498
[e058 s0950/1030] loss = 3.224811
[e058 s1000/1030] loss = 3.274341
Epoch 058: train_loss = 3.287745  MAE/GAME0 = 23.245  RMSE = 42.248  GAME1 = 23.245  GAME2 = 23.245  GAME3 = 23.245  lr = 1.00e-05  time = 7.6s
[e059 s0001/1030] loss = 1.098813
[e059 s0050/1030] loss = 1.404819
[e059 s0100/1030] loss = 2.205446
[e059 s0150/1030] loss = 2.442313
[e059 s0200/1030] loss = 3.184389
[e059 s0250/1030] loss = 3.288935
[e059 s0300/1030] loss = 3.516461
[e059 s0350/1030] loss = 3.340386
[e059 s0400/1030] loss = 3.335628
[e059 s0450/1030] loss = 3.247745
[e059 s0500/1030] loss = 3.207231
[e059 s0550/1030] loss = 3.118770
[e059 s0600/1030] loss = 2.984283
[e059 s0650/1030] loss = 3.233384
[e059 s0700/1030] loss = 3.211053
[e059 s0750/1030] loss = 3.102780
[e059 s0800/1030] loss = 3.170084
[e059 s0850/1030] loss = 3.243511
[e059 s0900/1030] loss = 3.364486
[e059 s0950/1030] loss = 3.378102
[e059 s1000/1030] loss = 3.430617
Epoch 059: train_loss = 3.429049  MAE/GAME0 = 23.245  RMSE = 42.248  GAME1 = 23.245  GAME2 = 23.245  GAME3 = 23.245  lr = 1.00e-05  time = 7.5s
[e060 s0001/1030] loss = 1.394784
[e060 s0050/1030] loss = 5.349116
[e060 s0100/1030] loss = 3.260830
[e060 s0150/1030] loss = 3.168973
[e060 s0200/1030] loss = 4.116220
[e060 s0250/1030] loss = 3.747706
[e060 s0300/1030] loss = 3.974893
[e060 s0350/1030] loss = 3.798031
[e060 s0400/1030] loss = 4.379196
[e060 s0450/1030] loss = 4.117252
[e060 s0500/1030] loss = 3.962473
[e060 s0550/1030] loss = 3.852288
[e060 s0600/1030] loss = 3.791949
[e060 s0650/1030] loss = 3.693522
[e060 s0700/1030] loss = 3.527751
[e060 s0750/1030] loss = 3.454184
[e060 s0800/1030] loss = 3.361979
[e060 s0850/1030] loss = 3.296182
[e060 s0900/1030] loss = 3.226285
[e060 s0950/1030] loss = 3.212015
[e060 s1000/1030] loss = 3.180907
Epoch 060: train_loss = 3.154902  MAE/GAME0 = 23.245  RMSE = 42.248  GAME1 = 23.245  GAME2 = 23.245  GAME3 = 23.245  lr = 1.00e-05  time = 7.7s
[e061 s0001/1030] loss = 2.027968
[e061 s0050/1030] loss = 3.574417
[e061 s0100/1030] loss = 3.691318
[e061 s0150/1030] loss = 3.333941
[e061 s0200/1030] loss = 3.097624
[e061 s0250/1030] loss = 2.927997
[e061 s0300/1030] loss = 2.854405
[e061 s0350/1030] loss = 2.699657
[e061 s0400/1030] loss = 2.769950
[e061 s0450/1030] loss = 2.731659
[e061 s0500/1030] loss = 2.697997
[e061 s0550/1030] loss = 2.675702
[e061 s0600/1030] loss = 3.303521
[e061 s0650/1030] loss = 3.310690
[e061 s0700/1030] loss = 3.207834
[e061 s0750/1030] loss = 3.503908
[e061 s0800/1030] loss = 3.436962
[e061 s0850/1030] loss = 3.453032
[e061 s0900/1030] loss = 3.392818
[e061 s0950/1030] loss = 3.366135
[e061 s1000/1030] loss = 3.387764
Epoch 061: train_loss = 3.393935  MAE/GAME0 = 23.245  RMSE = 42.248  GAME1 = 23.245  GAME2 = 23.245  GAME3 = 23.245  lr = 1.00e-05  time = 7.7s
[e062 s0001/1030] loss = 0.867823
[e062 s0050/1030] loss = 3.276208
[e062 s0100/1030] loss = 5.048526
[e062 s0150/1030] loss = 4.079689
[e062 s0200/1030] loss = 3.719140
[e062 s0250/1030] loss = 3.340182
[e062 s0300/1030] loss = 3.060710
[e062 s0350/1030] loss = 2.795386
[e062 s0400/1030] loss = 2.771880
[e062 s0450/1030] loss = 2.723879
[e062 s0500/1030] loss = 2.640281
[e062 s0550/1030] loss = 2.717327
[e062 s0600/1030] loss = 2.599280
[e062 s0650/1030] loss = 2.593349
[e062 s0700/1030] loss = 3.029948
[e062 s0750/1030] loss = 3.150464
[e062 s0800/1030] loss = 3.162997
[e062 s0850/1030] loss = 3.356162
[e062 s0900/1030] loss = 3.444080
[e062 s0950/1030] loss = 3.382947
[e062 s1000/1030] loss = 3.377249
Epoch 062: train_loss = 3.379331  MAE/GAME0 = 23.245  RMSE = 42.248  GAME1 = 23.245  GAME2 = 23.245  GAME3 = 23.245  lr = 1.00e-05  time = 7.6s
[e063 s0001/1030] loss = 0.000000
[e063 s0050/1030] loss = 5.861438
[e063 s0100/1030] loss = 3.695699
[e063 s0150/1030] loss = 4.345291
[e063 s0200/1030] loss = 4.122273
[e063 s0250/1030] loss = 3.781619
[e063 s0300/1030] loss = 3.438475
[e063 s0350/1030] loss = 3.155825
[e063 s0400/1030] loss = 3.063542
[e063 s0450/1030] loss = 3.319405
[e063 s0500/1030] loss = 4.116910
[e063 s0550/1030] loss = 3.858677
[e063 s0600/1030] loss = 3.707842
[e063 s0650/1030] loss = 3.670368
[e063 s0700/1030] loss = 3.736844
[e063 s0750/1030] loss = 3.791179
[e063 s0800/1030] loss = 3.806911
[e063 s0850/1030] loss = 3.696783
[e063 s0900/1030] loss = 3.579260
[e063 s0950/1030] loss = 3.523075
[e063 s1000/1030] loss = 3.461158
Epoch 063: train_loss = 3.486008  MAE/GAME0 = 23.245  RMSE = 42.248  GAME1 = 23.245  GAME2 = 23.245  GAME3 = 23.245  lr = 1.00e-05  time = 7.6s
[e064 s0001/1030] loss = 6.287578
[e064 s0050/1030] loss = 2.018837
[e064 s0100/1030] loss = 2.259210
[e064 s0150/1030] loss = 2.362583
[e064 s0200/1030] loss = 2.297975
[e064 s0250/1030] loss = 2.429604
[e064 s0300/1030] loss = 2.424138
[e064 s0350/1030] loss = 2.497622
[e064 s0400/1030] loss = 2.421342
[e064 s0450/1030] loss = 2.604322
[e064 s0500/1030] loss = 2.535259
[e064 s0550/1030] loss = 2.519702
[e064 s0600/1030] loss = 2.591347
[e064 s0650/1030] loss = 2.667506
[e064 s0700/1030] loss = 3.194269
[e064 s0750/1030] loss = 3.171007
[e064 s0800/1030] loss = 3.083637
[e064 s0850/1030] loss = 2.998799
[e064 s0900/1030] loss = 3.044448
[e064 s0950/1030] loss = 3.059869
[e064 s1000/1030] loss = 3.002122
Epoch 064: train_loss = 2.959913  MAE/GAME0 = 23.245  RMSE = 42.248  GAME1 = 23.245  GAME2 = 23.245  GAME3 = 23.245  lr = 1.00e-05  time = 7.6s
[e065 s0001/1030] loss = 0.023987
[e065 s0050/1030] loss = 7.121560
[e065 s0100/1030] loss = 5.543201
[e065 s0150/1030] loss = 4.330324
[e065 s0200/1030] loss = 3.736233
[e065 s0250/1030] loss = 3.444128
[e065 s0300/1030] loss = 3.388340
[e065 s0350/1030] loss = 3.425902
[e065 s0400/1030] loss = 3.206274
[e065 s0450/1030] loss = 3.170990
[e065 s0500/1030] loss = 3.200030
[e065 s0550/1030] loss = 3.374291
[e065 s0600/1030] loss = 3.425232
[e065 s0650/1030] loss = 3.399922
[e065 s0700/1030] loss = 3.336444
[e065 s0750/1030] loss = 3.372126
[e065 s0800/1030] loss = 3.338273
[e065 s0850/1030] loss = 3.279042
[e065 s0900/1030] loss = 3.223345
[e065 s0950/1030] loss = 3.230164
[e065 s1000/1030] loss = 3.185920
Epoch 065: train_loss = 3.167420  MAE/GAME0 = 23.245  RMSE = 42.248  GAME1 = 23.245  GAME2 = 23.245  GAME3 = 23.245  lr = 1.00e-05  time = 7.9s
[e066 s0001/1030] loss = 0.732460
[e066 s0050/1030] loss = 2.249698
[e066 s0100/1030] loss = 2.320704
[e066 s0150/1030] loss = 2.497883
[e066 s0200/1030] loss = 2.421038
[e066 s0250/1030] loss = 2.341873
[e066 s0300/1030] loss = 2.313413
[e066 s0350/1030] loss = 3.663696
[e066 s0400/1030] loss = 3.506616
[e066 s0450/1030] loss = 3.264960
[e066 s0500/1030] loss = 3.528873
[e066 s0550/1030] loss = 3.516677
[e066 s0600/1030] loss = 3.628894
[e066 s0650/1030] loss = 3.546933
[e066 s0700/1030] loss = 3.544885
[e066 s0750/1030] loss = 3.634080
[e066 s0800/1030] loss = 3.514158
[e066 s0850/1030] loss = 3.434096
[e066 s0900/1030] loss = 3.420451
[e066 s0950/1030] loss = 3.318385
[e066 s1000/1030] loss = 3.302744
Epoch 066: train_loss = 3.255398  MAE/GAME0 = 23.245  RMSE = 42.248  GAME1 = 23.245  GAME2 = 23.245  GAME3 = 23.245  lr = 1.00e-05  time = 7.5s
[e067 s0001/1030] loss = 0.023714
[e067 s0050/1030] loss = 1.836074
[e067 s0100/1030] loss = 2.969724
[e067 s0150/1030] loss = 2.770104
[e067 s0200/1030] loss = 2.940124
[e067 s0250/1030] loss = 2.642754
[e067 s0300/1030] loss = 2.887435
[e067 s0350/1030] loss = 2.862820
[e067 s0400/1030] loss = 2.875336
[e067 s0450/1030] loss = 2.775700
[e067 s0500/1030] loss = 3.171177
[e067 s0550/1030] loss = 3.165984
[e067 s0600/1030] loss = 3.095497
[e067 s0650/1030] loss = 3.106482
[e067 s0700/1030] loss = 3.116916
[e067 s0750/1030] loss = 3.198719
[e067 s0800/1030] loss = 3.186425
[e067 s0850/1030] loss = 3.177592
[e067 s0900/1030] loss = 3.218375
[e067 s0950/1030] loss = 3.172910
[e067 s1000/1030] loss = 3.143239
Epoch 067: train_loss = 3.086508  MAE/GAME0 = 23.245  RMSE = 42.248  GAME1 = 23.245  GAME2 = 23.245  GAME3 = 23.245  lr = 1.00e-05  time = 7.6s
[e068 s0001/1030] loss = 3.078440
[e068 s0050/1030] loss = 7.483242
[e068 s0100/1030] loss = 4.743674
[e068 s0150/1030] loss = 4.054816
[e068 s0200/1030] loss = 3.628968
[e068 s0250/1030] loss = 3.414984
[e068 s0300/1030] loss = 3.279370
[e068 s0350/1030] loss = 3.021089
[e068 s0400/1030] loss = 2.846887
[e068 s0450/1030] loss = 2.793593
[e068 s0500/1030] loss = 2.820238
[e068 s0550/1030] loss = 2.786373
[e068 s0600/1030] loss = 2.716512
[e068 s0650/1030] loss = 2.688681
[e068 s0700/1030] loss = 2.845600
[e068 s0750/1030] loss = 2.818570
[e068 s0800/1030] loss = 3.154082
[e068 s0850/1030] loss = 3.167412
[e068 s0900/1030] loss = 3.171434
[e068 s0950/1030] loss = 3.185601
[e068 s1000/1030] loss = 3.098817
Epoch 068: train_loss = 3.072931  MAE/GAME0 = 23.122  RMSE = 42.165  GAME1 = 23.161  GAME2 = 23.246  GAME3 = 23.288  lr = 1.00e-05  time = 7.7s
[e069 s0001/1030] loss = 1.679914
[e069 s0050/1030] loss = 3.311028
[e069 s0100/1030] loss = 2.957129
[e069 s0150/1030] loss = 3.164266
[e069 s0200/1030] loss = 3.770292
[e069 s0250/1030] loss = 3.336729
[e069 s0300/1030] loss = 3.210974
[e069 s0350/1030] loss = 4.229870
[e069 s0400/1030] loss = 3.937885
[e069 s0450/1030] loss = 3.804695
[e069 s0500/1030] loss = 3.778414
[e069 s0550/1030] loss = 3.873993
[e069 s0600/1030] loss = 3.963186
[e069 s0650/1030] loss = 3.930270
[e069 s0700/1030] loss = 3.839043
[e069 s0750/1030] loss = 3.826723
[e069 s0800/1030] loss = 3.735919
[e069 s0850/1030] loss = 3.607879
[e069 s0900/1030] loss = 3.616307
[e069 s0950/1030] loss = 3.570520
[e069 s1000/1030] loss = 3.507071
Epoch 069: train_loss = 3.469344  MAE/GAME0 = 23.245  RMSE = 42.248  GAME1 = 23.245  GAME2 = 23.245  GAME3 = 23.245  lr = 1.00e-05  time = 7.6s
[e070 s0001/1030] loss = 0.377415
[e070 s0050/1030] loss = 1.776616
[e070 s0100/1030] loss = 1.702369
[e070 s0150/1030] loss = 1.723793
[e070 s0200/1030] loss = 1.979283
[e070 s0250/1030] loss = 2.170226
[e070 s0300/1030] loss = 2.235928
[e070 s0350/1030] loss = 2.388738
[e070 s0400/1030] loss = 2.510620
[e070 s0450/1030] loss = 3.019400
[e070 s0500/1030] loss = 3.299173
[e070 s0550/1030] loss = 3.385284
[e070 s0600/1030] loss = 3.227763
[e070 s0650/1030] loss = 3.259619
[e070 s0700/1030] loss = 3.248369
[e070 s0750/1030] loss = 3.263121
[e070 s0800/1030] loss = 3.152918
[e070 s0850/1030] loss = 3.084719
[e070 s0900/1030] loss = 3.096656
[e070 s0950/1030] loss = 3.170438
[e070 s1000/1030] loss = 3.173660
Epoch 070: train_loss = 3.171063  MAE/GAME0 = 23.245  RMSE = 42.248  GAME1 = 23.245  GAME2 = 23.245  GAME3 = 23.245  lr = 1.00e-05  time = 7.7s
[e071 s0001/1030] loss = 0.000000
[e071 s0050/1030] loss = 2.017198
[e071 s0100/1030] loss = 2.950149
[e071 s0150/1030] loss = 3.000306
[e071 s0200/1030] loss = 2.884017
[e071 s0250/1030] loss = 2.792663
[e071 s0300/1030] loss = 3.433240
[e071 s0350/1030] loss = 3.520670
[e071 s0400/1030] loss = 3.394565
[e071 s0450/1030] loss = 3.359380
[e071 s0500/1030] loss = 3.219455
[e071 s0550/1030] loss = 3.138923
[e071 s0600/1030] loss = 2.996091
[e071 s0650/1030] loss = 3.006530
[e071 s0700/1030] loss = 3.501331
[e071 s0750/1030] loss = 3.433961
[e071 s0800/1030] loss = 3.378624
[e071 s0850/1030] loss = 3.373073
[e071 s0900/1030] loss = 3.320201
[e071 s0950/1030] loss = 3.249653
[e071 s1000/1030] loss = 3.234808
Epoch 071: train_loss = 3.208275  MAE/GAME0 = 23.245  RMSE = 42.248  GAME1 = 23.245  GAME2 = 23.245  GAME3 = 23.245  lr = 1.00e-05  time = 7.6s
[e072 s0001/1030] loss = 0.326479
[e072 s0050/1030] loss = 2.469707
[e072 s0100/1030] loss = 4.700380
[e072 s0150/1030] loss = 4.451813
[e072 s0200/1030] loss = 3.776718
[e072 s0250/1030] loss = 3.495227
[e072 s0300/1030] loss = 3.259457
[e072 s0350/1030] loss = 3.117781
[e072 s0400/1030] loss = 3.152124
[e072 s0450/1030] loss = 3.913470
[e072 s0500/1030] loss = 3.662315
[e072 s0550/1030] loss = 3.589985
[e072 s0600/1030] loss = 3.449299
[e072 s0650/1030] loss = 3.350413
[e072 s0700/1030] loss = 3.450326
[e072 s0750/1030] loss = 3.371759
[e072 s0800/1030] loss = 3.305755
[e072 s0850/1030] loss = 3.282745
[e072 s0900/1030] loss = 3.249941
[e072 s0950/1030] loss = 3.178283
[e072 s1000/1030] loss = 3.128551
Epoch 072: train_loss = 3.092266  MAE/GAME0 = 23.245  RMSE = 42.248  GAME1 = 23.245  GAME2 = 23.245  GAME3 = 23.245  lr = 1.00e-05  time = 7.6s
[e073 s0001/1030] loss = 4.309590
[e073 s0050/1030] loss = 2.049680
[e073 s0100/1030] loss = 2.013526
[e073 s0150/1030] loss = 2.028365
[e073 s0200/1030] loss = 2.322103
[e073 s0250/1030] loss = 2.399836
[e073 s0300/1030] loss = 2.487456
[e073 s0350/1030] loss = 2.421146
[e073 s0400/1030] loss = 2.818459
[e073 s0450/1030] loss = 2.853597
[e073 s0500/1030] loss = 2.771723
[e073 s0550/1030] loss = 3.119969
[e073 s0600/1030] loss = 3.097814
[e073 s0650/1030] loss = 3.074984
[e073 s0700/1030] loss = 3.300630
[e073 s0750/1030] loss = 3.233539
[e073 s0800/1030] loss = 3.236432
[e073 s0850/1030] loss = 3.207762
[e073 s0900/1030] loss = 3.160809
[e073 s0950/1030] loss = 3.085672
[e073 s1000/1030] loss = 3.022188
Epoch 073: train_loss = 3.001242  MAE/GAME0 = 23.245  RMSE = 42.248  GAME1 = 23.245  GAME2 = 23.245  GAME3 = 23.245  lr = 1.00e-05  time = 7.6s
[e074 s0001/1030] loss = 0.247489
[e074 s0050/1030] loss = 2.806589
[e074 s0100/1030] loss = 2.823112
[e074 s0150/1030] loss = 2.869979
[e074 s0200/1030] loss = 2.739866
[e074 s0250/1030] loss = 2.653116
[e074 s0300/1030] loss = 2.589511
[e074 s0350/1030] loss = 2.726927
[e074 s0400/1030] loss = 2.571668
[e074 s0450/1030] loss = 2.531736
[e074 s0500/1030] loss = 2.693574
[e074 s0550/1030] loss = 2.703270
[e074 s0600/1030] loss = 2.799675
[e074 s0650/1030] loss = 2.774795
[e074 s0700/1030] loss = 2.780857
[e074 s0750/1030] loss = 3.012095
[e074 s0800/1030] loss = 3.007498
[e074 s0850/1030] loss = 2.903978
[e074 s0900/1030] loss = 2.825709
[e074 s0950/1030] loss = 2.816098
[e074 s1000/1030] loss = 2.863352
Epoch 074: train_loss = 2.875383  MAE/GAME0 = 23.245  RMSE = 42.248  GAME1 = 23.245  GAME2 = 23.245  GAME3 = 23.245  lr = 1.00e-05  time = 7.6s
[e075 s0001/1030] loss = 10.985145
[e075 s0050/1030] loss = 2.543047
[e075 s0100/1030] loss = 1.985701
[e075 s0150/1030] loss = 2.299265
[e075 s0200/1030] loss = 2.945320
[e075 s0250/1030] loss = 2.686413
[e075 s0300/1030] loss = 2.666717
[e075 s0350/1030] loss = 2.591532
[e075 s0400/1030] loss = 2.715058
[e075 s0450/1030] loss = 2.561032
[e075 s0500/1030] loss = 2.543129
[e075 s0550/1030] loss = 2.617678
[e075 s0600/1030] loss = 3.301053
[e075 s0650/1030] loss = 3.259142
[e075 s0700/1030] loss = 3.383928
[e075 s0750/1030] loss = 3.298156
[e075 s0800/1030] loss = 3.222257
[e075 s0850/1030] loss = 3.146690
[e075 s0900/1030] loss = 3.091499
[e075 s0950/1030] loss = 3.126950
[e075 s1000/1030] loss = 3.051515
Epoch 075: train_loss = 3.044762  MAE/GAME0 = 23.245  RMSE = 42.248  GAME1 = 23.245  GAME2 = 23.245  GAME3 = 23.245  lr = 1.00e-05  time = 7.7s
[e076 s0001/1030] loss = 1.153065
[e076 s0050/1030] loss = 4.398960
[e076 s0100/1030] loss = 3.738976
[e076 s0150/1030] loss = 4.724415
[e076 s0200/1030] loss = 4.150667
[e076 s0250/1030] loss = 3.778547
[e076 s0300/1030] loss = 3.431742
[e076 s0350/1030] loss = 3.330071
[e076 s0400/1030] loss = 3.259765
[e076 s0450/1030] loss = 3.125077
[e076 s0500/1030] loss = 3.188904
[e076 s0550/1030] loss = 3.363351
[e076 s0600/1030] loss = 3.359619
[e076 s0650/1030] loss = 3.290094
[e076 s0700/1030] loss = 3.194782
[e076 s0750/1030] loss = 3.169208
[e076 s0800/1030] loss = 3.492383
[e076 s0850/1030] loss = 3.522935
[e076 s0900/1030] loss = 3.490248
[e076 s0950/1030] loss = 3.391667
[e076 s1000/1030] loss = 3.327938
Epoch 076: train_loss = 3.437886  MAE/GAME0 = 23.245  RMSE = 42.248  GAME1 = 23.245  GAME2 = 23.245  GAME3 = 23.245  lr = 1.00e-05  time = 7.6s
[e077 s0001/1030] loss = 0.501496
[e077 s0050/1030] loss = 4.372328
[e077 s0100/1030] loss = 3.360900
[e077 s0150/1030] loss = 2.820511
[e077 s0200/1030] loss = 2.698593
[e077 s0250/1030] loss = 2.513427
[e077 s0300/1030] loss = 2.455151
[e077 s0350/1030] loss = 2.579880
[e077 s0400/1030] loss = 2.548689
[e077 s0450/1030] loss = 3.139871
[e077 s0500/1030] loss = 3.172335
[e077 s0550/1030] loss = 3.198985
[e077 s0600/1030] loss = 3.089173
[e077 s0650/1030] loss = 3.119518
[e077 s0700/1030] loss = 3.106250
[e077 s0750/1030] loss = 3.124573
[e077 s0800/1030] loss = 3.221672
[e077 s0850/1030] loss = 3.153278
[e077 s0900/1030] loss = 3.096249
[e077 s0950/1030] loss = 3.040952
[e077 s1000/1030] loss = 3.195310
Epoch 077: train_loss = 3.223006  MAE/GAME0 = 23.245  RMSE = 42.248  GAME1 = 23.245  GAME2 = 23.245  GAME3 = 23.245  lr = 1.00e-05  time = 7.6s
[e078 s0001/1030] loss = 0.000000
[e078 s0050/1030] loss = 2.219739
[e078 s0100/1030] loss = 2.509658
[e078 s0150/1030] loss = 3.530176
[e078 s0200/1030] loss = 2.964884
[e078 s0250/1030] loss = 2.716077
[e078 s0300/1030] loss = 2.858455
[e078 s0350/1030] loss = 3.044343
[e078 s0400/1030] loss = 2.910649
[e078 s0450/1030] loss = 2.760303
[e078 s0500/1030] loss = 2.740094
[e078 s0550/1030] loss = 2.701165
[e078 s0600/1030] loss = 2.654160
[e078 s0650/1030] loss = 2.644102
[e078 s0700/1030] loss = 2.664323
[e078 s0750/1030] loss = 2.701834
[e078 s0800/1030] loss = 2.708820
[e078 s0850/1030] loss = 2.681318
[e078 s0900/1030] loss = 2.645495
[e078 s0950/1030] loss = 2.737650
[e078 s1000/1030] loss = 2.786467
Epoch 078: train_loss = 2.814304  MAE/GAME0 = 23.245  RMSE = 42.248  GAME1 = 23.245  GAME2 = 23.245  GAME3 = 23.245  lr = 1.00e-05  time = 7.6s
[e079 s0001/1030] loss = 2.174501
[e079 s0050/1030] loss = 2.832100
[e079 s0100/1030] loss = 3.312052
[e079 s0150/1030] loss = 2.931390
[e079 s0200/1030] loss = 2.845339
[e079 s0250/1030] loss = 2.912605
[e079 s0300/1030] loss = 3.001685
[e079 s0350/1030] loss = 3.206863
[e079 s0400/1030] loss = 3.445763
[e079 s0450/1030] loss = 3.414958
[e079 s0500/1030] loss = 3.440521
[e079 s0550/1030] loss = 3.341870
[e079 s0600/1030] loss = 3.344009
[e079 s0650/1030] loss = 3.213282
[e079 s0700/1030] loss = 3.148267
[e079 s0750/1030] loss = 3.112021
[e079 s0800/1030] loss = 3.352351
[e079 s0850/1030] loss = 3.871210
[e079 s0900/1030] loss = 3.888274
[e079 s0950/1030] loss = 3.764582
[e079 s1000/1030] loss = 3.665836
Epoch 079: train_loss = 3.606080  MAE/GAME0 = 23.245  RMSE = 42.248  GAME1 = 23.245  GAME2 = 23.245  GAME3 = 23.245  lr = 1.00e-05  time = 7.5s
[e080 s0001/1030] loss = 0.751440
[e080 s0050/1030] loss = 4.424118
[e080 s0100/1030] loss = 5.263532
[e080 s0150/1030] loss = 4.254703
[e080 s0200/1030] loss = 3.819590
[e080 s0250/1030] loss = 3.547453
[e080 s0300/1030] loss = 4.086753
[e080 s0350/1030] loss = 3.708372
[e080 s0400/1030] loss = 3.708192
[e080 s0450/1030] loss = 3.506339
[e080 s0500/1030] loss = 3.436813
[e080 s0550/1030] loss = 3.507903
[e080 s0600/1030] loss = 3.509486
[e080 s0650/1030] loss = 3.413833
[e080 s0700/1030] loss = 3.536563
[e080 s0750/1030] loss = 3.446934
[e080 s0800/1030] loss = 3.527247
[e080 s0850/1030] loss = 3.422889
[e080 s0900/1030] loss = 3.397829
[e080 s0950/1030] loss = 3.333907
[e080 s1000/1030] loss = 3.311307
Epoch 080: train_loss = 3.367459  MAE/GAME0 = 23.245  RMSE = 42.248  GAME1 = 23.245  GAME2 = 23.245  GAME3 = 23.245  lr = 1.00e-05  time = 7.6s
[e081 s0001/1030] loss = 0.363966
[e081 s0050/1030] loss = 4.388351
[e081 s0100/1030] loss = 3.500809
[e081 s0150/1030] loss = 4.343421
[e081 s0200/1030] loss = 3.904619
[e081 s0250/1030] loss = 3.601061
[e081 s0300/1030] loss = 3.341188
[e081 s0350/1030] loss = 3.562018
[e081 s0400/1030] loss = 3.531870
[e081 s0450/1030] loss = 3.460713
[e081 s0500/1030] loss = 3.784476
[e081 s0550/1030] loss = 3.633431
[e081 s0600/1030] loss = 3.515757
[e081 s0650/1030] loss = 3.587618
[e081 s0700/1030] loss = 3.521993
[e081 s0750/1030] loss = 3.403638
[e081 s0800/1030] loss = 3.402150
[e081 s0850/1030] loss = 3.358749
[e081 s0900/1030] loss = 3.364481
[e081 s0950/1030] loss = 3.356703
[e081 s1000/1030] loss = 3.319033
Epoch 081: train_loss = 3.283147  MAE/GAME0 = 23.245  RMSE = 42.248  GAME1 = 23.245  GAME2 = 23.245  GAME3 = 23.245  lr = 1.00e-05  time = 7.6s
[e082 s0001/1030] loss = 1.951590
[e082 s0050/1030] loss = 5.223853
[e082 s0100/1030] loss = 5.818088
[e082 s0150/1030] loss = 4.711073
[e082 s0200/1030] loss = 4.097937
[e082 s0250/1030] loss = 3.930955
[e082 s0300/1030] loss = 4.219052
[e082 s0350/1030] loss = 3.838305
[e082 s0400/1030] loss = 3.825894
[e082 s0450/1030] loss = 4.072672
[e082 s0500/1030] loss = 4.025027
[e082 s0550/1030] loss = 4.024351
[e082 s0600/1030] loss = 4.367147
[e082 s0650/1030] loss = 4.315766
[e082 s0700/1030] loss = 4.202853
[e082 s0750/1030] loss = 4.118247
[e082 s0800/1030] loss = 4.068949
[e082 s0850/1030] loss = 3.925071
[e082 s0900/1030] loss = 3.850628
[e082 s0950/1030] loss = 3.768843
[e082 s1000/1030] loss = 3.667695
Epoch 082: train_loss = 3.668843  MAE/GAME0 = 23.245  RMSE = 42.248  GAME1 = 23.245  GAME2 = 23.245  GAME3 = 23.245  lr = 1.00e-05  time = 7.6s
[e083 s0001/1030] loss = 1.572982
[e083 s0050/1030] loss = 3.523057
[e083 s0100/1030] loss = 3.457454
[e083 s0150/1030] loss = 3.115779
[e083 s0200/1030] loss = 2.940641
[e083 s0250/1030] loss = 2.769029
[e083 s0300/1030] loss = 2.779828
[e083 s0350/1030] loss = 2.836861
[e083 s0400/1030] loss = 2.822661
[e083 s0450/1030] loss = 2.833546
[e083 s0500/1030] loss = 2.941958
[e083 s0550/1030] loss = 2.824257
[e083 s0600/1030] loss = 2.952312
[e083 s0650/1030] loss = 2.864541
[e083 s0700/1030] loss = 3.248560
[e083 s0750/1030] loss = 3.198108
[e083 s0800/1030] loss = 3.145398
[e083 s0850/1030] loss = 3.082934
[e083 s0900/1030] loss = 3.057224
[e083 s0950/1030] loss = 3.082024
[e083 s1000/1030] loss = 3.069070
Epoch 083: train_loss = 3.206547  MAE/GAME0 = 20.541  RMSE = 40.396  GAME1 = 21.965  GAME2 = 23.660  GAME3 = 24.337  lr = 1.00e-05  time = 8.0s
[e084 s0001/1030] loss = 1.845113
[e084 s0050/1030] loss = 4.098522
[e084 s0100/1030] loss = 3.950455
[e084 s0150/1030] loss = 3.572828
[e084 s0200/1030] loss = 3.199602
[e084 s0250/1030] loss = 3.409182
[e084 s0300/1030] loss = 3.276625
[e084 s0350/1030] loss = 3.161123
[e084 s0400/1030] loss = 3.439589
[e084 s0450/1030] loss = 3.255914
[e084 s0500/1030] loss = 3.120256
[e084 s0550/1030] loss = 3.103776
[e084 s0600/1030] loss = 3.003496
[e084 s0650/1030] loss = 2.900281
[e084 s0700/1030] loss = 2.854109
[e084 s0750/1030] loss = 2.790310
[e084 s0800/1030] loss = 2.818961
[e084 s0850/1030] loss = 2.885275
[e084 s0900/1030] loss = 2.936116
[e084 s0950/1030] loss = 2.921186
[e084 s1000/1030] loss = 2.868257
Epoch 084: train_loss = 2.858790  MAE/GAME0 = 23.245  RMSE = 42.248  GAME1 = 23.245  GAME2 = 23.245  GAME3 = 23.245  lr = 1.00e-05  time = 7.7s
[e085 s0001/1030] loss = 7.911217
[e085 s0050/1030] loss = 2.546912
[e085 s0100/1030] loss = 3.103503
[e085 s0150/1030] loss = 4.528902
[e085 s0200/1030] loss = 5.365840
[e085 s0250/1030] loss = 4.975417
[e085 s0300/1030] loss = 4.460971
[e085 s0350/1030] loss = 4.177614
[e085 s0400/1030] loss = 4.253588
[e085 s0450/1030] loss = 3.969699
[e085 s0500/1030] loss = 4.050478
[e085 s0550/1030] loss = 3.887295
[e085 s0600/1030] loss = 3.812506
[e085 s0650/1030] loss = 3.711987
[e085 s0700/1030] loss = 3.706869
[e085 s0750/1030] loss = 3.576842
[e085 s0800/1030] loss = 3.497996
[e085 s0850/1030] loss = 3.550523
[e085 s0900/1030] loss = 3.528193
[e085 s0950/1030] loss = 3.489874
[e085 s1000/1030] loss = 3.464111
Epoch 085: train_loss = 3.416782  MAE/GAME0 = 23.245  RMSE = 42.248  GAME1 = 23.245  GAME2 = 23.245  GAME3 = 23.245  lr = 1.00e-05  time = 7.8s
[e086 s0001/1030] loss = 1.171493
[e086 s0050/1030] loss = 5.129252
[e086 s0100/1030] loss = 4.364712
[e086 s0150/1030] loss = 3.714330
[e086 s0200/1030] loss = 3.296761
[e086 s0250/1030] loss = 2.930612
[e086 s0300/1030] loss = 2.752059
[e086 s0350/1030] loss = 2.937906
[e086 s0400/1030] loss = 2.920346
[e086 s0450/1030] loss = 3.002146
[e086 s0500/1030] loss = 3.335560
[e086 s0550/1030] loss = 3.341862
[e086 s0600/1030] loss = 3.205235
[e086 s0650/1030] loss = 3.189198
[e086 s0700/1030] loss = 3.298076
[e086 s0750/1030] loss = 3.214294
[e086 s0800/1030] loss = 3.385694
[e086 s0850/1030] loss = 3.337018
[e086 s0900/1030] loss = 3.263919
[e086 s0950/1030] loss = 3.261320
[e086 s1000/1030] loss = 3.236394
Epoch 086: train_loss = 3.207700  MAE/GAME0 = 23.245  RMSE = 42.248  GAME1 = 23.245  GAME2 = 23.245  GAME3 = 23.245  lr = 1.00e-05  time = 8.0s
[e087 s0001/1030] loss = 8.680448
[e087 s0050/1030] loss = 3.708820
[e087 s0100/1030] loss = 2.905329
[e087 s0150/1030] loss = 3.048253
[e087 s0200/1030] loss = 2.789483
[e087 s0250/1030] loss = 2.642413
[e087 s0300/1030] loss = 3.278036
[e087 s0350/1030] loss = 3.193902
[e087 s0400/1030] loss = 3.202872
[e087 s0450/1030] loss = 3.119198
[e087 s0500/1030] loss = 3.008243
[e087 s0550/1030] loss = 3.013340
[e087 s0600/1030] loss = 2.973908
[e087 s0650/1030] loss = 3.331875
[e087 s0700/1030] loss = 3.341336
[e087 s0750/1030] loss = 3.340244
[e087 s0800/1030] loss = 3.381038
[e087 s0850/1030] loss = 3.376264
[e087 s0900/1030] loss = 3.322317
[e087 s0950/1030] loss = 3.232175
[e087 s1000/1030] loss = 3.240945
Epoch 087: train_loss = 3.300489  MAE/GAME0 = 23.245  RMSE = 42.248  GAME1 = 23.245  GAME2 = 23.245  GAME3 = 23.245  lr = 1.00e-05  time = 7.8s
[e088 s0001/1030] loss = 0.000000
[e088 s0050/1030] loss = 2.724286
[e088 s0100/1030] loss = 6.501887
[e088 s0150/1030] loss = 5.321894
[e088 s0200/1030] loss = 4.784155
[e088 s0250/1030] loss = 4.187184
[e088 s0300/1030] loss = 3.844418
[e088 s0350/1030] loss = 4.021368
[e088 s0400/1030] loss = 3.906617
[e088 s0450/1030] loss = 3.706803
[e088 s0500/1030] loss = 4.039614
[e088 s0550/1030] loss = 3.826080
[e088 s0600/1030] loss = 3.677982
[e088 s0650/1030] loss = 4.272091
[e088 s0700/1030] loss = 4.556876
[e088 s0750/1030] loss = 4.331760
[e088 s0800/1030] loss = 4.196417
[e088 s0850/1030] loss = 4.124928
[e088 s0900/1030] loss = 4.026180
[e088 s0950/1030] loss = 4.066261
[e088 s1000/1030] loss = 4.081585
Epoch 088: train_loss = 4.019616  MAE/GAME0 = 23.245  RMSE = 42.248  GAME1 = 23.245  GAME2 = 23.245  GAME3 = 23.245  lr = 1.00e-05  time = 7.9s
[e089 s0001/1030] loss = 0.000000
[e089 s0050/1030] loss = 1.437754
[e089 s0100/1030] loss = 4.242723
[e089 s0150/1030] loss = 3.338180
[e089 s0200/1030] loss = 3.267344
[e089 s0250/1030] loss = 2.990558
[e089 s0300/1030] loss = 3.146764
[e089 s0350/1030] loss = 3.067371
[e089 s0400/1030] loss = 2.929234
[e089 s0450/1030] loss = 2.855009
[e089 s0500/1030] loss = 2.889108
[e089 s0550/1030] loss = 2.871444
[e089 s0600/1030] loss = 2.792815
[e089 s0650/1030] loss = 2.788906
[e089 s0700/1030] loss = 3.035803
[e089 s0750/1030] loss = 2.979193
[e089 s0800/1030] loss = 3.138423
[e089 s0850/1030] loss = 3.107692
[e089 s0900/1030] loss = 3.034243
[e089 s0950/1030] loss = 3.034587
[e089 s1000/1030] loss = 2.983823
Epoch 089: train_loss = 2.962500  MAE/GAME0 = 23.245  RMSE = 42.248  GAME1 = 23.245  GAME2 = 23.245  GAME3 = 23.245  lr = 1.00e-05  time = 8.0s
[e090 s0001/1030] loss = 0.211494
[e090 s0050/1030] loss = 1.708172
[e090 s0100/1030] loss = 2.099878
[e090 s0150/1030] loss = 2.433654
[e090 s0200/1030] loss = 2.217025
[e090 s0250/1030] loss = 2.509521
[e090 s0300/1030] loss = 2.360954
[e090 s0350/1030] loss = 2.367887
[e090 s0400/1030] loss = 2.404721
[e090 s0450/1030] loss = 2.614607
[e090 s0500/1030] loss = 2.508128
[e090 s0550/1030] loss = 2.707413
[e090 s0600/1030] loss = 2.657850
[e090 s0650/1030] loss = 2.970749
[e090 s0700/1030] loss = 3.382053
[e090 s0750/1030] loss = 3.384506
[e090 s0800/1030] loss = 3.432776
[e090 s0850/1030] loss = 3.382831
[e090 s0900/1030] loss = 3.313746
[e090 s0950/1030] loss = 3.256561
[e090 s1000/1030] loss = 3.282661
Epoch 090: train_loss = 3.269553  MAE/GAME0 = 23.245  RMSE = 42.248  GAME1 = 23.245  GAME2 = 23.245  GAME3 = 23.245  lr = 1.00e-05  time = 7.8s
[e091 s0001/1030] loss = 0.429345
[e091 s0050/1030] loss = 2.633564
[e091 s0100/1030] loss = 2.383029
[e091 s0150/1030] loss = 2.800599
[e091 s0200/1030] loss = 2.883655
[e091 s0250/1030] loss = 2.781799
[e091 s0300/1030] loss = 2.659441
[e091 s0350/1030] loss = 2.562132
[e091 s0400/1030] loss = 2.875422
[e091 s0450/1030] loss = 2.851692
[e091 s0500/1030] loss = 2.791729
[e091 s0550/1030] loss = 2.858351
[e091 s0600/1030] loss = 2.745334
[e091 s0650/1030] loss = 2.627674
[e091 s0700/1030] loss = 2.598254
[e091 s0750/1030] loss = 2.963636
[e091 s0800/1030] loss = 2.925596
[e091 s0850/1030] loss = 2.873072
[e091 s0900/1030] loss = 2.828809
[e091 s0950/1030] loss = 2.778388
[e091 s1000/1030] loss = 2.796187
Epoch 091: train_loss = 2.831684  MAE/GAME0 = 23.245  RMSE = 42.248  GAME1 = 23.245  GAME2 = 23.245  GAME3 = 23.245  lr = 1.00e-05  time = 8.0s
[e092 s0001/1030] loss = 2.852933
[e092 s0050/1030] loss = 3.705207
[e092 s0100/1030] loss = 3.009111
[e092 s0150/1030] loss = 3.454869
[e092 s0200/1030] loss = 3.396069
[e092 s0250/1030] loss = 3.118878
[e092 s0300/1030] loss = 3.032547
[e092 s0350/1030] loss = 2.869469
[e092 s0400/1030] loss = 2.719057
[e092 s0450/1030] loss = 2.781018
[e092 s0500/1030] loss = 2.788832
[e092 s0550/1030] loss = 2.790341
[e092 s0600/1030] loss = 2.768019
[e092 s0650/1030] loss = 2.701288
[e092 s0700/1030] loss = 2.800000
[e092 s0750/1030] loss = 2.808618
[e092 s0800/1030] loss = 2.800990
[e092 s0850/1030] loss = 2.852942
[e092 s0900/1030] loss = 2.946122
[e092 s0950/1030] loss = 2.942671
[e092 s1000/1030] loss = 3.103669
Epoch 092: train_loss = 3.181460  MAE/GAME0 = 23.245  RMSE = 42.248  GAME1 = 23.245  GAME2 = 23.245  GAME3 = 23.245  lr = 1.00e-05  time = 7.9s
[e093 s0001/1030] loss = 0.000000
[e093 s0050/1030] loss = 3.533757
[e093 s0100/1030] loss = 2.863414
[e093 s0150/1030] loss = 2.967365
[e093 s0200/1030] loss = 2.761561
[e093 s0250/1030] loss = 2.768989
[e093 s0300/1030] loss = 2.656198
[e093 s0350/1030] loss = 2.575052
[e093 s0400/1030] loss = 3.076935
[e093 s0450/1030] loss = 3.069578
[e093 s0500/1030] loss = 3.120217
[e093 s0550/1030] loss = 2.955149
[e093 s0600/1030] loss = 2.954320
[e093 s0650/1030] loss = 2.992957
[e093 s0700/1030] loss = 3.016925
[e093 s0750/1030] loss = 3.145726
[e093 s0800/1030] loss = 3.079066
[e093 s0850/1030] loss = 3.046809
[e093 s0900/1030] loss = 3.588882
[e093 s0950/1030] loss = 3.547019
[e093 s1000/1030] loss = 3.500619
Epoch 093: train_loss = 3.475305  MAE/GAME0 = 23.245  RMSE = 42.248  GAME1 = 23.245  GAME2 = 23.245  GAME3 = 23.245  lr = 1.00e-05  time = 8.0s
[e094 s0001/1030] loss = 0.729101
[e094 s0050/1030] loss = 2.525902
[e094 s0100/1030] loss = 4.070902
[e094 s0150/1030] loss = 3.623609
[e094 s0200/1030] loss = 3.384948
[e094 s0250/1030] loss = 4.857563
[e094 s0300/1030] loss = 4.544637
[e094 s0350/1030] loss = 4.273529
[e094 s0400/1030] loss = 4.153170
[e094 s0450/1030] loss = 3.995738
[e094 s0500/1030] loss = 3.936634
[e094 s0550/1030] loss = 4.031957
[e094 s0600/1030] loss = 3.921772
[e094 s0650/1030] loss = 3.794067
[e094 s0700/1030] loss = 3.650719
[e094 s0750/1030] loss = 3.648578
[e094 s0800/1030] loss = 3.707432
[e094 s0850/1030] loss = 3.862844
[e094 s0900/1030] loss = 3.776438
[e094 s0950/1030] loss = 3.719540
[e094 s1000/1030] loss = 3.629197
Epoch 094: train_loss = 3.594282  MAE/GAME0 = 23.245  RMSE = 42.248  GAME1 = 23.245  GAME2 = 23.245  GAME3 = 23.245  lr = 1.00e-05  time = 8.0s
[e095 s0001/1030] loss = 1.626871
[e095 s0050/1030] loss = 4.515663
[e095 s0100/1030] loss = 3.282788
[e095 s0150/1030] loss = 2.963519
[e095 s0200/1030] loss = 2.923174
[e095 s0250/1030] loss = 2.969992
[e095 s0300/1030] loss = 2.901017
[e095 s0350/1030] loss = 2.705289
[e095 s0400/1030] loss = 2.761806
[e095 s0450/1030] loss = 2.754785
[e095 s0500/1030] loss = 2.669183
[e095 s0550/1030] loss = 3.506781
[e095 s0600/1030] loss = 3.381525
[e095 s0650/1030] loss = 3.317170
[e095 s0700/1030] loss = 3.292944
[e095 s0750/1030] loss = 3.241638
[e095 s0800/1030] loss = 3.134149
[e095 s0850/1030] loss = 3.065770
[e095 s0900/1030] loss = 3.000562
[e095 s0950/1030] loss = 2.997014
[e095 s1000/1030] loss = 3.110559
Epoch 095: train_loss = 3.067523  MAE/GAME0 = 23.245  RMSE = 42.248  GAME1 = 23.245  GAME2 = 23.245  GAME3 = 23.245  lr = 1.00e-05  time = 7.7s
[e096 s0001/1030] loss = 0.143099
[e096 s0050/1030] loss = 3.705372
[e096 s0100/1030] loss = 4.032590
[e096 s0150/1030] loss = 3.957158
[e096 s0200/1030] loss = 3.532500
[e096 s0250/1030] loss = 3.198367
[e096 s0300/1030] loss = 4.325282
[e096 s0350/1030] loss = 4.010678
[e096 s0400/1030] loss = 3.882546
[e096 s0450/1030] loss = 3.641024
[e096 s0500/1030] loss = 3.579189
[e096 s0550/1030] loss = 3.538848
[e096 s0600/1030] loss = 3.474123
[e096 s0650/1030] loss = 3.323889
[e096 s0700/1030] loss = 3.282304
[e096 s0750/1030] loss = 3.202428
[e096 s0800/1030] loss = 3.356698
[e096 s0850/1030] loss = 3.316257
[e096 s0900/1030] loss = 3.397855
[e096 s0950/1030] loss = 3.347509
[e096 s1000/1030] loss = 3.418681
Epoch 096: train_loss = 3.378284  MAE/GAME0 = 23.245  RMSE = 42.248  GAME1 = 23.245  GAME2 = 23.245  GAME3 = 23.245  lr = 1.00e-05  time = 7.9s
[e097 s0001/1030] loss = 2.648437
[e097 s0050/1030] loss = 2.153271
[e097 s0100/1030] loss = 2.089859
[e097 s0150/1030] loss = 3.593013
[e097 s0200/1030] loss = 3.149808
[e097 s0250/1030] loss = 2.996123
[e097 s0300/1030] loss = 2.873960
[e097 s0350/1030] loss = 2.897745
[e097 s0400/1030] loss = 3.025609
[e097 s0450/1030] loss = 2.863400
[e097 s0500/1030] loss = 2.961606
[e097 s0550/1030] loss = 3.395919
[e097 s0600/1030] loss = 3.270292
[e097 s0650/1030] loss = 3.185319
[e097 s0700/1030] loss = 3.082210
[e097 s0750/1030] loss = 2.997678
[e097 s0800/1030] loss = 2.981997
[e097 s0850/1030] loss = 2.924692
[e097 s0900/1030] loss = 2.895776
[e097 s0950/1030] loss = 2.862994
[e097 s1000/1030] loss = 3.331307
Epoch 097: train_loss = 3.281200  MAE/GAME0 = 23.245  RMSE = 42.248  GAME1 = 23.245  GAME2 = 23.245  GAME3 = 23.245  lr = 1.00e-05  time = 7.7s
[e098 s0001/1030] loss = 2.712545
[e098 s0050/1030] loss = 3.738377
[e098 s0100/1030] loss = 2.755672
[e098 s0150/1030] loss = 2.616987
[e098 s0200/1030] loss = 2.771451
[e098 s0250/1030] loss = 3.489748
[e098 s0300/1030] loss = 3.224933
[e098 s0350/1030] loss = 3.293106
[e098 s0400/1030] loss = 3.181526
[e098 s0450/1030] loss = 3.038304
[e098 s0500/1030] loss = 2.916047
[e098 s0550/1030] loss = 2.790102
[e098 s0600/1030] loss = 3.081060
[e098 s0650/1030] loss = 3.005100
[e098 s0700/1030] loss = 2.948823
[e098 s0750/1030] loss = 3.177110
[e098 s0800/1030] loss = 3.135502
[e098 s0850/1030] loss = 3.416222
[e098 s0900/1030] loss = 3.288735
[e098 s0950/1030] loss = 3.313413
[e098 s1000/1030] loss = 3.255998
Epoch 098: train_loss = 3.238149  MAE/GAME0 = 23.245  RMSE = 42.248  GAME1 = 23.245  GAME2 = 23.245  GAME3 = 23.245  lr = 1.00e-05  time = 7.9s
[e099 s0001/1030] loss = 0.991175
[e099 s0050/1030] loss = 3.993629
[e099 s0100/1030] loss = 3.432432
[e099 s0150/1030] loss = 3.105076
[e099 s0200/1030] loss = 3.685473
[e099 s0250/1030] loss = 3.346688
[e099 s0300/1030] loss = 3.570065
[e099 s0350/1030] loss = 3.412019
[e099 s0400/1030] loss = 3.254186
[e099 s0450/1030] loss = 3.223289
[e099 s0500/1030] loss = 3.110940
[e099 s0550/1030] loss = 3.176818
[e099 s0600/1030] loss = 3.153675
[e099 s0650/1030] loss = 3.069179
[e099 s0700/1030] loss = 2.955562
[e099 s0750/1030] loss = 2.947299
[e099 s0800/1030] loss = 2.909280
[e099 s0850/1030] loss = 2.876129
[e099 s0900/1030] loss = 2.937392
[e099 s0950/1030] loss = 3.227748
[e099 s1000/1030] loss = 3.265237
Epoch 099: train_loss = 3.381334  MAE/GAME0 = 23.245  RMSE = 42.248  GAME1 = 23.245  GAME2 = 23.245  GAME3 = 23.245  lr = 1.00e-05  time = 8.0s
[e100 s0001/1030] loss = 1.989019
[e100 s0050/1030] loss = 2.662644
[e100 s0100/1030] loss = 3.316730
[e100 s0150/1030] loss = 3.876949
[e100 s0200/1030] loss = 3.685626
[e100 s0250/1030] loss = 3.571481
[e100 s0300/1030] loss = 3.294250
[e100 s0350/1030] loss = 3.285477
[e100 s0400/1030] loss = 3.257338
[e100 s0450/1030] loss = 3.567969
[e100 s0500/1030] loss = 3.510876
[e100 s0550/1030] loss = 3.380178
[e100 s0600/1030] loss = 3.266117
[e100 s0650/1030] loss = 3.172427
[e100 s0700/1030] loss = 3.083751
[e100 s0750/1030] loss = 3.040480
[e100 s0800/1030] loss = 3.468712
[e100 s0850/1030] loss = 3.473924
[e100 s0900/1030] loss = 3.464070
[e100 s0950/1030] loss = 3.404686
[e100 s1000/1030] loss = 3.402553
Epoch 100: train_loss = 3.349440  MAE/GAME0 = 23.245  RMSE = 42.248  GAME1 = 23.245  GAME2 = 23.245  GAME3 = 23.245  lr = 1.00e-05  time = 7.7s
[done] best_mae = 20.541  best_path = /scratch/users/ntu/kenneth0/FYP-SmartObjectCounter/outputs/train_rgb_e100_sanity/12839453.pbs101_20260206_162355/best.pth
